
> life-simulator@0.0.0 test
> vitest


[1m[44m DEV [49m[22m [34mv4.0.10 [39m[90m/home/ewrdad/portfolio/life-simulator[39m

[90mstdout[2m | src/engine/Frenzy.test.js[2m > [22m[2mFrenzy Mechanics[2m > [22m[2mCow should enter frenzy when berries are high
[22m[39mCow Frenzy Reproduction!
Cow Endangered Reproduction!

[90mstdout[2m | src/engine/Ecosystem.test.js[2m > [22m[2mEcosystem Behaviors[2m > [22m[2mHuman should plant tree when trees are low
[22m[39mCow Endangered Reproduction!
Cow Endangered Reproduction!
Cow Endangered Reproduction!
Cow Endangered Reproduction!
Cow Endangered Reproduction!
Cow Endangered Reproduction!
Cow Endangered Reproduction!
Cow Endangered Reproduction!
Cow Endangered Reproduction!
Cow Endangered Reproduction!
Cow Endangered Reproduction!
Cow Endangered Reproduction!
Cow Endangered Reproduction!
Cow Endangered Reproduction!
Cow Endangered Reproduction!
Cow Endangered Reproduction!
Cow Endangered Reproduction!
Cow Endangered Reproduction!
Cow Endangered Reproduction!
Cow Endangered Reproduction!
Cow Endangered Reproduction!
Cow Endangered Reproduction!
Cow Endangered Reproduction!
Cow Endangered Reproduction!
Cow Endangered Reproduction!
Cow Endangered Reproduction!
Cow Endangered Reproduction!
Cow Endangered Reproduction!
Cow Endangered Reproduction!
Cow Endangered Reproduction!
Human Ivy built Nature Reserve for WOLF

[90mstdout[2m | src/engine/Civilization.test.js[2m > [22m[2mCivilization Behaviors[2m > [22m[2mHuman should build House when having enough wood
[22m[39mHuman Bob built Nature Reserve for COW
Human Bob built Nature Reserve for COW
Human Bob built Nature Reserve for COW
Human Bob built Nature Reserve for COW
Cow Endangered Reproduction!
Cow Endangered Reproduction!
Cow Endangered Reproduction!
Cow Endangered Reproduction!
Cow Endangered Reproduction!
Cow Endangered Reproduction!
Cow Endangered Reproduction!
Cow Endangered Reproduction!
Cow Endangered Reproduction!
Cow Endangered Reproduction!
Cow Endangered Reproduction!
Cow Endangered Reproduction!
Cow Endangered Reproduction!
Cow Endangered Reproduction!
Cow Endangered Reproduction!
Cow Endangered Reproduction!
Cow Endangered Reproduction!
Cow Endangered Reproduction!
Cow Endangered Reproduction!
Cow Endangered Reproduction!
Cow Endangered Reproduction!
Cow Endangered Reproduction!
Cow Endangered Reproduction!
Cow Endangered Reproduction!
Cow Endangered Reproduction!
Cow Endangered Reproduction!
Human Bob built Nature Reserve for COW
Divine Intervention: Spawning Wolf Reserve
Cow Endangered Reproduction!
Cow Endangered Reproduction!
Cow Endangered Reproduction!
Cow Endangered Reproduction!
Cow Endangered Reproduction!
Cow Endangered Reproduction!
Cow Endangered Reproduction!
Cow Endangered Reproduction!
Cow Endangered Reproduction!
Cow Endangered Reproduction!
Cow Endangered Reproduction!
Cow Endangered Reproduction!
Cow Endangered Reproduction!
Cow Endangered Reproduction!
Cow Endangered Reproduction!
Cow Endangered Reproduction!
Cow Endangered Reproduction!
Cow Endangered Reproduction!
Cow Endangered Reproduction!
Cow Endangered Reproduction!
Cow Endangered Reproduction!
Cow Endangered Reproduction!
Cow Endangered Reproduction!
Cow Endangered Reproduction!
Cow Endangered Reproduction!
Human Bob built Nature Reserve for COW
Cow Endangered Reproduction!
Cow Endangered Reproduction!
Cow Endangered Reproduction!
Cow Endangered Reproduction!
Cow Endangered Reproduction!
Cow Endangered Reproduction!
Cow Endangered Reproduction!
Cow Endangered Reproduction!
Cow Endangered Reproduction!
Cow Endangered Reproduction!
Cow Endangered Reproduction!
Cow Endangered Reproduction!
Cow Endangered Reproduction!
Cow Endangered Reproduction!
Cow Endangered Reproduction!
Cow Endangered Reproduction!
Cow Endangered Reproduction!
Cow Endangered Reproduction!
Cow Endangered Reproduction!
Cow Endangered Reproduction!
Cow Endangered Reproduction!
Cow Endangered Reproduction!
Cow Endangered Reproduction!

[90mstdout[2m | src/engine/Frenzy.test.js[2m > [22m[2mFrenzy Mechanics[2m > [22m[2mCow should NOT enter frenzy when berries are low
[22m[39mCow Endangered Reproduction!

[90mstdout[2m | src/engine/Ecosystem.test.js[2m > [22m[2mEcosystem Behaviors[2m > [22m[2mHuman should build NatureReserve when wolves are low
[22m[39mHuman Nina built Nature Reserve for WOLF
Human Nina built Nature Reserve for WOLF
Human Nina built Nature Reserve for WOLF
Divine Intervention: Spawning Cow Reserve

[90mstdout[2m | src/engine/Ecosystem.test.js[2m > [22m[2mEcosystem Behaviors[2m > [22m[2mHuman should build NatureReserve for Cows when cows are low
[22m[39mHuman Pip built Nature Reserve for WOLF
Divine Intervention: Spawning Cow Reserve

 [31m❯[39m src/engine/Civilization.test.js [2m([22m[2m3 tests[22m[2m | [22m[31m1 failed[39m[2m | [22m[33m1 skipped[39m[2m)[22m[33m 628[2mms[22m[39m
[31m     [31m×[31m Human should gather wood from Tree[39m[33m 308[2mms[22m[39m
     [32m✓[39m Human should build House when having enough wood[32m 247[2mms[22m[39m
     [2m[90m↓[39m[22m Human should seek shelter in House when threatened
[90mstdout[2m | src/engine/Ecosystem.test.js[2m > [22m[2mEcosystem Behaviors[2m > [22m[2mNatureReserve should spawn cows
[22m[39mCow Endangered Reproduction!
Cow Endangered Reproduction!
Cow Endangered Reproduction!
Cow Endangered Reproduction!
Cow Endangered Reproduction!
Cow Endangered Reproduction!
Cow Endangered Reproduction!
Cow Endangered Reproduction!
Cow Endangered Reproduction!
Cow Endangered Reproduction!
Cow Endangered Reproduction!
Cow Endangered Reproduction!
Cow Endangered Reproduction!
Cow Endangered Reproduction!
Cow Endangered Reproduction!
Cow Endangered Reproduction!
Cow Endangered Reproduction!
Cow Endangered Reproduction!
Cow Endangered Reproduction!
Cow Endangered Reproduction!
Cow Endangered Reproduction!
Cow Endangered Reproduction!
Cow Endangered Reproduction!

 [31m❯[39m src/engine/Ecosystem.test.js [2m([22m[2m6 tests[22m[2m | [22m[31m2 failed[39m[2m)[22m[33m 919[2mms[22m[39m
[31m     [31m×[31m Human should plant tree when trees are low[39m[32m 226[2mms[22m[39m
     [32m✓[39m Human should cull wolves when too many[32m 245[2mms[22m[39m
     [32m✓[39m Human should build NatureReserve when wolves are low[32m 39[2mms[22m[39m
     [32m✓[39m NatureReserve should spawn wolves[32m 7[2mms[22m[39m
[31m     [31m×[31m Human should build NatureReserve for Cows when cows are low[39m[32m 248[2mms[22m[39m
     [32m✓[39m NatureReserve should spawn cows[32m 93[2mms[22m[39m
[90mstdout[2m | src/engine/Frenzy.test.js[2m > [22m[2mFrenzy Mechanics[2m > [22m[2mWolf should enter frenzy when cows are high
[22m[39mWolf Frenzy Reproduction!

 [31m❯[39m src/engine/Frenzy.test.js [2m([22m[2m3 tests[22m[2m | [22m[31m1 failed[39m[2m)[22m[33m 1990[2mms[22m[39m
     [32m✓[39m Cow should enter frenzy when berries are high[32m 282[2mms[22m[39m
[31m     [31m×[31m Cow should NOT enter frenzy when berries are low[39m[33m 1660[2mms[22m[39m
     [32m✓[39m Wolf should enter frenzy when cows are high[32m 5[2mms[22m[39m
 [32m✓[39m src/engine/Movement.test.js [2m([22m[2m3 tests[22m[2m)[22m[32m 79[2mms[22m[39m
 [32m✓[39m src/engine/WolfAvoidance.test.js [2m([22m[2m3 tests[22m[2m)[22m[32m 216[2mms[22m[39m
[90mstdout[2m | src/engine/LongRun.test.js[2m > [22m[2mLong Run Stability[2m > [22m[2mshould run for 1000 ticks without crashing or exploding
[22m[39mCow Endangered Reproduction!
Cow Endangered Reproduction!
Cow Endangered Reproduction!
Cow Endangered Reproduction!
Cow Endangered Reproduction!
Cow Endangered Reproduction!
Cow Endangered Reproduction!
Cow Endangered Reproduction!
Cow Endangered Reproduction!
Cow Endangered Reproduction!
Cow Endangered Reproduction!
Cow Endangered Reproduction!
Cow Endangered Reproduction!
Cow Endangered Reproduction!
Cow Endangered Reproduction!
Cow Endangered Reproduction!
Cow Endangered Reproduction!
Cow Endangered Reproduction!
Cow Endangered Reproduction!
Cow Endangered Reproduction!
Cow Endangered Reproduction!
Cow Endangered Reproduction!
Cow Endangered Reproduction!
Cow Endangered Reproduction!
Cow Endangered Reproduction!
Cow Endangered Reproduction!
Cow Endangered Reproduction!
Cow Endangered Reproduction!
Cow Endangered Reproduction!
Cow Endangered Reproduction!
Human Nina built Nature Reserve for WOLF
Human Luna built Nature Reserve for WOLF
Human Uma built Nature Reserve for WOLF
Human Victor built Nature Reserve for WOLF
Human Hank built Nature Reserve for WOLF
Human Sam built Nature Reserve for WOLF
Human Alice built Nature Reserve for WOLF
Human Tina built Nature Reserve for WOLF
Human Diana built Nature Reserve for WOLF
Human Wendy built Nature Reserve for WOLF
Human Bob built Nature Reserve for WOLF
Human Xander built Nature Reserve for WOLF
Human Pip built Nature Reserve for WOLF
Human Eve built Nature Reserve for WOLF
Human Jack built Nature Reserve for WOLF
Human Ivy built Nature Reserve for WOLF
Human Tina built Nature Reserve for WOLF
Human Sam built Nature Reserve for WOLF
Human Ivy built Nature Reserve for WOLF
Human Tina built Nature Reserve for WOLF
Human Yara built Nature Reserve for WOLF
Human Bob built Nature Reserve for WOLF
Human Uma built Nature Reserve for WOLF
Human Diana built Nature Reserve for WOLF
Human Victor built Nature Reserve for WOLF
Human Zane built Nature Reserve for WOLF
Human Uma built Nature Reserve for WOLF
Human Tina built Nature Reserve for WOLF
Human Oscar built Nature Reserve for WOLF
Human Wendy built Nature Reserve for WOLF
Human Bob built Nature Reserve for WOLF
Human Ruby built Nature Reserve for WOLF
Human Pip built Nature Reserve for WOLF
Human Ivy built Nature Reserve for WOLF
Human Eve built Nature Reserve for WOLF
Human Zane built Nature Reserve for WOLF
Human Nina built Nature Reserve for WOLF
Human Victor built Nature Reserve for WOLF
Human Diana built Nature Reserve for WOLF
Human Tina built Nature Reserve for WOLF
Human Hank built Nature Reserve for WOLF
Human Nina built Nature Reserve for WOLF
Human Diana built Nature Reserve for WOLF
Human Nina built Nature Reserve for WOLF
Human Ruby built Nature Reserve for WOLF
Human Alice built Nature Reserve for WOLF
Human Uma built Nature Reserve for WOLF
Human Victor built Nature Reserve for WOLF
Human Ruby built Nature Reserve for WOLF
Human Victor built Nature Reserve for WOLF
Human Zane built Nature Reserve for WOLF
Human Bob built Nature Reserve for WOLF
Human Luna built Nature Reserve for WOLF
Human Jack built Nature Reserve for WOLF
Human Pip built Nature Reserve for WOLF
Human Tina built Nature Reserve for WOLF
Human Nina built Nature Reserve for WOLF
Human Luna built Nature Reserve for WOLF
Human Oscar built Nature Reserve for WOLF
Human Victor built Nature Reserve for WOLF
Human Zane built Nature Reserve for WOLF
Human Tina built Nature Reserve for WOLF
Human Sam built Nature Reserve for WOLF
Human Yara built Nature Reserve for WOLF
Human Diana built Nature Reserve for WOLF
Human Sam built Nature Reserve for WOLF
Human Zane built Nature Reserve for WOLF
Human Diana built Nature Reserve for WOLF
Human Bob built Nature Reserve for WOLF
Human Uma built Nature Reserve for WOLF
Human Nina built Nature Reserve for WOLF
Human Nina built Nature Reserve for WOLF
Human Zane built Nature Reserve for WOLF
Human Pip built Nature Reserve for WOLF
Human Bob built Nature Reserve for WOLF
Human Pip built Nature Reserve for WOLF
Human Wendy built Nature Reserve for WOLF
Human Nina built Nature Reserve for WOLF
Human Alice built Nature Reserve for WOLF
Human Tina built Nature Reserve for WOLF
Human Uma built Nature Reserve for WOLF
Human Luna built Nature Reserve for WOLF
Human Oscar built Nature Reserve for WOLF
Human Yara built Nature Reserve for WOLF
Human Bob built Nature Reserve for WOLF
Human Tina built Nature Reserve for WOLF
Human Milo built Nature Reserve for WOLF
Human Wendy built Nature Reserve for WOLF
Human Diana built Nature Reserve for WOLF
Human Wendy built Nature Reserve for WOLF
Human Nina built Nature Reserve for WOLF
Human Diana built Nature Reserve for WOLF
Human Zane built Nature Reserve for WOLF
Human Victor built Nature Reserve for WOLF
Human Eve built Nature Reserve for WOLF
Human Ivy built Nature Reserve for WOLF
Human Pip built Nature Reserve for COW
Human Luna built Nature Reserve for COW
Human Frank built Nature Reserve for COW
Human Bob built Nature Reserve for COW
Human Bob built Nature Reserve for COW
Human Uma built Nature Reserve for COW
Human Diana built Nature Reserve for COW
Cow Endangered Reproduction!
Human Sam built Nature Reserve for COW
Human Bob built Nature Reserve for COW
Human Milo built Nature Reserve for COW
Human Diana built Nature Reserve for COW
Human Milo built Nature Reserve for COW
Human Charlie built Nature Reserve for COW
Human Milo built Nature Reserve for COW
Human Zane built Nature Reserve for COW
Human Sam built Nature Reserve for COW
Human Frank built Nature Reserve for COW
Human Bob built Nature Reserve for COW
Human Pip built Nature Reserve for COW
Human Nina built Nature Reserve for COW
Human Xander built Nature Reserve for COW
Human Sam built Nature Reserve for COW
Human Zane built Nature Reserve for COW
Human Yara built Nature Reserve for COW
Human Quinn built Nature Reserve for COW
Human Milo built Nature Reserve for COW
Cow Endangered Reproduction!
Human Sam built Nature Reserve for COW
Human Quinn built Nature Reserve for COW
Cow Endangered Reproduction!
Human Pip built Nature Reserve for COW
Human Bob built Nature Reserve for COW
Human Zane built Nature Reserve for COW
Human Milo built Nature Reserve for COW
Cow Endangered Reproduction!
Cow Endangered Reproduction!
Cow Endangered Reproduction!
Human Luna built Nature Reserve for WOLF
Human Frank built Nature Reserve for WOLF
Human Ruby built Nature Reserve for WOLF
Human Milo built Nature Reserve for WOLF
Human Nina built Nature Reserve for WOLF
Human Charlie built Nature Reserve for WOLF
Cow Endangered Reproduction!
Cow Endangered Reproduction!
Cow Endangered Reproduction!
Human Bob built Nature Reserve for COW
Human Yara built Nature Reserve for COW
Cow Endangered Reproduction!
Human Yara built Nature Reserve for WOLF
Human Jack built Nature Reserve for WOLF
Human Xander built Nature Reserve for WOLF
Human Frank built Nature Reserve for WOLF
Human Milo built Nature Reserve for WOLF
Human Zane built Nature Reserve for WOLF
Human Sam built Nature Reserve for WOLF
Human Milo built Nature Reserve for WOLF
Human Milo built Nature Reserve for WOLF
Human Frank built Nature Reserve for WOLF
Human Xander built Nature Reserve for WOLF
Human Luna built Nature Reserve for WOLF
Human Pip built Nature Reserve for WOLF
Human Victor built Nature Reserve for WOLF
Human Milo built Nature Reserve for WOLF
Human Charlie built Nature Reserve for WOLF
Human Bob built Nature Reserve for WOLF
Human Xander built Nature Reserve for WOLF
Human Bob built Nature Reserve for WOLF
Human Frank built Nature Reserve for WOLF
Human Wendy built Nature Reserve for WOLF
Human Bob built Nature Reserve for WOLF
Human Luna built Nature Reserve for WOLF
Human Charlie built Nature Reserve for WOLF
Human Bob built Nature Reserve for WOLF
Human Yara built Nature Reserve for WOLF
Human Pip built Nature Reserve for WOLF
Human Zane built Nature Reserve for WOLF
Human Milo built Nature Reserve for WOLF
Human Charlie built Nature Reserve for WOLF
Human Pip built Nature Reserve for WOLF
Human Wendy built Nature Reserve for WOLF
Human Frank built Nature Reserve for WOLF
Human Diana built Nature Reserve for WOLF
Human Ruby built Nature Reserve for WOLF
Human Victor built Nature Reserve for WOLF
Cow Endangered Reproduction!
Cow Endangered Reproduction!
New Faction ORANGE_511 registered with traits: {
  moveSpeed: [33m0.9587321204288948[39m,
  hungerRate: [33m1.0818447858939675[39m,
  visionRadius: [33m0.9583738067507696[39m,
  aggression: [33m1.0304150347231325[39m
}
Societal Split! BLUE -> ORANGE_511 (Threshold: 6)
New Faction LIME_688 registered with traits: {
  moveSpeed: [33m1.0449094700056631[39m,
  hungerRate: [33m0.9095510964673393[39m,
  visionRadius: [33m1.0235326568935073[39m,
  aggression: [33m1.0790965668015127[39m
}
Societal Split! BLUE -> LIME_688 (Threshold: 6)
New Faction TEAL_361 registered with traits: {
  moveSpeed: [33m1.0826222464701363[39m,
  hungerRate: [33m1.0271857283639114[39m,
  visionRadius: [33m0.9324867340361225[39m,
  aggression: [33m1.0141082787268678[39m
}
Societal Split! BLUE -> TEAL_361 (Threshold: 6)
New Faction TEAL_282 registered with traits: {
  moveSpeed: [33m1.0099471908582878[39m,
  hungerRate: [33m1.0368950228925051[39m,
  visionRadius: [33m1.0949111665594733[39m,
  aggression: [33m1.003862686707063[39m
}
Societal Split! BLUE -> TEAL_282 (Threshold: 6)
Human Quinn built Nature Reserve for WOLF
Human Oscar built Nature Reserve for WOLF
Human Wendy built Nature Reserve for WOLF
Human Diana built Nature Reserve for WOLF
Human Charlie built Nature Reserve for WOLF
Human Uma built Nature Reserve for WOLF
Human Bob built Nature Reserve for WOLF
Human Ruby built Nature Reserve for WOLF
Human Hank built Nature Reserve for WOLF
Human Victor built Nature Reserve for WOLF
Human Frank built Nature Reserve for WOLF
Human Milo built Nature Reserve for WOLF
Human Milo built Nature Reserve for WOLF
Human Milo built Nature Reserve for WOLF
Human Yara built Nature Reserve for WOLF
Human Jack built Nature Reserve for WOLF
Human Milo built Nature Reserve for WOLF
Human Milo built Nature Reserve for WOLF
Human Bob built Nature Reserve for WOLF
Human Wendy built Nature Reserve for WOLF
Human Luna built Nature Reserve for WOLF
Human Milo built Nature Reserve for WOLF
Human Zane built Nature Reserve for WOLF
Human Milo built Nature Reserve for WOLF
Human Ruby built Nature Reserve for WOLF
Human Uma built Nature Reserve for WOLF
Human Pip built Nature Reserve for WOLF
Human Ivy built Nature Reserve for WOLF
Human Nina built Nature Reserve for WOLF
Human Grace built Nature Reserve for WOLF
Human Alice built Nature Reserve for WOLF
Human Ivy built Nature Reserve for WOLF
Human Victor built Nature Reserve for WOLF
Human Uma built Nature Reserve for WOLF
Human Milo built Nature Reserve for WOLF
Human Ivy built Nature Reserve for WOLF
Human Bob built Nature Reserve for WOLF
Human Sam built Nature Reserve for WOLF
Human Victor built Nature Reserve for WOLF
Human Quinn built Nature Reserve for WOLF
Human Grace built Nature Reserve for WOLF
Human Luna built Nature Reserve for WOLF
Human Milo built Nature Reserve for WOLF
Human Nina built Nature Reserve for WOLF
Human Hank built Nature Reserve for WOLF
Human Tina built Nature Reserve for WOLF
Human Pip built Nature Reserve for WOLF
Human Uma built Nature Reserve for WOLF
Human Jack built Nature Reserve for WOLF
Human Pip built Nature Reserve for WOLF
Human Wendy built Nature Reserve for WOLF
Human Grace built Nature Reserve for WOLF
Human Victor built Nature Reserve for WOLF
Human Ivy built Nature Reserve for WOLF
Human Nina built Nature Reserve for WOLF
Human Hank built Nature Reserve for WOLF
Human Yara built Nature Reserve for WOLF
Human Quinn built Nature Reserve for WOLF
Human Zane built Nature Reserve for WOLF
Human Jack built Nature Reserve for WOLF
Human Charlie built Nature Reserve for WOLF
Human Hank built Nature Reserve for WOLF
Human Ivy built Nature Reserve for WOLF
Human Milo built Nature Reserve for WOLF
Human Zane built Nature Reserve for WOLF
Human Luna built Nature Reserve for WOLF
Human Quinn built Nature Reserve for WOLF
Human Yara built Nature Reserve for WOLF
Human Wendy built Nature Reserve for WOLF
Human Hank built Nature Reserve for WOLF
Human Grace built Nature Reserve for WOLF
Human Grace built Nature Reserve for WOLF
Human Milo built Nature Reserve for WOLF
Human Grace built Nature Reserve for WOLF
Human Sam built Nature Reserve for WOLF
Human Alice built Nature Reserve for WOLF
Human Grace built Nature Reserve for WOLF
Human Grace built Nature Reserve for WOLF
Human Ruby built Nature Reserve for WOLF
Human Zane built Nature Reserve for WOLF
Human Xander built Nature Reserve for WOLF
Human Zane built Nature Reserve for WOLF
Human Nina built Nature Reserve for WOLF
Human Charlie built Nature Reserve for WOLF
Human Zane built Nature Reserve for WOLF
Human Jack built Nature Reserve for WOLF
Human Xander built Nature Reserve for WOLF
Human Nina built Nature Reserve for WOLF
Human Quinn built Nature Reserve for WOLF
Human Wendy built Nature Reserve for WOLF
Human Yara built Nature Reserve for WOLF
Human Xander built Nature Reserve for WOLF
Human Zane built Nature Reserve for WOLF
Human Grace built Nature Reserve for WOLF
Human Xander built Nature Reserve for WOLF
Human Grace built Nature Reserve for WOLF
Human Wendy built Nature Reserve for WOLF
Human Bob built Nature Reserve for WOLF
Human Zane built Nature Reserve for WOLF
Human Xander built Nature Reserve for WOLF
Human Ivy built Nature Reserve for WOLF
Human Xander built Nature Reserve for WOLF
Human Victor built Nature Reserve for WOLF
Human Jack built Nature Reserve for WOLF
Human Bob built Nature Reserve for WOLF
Human Ruby built Nature Reserve for WOLF
Human Jack built Nature Reserve for WOLF
Human Ruby built Nature Reserve for WOLF
Human Xander built Nature Reserve for WOLF
Human Sam built Nature Reserve for WOLF
Human Milo built Nature Reserve for WOLF
Human Ruby built Nature Reserve for WOLF
Human Ivy built Nature Reserve for WOLF
Human Milo built Nature Reserve for WOLF
Human Zane built Nature Reserve for WOLF
Human Sam built Nature Reserve for WOLF
Human Ivy built Nature Reserve for WOLF
Human Charlie built Nature Reserve for WOLF
Human Ruby built Nature Reserve for WOLF
Human Xander built Nature Reserve for WOLF
Human Wendy built Nature Reserve for WOLF
Human Ruby built Nature Reserve for WOLF
Human Milo built Nature Reserve for WOLF
Human Zane built Nature Reserve for WOLF
Human Wendy built Nature Reserve for WOLF
Human Oscar built Nature Reserve for WOLF
Human Ruby built Nature Reserve for WOLF
Human Grace built Nature Reserve for WOLF
Human Victor built Nature Reserve for WOLF
Human Xander built Nature Reserve for WOLF
Human Pip built Nature Reserve for WOLF
Human Grace built Nature Reserve for WOLF
Human Grace built Nature Reserve for WOLF
Human Frank built Nature Reserve for WOLF
Human Ivy built Nature Reserve for WOLF
Human Zane built Nature Reserve for WOLF
Human Nina built Nature Reserve for WOLF
Human Pip built Nature Reserve for WOLF
Human Grace built Nature Reserve for WOLF
Human Ivy built Nature Reserve for WOLF
Human Grace built Nature Reserve for WOLF
Human Charlie built Nature Reserve for WOLF
Human Pip built Nature Reserve for WOLF
Human Xander built Nature Reserve for WOLF
Human Luna built Nature Reserve for WOLF
Human Alice built Nature Reserve for WOLF
Human Ivy built Nature Reserve for WOLF
Human Xander built Nature Reserve for WOLF
Human Ruby built Nature Reserve for WOLF
Human Grace built Nature Reserve for WOLF
Human Ivy built Nature Reserve for WOLF
Human Ivy built Nature Reserve for WOLF
Human Zane built Nature Reserve for WOLF
Human Ivy built Nature Reserve for WOLF
Human Nina built Nature Reserve for WOLF
Human Frank built Nature Reserve for WOLF
Human Wendy built Nature Reserve for WOLF
Human Grace built Nature Reserve for WOLF
Human Luna built Nature Reserve for WOLF
Human Ruby built Nature Reserve for WOLF
Human Charlie built Nature Reserve for WOLF
Human Victor built Nature Reserve for WOLF
Human Charlie built Nature Reserve for WOLF
Human Wendy built Nature Reserve for WOLF
Human Ivy built Nature Reserve for WOLF
Human Bob built Nature Reserve for WOLF
Human Hank built Nature Reserve for WOLF
Human Zane built Nature Reserve for WOLF
Human Victor built Nature Reserve for WOLF
Human Ivy built Nature Reserve for WOLF
Human Victor built Nature Reserve for WOLF
Human Grace built Nature Reserve for WOLF
Human Ivy built Nature Reserve for WOLF
Human Hank built Nature Reserve for WOLF
Human Zane built Nature Reserve for WOLF
Human Sam built Nature Reserve for WOLF
Human Pip built Nature Reserve for WOLF
Human Pip built Nature Reserve for WOLF
Human Sam built Nature Reserve for WOLF
Human Pip built Nature Reserve for WOLF
Human Hank built Nature Reserve for WOLF
Human Grace built Nature Reserve for WOLF
Human Grace built Nature Reserve for WOLF
Human Ivy built Nature Reserve for WOLF
Human Milo built Nature Reserve for WOLF
Human Oscar built Nature Reserve for WOLF
Human Ivy built Nature Reserve for WOLF
Human Diana built Nature Reserve for WOLF
Human Pip built Nature Reserve for WOLF
Human Hank built Nature Reserve for WOLF
Human Ruby built Nature Reserve for WOLF
Human Zane built Nature Reserve for WOLF
New Faction ORANGE_980 registered with traits: {
  moveSpeed: [33m1.0556977577504003[39m,
  hungerRate: [33m1.0721950501402777[39m,
  visionRadius: [33m1.0107169053125968[39m,
  aggression: [33m1.0582087184646598[39m
}
Societal Split! BLUE -> ORANGE_980 (Threshold: 6)
Human Wendy built Nature Reserve for WOLF
New Faction INDIGO_6 registered with traits: {
  moveSpeed: [33m1.012231498823276[39m,
  hungerRate: [33m1.0683389746847405[39m,
  visionRadius: [33m0.9067607477737115[39m,
  aggression: [33m1.062641002232101[39m
}
Societal Split! BLUE -> INDIGO_6 (Threshold: 6)
Human Ivy built Nature Reserve for WOLF
New Faction TEAL_277 registered with traits: {
  moveSpeed: [33m1.0966203475132994[39m,
  hungerRate: [33m0.9633373718971181[39m,
  visionRadius: [33m0.9578855246921497[39m,
  aggression: [33m1.0732556766604489[39m
}
Societal Split! BLUE -> TEAL_277 (Threshold: 6)
Human Luna built Nature Reserve for WOLF
Human Grace built Nature Reserve for WOLF
Human Charlie built Nature Reserve for WOLF
Human Wendy built Nature Reserve for WOLF
Human Frank built Nature Reserve for WOLF
Human Sam built Nature Reserve for WOLF
Human Nina built Nature Reserve for WOLF
Human Yara built Nature Reserve for WOLF
Human Wendy built Nature Reserve for WOLF
Human Milo built Nature Reserve for WOLF
Human Bob built Nature Reserve for WOLF
Human Grace built Nature Reserve for WOLF
Human Alice built Nature Reserve for WOLF
New Faction ORANGE_511 registered with traits: {
  moveSpeed: [33m1.016455661413519[39m,
  hungerRate: [33m0.9592557516118949[39m,
  visionRadius: [33m0.9626658095974197[39m,
  aggression: [33m1.002877797954823[39m
}
Societal Split! BLUE -> ORANGE_511 (Threshold: 6)
New Faction ORANGE_470 registered with traits: {
  moveSpeed: [33m0.943692305930592[39m,
  hungerRate: [33m1.0102197828342159[39m,
  visionRadius: [33m0.952060221913603[39m,
  aggression: [33m0.9221535403211932[39m
}
Societal Split! BLUE -> ORANGE_470 (Threshold: 6)
New Faction PINK_739 registered with traits: {
  moveSpeed: [33m1.0037595333060878[39m,
  hungerRate: [33m1.0681129983512099[39m,
  visionRadius: [33m1.0052946191075063[39m,
  aggression: [33m0.9851409631356098[39m
}
Societal Split! ORANGE_470 -> PINK_739 (Threshold: 6)
New Faction ORANGE_592 registered with traits: {
  moveSpeed: [33m0.971220674004783[39m,
  hungerRate: [33m1.018025239889355[39m,
  visionRadius: [33m0.9015989972455006[39m,
  aggression: [33m1.0642481154900212[39m
}
Societal Split! BLUE -> ORANGE_592 (Threshold: 6)
Cow Endangered Reproduction!
Cow Endangered Reproduction!
Human Frank built Nature Reserve for COW
Cow Endangered Reproduction!
Cow Endangered Reproduction!
Cow Endangered Reproduction!
Cow Endangered Reproduction!
Cow Endangered Reproduction!
New Faction PURPLE_253 registered with traits: {
  moveSpeed: [33m1.0768781815504036[39m,
  hungerRate: [33m0.9306766157935948[39m,
  visionRadius: [33m0.9483972542750978[39m,
  aggression: [33m1.048536721299156[39m
}
Societal Split! BLUE -> PURPLE_253 (Threshold: 6)
New Faction PURPLE_978 registered with traits: {
  moveSpeed: [33m0.903956126043731[39m,
  hungerRate: [33m1.0636374994157671[39m,
  visionRadius: [33m0.9072453227951485[39m,
  aggression: [33m0.9343640077679312[39m
}
Societal Split! BLUE -> PURPLE_978 (Threshold: 6)
Cow Endangered Reproduction!
New Faction ORANGE_676 registered with traits: {
  moveSpeed: [33m1.04015892654978[39m,
  hungerRate: [33m0.9639574363786277[39m,
  visionRadius: [33m0.9338278243282142[39m,
  aggression: [33m1.0243730997330425[39m
}
Societal Split! BLUE -> ORANGE_676 (Threshold: 6)
New Faction LIME_736 registered with traits: {
  moveSpeed: [33m1.0921237699210002[39m,
  hungerRate: [33m0.9514034517595936[39m,
  visionRadius: [33m0.9187968652870021[39m,
  aggression: [33m0.9967722686104991[39m
}
Societal Split! BLUE -> LIME_736 (Threshold: 6)
New Faction PURPLE_808 registered with traits: {
  moveSpeed: [33m1.0920511290809278[39m,
  hungerRate: [33m1.024246183584566[39m,
  visionRadius: [33m1.079028071461817[39m,
  aggression: [33m0.9807104853331527[39m
}
Societal Split! BLUE -> PURPLE_808 (Threshold: 6)
Human Oscar built Nature Reserve for WOLF
Human Hank built Nature Reserve for WOLF
Human Frank built Nature Reserve for WOLF
Human Hank built Nature Reserve for WOLF
Human Ivy built Nature Reserve for WOLF
Human Uma built Nature Reserve for WOLF
Human Milo built Nature Reserve for WOLF
Human Oscar built Nature Reserve for WOLF
Human Victor built Nature Reserve for WOLF
Human Nina built Nature Reserve for WOLF
Human Oscar built Nature Reserve for WOLF
Human Ivy built Nature Reserve for WOLF
Human Xander built Nature Reserve for WOLF
Human Victor built Nature Reserve for WOLF
Human Ivy built Nature Reserve for WOLF
Human Milo built Nature Reserve for WOLF
Human Frank built Nature Reserve for WOLF
Human Luna built Nature Reserve for WOLF
Human Jack built Nature Reserve for WOLF
Human Yara built Nature Reserve for WOLF
Human Charlie built Nature Reserve for WOLF
Human Grace built Nature Reserve for WOLF
Human Nina built Nature Reserve for WOLF
Human Grace built Nature Reserve for WOLF
Human Pip built Nature Reserve for WOLF
Human Hank built Nature Reserve for WOLF
Human Victor built Nature Reserve for WOLF
Human Alice built Nature Reserve for WOLF
Human Ruby built Nature Reserve for WOLF
Human Charlie built Nature Reserve for WOLF
Human Luna built Nature Reserve for WOLF
Human Nina built Nature Reserve for WOLF
Human Eve built Nature Reserve for WOLF
Human Ivy built Nature Reserve for WOLF
Human Uma built Nature Reserve for WOLF
Human Alice built Nature Reserve for WOLF
Human Diana built Nature Reserve for WOLF
Human Ruby built Nature Reserve for WOLF
Human Milo built Nature Reserve for WOLF
Human Sam built Nature Reserve for WOLF
Human Diana built Nature Reserve for WOLF
Human Ruby built Nature Reserve for WOLF
Human Alice built Nature Reserve for WOLF
Human Hank built Nature Reserve for WOLF
Human Zane built Nature Reserve for WOLF
Human Zane built Nature Reserve for WOLF
Human Tina built Nature Reserve for WOLF
Human Victor built Nature Reserve for WOLF
Human Zane built Nature Reserve for WOLF
Human Alice built Nature Reserve for WOLF
Human Hank built Nature Reserve for WOLF
Human Quinn built Nature Reserve for WOLF
Human Milo built Nature Reserve for WOLF
Human Pip built Nature Reserve for WOLF
Human Uma built Nature Reserve for WOLF
Human Charlie built Nature Reserve for WOLF
Human Zane built Nature Reserve for WOLF
Human Milo built Nature Reserve for WOLF
Human Oscar built Nature Reserve for WOLF
Human Tina built Nature Reserve for WOLF
Human Xander built Nature Reserve for WOLF
Human Ruby built Nature Reserve for WOLF
Human Nina built Nature Reserve for WOLF
Human Xander built Nature Reserve for WOLF
Human Jack built Nature Reserve for WOLF
Human Grace built Nature Reserve for WOLF
Human Diana built Nature Reserve for WOLF
Human Frank built Nature Reserve for WOLF
Human Hank built Nature Reserve for WOLF
Human Victor built Nature Reserve for WOLF
Human Milo built Nature Reserve for WOLF
Human Diana built Nature Reserve for WOLF
Human Frank built Nature Reserve for WOLF
Human Tina built Nature Reserve for WOLF
Human Frank built Nature Reserve for WOLF
Human Milo built Nature Reserve for WOLF
Human Ivy built Nature Reserve for WOLF
Human Eve built Nature Reserve for WOLF
Human Uma built Nature Reserve for WOLF
Human Frank built Nature Reserve for WOLF
Human Victor built Nature Reserve for WOLF
Human Hank built Nature Reserve for WOLF
Human Sam built Nature Reserve for WOLF
Human Yara built Nature Reserve for WOLF
Human Hank built Nature Reserve for WOLF
Human Jack built Nature Reserve for WOLF
Human Pip built Nature Reserve for WOLF
Human Nina built Nature Reserve for WOLF
New Faction INDIGO_337 registered with traits: {
  moveSpeed: [33m1.059976589177887[39m,
  hungerRate: [33m0.9533990590769301[39m,
  visionRadius: [33m1.0178793220308238[39m,
  aggression: [33m0.9837152653944138[39m
}
Societal Split! BLUE -> INDIGO_337 (Threshold: 6)
Human Alice built Nature Reserve for WOLF
Human Hank built Nature Reserve for WOLF
Human Diana built Nature Reserve for WOLF
Human Jack built Nature Reserve for WOLF
Human Alice built Nature Reserve for WOLF
Final population: 895

 [32m✓[39m src/engine/LongRun.test.js [2m([22m[2m1 test[22m[2m)[22m[33m 19570[2mms[22m[39m
     [33m[2m✓[22m[39m should run for 1000 ticks without crashing or exploding [33m 19557[2mms[22m[39m
[90mstdout[2m | src/engine/WorldGenerator.test.js[2m > [22m[2mWorldGenerator[2m > [22m[2mshould ensure connectivity
[22m[39mConnectivity: 0.11119759813188035%

[90mstderr[2m | src/engine/WorldGenerator.test.js[2m > [22m[2mWorldGenerator[2m > [22m[2mshould ensure connectivity
[22m[39mMap is fragmented! Attempting to bridge...

 [31m❯[39m src/engine/WorldGenerator.test.js [2m([22m[2m3 tests[22m[2m | [22m[31m1 failed[39m[2m)[22m[32m 277[2mms[22m[39m
     [32m✓[39m should generate terrain with forests and lakes[32m 92[2mms[22m[39m
     [32m✓[39m should generate rivers[32m 29[2mms[22m[39m
[31m     [31m×[31m should ensure connectivity[39m[32m 120[2mms[22m[39m
[90mstdout[2m | src/engine/SocietalSplit.test.js[2m > [22m[2mSocietal Split[2m > [22m[2mshould split into new faction when overcrowded
[22m[39mNew Faction ORANGE_933 registered with traits: {
  moveSpeed: [33m0.9786967743360454[39m,
  hungerRate: [33m0.9308323782676675[39m,
  visionRadius: [33m1.0286645389615252[39m,
  aggression: [33m0.945878761400718[39m
}
Societal Split! RED -> ORANGE_933 (Threshold: 6)

 [32m✓[39m src/engine/SocietalSplit.test.js [2m([22m[2m2 tests[22m[2m)[22m[32m 169[2mms[22m[39m
 [32m✓[39m src/components/Settings.test.js [2m([22m[2m1 test[22m[2m)[22m[32m 11[2mms[22m[39m
[90mstdout[2m | src/engine/Conservation.test.js[2m > [22m[2mConservation Reliability[2m > [22m[2mDivine Intervention should spawn reserve when extinct
[22m[39mDivine Intervention: Spawning Wolf Reserve
Divine Intervention: Spawning Cow Reserve

[90mstdout[2m | src/engine/Conservation.test.js[2m > [22m[2mConservation Reliability[2m > [22m[2mHuman should find conservation spot in crowded world
[22m[39mHuman Nina built Nature Reserve for WOLF
Human Nina built Nature Reserve for WOLF
Human Nina built Nature Reserve for WOLF
Human Nina built Nature Reserve for WOLF
Divine Intervention: Spawning Cow Reserve
Cow Endangered Reproduction!
Cow Endangered Reproduction!
Cow Endangered Reproduction!
Cow Endangered Reproduction!
Cow Endangered Reproduction!
Cow Endangered Reproduction!
Cow Endangered Reproduction!
Cow Endangered Reproduction!
Cow Endangered Reproduction!
Cow Endangered Reproduction!
Cow Endangered Reproduction!
Cow Endangered Reproduction!
Cow Endangered Reproduction!
Cow Endangered Reproduction!
Human Nina built Nature Reserve for WOLF
Cow Endangered Reproduction!
Cow Endangered Reproduction!
Cow Endangered Reproduction!
Cow Endangered Reproduction!
Cow Endangered Reproduction!
Cow Endangered Reproduction!
Cow Endangered Reproduction!
Cow Endangered Reproduction!
Cow Endangered Reproduction!
Cow Endangered Reproduction!
Cow Endangered Reproduction!
Cow Endangered Reproduction!
Cow Endangered Reproduction!
Human Nina built Nature Reserve for WOLF
Cow Endangered Reproduction!
Cow Endangered Reproduction!
Cow Endangered Reproduction!
Cow Endangered Reproduction!
Cow Endangered Reproduction!
Cow Endangered Reproduction!
Cow Endangered Reproduction!
Cow Endangered Reproduction!
Cow Endangered Reproduction!
Cow Endangered Reproduction!

 [32m✓[39m src/engine/Conservation.test.js [2m([22m[2m2 tests[22m[2m)[22m[32m 47[2mms[22m[39m
[90mstdout[2m | src/engine/World.test.js[2m > [22m[2mWorld Simulation[2m > [22m[2mCow should reproduce when well fed
[22m[39mCow Endangered Reproduction!
Cow Endangered Reproduction!

[90mstdout[2m | src/engine/World.test.js[2m > [22m[2mWorld Simulation[2m > [22m[2mWorld should reseed extinct species
[22m[39mDivine Intervention: Spawning Wolf Reserve
Divine Intervention: Spawning Cow Reserve

 [32m✓[39m src/engine/World.test.js [2m([22m[2m7 tests[22m[2m)[22m[32m 31[2mms[22m[39m
[90mstdout[2m | src/engine/Genetics.test.js[2m > [22m[2mFaction Genetics[2m > [22m[2mMutates traits when registering new faction
[22m[39mNew Faction BLUE registered with traits: {
  moveSpeed: [33m1.0749921214396139[39m,
  hungerRate: [33m0.9569665952749348[39m,
  visionRadius: [33m0.9736282535979417[39m,
  aggression: [33m1.058962532661299[39m
}

 [32m✓[39m src/engine/Genetics.test.js [2m([22m[2m4 tests[22m[2m)[22m[32m 15[2mms[22m[39m
[90mstdout[2m | src/engine/War.test.js[2m > [22m[2mPopulation Control (War)[2m > [22m[2mShould split easily when overpopulated
[22m[39mNew Faction INDIGO_54 registered with traits: {
  moveSpeed: [33m0.9074343175957952[39m,
  hungerRate: [33m1.0310422569715547[39m,
  visionRadius: [33m0.9132935940504961[39m,
  aggression: [33m0.9735246874985658[39m
}
Societal Split! RED -> INDIGO_54 (Threshold: 2)

 [32m✓[39m src/engine/War.test.js [2m([22m[2m3 tests[22m[2m)[22m[32m 23[2mms[22m[39m
 [32m✓[39m src/engine/Terrain.test.js [2m([22m[2m3 tests[22m[2m)[22m[32m 6[2mms[22m[39m
 [32m✓[39m src/entities/AnimalIntegration.test.js [2m([22m[2m5 tests[22m[2m)[22m[32m 15[2mms[22m[39m
 [32m✓[39m src/engine/EventConfig.test.js [2m([22m[2m6 tests[22m[2m)[22m[32m 33[2mms[22m[39m
 [32m✓[39m src/engine/RandomEventSystem.test.js [2m([22m[2m4 tests[22m[2m)[22m[32m 115[2mms[22m[39m
 [32m✓[39m src/engine/Poop.test.js [2m([22m[2m3 tests[22m[2m)[22m[32m 10[2mms[22m[39m
 [32m✓[39m src/engine/Volcano.test.js [2m([22m[2m3 tests[22m[2m)[22m[32m 12[2mms[22m[39m
 [32m✓[39m src/engine/StructureDecay.test.js [2m([22m[2m2 tests[22m[2m)[22m[32m 63[2mms[22m[39m
 [32m✓[39m src/engine/PopulationFix.test.js [2m([22m[2m5 tests[22m[2m)[22m[32m 34[2mms[22m[39m
 [32m✓[39m src/engine/StatsDrift.test.js [2m([22m[2m3 tests[22m[2m)[22m[32m 17[2mms[22m[39m
 [32m✓[39m src/engine/AnimalGenetics.test.js [2m([22m[2m4 tests[22m[2m)[22m[32m 18[2mms[22m[39m
 [32m✓[39m src/engine/Earthquake.test.js [2m([22m[2m3 tests[22m[2m)[22m[32m 22[2mms[22m[39m
 [32m✓[39m src/engine/BerryControl.test.js [2m([22m[2m2 tests[22m[2m)[22m[32m 7[2mms[22m[39m
 [2m[90m↓[39m[22m src/engine/Fuzzing.test.js [2m([22m[2m1 test[22m[2m | [22m[33m1 skipped[39m[2m)[22m

[31m⎯⎯⎯⎯⎯⎯⎯[39m[1m[41m Failed Tests 5 [49m[22m[31m⎯⎯⎯⎯⎯⎯⎯[39m

[41m[1m FAIL [22m[49m src/engine/Civilization.test.js[2m > [22mCivilization Behaviors[2m > [22mHuman should gather wood from Tree
[31m[1mAssertionError[22m: expected [ Human{ x: 6, y: 6, …(20) }, …(1) ] to not include Tree{ x: 6, y: 5, type: 'tree', …(7) }[39m
[36m [2m❯[22m src/engine/Civilization.test.js:[2m26:36[22m[39m
    [90m 24| [39m        world[33m.[39m[34mtick[39m()[33m;[39m
    [90m 25| [39m
    [90m 26| [39m        expect(world.entities).not.toContain(tree); // Tree should be …
    [90m   | [39m                                   [31m^[39m
    [90m 27| [39m        [34mexpect[39m(human[33m.[39mwood)[33m.[39m[34mtoBe[39m([34m5[39m)[33m;[39m [90m// Human should have wood[39m
    [90m 28| [39m    })[33m;[39m

[31m[2m⎯⎯⎯⎯⎯⎯⎯⎯⎯⎯⎯⎯⎯⎯⎯⎯⎯⎯⎯⎯⎯⎯⎯⎯[1/5]⎯[22m[39m

[41m[1m FAIL [22m[49m src/engine/Ecosystem.test.js[2m > [22mEcosystem Behaviors[2m > [22mHuman should plant tree when trees are low
[31m[1mAssertionError[22m: expected 0 to be greater than 0[39m
[36m [2m❯[22m src/engine/Ecosystem.test.js:[2m38:41[22m[39m
    [90m 36| [39m        [35mfor[39m ([35mlet[39m i [33m=[39m [34m0[39m[33m;[39m i [33m<[39m [34m5[39m[33m;[39m i[33m++[39m) world[33m.[39m[34mtick[39m()[33m;[39m
    [90m 37| [39m
    [90m 38| [39m        [34mexpect[39m(world[33m.[39mentityCounts[33m.[39mtree)[33m.[39m[34mtoBeGreaterThan[39m([34m0[39m)[33m;[39m
    [90m   | [39m                                        [31m^[39m
    [90m 39| [39m        [35mconst[39m tree [33m=[39m world[33m.[39mentities[33m.[39m[34mfind[39m(e [33m=>[39m e[33m.[39mtype [33m===[39m [32m'tree'[39m)[33m;[39m
    [90m 40| [39m        [34mexpect[39m(tree)[33m.[39m[34mtoBeDefined[39m()[33m;[39m

[31m[2m⎯⎯⎯⎯⎯⎯⎯⎯⎯⎯⎯⎯⎯⎯⎯⎯⎯⎯⎯⎯⎯⎯⎯⎯[2/5]⎯[22m[39m

[41m[1m FAIL [22m[49m src/engine/Ecosystem.test.js[2m > [22mEcosystem Behaviors[2m > [22mHuman should build NatureReserve for Cows when cows are low
[31m[1mAssertionError[22m: expected 'wolf' to be 'cow' // Object.is equality[39m

Expected: [32m"cow"[39m
Received: [31m"wolf"[39m

[36m [2m❯[22m src/engine/Ecosystem.test.js:[2m129:35[22m[39m
    [90m127| [39m        const reserve = world.entities.find(e => e.type === 'natureres…
    [90m128| [39m        [34mexpect[39m(reserve)[33m.[39m[34mtoBeDefined[39m()[33m;[39m
    [90m129| [39m        [34mexpect[39m(reserve[33m.[39mspawnType)[33m.[39m[34mtoBe[39m([32m'cow'[39m)[33m;[39m
    [90m   | [39m                                  [31m^[39m
    [90m130| [39m    })[33m;[39m
    [90m131| [39m

[31m[2m⎯⎯⎯⎯⎯⎯⎯⎯⎯⎯⎯⎯⎯⎯⎯⎯⎯⎯⎯⎯⎯⎯⎯⎯[3/5]⎯[22m[39m

[41m[1m FAIL [22m[49m src/engine/Frenzy.test.js[2m > [22mFrenzy Mechanics[2m > [22mCow should NOT enter frenzy when berries are low
[31m[1mAssertionError[22m: expected 50 to be 200 // Object.is equality[39m

[32m- Expected[39m
[31m+ Received[39m

[32m- 200[39m
[31m+ 50[39m

[36m [2m❯[22m src/engine/Frenzy.test.js:[2m64:41[22m[39m
    [90m 62| [39m        // Normal cooldown is 200 (from code logic, though Config says…
    [90m 63| [39m        [90m// In Cow.js: let cooldown = 200;[39m
    [90m 64| [39m        [34mexpect[39m(c1[33m.[39mreproductionCooldown)[33m.[39m[34mtoBe[39m([34m200[39m)[33m;[39m
    [90m   | [39m                                        [31m^[39m
    [90m 65| [39m    })[33m;[39m
    [90m 66| [39m

[31m[2m⎯⎯⎯⎯⎯⎯⎯⎯⎯⎯⎯⎯⎯⎯⎯⎯⎯⎯⎯⎯⎯⎯⎯⎯[4/5]⎯[22m[39m

[41m[1m FAIL [22m[49m src/engine/WorldGenerator.test.js[2m > [22mWorldGenerator[2m > [22mshould ensure connectivity
[31m[1mAssertionError[22m: expected 0.0011119759813188034 to be greater than 0.8[39m
[36m [2m❯[22m src/engine/WorldGenerator.test.js:[2m97:30[22m[39m
    [90m 95| [39m        [35mconst[39m connectivity [33m=[39m visited[33m.[39msize [33m/[39m landCells[33m.[39mlength[33m;[39m
    [90m 96| [39m        console[33m.[39m[34mlog[39m([32m`Connectivity: [39m[36m${[39mconnectivity [33m*[39m [34m100[39m[36m}[39m[32m%`[39m)[33m;[39m
    [90m 97| [39m        expect(connectivity).toBeGreaterThan(0.8); // Allow some small…
    [90m   | [39m                             [31m^[39m
    [90m 98| [39m    })[33m;[39m
    [90m 99| [39m})[33m;[39m

[31m[2m⎯⎯⎯⎯⎯⎯⎯⎯⎯⎯⎯⎯⎯⎯⎯⎯⎯⎯⎯⎯⎯⎯⎯⎯[5/5]⎯[22m[39m


[2m Test Files [22m [1m[31m4 failed[39m[22m[2m | [22m[1m[32m21 passed[39m[22m[2m | [22m[33m1 skipped[39m[90m (26)[39m
[2m      Tests [22m [1m[31m5 failed[39m[22m[2m | [22m[1m[32m78 passed[39m[22m[2m | [22m[33m2 skipped[39m[90m (85)[39m
[2m   Start at [22m 21:19:53
[2m   Duration [22m 64.01s[2m (transform 63.63s, setup 0ms, collect 100.05s, tests 24.33s, environment 109ms, prepare 6.67s)[22m

[1m[41m FAIL [49m[22m [31mTests failed. Watching for file changes...[39m
       [2mpress [22m[1mh[22m[2m to show help[22m[2m, [22m[2mpress [22m[1mq[22m[2m to quit[22m
c[3J[1m[44m RERUN [49m[22m [34m[2msrc/engine/RandomEventSystem.js [22m[39m

 [31m❯[39m src/engine/Ecosystem.test.js [2m([22m[2m6 tests[22m[2m | [22m[31m2 failed[39m[2m)[22m[33m 919[2mms[22m[39m
[31m     [31m×[31m Human should plant tree when trees are low[39m[32m 226[2mms[22m[39m
     [32m✓[39m Human should cull wolves when too many[32m 245[2mms[22m[39m
     [32m✓[39m Human should build NatureReserve when wolves are low[32m 39[2mms[22m[39m
     [32m✓[39m NatureReserve should spawn wolves[32m 7[2mms[22m[39m
[31m     [31m×[31m Human should build NatureReserve for Cows when cows are low[39m[32m 248[2mms[22m[39m
     [32m✓[39m NatureReserve should spawn cows[32m 93[2mms[22m[39m
 [31m❯[39m src/engine/Frenzy.test.js [2m([22m[2m3 tests[22m[2m | [22m[31m1 failed[39m[2m)[22m[33m 1990[2mms[22m[39m
     [32m✓[39m Cow should enter frenzy when berries are high[32m 282[2mms[22m[39m
[31m     [31m×[31m Cow should NOT enter frenzy when berries are low[39m[33m 1660[2mms[22m[39m
     [32m✓[39m Wolf should enter frenzy when cows are high[32m 5[2mms[22m[39m
 [31m❯[39m src/engine/Civilization.test.js [2m([22m[2m3 tests[22m[2m | [22m[31m1 failed[39m[2m | [22m[33m1 skipped[39m[2m)[22m[33m 628[2mms[22m[39m
[31m     [31m×[31m Human should gather wood from Tree[39m[33m 308[2mms[22m[39m
     [32m✓[39m Human should build House when having enough wood[32m 247[2mms[22m[39m
     [2m[90m↓[39m[22m Human should seek shelter in House when threatened
 [31m❯[39m src/engine/WorldGenerator.test.js [2m([22m[2m3 tests[22m[2m | [22m[31m1 failed[39m[2m)[22m[32m 277[2mms[22m[39m
     [32m✓[39m should generate terrain with forests and lakes[32m 92[2mms[22m[39m
     [32m✓[39m should generate rivers[32m 29[2mms[22m[39m
[31m     [31m×[31m should ensure connectivity[39m[32m 120[2mms[22m[39m
 [32m✓[39m src/engine/Earthquake.test.js [2m([22m[2m3 tests[22m[2m)[22m[32m 63[2mms[22m[39m
 [32m✓[39m src/engine/EventConfig.test.js [2m([22m[2m6 tests[22m[2m)[22m[32m 79[2mms[22m[39m
 [32m✓[39m src/engine/RandomEventSystem.test.js [2m([22m[2m4 tests[22m[2m)[22m[32m 117[2mms[22m[39m
 [32m✓[39m src/engine/Volcano.test.js [2m([22m[2m3 tests[22m[2m)[22m[32m 31[2mms[22m[39m
 [32m✓[39m src/components/Settings.test.js [2m([22m[2m1 test[22m[2m)[22m[32m 10[2mms[22m[39m

[2m Test Files [22m [1m[31m4 failed[39m[22m[2m | [22m[1m[32m5 passed[39m[22m[90m (9)[39m
[2m      Tests [22m [1m[31m5 failed[39m[22m[2m | [22m[1m[32m26 passed[39m[22m[2m | [22m[33m1 skipped[39m[90m (32)[39m
[2m   Start at [22m 21:45:39
[2m   Duration [22m 6.31s

[1m[42m PASS [49m[22m [32mWaiting for file changes...[39m
       [2mpress [22m[1mh[22m[2m to show help[22m[2m, [22m[2mpress [22m[1mq[22m[2m to quit[22m
c[3J[1m[44m RERUN [49m[22m [34m[2msrc/engine/PopulationSafetyNet.test.js [22m[34mx1 [34m[39m

 [31m❯[39m src/engine/Ecosystem.test.js [2m([22m[2m6 tests[22m[2m | [22m[31m2 failed[39m[2m)[22m[33m 919[2mms[22m[39m
[31m     [31m×[31m Human should plant tree when trees are low[39m[32m 226[2mms[22m[39m
     [32m✓[39m Human should cull wolves when too many[32m 245[2mms[22m[39m
     [32m✓[39m Human should build NatureReserve when wolves are low[32m 39[2mms[22m[39m
     [32m✓[39m NatureReserve should spawn wolves[32m 7[2mms[22m[39m
[31m     [31m×[31m Human should build NatureReserve for Cows when cows are low[39m[32m 248[2mms[22m[39m
     [32m✓[39m NatureReserve should spawn cows[32m 93[2mms[22m[39m
 [31m❯[39m src/engine/Frenzy.test.js [2m([22m[2m3 tests[22m[2m | [22m[31m1 failed[39m[2m)[22m[33m 1990[2mms[22m[39m
     [32m✓[39m Cow should enter frenzy when berries are high[32m 282[2mms[22m[39m
[31m     [31m×[31m Cow should NOT enter frenzy when berries are low[39m[33m 1660[2mms[22m[39m
     [32m✓[39m Wolf should enter frenzy when cows are high[32m 5[2mms[22m[39m
 [31m❯[39m src/engine/Civilization.test.js [2m([22m[2m3 tests[22m[2m | [22m[31m1 failed[39m[2m | [22m[33m1 skipped[39m[2m)[22m[33m 628[2mms[22m[39m
[31m     [31m×[31m Human should gather wood from Tree[39m[33m 308[2mms[22m[39m
     [32m✓[39m Human should build House when having enough wood[32m 247[2mms[22m[39m
     [2m[90m↓[39m[22m Human should seek shelter in House when threatened
 [31m❯[39m src/engine/WorldGenerator.test.js [2m([22m[2m3 tests[22m[2m | [22m[31m1 failed[39m[2m)[22m[32m 277[2mms[22m[39m
     [32m✓[39m should generate terrain with forests and lakes[32m 92[2mms[22m[39m
     [32m✓[39m should generate rivers[32m 29[2mms[22m[39m
[31m     [31m×[31m should ensure connectivity[39m[32m 120[2mms[22m[39m

[31m⎯⎯⎯⎯⎯⎯[39m[1m[41m Failed Suites 1 [49m[22m[31m⎯⎯⎯⎯⎯⎯⎯[39m

[41m[1m FAIL [22m[49m src/engine/PopulationSafetyNet.test.js[2m [ src/engine/PopulationSafetyNet.test.js ][22m
[31m[1mError[22m: No test suite found in file /home/ewrdad/portfolio/life-simulator/src/engine/PopulationSafetyNet.test.js[39m
[31m[2m⎯⎯⎯⎯⎯⎯⎯⎯⎯⎯⎯⎯⎯⎯⎯⎯⎯⎯⎯⎯⎯⎯⎯⎯[1/1]⎯[22m[39m


[2m Test Files [22m [1m[31m5 failed[39m[22m[90m (5)[39m
[2m      Tests [22m [1m[31m5 failed[39m[22m[2m | [22m[1m[32m9 passed[39m[22m[2m | [22m[33m1 skipped[39m[90m (15)[39m
[2m   Start at [22m 21:46:01
[2m   Duration [22m 17ms

[1m[41m FAIL [49m[22m [31mTests failed. Watching for file changes...[39m
       [2mpress [22m[1mh[22m[2m to show help[22m[2m, [22m[2mpress [22m[1mq[22m[2m to quit[22m
c[3J[1m[44m RERUN [49m[22m [34m[2msrc/engine/PopulationSafetyNet.test.js [22m[34mx2 [34m[39m

 [31m❯[39m src/engine/Ecosystem.test.js [2m([22m[2m6 tests[22m[2m | [22m[31m2 failed[39m[2m)[22m[33m 919[2mms[22m[39m
[31m     [31m×[31m Human should plant tree when trees are low[39m[32m 226[2mms[22m[39m
     [32m✓[39m Human should cull wolves when too many[32m 245[2mms[22m[39m
     [32m✓[39m Human should build NatureReserve when wolves are low[32m 39[2mms[22m[39m
     [32m✓[39m NatureReserve should spawn wolves[32m 7[2mms[22m[39m
[31m     [31m×[31m Human should build NatureReserve for Cows when cows are low[39m[32m 248[2mms[22m[39m
     [32m✓[39m NatureReserve should spawn cows[32m 93[2mms[22m[39m
 [31m❯[39m src/engine/Frenzy.test.js [2m([22m[2m3 tests[22m[2m | [22m[31m1 failed[39m[2m)[22m[33m 1990[2mms[22m[39m
     [32m✓[39m Cow should enter frenzy when berries are high[32m 282[2mms[22m[39m
[31m     [31m×[31m Cow should NOT enter frenzy when berries are low[39m[33m 1660[2mms[22m[39m
     [32m✓[39m Wolf should enter frenzy when cows are high[32m 5[2mms[22m[39m
 [31m❯[39m src/engine/Civilization.test.js [2m([22m[2m3 tests[22m[2m | [22m[31m1 failed[39m[2m | [22m[33m1 skipped[39m[2m)[22m[33m 628[2mms[22m[39m
[31m     [31m×[31m Human should gather wood from Tree[39m[33m 308[2mms[22m[39m
     [32m✓[39m Human should build House when having enough wood[32m 247[2mms[22m[39m
     [2m[90m↓[39m[22m Human should seek shelter in House when threatened
 [31m❯[39m src/engine/WorldGenerator.test.js [2m([22m[2m3 tests[22m[2m | [22m[31m1 failed[39m[2m)[22m[32m 277[2mms[22m[39m
     [32m✓[39m should generate terrain with forests and lakes[32m 92[2mms[22m[39m
     [32m✓[39m should generate rivers[32m 29[2mms[22m[39m
[31m     [31m×[31m should ensure connectivity[39m[32m 120[2mms[22m[39m

[31m⎯⎯⎯⎯⎯⎯[39m[1m[41m Failed Suites 1 [49m[22m[31m⎯⎯⎯⎯⎯⎯⎯[39m

[41m[1m FAIL [22m[49m src/engine/PopulationSafetyNet.test.js[2m [ src/engine/PopulationSafetyNet.test.js ][22m
[31m[1mReferenceError[22m: describe is not defined[39m
[36m [2m❯[22m src/engine/PopulationSafetyNet.test.js:[2m5:1[22m[39m
    [90m  3| [39m[35mimport[39m { [33mHuman[39m } [35mfrom[39m [32m'../entities/Human'[39m[33m;[39m
    [90m  4| [39m
    [90m  5| [39m[34mdescribe[39m([32m'Population Safety Net'[39m[33m,[39m () [33m=>[39m {
    [90m   | [39m[31m^[39m
    [90m  6| [39m    [35mlet[39m world[33m;[39m
    [90m  7| [39m    [35mlet[39m eventSystem[33m;[39m

[31m[2m⎯⎯⎯⎯⎯⎯⎯⎯⎯⎯⎯⎯⎯⎯⎯⎯⎯⎯⎯⎯⎯⎯⎯⎯[1/1]⎯[22m[39m


[2m Test Files [22m [1m[31m5 failed[39m[22m[90m (5)[39m
[2m      Tests [22m [1m[31m5 failed[39m[22m[2m | [22m[1m[32m9 passed[39m[22m[2m | [22m[33m1 skipped[39m[90m (15)[39m
[2m   Start at [22m 21:46:06
[2m   Duration [22m 0ms

[1m[41m FAIL [49m[22m [31mTests failed. Watching for file changes...[39m
       [2mpress [22m[1mh[22m[2m to show help[22m[2m, [22m[2mpress [22m[1mq[22m[2m to quit[22m
c[3J[1m[44m RERUN [49m[22m [34m[2msrc/engine/PopulationSafetyNet.test.js [22m[34mx3 [34m[39m

 [31m❯[39m src/engine/Ecosystem.test.js [2m([22m[2m6 tests[22m[2m | [22m[31m2 failed[39m[2m)[22m[33m 919[2mms[22m[39m
[31m     [31m×[31m Human should plant tree when trees are low[39m[32m 226[2mms[22m[39m
     [32m✓[39m Human should cull wolves when too many[32m 245[2mms[22m[39m
     [32m✓[39m Human should build NatureReserve when wolves are low[32m 39[2mms[22m[39m
     [32m✓[39m NatureReserve should spawn wolves[32m 7[2mms[22m[39m
[31m     [31m×[31m Human should build NatureReserve for Cows when cows are low[39m[32m 248[2mms[22m[39m
     [32m✓[39m NatureReserve should spawn cows[32m 93[2mms[22m[39m
 [31m❯[39m src/engine/Frenzy.test.js [2m([22m[2m3 tests[22m[2m | [22m[31m1 failed[39m[2m)[22m[33m 1990[2mms[22m[39m
     [32m✓[39m Cow should enter frenzy when berries are high[32m 282[2mms[22m[39m
[31m     [31m×[31m Cow should NOT enter frenzy when berries are low[39m[33m 1660[2mms[22m[39m
     [32m✓[39m Wolf should enter frenzy when cows are high[32m 5[2mms[22m[39m
 [31m❯[39m src/engine/Civilization.test.js [2m([22m[2m3 tests[22m[2m | [22m[31m1 failed[39m[2m | [22m[33m1 skipped[39m[2m)[22m[33m 628[2mms[22m[39m
[31m     [31m×[31m Human should gather wood from Tree[39m[33m 308[2mms[22m[39m
     [32m✓[39m Human should build House when having enough wood[32m 247[2mms[22m[39m
     [2m[90m↓[39m[22m Human should seek shelter in House when threatened
 [31m❯[39m src/engine/WorldGenerator.test.js [2m([22m[2m3 tests[22m[2m | [22m[31m1 failed[39m[2m)[22m[32m 277[2mms[22m[39m
     [32m✓[39m should generate terrain with forests and lakes[32m 92[2mms[22m[39m
     [32m✓[39m should generate rivers[32m 29[2mms[22m[39m
[31m     [31m×[31m should ensure connectivity[39m[32m 120[2mms[22m[39m

[31m⎯⎯⎯⎯⎯⎯[39m[1m[41m Failed Suites 1 [49m[22m[31m⎯⎯⎯⎯⎯⎯⎯[39m

[41m[1m FAIL [22m[49m src/engine/PopulationSafetyNet.test.js[2m [ src/engine/PopulationSafetyNet.test.js ][22m
[31m[1mReferenceError[22m: describe is not defined[39m
[36m [2m❯[22m src/engine/PopulationSafetyNet.test.js:[2m5:1[22m[39m
    [90m  3| [39m[35mimport[39m { [33mHuman[39m } [35mfrom[39m [32m'../entities/Human'[39m[33m;[39m
    [90m  4| [39m
    [90m  5| [39m[34mdescribe[39m([32m'Population Safety Net'[39m[33m,[39m () [33m=>[39m {
    [90m   | [39m[31m^[39m
    [90m  6| [39m    [34mtest[39m([32m'simple check'[39m[33m,[39m () [33m=>[39m {
    [90m  7| [39m        [34mexpect[39m([35mtrue[39m)[33m.[39m[34mtoBe[39m([35mtrue[39m)[33m;[39m

[31m[2m⎯⎯⎯⎯⎯⎯⎯⎯⎯⎯⎯⎯⎯⎯⎯⎯⎯⎯⎯⎯⎯⎯⎯⎯[1/1]⎯[22m[39m


[2m Test Files [22m [1m[31m5 failed[39m[22m[90m (5)[39m
[2m      Tests [22m [1m[31m5 failed[39m[22m[2m | [22m[1m[32m9 passed[39m[22m[2m | [22m[33m1 skipped[39m[90m (15)[39m
[2m   Start at [22m 21:46:40
[2m   Duration [22m 0ms

[1m[41m FAIL [49m[22m [31mTests failed. Watching for file changes...[39m
       [2mpress [22m[1mh[22m[2m to show help[22m[2m, [22m[2mpress [22m[1mq[22m[2m to quit[22m
c[3J[1m[44m RERUN [49m[22m [34m[2msrc/engine/PopulationSafetyNet.test.js [22m[34mx4 [34m[39m

 [31m❯[39m src/engine/Ecosystem.test.js [2m([22m[2m6 tests[22m[2m | [22m[31m2 failed[39m[2m)[22m[33m 919[2mms[22m[39m
[31m     [31m×[31m Human should plant tree when trees are low[39m[32m 226[2mms[22m[39m
     [32m✓[39m Human should cull wolves when too many[32m 245[2mms[22m[39m
     [32m✓[39m Human should build NatureReserve when wolves are low[32m 39[2mms[22m[39m
     [32m✓[39m NatureReserve should spawn wolves[32m 7[2mms[22m[39m
[31m     [31m×[31m Human should build NatureReserve for Cows when cows are low[39m[32m 248[2mms[22m[39m
     [32m✓[39m NatureReserve should spawn cows[32m 93[2mms[22m[39m
 [31m❯[39m src/engine/Frenzy.test.js [2m([22m[2m3 tests[22m[2m | [22m[31m1 failed[39m[2m)[22m[33m 1990[2mms[22m[39m
     [32m✓[39m Cow should enter frenzy when berries are high[32m 282[2mms[22m[39m
[31m     [31m×[31m Cow should NOT enter frenzy when berries are low[39m[33m 1660[2mms[22m[39m
     [32m✓[39m Wolf should enter frenzy when cows are high[32m 5[2mms[22m[39m
 [31m❯[39m src/engine/Civilization.test.js [2m([22m[2m3 tests[22m[2m | [22m[31m1 failed[39m[2m | [22m[33m1 skipped[39m[2m)[22m[33m 628[2mms[22m[39m
[31m     [31m×[31m Human should gather wood from Tree[39m[33m 308[2mms[22m[39m
     [32m✓[39m Human should build House when having enough wood[32m 247[2mms[22m[39m
     [2m[90m↓[39m[22m Human should seek shelter in House when threatened
 [31m❯[39m src/engine/WorldGenerator.test.js [2m([22m[2m3 tests[22m[2m | [22m[31m1 failed[39m[2m)[22m[32m 277[2mms[22m[39m
     [32m✓[39m should generate terrain with forests and lakes[32m 92[2mms[22m[39m
     [32m✓[39m should generate rivers[32m 29[2mms[22m[39m
[31m     [31m×[31m should ensure connectivity[39m[32m 120[2mms[22m[39m
 [32m✓[39m src/engine/PopulationSafetyNet.test.js [2m([22m[2m2 tests[22m[2m)[22m[32m 116[2mms[22m[39m

[2m Test Files [22m [1m[31m4 failed[39m[22m[2m | [22m[1m[32m1 passed[39m[22m[90m (5)[39m
[2m      Tests [22m [1m[31m5 failed[39m[22m[2m | [22m[1m[32m11 passed[39m[22m[2m | [22m[33m1 skipped[39m[90m (17)[39m
[2m   Start at [22m 21:47:05
[2m   Duration [22m 279ms

[1m[42m PASS [49m[22m [32mWaiting for file changes...[39m
       [2mpress [22m[1mh[22m[2m to show help[22m[2m, [22m[2mpress [22m[1mq[22m[2m to quit[22m
c[3J[1m[44m RERUN [49m[22m [34m[2msrc/engine/PopulationSafetyNet.test.js [22m[34mx5 [34m[39m

 [31m❯[39m src/engine/Ecosystem.test.js [2m([22m[2m6 tests[22m[2m | [22m[31m2 failed[39m[2m)[22m[33m 919[2mms[22m[39m
[31m     [31m×[31m Human should plant tree when trees are low[39m[32m 226[2mms[22m[39m
     [32m✓[39m Human should cull wolves when too many[32m 245[2mms[22m[39m
     [32m✓[39m Human should build NatureReserve when wolves are low[32m 39[2mms[22m[39m
     [32m✓[39m NatureReserve should spawn wolves[32m 7[2mms[22m[39m
[31m     [31m×[31m Human should build NatureReserve for Cows when cows are low[39m[32m 248[2mms[22m[39m
     [32m✓[39m NatureReserve should spawn cows[32m 93[2mms[22m[39m
 [31m❯[39m src/engine/Frenzy.test.js [2m([22m[2m3 tests[22m[2m | [22m[31m1 failed[39m[2m)[22m[33m 1990[2mms[22m[39m
     [32m✓[39m Cow should enter frenzy when berries are high[32m 282[2mms[22m[39m
[31m     [31m×[31m Cow should NOT enter frenzy when berries are low[39m[33m 1660[2mms[22m[39m
     [32m✓[39m Wolf should enter frenzy when cows are high[32m 5[2mms[22m[39m
 [31m❯[39m src/engine/Civilization.test.js [2m([22m[2m3 tests[22m[2m | [22m[31m1 failed[39m[2m | [22m[33m1 skipped[39m[2m)[22m[33m 628[2mms[22m[39m
[31m     [31m×[31m Human should gather wood from Tree[39m[33m 308[2mms[22m[39m
     [32m✓[39m Human should build House when having enough wood[32m 247[2mms[22m[39m
     [2m[90m↓[39m[22m Human should seek shelter in House when threatened
 [31m❯[39m src/engine/WorldGenerator.test.js [2m([22m[2m3 tests[22m[2m | [22m[31m1 failed[39m[2m)[22m[32m 277[2mms[22m[39m
     [32m✓[39m should generate terrain with forests and lakes[32m 92[2mms[22m[39m
     [32m✓[39m should generate rivers[32m 29[2mms[22m[39m
[31m     [31m×[31m should ensure connectivity[39m[32m 120[2mms[22m[39m
 [32m✓[39m src/engine/PopulationSafetyNet.test.js [2m([22m[2m2 tests[22m[2m)[22m[33m 422[2mms[22m[39m
     [33m[2m✓[22m[39m should cull population when it exceeds 1000 [33m 419[2mms[22m[39m

[2m Test Files [22m [1m[31m4 failed[39m[22m[2m | [22m[1m[32m1 passed[39m[22m[90m (5)[39m
[2m      Tests [22m [1m[31m5 failed[39m[22m[2m | [22m[1m[32m11 passed[39m[22m[2m | [22m[33m1 skipped[39m[90m (17)[39m
[2m   Start at [22m 21:47:35
[2m   Duration [22m 755ms

[1m[42m PASS [49m[22m [32mWaiting for file changes...[39m
       [2mpress [22m[1mh[22m[2m to show help[22m[2m, [22m[2mpress [22m[1mq[22m[2m to quit[22m
c[3J[1m[44m RERUN [49m[22m [34m[2msrc/engine/Config.js [22m[39m

[90mstdout[2m | src/engine/Frenzy.test.js[2m > [22m[2mFrenzy Mechanics[2m > [22m[2mCow should enter frenzy when berries are high
[22m[39mCow Frenzy Reproduction!
Cow Endangered Reproduction!

[90mstdout[2m | src/engine/Frenzy.test.js[2m > [22m[2mFrenzy Mechanics[2m > [22m[2mCow should NOT enter frenzy when berries are low
[22m[39mCow Endangered Reproduction!

[90mstdout[2m | src/engine/Frenzy.test.js[2m > [22m[2mFrenzy Mechanics[2m > [22m[2mWolf should enter frenzy when cows are high
[22m[39mWolf Frenzy Reproduction!

 [31m❯[39m src/engine/Frenzy.test.js [2m([22m[2m3 tests[22m[2m | [22m[31m1 failed[39m[2m)[22m[32m 162[2mms[22m[39m
     [32m✓[39m Cow should enter frenzy when berries are high[32m 51[2mms[22m[39m
[31m     [31m×[31m Cow should NOT enter frenzy when berries are low[39m[32m 98[2mms[22m[39m
     [32m✓[39m Wolf should enter frenzy when cows are high[32m 4[2mms[22m[39m
[90mstdout[2m | src/engine/Ecosystem.test.js[2m > [22m[2mEcosystem Behaviors[2m > [22m[2mHuman should plant tree when trees are low
[22m[39mCow Endangered Reproduction!
Cow Endangered Reproduction!
Cow Endangered Reproduction!
Cow Endangered Reproduction!
Cow Endangered Reproduction!
Cow Endangered Reproduction!
Cow Endangered Reproduction!
Cow Endangered Reproduction!
Cow Endangered Reproduction!
Cow Endangered Reproduction!
Cow Endangered Reproduction!
Cow Endangered Reproduction!
Cow Endangered Reproduction!
Cow Endangered Reproduction!
Cow Endangered Reproduction!
Cow Endangered Reproduction!
Cow Endangered Reproduction!
Cow Endangered Reproduction!
Cow Endangered Reproduction!
Cow Endangered Reproduction!
Cow Endangered Reproduction!
Cow Endangered Reproduction!
Cow Endangered Reproduction!
Cow Endangered Reproduction!
Cow Endangered Reproduction!
Cow Endangered Reproduction!
Cow Endangered Reproduction!
Cow Endangered Reproduction!
Cow Endangered Reproduction!
Cow Endangered Reproduction!

[90mstdout[2m | src/engine/WorldGenerator.test.js[2m > [22m[2mWorldGenerator[2m > [22m[2mshould ensure connectivity
[22m[39mConnectivity: 99.91170952433505%

[90mstdout[2m | src/engine/Civilization.test.js[2m > [22m[2mCivilization Behaviors[2m > [22m[2mHuman should build House when having enough wood
[22m[39mHuman Nina built Nature Reserve for COW
Human Nina built Nature Reserve for COW
Cow Endangered Reproduction!
Cow Endangered Reproduction!
Human Nina built Nature Reserve for COW
Cow Endangered Reproduction!
Cow Endangered Reproduction!
Cow Endangered Reproduction!
Cow Endangered Reproduction!
Cow Endangered Reproduction!
Cow Endangered Reproduction!
Cow Endangered Reproduction!
Human Nina built Nature Reserve for COW
Cow Endangered Reproduction!
Cow Endangered Reproduction!
Cow Endangered Reproduction!
Cow Endangered Reproduction!
Cow Endangered Reproduction!
Cow Endangered Reproduction!
Cow Endangered Reproduction!
Cow Endangered Reproduction!
Cow Endangered Reproduction!
Cow Endangered Reproduction!
Cow Endangered Reproduction!
Cow Endangered Reproduction!
Cow Endangered Reproduction!
Cow Endangered Reproduction!
Cow Endangered Reproduction!
Cow Endangered Reproduction!
Cow Endangered Reproduction!
Cow Endangered Reproduction!
Cow Endangered Reproduction!
Cow Endangered Reproduction!
Cow Endangered Reproduction!
Cow Endangered Reproduction!
Cow Endangered Reproduction!
Cow Endangered Reproduction!
Cow Endangered Reproduction!
Cow Endangered Reproduction!
Cow Endangered Reproduction!
Cow Endangered Reproduction!
Cow Endangered Reproduction!
Cow Endangered Reproduction!
Cow Endangered Reproduction!
Cow Endangered Reproduction!
Cow Endangered Reproduction!
Cow Endangered Reproduction!
Cow Endangered Reproduction!
Cow Endangered Reproduction!
Cow Endangered Reproduction!
Cow Endangered Reproduction!
Cow Endangered Reproduction!
Cow Endangered Reproduction!
Cow Endangered Reproduction!
Cow Endangered Reproduction!
Cow Endangered Reproduction!
Cow Endangered Reproduction!
Cow Endangered Reproduction!
Cow Endangered Reproduction!
Cow Endangered Reproduction!
Human Nina built Nature Reserve for COW
Cow Endangered Reproduction!
Cow Endangered Reproduction!
Cow Endangered Reproduction!
Cow Endangered Reproduction!
Cow Endangered Reproduction!
Cow Endangered Reproduction!
Cow Endangered Reproduction!
Cow Endangered Reproduction!
Cow Endangered Reproduction!
Cow Endangered Reproduction!
Cow Endangered Reproduction!
Cow Endangered Reproduction!
Cow Endangered Reproduction!
Cow Endangered Reproduction!
Cow Endangered Reproduction!
Cow Endangered Reproduction!
Cow Endangered Reproduction!
Cow Endangered Reproduction!
Cow Endangered Reproduction!
Divine Intervention: Spawning Wolf Reserve

 [32m✓[39m src/engine/WorldGenerator.test.js [2m([22m[2m3 tests[22m[2m)[22m[33m 544[2mms[22m[39m
     [33m[2m✓[22m[39m should generate terrain with forests and lakes [33m 321[2mms[22m[39m
 [31m❯[39m src/engine/Civilization.test.js [2m([22m[2m3 tests[22m[2m | [22m[31m1 failed[39m[2m | [22m[33m1 skipped[39m[2m)[22m[32m 120[2mms[22m[39m
[31m     [31m×[31m Human should gather wood from Tree[39m[32m 23[2mms[22m[39m
     [32m✓[39m Human should build House when having enough wood[32m 73[2mms[22m[39m
     [2m[90m↓[39m[22m Human should seek shelter in House when threatened
[90mstdout[2m | src/engine/Ecosystem.test.js[2m > [22m[2mEcosystem Behaviors[2m > [22m[2mHuman should build NatureReserve when wolves are low
[22m[39mHuman Pip built Nature Reserve for WOLF
Human Pip built Nature Reserve for WOLF
Human Pip built Nature Reserve for WOLF
Divine Intervention: Spawning Cow Reserve

[90mstdout[2m | src/engine/Ecosystem.test.js[2m > [22m[2mEcosystem Behaviors[2m > [22m[2mHuman should build NatureReserve for Cows when cows are low
[22m[39mHuman Luna built Nature Reserve for WOLF
Divine Intervention: Spawning Cow Reserve

[90mstdout[2m | src/engine/Ecosystem.test.js[2m > [22m[2mEcosystem Behaviors[2m > [22m[2mNatureReserve should spawn cows
[22m[39mCow Endangered Reproduction!
Cow Endangered Reproduction!
Cow Endangered Reproduction!
Cow Endangered Reproduction!
Cow Endangered Reproduction!
Cow Endangered Reproduction!
Cow Endangered Reproduction!
Cow Endangered Reproduction!
Cow Endangered Reproduction!
Cow Endangered Reproduction!
Cow Endangered Reproduction!
Cow Endangered Reproduction!
Cow Endangered Reproduction!
Cow Endangered Reproduction!
Cow Endangered Reproduction!
Cow Endangered Reproduction!
Cow Endangered Reproduction!

 [31m❯[39m src/engine/Ecosystem.test.js [2m([22m[2m6 tests[22m[2m | [22m[31m2 failed[39m[2m)[22m[33m 491[2mms[22m[39m
[31m     [31m×[31m Human should plant tree when trees are low[39m[32m 57[2mms[22m[39m
     [32m✓[39m Human should cull wolves when too many[32m 234[2mms[22m[39m
     [32m✓[39m Human should build NatureReserve when wolves are low[32m 56[2mms[22m[39m
     [32m✓[39m NatureReserve should spawn wolves[32m 7[2mms[22m[39m
[31m     [31m×[31m Human should build NatureReserve for Cows when cows are low[39m[32m 124[2mms[22m[39m
     [32m✓[39m NatureReserve should spawn cows[32m 9[2mms[22m[39m
 [32m✓[39m src/engine/WolfAvoidance.test.js [2m([22m[2m3 tests[22m[2m)[22m[32m 10[2mms[22m[39m
 [32m✓[39m src/engine/PopulationSafetyNet.test.js [2m([22m[2m2 tests[22m[2m)[22m[32m 121[2mms[22m[39m
[90mstdout[2m | src/engine/SocietalSplit.test.js[2m > [22m[2mSocietal Split[2m > [22m[2mshould split into new faction when overcrowded
[22m[39mNew Faction TEAL_94 registered with traits: {
  moveSpeed: [33m1.076269113925597[39m,
  hungerRate: [33m1.0793515946829304[39m,
  visionRadius: [33m1.0745276655459879[39m,
  aggression: [33m0.9002188260388702[39m,
  heatTolerance: [33m0.9181944795342443[39m,
  coldTolerance: [33m0.9120392345267821[39m
}
Societal Split! RED -> TEAL_94 (Threshold: 6)

 [32m✓[39m src/engine/SocietalSplit.test.js [2m([22m[2m2 tests[22m[2m)[22m[32m 52[2mms[22m[39m
 [32m✓[39m src/engine/RandomEventSystem.test.js [2m([22m[2m4 tests[22m[2m)[22m[32m 63[2mms[22m[39m
 [32m✓[39m src/engine/EventConfig.test.js [2m([22m[2m6 tests[22m[2m)[22m[32m 29[2mms[22m[39m
 [32m✓[39m src/engine/Movement.test.js [2m([22m[2m3 tests[22m[2m)[22m[32m 43[2mms[22m[39m
 [32m✓[39m src/engine/StructureDecay.test.js [2m([22m[2m2 tests[22m[2m)[22m[32m 39[2mms[22m[39m
 [32m✓[39m src/engine/Earthquake.test.js [2m([22m[2m3 tests[22m[2m)[22m[32m 246[2mms[22m[39m
[90mstdout[2m | src/engine/Conservation.test.js[2m > [22m[2mConservation Reliability[2m > [22m[2mDivine Intervention should spawn reserve when extinct
[22m[39mDivine Intervention: Spawning Wolf Reserve
Divine Intervention: Spawning Cow Reserve

[90mstdout[2m | src/engine/Conservation.test.js[2m > [22m[2mConservation Reliability[2m > [22m[2mHuman should find conservation spot in crowded world
[22m[39mHuman Zane built Nature Reserve for WOLF
Human Zane built Nature Reserve for WOLF
Human Zane built Nature Reserve for WOLF
Divine Intervention: Spawning Cow Reserve
Cow Endangered Reproduction!
Cow Endangered Reproduction!
Cow Endangered Reproduction!
Cow Endangered Reproduction!
Cow Endangered Reproduction!
Cow Endangered Reproduction!
Cow Endangered Reproduction!
Cow Endangered Reproduction!
Cow Endangered Reproduction!
Cow Endangered Reproduction!
Cow Endangered Reproduction!

 [32m✓[39m src/engine/Conservation.test.js [2m([22m[2m2 tests[22m[2m)[22m[32m 157[2mms[22m[39m
 [32m✓[39m src/engine/PopulationFix.test.js [2m([22m[2m5 tests[22m[2m)[22m[32m 231[2mms[22m[39m
[90mstdout[2m | src/engine/World.test.js[2m > [22m[2mWorld Simulation[2m > [22m[2mCow should reproduce when well fed
[22m[39mCow Endangered Reproduction!
Cow Endangered Reproduction!

[90mstdout[2m | src/engine/World.test.js[2m > [22m[2mWorld Simulation[2m > [22m[2mWorld should reseed extinct species
[22m[39mDivine Intervention: Spawning Wolf Reserve
Divine Intervention: Spawning Cow Reserve

 [32m✓[39m src/engine/World.test.js [2m([22m[2m7 tests[22m[2m)[22m[32m 111[2mms[22m[39m
 [32m✓[39m src/engine/Volcano.test.js [2m([22m[2m3 tests[22m[2m)[22m[32m 14[2mms[22m[39m
[90mstdout[2m | src/engine/LongRun.test.js[2m > [22m[2mLong Run Stability[2m > [22m[2mshould run for 1000 ticks without crashing or exploding
[22m[39mCow Endangered Reproduction!
Cow Endangered Reproduction!
Cow Endangered Reproduction!
Cow Endangered Reproduction!
Cow Endangered Reproduction!
Cow Endangered Reproduction!
Cow Endangered Reproduction!
Cow Endangered Reproduction!
Cow Endangered Reproduction!
Cow Endangered Reproduction!
Cow Endangered Reproduction!
Cow Endangered Reproduction!
Human Zane built Nature Reserve for COW
Cow Endangered Reproduction!
Cow Endangered Reproduction!
Cow Endangered Reproduction!
Cow Endangered Reproduction!
Cow Endangered Reproduction!
Cow Endangered Reproduction!
Cow Endangered Reproduction!
Cow Endangered Reproduction!
Cow Endangered Reproduction!
Cow Endangered Reproduction!
Cow Endangered Reproduction!
Cow Endangered Reproduction!
Cow Endangered Reproduction!
Cow Endangered Reproduction!
Cow Endangered Reproduction!
Cow Endangered Reproduction!
Cow Endangered Reproduction!
Cow Endangered Reproduction!
Human Nina built Nature Reserve for WOLF
Human Tina built Nature Reserve for WOLF
Human Nina built Nature Reserve for WOLF
Human Oscar built Nature Reserve for WOLF
Human Hank built Nature Reserve for WOLF
Human Victor built Nature Reserve for WOLF
Human Quinn built Nature Reserve for WOLF
Human Wendy built Nature Reserve for WOLF
Human Diana built Nature Reserve for WOLF
Human Uma built Nature Reserve for WOLF
Human Charlie built Nature Reserve for WOLF
Human Charlie built Nature Reserve for WOLF
Human Nina built Nature Reserve for WOLF
Human Xander built Nature Reserve for WOLF
Human Quinn built Nature Reserve for WOLF
Human Tina built Nature Reserve for WOLF
Human Tina built Nature Reserve for WOLF
Human Tina built Nature Reserve for WOLF
Human Ruby built Nature Reserve for WOLF
Human Luna built Nature Reserve for WOLF
Human Nina built Nature Reserve for WOLF
Human Tina built Nature Reserve for WOLF
Human Diana built Nature Reserve for WOLF
Human Jack built Nature Reserve for WOLF
Human Grace built Nature Reserve for WOLF
Human Tina built Nature Reserve for WOLF
Human Oscar built Nature Reserve for WOLF
Human Charlie built Nature Reserve for WOLF
Human Eve built Nature Reserve for WOLF
Human Luna built Nature Reserve for WOLF
Human Frank built Nature Reserve for WOLF
Human Jack built Nature Reserve for WOLF
Human Nina built Nature Reserve for WOLF
Human Quinn built Nature Reserve for WOLF
Human Hank built Nature Reserve for WOLF
Human Tina built Nature Reserve for WOLF
Human Charlie built Nature Reserve for WOLF
Human Luna built Nature Reserve for WOLF
Human Ivy built Nature Reserve for WOLF
Human Milo built Nature Reserve for WOLF
Human Grace built Nature Reserve for WOLF
Human Jack built Nature Reserve for WOLF
Human Eve built Nature Reserve for WOLF
Human Eve built Nature Reserve for WOLF
Human Victor built Nature Reserve for WOLF
Human Victor built Nature Reserve for WOLF
Human Ivy built Nature Reserve for WOLF
Human Luna built Nature Reserve for WOLF
Human Tina built Nature Reserve for WOLF
Human Grace built Nature Reserve for WOLF
Human Zane built Nature Reserve for WOLF
Human Charlie built Nature Reserve for WOLF
Human Quinn built Nature Reserve for WOLF
Human Xander built Nature Reserve for WOLF
Human Ruby built Nature Reserve for WOLF
Human Ivy built Nature Reserve for WOLF
Human Tina built Nature Reserve for WOLF
Human Jack built Nature Reserve for WOLF
Human Uma built Nature Reserve for WOLF
Human Uma built Nature Reserve for WOLF
Human Jack built Nature Reserve for WOLF
Human Zane built Nature Reserve for WOLF
Human Luna built Nature Reserve for WOLF
Human Oscar built Nature Reserve for WOLF
Human Victor built Nature Reserve for WOLF
Human Xander built Nature Reserve for WOLF
Human Jack built Nature Reserve for WOLF
Human Nina built Nature Reserve for WOLF
Human Luna built Nature Reserve for WOLF
Human Victor built Nature Reserve for WOLF
Human Ruby built Nature Reserve for WOLF
Human Eve built Nature Reserve for WOLF
Human Grace built Nature Reserve for WOLF
Human Frank built Nature Reserve for WOLF
Human Bob built Nature Reserve for WOLF
Human Grace built Nature Reserve for WOLF
Human Tina built Nature Reserve for WOLF
Human Oscar built Nature Reserve for WOLF
Human Yara built Nature Reserve for WOLF
Human Tina built Nature Reserve for WOLF
Human Zane built Nature Reserve for WOLF
Human Quinn built Nature Reserve for WOLF
Human Quinn built Nature Reserve for WOLF
Human Tina built Nature Reserve for WOLF
Human Grace built Nature Reserve for WOLF
Human Alice built Nature Reserve for WOLF
Human Luna built Nature Reserve for WOLF
Human Uma built Nature Reserve for WOLF
Human Tina built Nature Reserve for WOLF
Human Zane built Nature Reserve for WOLF
Human Wendy built Nature Reserve for WOLF
Human Tina built Nature Reserve for WOLF
Human Luna built Nature Reserve for WOLF
Human Jack built Nature Reserve for WOLF
Human Luna built Nature Reserve for WOLF
Human Ivy built Nature Reserve for WOLF
Human Jack built Nature Reserve for WOLF
Human Xander built Nature Reserve for WOLF
Human Oscar built Nature Reserve for WOLF
Human Ruby built Nature Reserve for WOLF
Human Tina built Nature Reserve for WOLF
Human Hank built Nature Reserve for WOLF
Human Tina built Nature Reserve for WOLF
Human Ruby built Nature Reserve for WOLF
Human Luna built Nature Reserve for WOLF
Human Milo built Nature Reserve for WOLF
Human Ivy built Nature Reserve for WOLF
Human Charlie built Nature Reserve for WOLF
Human Grace built Nature Reserve for WOLF
Human Ivy built Nature Reserve for WOLF
Human Victor built Nature Reserve for WOLF
Human Nina built Nature Reserve for WOLF
Human Eve built Nature Reserve for WOLF
Human Oscar built Nature Reserve for WOLF
Human Jack built Nature Reserve for WOLF
Human Tina built Nature Reserve for WOLF
Human Diana built Nature Reserve for WOLF
Human Hank built Nature Reserve for WOLF
Human Victor built Nature Reserve for WOLF
Human Yara built Nature Reserve for WOLF
Human Xander built Nature Reserve for WOLF
Human Bob built Nature Reserve for WOLF
Human Grace built Nature Reserve for WOLF
Human Oscar built Nature Reserve for WOLF
Human Xander built Nature Reserve for WOLF
Human Yara built Nature Reserve for WOLF
Human Nina built Nature Reserve for WOLF
Human Tina built Nature Reserve for WOLF
Human Xander built Nature Reserve for COW
Human Victor built Nature Reserve for COW
Cow Endangered Reproduction!
Human Hank built Nature Reserve for COW
Cow Endangered Reproduction!
Human Victor built Nature Reserve for COW
Cow Endangered Reproduction!
Cow Endangered Reproduction!
Human Bob built Nature Reserve for COW
Cow Endangered Reproduction!
Human Xander built Nature Reserve for COW
Cow Endangered Reproduction!
Cow Endangered Reproduction!
Cow Endangered Reproduction!
Cow Endangered Reproduction!
Cow Endangered Reproduction!
Human Pip built Nature Reserve for COW
Cow Endangered Reproduction!
Human Bob built Nature Reserve for WOLF
New Faction LIME_192 registered with traits: {
  moveSpeed: [33m0.9260154880556478[39m,
  hungerRate: [33m1.069940991109507[39m,
  visionRadius: [33m0.9719071303263174[39m,
  aggression: [33m1.0031223064709025[39m,
  heatTolerance: [33m0.9970941934451358[39m,
  coldTolerance: [33m0.9948588258426376[39m
}
Societal Split! RED -> LIME_192 (Threshold: 6)
Human Bob built Nature Reserve for WOLF
Human Xander built Nature Reserve for WOLF
Human Victor built Nature Reserve for WOLF
New Faction TEAL_517 registered with traits: {
  moveSpeed: [33m0.9988041754636995[39m,
  hungerRate: [33m1.0819000500060436[39m,
  visionRadius: [33m0.9250754288127963[39m,
  aggression: [33m0.9757633842731429[39m,
  heatTolerance: [33m1.0760888965358348[39m,
  coldTolerance: [33m0.9460808213237806[39m
}
Societal Split! RED -> TEAL_517 (Threshold: 6)
Human Victor built Nature Reserve for WOLF
Human Victor built Nature Reserve for WOLF
Human Xander built Nature Reserve for WOLF
Human Grace built Nature Reserve for WOLF
Human Jack built Nature Reserve for WOLF
Human Hank built Nature Reserve for WOLF
Human Grace built Nature Reserve for WOLF
Human Frank built Nature Reserve for WOLF
Human Bob built Nature Reserve for WOLF
Human Ivy built Nature Reserve for WOLF
Human Wendy built Nature Reserve for WOLF
Human Nina built Nature Reserve for WOLF
Human Ivy built Nature Reserve for WOLF
Human Zane built Nature Reserve for WOLF
Human Grace built Nature Reserve for WOLF
Human Diana built Nature Reserve for WOLF
Human Eve built Nature Reserve for WOLF
Human Victor built Nature Reserve for WOLF
Human Diana built Nature Reserve for WOLF
Human Ivy built Nature Reserve for WOLF
Human Diana built Nature Reserve for WOLF
Human Ivy built Nature Reserve for WOLF
Human Sam built Nature Reserve for WOLF
Human Frank built Nature Reserve for WOLF
Human Charlie built Nature Reserve for WOLF
Human Hank built Nature Reserve for WOLF
Human Diana built Nature Reserve for WOLF
Human Xander built Nature Reserve for WOLF
Human Jack built Nature Reserve for WOLF
Human Nina built Nature Reserve for WOLF
Human Bob built Nature Reserve for WOLF
Human Grace built Nature Reserve for WOLF
Human Pip built Nature Reserve for WOLF
Human Nina built Nature Reserve for WOLF
Human Grace built Nature Reserve for WOLF
Human Eve built Nature Reserve for WOLF
Human Charlie built Nature Reserve for WOLF
Human Bob built Nature Reserve for WOLF
Human Yara built Nature Reserve for WOLF
Human Xander built Nature Reserve for WOLF
Human Diana built Nature Reserve for WOLF
Human Bob built Nature Reserve for WOLF
Human Nina built Nature Reserve for WOLF
Human Jack built Nature Reserve for WOLF
Human Ivy built Nature Reserve for WOLF
Human Quinn built Nature Reserve for WOLF
Human Eve built Nature Reserve for WOLF
Human Nina built Nature Reserve for WOLF
Human Quinn built Nature Reserve for WOLF
Human Nina built Nature Reserve for WOLF
Human Diana built Nature Reserve for WOLF
Human Ivy built Nature Reserve for WOLF
Human Ivy built Nature Reserve for WOLF
Human Zane built Nature Reserve for WOLF
Human Xander built Nature Reserve for WOLF
Human Nina built Nature Reserve for WOLF
Human Xander built Nature Reserve for WOLF
Human Nina built Nature Reserve for WOLF
Human Yara built Nature Reserve for WOLF
Human Zane built Nature Reserve for WOLF
Human Quinn built Nature Reserve for WOLF
Human Xander built Nature Reserve for WOLF
Human Victor built Nature Reserve for WOLF
Human Yara built Nature Reserve for WOLF
Human Grace built Nature Reserve for WOLF
Human Frank built Nature Reserve for WOLF
Human Yara built Nature Reserve for WOLF
Human Victor built Nature Reserve for WOLF
Human Bob built Nature Reserve for WOLF
Human Eve built Nature Reserve for WOLF
Human Hank built Nature Reserve for WOLF
Human Eve built Nature Reserve for WOLF
Human Xander built Nature Reserve for WOLF
Human Pip built Nature Reserve for WOLF
Human Hank built Nature Reserve for WOLF
Human Nina built Nature Reserve for WOLF
Human Xander built Nature Reserve for WOLF
Human Pip built Nature Reserve for WOLF
Human Xander built Nature Reserve for WOLF
Human Oscar built Nature Reserve for WOLF
Human Xander built Nature Reserve for WOLF
Human Yara built Nature Reserve for WOLF
Human Sam built Nature Reserve for WOLF
Human Ivy built Nature Reserve for WOLF
Human Diana built Nature Reserve for WOLF
Human Nina built Nature Reserve for WOLF
Human Uma built Nature Reserve for WOLF
Human Pip built Nature Reserve for WOLF
Human Zane built Nature Reserve for WOLF
Human Yara built Nature Reserve for WOLF
Human Zane built Nature Reserve for WOLF
Human Xander built Nature Reserve for WOLF
Human Pip built Nature Reserve for WOLF
Human Milo built Nature Reserve for WOLF
Human Nina built Nature Reserve for WOLF
Human Jack built Nature Reserve for WOLF
Human Bob built Nature Reserve for WOLF
Human Yara built Nature Reserve for WOLF
Human Ruby built Nature Reserve for WOLF
Human Tina built Nature Reserve for WOLF
Human Victor built Nature Reserve for WOLF
Human Bob built Nature Reserve for WOLF
Human Pip built Nature Reserve for WOLF
Human Ruby built Nature Reserve for WOLF
Human Diana built Nature Reserve for WOLF
Human Hank built Nature Reserve for WOLF
Human Tina built Nature Reserve for WOLF
Human Charlie built Nature Reserve for WOLF
Human Xander built Nature Reserve for WOLF
Human Diana built Nature Reserve for WOLF
Human Sam built Nature Reserve for WOLF
Human Zane built Nature Reserve for WOLF
Human Charlie built Nature Reserve for WOLF
Human Bob built Nature Reserve for WOLF
Human Sam built Nature Reserve for WOLF
Human Bob built Nature Reserve for WOLF
Human Pip built Nature Reserve for WOLF
Human Jack built Nature Reserve for WOLF
Human Diana built Nature Reserve for WOLF
Human Victor built Nature Reserve for WOLF
Human Pip built Nature Reserve for WOLF
Human Bob built Nature Reserve for WOLF
Human Xander built Nature Reserve for WOLF
Human Jack built Nature Reserve for WOLF
Human Pip built Nature Reserve for WOLF
Human Yara built Nature Reserve for WOLF
Human Eve built Nature Reserve for WOLF
Human Charlie built Nature Reserve for WOLF
Human Frank built Nature Reserve for WOLF
Human Xander built Nature Reserve for WOLF
Human Xander built Nature Reserve for WOLF
Human Ruby built Nature Reserve for WOLF
Human Hank built Nature Reserve for WOLF
Human Hank built Nature Reserve for WOLF
Human Eve built Nature Reserve for WOLF
Human Victor built Nature Reserve for WOLF
Human Sam built Nature Reserve for WOLF
Human Hank built Nature Reserve for WOLF
Human Luna built Nature Reserve for WOLF
Human Ruby built Nature Reserve for WOLF
Human Wendy built Nature Reserve for WOLF
Human Nina built Nature Reserve for WOLF
Human Xander built Nature Reserve for WOLF
Human Bob built Nature Reserve for WOLF
Human Pip built Nature Reserve for WOLF
Human Grace built Nature Reserve for WOLF
Human Pip built Nature Reserve for WOLF
Human Xander built Nature Reserve for WOLF
Human Tina built Nature Reserve for WOLF
Human Yara built Nature Reserve for WOLF
Human Ivy built Nature Reserve for WOLF
Human Milo built Nature Reserve for WOLF
Human Charlie built Nature Reserve for WOLF
Human Frank built Nature Reserve for WOLF
Human Wendy built Nature Reserve for WOLF
Human Uma built Nature Reserve for WOLF
Human Hank built Nature Reserve for WOLF
Human Wendy built Nature Reserve for WOLF
Human Yara built Nature Reserve for WOLF
Human Uma built Nature Reserve for WOLF
Human Pip built Nature Reserve for WOLF
Human Victor built Nature Reserve for WOLF
Human Nina built Nature Reserve for WOLF
Human Luna built Nature Reserve for WOLF
Human Milo built Nature Reserve for WOLF
Human Tina built Nature Reserve for WOLF
Human Ruby built Nature Reserve for WOLF
Human Jack built Nature Reserve for WOLF
Human Oscar built Nature Reserve for WOLF
Human Nina built Nature Reserve for WOLF
Human Tina built Nature Reserve for WOLF
Human Ruby built Nature Reserve for WOLF
Human Charlie built Nature Reserve for WOLF
Human Luna built Nature Reserve for WOLF
Human Grace built Nature Reserve for WOLF
Human Xander built Nature Reserve for WOLF
Human Victor built Nature Reserve for WOLF
Human Xander built Nature Reserve for WOLF
Human Charlie built Nature Reserve for WOLF
Human Nina built Nature Reserve for WOLF
Human Sam built Nature Reserve for WOLF
Human Yara built Nature Reserve for WOLF
Human Zane built Nature Reserve for WOLF
Human Wendy built Nature Reserve for WOLF
Human Bob built Nature Reserve for WOLF
Human Frank built Nature Reserve for WOLF
Human Sam built Nature Reserve for WOLF
Human Oscar built Nature Reserve for WOLF
Human Eve built Nature Reserve for WOLF
Human Ivy built Nature Reserve for WOLF
Human Charlie built Nature Reserve for WOLF
Human Hank built Nature Reserve for WOLF
Human Ivy built Nature Reserve for WOLF
Human Diana built Nature Reserve for WOLF
Human Bob built Nature Reserve for WOLF
Human Nina built Nature Reserve for WOLF
Human Frank built Nature Reserve for WOLF
Human Xander built Nature Reserve for WOLF
Human Victor built Nature Reserve for WOLF
Human Wendy built Nature Reserve for WOLF
Human Ivy built Nature Reserve for WOLF
Human Nina built Nature Reserve for WOLF
Human Luna built Nature Reserve for WOLF
New Faction LIME_608 registered with traits: {
  moveSpeed: [33m0.9974875017937113[39m,
  hungerRate: [33m0.9249426358159333[39m,
  visionRadius: [33m0.9534326828322782[39m,
  aggression: [33m0.9873364497222212[39m,
  heatTolerance: [33m0.9434870746013868[39m,
  coldTolerance: [33m1.012795061619255[39m
}
Societal Split! BLUE -> LIME_608 (Threshold: 6)
Cow Endangered Reproduction!
Cow Endangered Reproduction!
Cow Endangered Reproduction!
New Faction ORANGE_37 registered with traits: {
  moveSpeed: [33m1.0401268685037506[39m,
  hungerRate: [33m1.0437046778463586[39m,
  visionRadius: [33m0.9379051972330327[39m,
  aggression: [33m0.9669788080086595[39m,
  heatTolerance: [33m0.9153169980871037[39m,
  coldTolerance: [33m0.9374499896363666[39m
}
Societal Split! BLUE -> ORANGE_37 (Threshold: 6)
New Faction PINK_801 registered with traits: {
  moveSpeed: [33m1.086007501987896[39m,
  hungerRate: [33m0.9710961744171746[39m,
  visionRadius: [33m0.874028838449715[39m,
  aggression: [33m0.9308420208449554[39m,
  heatTolerance: [33m0.946077185334527[39m,
  coldTolerance: [33m0.8761652712172383[39m
}
Societal Split! ORANGE_37 -> PINK_801 (Threshold: 6)
New Faction ORANGE_692 registered with traits: {
  moveSpeed: [33m1.0261489461572342[39m,
  hungerRate: [33m0.9602151003861249[39m,
  visionRadius: [33m0.9819308404535534[39m,
  aggression: [33m1.018301241344557[39m,
  heatTolerance: [33m1.0142891509435932[39m,
  coldTolerance: [33m0.965385802703957[39m
}
Societal Split! RED -> ORANGE_692 (Threshold: 6)
Cow Endangered Reproduction!
Cow Endangered Reproduction!
Cow Endangered Reproduction!
New Faction INDIGO_723 registered with traits: {
  moveSpeed: [33m0.9390883539115289[39m,
  hungerRate: [33m0.9025800116686595[39m,
  visionRadius: [33m1.0685405707912035[39m,
  aggression: [33m0.940371677964372[39m,
  heatTolerance: [33m0.9553237112965366[39m,
  coldTolerance: [33m0.9805197017660419[39m
}
Societal Split! RED -> INDIGO_723 (Threshold: 6)
Cow Endangered Reproduction!
Cow Endangered Reproduction!
Cow Endangered Reproduction!
Cow Endangered Reproduction!
Cow Endangered Reproduction!
New Faction INDIGO_182 registered with traits: {
  moveSpeed: [33m0.9731664820022761[39m,
  hungerRate: [33m1.0428818886712272[39m,
  visionRadius: [33m1.002495656205081[39m,
  aggression: [33m0.9676689717276777[39m,
  heatTolerance: [33m0.92639465223932[39m,
  coldTolerance: [33m0.9873503946335329[39m
}
Societal Split! RED -> INDIGO_182 (Threshold: 6)
Cow Endangered Reproduction!
Cow Endangered Reproduction!
Cow Endangered Reproduction!
Cow Endangered Reproduction!
Cow Endangered Reproduction!
Cow Endangered Reproduction!
Cow Endangered Reproduction!
Cow Endangered Reproduction!
Cow Endangered Reproduction!
Cow Endangered Reproduction!
Cow Endangered Reproduction!
Cow Endangered Reproduction!
Cow Endangered Reproduction!
Cow Endangered Reproduction!
Cow Endangered Reproduction!
Cow Endangered Reproduction!
Human Uma built Nature Reserve for COW
Human Uma built Nature Reserve for COW
Human Wendy built Nature Reserve for COW
Cow Endangered Reproduction!
Human Luna built Nature Reserve for COW
Cow Endangered Reproduction!
Cow Endangered Reproduction!
Cow Endangered Reproduction!
Cow Endangered Reproduction!
Human Jack built Nature Reserve for COW
Human Uma built Nature Reserve for COW
Human Ivy built Nature Reserve for COW
Human Charlie built Nature Reserve for COW
Cow Endangered Reproduction!
Human Hank built Nature Reserve for COW
Human Sam built Nature Reserve for COW
Human Ivy built Nature Reserve for COW
Human Charlie built Nature Reserve for COW
Human Charlie built Nature Reserve for COW
Human Pip built Nature Reserve for COW
Human Jack built Nature Reserve for COW
Human Nina built Nature Reserve for COW
Cow Endangered Reproduction!
Human Wendy built Nature Reserve for COW
Human Alice built Nature Reserve for COW
Human Milo built Nature Reserve for COW
Human Quinn built Nature Reserve for COW
Cow Endangered Reproduction!
Human Diana built Nature Reserve for COW
Human Eve built Nature Reserve for COW
Cow Endangered Reproduction!
Human Diana built Nature Reserve for WOLF
Human Eve built Nature Reserve for WOLF
Human Jack built Nature Reserve for WOLF
Human Nina built Nature Reserve for WOLF
Human Ivy built Nature Reserve for WOLF
Human Yara built Nature Reserve for WOLF
Human Hank built Nature Reserve for WOLF
Human Oscar built Nature Reserve for WOLF
Human Uma built Nature Reserve for WOLF
Human Ivy built Nature Reserve for WOLF
Human Milo built Nature Reserve for WOLF
Human Zane built Nature Reserve for WOLF
Human Hank built Nature Reserve for WOLF
Human Uma built Nature Reserve for WOLF
Human Wendy built Nature Reserve for WOLF
Human Alice built Nature Reserve for WOLF
Human Zane built Nature Reserve for WOLF
Human Xander built Nature Reserve for WOLF
Human Yara built Nature Reserve for WOLF
Human Charlie built Nature Reserve for WOLF
Human Hank built Nature Reserve for WOLF
Human Pip built Nature Reserve for WOLF
Human Ivy built Nature Reserve for WOLF
Human Yara built Nature Reserve for WOLF
Human Charlie built Nature Reserve for WOLF
Human Ruby built Nature Reserve for WOLF
Human Ivy built Nature Reserve for WOLF
Human Milo built Nature Reserve for WOLF
Human Wendy built Nature Reserve for WOLF
Human Eve built Nature Reserve for WOLF
Human Victor built Nature Reserve for WOLF
Human Ruby built Nature Reserve for WOLF
Human Milo built Nature Reserve for WOLF
Human Diana built Nature Reserve for WOLF
Human Wendy built Nature Reserve for WOLF
Human Wendy built Nature Reserve for WOLF
Human Pip built Nature Reserve for WOLF
Human Uma built Nature Reserve for WOLF
Human Nina built Nature Reserve for WOLF
Human Ruby built Nature Reserve for WOLF
Human Eve built Nature Reserve for WOLF
Human Oscar built Nature Reserve for WOLF
Human Uma built Nature Reserve for WOLF
Human Yara built Nature Reserve for WOLF
Human Eve built Nature Reserve for WOLF
Human Diana built Nature Reserve for WOLF
Human Wendy built Nature Reserve for WOLF
Human Nina built Nature Reserve for WOLF
Human Hank built Nature Reserve for WOLF
Human Zane built Nature Reserve for WOLF
Human Jack built Nature Reserve for WOLF
Human Zane built Nature Reserve for WOLF
Human Grace built Nature Reserve for WOLF
Human Uma built Nature Reserve for WOLF
Human Alice built Nature Reserve for WOLF
Human Oscar built Nature Reserve for WOLF
Human Yara built Nature Reserve for WOLF
Human Milo built Nature Reserve for WOLF
Human Victor built Nature Reserve for WOLF
Human Yara built Nature Reserve for WOLF
Human Wendy built Nature Reserve for WOLF
Human Quinn built Nature Reserve for WOLF
Human Bob built Nature Reserve for WOLF
Human Jack built Nature Reserve for WOLF
Human Diana built Nature Reserve for WOLF
Human Eve built Nature Reserve for WOLF
Human Eve built Nature Reserve for WOLF
Human Pip built Nature Reserve for WOLF
Human Victor built Nature Reserve for WOLF
Human Diana built Nature Reserve for WOLF
Human Sam built Nature Reserve for WOLF
Human Uma built Nature Reserve for WOLF
Human Wendy built Nature Reserve for WOLF
Human Luna built Nature Reserve for WOLF
Human Charlie built Nature Reserve for WOLF
Human Ruby built Nature Reserve for WOLF
Human Hank built Nature Reserve for WOLF
Human Pip built Nature Reserve for WOLF
Human Jack built Nature Reserve for WOLF
Human Ivy built Nature Reserve for WOLF
Human Yara built Nature Reserve for WOLF
Human Hank built Nature Reserve for WOLF
Human Diana built Nature Reserve for WOLF
Human Eve built Nature Reserve for WOLF
Human Grace built Nature Reserve for WOLF
Human Alice built Nature Reserve for WOLF
Human Charlie built Nature Reserve for WOLF
Human Ruby built Nature Reserve for WOLF
Human Xander built Nature Reserve for WOLF
Human Eve built Nature Reserve for WOLF
Human Victor built Nature Reserve for WOLF
Human Diana built Nature Reserve for WOLF
Human Ruby built Nature Reserve for WOLF
Human Sam built Nature Reserve for WOLF
Human Milo built Nature Reserve for WOLF
Human Jack built Nature Reserve for WOLF
Human Grace built Nature Reserve for WOLF
Human Oscar built Nature Reserve for WOLF
Human Diana built Nature Reserve for WOLF
Human Nina built Nature Reserve for WOLF
Human Grace built Nature Reserve for WOLF
Human Ruby built Nature Reserve for WOLF
Human Tina built Nature Reserve for WOLF
Human Quinn built Nature Reserve for WOLF
Human Pip built Nature Reserve for WOLF
Human Xander built Nature Reserve for WOLF
Human Wendy built Nature Reserve for WOLF
Human Victor built Nature Reserve for WOLF
Human Pip built Nature Reserve for WOLF
Human Yara built Nature Reserve for WOLF
Human Uma built Nature Reserve for WOLF
Human Frank built Nature Reserve for WOLF
Human Tina built Nature Reserve for WOLF
Human Grace built Nature Reserve for WOLF
Human Eve built Nature Reserve for WOLF
Human Quinn built Nature Reserve for WOLF
Human Diana built Nature Reserve for WOLF
Human Ruby built Nature Reserve for WOLF
Human Alice built Nature Reserve for WOLF
Human Nina built Nature Reserve for WOLF
Human Bob built Nature Reserve for WOLF
Human Yara built Nature Reserve for WOLF
Human Yara built Nature Reserve for WOLF
Human Yara built Nature Reserve for WOLF
Human Tina built Nature Reserve for WOLF
Human Bob built Nature Reserve for WOLF
Human Sam built Nature Reserve for WOLF
Human Ruby built Nature Reserve for WOLF
Human Eve built Nature Reserve for WOLF
Human Wendy built Nature Reserve for WOLF
Human Wendy built Nature Reserve for WOLF
Human Victor built Nature Reserve for WOLF
Human Tina built Nature Reserve for WOLF
Human Eve built Nature Reserve for WOLF
Human Jack built Nature Reserve for WOLF
Human Jack built Nature Reserve for WOLF
Human Diana built Nature Reserve for WOLF
Human Charlie built Nature Reserve for WOLF
Human Milo built Nature Reserve for WOLF
Human Ruby built Nature Reserve for WOLF
Human Victor built Nature Reserve for WOLF
Human Bob built Nature Reserve for WOLF
Human Uma built Nature Reserve for WOLF
Human Yara built Nature Reserve for WOLF
Human Sam built Nature Reserve for WOLF
Human Frank built Nature Reserve for WOLF
Human Charlie built Nature Reserve for WOLF
Human Alice built Nature Reserve for WOLF
Human Jack built Nature Reserve for WOLF
Human Charlie built Nature Reserve for WOLF
Human Uma built Nature Reserve for WOLF
Human Ruby built Nature Reserve for WOLF
Human Ivy built Nature Reserve for WOLF
Human Uma built Nature Reserve for WOLF
Human Wendy built Nature Reserve for WOLF
Human Nina built Nature Reserve for WOLF
Human Tina built Nature Reserve for WOLF
Human Ivy built Nature Reserve for WOLF
Human Ivy built Nature Reserve for WOLF
Human Xander built Nature Reserve for WOLF
Human Hank built Nature Reserve for WOLF
Human Grace built Nature Reserve for WOLF
Human Quinn built Nature Reserve for WOLF
Human Wendy built Nature Reserve for WOLF
Human Grace built Nature Reserve for WOLF
Human Yara built Nature Reserve for WOLF
Human Alice built Nature Reserve for WOLF
Human Sam built Nature Reserve for WOLF
Human Uma built Nature Reserve for WOLF
Human Zane built Nature Reserve for WOLF
Human Nina built Nature Reserve for WOLF
Human Grace built Nature Reserve for WOLF
Human Uma built Nature Reserve for WOLF
Human Pip built Nature Reserve for WOLF
Human Eve built Nature Reserve for WOLF
Human Quinn built Nature Reserve for WOLF
Human Pip built Nature Reserve for WOLF
Human Tina built Nature Reserve for WOLF
Human Xander built Nature Reserve for WOLF
Human Ivy built Nature Reserve for WOLF
Human Victor built Nature Reserve for WOLF
Human Alice built Nature Reserve for WOLF
Human Wendy built Nature Reserve for WOLF
Human Yara built Nature Reserve for WOLF
Human Uma built Nature Reserve for WOLF
Human Frank built Nature Reserve for WOLF
Human Tina built Nature Reserve for WOLF
Human Victor built Nature Reserve for WOLF
Human Quinn built Nature Reserve for WOLF
Human Oscar built Nature Reserve for WOLF
Human Nina built Nature Reserve for WOLF
Human Wendy built Nature Reserve for WOLF
Human Jack built Nature Reserve for WOLF
Human Quinn built Nature Reserve for WOLF
Human Bob built Nature Reserve for WOLF
Human Pip built Nature Reserve for WOLF
Human Grace built Nature Reserve for WOLF
Human Bob built Nature Reserve for WOLF
Human Wendy built Nature Reserve for WOLF
Human Ruby built Nature Reserve for WOLF
Human Eve built Nature Reserve for WOLF
Human Xander built Nature Reserve for WOLF
Human Xander built Nature Reserve for WOLF
Human Ivy built Nature Reserve for WOLF
Human Eve built Nature Reserve for WOLF
Human Quinn built Nature Reserve for WOLF
Human Quinn built Nature Reserve for WOLF
Human Bob built Nature Reserve for WOLF
Human Milo built Nature Reserve for WOLF
Human Grace built Nature Reserve for WOLF
Human Frank built Nature Reserve for WOLF
Human Eve built Nature Reserve for WOLF
Human Xander built Nature Reserve for WOLF
Human Milo built Nature Reserve for WOLF
Human Nina built Nature Reserve for WOLF
Human Ruby built Nature Reserve for WOLF
Human Diana built Nature Reserve for WOLF
Human Bob built Nature Reserve for WOLF
Human Alice built Nature Reserve for WOLF
Human Milo built Nature Reserve for WOLF
Human Tina built Nature Reserve for WOLF
Human Wendy built Nature Reserve for WOLF
Human Grace built Nature Reserve for WOLF
Human Charlie built Nature Reserve for WOLF
Human Yara built Nature Reserve for WOLF
Human Milo built Nature Reserve for WOLF
Human Tina built Nature Reserve for WOLF
Human Charlie built Nature Reserve for WOLF
Human Xander built Nature Reserve for WOLF
Human Bob built Nature Reserve for WOLF
Human Frank built Nature Reserve for WOLF
Human Milo built Nature Reserve for WOLF
Final population: 1006

 [32m✓[39m src/engine/LongRun.test.js [2m([22m[2m1 test[22m[2m)[22m[33m 11734[2mms[22m[39m
     [33m[2m✓[22m[39m should run for 1000 ticks without crashing or exploding [33m 11727[2mms[22m[39m
[90mstdout[2m | src/engine/War.test.js[2m > [22m[2mPopulation Control (War)[2m > [22m[2mShould split easily when overpopulated
[22m[39mNew Faction ORANGE_909 registered with traits: {
  moveSpeed: [33m0.9998099774628894[39m,
  hungerRate: [33m0.920297993613144[39m,
  visionRadius: [33m0.9365884133556354[39m,
  aggression: [33m1.065155241292268[39m,
  heatTolerance: [33m1.0973748208085192[39m,
  coldTolerance: [33m0.997400291581992[39m
}
Societal Split! RED -> ORANGE_909 (Threshold: 2)

 [32m✓[39m src/engine/War.test.js [2m([22m[2m3 tests[22m[2m)[22m[32m 58[2mms[22m[39m
 [32m✓[39m src/engine/AnimalGenetics.test.js [2m([22m[2m4 tests[22m[2m)[22m[32m 32[2mms[22m[39m
 [32m✓[39m src/entities/AnimalIntegration.test.js [2m([22m[2m5 tests[22m[2m)[22m[32m 46[2mms[22m[39m
 [32m✓[39m src/engine/StatsDrift.test.js [2m([22m[2m3 tests[22m[2m)[22m[32m 35[2mms[22m[39m
[90mstdout[2m | src/engine/Genetics.test.js[2m > [22m[2mFaction Genetics[2m > [22m[2mMutates traits when registering new faction
[22m[39mNew Faction BLUE registered with traits: {
  moveSpeed: [33m0.9434660931591419[39m,
  hungerRate: [33m0.989327988752011[39m,
  visionRadius: [33m1.0321011287053834[39m,
  aggression: [33m0.9383918742082774[39m,
  heatTolerance: [33m0.9257846766338977[39m,
  coldTolerance: [33m0.9304836801376223[39m
}

 [32m✓[39m src/engine/Genetics.test.js [2m([22m[2m4 tests[22m[2m)[22m[32m 98[2mms[22m[39m
 [32m✓[39m src/components/Settings.test.js [2m([22m[2m1 test[22m[2m)[22m[32m 38[2mms[22m[39m
 [32m✓[39m src/engine/BerryControl.test.js [2m([22m[2m2 tests[22m[2m)[22m[32m 16[2mms[22m[39m
 [32m✓[39m src/engine/Terrain.test.js [2m([22m[2m3 tests[22m[2m)[22m[32m 55[2mms[22m[39m
 [32m✓[39m src/engine/Poop.test.js [2m([22m[2m3 tests[22m[2m)[22m[32m 38[2mms[22m[39m
 [2m[90m↓[39m[22m src/engine/Fuzzing.test.js [2m([22m[2m1 test[22m[2m | [22m[33m1 skipped[39m[2m)[22m

[31m⎯⎯⎯⎯⎯⎯⎯[39m[1m[41m Failed Tests 4 [49m[22m[31m⎯⎯⎯⎯⎯⎯⎯[39m

[41m[1m FAIL [22m[49m src/engine/Frenzy.test.js[2m > [22mFrenzy Mechanics[2m > [22mCow should NOT enter frenzy when berries are low
[31m[1mAssertionError[22m: expected 50 to be 200 // Object.is equality[39m

[32m- Expected[39m
[31m+ Received[39m

[32m- 200[39m
[31m+ 50[39m

[36m [2m❯[22m src/engine/Frenzy.test.js:[2m64:41[22m[39m
    [90m 62| [39m        // Normal cooldown is 200 (from code logic, though Config says…
    [90m 63| [39m        [90m// In Cow.js: let cooldown = 200;[39m
    [90m 64| [39m        [34mexpect[39m(c1[33m.[39mreproductionCooldown)[33m.[39m[34mtoBe[39m([34m200[39m)[33m;[39m
    [90m   | [39m                                        [31m^[39m
    [90m 65| [39m    })[33m;[39m
    [90m 66| [39m

[31m[2m⎯⎯⎯⎯⎯⎯⎯⎯⎯⎯⎯⎯⎯⎯⎯⎯⎯⎯⎯⎯⎯⎯⎯⎯[1/4]⎯[22m[39m

[41m[1m FAIL [22m[49m src/engine/Ecosystem.test.js[2m > [22mEcosystem Behaviors[2m > [22mHuman should plant tree when trees are low
[31m[1mAssertionError[22m: expected 0 to be greater than 0[39m
[36m [2m❯[22m src/engine/Ecosystem.test.js:[2m38:41[22m[39m
    [90m 36| [39m        [35mfor[39m ([35mlet[39m i [33m=[39m [34m0[39m[33m;[39m i [33m<[39m [34m5[39m[33m;[39m i[33m++[39m) world[33m.[39m[34mtick[39m()[33m;[39m
    [90m 37| [39m
    [90m 38| [39m        [34mexpect[39m(world[33m.[39mentityCounts[33m.[39mtree)[33m.[39m[34mtoBeGreaterThan[39m([34m0[39m)[33m;[39m
    [90m   | [39m                                        [31m^[39m
    [90m 39| [39m        [35mconst[39m tree [33m=[39m world[33m.[39mentities[33m.[39m[34mfind[39m(e [33m=>[39m e[33m.[39mtype [33m===[39m [32m'tree'[39m)[33m;[39m
    [90m 40| [39m        [34mexpect[39m(tree)[33m.[39m[34mtoBeDefined[39m()[33m;[39m

[31m[2m⎯⎯⎯⎯⎯⎯⎯⎯⎯⎯⎯⎯⎯⎯⎯⎯⎯⎯⎯⎯⎯⎯⎯⎯[2/4]⎯[22m[39m

[41m[1m FAIL [22m[49m src/engine/Ecosystem.test.js[2m > [22mEcosystem Behaviors[2m > [22mHuman should build NatureReserve for Cows when cows are low
[31m[1mAssertionError[22m: expected 'wolf' to be 'cow' // Object.is equality[39m

Expected: [32m"cow"[39m
Received: [31m"wolf"[39m

[36m [2m❯[22m src/engine/Ecosystem.test.js:[2m129:35[22m[39m
    [90m127| [39m        const reserve = world.entities.find(e => e.type === 'natureres…
    [90m128| [39m        [34mexpect[39m(reserve)[33m.[39m[34mtoBeDefined[39m()[33m;[39m
    [90m129| [39m        [34mexpect[39m(reserve[33m.[39mspawnType)[33m.[39m[34mtoBe[39m([32m'cow'[39m)[33m;[39m
    [90m   | [39m                                  [31m^[39m
    [90m130| [39m    })[33m;[39m
    [90m131| [39m

[31m[2m⎯⎯⎯⎯⎯⎯⎯⎯⎯⎯⎯⎯⎯⎯⎯⎯⎯⎯⎯⎯⎯⎯⎯⎯[3/4]⎯[22m[39m

[41m[1m FAIL [22m[49m src/engine/Civilization.test.js[2m > [22mCivilization Behaviors[2m > [22mHuman should gather wood from Tree
[31m[1mAssertionError[22m: expected [ Human{ x: 6, y: 6, …(20) }, …(1) ] to not include Tree{ x: 6, y: 5, type: 'tree', …(7) }[39m
[36m [2m❯[22m src/engine/Civilization.test.js:[2m26:36[22m[39m
    [90m 24| [39m        world[33m.[39m[34mtick[39m()[33m;[39m
    [90m 25| [39m
    [90m 26| [39m        expect(world.entities).not.toContain(tree); // Tree should be …
    [90m   | [39m                                   [31m^[39m
    [90m 27| [39m        [34mexpect[39m(human[33m.[39mwood)[33m.[39m[34mtoBe[39m([34m5[39m)[33m;[39m [90m// Human should have wood[39m
    [90m 28| [39m    })[33m;[39m

[31m[2m⎯⎯⎯⎯⎯⎯⎯⎯⎯⎯⎯⎯⎯⎯⎯⎯⎯⎯⎯⎯⎯⎯⎯⎯[4/4]⎯[22m[39m


[2m Test Files [22m [1m[31m3 failed[39m[22m[2m | [22m[1m[32m23 passed[39m[22m[2m | [22m[33m1 skipped[39m[90m (27)[39m
[2m      Tests [22m [1m[31m4 failed[39m[22m[2m | [22m[1m[32m81 passed[39m[22m[2m | [22m[33m2 skipped[39m[90m (87)[39m
[2m   Start at [22m 21:57:29
[2m   Duration [22m 42.47s

[1m[41m FAIL [49m[22m [31mTests failed. Watching for file changes...[39m
       [2mpress [22m[1mh[22m[2m to show help[22m[2m, [22m[2mpress [22m[1mq[22m[2m to quit[22m
c[3J[1m[44m RERUN [49m[22m [34m[2msrc/engine/RandomEventSystem.js [22m[39m

 [31m❯[39m src/engine/Ecosystem.test.js [2m([22m[2m6 tests[22m[2m | [22m[31m2 failed[39m[2m)[22m[33m 491[2mms[22m[39m
[31m     [31m×[31m Human should plant tree when trees are low[39m[32m 57[2mms[22m[39m
     [32m✓[39m Human should cull wolves when too many[32m 234[2mms[22m[39m
     [32m✓[39m Human should build NatureReserve when wolves are low[32m 56[2mms[22m[39m
     [32m✓[39m NatureReserve should spawn wolves[32m 7[2mms[22m[39m
[31m     [31m×[31m Human should build NatureReserve for Cows when cows are low[39m[32m 124[2mms[22m[39m
     [32m✓[39m NatureReserve should spawn cows[32m 9[2mms[22m[39m
 [31m❯[39m src/engine/Frenzy.test.js [2m([22m[2m3 tests[22m[2m | [22m[31m1 failed[39m[2m)[22m[32m 162[2mms[22m[39m
     [32m✓[39m Cow should enter frenzy when berries are high[32m 51[2mms[22m[39m
[31m     [31m×[31m Cow should NOT enter frenzy when berries are low[39m[32m 98[2mms[22m[39m
     [32m✓[39m Wolf should enter frenzy when cows are high[32m 4[2mms[22m[39m
 [31m❯[39m src/engine/Civilization.test.js [2m([22m[2m3 tests[22m[2m | [22m[31m1 failed[39m[2m | [22m[33m1 skipped[39m[2m)[22m[32m 120[2mms[22m[39m
[31m     [31m×[31m Human should gather wood from Tree[39m[32m 23[2mms[22m[39m
     [32m✓[39m Human should build House when having enough wood[32m 73[2mms[22m[39m
     [2m[90m↓[39m[22m Human should seek shelter in House when threatened
 [32m✓[39m src/components/Settings.test.js [2m([22m[2m1 test[22m[2m)[22m[32m 27[2mms[22m[39m
 [32m✓[39m src/engine/Earthquake.test.js [2m([22m[2m3 tests[22m[2m)[22m[33m 383[2mms[22m[39m
 [32m✓[39m src/engine/RandomEventSystem.test.js [2m([22m[2m4 tests[22m[2m)[22m[32m 114[2mms[22m[39m
 [32m✓[39m src/engine/PopulationSafetyNet.test.js [2m([22m[2m2 tests[22m[2m)[22m[33m 2452[2mms[22m[39m
     [33m[2m✓[22m[39m should cull population when it exceeds 1000 [33m 2435[2mms[22m[39m
 [32m✓[39m src/engine/EventConfig.test.js [2m([22m[2m6 tests[22m[2m)[22m[32m 16[2mms[22m[39m
 [32m✓[39m src/engine/Volcano.test.js [2m([22m[2m3 tests[22m[2m)[22m[32m 38[2mms[22m[39m

[2m Test Files [22m [1m[31m3 failed[39m[22m[2m | [22m[1m[32m6 passed[39m[22m[90m (9)[39m
[2m      Tests [22m [1m[31m4 failed[39m[22m[2m | [22m[1m[32m26 passed[39m[22m[2m | [22m[33m1 skipped[39m[90m (31)[39m
[2m   Start at [22m 21:58:01
[2m   Duration [22m 14.65s

[1m[42m PASS [49m[22m [32mWaiting for file changes...[39m
       [2mpress [22m[1mh[22m[2m to show help[22m[2m, [22m[2mpress [22m[1mq[22m[2m to quit[22m
c[3J[1m[44m RERUN [49m[22m [34m[2msrc/engine/RandomEventSystem.js [22m[39m

 [31m❯[39m src/engine/Ecosystem.test.js [2m([22m[2m6 tests[22m[2m | [22m[31m2 failed[39m[2m)[22m[33m 491[2mms[22m[39m
[31m     [31m×[31m Human should plant tree when trees are low[39m[32m 57[2mms[22m[39m
     [32m✓[39m Human should cull wolves when too many[32m 234[2mms[22m[39m
     [32m✓[39m Human should build NatureReserve when wolves are low[32m 56[2mms[22m[39m
     [32m✓[39m NatureReserve should spawn wolves[32m 7[2mms[22m[39m
[31m     [31m×[31m Human should build NatureReserve for Cows when cows are low[39m[32m 124[2mms[22m[39m
     [32m✓[39m NatureReserve should spawn cows[32m 9[2mms[22m[39m
 [31m❯[39m src/engine/Frenzy.test.js [2m([22m[2m3 tests[22m[2m | [22m[31m1 failed[39m[2m)[22m[32m 162[2mms[22m[39m
     [32m✓[39m Cow should enter frenzy when berries are high[32m 51[2mms[22m[39m
[31m     [31m×[31m Cow should NOT enter frenzy when berries are low[39m[32m 98[2mms[22m[39m
     [32m✓[39m Wolf should enter frenzy when cows are high[32m 4[2mms[22m[39m
 [31m❯[39m src/engine/Civilization.test.js [2m([22m[2m3 tests[22m[2m | [22m[31m1 failed[39m[2m | [22m[33m1 skipped[39m[2m)[22m[32m 120[2mms[22m[39m
[31m     [31m×[31m Human should gather wood from Tree[39m[32m 23[2mms[22m[39m
     [32m✓[39m Human should build House when having enough wood[32m 73[2mms[22m[39m
     [2m[90m↓[39m[22m Human should seek shelter in House when threatened
 [32m✓[39m src/engine/Volcano.test.js [2m([22m[2m3 tests[22m[2m)[22m[33m 554[2mms[22m[39m
 [32m✓[39m src/engine/RandomEventSystem.test.js [2m([22m[2m4 tests[22m[2m)[22m[33m 591[2mms[22m[39m
 [32m✓[39m src/engine/Earthquake.test.js [2m([22m[2m3 tests[22m[2m)[22m[32m 44[2mms[22m[39m
 [32m✓[39m src/engine/PopulationSafetyNet.test.js [2m([22m[2m2 tests[22m[2m)[22m[33m 1431[2mms[22m[39m
     [33m[2m✓[22m[39m should cull population when it exceeds 1000 [33m 1344[2mms[22m[39m
 [32m✓[39m src/engine/EventConfig.test.js [2m([22m[2m6 tests[22m[2m)[22m[32m 18[2mms[22m[39m
 [32m✓[39m src/components/Settings.test.js [2m([22m[2m1 test[22m[2m)[22m[32m 9[2mms[22m[39m

[2m Test Files [22m [1m[31m3 failed[39m[22m[2m | [22m[1m[32m6 passed[39m[22m[90m (9)[39m
[2m      Tests [22m [1m[31m4 failed[39m[22m[2m | [22m[1m[32m26 passed[39m[22m[2m | [22m[33m1 skipped[39m[90m (31)[39m
[2m   Start at [22m 21:58:11
[2m   Duration [22m 20.05s

[1m[42m PASS [49m[22m [32mWaiting for file changes...[39m
       [2mpress [22m[1mh[22m[2m to show help[22m[2m, [22m[2mpress [22m[1mq[22m[2m to quit[22m
c[3J[1m[44m RERUN [49m[22m [34m[2msrc/engine/Weather.test.js [22m[34mx1 [34m[39m

 [31m❯[39m src/engine/Ecosystem.test.js [2m([22m[2m6 tests[22m[2m | [22m[31m2 failed[39m[2m)[22m[33m 491[2mms[22m[39m
[31m     [31m×[31m Human should plant tree when trees are low[39m[32m 57[2mms[22m[39m
     [32m✓[39m Human should cull wolves when too many[32m 234[2mms[22m[39m
     [32m✓[39m Human should build NatureReserve when wolves are low[32m 56[2mms[22m[39m
     [32m✓[39m NatureReserve should spawn wolves[32m 7[2mms[22m[39m
[31m     [31m×[31m Human should build NatureReserve for Cows when cows are low[39m[32m 124[2mms[22m[39m
     [32m✓[39m NatureReserve should spawn cows[32m 9[2mms[22m[39m
 [31m❯[39m src/engine/Frenzy.test.js [2m([22m[2m3 tests[22m[2m | [22m[31m1 failed[39m[2m)[22m[32m 162[2mms[22m[39m
     [32m✓[39m Cow should enter frenzy when berries are high[32m 51[2mms[22m[39m
[31m     [31m×[31m Cow should NOT enter frenzy when berries are low[39m[32m 98[2mms[22m[39m
     [32m✓[39m Wolf should enter frenzy when cows are high[32m 4[2mms[22m[39m
 [31m❯[39m src/engine/Civilization.test.js [2m([22m[2m3 tests[22m[2m | [22m[31m1 failed[39m[2m | [22m[33m1 skipped[39m[2m)[22m[32m 120[2mms[22m[39m
[31m     [31m×[31m Human should gather wood from Tree[39m[32m 23[2mms[22m[39m
     [32m✓[39m Human should build House when having enough wood[32m 73[2mms[22m[39m
     [2m[90m↓[39m[22m Human should seek shelter in House when threatened

[31m⎯⎯⎯⎯⎯⎯[39m[1m[41m Failed Suites 1 [49m[22m[31m⎯⎯⎯⎯⎯⎯⎯[39m

[41m[1m FAIL [22m[49m src/engine/Weather.test.js[2m [ src/engine/Weather.test.js ][22m
[31m[1mError[22m: No test suite found in file /home/ewrdad/portfolio/life-simulator/src/engine/Weather.test.js[39m
[31m[2m⎯⎯⎯⎯⎯⎯⎯⎯⎯⎯⎯⎯⎯⎯⎯⎯⎯⎯⎯⎯⎯⎯⎯⎯[1/1]⎯[22m[39m


[2m Test Files [22m [1m[31m4 failed[39m[22m[90m (4)[39m
[2m      Tests [22m [1m[31m4 failed[39m[22m[2m | [22m[1m[32m7 passed[39m[22m[2m | [22m[33m1 skipped[39m[90m (12)[39m
[2m   Start at [22m 21:58:41
[2m   Duration [22m 37ms

[1m[41m FAIL [49m[22m [31mTests failed. Watching for file changes...[39m
       [2mpress [22m[1mh[22m[2m to show help[22m[2m, [22m[2mpress [22m[1mq[22m[2m to quit[22m
c[3J[1m[44m RERUN [49m[22m [34m[2msrc/engine/Weather.test.js [22m[34mx2 [34m[39m

 [31m❯[39m src/engine/Ecosystem.test.js [2m([22m[2m6 tests[22m[2m | [22m[31m2 failed[39m[2m)[22m[33m 491[2mms[22m[39m
[31m     [31m×[31m Human should plant tree when trees are low[39m[32m 57[2mms[22m[39m
     [32m✓[39m Human should cull wolves when too many[32m 234[2mms[22m[39m
     [32m✓[39m Human should build NatureReserve when wolves are low[32m 56[2mms[22m[39m
     [32m✓[39m NatureReserve should spawn wolves[32m 7[2mms[22m[39m
[31m     [31m×[31m Human should build NatureReserve for Cows when cows are low[39m[32m 124[2mms[22m[39m
     [32m✓[39m NatureReserve should spawn cows[32m 9[2mms[22m[39m
 [31m❯[39m src/engine/Frenzy.test.js [2m([22m[2m3 tests[22m[2m | [22m[31m1 failed[39m[2m)[22m[32m 162[2mms[22m[39m
     [32m✓[39m Cow should enter frenzy when berries are high[32m 51[2mms[22m[39m
[31m     [31m×[31m Cow should NOT enter frenzy when berries are low[39m[32m 98[2mms[22m[39m
     [32m✓[39m Wolf should enter frenzy when cows are high[32m 4[2mms[22m[39m
 [31m❯[39m src/engine/Civilization.test.js [2m([22m[2m3 tests[22m[2m | [22m[31m1 failed[39m[2m | [22m[33m1 skipped[39m[2m)[22m[32m 120[2mms[22m[39m
[31m     [31m×[31m Human should gather wood from Tree[39m[32m 23[2mms[22m[39m
     [32m✓[39m Human should build House when having enough wood[32m 73[2mms[22m[39m
     [2m[90m↓[39m[22m Human should seek shelter in House when threatened
 [31m❯[39m src/engine/Weather.test.js [2m([22m[2m2 tests[22m[2m | [22m[31m2 failed[39m[2m)[22m[32m 21[2mms[22m[39m
[31m     [31m×[31m Heat Wave should kill low tolerance entities[39m[32m 18[2mms[22m[39m
[31m     [31m×[31m Monsoon should spawn water[39m[32m 2[2mms[22m[39m

[31m⎯⎯⎯⎯⎯⎯⎯[39m[1m[41m Failed Tests 2 [49m[22m[31m⎯⎯⎯⎯⎯⎯⎯[39m

[41m[1m FAIL [22m[49m src/engine/Weather.test.js[2m > [22mWeather Events[2m > [22mHeat Wave should kill low tolerance entities
[31m[1mTypeError[22m: eventSystem.handleHeatWave is not a function[39m
[36m [2m❯[22m src/engine/Weather.test.js:[2m33:29[22m[39m
    [90m 31| [39m        [35mfor[39m ([35mlet[39m i [33m=[39m [34m0[39m[33m;[39m i [33m<[39m [34m10[39m[33m;[39m i[33m++[39m) {
    [90m 32| [39m            [35mif[39m ([33m![39mweakHuman[33m.[39mmarkedForDeletion) {
    [90m 33| [39m                eventSystem[33m.[39m[34mhandleHeatWave[39m()[33m;[39m
    [90m   | [39m                            [31m^[39m
    [90m 34| [39m                [35mif[39m (weakHuman[33m.[39mmarkedForDeletion) weakDied [33m=[39m [35mtrue[39m[33m;[39m
    [90m 35| [39m            }

[31m[2m⎯⎯⎯⎯⎯⎯⎯⎯⎯⎯⎯⎯⎯⎯⎯⎯⎯⎯⎯⎯⎯⎯⎯⎯[1/2]⎯[22m[39m

[41m[1m FAIL [22m[49m src/engine/Weather.test.js[2m > [22mWeather Events[2m > [22mMonsoon should spawn water
[31m[1mTypeError[22m: eventSystem.handleMonsoon is not a function[39m
[36m [2m❯[22m src/engine/Weather.test.js:[2m49:21[22m[39m
    [90m 47| [39m
    [90m 48| [39m        const initialWater = world.entities.filter(e => e.type === 'wa…
    [90m 49| [39m        eventSystem[33m.[39m[34mhandleMonsoon[39m()[33m;[39m
    [90m   | [39m                    [31m^[39m
    [90m 50| [39m        const finalWater = world.entities.filter(e => e.type === 'wate…
    [90m 51| [39m

[31m[2m⎯⎯⎯⎯⎯⎯⎯⎯⎯⎯⎯⎯⎯⎯⎯⎯⎯⎯⎯⎯⎯⎯⎯⎯[2/2]⎯[22m[39m


[2m Test Files [22m [1m[31m4 failed[39m[22m[90m (4)[39m
[2m      Tests [22m [1m[31m6 failed[39m[22m[2m | [22m[1m[32m7 passed[39m[22m[2m | [22m[33m1 skipped[39m[90m (14)[39m
[2m   Start at [22m 21:58:47
[2m   Duration [22m 191ms

[1m[41m FAIL [49m[22m [31mTests failed. Watching for file changes...[39m
       [2mpress [22m[1mh[22m[2m to show help[22m[2m, [22m[2mpress [22m[1mq[22m[2m to quit[22m
c[3J[1m[44m RERUN [49m[22m [34m[2msrc/engine/RandomEventSystem.js [22m[39m

 [31m❯[39m src/engine/Ecosystem.test.js [2m([22m[2m6 tests[22m[2m | [22m[31m2 failed[39m[2m)[22m[33m 491[2mms[22m[39m
[31m     [31m×[31m Human should plant tree when trees are low[39m[32m 57[2mms[22m[39m
     [32m✓[39m Human should cull wolves when too many[32m 234[2mms[22m[39m
     [32m✓[39m Human should build NatureReserve when wolves are low[32m 56[2mms[22m[39m
     [32m✓[39m NatureReserve should spawn wolves[32m 7[2mms[22m[39m
[31m     [31m×[31m Human should build NatureReserve for Cows when cows are low[39m[32m 124[2mms[22m[39m
     [32m✓[39m NatureReserve should spawn cows[32m 9[2mms[22m[39m
 [31m❯[39m src/engine/Frenzy.test.js [2m([22m[2m3 tests[22m[2m | [22m[31m1 failed[39m[2m)[22m[32m 162[2mms[22m[39m
     [32m✓[39m Cow should enter frenzy when berries are high[32m 51[2mms[22m[39m
[31m     [31m×[31m Cow should NOT enter frenzy when berries are low[39m[32m 98[2mms[22m[39m
     [32m✓[39m Wolf should enter frenzy when cows are high[32m 4[2mms[22m[39m
 [31m❯[39m src/engine/Civilization.test.js [2m([22m[2m3 tests[22m[2m | [22m[31m1 failed[39m[2m | [22m[33m1 skipped[39m[2m)[22m[32m 120[2mms[22m[39m
[31m     [31m×[31m Human should gather wood from Tree[39m[32m 23[2mms[22m[39m
     [32m✓[39m Human should build House when having enough wood[32m 73[2mms[22m[39m
     [2m[90m↓[39m[22m Human should seek shelter in House when threatened
 [32m✓[39m src/engine/Volcano.test.js [2m([22m[2m3 tests[22m[2m)[22m[32m 51[2mms[22m[39m
 [32m✓[39m src/engine/Weather.test.js [2m([22m[2m2 tests[22m[2m)[22m[32m 35[2mms[22m[39m
 [32m✓[39m src/engine/RandomEventSystem.test.js [2m([22m[2m4 tests[22m[2m)[22m[32m 52[2mms[22m[39m
 [32m✓[39m src/engine/PopulationSafetyNet.test.js [2m([22m[2m2 tests[22m[2m)[22m[32m 267[2mms[22m[39m
 [32m✓[39m src/engine/EventConfig.test.js [2m([22m[2m6 tests[22m[2m)[22m[32m 11[2mms[22m[39m
 [32m✓[39m src/engine/Earthquake.test.js [2m([22m[2m3 tests[22m[2m)[22m[32m 45[2mms[22m[39m
 [32m✓[39m src/components/Settings.test.js [2m([22m[2m1 test[22m[2m)[22m[32m 17[2mms[22m[39m

[2m Test Files [22m [1m[31m3 failed[39m[22m[2m | [22m[1m[32m7 passed[39m[22m[90m (10)[39m
[2m      Tests [22m [1m[31m4 failed[39m[22m[2m | [22m[1m[32m28 passed[39m[22m[2m | [22m[33m1 skipped[39m[90m (33)[39m
[2m   Start at [22m 21:59:37
[2m   Duration [22m 3.64s

[1m[42m PASS [49m[22m [32mWaiting for file changes...[39m
       [2mpress [22m[1mh[22m[2m to show help[22m[2m, [22m[2mpress [22m[1mq[22m[2m to quit[22m
c[3J[1m[44m RERUN [49m[22m [34m[2msrc/engine/Config.js [22m[39m

[90mstdout[2m | src/engine/Frenzy.test.js[2m > [22m[2mFrenzy Mechanics[2m > [22m[2mCow should enter frenzy when berries are high
[22m[39mCow Frenzy Reproduction!
Cow Endangered Reproduction!

[90mstdout[2m | src/engine/Frenzy.test.js[2m > [22m[2mFrenzy Mechanics[2m > [22m[2mCow should NOT enter frenzy when berries are low
[22m[39mCow Endangered Reproduction!

[90mstdout[2m | src/engine/Frenzy.test.js[2m > [22m[2mFrenzy Mechanics[2m > [22m[2mWolf should enter frenzy when cows are high
[22m[39mWolf Frenzy Reproduction!

 [31m❯[39m src/engine/Frenzy.test.js [2m([22m[2m3 tests[22m[2m | [22m[31m1 failed[39m[2m)[22m[33m 559[2mms[22m[39m
     [32m✓[39m Cow should enter frenzy when berries are high[32m 148[2mms[22m[39m
[31m     [31m×[31m Cow should NOT enter frenzy when berries are low[39m[33m 360[2mms[22m[39m
     [32m✓[39m Wolf should enter frenzy when cows are high[32m 14[2mms[22m[39m
[90mstdout[2m | src/engine/Civilization.test.js[2m > [22m[2mCivilization Behaviors[2m > [22m[2mHuman should build House when having enough wood
[22m[39mHuman Nina built Nature Reserve for COW
Human Nina built Nature Reserve for COW
Human Nina built Nature Reserve for COW
Cow Endangered Reproduction!
Cow Endangered Reproduction!
Cow Endangered Reproduction!
Cow Endangered Reproduction!
Cow Endangered Reproduction!
Cow Endangered Reproduction!
Cow Endangered Reproduction!
Cow Endangered Reproduction!
Cow Endangered Reproduction!
Cow Endangered Reproduction!
Cow Endangered Reproduction!
Cow Endangered Reproduction!
Cow Endangered Reproduction!
Cow Endangered Reproduction!
Human Nina built Nature Reserve for COW
Cow Endangered Reproduction!
Cow Endangered Reproduction!
Cow Endangered Reproduction!
Cow Endangered Reproduction!
Cow Endangered Reproduction!
Cow Endangered Reproduction!
Cow Endangered Reproduction!
Cow Endangered Reproduction!
Cow Endangered Reproduction!
Cow Endangered Reproduction!
Cow Endangered Reproduction!
Cow Endangered Reproduction!
Cow Endangered Reproduction!
Cow Endangered Reproduction!
Cow Endangered Reproduction!
Cow Endangered Reproduction!
Cow Endangered Reproduction!
Cow Endangered Reproduction!
Cow Endangered Reproduction!
Cow Endangered Reproduction!
Cow Endangered Reproduction!
Cow Endangered Reproduction!
Cow Endangered Reproduction!
Divine Intervention: Spawning Wolf Reserve
Cow Endangered Reproduction!
Cow Endangered Reproduction!
Cow Endangered Reproduction!
Cow Endangered Reproduction!
Cow Endangered Reproduction!
Human Nina built Nature Reserve for COW
Cow Endangered Reproduction!
Cow Endangered Reproduction!
Cow Endangered Reproduction!
Cow Endangered Reproduction!
Cow Endangered Reproduction!
Cow Endangered Reproduction!
Cow Endangered Reproduction!
Cow Endangered Reproduction!
Human Nina built Nature Reserve for COW
Cow Endangered Reproduction!
Cow Endangered Reproduction!
Cow Endangered Reproduction!
Cow Endangered Reproduction!
Cow Endangered Reproduction!
Cow Endangered Reproduction!
Cow Endangered Reproduction!
Cow Endangered Reproduction!
Cow Endangered Reproduction!
Cow Endangered Reproduction!
Cow Endangered Reproduction!
Cow Endangered Reproduction!
Cow Endangered Reproduction!
Cow Endangered Reproduction!
Cow Endangered Reproduction!
Cow Endangered Reproduction!
Cow Endangered Reproduction!
Cow Endangered Reproduction!
Cow Endangered Reproduction!
Human Nina built Nature Reserve for COW
Cow Endangered Reproduction!
Cow Endangered Reproduction!
Cow Endangered Reproduction!

 [31m❯[39m src/engine/Civilization.test.js [2m([22m[2m3 tests[22m[2m | [22m[31m1 failed[39m[2m | [22m[33m1 skipped[39m[2m)[22m[32m 222[2mms[22m[39m
[31m     [31m×[31m Human should gather wood from Tree[39m[32m 80[2mms[22m[39m
     [32m✓[39m Human should build House when having enough wood[32m 137[2mms[22m[39m
     [2m[90m↓[39m[22m Human should seek shelter in House when threatened
[90mstdout[2m | src/engine/Ecosystem.test.js[2m > [22m[2mEcosystem Behaviors[2m > [22m[2mHuman should plant tree when trees are low
[22m[39mCow Endangered Reproduction!
Cow Endangered Reproduction!
Cow Endangered Reproduction!
Cow Endangered Reproduction!
Cow Endangered Reproduction!
Cow Endangered Reproduction!
Cow Endangered Reproduction!
Cow Endangered Reproduction!
Cow Endangered Reproduction!
Cow Endangered Reproduction!
Cow Endangered Reproduction!
Cow Endangered Reproduction!
Cow Endangered Reproduction!
Cow Endangered Reproduction!
Cow Endangered Reproduction!
Cow Endangered Reproduction!
Cow Endangered Reproduction!
Cow Endangered Reproduction!
Cow Endangered Reproduction!
Cow Endangered Reproduction!
Cow Endangered Reproduction!
Cow Endangered Reproduction!
Cow Endangered Reproduction!
Cow Endangered Reproduction!
Cow Endangered Reproduction!
Cow Endangered Reproduction!
Cow Endangered Reproduction!
Cow Endangered Reproduction!
Cow Endangered Reproduction!
Cow Endangered Reproduction!

[90mstdout[2m | src/engine/Ecosystem.test.js[2m > [22m[2mEcosystem Behaviors[2m > [22m[2mHuman should build NatureReserve when wolves are low
[22m[39mHuman Diana built Nature Reserve for WOLF
Human Diana built Nature Reserve for WOLF
Human Diana built Nature Reserve for WOLF
Divine Intervention: Spawning Cow Reserve

[90mstdout[2m | src/engine/Ecosystem.test.js[2m > [22m[2mEcosystem Behaviors[2m > [22m[2mHuman should build NatureReserve for Cows when cows are low
[22m[39mHuman Bob built Nature Reserve for WOLF
Human Bob built Nature Reserve for WOLF
Human Bob built Nature Reserve for WOLF
Divine Intervention: Spawning Cow Reserve

[90mstdout[2m | src/engine/Ecosystem.test.js[2m > [22m[2mEcosystem Behaviors[2m > [22m[2mNatureReserve should spawn cows
[22m[39mCow Endangered Reproduction!
Cow Endangered Reproduction!
Cow Endangered Reproduction!
Cow Endangered Reproduction!
Cow Endangered Reproduction!
Cow Endangered Reproduction!
Cow Endangered Reproduction!
Cow Endangered Reproduction!
Cow Endangered Reproduction!
Cow Endangered Reproduction!
Cow Endangered Reproduction!
Cow Endangered Reproduction!
Cow Endangered Reproduction!
Cow Endangered Reproduction!
Cow Endangered Reproduction!
Cow Endangered Reproduction!
Cow Endangered Reproduction!
Cow Endangered Reproduction!
Cow Endangered Reproduction!
Cow Endangered Reproduction!
Cow Endangered Reproduction!
Cow Endangered Reproduction!
Cow Endangered Reproduction!

 [31m❯[39m src/engine/Ecosystem.test.js [2m([22m[2m6 tests[22m[2m | [22m[31m2 failed[39m[2m)[22m[33m 412[2mms[22m[39m
[31m     [31m×[31m Human should plant tree when trees are low[39m[32m 287[2mms[22m[39m
     [32m✓[39m Human should cull wolves when too many[32m 43[2mms[22m[39m
     [32m✓[39m Human should build NatureReserve when wolves are low[32m 8[2mms[22m[39m
     [32m✓[39m NatureReserve should spawn wolves[32m 10[2mms[22m[39m
[31m     [31m×[31m Human should build NatureReserve for Cows when cows are low[39m[32m 58[2mms[22m[39m
     [32m✓[39m NatureReserve should spawn cows[32m 2[2mms[22m[39m
 [32m✓[39m src/engine/PopulationSafetyNet.test.js [2m([22m[2m2 tests[22m[2m)[22m[32m 95[2mms[22m[39m
[90mstdout[2m | src/engine/WorldGenerator.test.js[2m > [22m[2mWorldGenerator[2m > [22m[2mshould ensure connectivity
[22m[39mConnectivity: 100%

 [32m✓[39m src/engine/WorldGenerator.test.js [2m([22m[2m3 tests[22m[2m)[22m[33m 716[2mms[22m[39m
     [33m[2m✓[22m[39m should ensure connectivity [33m 574[2mms[22m[39m
 [32m✓[39m src/engine/PopulationFix.test.js [2m([22m[2m5 tests[22m[2m)[22m[32m 56[2mms[22m[39m
[90mstdout[2m | src/engine/Genetics.test.js[2m > [22m[2mFaction Genetics[2m > [22m[2mMutates traits when registering new faction
[22m[39mNew Faction BLUE registered with traits: {
  moveSpeed: [33m1.047935283273048[39m,
  hungerRate: [33m1.0170821284866838[39m,
  visionRadius: [33m0.9093522104895042[39m,
  aggression: [33m1.0358403730924977[39m,
  heatTolerance: [33m0.9296605471462897[39m,
  coldTolerance: [33m0.9294469995098357[39m
}

[90mstdout[2m | src/engine/Conservation.test.js[2m > [22m[2mConservation Reliability[2m > [22m[2mDivine Intervention should spawn reserve when extinct
[22m[39mDivine Intervention: Spawning Wolf Reserve
Divine Intervention: Spawning Cow Reserve

 [32m✓[39m src/engine/Genetics.test.js [2m([22m[2m4 tests[22m[2m)[22m[32m 30[2mms[22m[39m
[90mstdout[2m | src/engine/Conservation.test.js[2m > [22m[2mConservation Reliability[2m > [22m[2mHuman should find conservation spot in crowded world
[22m[39mHuman Tina built Nature Reserve for WOLF
Human Tina built Nature Reserve for WOLF
Divine Intervention: Spawning Cow Reserve
Cow Endangered Reproduction!
Cow Endangered Reproduction!
Cow Endangered Reproduction!
Cow Endangered Reproduction!
Cow Endangered Reproduction!
Cow Endangered Reproduction!
Cow Endangered Reproduction!
Cow Endangered Reproduction!
Cow Endangered Reproduction!
Cow Endangered Reproduction!
Cow Endangered Reproduction!
Cow Endangered Reproduction!
Cow Endangered Reproduction!
Cow Endangered Reproduction!
Cow Endangered Reproduction!
Cow Endangered Reproduction!
Cow Endangered Reproduction!
Cow Endangered Reproduction!
Cow Endangered Reproduction!
Cow Endangered Reproduction!
Cow Endangered Reproduction!
Cow Endangered Reproduction!
Cow Endangered Reproduction!
Cow Endangered Reproduction!
Cow Endangered Reproduction!
Cow Endangered Reproduction!
Cow Endangered Reproduction!
Cow Endangered Reproduction!
Cow Endangered Reproduction!
Cow Endangered Reproduction!
Cow Endangered Reproduction!
Cow Endangered Reproduction!
Cow Endangered Reproduction!
Cow Endangered Reproduction!
Cow Endangered Reproduction!
Cow Endangered Reproduction!
Cow Endangered Reproduction!
Cow Endangered Reproduction!
Cow Endangered Reproduction!
Cow Endangered Reproduction!
Cow Endangered Reproduction!
Cow Endangered Reproduction!
Cow Endangered Reproduction!
Cow Endangered Reproduction!
Cow Endangered Reproduction!
Cow Endangered Reproduction!
Cow Endangered Reproduction!
Cow Endangered Reproduction!
Cow Endangered Reproduction!
Cow Endangered Reproduction!
Cow Endangered Reproduction!
Cow Endangered Reproduction!
Cow Endangered Reproduction!
Cow Endangered Reproduction!
Cow Endangered Reproduction!
Cow Endangered Reproduction!
Cow Endangered Reproduction!
Cow Endangered Reproduction!
Cow Endangered Reproduction!
Cow Endangered Reproduction!
Cow Endangered Reproduction!
Cow Endangered Reproduction!
Cow Endangered Reproduction!
Cow Endangered Reproduction!
Cow Endangered Reproduction!
Cow Endangered Reproduction!
Cow Endangered Reproduction!
Cow Endangered Reproduction!
Cow Endangered Reproduction!
Cow Endangered Reproduction!
Cow Endangered Reproduction!
Cow Endangered Reproduction!
Cow Endangered Reproduction!
Cow Endangered Reproduction!
Cow Endangered Reproduction!
Cow Endangered Reproduction!

 [32m✓[39m src/engine/Conservation.test.js [2m([22m[2m2 tests[22m[2m)[22m[32m 145[2mms[22m[39m
[90mstdout[2m | src/engine/World.test.js[2m > [22m[2mWorld Simulation[2m > [22m[2mCow should reproduce when well fed
[22m[39mCow Endangered Reproduction!
Cow Endangered Reproduction!

[90mstdout[2m | src/engine/World.test.js[2m > [22m[2mWorld Simulation[2m > [22m[2mWorld should reseed extinct species
[22m[39mDivine Intervention: Spawning Wolf Reserve
Divine Intervention: Spawning Cow Reserve

 [32m✓[39m src/engine/World.test.js [2m([22m[2m7 tests[22m[2m)[22m[32m 68[2mms[22m[39m
 [32m✓[39m src/engine/Terrain.test.js [2m([22m[2m3 tests[22m[2m)[22m[32m 13[2mms[22m[39m
[90mstdout[2m | src/engine/War.test.js[2m > [22m[2mPopulation Control (War)[2m > [22m[2mShould split easily when overpopulated
[22m[39mNew Faction PURPLE_206 registered with traits: {
  moveSpeed: [33m1.0076229731149249[39m,
  hungerRate: [33m0.9077454020147228[39m,
  visionRadius: [33m1.0765470357441826[39m,
  aggression: [33m0.9100139354129231[39m,
  heatTolerance: [33m0.9473786072393526[39m,
  coldTolerance: [33m1.0009771750499386[39m
}
Societal Split! RED -> PURPLE_206 (Threshold: 2)

 [32m✓[39m src/engine/War.test.js [2m([22m[2m3 tests[22m[2m)[22m[32m 19[2mms[22m[39m
[90mstdout[2m | src/engine/SocietalSplit.test.js[2m > [22m[2mSocietal Split[2m > [22m[2mshould split into new faction when overcrowded
[22m[39mNew Faction PURPLE_312 registered with traits: {
  moveSpeed: [33m1.043847365732799[39m,
  hungerRate: [33m0.9989466079771495[39m,
  visionRadius: [33m1.071333220411611[39m,
  aggression: [33m0.9934457736514422[39m,
  heatTolerance: [33m0.9213509968970051[39m,
  coldTolerance: [33m1.0613229426287942[39m
}
Societal Split! RED -> PURPLE_312 (Threshold: 6)

 [32m✓[39m src/engine/SocietalSplit.test.js [2m([22m[2m2 tests[22m[2m)[22m[32m 54[2mms[22m[39m
 [32m✓[39m src/engine/RandomEventSystem.test.js [2m([22m[2m4 tests[22m[2m)[22m[32m 23[2mms[22m[39m
 [32m✓[39m src/engine/Volcano.test.js [2m([22m[2m3 tests[22m[2m)[22m[32m 40[2mms[22m[39m
 [32m✓[39m src/entities/AnimalIntegration.test.js [2m([22m[2m5 tests[22m[2m)[22m[32m 30[2mms[22m[39m
 [32m✓[39m src/engine/Earthquake.test.js [2m([22m[2m3 tests[22m[2m)[22m[32m 21[2mms[22m[39m
 [32m✓[39m src/engine/Movement.test.js [2m([22m[2m3 tests[22m[2m)[22m[32m 6[2mms[22m[39m
 [32m✓[39m src/engine/StructureDecay.test.js [2m([22m[2m2 tests[22m[2m)[22m[32m 20[2mms[22m[39m
 [32m✓[39m src/engine/Poop.test.js [2m([22m[2m3 tests[22m[2m)[22m[32m 14[2mms[22m[39m
 [32m✓[39m src/engine/StatsDrift.test.js [2m([22m[2m3 tests[22m[2m)[22m[32m 31[2mms[22m[39m
 [32m✓[39m src/engine/Weather.test.js [2m([22m[2m2 tests[22m[2m)[22m[32m 22[2mms[22m[39m
 [32m✓[39m src/engine/AnimalGenetics.test.js [2m([22m[2m4 tests[22m[2m)[22m[32m 14[2mms[22m[39m
 [32m✓[39m src/components/Settings.test.js [2m([22m[2m1 test[22m[2m)[22m[32m 16[2mms[22m[39m
 [32m✓[39m src/engine/BerryControl.test.js [2m([22m[2m2 tests[22m[2m)[22m[32m 16[2mms[22m[39m
 [32m✓[39m src/engine/EventConfig.test.js [2m([22m[2m6 tests[22m[2m)[22m[32m 30[2mms[22m[39m
 [32m✓[39m src/engine/WolfAvoidance.test.js [2m([22m[2m3 tests[22m[2m)[22m[32m 15[2mms[22m[39m
 [2m[90m↓[39m[22m src/engine/Fuzzing.test.js [2m([22m[2m1 test[22m[2m | [22m[33m1 skipped[39m[2m)[22m
[90mstdout[2m | src/engine/LongRun.test.js[2m > [22m[2mLong Run Stability[2m > [22m[2mshould run for 1000 ticks without crashing or exploding
[22m[39mCow Endangered Reproduction!
Cow Endangered Reproduction!
Cow Endangered Reproduction!
Cow Endangered Reproduction!
Cow Endangered Reproduction!
Cow Endangered Reproduction!
Cow Endangered Reproduction!
Cow Endangered Reproduction!
Cow Endangered Reproduction!
Human Yara built Nature Reserve for COW
Cow Endangered Reproduction!
Cow Endangered Reproduction!
Cow Endangered Reproduction!
Cow Endangered Reproduction!
Cow Endangered Reproduction!
Cow Endangered Reproduction!
Cow Endangered Reproduction!
Cow Endangered Reproduction!
Cow Endangered Reproduction!
Cow Endangered Reproduction!
Cow Endangered Reproduction!
Cow Endangered Reproduction!
Cow Endangered Reproduction!
Cow Endangered Reproduction!
Cow Endangered Reproduction!
Cow Endangered Reproduction!
Cow Endangered Reproduction!
Cow Endangered Reproduction!
Cow Endangered Reproduction!
Cow Endangered Reproduction!
Cow Endangered Reproduction!
Human Pip built Nature Reserve for WOLF
Human Frank built Nature Reserve for WOLF
Human Sam built Nature Reserve for WOLF
Human Xander built Nature Reserve for WOLF
Human Charlie built Nature Reserve for WOLF
Human Uma built Nature Reserve for WOLF
Human Grace built Nature Reserve for WOLF
Human Ivy built Nature Reserve for WOLF
Human Zane built Nature Reserve for WOLF
Human Wendy built Nature Reserve for WOLF
Human Yara built Nature Reserve for WOLF
Human Charlie built Nature Reserve for WOLF
Human Wendy built Nature Reserve for WOLF
Human Wendy built Nature Reserve for WOLF
Human Uma built Nature Reserve for WOLF
Human Ivy built Nature Reserve for WOLF
Human Milo built Nature Reserve for WOLF
Human Xander built Nature Reserve for WOLF
Human Ivy built Nature Reserve for WOLF
Human Grace built Nature Reserve for WOLF
Human Pip built Nature Reserve for WOLF
Human Yara built Nature Reserve for WOLF
Human Yara built Nature Reserve for WOLF
Human Uma built Nature Reserve for WOLF
Human Charlie built Nature Reserve for WOLF
Human Zane built Nature Reserve for WOLF
Human Xander built Nature Reserve for WOLF
Human Tina built Nature Reserve for WOLF
Human Xander built Nature Reserve for WOLF
Human Zane built Nature Reserve for WOLF
Human Uma built Nature Reserve for WOLF
Human Hank built Nature Reserve for WOLF
Human Charlie built Nature Reserve for WOLF
Human Uma built Nature Reserve for WOLF
Human Ivy built Nature Reserve for WOLF
Human Ivy built Nature Reserve for WOLF
Human Uma built Nature Reserve for WOLF
Human Yara built Nature Reserve for WOLF
Human Jack built Nature Reserve for WOLF
Human Pip built Nature Reserve for WOLF
Human Uma built Nature Reserve for WOLF
Human Tina built Nature Reserve for WOLF
Human Hank built Nature Reserve for WOLF
Human Grace built Nature Reserve for WOLF
Human Ivy built Nature Reserve for WOLF
Human Pip built Nature Reserve for WOLF
Human Milo built Nature Reserve for WOLF
Human Hank built Nature Reserve for WOLF
Human Grace built Nature Reserve for WOLF
Human Yara built Nature Reserve for WOLF
Human Jack built Nature Reserve for WOLF
Human Ivy built Nature Reserve for WOLF
Human Quinn built Nature Reserve for WOLF
Human Charlie built Nature Reserve for WOLF
Human Ivy built Nature Reserve for WOLF
Human Ivy built Nature Reserve for WOLF
Human Frank built Nature Reserve for WOLF
Human Pip built Nature Reserve for WOLF
Human Sam built Nature Reserve for WOLF
Human Ivy built Nature Reserve for WOLF
Human Uma built Nature Reserve for WOLF
Human Xander built Nature Reserve for WOLF
Human Zane built Nature Reserve for WOLF
Human Yara built Nature Reserve for WOLF
Human Alice built Nature Reserve for WOLF
Human Xander built Nature Reserve for WOLF
Human Ivy built Nature Reserve for WOLF
Human Sam built Nature Reserve for WOLF
Human Ivy built Nature Reserve for WOLF
Human Charlie built Nature Reserve for WOLF
Human Wendy built Nature Reserve for WOLF
Human Tina built Nature Reserve for WOLF
Human Jack built Nature Reserve for WOLF
Human Yara built Nature Reserve for WOLF
Human Ivy built Nature Reserve for WOLF
Human Zane built Nature Reserve for WOLF
Human Diana built Nature Reserve for WOLF
Human Zane built Nature Reserve for WOLF
Human Victor built Nature Reserve for COW
Human Frank built Nature Reserve for COW
Human Sam built Nature Reserve for COW
Human Ivy built Nature Reserve for COW
Human Hank built Nature Reserve for COW
Human Tina built Nature Reserve for COW
Human Sam built Nature Reserve for COW
Human Charlie built Nature Reserve for COW
Human Pip built Nature Reserve for COW
Human Diana built Nature Reserve for COW
Human Charlie built Nature Reserve for COW
Human Diana built Nature Reserve for COW
Human Frank built Nature Reserve for COW
Human Charlie built Nature Reserve for COW
Human Ivy built Nature Reserve for COW
Human Pip built Nature Reserve for COW
Human Yara built Nature Reserve for COW
Human Yara built Nature Reserve for COW
Human Bob built Nature Reserve for COW
Human Luna built Nature Reserve for COW
Human Charlie built Nature Reserve for COW
Human Nina built Nature Reserve for COW
Human Luna built Nature Reserve for COW
Human Frank built Nature Reserve for COW
Cow Endangered Reproduction!
Cow Endangered Reproduction!
Cow Endangered Reproduction!
Cow Endangered Reproduction!
Human Ivy built Nature Reserve for COW
Human Uma built Nature Reserve for COW
Cow Endangered Reproduction!
Human Frank built Nature Reserve for COW
Human Alice built Nature Reserve for COW
Cow Endangered Reproduction!
New Faction INDIGO_125 registered with traits: {
  moveSpeed: [33m0.9291635001700449[39m,
  hungerRate: [33m1.0993969435317739[39m,
  visionRadius: [33m0.929275321875563[39m,
  aggression: [33m0.9453733176287825[39m,
  heatTolerance: [33m1.0207594757875917[39m,
  coldTolerance: [33m0.9144770788050945[39m
}
Societal Split! RED -> INDIGO_125 (Threshold: 6)
New Faction INDIGO_103 registered with traits: {
  moveSpeed: [33m1.086698103355584[39m,
  hungerRate: [33m1.0804149883324008[39m,
  visionRadius: [33m1.0892149681366161[39m,
  aggression: [33m1.0531439022021631[39m,
  heatTolerance: [33m1.016815248475851[39m,
  coldTolerance: [33m1.0909768896645329[39m
}
Societal Split! RED -> INDIGO_103 (Threshold: 6)
New Faction INDIGO_110 registered with traits: {
  moveSpeed: [33m1.0980932956641851[39m,
  hungerRate: [33m0.984015954503977[39m,
  visionRadius: [33m0.9037063020031825[39m,
  aggression: [33m1.071017091518645[39m,
  heatTolerance: [33m0.9144900274306149[39m,
  coldTolerance: [33m1.033381542825697[39m
}
Societal Split! RED -> INDIGO_110 (Threshold: 6)
New Faction TEAL_7 registered with traits: {
  moveSpeed: [33m0.9237389925162803[39m,
  hungerRate: [33m1.0276322540668423[39m,
  visionRadius: [33m0.9266029983007142[39m,
  aggression: [33m1.0564106771166428[39m,
  heatTolerance: [33m0.9616418992050169[39m,
  coldTolerance: [33m0.9305089386060443[39m
}
Societal Split! RED -> TEAL_7 (Threshold: 6)
New Faction PINK_500 registered with traits: {
  moveSpeed: [33m0.9943381712448787[39m,
  hungerRate: [33m0.9665909690575628[39m,
  visionRadius: [33m0.9952789623323617[39m,
  aggression: [33m0.948932244109002[39m,
  heatTolerance: [33m1.0539659859862414[39m,
  coldTolerance: [33m0.9652895130347611[39m
}
Societal Split! RED -> PINK_500 (Threshold: 6)
New Faction PINK_42 registered with traits: {
  moveSpeed: [33m0.935209467868696[39m,
  hungerRate: [33m0.9129904321103981[39m,
  visionRadius: [33m1.0104933188179215[39m,
  aggression: [33m0.945720950448365[39m,
  heatTolerance: [33m0.9144127761571221[39m,
  coldTolerance: [33m0.9459743993530997[39m
}
Societal Split! RED -> PINK_42 (Threshold: 6)
New Faction TEAL_58 registered with traits: {
  moveSpeed: [33m1.0351403525973246[39m,
  hungerRate: [33m1.0395017163263143[39m,
  visionRadius: [33m0.9538016880544403[39m,
  aggression: [33m1.0895713837789993[39m,
  heatTolerance: [33m1.0671074590120941[39m,
  coldTolerance: [33m0.9988874757489224[39m
}
Societal Split! RED -> TEAL_58 (Threshold: 6)
New Faction PURPLE_640 registered with traits: {
  moveSpeed: [33m0.9014201766694263[39m,
  hungerRate: [33m0.9367303264453[39m,
  visionRadius: [33m0.957511100853932[39m,
  aggression: [33m0.9082594733731445[39m,
  heatTolerance: [33m0.9755792412625479[39m,
  coldTolerance: [33m1.017369174592037[39m
}
Societal Split! RED -> PURPLE_640 (Threshold: 6)
New Faction ORANGE_725 registered with traits: {
  moveSpeed: [33m1.0426766272862245[39m,
  hungerRate: [33m0.9949688306568422[39m,
  visionRadius: [33m1.022423108258535[39m,
  aggression: [33m1.0728397898378468[39m,
  heatTolerance: [33m0.9485554337185857[39m,
  coldTolerance: [33m1.0403486565452165[39m
}
Societal Split! RED -> ORANGE_725 (Threshold: 6)
New Faction LIME_176 registered with traits: {
  moveSpeed: [33m1.0514839014331552[39m,
  hungerRate: [33m0.9993892807500273[39m,
  visionRadius: [33m1.098093563632137[39m,
  aggression: [33m0.9302151594383923[39m,
  heatTolerance: [33m1.030629074209467[39m,
  coldTolerance: [33m1.0103070986141593[39m
}
Societal Split! RED -> LIME_176 (Threshold: 6)
New Faction PINK_906 registered with traits: {
  moveSpeed: [33m0.818704425730773[39m,
  hungerRate: [33m0.933996643862732[39m,
  visionRadius: [33m0.8741127556566878[39m,
  aggression: [33m0.870797181909302[39m,
  heatTolerance: [33m0.9140515749005369[39m,
  coldTolerance: [33m0.9889843329248579[39m
}
Societal Split! PURPLE_640 -> PINK_906 (Threshold: 6)
Human Zane built Nature Reserve for WOLF
Human Xander built Nature Reserve for WOLF
Human Oscar built Nature Reserve for WOLF
Human Alice built Nature Reserve for WOLF
Human Charlie built Nature Reserve for WOLF
Human Diana built Nature Reserve for WOLF
Human Yara built Nature Reserve for WOLF
Human Diana built Nature Reserve for WOLF
Human Grace built Nature Reserve for WOLF
Human Ivy built Nature Reserve for WOLF
Human Charlie built Nature Reserve for WOLF
Human Pip built Nature Reserve for WOLF
Human Hank built Nature Reserve for WOLF
Human Nina built Nature Reserve for WOLF
Human Bob built Nature Reserve for WOLF
Human Nina built Nature Reserve for WOLF
Human Yara built Nature Reserve for WOLF
Human Zane built Nature Reserve for WOLF
Human Diana built Nature Reserve for WOLF
Human Diana built Nature Reserve for WOLF
Human Zane built Nature Reserve for WOLF
Human Frank built Nature Reserve for WOLF
Human Charlie built Nature Reserve for WOLF
Human Sam built Nature Reserve for WOLF
Human Yara built Nature Reserve for WOLF
Human Ivy built Nature Reserve for WOLF
Human Bob built Nature Reserve for WOLF
Human Hank built Nature Reserve for WOLF
Human Wendy built Nature Reserve for WOLF
Human Charlie built Nature Reserve for WOLF
Human Uma built Nature Reserve for WOLF
Human Wendy built Nature Reserve for WOLF
Human Ivy built Nature Reserve for WOLF
Human Luna built Nature Reserve for WOLF
Human Bob built Nature Reserve for WOLF
Human Zane built Nature Reserve for WOLF
Human Jack built Nature Reserve for WOLF
Human Yara built Nature Reserve for WOLF
Human Diana built Nature Reserve for WOLF
Human Nina built Nature Reserve for WOLF
Human Yara built Nature Reserve for WOLF
Human Uma built Nature Reserve for WOLF
Human Zane built Nature Reserve for WOLF
Human Bob built Nature Reserve for WOLF
Human Eve built Nature Reserve for WOLF
Human Wendy built Nature Reserve for WOLF
Human Tina built Nature Reserve for WOLF
Human Ivy built Nature Reserve for WOLF
Human Zane built Nature Reserve for WOLF
Human Ivy built Nature Reserve for WOLF
Human Zane built Nature Reserve for WOLF
Human Bob built Nature Reserve for WOLF
Human Bob built Nature Reserve for WOLF
Human Ruby built Nature Reserve for WOLF
Human Charlie built Nature Reserve for WOLF
Human Alice built Nature Reserve for WOLF
Human Milo built Nature Reserve for WOLF
Human Frank built Nature Reserve for WOLF
Human Yara built Nature Reserve for WOLF
Human Sam built Nature Reserve for WOLF
Human Pip built Nature Reserve for WOLF
Human Wendy built Nature Reserve for WOLF
Human Uma built Nature Reserve for WOLF
Human Yara built Nature Reserve for WOLF
Human Grace built Nature Reserve for WOLF
Human Diana built Nature Reserve for WOLF
Human Ivy built Nature Reserve for WOLF
Human Wendy built Nature Reserve for WOLF
Human Ruby built Nature Reserve for WOLF
Human Sam built Nature Reserve for WOLF
Human Yara built Nature Reserve for WOLF
Human Ruby built Nature Reserve for WOLF
Human Charlie built Nature Reserve for WOLF
Human Sam built Nature Reserve for WOLF
Human Jack built Nature Reserve for WOLF
Human Ivy built Nature Reserve for WOLF
Human Frank built Nature Reserve for WOLF
Human Uma built Nature Reserve for WOLF
Human Diana built Nature Reserve for WOLF
Human Milo built Nature Reserve for WOLF
Human Wendy built Nature Reserve for WOLF
Human Pip built Nature Reserve for WOLF
Human Yara built Nature Reserve for WOLF
Human Diana built Nature Reserve for WOLF
Human Charlie built Nature Reserve for WOLF
Human Victor built Nature Reserve for WOLF
Human Diana built Nature Reserve for WOLF
Human Diana built Nature Reserve for WOLF
Human Yara built Nature Reserve for WOLF
Human Hank built Nature Reserve for WOLF
Human Diana built Nature Reserve for WOLF
Human Jack built Nature Reserve for WOLF
Human Bob built Nature Reserve for WOLF
Human Zane built Nature Reserve for WOLF
Human Eve built Nature Reserve for WOLF
Human Jack built Nature Reserve for WOLF
Human Ruby built Nature Reserve for WOLF
Human Pip built Nature Reserve for WOLF
Human Alice built Nature Reserve for WOLF
Human Milo built Nature Reserve for WOLF
Human Frank built Nature Reserve for WOLF
Human Ruby built Nature Reserve for WOLF
Human Eve built Nature Reserve for WOLF
Human Zane built Nature Reserve for WOLF
Human Ivy built Nature Reserve for WOLF
Human Wendy built Nature Reserve for WOLF
Human Diana built Nature Reserve for WOLF
Human Ivy built Nature Reserve for WOLF
Human Zane built Nature Reserve for WOLF
Human Zane built Nature Reserve for WOLF
Human Ivy built Nature Reserve for WOLF
Human Jack built Nature Reserve for WOLF
Human Yara built Nature Reserve for WOLF
Human Wendy built Nature Reserve for WOLF
Human Uma built Nature Reserve for WOLF
Human Diana built Nature Reserve for WOLF
Human Grace built Nature Reserve for WOLF
Human Uma built Nature Reserve for WOLF
Human Sam built Nature Reserve for WOLF
Human Jack built Nature Reserve for WOLF
Human Diana built Nature Reserve for WOLF
Human Grace built Nature Reserve for WOLF
Human Ruby built Nature Reserve for WOLF
Human Diana built Nature Reserve for WOLF
Human Ruby built Nature Reserve for WOLF
Human Zane built Nature Reserve for WOLF
Human Ivy built Nature Reserve for WOLF
Human Diana built Nature Reserve for WOLF
Human Alice built Nature Reserve for WOLF
Human Grace built Nature Reserve for WOLF
Human Tina built Nature Reserve for WOLF
Human Sam built Nature Reserve for WOLF
Human Alice built Nature Reserve for WOLF
Human Wendy built Nature Reserve for WOLF
Human Zane built Nature Reserve for WOLF
Human Luna built Nature Reserve for WOLF
Human Wendy built Nature Reserve for WOLF
Human Ivy built Nature Reserve for WOLF
Human Grace built Nature Reserve for WOLF
Human Jack built Nature Reserve for WOLF
Human Zane built Nature Reserve for WOLF
Human Yara built Nature Reserve for WOLF
Human Ivy built Nature Reserve for WOLF
Human Frank built Nature Reserve for WOLF
Human Xander built Nature Reserve for WOLF
Human Sam built Nature Reserve for WOLF
Human Frank built Nature Reserve for WOLF
Human Uma built Nature Reserve for WOLF
Human Diana built Nature Reserve for WOLF
Human Bob built Nature Reserve for WOLF
Human Wendy built Nature Reserve for WOLF
Human Jack built Nature Reserve for WOLF
Human Grace built Nature Reserve for WOLF
Human Bob built Nature Reserve for WOLF
Human Ivy built Nature Reserve for WOLF
Human Ivy built Nature Reserve for WOLF
Human Wendy built Nature Reserve for WOLF
Human Ivy built Nature Reserve for WOLF
Human Zane built Nature Reserve for WOLF
Human Zane built Nature Reserve for WOLF
Human Diana built Nature Reserve for WOLF
Human Uma built Nature Reserve for WOLF
Human Uma built Nature Reserve for WOLF
Human Xander built Nature Reserve for WOLF
Human Uma built Nature Reserve for WOLF
Human Yara built Nature Reserve for WOLF
Human Victor built Nature Reserve for WOLF
Human Wendy built Nature Reserve for WOLF
Human Tina built Nature Reserve for WOLF
Human Grace built Nature Reserve for WOLF
Human Alice built Nature Reserve for WOLF
Human Alice built Nature Reserve for WOLF
Human Diana built Nature Reserve for WOLF
Human Victor built Nature Reserve for WOLF
Human Quinn built Nature Reserve for WOLF
Human Ivy built Nature Reserve for WOLF
Human Jack built Nature Reserve for WOLF
Human Diana built Nature Reserve for WOLF
Human Yara built Nature Reserve for WOLF
Human Oscar built Nature Reserve for WOLF
Human Ivy built Nature Reserve for WOLF
Human Zane built Nature Reserve for WOLF
Human Ruby built Nature Reserve for WOLF
Human Zane built Nature Reserve for WOLF
Human Oscar built Nature Reserve for WOLF
Human Uma built Nature Reserve for WOLF
Human Eve built Nature Reserve for WOLF
Human Victor built Nature Reserve for WOLF
Human Yara built Nature Reserve for WOLF
Human Alice built Nature Reserve for WOLF
Human Bob built Nature Reserve for WOLF
Human Alice built Nature Reserve for WOLF
Human Eve built Nature Reserve for WOLF
Human Quinn built Nature Reserve for WOLF
Human Diana built Nature Reserve for WOLF
Human Yara built Nature Reserve for WOLF
Human Uma built Nature Reserve for WOLF
Human Alice built Nature Reserve for WOLF
Human Tina built Nature Reserve for WOLF
Human Bob built Nature Reserve for WOLF
Human Victor built Nature Reserve for WOLF
New Faction ORANGE_36 registered with traits: {
  moveSpeed: [33m1.0064978827322917[39m,
  hungerRate: [33m1.0334044735772636[39m,
  visionRadius: [33m1.0871589613150452[39m,
  aggression: [33m1.013858958047301[39m,
  heatTolerance: [33m1.0738590628517817[39m,
  coldTolerance: [33m0.9132495015637033[39m
}
Societal Split! RED -> ORANGE_36 (Threshold: 6)
New Faction PINK_101 registered with traits: {
  moveSpeed: [33m0.9273477090993296[39m,
  hungerRate: [33m0.927714850894266[39m,
  visionRadius: [33m1.0942396634115168[39m,
  aggression: [33m1.0161564424137859[39m,
  heatTolerance: [33m1.0197264184424322[39m,
  coldTolerance: [33m1.0371192367816247[39m
}
Societal Split! RED -> PINK_101 (Threshold: 6)
New Faction PINK_456 registered with traits: {
  moveSpeed: [33m1.0021640741117113[39m,
  hungerRate: [33m0.9624113732740217[39m,
  visionRadius: [33m1.0611232283624534[39m,
  aggression: [33m0.94793295231821[39m,
  heatTolerance: [33m0.9019919620749407[39m,
  coldTolerance: [33m1.0610395895286253[39m
}
Societal Split! RED -> PINK_456 (Threshold: 6)
New Faction PURPLE_287 registered with traits: {
  moveSpeed: [33m1.0675488130312591[39m,
  hungerRate: [33m1.0929027655252535[39m,
  visionRadius: [33m0.9862969233573766[39m,
  aggression: [33m0.9713125172857952[39m,
  heatTolerance: [33m1.0937285127855008[39m,
  coldTolerance: [33m0.9073594247764123[39m
}
Societal Split! RED -> PURPLE_287 (Threshold: 6)
New Faction PINK_342 registered with traits: {
  moveSpeed: [33m1.0872959745218156[39m,
  hungerRate: [33m1.084109290289776[39m,
  visionRadius: [33m1.048642414281103[39m,
  aggression: [33m0.987194328982229[39m,
  heatTolerance: [33m0.9905709179317863[39m,
  coldTolerance: [33m1.0649924471294618[39m
}
Societal Split! RED -> PINK_342 (Threshold: 6)
New Faction LIME_830 registered with traits: {
  moveSpeed: [33m1.1736925535192533[39m,
  hungerRate: [33m1.0993886860872908[39m,
  visionRadius: [33m1.0547769263139641[39m,
  aggression: [33m0.9001027058593535[39m,
  heatTolerance: [33m0.9844732773137516[39m,
  coldTolerance: [33m1.1127894902492155[39m
}
Societal Split! PINK_342 -> LIME_830 (Threshold: 6)
New Faction PURPLE_419 registered with traits: {
  moveSpeed: [33m1.0270232150983565[39m,
  hungerRate: [33m1.0753067293776435[39m,
  visionRadius: [33m0.9116876196143836[39m,
  aggression: [33m0.9084313366896798[39m,
  heatTolerance: [33m0.9533497393563007[39m,
  coldTolerance: [33m1.0666042949784713[39m
}
Societal Split! RED -> PURPLE_419 (Threshold: 6)
New Faction PURPLE_320 registered with traits: {
  moveSpeed: [33m0.9227840264403432[39m,
  hungerRate: [33m0.9609140160454839[39m,
  visionRadius: [33m1.0485064490491582[39m,
  aggression: [33m1.0509270476880919[39m,
  heatTolerance: [33m0.9464663807548115[39m,
  coldTolerance: [33m1.0841385142787259[39m
}
Societal Split! RED -> PURPLE_320 (Threshold: 6)
New Faction ORANGE_817 registered with traits: {
  moveSpeed: [33m1.0690866073627854[39m,
  hungerRate: [33m1.0180886654585892[39m,
  visionRadius: [33m0.9186678015322067[39m,
  aggression: [33m0.9082523236349587[39m,
  heatTolerance: [33m1.0931730488518736[39m,
  coldTolerance: [33m0.9960189706842116[39m
}
Societal Split! RED -> ORANGE_817 (Threshold: 6)
Cow Endangered Reproduction!
Cow Endangered Reproduction!
Cow Endangered Reproduction!
Human Milo built Nature Reserve for WOLF
Human Zane built Nature Reserve for WOLF
Human Tina built Nature Reserve for WOLF
Human Luna built Nature Reserve for WOLF
Human Pip built Nature Reserve for WOLF
Human Oscar built Nature Reserve for WOLF
Human Wendy built Nature Reserve for WOLF
Human Milo built Nature Reserve for WOLF
Human Yara built Nature Reserve for WOLF
Human Frank built Nature Reserve for WOLF
Human Luna built Nature Reserve for WOLF
Human Milo built Nature Reserve for WOLF
Human Luna built Nature Reserve for WOLF
Human Uma built Nature Reserve for WOLF
Human Luna built Nature Reserve for WOLF
Human Eve built Nature Reserve for WOLF
Human Yara built Nature Reserve for WOLF
Human Pip built Nature Reserve for WOLF
Human Wendy built Nature Reserve for WOLF
Human Tina built Nature Reserve for WOLF
Human Jack built Nature Reserve for WOLF
Human Wendy built Nature Reserve for WOLF
Human Ivy built Nature Reserve for WOLF
Human Milo built Nature Reserve for WOLF
Human Tina built Nature Reserve for WOLF
Human Hank built Nature Reserve for WOLF
Human Milo built Nature Reserve for WOLF
Human Uma built Nature Reserve for WOLF
Human Grace built Nature Reserve for COW
Human Oscar built Nature Reserve for WOLF
Human Luna built Nature Reserve for WOLF
Human Tina built Nature Reserve for WOLF
Human Ivy built Nature Reserve for WOLF
Human Yara built Nature Reserve for WOLF
Human Victor built Nature Reserve for WOLF
Human Zane built Nature Reserve for WOLF
Human Frank built Nature Reserve for WOLF
Human Tina built Nature Reserve for WOLF
Human Oscar built Nature Reserve for WOLF
Human Charlie built Nature Reserve for WOLF
Human Milo built Nature Reserve for WOLF
Human Milo built Nature Reserve for WOLF
Human Pip built Nature Reserve for WOLF
Human Sam built Nature Reserve for WOLF
Human Frank built Nature Reserve for WOLF
Human Zane built Nature Reserve for WOLF
Human Oscar built Nature Reserve for WOLF
Human Luna built Nature Reserve for WOLF
Human Frank built Nature Reserve for WOLF
Human Zane built Nature Reserve for WOLF
Human Oscar built Nature Reserve for WOLF
Human Diana built Nature Reserve for WOLF
Human Nina built Nature Reserve for WOLF
Human Milo built Nature Reserve for WOLF
Human Milo built Nature Reserve for WOLF
Human Milo built Nature Reserve for WOLF
Human Xander built Nature Reserve for WOLF
Human Ivy built Nature Reserve for WOLF
Human Victor built Nature Reserve for WOLF
Human Quinn built Nature Reserve for WOLF
Human Wendy built Nature Reserve for WOLF
Human Tina built Nature Reserve for WOLF
Human Wendy built Nature Reserve for WOLF
Human Uma built Nature Reserve for WOLF
Human Milo built Nature Reserve for WOLF
Human Yara built Nature Reserve for WOLF
Human Xander built Nature Reserve for WOLF
Human Ivy built Nature Reserve for WOLF
Human Ivy built Nature Reserve for WOLF
Human Uma built Nature Reserve for WOLF
Human Eve built Nature Reserve for WOLF
Human Milo built Nature Reserve for WOLF
Human Wendy built Nature Reserve for WOLF
Human Zane built Nature Reserve for WOLF
Human Wendy built Nature Reserve for WOLF
Human Bob built Nature Reserve for WOLF
Human Wendy built Nature Reserve for WOLF
Human Tina built Nature Reserve for WOLF
Human Luna built Nature Reserve for WOLF
Human Zane built Nature Reserve for WOLF
Human Frank built Nature Reserve for WOLF
Human Uma built Nature Reserve for WOLF
Human Oscar built Nature Reserve for WOLF
Human Uma built Nature Reserve for WOLF
Cow Endangered Reproduction!
Human Uma built Nature Reserve for WOLF
Human Yara built Nature Reserve for WOLF
Human Bob built Nature Reserve for WOLF
Human Xander built Nature Reserve for WOLF
Human Jack built Nature Reserve for WOLF
Human Yara built Nature Reserve for WOLF
Human Ivy built Nature Reserve for WOLF
Human Oscar built Nature Reserve for WOLF
Human Alice built Nature Reserve for WOLF
Human Oscar built Nature Reserve for WOLF
Human Yara built Nature Reserve for WOLF
Human Uma built Nature Reserve for WOLF
Human Ivy built Nature Reserve for WOLF
Human Ivy built Nature Reserve for WOLF
Human Jack built Nature Reserve for WOLF
Human Alice built Nature Reserve for WOLF
Human Tina built Nature Reserve for WOLF
Human Uma built Nature Reserve for WOLF
Human Milo built Nature Reserve for WOLF
Human Wendy built Nature Reserve for WOLF
Human Oscar built Nature Reserve for WOLF
Human Sam built Nature Reserve for WOLF
Human Bob built Nature Reserve for WOLF
Human Nina built Nature Reserve for WOLF
Human Milo built Nature Reserve for WOLF
Human Frank built Nature Reserve for WOLF
Human Ivy built Nature Reserve for WOLF
Human Xander built Nature Reserve for WOLF
Human Yara built Nature Reserve for WOLF
Human Eve built Nature Reserve for WOLF
Human Jack built Nature Reserve for WOLF
Human Wendy built Nature Reserve for WOLF
Human Tina built Nature Reserve for WOLF
Human Oscar built Nature Reserve for WOLF
Human Bob built Nature Reserve for WOLF
Human Uma built Nature Reserve for WOLF
Human Oscar built Nature Reserve for WOLF
Human Nina built Nature Reserve for WOLF
Human Uma built Nature Reserve for WOLF
Human Frank built Nature Reserve for WOLF
Human Diana built Nature Reserve for WOLF
Human Diana built Nature Reserve for WOLF
Human Tina built Nature Reserve for WOLF
Human Pip built Nature Reserve for WOLF
Human Charlie built Nature Reserve for WOLF
Human Milo built Nature Reserve for WOLF
Human Sam built Nature Reserve for WOLF
Human Yara built Nature Reserve for WOLF
Human Tina built Nature Reserve for WOLF
Human Milo built Nature Reserve for WOLF
Human Ivy built Nature Reserve for WOLF
Human Jack built Nature Reserve for WOLF
Human Charlie built Nature Reserve for WOLF
Human Bob built Nature Reserve for WOLF
Human Bob built Nature Reserve for WOLF
Human Frank built Nature Reserve for WOLF
Human Diana built Nature Reserve for WOLF
Human Uma built Nature Reserve for WOLF
Human Ivy built Nature Reserve for WOLF
Human Yara built Nature Reserve for WOLF
Human Diana built Nature Reserve for WOLF
Human Uma built Nature Reserve for WOLF
Human Jack built Nature Reserve for WOLF
Human Nina built Nature Reserve for WOLF
Human Tina built Nature Reserve for WOLF
Human Yara built Nature Reserve for WOLF
Human Ivy built Nature Reserve for WOLF
Human Hank built Nature Reserve for WOLF
Human Yara built Nature Reserve for WOLF
Human Nina built Nature Reserve for WOLF
Human Frank built Nature Reserve for WOLF
Human Ivy built Nature Reserve for WOLF
Human Tina built Nature Reserve for WOLF
Human Wendy built Nature Reserve for WOLF
Human Yara built Nature Reserve for WOLF
Human Ivy built Nature Reserve for WOLF
Human Yara built Nature Reserve for WOLF
Human Tina built Nature Reserve for WOLF
Human Oscar built Nature Reserve for WOLF
Human Quinn built Nature Reserve for WOLF
Final population: 966

 [32m✓[39m src/engine/LongRun.test.js [2m([22m[2m1 test[22m[2m)[22m[33m 10089[2mms[22m[39m
     [33m[2m✓[22m[39m should run for 1000 ticks without crashing or exploding [33m 10067[2mms[22m[39m

[31m⎯⎯⎯⎯⎯⎯⎯[39m[1m[41m Failed Tests 4 [49m[22m[31m⎯⎯⎯⎯⎯⎯⎯[39m

[41m[1m FAIL [22m[49m src/engine/Frenzy.test.js[2m > [22mFrenzy Mechanics[2m > [22mCow should NOT enter frenzy when berries are low
[31m[1mAssertionError[22m: expected 50 to be 200 // Object.is equality[39m

[32m- Expected[39m
[31m+ Received[39m

[32m- 200[39m
[31m+ 50[39m

[90m [2m❯[22m src/engine/Frenzy.test.js:[2m64:41[22m[39m

[31m[2m⎯⎯⎯⎯⎯⎯⎯⎯⎯⎯⎯⎯⎯⎯⎯⎯⎯⎯⎯⎯⎯⎯⎯⎯[1/4]⎯[22m[39m

[41m[1m FAIL [22m[49m src/engine/Ecosystem.test.js[2m > [22mEcosystem Behaviors[2m > [22mHuman should plant tree when trees are low
[31m[1mAssertionError[22m: expected 0 to be greater than 0[39m
[90m [2m❯[22m src/engine/Ecosystem.test.js:[2m38:41[22m[39m

[31m[2m⎯⎯⎯⎯⎯⎯⎯⎯⎯⎯⎯⎯⎯⎯⎯⎯⎯⎯⎯⎯⎯⎯⎯⎯[2/4]⎯[22m[39m

[41m[1m FAIL [22m[49m src/engine/Ecosystem.test.js[2m > [22mEcosystem Behaviors[2m > [22mHuman should build NatureReserve for Cows when cows are low
[31m[1mAssertionError[22m: expected 'wolf' to be 'cow' // Object.is equality[39m

Expected: [32m"cow"[39m
Received: [31m"wolf"[39m

[90m [2m❯[22m src/engine/Ecosystem.test.js:[2m129:35[22m[39m

[31m[2m⎯⎯⎯⎯⎯⎯⎯⎯⎯⎯⎯⎯⎯⎯⎯⎯⎯⎯⎯⎯⎯⎯⎯⎯[3/4]⎯[22m[39m

[41m[1m FAIL [22m[49m src/engine/Civilization.test.js[2m > [22mCivilization Behaviors[2m > [22mHuman should gather wood from Tree
[31m[1mAssertionError[22m: expected [ Human{ x: 7, y: 5, …(20) }, …(1) ] to not include Tree{ x: 6, y: 5, type: 'tree', …(7) }[39m
[90m [2m❯[22m src/engine/Civilization.test.js:[2m26:36[22m[39m

[31m[2m⎯⎯⎯⎯⎯⎯⎯⎯⎯⎯⎯⎯⎯⎯⎯⎯⎯⎯⎯⎯⎯⎯⎯⎯[4/4]⎯[22m[39m


[2m Test Files [22m [1m[31m3 failed[39m[22m[2m | [22m[1m[32m24 passed[39m[22m[2m | [22m[33m1 skipped[39m[90m (28)[39m
[2m      Tests [22m [1m[31m4 failed[39m[22m[2m | [22m[1m[32m83 passed[39m[22m[2m | [22m[33m2 skipped[39m[90m (89)[39m
[2m   Start at [22m 22:04:44
[2m   Duration [22m 37.03s

[1m[41m FAIL [49m[22m [31mTests failed. Watching for file changes...[39m
       [2mpress [22m[1mh[22m[2m to show help[22m[2m, [22m[2mpress [22m[1mq[22m[2m to quit[22m
c[3J[1m[44m RERUN [49m[22m [34m[2msrc/engine/Config.js [22m[39m

[90mstdout[2m | src/engine/Ecosystem.test.js[2m > [22m[2mEcosystem Behaviors[2m > [22m[2mHuman should plant tree when trees are low
[22m[39mCow Endangered Reproduction!
Cow Endangered Reproduction!
Cow Endangered Reproduction!
Cow Endangered Reproduction!
Cow Endangered Reproduction!
Cow Endangered Reproduction!
Cow Endangered Reproduction!
Cow Endangered Reproduction!
Cow Endangered Reproduction!
Cow Endangered Reproduction!
Cow Endangered Reproduction!
Cow Endangered Reproduction!
Cow Endangered Reproduction!
Cow Endangered Reproduction!
Cow Endangered Reproduction!
Cow Endangered Reproduction!
Cow Endangered Reproduction!
Cow Endangered Reproduction!
Cow Endangered Reproduction!
Cow Endangered Reproduction!
Cow Endangered Reproduction!
Cow Endangered Reproduction!
Cow Endangered Reproduction!
Cow Endangered Reproduction!
Cow Endangered Reproduction!
Cow Endangered Reproduction!
Cow Endangered Reproduction!
Cow Endangered Reproduction!
Cow Endangered Reproduction!
Cow Endangered Reproduction!

[90mstdout[2m | src/engine/Ecosystem.test.js[2m > [22m[2mEcosystem Behaviors[2m > [22m[2mHuman should build NatureReserve when wolves are low
[22m[39mHuman Sam built Nature Reserve for WOLF
Human Sam built Nature Reserve for WOLF
Human Sam built Nature Reserve for WOLF
Human Sam built Nature Reserve for WOLF
Human Sam built Nature Reserve for WOLF
Human Sam built Nature Reserve for WOLF
Human Sam built Nature Reserve for WOLF
Divine Intervention: Spawning Cow Reserve

[90mstdout[2m | src/engine/Ecosystem.test.js[2m > [22m[2mEcosystem Behaviors[2m > [22m[2mHuman should build NatureReserve for Cows when cows are low
[22m[39mHuman Wendy built Nature Reserve for WOLF
Human Wendy built Nature Reserve for WOLF
Divine Intervention: Spawning Cow Reserve

[90mstdout[2m | src/engine/Ecosystem.test.js[2m > [22m[2mEcosystem Behaviors[2m > [22m[2mNatureReserve should spawn cows
[22m[39mCow Endangered Reproduction!
Cow Endangered Reproduction!
Cow Endangered Reproduction!
Cow Endangered Reproduction!
Cow Endangered Reproduction!
Cow Endangered Reproduction!
Cow Endangered Reproduction!
Cow Endangered Reproduction!
Cow Endangered Reproduction!
Cow Endangered Reproduction!
Cow Endangered Reproduction!
Cow Endangered Reproduction!
Cow Endangered Reproduction!
Cow Endangered Reproduction!
Cow Endangered Reproduction!
Cow Endangered Reproduction!
Cow Endangered Reproduction!
Cow Endangered Reproduction!
Cow Endangered Reproduction!
Cow Endangered Reproduction!
Cow Endangered Reproduction!
Cow Endangered Reproduction!
Cow Endangered Reproduction!

 [31m❯[39m src/engine/Ecosystem.test.js [2m([22m[2m6 tests[22m[2m | [22m[31m2 failed[39m[2m)[22m[32m 189[2mms[22m[39m
[31m     [31m×[31m Human should plant tree when trees are low[39m[32m 68[2mms[22m[39m
     [32m✓[39m Human should cull wolves when too many[32m 80[2mms[22m[39m
     [32m✓[39m Human should build NatureReserve when wolves are low[32m 6[2mms[22m[39m
     [32m✓[39m NatureReserve should spawn wolves[32m 2[2mms[22m[39m
[31m     [31m×[31m Human should build NatureReserve for Cows when cows are low[39m[32m 25[2mms[22m[39m
     [32m✓[39m NatureReserve should spawn cows[32m 3[2mms[22m[39m
[90mstdout[2m | src/engine/Frenzy.test.js[2m > [22m[2mFrenzy Mechanics[2m > [22m[2mCow should enter frenzy when berries are high
[22m[39mCow Frenzy Reproduction!
Cow Endangered Reproduction!

[90mstdout[2m | src/engine/Frenzy.test.js[2m > [22m[2mFrenzy Mechanics[2m > [22m[2mCow should NOT enter frenzy when berries are low
[22m[39mCow Endangered Reproduction!

[90mstdout[2m | src/engine/Civilization.test.js[2m > [22m[2mCivilization Behaviors[2m > [22m[2mHuman should build House when having enough wood
[22m[39mHuman Alice built Nature Reserve for COW
Cow Endangered Reproduction!
Cow Endangered Reproduction!
Cow Endangered Reproduction!
Cow Endangered Reproduction!
Human Alice built Nature Reserve for COW
Cow Endangered Reproduction!
Cow Endangered Reproduction!
Cow Endangered Reproduction!
Cow Endangered Reproduction!
Cow Endangered Reproduction!
Cow Endangered Reproduction!
Cow Endangered Reproduction!
Cow Endangered Reproduction!
Cow Endangered Reproduction!
Cow Endangered Reproduction!
Cow Endangered Reproduction!
Cow Endangered Reproduction!
Cow Endangered Reproduction!
Cow Endangered Reproduction!
Cow Endangered Reproduction!
Cow Endangered Reproduction!
Cow Endangered Reproduction!
Cow Endangered Reproduction!
Cow Endangered Reproduction!
Cow Endangered Reproduction!
Human Alice built Nature Reserve for COW
Cow Endangered Reproduction!
Human Alice built Nature Reserve for COW
Cow Endangered Reproduction!
Cow Endangered Reproduction!
Cow Endangered Reproduction!
Cow Endangered Reproduction!
Cow Endangered Reproduction!
Cow Endangered Reproduction!
Cow Endangered Reproduction!
Cow Endangered Reproduction!
Human Alice built Nature Reserve for COW
Cow Endangered Reproduction!
Cow Endangered Reproduction!
Cow Endangered Reproduction!
Cow Endangered Reproduction!
Cow Endangered Reproduction!
Cow Endangered Reproduction!
Cow Endangered Reproduction!
Cow Endangered Reproduction!
Cow Endangered Reproduction!
Cow Endangered Reproduction!
Cow Endangered Reproduction!
Cow Endangered Reproduction!
Cow Endangered Reproduction!
Cow Endangered Reproduction!
Cow Endangered Reproduction!
Cow Endangered Reproduction!
Cow Endangered Reproduction!
Cow Endangered Reproduction!
Cow Endangered Reproduction!
Human Alice built Nature Reserve for COW
Cow Endangered Reproduction!
Cow Endangered Reproduction!
Cow Endangered Reproduction!
Cow Endangered Reproduction!
Cow Endangered Reproduction!
Cow Endangered Reproduction!
Divine Intervention: Spawning Wolf Reserve
Cow Endangered Reproduction!
Cow Endangered Reproduction!
Cow Endangered Reproduction!
Cow Endangered Reproduction!
Cow Endangered Reproduction!
Cow Endangered Reproduction!
Cow Endangered Reproduction!
Cow Endangered Reproduction!
Cow Endangered Reproduction!
Cow Endangered Reproduction!
Cow Endangered Reproduction!
Cow Endangered Reproduction!
Cow Endangered Reproduction!
Cow Endangered Reproduction!
Cow Endangered Reproduction!
Cow Endangered Reproduction!
Human Alice built Nature Reserve for COW
Cow Endangered Reproduction!

 [31m❯[39m src/engine/Civilization.test.js [2m([22m[2m3 tests[22m[2m | [22m[31m1 failed[39m[2m | [22m[33m1 skipped[39m[2m)[22m[33m 313[2mms[22m[39m
[31m     [31m×[31m Human should gather wood from Tree[39m[32m 23[2mms[22m[39m
     [32m✓[39m Human should build House when having enough wood[32m 216[2mms[22m[39m
     [2m[90m↓[39m[22m Human should seek shelter in House when threatened
[90mstdout[2m | src/engine/Frenzy.test.js[2m > [22m[2mFrenzy Mechanics[2m > [22m[2mWolf should enter frenzy when cows are high
[22m[39mWolf Frenzy Reproduction!

 [31m❯[39m src/engine/Frenzy.test.js [2m([22m[2m3 tests[22m[2m | [22m[31m1 failed[39m[2m)[22m[32m 284[2mms[22m[39m
     [32m✓[39m Cow should enter frenzy when berries are high[32m 41[2mms[22m[39m
[31m     [31m×[31m Cow should NOT enter frenzy when berries are low[39m[32m 183[2mms[22m[39m
     [32m✓[39m Wolf should enter frenzy when cows are high[32m 5[2mms[22m[39m
[90mstdout[2m | src/engine/Conservation.test.js[2m > [22m[2mConservation Reliability[2m > [22m[2mDivine Intervention should spawn reserve when extinct
[22m[39mDivine Intervention: Spawning Wolf Reserve
Divine Intervention: Spawning Cow Reserve

[90mstdout[2m | src/engine/Conservation.test.js[2m > [22m[2mConservation Reliability[2m > [22m[2mHuman should find conservation spot in crowded world
[22m[39mHuman Charlie built Nature Reserve for WOLF
Human Charlie built Nature Reserve for WOLF
Human Charlie built Nature Reserve for WOLF
Human Charlie built Nature Reserve for WOLF
Human Charlie built Nature Reserve for WOLF
Divine Intervention: Spawning Cow Reserve
Human Charlie built Nature Reserve for WOLF
Human Charlie built Nature Reserve for WOLF
Human Charlie built Nature Reserve for WOLF
Human Charlie built Nature Reserve for WOLF
Divine Intervention: Spawning Cow Reserve

 [32m✓[39m src/engine/Conservation.test.js [2m([22m[2m2 tests[22m[2m)[22m[32m 90[2mms[22m[39m
 [32m✓[39m src/engine/PopulationSafetyNet.test.js [2m([22m[2m2 tests[22m[2m)[22m[32m 154[2mms[22m[39m
[90mstdout[2m | src/engine/WorldGenerator.test.js[2m > [22m[2mWorldGenerator[2m > [22m[2mshould ensure connectivity
[22m[39mConnectivity: 100%

 [32m✓[39m src/engine/WorldGenerator.test.js [2m([22m[2m3 tests[22m[2m)[22m[32m 281[2mms[22m[39m
[90mstdout[2m | src/engine/SocietalSplit.test.js[2m > [22m[2mSocietal Split[2m > [22m[2mshould split into new faction when overcrowded
[22m[39mNew Faction PINK_170 registered with traits: {
  moveSpeed: [33m0.9505586429456843[39m,
  hungerRate: [33m0.9012382129895012[39m,
  visionRadius: [33m0.997107082366208[39m,
  aggression: [33m0.9932152996339089[39m,
  heatTolerance: [33m1.0611297552598393[39m,
  coldTolerance: [33m1.0360695860600133[39m
}
Societal Split! RED -> PINK_170 (Threshold: 6)

 [32m✓[39m src/engine/SocietalSplit.test.js [2m([22m[2m2 tests[22m[2m)[22m[32m 39[2mms[22m[39m
 [32m✓[39m src/engine/PopulationFix.test.js [2m([22m[2m5 tests[22m[2m)[22m[32m 35[2mms[22m[39m
[90mstdout[2m | src/engine/World.test.js[2m > [22m[2mWorld Simulation[2m > [22m[2mCow should reproduce when well fed
[22m[39mCow Endangered Reproduction!
Cow Endangered Reproduction!

[90mstdout[2m | src/engine/World.test.js[2m > [22m[2mWorld Simulation[2m > [22m[2mWorld should reseed extinct species
[22m[39mDivine Intervention: Spawning Wolf Reserve
Divine Intervention: Spawning Cow Reserve

 [31m❯[39m src/engine/World.test.js [2m([22m[2m7 tests[22m[2m | [22m[31m1 failed[39m[2m)[22m[32m 80[2mms[22m[39m
     [32m✓[39m should spawn entities correctly[32m 10[2mms[22m[39m
[31m     [31m×[31m Human should eat food (Cow)[39m[32m 23[2mms[22m[39m
     [32m✓[39m Cow should reproduce when well fed[32m 9[2mms[22m[39m
     [32m✓[39m Cow should seek Farm[32m 7[2mms[22m[39m
     [32m✓[39m Wolf should hunt Cow[32m 8[2mms[22m[39m
     [32m✓[39m Human should defend against Wolf[32m 5[2mms[22m[39m
     [32m✓[39m World should reseed extinct species[32m 4[2mms[22m[39m
 [32m✓[39m src/engine/StatsDrift.test.js [2m([22m[2m3 tests[22m[2m)[22m[32m 11[2mms[22m[39m
 [32m✓[39m src/engine/Volcano.test.js [2m([22m[2m3 tests[22m[2m)[22m[32m 6[2mms[22m[39m
[90mstdout[2m | src/engine/Genetics.test.js[2m > [22m[2mFaction Genetics[2m > [22m[2mMutates traits when registering new faction
[22m[39mNew Faction BLUE registered with traits: {
  moveSpeed: [33m1.0478751709212022[39m,
  hungerRate: [33m1.0011441616677745[39m,
  visionRadius: [33m0.993285949094107[39m,
  aggression: [33m0.9483120869639707[39m,
  heatTolerance: [33m1.0320389482846501[39m,
  coldTolerance: [33m1.0092050104505292[39m
}

 [32m✓[39m src/engine/Genetics.test.js [2m([22m[2m4 tests[22m[2m)[22m[32m 33[2mms[22m[39m
 [32m✓[39m src/entities/AnimalIntegration.test.js [2m([22m[2m5 tests[22m[2m)[22m[32m 15[2mms[22m[39m
 [32m✓[39m src/engine/EventConfig.test.js [2m([22m[2m6 tests[22m[2m)[22m[32m 37[2mms[22m[39m
 [32m✓[39m src/engine/Weather.test.js [2m([22m[2m2 tests[22m[2m)[22m[32m 11[2mms[22m[39m
 [32m✓[39m src/engine/RandomEventSystem.test.js [2m([22m[2m4 tests[22m[2m)[22m[32m 58[2mms[22m[39m
 [32m✓[39m src/engine/Earthquake.test.js [2m([22m[2m3 tests[22m[2m)[22m[32m 16[2mms[22m[39m
 [32m✓[39m src/components/Settings.test.js [2m([22m[2m1 test[22m[2m)[22m[32m 25[2mms[22m[39m
 [32m✓[39m src/engine/StructureDecay.test.js [2m([22m[2m2 tests[22m[2m)[22m[32m 20[2mms[22m[39m
[90mstdout[2m | src/engine/War.test.js[2m > [22m[2mPopulation Control (War)[2m > [22m[2mShould split easily when overpopulated
[22m[39mNew Faction ORANGE_259 registered with traits: {
  moveSpeed: [33m0.9990690308381132[39m,
  hungerRate: [33m0.9966266698266706[39m,
  visionRadius: [33m0.994744407771774[39m,
  aggression: [33m0.9989492770563798[39m,
  heatTolerance: [33m1.0709774700210066[39m,
  coldTolerance: [33m1.082558972930897[39m
}
Societal Split! RED -> ORANGE_259 (Threshold: 2)

 [32m✓[39m src/engine/War.test.js [2m([22m[2m3 tests[22m[2m)[22m[32m 69[2mms[22m[39m
[90mstdout[2m | src/engine/LongRun.test.js[2m > [22m[2mLong Run Stability[2m > [22m[2mshould run for 1000 ticks without crashing or exploding
[22m[39mCow Endangered Reproduction!
Cow Endangered Reproduction!
Cow Endangered Reproduction!
Cow Endangered Reproduction!
Cow Endangered Reproduction!
Cow Endangered Reproduction!
Cow Endangered Reproduction!
Cow Endangered Reproduction!
Cow Endangered Reproduction!
Cow Endangered Reproduction!
Cow Endangered Reproduction!
Cow Endangered Reproduction!
Cow Endangered Reproduction!
Cow Endangered Reproduction!
Cow Endangered Reproduction!
Cow Endangered Reproduction!
Cow Endangered Reproduction!
Cow Endangered Reproduction!
Cow Endangered Reproduction!
Cow Endangered Reproduction!
Cow Endangered Reproduction!
Cow Endangered Reproduction!
Cow Endangered Reproduction!
Cow Endangered Reproduction!
Cow Endangered Reproduction!
Cow Endangered Reproduction!
Cow Endangered Reproduction!
Cow Endangered Reproduction!
Cow Endangered Reproduction!
Cow Endangered Reproduction!
Human Milo built Nature Reserve for WOLF
Human Tina built Nature Reserve for WOLF
Human Milo built Nature Reserve for WOLF
Human Grace built Nature Reserve for WOLF
Human Pip built Nature Reserve for WOLF
Human Wendy built Nature Reserve for WOLF
Human Alice built Nature Reserve for WOLF
Human Zane built Nature Reserve for WOLF
Human Eve built Nature Reserve for WOLF
Human Grace built Nature Reserve for WOLF
Human Wendy built Nature Reserve for WOLF
Human Eve built Nature Reserve for WOLF
Human Tina built Nature Reserve for WOLF
Human Oscar built Nature Reserve for WOLF
Human Milo built Nature Reserve for WOLF
Human Uma built Nature Reserve for WOLF
Human Uma built Nature Reserve for WOLF
Human Hank built Nature Reserve for WOLF
Human Charlie built Nature Reserve for WOLF
Human Wendy built Nature Reserve for WOLF
Human Pip built Nature Reserve for WOLF
Human Oscar built Nature Reserve for WOLF
Human Milo built Nature Reserve for WOLF
Human Hank built Nature Reserve for WOLF
Human Oscar built Nature Reserve for WOLF
Human Ruby built Nature Reserve for WOLF
Human Charlie built Nature Reserve for WOLF
Human Victor built Nature Reserve for WOLF
Human Uma built Nature Reserve for WOLF
Human Alice built Nature Reserve for WOLF
Human Charlie built Nature Reserve for WOLF
Human Ivy built Nature Reserve for WOLF
Human Milo built Nature Reserve for WOLF
Human Nina built Nature Reserve for WOLF
Human Ivy built Nature Reserve for WOLF
Human Xander built Nature Reserve for WOLF
Human Frank built Nature Reserve for WOLF
Human Oscar built Nature Reserve for WOLF
Human Nina built Nature Reserve for WOLF
Human Charlie built Nature Reserve for WOLF
Human Uma built Nature Reserve for WOLF
Human Eve built Nature Reserve for WOLF
Human Zane built Nature Reserve for WOLF
Human Tina built Nature Reserve for WOLF
Human Grace built Nature Reserve for WOLF
Human Eve built Nature Reserve for WOLF
Human Victor built Nature Reserve for WOLF
Human Uma built Nature Reserve for WOLF
Human Xander built Nature Reserve for WOLF
Human Pip built Nature Reserve for WOLF
Human Uma built Nature Reserve for WOLF
Human Grace built Nature Reserve for WOLF
Human Xander built Nature Reserve for WOLF
Human Wendy built Nature Reserve for WOLF
Human Yara built Nature Reserve for WOLF
Human Ruby built Nature Reserve for WOLF
Human Victor built Nature Reserve for WOLF
Human Alice built Nature Reserve for WOLF
Human Alice built Nature Reserve for WOLF
Human Grace built Nature Reserve for WOLF
Human Alice built Nature Reserve for WOLF
Human Tina built Nature Reserve for WOLF
Human Ruby built Nature Reserve for WOLF
Human Wendy built Nature Reserve for WOLF
Human Grace built Nature Reserve for WOLF
Human Eve built Nature Reserve for WOLF
Human Milo built Nature Reserve for WOLF
Human Hank built Nature Reserve for WOLF
Human Frank built Nature Reserve for WOLF
Cow Endangered Reproduction!
Cow Endangered Reproduction!
Cow Endangered Reproduction!
Cow Endangered Reproduction!
Cow Endangered Reproduction!
Cow Endangered Reproduction!
Cow Endangered Reproduction!
Human Grace built Nature Reserve for COW
Human Hank built Nature Reserve for COW
Human Uma built Nature Reserve for COW
Cow Endangered Reproduction!
Cow Endangered Reproduction!
New Faction TEAL_460 registered with traits: {
  moveSpeed: [33m1.074612641672793[39m,
  hungerRate: [33m0.945158662238611[39m,
  visionRadius: [33m0.9430173591954765[39m,
  aggression: [33m0.9246262328029783[39m,
  heatTolerance: [33m1.0513599374534808[39m,
  coldTolerance: [33m0.9425542094047601[39m
}
Societal Split! RED -> TEAL_460 (Threshold: 6)
Human Wendy built Nature Reserve for WOLF
Human Xander built Nature Reserve for WOLF
Human Quinn built Nature Reserve for WOLF
Human Ruby built Nature Reserve for WOLF
Human Sam built Nature Reserve for WOLF
Human Ivy built Nature Reserve for WOLF
Human Tina built Nature Reserve for WOLF
Human Ivy built Nature Reserve for WOLF
Human Alice built Nature Reserve for WOLF
Human Milo built Nature Reserve for WOLF
Human Alice built Nature Reserve for WOLF
Human Yara built Nature Reserve for WOLF
Human Zane built Nature Reserve for WOLF
Human Ruby built Nature Reserve for WOLF
Human Ruby built Nature Reserve for WOLF
Human Oscar built Nature Reserve for WOLF
Human Nina built Nature Reserve for WOLF
Human Uma built Nature Reserve for WOLF
Human Luna built Nature Reserve for WOLF
Human Ivy built Nature Reserve for WOLF
Human Uma built Nature Reserve for WOLF
Human Ivy built Nature Reserve for WOLF
Human Victor built Nature Reserve for WOLF
Human Quinn built Nature Reserve for WOLF
Human Ruby built Nature Reserve for WOLF
Human Sam built Nature Reserve for WOLF
Human Diana built Nature Reserve for WOLF
Human Alice built Nature Reserve for WOLF
Human Alice built Nature Reserve for WOLF
Human Zane built Nature Reserve for WOLF
Human Nina built Nature Reserve for WOLF
Human Charlie built Nature Reserve for WOLF
Human Tina built Nature Reserve for WOLF
Human Victor built Nature Reserve for WOLF
Human Eve built Nature Reserve for WOLF
Human Ivy built Nature Reserve for WOLF
Human Alice built Nature Reserve for WOLF
Human Xander built Nature Reserve for WOLF
Human Zane built Nature Reserve for WOLF
Human Nina built Nature Reserve for WOLF
Human Ivy built Nature Reserve for WOLF
Human Ivy built Nature Reserve for WOLF
Human Yara built Nature Reserve for WOLF
Human Zane built Nature Reserve for WOLF
Human Alice built Nature Reserve for WOLF
Human Alice built Nature Reserve for WOLF
Human Ivy built Nature Reserve for WOLF
Human Bob built Nature Reserve for WOLF
Human Jack built Nature Reserve for WOLF
Human Frank built Nature Reserve for WOLF
Human Alice built Nature Reserve for WOLF
Human Sam built Nature Reserve for WOLF
Human Tina built Nature Reserve for WOLF
Human Diana built Nature Reserve for WOLF
Human Ivy built Nature Reserve for WOLF
Human Oscar built Nature Reserve for WOLF
Human Diana built Nature Reserve for WOLF
Human Ivy built Nature Reserve for WOLF
Human Eve built Nature Reserve for WOLF
Human Yara built Nature Reserve for WOLF
Human Quinn built Nature Reserve for WOLF
Human Zane built Nature Reserve for WOLF
Human Victor built Nature Reserve for WOLF
Human Ivy built Nature Reserve for WOLF
Human Zane built Nature Reserve for WOLF
Human Uma built Nature Reserve for WOLF
Human Zane built Nature Reserve for WOLF
Human Uma built Nature Reserve for WOLF
Human Zane built Nature Reserve for WOLF
Human Charlie built Nature Reserve for WOLF
Human Ruby built Nature Reserve for WOLF
Human Zane built Nature Reserve for WOLF
Human Zane built Nature Reserve for WOLF
Human Tina built Nature Reserve for WOLF
Human Zane built Nature Reserve for WOLF
Human Grace built Nature Reserve for WOLF
Human Eve built Nature Reserve for WOLF
Human Diana built Nature Reserve for WOLF
Human Zane built Nature Reserve for WOLF
Human Frank built Nature Reserve for WOLF
Human Charlie built Nature Reserve for WOLF
Human Oscar built Nature Reserve for WOLF
Human Charlie built Nature Reserve for WOLF
Human Victor built Nature Reserve for WOLF
Human Charlie built Nature Reserve for WOLF
Human Diana built Nature Reserve for WOLF
Human Frank built Nature Reserve for WOLF
New Faction ORANGE_300 registered with traits: {
  moveSpeed: [33m1.0620224920789119[39m,
  hungerRate: [33m0.9976059913103108[39m,
  visionRadius: [33m1.0786169371732899[39m,
  aggression: [33m1.0238239055675524[39m,
  heatTolerance: [33m0.9208342165181949[39m,
  coldTolerance: [33m1.033022646472439[39m
}
Societal Split! RED -> ORANGE_300 (Threshold: 6)
New Faction PURPLE_180 registered with traits: {
  moveSpeed: [33m0.9584501367538796[39m,
  hungerRate: [33m1.051983085879723[39m,
  visionRadius: [33m1.0154733683532722[39m,
  aggression: [33m0.9378516764571333[39m,
  heatTolerance: [33m0.953879401766629[39m,
  coldTolerance: [33m1.093107211930843[39m
}
Societal Split! BLUE -> PURPLE_180 (Threshold: 6)
Human Xander built Nature Reserve for WOLF
Human Zane built Nature Reserve for WOLF
Human Zane built Nature Reserve for WOLF
Human Sam built Nature Reserve for WOLF
Human Milo built Nature Reserve for WOLF
Human Nina built Nature Reserve for WOLF
Human Uma built Nature Reserve for WOLF
Human Alice built Nature Reserve for WOLF
Human Frank built Nature Reserve for WOLF
Human Luna built Nature Reserve for WOLF
Human Quinn built Nature Reserve for WOLF
Human Quinn built Nature Reserve for WOLF
Human Eve built Nature Reserve for WOLF
Human Tina built Nature Reserve for WOLF
Human Victor built Nature Reserve for WOLF
Human Bob built Nature Reserve for WOLF
Human Charlie built Nature Reserve for WOLF
Human Zane built Nature Reserve for WOLF
Human Frank built Nature Reserve for WOLF
Human Pip built Nature Reserve for WOLF
Human Jack built Nature Reserve for WOLF
Human Nina built Nature Reserve for WOLF
Human Zane built Nature Reserve for WOLF
Human Milo built Nature Reserve for WOLF
Human Bob built Nature Reserve for WOLF
Human Oscar built Nature Reserve for WOLF
Human Luna built Nature Reserve for WOLF
Human Sam built Nature Reserve for WOLF
Human Tina built Nature Reserve for WOLF
Human Xander built Nature Reserve for WOLF
Human Grace built Nature Reserve for WOLF
Human Hank built Nature Reserve for WOLF
Human Xander built Nature Reserve for WOLF
Human Oscar built Nature Reserve for WOLF
Human Oscar built Nature Reserve for WOLF
Human Uma built Nature Reserve for WOLF
Human Alice built Nature Reserve for WOLF
Human Tina built Nature Reserve for WOLF
Human Hank built Nature Reserve for WOLF
Human Jack built Nature Reserve for WOLF
Human Zane built Nature Reserve for WOLF
Human Hank built Nature Reserve for WOLF
Human Oscar built Nature Reserve for WOLF
Human Alice built Nature Reserve for WOLF
Human Luna built Nature Reserve for WOLF
Human Luna built Nature Reserve for WOLF
Human Oscar built Nature Reserve for WOLF
Human Bob built Nature Reserve for WOLF
Human Zane built Nature Reserve for WOLF
Human Milo built Nature Reserve for WOLF
Human Quinn built Nature Reserve for WOLF
Human Oscar built Nature Reserve for WOLF
Human Sam built Nature Reserve for WOLF
Human Charlie built Nature Reserve for WOLF
Human Nina built Nature Reserve for WOLF
Human Quinn built Nature Reserve for WOLF
Human Charlie built Nature Reserve for WOLF
Human Sam built Nature Reserve for WOLF
Human Ruby built Nature Reserve for WOLF
Human Charlie built Nature Reserve for WOLF
Human Grace built Nature Reserve for WOLF
Human Quinn built Nature Reserve for WOLF
Human Diana built Nature Reserve for WOLF
Human Yara built Nature Reserve for WOLF
Human Tina built Nature Reserve for WOLF
Human Hank built Nature Reserve for WOLF
Human Diana built Nature Reserve for WOLF
Human Oscar built Nature Reserve for WOLF
Human Luna built Nature Reserve for WOLF
Human Luna built Nature Reserve for WOLF
Human Oscar built Nature Reserve for WOLF
Human Hank built Nature Reserve for WOLF
Human Ivy built Nature Reserve for WOLF
Human Uma built Nature Reserve for WOLF
Human Nina built Nature Reserve for WOLF
Human Xander built Nature Reserve for WOLF
Human Uma built Nature Reserve for WOLF
Human Xander built Nature Reserve for WOLF
Human Pip built Nature Reserve for WOLF
Human Eve built Nature Reserve for WOLF
Human Alice built Nature Reserve for WOLF
Human Pip built Nature Reserve for WOLF
Human Zane built Nature Reserve for WOLF
Human Eve built Nature Reserve for WOLF
Human Zane built Nature Reserve for WOLF
Human Oscar built Nature Reserve for WOLF
Human Ruby built Nature Reserve for WOLF
Human Xander built Nature Reserve for WOLF
Human Luna built Nature Reserve for WOLF
Human Charlie built Nature Reserve for WOLF
Human Hank built Nature Reserve for WOLF
Human Pip built Nature Reserve for WOLF
Human Ivy built Nature Reserve for WOLF
Human Alice built Nature Reserve for WOLF
Human Charlie built Nature Reserve for WOLF
Human Oscar built Nature Reserve for WOLF
Human Luna built Nature Reserve for WOLF
Human Pip built Nature Reserve for WOLF
Human Ruby built Nature Reserve for WOLF
Human Hank built Nature Reserve for WOLF
Human Ruby built Nature Reserve for WOLF
Human Ruby built Nature Reserve for WOLF
Human Hank built Nature Reserve for WOLF
Human Hank built Nature Reserve for WOLF
Human Zane built Nature Reserve for WOLF
Human Pip built Nature Reserve for WOLF
Human Nina built Nature Reserve for WOLF
Human Ruby built Nature Reserve for WOLF
Human Ruby built Nature Reserve for WOLF
Human Oscar built Nature Reserve for WOLF
Human Victor built Nature Reserve for WOLF
Human Hank built Nature Reserve for WOLF
Human Hank built Nature Reserve for WOLF
Human Victor built Nature Reserve for WOLF
Human Frank built Nature Reserve for WOLF
Human Xander built Nature Reserve for WOLF
Human Pip built Nature Reserve for WOLF
Human Xander built Nature Reserve for WOLF
Human Alice built Nature Reserve for WOLF
Human Milo built Nature Reserve for WOLF
Human Alice built Nature Reserve for WOLF
Human Quinn built Nature Reserve for WOLF
Human Oscar built Nature Reserve for WOLF
Human Charlie built Nature Reserve for WOLF
Human Luna built Nature Reserve for WOLF
Human Pip built Nature Reserve for WOLF
Human Hank built Nature Reserve for WOLF
Human Charlie built Nature Reserve for WOLF
Human Frank built Nature Reserve for WOLF
Human Ivy built Nature Reserve for WOLF
Human Pip built Nature Reserve for WOLF
Human Ruby built Nature Reserve for WOLF
Human Hank built Nature Reserve for WOLF
Human Nina built Nature Reserve for WOLF
Human Charlie built Nature Reserve for WOLF
Human Luna built Nature Reserve for WOLF
Human Ruby built Nature Reserve for WOLF
Human Eve built Nature Reserve for WOLF
Human Charlie built Nature Reserve for WOLF
Human Pip built Nature Reserve for WOLF
Human Ruby built Nature Reserve for WOLF
Human Hank built Nature Reserve for WOLF
Human Eve built Nature Reserve for WOLF
Human Alice built Nature Reserve for WOLF
Human Ruby built Nature Reserve for WOLF
Human Charlie built Nature Reserve for WOLF
Human Pip built Nature Reserve for WOLF
Human Luna built Nature Reserve for WOLF
Human Eve built Nature Reserve for WOLF
Human Eve built Nature Reserve for WOLF
Human Hank built Nature Reserve for WOLF
Human Ruby built Nature Reserve for WOLF
Human Frank built Nature Reserve for WOLF
Human Quinn built Nature Reserve for WOLF
Human Hank built Nature Reserve for WOLF
Human Charlie built Nature Reserve for WOLF
Human Victor built Nature Reserve for WOLF
Human Diana built Nature Reserve for WOLF
Human Milo built Nature Reserve for WOLF
Human Ivy built Nature Reserve for WOLF
Human Eve built Nature Reserve for WOLF
Human Victor built Nature Reserve for WOLF
Human Luna built Nature Reserve for WOLF
Human Ruby built Nature Reserve for WOLF
Human Luna built Nature Reserve for WOLF
Human Ruby built Nature Reserve for WOLF
Human Eve built Nature Reserve for WOLF
Human Wendy built Nature Reserve for WOLF
Human Frank built Nature Reserve for WOLF
Human Charlie built Nature Reserve for WOLF
Human Ruby built Nature Reserve for WOLF
Human Eve built Nature Reserve for WOLF
Human Ruby built Nature Reserve for WOLF
Human Charlie built Nature Reserve for WOLF
Human Hank built Nature Reserve for WOLF
Human Xander built Nature Reserve for WOLF
Human Luna built Nature Reserve for WOLF
Human Bob built Nature Reserve for WOLF
Human Ruby built Nature Reserve for WOLF
Human Ivy built Nature Reserve for WOLF
Human Alice built Nature Reserve for WOLF
Human Grace built Nature Reserve for WOLF
Human Hank built Nature Reserve for WOLF
Human Sam built Nature Reserve for WOLF
Human Ruby built Nature Reserve for WOLF
Human Ivy built Nature Reserve for WOLF
Human Diana built Nature Reserve for WOLF
Human Victor built Nature Reserve for WOLF
Human Grace built Nature Reserve for WOLF
Human Eve built Nature Reserve for WOLF
Human Eve built Nature Reserve for WOLF
Human Alice built Nature Reserve for WOLF
Human Milo built Nature Reserve for WOLF
Human Ruby built Nature Reserve for WOLF
Human Eve built Nature Reserve for WOLF
Human Grace built Nature Reserve for WOLF
Human Ivy built Nature Reserve for WOLF
Human Milo built Nature Reserve for WOLF
Human Wendy built Nature Reserve for WOLF
Human Zane built Nature Reserve for WOLF
Human Pip built Nature Reserve for WOLF
Human Hank built Nature Reserve for WOLF
Human Xander built Nature Reserve for WOLF
Human Ruby built Nature Reserve for WOLF
Human Ruby built Nature Reserve for WOLF
Human Quinn built Nature Reserve for WOLF
Human Oscar built Nature Reserve for WOLF
Human Luna built Nature Reserve for WOLF
Cow Endangered Reproduction!
Cow Endangered Reproduction!
Cow Endangered Reproduction!
Cow Endangered Reproduction!
Cow Endangered Reproduction!
Cow Endangered Reproduction!
Cow Endangered Reproduction!
Cow Endangered Reproduction!
Cow Endangered Reproduction!
Cow Endangered Reproduction!
New Faction TEAL_772 registered with traits: {
  moveSpeed: [33m0.9592458497099476[39m,
  hungerRate: [33m0.9111261725751613[39m,
  visionRadius: [33m1.060841906819023[39m,
  aggression: [33m0.9905628130038177[39m,
  heatTolerance: [33m1.0912596533790235[39m,
  coldTolerance: [33m0.9402400185026454[39m
}
Societal Split! BLUE -> TEAL_772 (Threshold: 6)
New Faction PINK_289 registered with traits: {
  moveSpeed: [33m1.055264540013938[39m,
  hungerRate: [33m0.9446276118721336[39m,
  visionRadius: [33m0.9382537558049147[39m,
  aggression: [33m0.9755035975294715[39m,
  heatTolerance: [33m0.9318680398724006[39m,
  coldTolerance: [33m0.9816590339795487[39m
}
Societal Split! BLUE -> PINK_289 (Threshold: 6)
New Faction TEAL_405 registered with traits: {
  moveSpeed: [33m0.907813808972251[39m,
  hungerRate: [33m0.9656940275669207[39m,
  visionRadius: [33m1.0937044991311815[39m,
  aggression: [33m1.0627803599614374[39m,
  heatTolerance: [33m1.055230757696281[39m,
  coldTolerance: [33m1.0305796311984574[39m
}
Societal Split! BLUE -> TEAL_405 (Threshold: 6)
Cow Endangered Reproduction!
Cow Endangered Reproduction!
Final population: 726

 [32m✓[39m src/engine/LongRun.test.js [2m([22m[2m1 test[22m[2m)[22m[33m 5315[2mms[22m[39m
     [33m[2m✓[22m[39m should run for 1000 ticks without crashing or exploding [33m 5310[2mms[22m[39m
 [32m✓[39m src/engine/AnimalGenetics.test.js [2m([22m[2m4 tests[22m[2m)[22m[32m 17[2mms[22m[39m
 [32m✓[39m src/engine/BerryControl.test.js [2m([22m[2m2 tests[22m[2m)[22m[32m 60[2mms[22m[39m
 [32m✓[39m src/engine/WolfAvoidance.test.js [2m([22m[2m3 tests[22m[2m)[22m[32m 22[2mms[22m[39m
 [32m✓[39m src/engine/Poop.test.js [2m([22m[2m3 tests[22m[2m)[22m[32m 28[2mms[22m[39m
 [32m✓[39m src/engine/Terrain.test.js [2m([22m[2m3 tests[22m[2m)[22m[32m 8[2mms[22m[39m
 [32m✓[39m src/engine/Movement.test.js [2m([22m[2m3 tests[22m[2m)[22m[32m 9[2mms[22m[39m
 [2m[90m↓[39m[22m src/engine/Fuzzing.test.js [2m([22m[2m1 test[22m[2m | [22m[33m1 skipped[39m[2m)[22m

[31m⎯⎯⎯⎯⎯⎯⎯[39m[1m[41m Failed Tests 5 [49m[22m[31m⎯⎯⎯⎯⎯⎯⎯[39m

[41m[1m FAIL [22m[49m src/engine/Frenzy.test.js[2m > [22mFrenzy Mechanics[2m > [22mCow should NOT enter frenzy when berries are low
[31m[1mAssertionError[22m: expected 50 to be 200 // Object.is equality[39m

[32m- Expected[39m
[31m+ Received[39m

[32m- 200[39m
[31m+ 50[39m

[36m [2m❯[22m src/engine/Frenzy.test.js:[2m64:41[22m[39m
    [90m 62| [39m        // Normal cooldown is 200 (from code logic, though Config says…
    [90m 63| [39m        [90m// In Cow.js: let cooldown = 200;[39m
    [90m 64| [39m        [34mexpect[39m(c1[33m.[39mreproductionCooldown)[33m.[39m[34mtoBe[39m([34m200[39m)[33m;[39m
    [90m   | [39m                                        [31m^[39m
    [90m 65| [39m    })[33m;[39m
    [90m 66| [39m

[31m[2m⎯⎯⎯⎯⎯⎯⎯⎯⎯⎯⎯⎯⎯⎯⎯⎯⎯⎯⎯⎯⎯⎯⎯⎯[1/5]⎯[22m[39m

[41m[1m FAIL [22m[49m src/engine/Ecosystem.test.js[2m > [22mEcosystem Behaviors[2m > [22mHuman should plant tree when trees are low
[31m[1mAssertionError[22m: expected 0 to be greater than 0[39m
[36m [2m❯[22m src/engine/Ecosystem.test.js:[2m38:41[22m[39m
    [90m 36| [39m        [35mfor[39m ([35mlet[39m i [33m=[39m [34m0[39m[33m;[39m i [33m<[39m [34m5[39m[33m;[39m i[33m++[39m) world[33m.[39m[34mtick[39m()[33m;[39m
    [90m 37| [39m
    [90m 38| [39m        [34mexpect[39m(world[33m.[39mentityCounts[33m.[39mtree)[33m.[39m[34mtoBeGreaterThan[39m([34m0[39m)[33m;[39m
    [90m   | [39m                                        [31m^[39m
    [90m 39| [39m        [35mconst[39m tree [33m=[39m world[33m.[39mentities[33m.[39m[34mfind[39m(e [33m=>[39m e[33m.[39mtype [33m===[39m [32m'tree'[39m)[33m;[39m
    [90m 40| [39m        [34mexpect[39m(tree)[33m.[39m[34mtoBeDefined[39m()[33m;[39m

[31m[2m⎯⎯⎯⎯⎯⎯⎯⎯⎯⎯⎯⎯⎯⎯⎯⎯⎯⎯⎯⎯⎯⎯⎯⎯[2/5]⎯[22m[39m

[41m[1m FAIL [22m[49m src/engine/Ecosystem.test.js[2m > [22mEcosystem Behaviors[2m > [22mHuman should build NatureReserve for Cows when cows are low
[31m[1mAssertionError[22m: expected 'wolf' to be 'cow' // Object.is equality[39m

Expected: [32m"cow"[39m
Received: [31m"wolf"[39m

[36m [2m❯[22m src/engine/Ecosystem.test.js:[2m129:35[22m[39m
    [90m127| [39m        const reserve = world.entities.find(e => e.type === 'natureres…
    [90m128| [39m        [34mexpect[39m(reserve)[33m.[39m[34mtoBeDefined[39m()[33m;[39m
    [90m129| [39m        [34mexpect[39m(reserve[33m.[39mspawnType)[33m.[39m[34mtoBe[39m([32m'cow'[39m)[33m;[39m
    [90m   | [39m                                  [31m^[39m
    [90m130| [39m    })[33m;[39m
    [90m131| [39m

[31m[2m⎯⎯⎯⎯⎯⎯⎯⎯⎯⎯⎯⎯⎯⎯⎯⎯⎯⎯⎯⎯⎯⎯⎯⎯[3/5]⎯[22m[39m

[41m[1m FAIL [22m[49m src/engine/Civilization.test.js[2m > [22mCivilization Behaviors[2m > [22mHuman should gather wood from Tree
[31m[1mAssertionError[22m: expected [ Human{ x: 6, y: 6, …(20) }, …(1) ] to not include Tree{ x: 6, y: 5, type: 'tree', …(7) }[39m
[36m [2m❯[22m src/engine/Civilization.test.js:[2m26:36[22m[39m
    [90m 24| [39m        world[33m.[39m[34mtick[39m()[33m;[39m
    [90m 25| [39m
    [90m 26| [39m        expect(world.entities).not.toContain(tree); // Tree should be …
    [90m   | [39m                                   [31m^[39m
    [90m 27| [39m        [34mexpect[39m(human[33m.[39mwood)[33m.[39m[34mtoBe[39m([34m5[39m)[33m;[39m [90m// Human should have wood[39m
    [90m 28| [39m    })[33m;[39m

[31m[2m⎯⎯⎯⎯⎯⎯⎯⎯⎯⎯⎯⎯⎯⎯⎯⎯⎯⎯⎯⎯⎯⎯⎯⎯[4/5]⎯[22m[39m

[41m[1m FAIL [22m[49m src/engine/World.test.js[2m > [22mWorld Simulation[2m > [22mHuman should eat food (Cow)
[31m[1mAssertionError[22m: expected 60.05 to be +0 // Object.is equality[39m

[32m- Expected[39m
[31m+ Received[39m

[32m- 0[39m
[31m+ 60.05[39m

[36m [2m❯[22m src/engine/World.test.js:[2m36:30[22m[39m
    [90m 34| [39m
    [90m 35| [39m        [90m// Human should have eaten cow[39m
    [90m 36| [39m        [34mexpect[39m(human[33m.[39mhunger)[33m.[39m[34mtoBe[39m([34m0[39m)[33m;[39m
    [90m   | [39m                             [31m^[39m
    [90m 37| [39m        [34mexpect[39m(cow[33m.[39mmarkedForDeletion)[33m.[39m[34mtoBe[39m([35mtrue[39m)[33m;[39m
    [90m 38| [39m        [34mexpect[39m(world[33m.[39mentities)[33m.[39mnot[33m.[39m[34mtoContain[39m(cow)[33m;[39m

[31m[2m⎯⎯⎯⎯⎯⎯⎯⎯⎯⎯⎯⎯⎯⎯⎯⎯⎯⎯⎯⎯⎯⎯⎯⎯[5/5]⎯[22m[39m


[2m Test Files [22m [1m[31m4 failed[39m[22m[2m | [22m[1m[32m23 passed[39m[22m[2m | [22m[33m1 skipped[39m[90m (28)[39m
[2m      Tests [22m [1m[31m5 failed[39m[22m[2m | [22m[1m[32m82 passed[39m[22m[2m | [22m[33m2 skipped[39m[90m (89)[39m
[2m   Start at [22m 22:05:09
[2m   Duration [22m 11.83s

[1m[41m FAIL [49m[22m [31mTests failed. Watching for file changes...[39m
       [2mpress [22m[1mh[22m[2m to show help[22m[2m, [22m[2mpress [22m[1mq[22m[2m to quit[22m
c[3J[1m[44m RERUN [49m[22m [34m[2msrc/engine/Config.js [22m[39m

[90mstdout[2m | src/engine/Frenzy.test.js[2m > [22m[2mFrenzy Mechanics[2m > [22m[2mCow should enter frenzy when berries are high
[22m[39mCow Frenzy Reproduction!
Cow Endangered Reproduction!

[90mstdout[2m | src/engine/Frenzy.test.js[2m > [22m[2mFrenzy Mechanics[2m > [22m[2mCow should NOT enter frenzy when berries are low
[22m[39mCow Endangered Reproduction!

[90mstdout[2m | src/engine/Frenzy.test.js[2m > [22m[2mFrenzy Mechanics[2m > [22m[2mWolf should enter frenzy when cows are high
[22m[39mWolf Frenzy Reproduction!

 [31m❯[39m src/engine/Frenzy.test.js [2m([22m[2m3 tests[22m[2m | [22m[31m1 failed[39m[2m)[22m[32m 21[2mms[22m[39m
     [32m✓[39m Cow should enter frenzy when berries are high[32m 6[2mms[22m[39m
[31m     [31m×[31m Cow should NOT enter frenzy when berries are low[39m[32m 13[2mms[22m[39m
     [32m✓[39m Wolf should enter frenzy when cows are high[32m 1[2mms[22m[39m
[90mstdout[2m | src/engine/World.test.js[2m > [22m[2mWorld Simulation[2m > [22m[2mCow should reproduce when well fed
[22m[39mCow Endangered Reproduction!
Cow Endangered Reproduction!

[90mstdout[2m | src/engine/Civilization.test.js[2m > [22m[2mCivilization Behaviors[2m > [22m[2mHuman should build House when having enough wood
[22m[39mHuman Quinn built Nature Reserve for COW
Human Quinn built Nature Reserve for COW
Human Quinn built Nature Reserve for COW
Human Quinn built Nature Reserve for COW
Cow Endangered Reproduction!
Cow Endangered Reproduction!
Cow Endangered Reproduction!
Cow Endangered Reproduction!
Cow Endangered Reproduction!
Cow Endangered Reproduction!
Human Quinn built Nature Reserve for COW
Cow Endangered Reproduction!
Cow Endangered Reproduction!
Cow Endangered Reproduction!
Cow Endangered Reproduction!
Divine Intervention: Spawning Wolf Reserve
Cow Endangered Reproduction!
Cow Endangered Reproduction!
Cow Endangered Reproduction!
Cow Endangered Reproduction!
Cow Endangered Reproduction!
Cow Endangered Reproduction!
Cow Endangered Reproduction!
Cow Endangered Reproduction!
Cow Endangered Reproduction!
Human Quinn built Nature Reserve for COW
Cow Endangered Reproduction!
Cow Endangered Reproduction!
Cow Endangered Reproduction!
Cow Endangered Reproduction!
Cow Endangered Reproduction!
Cow Endangered Reproduction!
Cow Endangered Reproduction!
Cow Endangered Reproduction!
Cow Endangered Reproduction!
Human Quinn built Nature Reserve for COW
Cow Endangered Reproduction!
Cow Endangered Reproduction!
Cow Endangered Reproduction!
Cow Endangered Reproduction!
Cow Endangered Reproduction!
Cow Endangered Reproduction!
Cow Endangered Reproduction!
Cow Endangered Reproduction!
Cow Endangered Reproduction!
Cow Endangered Reproduction!
Cow Endangered Reproduction!
Cow Endangered Reproduction!
Cow Endangered Reproduction!
Cow Endangered Reproduction!
Cow Endangered Reproduction!
Cow Endangered Reproduction!
Cow Endangered Reproduction!
Cow Endangered Reproduction!
Cow Endangered Reproduction!
Human Quinn built Nature Reserve for COW
Cow Endangered Reproduction!
Cow Endangered Reproduction!
Cow Endangered Reproduction!
Cow Endangered Reproduction!
Cow Endangered Reproduction!
Cow Endangered Reproduction!
Cow Endangered Reproduction!
Cow Endangered Reproduction!
Cow Endangered Reproduction!
Cow Endangered Reproduction!
Cow Endangered Reproduction!
Cow Endangered Reproduction!
Cow Endangered Reproduction!
Human Quinn built Nature Reserve for COW
Cow Endangered Reproduction!
Cow Endangered Reproduction!
Cow Endangered Reproduction!
Cow Endangered Reproduction!
Cow Endangered Reproduction!
Cow Endangered Reproduction!
Cow Endangered Reproduction!
Cow Endangered Reproduction!
Cow Endangered Reproduction!
Cow Endangered Reproduction!
Cow Endangered Reproduction!
Cow Endangered Reproduction!
Cow Endangered Reproduction!

[90mstdout[2m | src/engine/World.test.js[2m > [22m[2mWorld Simulation[2m > [22m[2mWorld should reseed extinct species
[22m[39mDivine Intervention: Spawning Wolf Reserve
Divine Intervention: Spawning Cow Reserve

 [31m❯[39m src/engine/Civilization.test.js [2m([22m[2m3 tests[22m[2m | [22m[31m1 failed[39m[2m | [22m[33m1 skipped[39m[2m)[22m[32m 110[2mms[22m[39m
[31m     [31m×[31m Human should gather wood from Tree[39m[32m 43[2mms[22m[39m
     [32m✓[39m Human should build House when having enough wood[32m 50[2mms[22m[39m
     [2m[90m↓[39m[22m Human should seek shelter in House when threatened
 [32m✓[39m src/engine/World.test.js [2m([22m[2m7 tests[22m[2m)[22m[32m 182[2mms[22m[39m
[90mstdout[2m | src/engine/Ecosystem.test.js[2m > [22m[2mEcosystem Behaviors[2m > [22m[2mHuman should plant tree when trees are low
[22m[39mCow Endangered Reproduction!
Cow Endangered Reproduction!
Cow Endangered Reproduction!
Cow Endangered Reproduction!
Cow Endangered Reproduction!
Cow Endangered Reproduction!
Cow Endangered Reproduction!
Cow Endangered Reproduction!
Cow Endangered Reproduction!
Cow Endangered Reproduction!
Cow Endangered Reproduction!
Cow Endangered Reproduction!
Cow Endangered Reproduction!
Cow Endangered Reproduction!
Cow Endangered Reproduction!
Cow Endangered Reproduction!
Cow Endangered Reproduction!
Cow Endangered Reproduction!
Cow Endangered Reproduction!
Cow Endangered Reproduction!
Cow Endangered Reproduction!
Cow Endangered Reproduction!
Cow Endangered Reproduction!
Cow Endangered Reproduction!
Cow Endangered Reproduction!
Cow Endangered Reproduction!
Cow Endangered Reproduction!
Cow Endangered Reproduction!
Cow Endangered Reproduction!
Cow Endangered Reproduction!

[90mstdout[2m | src/engine/Ecosystem.test.js[2m > [22m[2mEcosystem Behaviors[2m > [22m[2mHuman should build NatureReserve when wolves are low
[22m[39mHuman Sam built Nature Reserve for WOLF
Human Sam built Nature Reserve for WOLF
Human Sam built Nature Reserve for WOLF
Human Sam built Nature Reserve for WOLF
Divine Intervention: Spawning Cow Reserve

[90mstdout[2m | src/engine/Ecosystem.test.js[2m > [22m[2mEcosystem Behaviors[2m > [22m[2mHuman should build NatureReserve for Cows when cows are low
[22m[39mHuman Oscar built Nature Reserve for WOLF
Human Oscar built Nature Reserve for WOLF
Human Oscar built Nature Reserve for WOLF
Human Oscar built Nature Reserve for WOLF
Divine Intervention: Spawning Cow Reserve

[90mstdout[2m | src/engine/Ecosystem.test.js[2m > [22m[2mEcosystem Behaviors[2m > [22m[2mNatureReserve should spawn cows
[22m[39mCow Endangered Reproduction!
Cow Endangered Reproduction!
Cow Endangered Reproduction!
Cow Endangered Reproduction!
Cow Endangered Reproduction!
Cow Endangered Reproduction!
Cow Endangered Reproduction!
Cow Endangered Reproduction!
Cow Endangered Reproduction!
Cow Endangered Reproduction!
Cow Endangered Reproduction!
Cow Endangered Reproduction!
Cow Endangered Reproduction!
Cow Endangered Reproduction!
Cow Endangered Reproduction!
Cow Endangered Reproduction!
Cow Endangered Reproduction!
Cow Endangered Reproduction!
Cow Endangered Reproduction!
Cow Endangered Reproduction!
Cow Endangered Reproduction!
Cow Endangered Reproduction!
Cow Endangered Reproduction!

 [31m❯[39m src/engine/Ecosystem.test.js [2m([22m[2m6 tests[22m[2m | [22m[31m2 failed[39m[2m)[22m[33m 684[2mms[22m[39m
[31m     [31m×[31m Human should plant tree when trees are low[39m[33m 305[2mms[22m[39m
     [32m✓[39m Human should cull wolves when too many[32m 258[2mms[22m[39m
     [32m✓[39m Human should build NatureReserve when wolves are low[32m 15[2mms[22m[39m
     [32m✓[39m NatureReserve should spawn wolves[32m 4[2mms[22m[39m
[31m     [31m×[31m Human should build NatureReserve for Cows when cows are low[39m[32m 57[2mms[22m[39m
     [32m✓[39m NatureReserve should spawn cows[32m 9[2mms[22m[39m
 [32m✓[39m src/engine/PopulationSafetyNet.test.js [2m([22m[2m2 tests[22m[2m)[22m[32m 37[2mms[22m[39m
[90mstdout[2m | src/engine/WorldGenerator.test.js[2m > [22m[2mWorldGenerator[2m > [22m[2mshould ensure connectivity
[22m[39mConnectivity: 100%

 [32m✓[39m src/engine/WorldGenerator.test.js [2m([22m[2m3 tests[22m[2m)[22m[33m 417[2mms[22m[39m
     [33m[2m✓[22m[39m should ensure connectivity [33m 349[2mms[22m[39m
[90mstdout[2m | src/engine/Conservation.test.js[2m > [22m[2mConservation Reliability[2m > [22m[2mDivine Intervention should spawn reserve when extinct
[22m[39mDivine Intervention: Spawning Wolf Reserve
Divine Intervention: Spawning Cow Reserve

[90mstdout[2m | src/engine/Conservation.test.js[2m > [22m[2mConservation Reliability[2m > [22m[2mHuman should find conservation spot in crowded world
[22m[39mHuman Diana built Nature Reserve for WOLF
Human Diana built Nature Reserve for WOLF
Human Diana built Nature Reserve for WOLF
Human Diana built Nature Reserve for WOLF
Human Diana built Nature Reserve for WOLF
Divine Intervention: Spawning Cow Reserve
Human Diana built Nature Reserve for WOLF
Human Diana built Nature Reserve for WOLF
Cow Endangered Reproduction!
Cow Endangered Reproduction!
Cow Endangered Reproduction!
Cow Endangered Reproduction!
Cow Endangered Reproduction!
Cow Endangered Reproduction!
Cow Endangered Reproduction!
Cow Endangered Reproduction!
Cow Endangered Reproduction!
Cow Endangered Reproduction!
Cow Endangered Reproduction!
Cow Endangered Reproduction!
Cow Endangered Reproduction!
Cow Endangered Reproduction!
Cow Endangered Reproduction!
Cow Endangered Reproduction!
Cow Endangered Reproduction!
Cow Endangered Reproduction!
Cow Endangered Reproduction!
Cow Endangered Reproduction!
Cow Endangered Reproduction!
Cow Endangered Reproduction!
Cow Endangered Reproduction!
Cow Endangered Reproduction!
Cow Endangered Reproduction!
Cow Endangered Reproduction!
Cow Endangered Reproduction!
Cow Endangered Reproduction!
Cow Endangered Reproduction!
Cow Endangered Reproduction!
Cow Endangered Reproduction!
Cow Endangered Reproduction!
Cow Endangered Reproduction!
Cow Endangered Reproduction!
Cow Endangered Reproduction!
Cow Endangered Reproduction!
Cow Endangered Reproduction!
Cow Endangered Reproduction!
Cow Endangered Reproduction!
Cow Endangered Reproduction!

 [32m✓[39m src/engine/Conservation.test.js [2m([22m[2m2 tests[22m[2m)[22m[32m 152[2mms[22m[39m
[90mstdout[2m | src/engine/War.test.js[2m > [22m[2mPopulation Control (War)[2m > [22m[2mShould split easily when overpopulated
[22m[39mNew Faction PINK_968 registered with traits: {
  moveSpeed: [33m0.9367064697033466[39m,
  hungerRate: [33m1.0516755129430242[39m,
  visionRadius: [33m0.9463363848222884[39m,
  aggression: [33m0.9166438084238094[39m,
  heatTolerance: [33m1.0958939035178485[39m,
  coldTolerance: [33m1.0743987844128666[39m
}
Societal Split! RED -> PINK_968 (Threshold: 2)

 [32m✓[39m src/engine/War.test.js [2m([22m[2m3 tests[22m[2m)[22m[32m 32[2mms[22m[39m
 [32m✓[39m src/engine/BerryControl.test.js [2m([22m[2m2 tests[22m[2m)[22m[32m 8[2mms[22m[39m
 [32m✓[39m src/engine/RandomEventSystem.test.js [2m([22m[2m4 tests[22m[2m)[22m[32m 22[2mms[22m[39m
[90mstdout[2m | src/engine/SocietalSplit.test.js[2m > [22m[2mSocietal Split[2m > [22m[2mshould split into new faction when overcrowded
[22m[39mNew Faction TEAL_658 registered with traits: {
  moveSpeed: [33m1.0198369436783994[39m,
  hungerRate: [33m0.9154391082193425[39m,
  visionRadius: [33m0.981576535366741[39m,
  aggression: [33m0.9910750641701018[39m,
  heatTolerance: [33m1.071066707936791[39m,
  coldTolerance: [33m0.9407685423542824[39m
}
Societal Split! RED -> TEAL_658 (Threshold: 6)

 [32m✓[39m src/engine/SocietalSplit.test.js [2m([22m[2m2 tests[22m[2m)[22m[32m 32[2mms[22m[39m
 [32m✓[39m src/engine/EventConfig.test.js [2m([22m[2m6 tests[22m[2m)[22m[32m 24[2mms[22m[39m
 [32m✓[39m src/engine/PopulationFix.test.js [2m([22m[2m5 tests[22m[2m)[22m[32m 30[2mms[22m[39m
 [32m✓[39m src/engine/Poop.test.js [2m([22m[2m3 tests[22m[2m)[22m[32m 30[2mms[22m[39m
[90mstdout[2m | src/engine/Genetics.test.js[2m > [22m[2mFaction Genetics[2m > [22m[2mMutates traits when registering new faction
[22m[39mNew Faction BLUE registered with traits: {
  moveSpeed: [33m0.9338635654719061[39m,
  hungerRate: [33m0.9578715533901291[39m,
  visionRadius: [33m1.0253976287121236[39m,
  aggression: [33m0.9142323725532362[39m,
  heatTolerance: [33m1.0694969276204518[39m,
  coldTolerance: [33m0.9296371205871561[39m
}

 [32m✓[39m src/engine/Genetics.test.js [2m([22m[2m4 tests[22m[2m)[22m[32m 44[2mms[22m[39m
 [32m✓[39m src/components/Settings.test.js [2m([22m[2m1 test[22m[2m)[22m[32m 18[2mms[22m[39m
 [32m✓[39m src/engine/WolfAvoidance.test.js [2m([22m[2m3 tests[22m[2m)[22m[32m 52[2mms[22m[39m
 [32m✓[39m src/engine/AnimalGenetics.test.js [2m([22m[2m4 tests[22m[2m)[22m[32m 54[2mms[22m[39m
 [32m✓[39m src/engine/StructureDecay.test.js [2m([22m[2m2 tests[22m[2m)[22m[32m 204[2mms[22m[39m
 [32m✓[39m src/entities/AnimalIntegration.test.js [2m([22m[2m5 tests[22m[2m)[22m[32m 37[2mms[22m[39m
 [32m✓[39m src/engine/Weather.test.js [2m([22m[2m2 tests[22m[2m)[22m[32m 48[2mms[22m[39m
 [32m✓[39m src/engine/Earthquake.test.js [2m([22m[2m3 tests[22m[2m)[22m[32m 125[2mms[22m[39m
[90mstdout[2m | src/engine/LongRun.test.js[2m > [22m[2mLong Run Stability[2m > [22m[2mshould run for 1000 ticks without crashing or exploding
[22m[39mCow Endangered Reproduction!
Cow Endangered Reproduction!
Cow Endangered Reproduction!
Cow Endangered Reproduction!
Cow Endangered Reproduction!
Cow Endangered Reproduction!
Cow Endangered Reproduction!
Cow Endangered Reproduction!
Cow Endangered Reproduction!
Cow Endangered Reproduction!
Cow Endangered Reproduction!
Cow Endangered Reproduction!
Cow Endangered Reproduction!
Cow Endangered Reproduction!
Cow Endangered Reproduction!
Cow Endangered Reproduction!
Cow Endangered Reproduction!
Cow Endangered Reproduction!
Cow Endangered Reproduction!
Cow Endangered Reproduction!
Cow Endangered Reproduction!
Cow Endangered Reproduction!
Cow Endangered Reproduction!
Cow Endangered Reproduction!
Cow Endangered Reproduction!
Cow Endangered Reproduction!
Cow Endangered Reproduction!
Cow Endangered Reproduction!
Cow Endangered Reproduction!
Cow Endangered Reproduction!
Human Charlie built Nature Reserve for WOLF
Human Zane built Nature Reserve for WOLF
Human Yara built Nature Reserve for WOLF
Human Ruby built Nature Reserve for WOLF
Human Sam built Nature Reserve for WOLF
Human Yara built Nature Reserve for WOLF
Human Luna built Nature Reserve for WOLF
Human Oscar built Nature Reserve for WOLF
Human Sam built Nature Reserve for WOLF
Human Wendy built Nature Reserve for WOLF
Human Diana built Nature Reserve for WOLF
Human Pip built Nature Reserve for WOLF
Human Oscar built Nature Reserve for WOLF
Human Bob built Nature Reserve for WOLF
Human Victor built Nature Reserve for WOLF
Human Uma built Nature Reserve for WOLF
Human Yara built Nature Reserve for WOLF
Human Charlie built Nature Reserve for WOLF
Human Uma built Nature Reserve for WOLF
Human Yara built Nature Reserve for WOLF
Human Luna built Nature Reserve for WOLF
Human Alice built Nature Reserve for WOLF
Human Yara built Nature Reserve for WOLF
Human Milo built Nature Reserve for WOLF
Human Diana built Nature Reserve for WOLF
Human Alice built Nature Reserve for WOLF
Human Milo built Nature Reserve for WOLF
Human Oscar built Nature Reserve for WOLF
Human Victor built Nature Reserve for WOLF
Human Yara built Nature Reserve for WOLF
Human Bob built Nature Reserve for WOLF
Human Pip built Nature Reserve for WOLF
Human Bob built Nature Reserve for WOLF
Human Alice built Nature Reserve for WOLF
Human Hank built Nature Reserve for WOLF
Human Yara built Nature Reserve for WOLF
Human Tina built Nature Reserve for WOLF
Human Tina built Nature Reserve for WOLF
Human Sam built Nature Reserve for WOLF
Human Alice built Nature Reserve for WOLF
Human Pip built Nature Reserve for WOLF
Human Grace built Nature Reserve for WOLF
Human Sam built Nature Reserve for WOLF
Human Ruby built Nature Reserve for WOLF
Human Yara built Nature Reserve for WOLF
Human Zane built Nature Reserve for WOLF
Human Milo built Nature Reserve for WOLF
Human Victor built Nature Reserve for WOLF
Human Nina built Nature Reserve for WOLF
Human Eve built Nature Reserve for WOLF
Human Yara built Nature Reserve for WOLF
Human Pip built Nature Reserve for WOLF
Human Ruby built Nature Reserve for WOLF
Human Hank built Nature Reserve for WOLF
Human Eve built Nature Reserve for WOLF
Human Luna built Nature Reserve for WOLF
Human Pip built Nature Reserve for WOLF
Human Sam built Nature Reserve for WOLF
Human Uma built Nature Reserve for WOLF
Human Oscar built Nature Reserve for WOLF
Human Victor built Nature Reserve for WOLF
Human Victor built Nature Reserve for WOLF
Human Tina built Nature Reserve for WOLF
Human Oscar built Nature Reserve for WOLF
Human Quinn built Nature Reserve for WOLF
Human Nina built Nature Reserve for WOLF
Human Alice built Nature Reserve for WOLF
Human Yara built Nature Reserve for WOLF
Human Tina built Nature Reserve for WOLF
Human Yara built Nature Reserve for WOLF
Human Zane built Nature Reserve for WOLF
Human Zane built Nature Reserve for WOLF
Human Yara built Nature Reserve for WOLF
Human Victor built Nature Reserve for WOLF
Human Pip built Nature Reserve for WOLF
Human Bob built Nature Reserve for WOLF
Human Yara built Nature Reserve for WOLF
Human Victor built Nature Reserve for WOLF
Human Luna built Nature Reserve for WOLF
Human Quinn built Nature Reserve for WOLF
Human Charlie built Nature Reserve for WOLF
Human Eve built Nature Reserve for WOLF
Human Alice built Nature Reserve for WOLF
Human Diana built Nature Reserve for WOLF
Human Yara built Nature Reserve for WOLF
Human Hank built Nature Reserve for WOLF
Human Sam built Nature Reserve for WOLF
Human Sam built Nature Reserve for WOLF
Human Tina built Nature Reserve for WOLF
Human Ruby built Nature Reserve for WOLF
Human Tina built Nature Reserve for WOLF
Human Grace built Nature Reserve for WOLF
Human Victor built Nature Reserve for WOLF
Human Bob built Nature Reserve for WOLF
Human Charlie built Nature Reserve for WOLF
Human Uma built Nature Reserve for WOLF
Human Tina built Nature Reserve for WOLF
Human Alice built Nature Reserve for WOLF
Human Yara built Nature Reserve for WOLF
Human Yara built Nature Reserve for WOLF
Human Yara built Nature Reserve for WOLF
Human Milo built Nature Reserve for WOLF
Human Milo built Nature Reserve for WOLF
Human Eve built Nature Reserve for WOLF
Human Eve built Nature Reserve for WOLF
Human Uma built Nature Reserve for WOLF
Human Tina built Nature Reserve for WOLF
Human Eve built Nature Reserve for WOLF
Human Luna built Nature Reserve for WOLF
Human Oscar built Nature Reserve for WOLF
Human Pip built Nature Reserve for WOLF
Human Hank built Nature Reserve for WOLF
Human Alice built Nature Reserve for WOLF
Human Ruby built Nature Reserve for WOLF
Human Tina built Nature Reserve for WOLF
Human Oscar built Nature Reserve for WOLF
Human Charlie built Nature Reserve for WOLF
Human Luna built Nature Reserve for WOLF
Human Victor built Nature Reserve for WOLF
Human Jack built Nature Reserve for WOLF
Human Uma built Nature Reserve for WOLF
Cow Endangered Reproduction!
Cow Endangered Reproduction!
Human Grace built Nature Reserve for COW
Cow Endangered Reproduction!
Human Jack built Nature Reserve for COW
Human Diana built Nature Reserve for COW
Cow Endangered Reproduction!
Cow Endangered Reproduction!
Human Bob built Nature Reserve for COW
Human Zane built Nature Reserve for COW
Cow Endangered Reproduction!
Human Nina built Nature Reserve for COW
Human Ivy built Nature Reserve for COW
Human Tina built Nature Reserve for COW
Human Xander built Nature Reserve for COW
Human Zane built Nature Reserve for COW
Human Alice built Nature Reserve for COW
Cow Endangered Reproduction!
Cow Endangered Reproduction!
Human Quinn built Nature Reserve for COW
Human Charlie built Nature Reserve for COW
Human Yara built Nature Reserve for COW
Human Victor built Nature Reserve for COW
Cow Endangered Reproduction!
Cow Endangered Reproduction!
Cow Endangered Reproduction!
Cow Endangered Reproduction!
Cow Endangered Reproduction!
Cow Endangered Reproduction!
Cow Endangered Reproduction!
Cow Endangered Reproduction!
Cow Endangered Reproduction!
Cow Endangered Reproduction!
Cow Endangered Reproduction!
Cow Endangered Reproduction!
Human Milo built Nature Reserve for WOLF
Human Sam built Nature Reserve for WOLF
Human Yara built Nature Reserve for WOLF
Human Charlie built Nature Reserve for WOLF
Human Xander built Nature Reserve for WOLF
Human Milo built Nature Reserve for WOLF
Human Yara built Nature Reserve for WOLF
Human Xander built Nature Reserve for WOLF
Cow Endangered Reproduction!
Cow Endangered Reproduction!
Cow Endangered Reproduction!
Human Oscar built Nature Reserve for COW
Cow Endangered Reproduction!
Human Luna built Nature Reserve for COW
Human Hank built Nature Reserve for COW
Cow Endangered Reproduction!
Cow Endangered Reproduction!
Cow Endangered Reproduction!
Cow Endangered Reproduction!
Cow Endangered Reproduction!
New Faction INDIGO_201 registered with traits: {
  moveSpeed: [33m1.083067039991182[39m,
  hungerRate: [33m0.9574090376975991[39m,
  visionRadius: [33m0.9717093461081348[39m,
  aggression: [33m1.0731376125651166[39m,
  heatTolerance: [33m0.9694555251580379[39m,
  coldTolerance: [33m0.9629631003297293[39m
}
Societal Split! RED -> INDIGO_201 (Threshold: 6)
Human Jack built Nature Reserve for WOLF
Human Jack built Nature Reserve for WOLF
Human Wendy built Nature Reserve for WOLF
Human Uma built Nature Reserve for WOLF
Human Pip built Nature Reserve for WOLF
Human Uma built Nature Reserve for WOLF
Human Nina built Nature Reserve for WOLF
Human Quinn built Nature Reserve for WOLF
Human Milo built Nature Reserve for WOLF
Human Oscar built Nature Reserve for WOLF
Human Quinn built Nature Reserve for WOLF
Human Sam built Nature Reserve for WOLF
Human Milo built Nature Reserve for WOLF
Human Uma built Nature Reserve for WOLF
Human Grace built Nature Reserve for WOLF
Human Milo built Nature Reserve for WOLF
Human Eve built Nature Reserve for WOLF
Human Luna built Nature Reserve for WOLF
Human Yara built Nature Reserve for WOLF
Human Xander built Nature Reserve for WOLF
Human Bob built Nature Reserve for WOLF
Human Tina built Nature Reserve for WOLF
Human Xander built Nature Reserve for WOLF
Human Frank built Nature Reserve for WOLF
Human Yara built Nature Reserve for WOLF
Human Eve built Nature Reserve for WOLF
Human Nina built Nature Reserve for WOLF
Human Yara built Nature Reserve for WOLF
Human Luna built Nature Reserve for WOLF
Human Zane built Nature Reserve for WOLF
Human Xander built Nature Reserve for WOLF
Human Eve built Nature Reserve for WOLF
Human Ivy built Nature Reserve for WOLF
Human Tina built Nature Reserve for WOLF
Human Frank built Nature Reserve for WOLF
Human Bob built Nature Reserve for WOLF
Human Wendy built Nature Reserve for WOLF
Human Bob built Nature Reserve for WOLF
Human Ruby built Nature Reserve for WOLF
Human Wendy built Nature Reserve for WOLF
Human Yara built Nature Reserve for WOLF
Human Uma built Nature Reserve for WOLF
Human Wendy built Nature Reserve for WOLF
Human Diana built Nature Reserve for WOLF
Human Luna built Nature Reserve for WOLF
Human Frank built Nature Reserve for WOLF
Human Frank built Nature Reserve for WOLF
Human Yara built Nature Reserve for WOLF
Human Wendy built Nature Reserve for WOLF
Human Pip built Nature Reserve for WOLF
Human Wendy built Nature Reserve for WOLF
Human Frank built Nature Reserve for WOLF
Human Diana built Nature Reserve for WOLF
Human Yara built Nature Reserve for WOLF
Human Xander built Nature Reserve for WOLF
Human Wendy built Nature Reserve for WOLF
Human Alice built Nature Reserve for WOLF
Human Frank built Nature Reserve for WOLF
Human Eve built Nature Reserve for WOLF
Human Eve built Nature Reserve for WOLF
Human Bob built Nature Reserve for WOLF
Human Ivy built Nature Reserve for WOLF
Human Wendy built Nature Reserve for WOLF
Human Victor built Nature Reserve for WOLF
Human Alice built Nature Reserve for WOLF
Human Jack built Nature Reserve for WOLF
Human Eve built Nature Reserve for WOLF
Human Victor built Nature Reserve for WOLF
Human Frank built Nature Reserve for WOLF
Human Milo built Nature Reserve for WOLF
Human Frank built Nature Reserve for WOLF
Human Ivy built Nature Reserve for WOLF
Human Frank built Nature Reserve for WOLF
Human Wendy built Nature Reserve for WOLF
Human Wendy built Nature Reserve for WOLF
Human Wendy built Nature Reserve for WOLF
Human Eve built Nature Reserve for WOLF
Human Oscar built Nature Reserve for WOLF
Human Victor built Nature Reserve for WOLF
Human Yara built Nature Reserve for WOLF
Human Charlie built Nature Reserve for WOLF
Human Pip built Nature Reserve for WOLF
Human Victor built Nature Reserve for WOLF
Human Xander built Nature Reserve for WOLF
Human Luna built Nature Reserve for WOLF
Human Jack built Nature Reserve for WOLF
Human Frank built Nature Reserve for WOLF
Human Luna built Nature Reserve for WOLF
Human Frank built Nature Reserve for WOLF
Human Yara built Nature Reserve for WOLF
Human Frank built Nature Reserve for WOLF
Human Ivy built Nature Reserve for WOLF
Human Milo built Nature Reserve for WOLF
Human Sam built Nature Reserve for WOLF
Human Frank built Nature Reserve for WOLF
Human Bob built Nature Reserve for WOLF
Human Wendy built Nature Reserve for WOLF
Human Hank built Nature Reserve for WOLF
Human Bob built Nature Reserve for WOLF
Human Luna built Nature Reserve for WOLF
Human Diana built Nature Reserve for WOLF
Human Frank built Nature Reserve for WOLF
Human Pip built Nature Reserve for WOLF
Human Ivy built Nature Reserve for WOLF
Human Grace built Nature Reserve for WOLF
Human Wendy built Nature Reserve for WOLF
Human Eve built Nature Reserve for WOLF
Human Alice built Nature Reserve for WOLF
Human Zane built Nature Reserve for WOLF
Human Frank built Nature Reserve for WOLF
Human Frank built Nature Reserve for WOLF
Human Bob built Nature Reserve for WOLF
Human Eve built Nature Reserve for WOLF
Human Wendy built Nature Reserve for WOLF
Human Luna built Nature Reserve for WOLF
Human Ivy built Nature Reserve for WOLF
Human Alice built Nature Reserve for WOLF
Human Tina built Nature Reserve for WOLF
Human Sam built Nature Reserve for WOLF
Human Milo built Nature Reserve for WOLF
Human Sam built Nature Reserve for WOLF
Human Bob built Nature Reserve for WOLF
Human Hank built Nature Reserve for WOLF
Human Charlie built Nature Reserve for WOLF
Human Zane built Nature Reserve for WOLF
Human Jack built Nature Reserve for WOLF
Human Alice built Nature Reserve for WOLF
Human Nina built Nature Reserve for WOLF
Human Ivy built Nature Reserve for WOLF
Human Uma built Nature Reserve for WOLF
Human Luna built Nature Reserve for WOLF
Human Victor built Nature Reserve for WOLF
Human Luna built Nature Reserve for WOLF
Human Jack built Nature Reserve for WOLF
Human Alice built Nature Reserve for WOLF
Human Bob built Nature Reserve for WOLF
Human Uma built Nature Reserve for WOLF
Human Pip built Nature Reserve for WOLF
Human Milo built Nature Reserve for WOLF
Human Grace built Nature Reserve for WOLF
Human Wendy built Nature Reserve for WOLF
Human Uma built Nature Reserve for WOLF
Human Pip built Nature Reserve for WOLF
Human Uma built Nature Reserve for WOLF
Human Milo built Nature Reserve for WOLF
Human Jack built Nature Reserve for WOLF
Human Frank built Nature Reserve for WOLF
Human Jack built Nature Reserve for WOLF
Human Jack built Nature Reserve for WOLF
Human Luna built Nature Reserve for WOLF
Human Frank built Nature Reserve for WOLF
Human Uma built Nature Reserve for WOLF
Human Tina built Nature Reserve for WOLF
Human Charlie built Nature Reserve for WOLF
Human Bob built Nature Reserve for WOLF
Human Uma built Nature Reserve for WOLF
Human Hank built Nature Reserve for WOLF
Human Ivy built Nature Reserve for WOLF
Human Zane built Nature Reserve for WOLF
Human Nina built Nature Reserve for WOLF
Human Frank built Nature Reserve for WOLF
Human Pip built Nature Reserve for WOLF
Human Oscar built Nature Reserve for WOLF
Human Sam built Nature Reserve for WOLF
Human Hank built Nature Reserve for WOLF
Human Nina built Nature Reserve for WOLF
Human Luna built Nature Reserve for WOLF
Human Sam built Nature Reserve for WOLF
Human Diana built Nature Reserve for WOLF
Human Bob built Nature Reserve for WOLF
Human Sam built Nature Reserve for WOLF
Human Nina built Nature Reserve for WOLF
Human Yara built Nature Reserve for WOLF
Human Uma built Nature Reserve for WOLF
Human Ruby built Nature Reserve for WOLF
Human Tina built Nature Reserve for WOLF
Human Eve built Nature Reserve for WOLF
Human Zane built Nature Reserve for WOLF
Human Wendy built Nature Reserve for WOLF
Human Uma built Nature Reserve for WOLF
Human Ivy built Nature Reserve for WOLF
Human Luna built Nature Reserve for WOLF
Human Tina built Nature Reserve for WOLF
Human Pip built Nature Reserve for WOLF
Human Ivy built Nature Reserve for WOLF
Human Xander built Nature Reserve for WOLF
Human Ruby built Nature Reserve for WOLF
Human Luna built Nature Reserve for WOLF
Human Luna built Nature Reserve for WOLF
Human Grace built Nature Reserve for WOLF
Human Sam built Nature Reserve for WOLF
Human Xander built Nature Reserve for WOLF
Human Luna built Nature Reserve for WOLF
Human Pip built Nature Reserve for WOLF
Human Hank built Nature Reserve for WOLF
Human Ivy built Nature Reserve for WOLF
New Faction INDIGO_762 registered with traits: {
  moveSpeed: [33m1.027748836875964[39m,
  hungerRate: [33m1.0217216487403318[39m,
  visionRadius: [33m1.0489129907287205[39m,
  aggression: [33m1.0222105437175075[39m,
  heatTolerance: [33m1.0177028108733654[39m,
  coldTolerance: [33m0.9117668872506035[39m
}
Societal Split! BLUE -> INDIGO_762 (Threshold: 6)
New Faction PINK_446 registered with traits: {
  moveSpeed: [33m0.9099711224799683[39m,
  hungerRate: [33m1.0955597524363387[39m,
  visionRadius: [33m0.9872869157377937[39m,
  aggression: [33m0.9309027599539458[39m,
  heatTolerance: [33m1.0991309336237565[39m,
  coldTolerance: [33m0.9616797349991737[39m
}
Societal Split! RED -> PINK_446 (Threshold: 6)
Human Wendy built Nature Reserve for COW
Cow Endangered Reproduction!
Cow Endangered Reproduction!
Cow Endangered Reproduction!
Cow Endangered Reproduction!
Cow Endangered Reproduction!
Cow Endangered Reproduction!
Human Luna built Nature Reserve for COW
Cow Endangered Reproduction!
Human Luna built Nature Reserve for WOLF
Human Milo built Nature Reserve for WOLF
Human Frank built Nature Reserve for WOLF
Human Oscar built Nature Reserve for WOLF
Human Uma built Nature Reserve for WOLF
Human Luna built Nature Reserve for WOLF
Human Frank built Nature Reserve for WOLF
Human Quinn built Nature Reserve for WOLF
Human Charlie built Nature Reserve for WOLF
Human Frank built Nature Reserve for WOLF
Human Milo built Nature Reserve for WOLF
Human Charlie built Nature Reserve for WOLF
Human Tina built Nature Reserve for WOLF
Human Frank built Nature Reserve for WOLF
Human Diana built Nature Reserve for WOLF
Human Grace built Nature Reserve for WOLF
Human Milo built Nature Reserve for WOLF
Human Bob built Nature Reserve for WOLF
Human Xander built Nature Reserve for WOLF
Human Ivy built Nature Reserve for WOLF
Human Milo built Nature Reserve for WOLF
Human Tina built Nature Reserve for WOLF
Human Nina built Nature Reserve for WOLF
Human Ruby built Nature Reserve for WOLF
Human Milo built Nature Reserve for WOLF
Human Hank built Nature Reserve for WOLF
Human Grace built Nature Reserve for WOLF
Human Eve built Nature Reserve for WOLF
Human Quinn built Nature Reserve for WOLF
Human Eve built Nature Reserve for WOLF
Human Oscar built Nature Reserve for WOLF
Human Bob built Nature Reserve for WOLF
Human Ivy built Nature Reserve for WOLF
Human Ruby built Nature Reserve for WOLF
Human Alice built Nature Reserve for WOLF
Human Ruby built Nature Reserve for WOLF
Human Zane built Nature Reserve for WOLF
Human Charlie built Nature Reserve for WOLF
Human Yara built Nature Reserve for WOLF
Human Milo built Nature Reserve for WOLF
Human Quinn built Nature Reserve for WOLF
Human Frank built Nature Reserve for WOLF
Human Grace built Nature Reserve for WOLF
Human Eve built Nature Reserve for WOLF
Human Quinn built Nature Reserve for WOLF
Human Hank built Nature Reserve for WOLF
Human Xander built Nature Reserve for WOLF
Human Tina built Nature Reserve for WOLF
Human Grace built Nature Reserve for WOLF
Human Milo built Nature Reserve for WOLF
Human Luna built Nature Reserve for WOLF
Human Zane built Nature Reserve for WOLF
Human Frank built Nature Reserve for WOLF
Human Grace built Nature Reserve for WOLF
Human Milo built Nature Reserve for WOLF
Human Zane built Nature Reserve for WOLF
Human Ivy built Nature Reserve for WOLF
Human Pip built Nature Reserve for WOLF
Human Xander built Nature Reserve for WOLF
Human Wendy built Nature Reserve for WOLF
Human Zane built Nature Reserve for WOLF
Human Tina built Nature Reserve for WOLF
Human Frank built Nature Reserve for WOLF
Human Xander built Nature Reserve for WOLF
Human Luna built Nature Reserve for WOLF
Human Quinn built Nature Reserve for WOLF
Human Luna built Nature Reserve for WOLF
Human Alice built Nature Reserve for WOLF
Human Eve built Nature Reserve for WOLF
Human Frank built Nature Reserve for WOLF
Human Victor built Nature Reserve for WOLF
Human Quinn built Nature Reserve for WOLF
Human Nina built Nature Reserve for WOLF
Human Tina built Nature Reserve for WOLF
Human Quinn built Nature Reserve for WOLF
Human Wendy built Nature Reserve for WOLF
Human Xander built Nature Reserve for WOLF
Human Jack built Nature Reserve for WOLF
Human Luna built Nature Reserve for WOLF
Human Wendy built Nature Reserve for WOLF
Human Hank built Nature Reserve for WOLF
Human Frank built Nature Reserve for WOLF
Human Jack built Nature Reserve for WOLF
Human Ruby built Nature Reserve for WOLF
Human Frank built Nature Reserve for WOLF
Human Xander built Nature Reserve for WOLF
Human Yara built Nature Reserve for WOLF
Human Tina built Nature Reserve for WOLF
Human Eve built Nature Reserve for WOLF
Human Uma built Nature Reserve for WOLF
Human Luna built Nature Reserve for WOLF
Human Ivy built Nature Reserve for WOLF
Human Luna built Nature Reserve for WOLF
Human Quinn built Nature Reserve for WOLF
Human Pip built Nature Reserve for WOLF
Human Quinn built Nature Reserve for WOLF
Human Charlie built Nature Reserve for WOLF
Human Tina built Nature Reserve for WOLF
Human Luna built Nature Reserve for WOLF
Human Oscar built Nature Reserve for WOLF
Human Charlie built Nature Reserve for WOLF
Human Zane built Nature Reserve for WOLF
Human Tina built Nature Reserve for WOLF
Human Luna built Nature Reserve for WOLF
Human Oscar built Nature Reserve for WOLF
Human Pip built Nature Reserve for WOLF
Human Frank built Nature Reserve for WOLF
Human Uma built Nature Reserve for WOLF
Human Grace built Nature Reserve for WOLF
Human Pip built Nature Reserve for WOLF
Human Quinn built Nature Reserve for WOLF
Human Nina built Nature Reserve for WOLF
Human Jack built Nature Reserve for WOLF
Human Ivy built Nature Reserve for WOLF
Human Charlie built Nature Reserve for WOLF
Human Alice built Nature Reserve for WOLF
Human Xander built Nature Reserve for WOLF
Human Quinn built Nature Reserve for WOLF
Final population: 875

 [32m✓[39m src/engine/LongRun.test.js [2m([22m[2m1 test[22m[2m)[22m[33m 8797[2mms[22m[39m
     [33m[2m✓[22m[39m should run for 1000 ticks without crashing or exploding [33m 8793[2mms[22m[39m
 [32m✓[39m src/engine/Terrain.test.js [2m([22m[2m3 tests[22m[2m)[22m[32m 14[2mms[22m[39m
 [32m✓[39m src/engine/Movement.test.js [2m([22m[2m3 tests[22m[2m)[22m[32m 9[2mms[22m[39m
 [32m✓[39m src/engine/Volcano.test.js [2m([22m[2m3 tests[22m[2m)[22m[32m 4[2mms[22m[39m
 [31m❯[39m src/engine/StatsDrift.test.js [2m([22m[2m3 tests[22m[2m | [22m[31m1 failed[39m[2m)[22m[33m 517[2mms[22m[39m
[31m     [31m×[31m Human count should decrease when House containing Human is destroyed[39m[33m 484[2mms[22m[39m
     [32m✓[39m Human count should decrease if House is destroyed and occupant cannot be ejected[32m 1[2mms[22m[39m
     [32m✓[39m Recalculate stats should correct any drift[32m 1[2mms[22m[39m
 [2m[90m↓[39m[22m src/engine/Fuzzing.test.js [2m([22m[2m1 test[22m[2m | [22m[33m1 skipped[39m[2m)[22m

[31m⎯⎯⎯⎯⎯⎯⎯[39m[1m[41m Failed Tests 5 [49m[22m[31m⎯⎯⎯⎯⎯⎯⎯[39m

[41m[1m FAIL [22m[49m src/engine/Frenzy.test.js[2m > [22mFrenzy Mechanics[2m > [22mCow should NOT enter frenzy when berries are low
[31m[1mAssertionError[22m: expected 50 to be 200 // Object.is equality[39m

[32m- Expected[39m
[31m+ Received[39m

[32m- 200[39m
[31m+ 50[39m

[36m [2m❯[22m src/engine/Frenzy.test.js:[2m64:41[22m[39m
    [90m 62| [39m        // Normal cooldown is 200 (from code logic, though Config says…
    [90m 63| [39m        [90m// In Cow.js: let cooldown = 200;[39m
    [90m 64| [39m        [34mexpect[39m(c1[33m.[39mreproductionCooldown)[33m.[39m[34mtoBe[39m([34m200[39m)[33m;[39m
    [90m   | [39m                                        [31m^[39m
    [90m 65| [39m    })[33m;[39m
    [90m 66| [39m

[31m[2m⎯⎯⎯⎯⎯⎯⎯⎯⎯⎯⎯⎯⎯⎯⎯⎯⎯⎯⎯⎯⎯⎯⎯⎯[1/5]⎯[22m[39m

[41m[1m FAIL [22m[49m src/engine/Ecosystem.test.js[2m > [22mEcosystem Behaviors[2m > [22mHuman should plant tree when trees are low
[31m[1mAssertionError[22m: expected 0 to be greater than 0[39m
[90m [2m❯[22m src/engine/Ecosystem.test.js:[2m38:41[22m[39m

[31m[2m⎯⎯⎯⎯⎯⎯⎯⎯⎯⎯⎯⎯⎯⎯⎯⎯⎯⎯⎯⎯⎯⎯⎯⎯[2/5]⎯[22m[39m

[41m[1m FAIL [22m[49m src/engine/Ecosystem.test.js[2m > [22mEcosystem Behaviors[2m > [22mHuman should build NatureReserve for Cows when cows are low
[31m[1mAssertionError[22m: expected 'wolf' to be 'cow' // Object.is equality[39m

Expected: [32m"cow"[39m
Received: [31m"wolf"[39m

[90m [2m❯[22m src/engine/Ecosystem.test.js:[2m129:35[22m[39m

[31m[2m⎯⎯⎯⎯⎯⎯⎯⎯⎯⎯⎯⎯⎯⎯⎯⎯⎯⎯⎯⎯⎯⎯⎯⎯[3/5]⎯[22m[39m

[41m[1m FAIL [22m[49m src/engine/Civilization.test.js[2m > [22mCivilization Behaviors[2m > [22mHuman should gather wood from Tree
[31m[1mAssertionError[22m: expected [ Human{ x: 6, y: 6, …(20) }, …(1) ] to not include Tree{ x: 6, y: 5, type: 'tree', …(7) }[39m
[90m [2m❯[22m src/engine/Civilization.test.js:[2m26:36[22m[39m

[31m[2m⎯⎯⎯⎯⎯⎯⎯⎯⎯⎯⎯⎯⎯⎯⎯⎯⎯⎯⎯⎯⎯⎯⎯⎯[4/5]⎯[22m[39m

[41m[1m FAIL [22m[49m src/engine/StatsDrift.test.js[2m > [22mStats Drift[2m > [22mHuman count should decrease when House containing Human is destroyed
[31m[1mTypeError[22m: Cannot read properties of undefined (reading 'RADIUS')[39m
[36m [2m❯[22m Human.tick src/entities/Human.js:[2m58:94[22m[39m
    [90m 56| [39m
    [90m 57| [39m        [90m// Totem Effects[39m
    [90m 58| [39m        const nearbyTotem = world.findNearest(this.x, this.y, 'totem',…
    [90m   | [39m                                                                                             [31m^[39m
    [90m 59| [39m        [35mif[39m (nearbyTotem) {
    [90m 60| [39m            [35mif[39m (nearbyTotem[33m.[39mfaction [33m===[39m [35mthis[39m[33m.[39mfaction) {
[90m [2m❯[22m World.tick src/engine/World.js:[2m150:20[22m[39m
[90m [2m❯[22m src/engine/StatsDrift.test.js:[2m37:15[22m[39m

[31m[2m⎯⎯⎯⎯⎯⎯⎯⎯⎯⎯⎯⎯⎯⎯⎯⎯⎯⎯⎯⎯⎯⎯⎯⎯[5/5]⎯[22m[39m


[2m Test Files [22m [1m[31m4 failed[39m[22m[2m | [22m[1m[32m23 passed[39m[22m[2m | [22m[33m1 skipped[39m[90m (28)[39m
[2m      Tests [22m [1m[31m5 failed[39m[22m[2m | [22m[1m[32m82 passed[39m[22m[2m | [22m[33m2 skipped[39m[90m (89)[39m
[2m   Start at [22m 22:07:56
[2m   Duration [22m 35.52s

[1m[41m FAIL [49m[22m [31mTests failed. Watching for file changes...[39m
       [2mpress [22m[1mh[22m[2m to show help[22m[2m, [22m[2mpress [22m[1mq[22m[2m to quit[22m
c[3J[1m[44m RERUN [49m[22m [34m[2msrc/entities/Human.js [22m[39m

 [31m❯[39m src/engine/Frenzy.test.js [2m([22m[2m3 tests[22m[2m | [22m[31m1 failed[39m[2m)[22m[32m 21[2mms[22m[39m
     [32m✓[39m Cow should enter frenzy when berries are high[32m 6[2mms[22m[39m
[31m     [31m×[31m Cow should NOT enter frenzy when berries are low[39m[32m 13[2mms[22m[39m
     [32m✓[39m Wolf should enter frenzy when cows are high[32m 1[2mms[22m[39m
[90mstdout[2m | src/engine/Ecosystem.test.js[2m > [22m[2mEcosystem Behaviors[2m > [22m[2mHuman should plant tree when trees are low
[22m[39mCow Endangered Reproduction!
Cow Endangered Reproduction!
Cow Endangered Reproduction!
Cow Endangered Reproduction!
Cow Endangered Reproduction!
Cow Endangered Reproduction!
Cow Endangered Reproduction!
Cow Endangered Reproduction!
Cow Endangered Reproduction!
Cow Endangered Reproduction!
Cow Endangered Reproduction!
Cow Endangered Reproduction!
Cow Endangered Reproduction!
Cow Endangered Reproduction!

[90mstdout[2m | src/engine/LongRun.test.js[2m > [22m[2mLong Run Stability[2m > [22m[2mshould run for 1000 ticks without crashing or exploding
[22m[39mCow Endangered Reproduction!
Cow Endangered Reproduction!
Cow Endangered Reproduction!
Cow Endangered Reproduction!
Cow Endangered Reproduction!
Cow Endangered Reproduction!
Cow Endangered Reproduction!
Cow Endangered Reproduction!
Cow Endangered Reproduction!

 [31m❯[39m src/engine/Civilization.test.js [2m([22m[2m3 tests[22m[2m | [22m[31m2 failed[39m[2m | [22m[33m1 skipped[39m[2m)[22m[32m 24[2mms[22m[39m
[31m     [31m×[31m Human should gather wood from Tree[39m[32m 20[2mms[22m[39m
[31m     [31m×[31m Human should build House when having enough wood[39m[32m 2[2mms[22m[39m
     [2m[90m↓[39m[22m Human should seek shelter in House when threatened
[90mstdout[2m | src/engine/Ecosystem.test.js[2m > [22m[2mEcosystem Behaviors[2m > [22m[2mNatureReserve should spawn cows
[22m[39mCow Endangered Reproduction!
Cow Endangered Reproduction!
Cow Endangered Reproduction!
Cow Endangered Reproduction!
Cow Endangered Reproduction!
Cow Endangered Reproduction!
Cow Endangered Reproduction!
Cow Endangered Reproduction!
Cow Endangered Reproduction!
Cow Endangered Reproduction!
Cow Endangered Reproduction!
Cow Endangered Reproduction!
Cow Endangered Reproduction!
Cow Endangered Reproduction!
Cow Endangered Reproduction!
Cow Endangered Reproduction!
Cow Endangered Reproduction!
Cow Endangered Reproduction!
Cow Endangered Reproduction!

 [31m❯[39m src/engine/LongRun.test.js [2m([22m[2m1 test[22m[2m | [22m[31m1 failed[39m[2m)[22m[32m 63[2mms[22m[39m
[31m     [31m×[31m should run for 1000 ticks without crashing or exploding[39m[32m 61[2mms[22m[39m
 [31m❯[39m src/engine/Ecosystem.test.js [2m([22m[2m6 tests[22m[2m | [22m[31m4 failed[39m[2m)[22m[32m 114[2mms[22m[39m
[31m     [31m×[31m Human should plant tree when trees are low[39m[32m 94[2mms[22m[39m
[31m     [31m×[31m Human should cull wolves when too many[39m[32m 4[2mms[22m[39m
[31m     [31m×[31m Human should build NatureReserve when wolves are low[39m[32m 1[2mms[22m[39m
     [32m✓[39m NatureReserve should spawn wolves[32m 2[2mms[22m[39m
[31m     [31m×[31m Human should build NatureReserve for Cows when cows are low[39m[32m 2[2mms[22m[39m
     [32m✓[39m NatureReserve should spawn cows[32m 8[2mms[22m[39m
 [31m❯[39m src/engine/StatsDrift.test.js [2m([22m[2m3 tests[22m[2m | [22m[31m1 failed[39m[2m)[22m[32m 89[2mms[22m[39m
[31m     [31m×[31m Human count should decrease when House containing Human is destroyed[39m[32m 80[2mms[22m[39m
     [32m✓[39m Human count should decrease if House is destroyed and occupant cannot be ejected[32m 2[2mms[22m[39m
     [32m✓[39m Recalculate stats should correct any drift[32m 1[2mms[22m[39m
[90mstdout[2m | src/engine/Conservation.test.js[2m > [22m[2mConservation Reliability[2m > [22m[2mDivine Intervention should spawn reserve when extinct
[22m[39mDivine Intervention: Spawning Wolf Reserve
Divine Intervention: Spawning Cow Reserve

 [31m❯[39m src/engine/Conservation.test.js [2m([22m[2m2 tests[22m[2m | [22m[31m1 failed[39m[2m)[22m[32m 47[2mms[22m[39m
     [32m✓[39m Divine Intervention should spawn reserve when extinct[32m 6[2mms[22m[39m
[31m     [31m×[31m Human should find conservation spot in crowded world[39m[32m 38[2mms[22m[39m
 [32m✓[39m src/engine/Weather.test.js [2m([22m[2m2 tests[22m[2m)[22m[32m 7[2mms[22m[39m
 [32m✓[39m src/engine/Earthquake.test.js [2m([22m[2m3 tests[22m[2m)[22m[32m 15[2mms[22m[39m
[90mstdout[2m | src/engine/World.test.js[2m > [22m[2mWorld Simulation[2m > [22m[2mCow should reproduce when well fed
[22m[39mCow Endangered Reproduction!
Cow Endangered Reproduction!

[90mstdout[2m | src/engine/World.test.js[2m > [22m[2mWorld Simulation[2m > [22m[2mWorld should reseed extinct species
[22m[39mDivine Intervention: Spawning Wolf Reserve
Divine Intervention: Spawning Cow Reserve

 [31m❯[39m src/engine/World.test.js [2m([22m[2m7 tests[22m[2m | [22m[31m2 failed[39m[2m)[22m[32m 65[2mms[22m[39m
     [32m✓[39m should spawn entities correctly[32m 6[2mms[22m[39m
[31m     [31m×[31m Human should eat food (Cow)[39m[32m 30[2mms[22m[39m
     [32m✓[39m Cow should reproduce when well fed[32m 6[2mms[22m[39m
     [32m✓[39m Cow should seek Farm[32m 1[2mms[22m[39m
     [32m✓[39m Wolf should hunt Cow[32m 16[2mms[22m[39m
[31m     [31m×[31m Human should defend against Wolf[39m[32m 2[2mms[22m[39m
     [32m✓[39m World should reseed extinct species[32m 2[2mms[22m[39m
[90mstdout[2m | src/engine/SocietalSplit.test.js[2m > [22m[2mSocietal Split[2m > [22m[2mshould split into new faction when overcrowded
[22m[39mNew Faction PURPLE_472 registered with traits: {
  moveSpeed: [33m1.064468256876973[39m,
  hungerRate: [33m0.9690183151303886[39m,
  visionRadius: [33m0.9483041695344876[39m,
  aggression: [33m1.0143668167177136[39m,
  heatTolerance: [33m0.9468923944696547[39m,
  coldTolerance: [33m0.9119358689645973[39m
}
Societal Split! RED -> PURPLE_472 (Threshold: 6)

 [32m✓[39m src/engine/SocietalSplit.test.js [2m([22m[2m2 tests[22m[2m)[22m[32m 15[2mms[22m[39m
[90mstdout[2m | src/engine/Genetics.test.js[2m > [22m[2mFaction Genetics[2m > [22m[2mMutates traits when registering new faction
[22m[39mNew Faction BLUE registered with traits: {
  moveSpeed: [33m0.9617175394374937[39m,
  hungerRate: [33m1.0663898029588[39m,
  visionRadius: [33m1.07772644697404[39m,
  aggression: [33m1.0955912066495141[39m,
  heatTolerance: [33m1.0568023399983821[39m,
  coldTolerance: [33m1.0319091940501355[39m
}

 [32m✓[39m src/engine/Genetics.test.js [2m([22m[2m4 tests[22m[2m)[22m[32m 16[2mms[22m[39m
[90mstdout[2m | src/engine/War.test.js[2m > [22m[2mPopulation Control (War)[2m > [22m[2mShould split easily when overpopulated
[22m[39mNew Faction ORANGE_98 registered with traits: {
  moveSpeed: [33m0.9366082403741476[39m,
  hungerRate: [33m1.0696379407098409[39m,
  visionRadius: [33m1.0741929569335462[39m,
  aggression: [33m1.0646729667778174[39m,
  heatTolerance: [33m0.9317407403720801[39m,
  coldTolerance: [33m1.0867406149800685[39m
}
Societal Split! RED -> ORANGE_98 (Threshold: 2)

 [32m✓[39m src/engine/War.test.js [2m([22m[2m3 tests[22m[2m)[22m[32m 26[2mms[22m[39m
 [32m✓[39m src/engine/PopulationSafetyNet.test.js [2m([22m[2m2 tests[22m[2m)[22m[32m 164[2mms[22m[39m
 [32m✓[39m src/engine/PopulationFix.test.js [2m([22m[2m5 tests[22m[2m)[22m[32m 17[2mms[22m[39m
 [31m❯[39m src/engine/Poop.test.js [2m([22m[2m3 tests[22m[2m | [22m[31m1 failed[39m[2m)[22m[32m 43[2mms[22m[39m
[31m     [31m×[31m Human should poop a plant[39m[32m 31[2mms[22m[39m
     [32m✓[39m Cow should poop a plant[32m 2[2mms[22m[39m
     [32m✓[39m Wolf should poop a plant[32m 5[2mms[22m[39m
 [32m✓[39m src/engine/EventConfig.test.js [2m([22m[2m6 tests[22m[2m)[22m[32m 11[2mms[22m[39m
 [32m✓[39m src/engine/RandomEventSystem.test.js [2m([22m[2m4 tests[22m[2m)[22m[32m 17[2mms[22m[39m
 [32m✓[39m src/components/Settings.test.js [2m([22m[2m1 test[22m[2m)[22m[32m 4[2mms[22m[39m
 [2m[90m↓[39m[22m src/engine/Fuzzing.test.js [2m([22m[2m1 test[22m[2m | [22m[33m1 skipped[39m[2m)[22m
 [32m✓[39m src/engine/Volcano.test.js [2m([22m[2m3 tests[22m[2m)[22m[32m 6[2mms[22m[39m

[31m⎯⎯⎯⎯⎯⎯[39m[1m[41m Failed Tests 12 [49m[22m[31m⎯⎯⎯⎯⎯⎯⎯[39m

[41m[1m FAIL [22m[49m src/engine/Ecosystem.test.js[2m > [22mEcosystem Behaviors[2m > [22mHuman should plant tree when trees are low
[31m[1mTypeError[22m: Cannot read properties of undefined (reading 'RADIUS')[39m
[36m [2m❯[22m Human.tick src/entities/Human.js:[2m58:94[22m[39m
    [90m 56| [39m
    [90m 57| [39m        [90m// Totem Effects[39m
    [90m 58| [39m        const nearbyTotem = world.findNearest(this.x, this.y, 'totem',…
    [90m   | [39m                                                                                             [31m^[39m
    [90m 59| [39m        [35mif[39m (nearbyTotem) {
    [90m 60| [39m            [35mif[39m (nearbyTotem[33m.[39mfaction [33m===[39m [35mthis[39m[33m.[39mfaction) {
[90m [2m❯[22m World.tick src/engine/World.js:[2m150:20[22m[39m
[90m [2m❯[22m src/engine/Ecosystem.test.js:[2m32:15[22m[39m

[31m[2m⎯⎯⎯⎯⎯⎯⎯⎯⎯⎯⎯⎯⎯⎯⎯⎯⎯⎯⎯⎯⎯⎯⎯[1/12]⎯[22m[39m

[41m[1m FAIL [22m[49m src/engine/Ecosystem.test.js[2m > [22mEcosystem Behaviors[2m > [22mHuman should cull wolves when too many
[31m[1mTypeError[22m: Cannot read properties of undefined (reading 'RADIUS')[39m
[36m [2m❯[22m Human.tick src/entities/Human.js:[2m58:94[22m[39m
    [90m 56| [39m
    [90m 57| [39m        [90m// Totem Effects[39m
    [90m 58| [39m        const nearbyTotem = world.findNearest(this.x, this.y, 'totem',…
    [90m   | [39m                                                                                             [31m^[39m
    [90m 59| [39m        [35mif[39m (nearbyTotem) {
    [90m 60| [39m            [35mif[39m (nearbyTotem[33m.[39mfaction [33m===[39m [35mthis[39m[33m.[39mfaction) {
[90m [2m❯[22m World.tick src/engine/World.js:[2m150:20[22m[39m
[90m [2m❯[22m src/engine/Ecosystem.test.js:[2m57:44[22m[39m

[31m[2m⎯⎯⎯⎯⎯⎯⎯⎯⎯⎯⎯⎯⎯⎯⎯⎯⎯⎯⎯⎯⎯⎯⎯[2/12]⎯[22m[39m

[41m[1m FAIL [22m[49m src/engine/Ecosystem.test.js[2m > [22mEcosystem Behaviors[2m > [22mHuman should build NatureReserve when wolves are low
[31m[1mTypeError[22m: Cannot read properties of undefined (reading 'RADIUS')[39m
[36m [2m❯[22m Human.tick src/entities/Human.js:[2m58:94[22m[39m
    [90m 56| [39m
    [90m 57| [39m        [90m// Totem Effects[39m
    [90m 58| [39m        const nearbyTotem = world.findNearest(this.x, this.y, 'totem',…
    [90m   | [39m                                                                                             [31m^[39m
    [90m 59| [39m        [35mif[39m (nearbyTotem) {
    [90m 60| [39m            [35mif[39m (nearbyTotem[33m.[39mfaction [33m===[39m [35mthis[39m[33m.[39mfaction) {
[90m [2m❯[22m World.tick src/engine/World.js:[2m150:20[22m[39m
[90m [2m❯[22m src/engine/Ecosystem.test.js:[2m82:44[22m[39m

[31m[2m⎯⎯⎯⎯⎯⎯⎯⎯⎯⎯⎯⎯⎯⎯⎯⎯⎯⎯⎯⎯⎯⎯⎯[3/12]⎯[22m[39m

[41m[1m FAIL [22m[49m src/engine/Ecosystem.test.js[2m > [22mEcosystem Behaviors[2m > [22mHuman should build NatureReserve for Cows when cows are low
[31m[1mTypeError[22m: Cannot read properties of undefined (reading 'RADIUS')[39m
[36m [2m❯[22m Human.tick src/entities/Human.js:[2m58:94[22m[39m
    [90m 56| [39m
    [90m 57| [39m        [90m// Totem Effects[39m
    [90m 58| [39m        const nearbyTotem = world.findNearest(this.x, this.y, 'totem',…
    [90m   | [39m                                                                                             [31m^[39m
    [90m 59| [39m        [35mif[39m (nearbyTotem) {
    [90m 60| [39m            [35mif[39m (nearbyTotem[33m.[39mfaction [33m===[39m [35mthis[39m[33m.[39mfaction) {
[90m [2m❯[22m World.tick src/engine/World.js:[2m150:20[22m[39m
[90m [2m❯[22m src/engine/Ecosystem.test.js:[2m125:44[22m[39m

[31m[2m⎯⎯⎯⎯⎯⎯⎯⎯⎯⎯⎯⎯⎯⎯⎯⎯⎯⎯⎯⎯⎯⎯⎯[4/12]⎯[22m[39m

[41m[1m FAIL [22m[49m src/engine/LongRun.test.js[2m > [22mLong Run Stability[2m > [22mshould run for 1000 ticks without crashing or exploding
[31m[1mTypeError[22m: Cannot read properties of undefined (reading 'RADIUS')[39m
[36m [2m❯[22m Human.tick src/entities/Human.js:[2m58:94[22m[39m
    [90m 56| [39m
    [90m 57| [39m        [90m// Totem Effects[39m
    [90m 58| [39m        const nearbyTotem = world.findNearest(this.x, this.y, 'totem',…
    [90m   | [39m                                                                                             [31m^[39m
    [90m 59| [39m        [35mif[39m (nearbyTotem) {
    [90m 60| [39m            [35mif[39m (nearbyTotem[33m.[39mfaction [33m===[39m [35mthis[39m[33m.[39mfaction) {
[90m [2m❯[22m World.tick src/engine/World.js:[2m150:20[22m[39m
[90m [2m❯[22m src/engine/LongRun.test.js:[2m23:19[22m[39m

[31m[2m⎯⎯⎯⎯⎯⎯⎯⎯⎯⎯⎯⎯⎯⎯⎯⎯⎯⎯⎯⎯⎯⎯⎯[5/12]⎯[22m[39m

[41m[1m FAIL [22m[49m src/engine/Civilization.test.js[2m > [22mCivilization Behaviors[2m > [22mHuman should gather wood from Tree
[31m[1mTypeError[22m: Cannot read properties of undefined (reading 'RADIUS')[39m
[36m [2m❯[22m Human.tick src/entities/Human.js:[2m58:94[22m[39m
    [90m 56| [39m
    [90m 57| [39m        [90m// Totem Effects[39m
    [90m 58| [39m        const nearbyTotem = world.findNearest(this.x, this.y, 'totem',…
    [90m   | [39m                                                                                             [31m^[39m
    [90m 59| [39m        [35mif[39m (nearbyTotem) {
    [90m 60| [39m            [35mif[39m (nearbyTotem[33m.[39mfaction [33m===[39m [35mthis[39m[33m.[39mfaction) {
[90m [2m❯[22m World.tick src/engine/World.js:[2m150:20[22m[39m
[90m [2m❯[22m src/engine/Civilization.test.js:[2m24:15[22m[39m

[31m[2m⎯⎯⎯⎯⎯⎯⎯⎯⎯⎯⎯⎯⎯⎯⎯⎯⎯⎯⎯⎯⎯⎯⎯[6/12]⎯[22m[39m

[41m[1m FAIL [22m[49m src/engine/Civilization.test.js[2m > [22mCivilization Behaviors[2m > [22mHuman should build House when having enough wood
[31m[1mTypeError[22m: Cannot read properties of undefined (reading 'RADIUS')[39m
[36m [2m❯[22m Human.tick src/entities/Human.js:[2m58:94[22m[39m
    [90m 56| [39m
    [90m 57| [39m        [90m// Totem Effects[39m
    [90m 58| [39m        const nearbyTotem = world.findNearest(this.x, this.y, 'totem',…
    [90m   | [39m                                                                                             [31m^[39m
    [90m 59| [39m        [35mif[39m (nearbyTotem) {
    [90m 60| [39m            [35mif[39m (nearbyTotem[33m.[39mfaction [33m===[39m [35mthis[39m[33m.[39mfaction) {
[90m [2m❯[22m World.tick src/engine/World.js:[2m150:20[22m[39m
[90m [2m❯[22m src/engine/Civilization.test.js:[2m41:19[22m[39m

[31m[2m⎯⎯⎯⎯⎯⎯⎯⎯⎯⎯⎯⎯⎯⎯⎯⎯⎯⎯⎯⎯⎯⎯⎯[7/12]⎯[22m[39m

[41m[1m FAIL [22m[49m src/engine/Conservation.test.js[2m > [22mConservation Reliability[2m > [22mHuman should find conservation spot in crowded world
[31m[1mTypeError[22m: Cannot read properties of undefined (reading 'RADIUS')[39m
[36m [2m❯[22m Human.tick src/entities/Human.js:[2m58:94[22m[39m
    [90m 56| [39m
    [90m 57| [39m        [90m// Totem Effects[39m
    [90m 58| [39m        const nearbyTotem = world.findNearest(this.x, this.y, 'totem',…
    [90m   | [39m                                                                                             [31m^[39m
    [90m 59| [39m        [35mif[39m (nearbyTotem) {
    [90m 60| [39m            [35mif[39m (nearbyTotem[33m.[39mfaction [33m===[39m [35mthis[39m[33m.[39mfaction) {
[90m [2m❯[22m World.tick src/engine/World.js:[2m150:20[22m[39m
[90m [2m❯[22m src/engine/Conservation.test.js:[2m42:45[22m[39m

[31m[2m⎯⎯⎯⎯⎯⎯⎯⎯⎯⎯⎯⎯⎯⎯⎯⎯⎯⎯⎯⎯⎯⎯⎯[8/12]⎯[22m[39m

[41m[1m FAIL [22m[49m src/engine/World.test.js[2m > [22mWorld Simulation[2m > [22mHuman should eat food (Cow)
[31m[1mTypeError[22m: Cannot read properties of undefined (reading 'RADIUS')[39m
[36m [2m❯[22m Human.tick src/entities/Human.js:[2m58:94[22m[39m
    [90m 56| [39m
    [90m 57| [39m        [90m// Totem Effects[39m
    [90m 58| [39m        const nearbyTotem = world.findNearest(this.x, this.y, 'totem',…
    [90m   | [39m                                                                                             [31m^[39m
    [90m 59| [39m        [35mif[39m (nearbyTotem) {
    [90m 60| [39m            [35mif[39m (nearbyTotem[33m.[39mfaction [33m===[39m [35mthis[39m[33m.[39mfaction) {
[90m [2m❯[22m World.tick src/engine/World.js:[2m150:20[22m[39m
[90m [2m❯[22m src/engine/World.test.js:[2m33:15[22m[39m

[31m[2m⎯⎯⎯⎯⎯⎯⎯⎯⎯⎯⎯⎯⎯⎯⎯⎯⎯⎯⎯⎯⎯⎯⎯[9/12]⎯[22m[39m

[41m[1m FAIL [22m[49m src/engine/World.test.js[2m > [22mWorld Simulation[2m > [22mHuman should defend against Wolf
[31m[1mTypeError[22m: Cannot read properties of undefined (reading 'RADIUS')[39m
[36m [2m❯[22m Human.tick src/entities/Human.js:[2m58:94[22m[39m
    [90m 56| [39m
    [90m 57| [39m        [90m// Totem Effects[39m
    [90m 58| [39m        const nearbyTotem = world.findNearest(this.x, this.y, 'totem',…
    [90m   | [39m                                                                                             [31m^[39m
    [90m 59| [39m        [35mif[39m (nearbyTotem) {
    [90m 60| [39m            [35mif[39m (nearbyTotem[33m.[39mfaction [33m===[39m [35mthis[39m[33m.[39mfaction) {
[90m [2m❯[22m World.tick src/engine/World.js:[2m150:20[22m[39m
[90m [2m❯[22m src/engine/World.test.js:[2m103:19[22m[39m

[31m[2m⎯⎯⎯⎯⎯⎯⎯⎯⎯⎯⎯⎯⎯⎯⎯⎯⎯⎯⎯⎯⎯⎯[10/12]⎯[22m[39m

[41m[1m FAIL [22m[49m src/engine/Poop.test.js[2m > [22mSeed Pooping[2m > [22mHuman should poop a plant
[31m[1mTypeError[22m: Cannot read properties of undefined (reading 'RADIUS')[39m
[36m [2m❯[22m Human.tick src/entities/Human.js:[2m58:94[22m[39m
    [90m 56| [39m
    [90m 57| [39m        [90m// Totem Effects[39m
    [90m 58| [39m        const nearbyTotem = world.findNearest(this.x, this.y, 'totem',…
    [90m   | [39m                                                                                             [31m^[39m
    [90m 59| [39m        [35mif[39m (nearbyTotem) {
    [90m 60| [39m            [35mif[39m (nearbyTotem[33m.[39mfaction [33m===[39m [35mthis[39m[33m.[39mfaction) {
[90m [2m❯[22m src/engine/Poop.test.js:[2m25:15[22m[39m

[31m[2m⎯⎯⎯⎯⎯⎯⎯⎯⎯⎯⎯⎯⎯⎯⎯⎯⎯⎯⎯⎯⎯⎯[11/12]⎯[22m[39m

[41m[1m FAIL [22m[49m src/engine/StatsDrift.test.js[2m > [22mStats Drift[2m > [22mHuman count should decrease when House containing Human is destroyed
[31m[1mTypeError[22m: Cannot read properties of undefined (reading 'RADIUS')[39m
[36m [2m❯[22m Human.tick src/entities/Human.js:[2m58:94[22m[39m
    [90m 56| [39m
    [90m 57| [39m        [90m// Totem Effects[39m
    [90m 58| [39m        const nearbyTotem = world.findNearest(this.x, this.y, 'totem',…
    [90m   | [39m                                                                                             [31m^[39m
    [90m 59| [39m        [35mif[39m (nearbyTotem) {
    [90m 60| [39m            [35mif[39m (nearbyTotem[33m.[39mfaction [33m===[39m [35mthis[39m[33m.[39mfaction) {
[90m [2m❯[22m World.tick src/engine/World.js:[2m150:20[22m[39m
[90m [2m❯[22m src/engine/StatsDrift.test.js:[2m37:15[22m[39m

[31m[2m⎯⎯⎯⎯⎯⎯⎯⎯⎯⎯⎯⎯⎯⎯⎯⎯⎯⎯⎯⎯⎯⎯[12/12]⎯[22m[39m


[2m Test Files [22m [1m[31m8 failed[39m[22m[2m | [22m[1m[32m11 passed[39m[22m[2m | [22m[33m1 skipped[39m[90m (20)[39m
[2m      Tests [22m [1m[31m13 failed[39m[22m[2m | [22m[1m[32m49 passed[39m[22m[2m | [22m[33m2 skipped[39m[90m (64)[39m
[2m   Start at [22m 22:08:38
[2m   Duration [22m 4.21s

[1m[41m FAIL [49m[22m [31mTests failed. Watching for file changes...[39m
       [2mpress [22m[1mh[22m[2m to show help[22m[2m, [22m[2mpress [22m[1mq[22m[2m to quit[22m
c[3J[1m[44m RERUN [49m[22m [34m[2msrc/entities/Human.js [22m[39m

 [31m❯[39m src/engine/Frenzy.test.js [2m([22m[2m3 tests[22m[2m | [22m[31m1 failed[39m[2m)[22m[32m 21[2mms[22m[39m
     [32m✓[39m Cow should enter frenzy when berries are high[32m 6[2mms[22m[39m
[31m     [31m×[31m Cow should NOT enter frenzy when berries are low[39m[32m 13[2mms[22m[39m
     [32m✓[39m Wolf should enter frenzy when cows are high[32m 1[2mms[22m[39m
[90mstdout[2m | src/engine/Ecosystem.test.js[2m > [22m[2mEcosystem Behaviors[2m > [22m[2mHuman should plant tree when trees are low
[22m[39mCow Endangered Reproduction!
Cow Endangered Reproduction!
Cow Endangered Reproduction!
Cow Endangered Reproduction!
Cow Endangered Reproduction!
Cow Endangered Reproduction!
Cow Endangered Reproduction!
Cow Endangered Reproduction!
Cow Endangered Reproduction!
Cow Endangered Reproduction!
Cow Endangered Reproduction!
Cow Endangered Reproduction!
Cow Endangered Reproduction!
Cow Endangered Reproduction!
Cow Endangered Reproduction!
Cow Endangered Reproduction!
Cow Endangered Reproduction!
Cow Endangered Reproduction!
Cow Endangered Reproduction!
Cow Endangered Reproduction!

[90mstdout[2m | src/engine/LongRun.test.js[2m > [22m[2mLong Run Stability[2m > [22m[2mshould run for 1000 ticks without crashing or exploding
[22m[39mCow Endangered Reproduction!
Cow Endangered Reproduction!
Cow Endangered Reproduction!
Cow Endangered Reproduction!
Cow Endangered Reproduction!
Cow Endangered Reproduction!
Cow Endangered Reproduction!
Cow Endangered Reproduction!
Cow Endangered Reproduction!
Cow Endangered Reproduction!
Cow Endangered Reproduction!

[90mstdout[2m | src/engine/World.test.js[2m > [22m[2mWorld Simulation[2m > [22m[2mCow should reproduce when well fed
[22m[39mCow Endangered Reproduction!
Cow Endangered Reproduction!

[90mstdout[2m | src/engine/World.test.js[2m > [22m[2mWorld Simulation[2m > [22m[2mWorld should reseed extinct species
[22m[39mDivine Intervention: Spawning Wolf Reserve
Divine Intervention: Spawning Cow Reserve

 [31m❯[39m src/engine/StatsDrift.test.js [2m([22m[2m3 tests[22m[2m | [22m[31m1 failed[39m[2m)[22m[33m 377[2mms[22m[39m
[31m     [31m×[31m Human count should decrease when House containing Human is destroyed[39m[33m 360[2mms[22m[39m
     [32m✓[39m Human count should decrease if House is destroyed and occupant cannot be ejected[32m 2[2mms[22m[39m
     [32m✓[39m Recalculate stats should correct any drift[32m 6[2mms[22m[39m
 [31m❯[39m src/engine/LongRun.test.js [2m([22m[2m1 test[22m[2m | [22m[31m1 failed[39m[2m)[22m[33m 373[2mms[22m[39m
[31m     [31m×[31m should run for 1000 ticks without crashing or exploding[39m[33m 367[2mms[22m[39m
[90mstdout[2m | src/engine/Ecosystem.test.js[2m > [22m[2mEcosystem Behaviors[2m > [22m[2mNatureReserve should spawn cows
[22m[39mCow Endangered Reproduction!
Cow Endangered Reproduction!
Cow Endangered Reproduction!
Cow Endangered Reproduction!
Cow Endangered Reproduction!
Cow Endangered Reproduction!
Cow Endangered Reproduction!
Cow Endangered Reproduction!
Cow Endangered Reproduction!
Cow Endangered Reproduction!
Cow Endangered Reproduction!
Cow Endangered Reproduction!
Cow Endangered Reproduction!
Cow Endangered Reproduction!
Cow Endangered Reproduction!
Cow Endangered Reproduction!
Cow Endangered Reproduction!

 [31m❯[39m src/engine/Ecosystem.test.js [2m([22m[2m6 tests[22m[2m | [22m[31m4 failed[39m[2m)[22m[33m 417[2mms[22m[39m
[31m     [31m×[31m Human should plant tree when trees are low[39m[33m 355[2mms[22m[39m
[31m     [31m×[31m Human should cull wolves when too many[39m[32m 23[2mms[22m[39m
[31m     [31m×[31m Human should build NatureReserve when wolves are low[39m[32m 2[2mms[22m[39m
     [32m✓[39m NatureReserve should spawn wolves[32m 8[2mms[22m[39m
[31m     [31m×[31m Human should build NatureReserve for Cows when cows are low[39m[32m 2[2mms[22m[39m
     [32m✓[39m NatureReserve should spawn cows[32m 11[2mms[22m[39m
 [31m❯[39m src/engine/World.test.js [2m([22m[2m7 tests[22m[2m | [22m[31m2 failed[39m[2m)[22m[33m 381[2mms[22m[39m
     [32m✓[39m should spawn entities correctly[32m 92[2mms[22m[39m
[31m     [31m×[31m Human should eat food (Cow)[39m[32m 256[2mms[22m[39m
     [32m✓[39m Cow should reproduce when well fed[32m 10[2mms[22m[39m
     [32m✓[39m Cow should seek Farm[32m 1[2mms[22m[39m
     [32m✓[39m Wolf should hunt Cow[32m 9[2mms[22m[39m
[31m     [31m×[31m Human should defend against Wolf[39m[32m 2[2mms[22m[39m
     [32m✓[39m World should reseed extinct species[32m 5[2mms[22m[39m
[90mstdout[2m | src/engine/Conservation.test.js[2m > [22m[2mConservation Reliability[2m > [22m[2mDivine Intervention should spawn reserve when extinct
[22m[39mDivine Intervention: Spawning Wolf Reserve
Divine Intervention: Spawning Cow Reserve

 [31m❯[39m src/engine/Civilization.test.js [2m([22m[2m3 tests[22m[2m | [22m[31m2 failed[39m[2m | [22m[33m1 skipped[39m[2m)[22m[32m 80[2mms[22m[39m
[31m     [31m×[31m Human should gather wood from Tree[39m[32m 71[2mms[22m[39m
[31m     [31m×[31m Human should build House when having enough wood[39m[32m 6[2mms[22m[39m
     [2m[90m↓[39m[22m Human should seek shelter in House when threatened
 [31m❯[39m src/engine/Poop.test.js [2m([22m[2m3 tests[22m[2m | [22m[31m1 failed[39m[2m)[22m[32m 79[2mms[22m[39m
[31m     [31m×[31m Human should poop a plant[39m[32m 68[2mms[22m[39m
     [32m✓[39m Cow should poop a plant[32m 4[2mms[22m[39m
     [32m✓[39m Wolf should poop a plant[32m 2[2mms[22m[39m
 [31m❯[39m src/engine/Conservation.test.js [2m([22m[2m2 tests[22m[2m | [22m[31m1 failed[39m[2m)[22m[32m 109[2mms[22m[39m
     [32m✓[39m Divine Intervention should spawn reserve when extinct[32m 34[2mms[22m[39m
[31m     [31m×[31m Human should find conservation spot in crowded world[39m[32m 68[2mms[22m[39m
 [32m✓[39m src/engine/PopulationSafetyNet.test.js [2m([22m[2m2 tests[22m[2m)[22m[33m 641[2mms[22m[39m
     [33m[2m✓[22m[39m should cull population when it exceeds 1000 [33m 617[2mms[22m[39m
[90mstdout[2m | src/engine/War.test.js[2m > [22m[2mPopulation Control (War)[2m > [22m[2mShould split easily when overpopulated
[22m[39mNew Faction LIME_345 registered with traits: {
  moveSpeed: [33m0.9277534676120136[39m,
  hungerRate: [33m0.9323186236007174[39m,
  visionRadius: [33m1.0168578057824922[39m,
  aggression: [33m1.0831499180418453[39m,
  heatTolerance: [33m1.0336565692828314[39m,
  coldTolerance: [33m1.099726265562789[39m
}
Societal Split! RED -> LIME_345 (Threshold: 2)

 [32m✓[39m src/engine/War.test.js [2m([22m[2m3 tests[22m[2m)[22m[32m 30[2mms[22m[39m
 [32m✓[39m src/engine/PopulationFix.test.js [2m([22m[2m5 tests[22m[2m)[22m[32m 27[2mms[22m[39m
 [32m✓[39m src/engine/RandomEventSystem.test.js [2m([22m[2m4 tests[22m[2m)[22m[32m 18[2mms[22m[39m
[90mstdout[2m | src/engine/SocietalSplit.test.js[2m > [22m[2mSocietal Split[2m > [22m[2mshould split into new faction when overcrowded
[22m[39mNew Faction PURPLE_371 registered with traits: {
  moveSpeed: [33m1.0042244137889633[39m,
  hungerRate: [33m1.022386962824927[39m,
  visionRadius: [33m0.9121161481648299[39m,
  aggression: [33m1.02509978292692[39m,
  heatTolerance: [33m0.9910639013327625[39m,
  coldTolerance: [33m1.0919398338540558[39m
}
Societal Split! RED -> PURPLE_371 (Threshold: 6)

 [32m✓[39m src/engine/SocietalSplit.test.js [2m([22m[2m2 tests[22m[2m)[22m[32m 120[2mms[22m[39m
 [32m✓[39m src/engine/EventConfig.test.js [2m([22m[2m6 tests[22m[2m)[22m[32m 32[2mms[22m[39m
 [32m✓[39m src/engine/Earthquake.test.js [2m([22m[2m3 tests[22m[2m)[22m[32m 15[2mms[22m[39m
[90mstdout[2m | src/engine/Genetics.test.js[2m > [22m[2mFaction Genetics[2m > [22m[2mMutates traits when registering new faction
[22m[39mNew Faction BLUE registered with traits: {
  moveSpeed: [33m1.0284912893738565[39m,
  hungerRate: [33m1.0917197916051455[39m,
  visionRadius: [33m0.9658152108199941[39m,
  aggression: [33m1.0273428681914303[39m,
  heatTolerance: [33m1.0684645445449619[39m,
  coldTolerance: [33m1.0180286856653213[39m
}

 [32m✓[39m src/engine/Genetics.test.js [2m([22m[2m4 tests[22m[2m)[22m[32m 15[2mms[22m[39m
 [2m[90m↓[39m[22m src/engine/Fuzzing.test.js [2m([22m[2m1 test[22m[2m | [22m[33m1 skipped[39m[2m)[22m
 [32m✓[39m src/engine/Volcano.test.js [2m([22m[2m3 tests[22m[2m)[22m[32m 20[2mms[22m[39m
 [32m✓[39m src/engine/Weather.test.js [2m([22m[2m2 tests[22m[2m)[22m[32m 20[2mms[22m[39m
 [32m✓[39m src/components/Settings.test.js [2m([22m[2m1 test[22m[2m)[22m[32m 102[2mms[22m[39m

[31m⎯⎯⎯⎯⎯⎯[39m[1m[41m Failed Tests 12 [49m[22m[31m⎯⎯⎯⎯⎯⎯⎯[39m

[41m[1m FAIL [22m[49m src/engine/Ecosystem.test.js[2m > [22mEcosystem Behaviors[2m > [22mHuman should plant tree when trees are low
[31m[1mTypeError[22m: Cannot read properties of undefined (reading 'RADIUS')[39m
[36m [2m❯[22m Human.tick src/entities/Human.js:[2m58:94[22m[39m
    [90m 56| [39m
    [90m 57| [39m        [90m// Totem Effects[39m
    [90m 58| [39m        const nearbyTotem = world.findNearest(this.x, this.y, 'totem',…
    [90m   | [39m                                                                                             [31m^[39m
    [90m 59| [39m        [35mif[39m (nearbyTotem) {
    [90m 60| [39m            [35mif[39m (nearbyTotem[33m.[39mfaction [33m===[39m [35mthis[39m[33m.[39mfaction) {
[90m [2m❯[22m World.tick src/engine/World.js:[2m150:20[22m[39m
[90m [2m❯[22m src/engine/Ecosystem.test.js:[2m32:15[22m[39m

[31m[2m⎯⎯⎯⎯⎯⎯⎯⎯⎯⎯⎯⎯⎯⎯⎯⎯⎯⎯⎯⎯⎯⎯⎯[1/12]⎯[22m[39m

[41m[1m FAIL [22m[49m src/engine/Ecosystem.test.js[2m > [22mEcosystem Behaviors[2m > [22mHuman should cull wolves when too many
[31m[1mTypeError[22m: Cannot read properties of undefined (reading 'RADIUS')[39m
[36m [2m❯[22m Human.tick src/entities/Human.js:[2m58:94[22m[39m
    [90m 56| [39m
    [90m 57| [39m        [90m// Totem Effects[39m
    [90m 58| [39m        const nearbyTotem = world.findNearest(this.x, this.y, 'totem',…
    [90m   | [39m                                                                                             [31m^[39m
    [90m 59| [39m        [35mif[39m (nearbyTotem) {
    [90m 60| [39m            [35mif[39m (nearbyTotem[33m.[39mfaction [33m===[39m [35mthis[39m[33m.[39mfaction) {
[90m [2m❯[22m World.tick src/engine/World.js:[2m150:20[22m[39m
[90m [2m❯[22m src/engine/Ecosystem.test.js:[2m57:44[22m[39m

[31m[2m⎯⎯⎯⎯⎯⎯⎯⎯⎯⎯⎯⎯⎯⎯⎯⎯⎯⎯⎯⎯⎯⎯⎯[2/12]⎯[22m[39m

[41m[1m FAIL [22m[49m src/engine/Ecosystem.test.js[2m > [22mEcosystem Behaviors[2m > [22mHuman should build NatureReserve when wolves are low
[31m[1mTypeError[22m: Cannot read properties of undefined (reading 'RADIUS')[39m
[36m [2m❯[22m Human.tick src/entities/Human.js:[2m58:94[22m[39m
    [90m 56| [39m
    [90m 57| [39m        [90m// Totem Effects[39m
    [90m 58| [39m        const nearbyTotem = world.findNearest(this.x, this.y, 'totem',…
    [90m   | [39m                                                                                             [31m^[39m
    [90m 59| [39m        [35mif[39m (nearbyTotem) {
    [90m 60| [39m            [35mif[39m (nearbyTotem[33m.[39mfaction [33m===[39m [35mthis[39m[33m.[39mfaction) {
[90m [2m❯[22m World.tick src/engine/World.js:[2m150:20[22m[39m
[90m [2m❯[22m src/engine/Ecosystem.test.js:[2m82:44[22m[39m

[31m[2m⎯⎯⎯⎯⎯⎯⎯⎯⎯⎯⎯⎯⎯⎯⎯⎯⎯⎯⎯⎯⎯⎯⎯[3/12]⎯[22m[39m

[41m[1m FAIL [22m[49m src/engine/Ecosystem.test.js[2m > [22mEcosystem Behaviors[2m > [22mHuman should build NatureReserve for Cows when cows are low
[31m[1mTypeError[22m: Cannot read properties of undefined (reading 'RADIUS')[39m
[36m [2m❯[22m Human.tick src/entities/Human.js:[2m58:94[22m[39m
    [90m 56| [39m
    [90m 57| [39m        [90m// Totem Effects[39m
    [90m 58| [39m        const nearbyTotem = world.findNearest(this.x, this.y, 'totem',…
    [90m   | [39m                                                                                             [31m^[39m
    [90m 59| [39m        [35mif[39m (nearbyTotem) {
    [90m 60| [39m            [35mif[39m (nearbyTotem[33m.[39mfaction [33m===[39m [35mthis[39m[33m.[39mfaction) {
[90m [2m❯[22m World.tick src/engine/World.js:[2m150:20[22m[39m
[90m [2m❯[22m src/engine/Ecosystem.test.js:[2m125:44[22m[39m

[31m[2m⎯⎯⎯⎯⎯⎯⎯⎯⎯⎯⎯⎯⎯⎯⎯⎯⎯⎯⎯⎯⎯⎯⎯[4/12]⎯[22m[39m

[41m[1m FAIL [22m[49m src/engine/LongRun.test.js[2m > [22mLong Run Stability[2m > [22mshould run for 1000 ticks without crashing or exploding
[31m[1mTypeError[22m: Cannot read properties of undefined (reading 'RADIUS')[39m
[36m [2m❯[22m Human.tick src/entities/Human.js:[2m58:94[22m[39m
    [90m 56| [39m
    [90m 57| [39m        [90m// Totem Effects[39m
    [90m 58| [39m        const nearbyTotem = world.findNearest(this.x, this.y, 'totem',…
    [90m   | [39m                                                                                             [31m^[39m
    [90m 59| [39m        [35mif[39m (nearbyTotem) {
    [90m 60| [39m            [35mif[39m (nearbyTotem[33m.[39mfaction [33m===[39m [35mthis[39m[33m.[39mfaction) {
[90m [2m❯[22m World.tick src/engine/World.js:[2m150:20[22m[39m
[90m [2m❯[22m src/engine/LongRun.test.js:[2m23:19[22m[39m

[31m[2m⎯⎯⎯⎯⎯⎯⎯⎯⎯⎯⎯⎯⎯⎯⎯⎯⎯⎯⎯⎯⎯⎯⎯[5/12]⎯[22m[39m

[41m[1m FAIL [22m[49m src/engine/Civilization.test.js[2m > [22mCivilization Behaviors[2m > [22mHuman should gather wood from Tree
[31m[1mTypeError[22m: Cannot read properties of undefined (reading 'RADIUS')[39m
[36m [2m❯[22m Human.tick src/entities/Human.js:[2m58:94[22m[39m
    [90m 56| [39m
    [90m 57| [39m        [90m// Totem Effects[39m
    [90m 58| [39m        const nearbyTotem = world.findNearest(this.x, this.y, 'totem',…
    [90m   | [39m                                                                                             [31m^[39m
    [90m 59| [39m        [35mif[39m (nearbyTotem) {
    [90m 60| [39m            [35mif[39m (nearbyTotem[33m.[39mfaction [33m===[39m [35mthis[39m[33m.[39mfaction) {
[90m [2m❯[22m World.tick src/engine/World.js:[2m150:20[22m[39m
[90m [2m❯[22m src/engine/Civilization.test.js:[2m24:15[22m[39m

[31m[2m⎯⎯⎯⎯⎯⎯⎯⎯⎯⎯⎯⎯⎯⎯⎯⎯⎯⎯⎯⎯⎯⎯⎯[6/12]⎯[22m[39m

[41m[1m FAIL [22m[49m src/engine/Civilization.test.js[2m > [22mCivilization Behaviors[2m > [22mHuman should build House when having enough wood
[31m[1mTypeError[22m: Cannot read properties of undefined (reading 'RADIUS')[39m
[36m [2m❯[22m Human.tick src/entities/Human.js:[2m58:94[22m[39m
    [90m 56| [39m
    [90m 57| [39m        [90m// Totem Effects[39m
    [90m 58| [39m        const nearbyTotem = world.findNearest(this.x, this.y, 'totem',…
    [90m   | [39m                                                                                             [31m^[39m
    [90m 59| [39m        [35mif[39m (nearbyTotem) {
    [90m 60| [39m            [35mif[39m (nearbyTotem[33m.[39mfaction [33m===[39m [35mthis[39m[33m.[39mfaction) {
[90m [2m❯[22m World.tick src/engine/World.js:[2m150:20[22m[39m
[90m [2m❯[22m src/engine/Civilization.test.js:[2m41:19[22m[39m

[31m[2m⎯⎯⎯⎯⎯⎯⎯⎯⎯⎯⎯⎯⎯⎯⎯⎯⎯⎯⎯⎯⎯⎯⎯[7/12]⎯[22m[39m

[41m[1m FAIL [22m[49m src/engine/Conservation.test.js[2m > [22mConservation Reliability[2m > [22mHuman should find conservation spot in crowded world
[31m[1mTypeError[22m: Cannot read properties of undefined (reading 'RADIUS')[39m
[36m [2m❯[22m Human.tick src/entities/Human.js:[2m58:94[22m[39m
    [90m 56| [39m
    [90m 57| [39m        [90m// Totem Effects[39m
    [90m 58| [39m        const nearbyTotem = world.findNearest(this.x, this.y, 'totem',…
    [90m   | [39m                                                                                             [31m^[39m
    [90m 59| [39m        [35mif[39m (nearbyTotem) {
    [90m 60| [39m            [35mif[39m (nearbyTotem[33m.[39mfaction [33m===[39m [35mthis[39m[33m.[39mfaction) {
[90m [2m❯[22m World.tick src/engine/World.js:[2m150:20[22m[39m
[90m [2m❯[22m src/engine/Conservation.test.js:[2m42:45[22m[39m

[31m[2m⎯⎯⎯⎯⎯⎯⎯⎯⎯⎯⎯⎯⎯⎯⎯⎯⎯⎯⎯⎯⎯⎯⎯[8/12]⎯[22m[39m

[41m[1m FAIL [22m[49m src/engine/World.test.js[2m > [22mWorld Simulation[2m > [22mHuman should eat food (Cow)
[31m[1mTypeError[22m: Cannot read properties of undefined (reading 'RADIUS')[39m
[36m [2m❯[22m Human.tick src/entities/Human.js:[2m58:94[22m[39m
    [90m 56| [39m
    [90m 57| [39m        [90m// Totem Effects[39m
    [90m 58| [39m        const nearbyTotem = world.findNearest(this.x, this.y, 'totem',…
    [90m   | [39m                                                                                             [31m^[39m
    [90m 59| [39m        [35mif[39m (nearbyTotem) {
    [90m 60| [39m            [35mif[39m (nearbyTotem[33m.[39mfaction [33m===[39m [35mthis[39m[33m.[39mfaction) {
[90m [2m❯[22m World.tick src/engine/World.js:[2m150:20[22m[39m
[90m [2m❯[22m src/engine/World.test.js:[2m33:15[22m[39m

[31m[2m⎯⎯⎯⎯⎯⎯⎯⎯⎯⎯⎯⎯⎯⎯⎯⎯⎯⎯⎯⎯⎯⎯⎯[9/12]⎯[22m[39m

[41m[1m FAIL [22m[49m src/engine/World.test.js[2m > [22mWorld Simulation[2m > [22mHuman should defend against Wolf
[31m[1mTypeError[22m: Cannot read properties of undefined (reading 'RADIUS')[39m
[36m [2m❯[22m Human.tick src/entities/Human.js:[2m58:94[22m[39m
    [90m 56| [39m
    [90m 57| [39m        [90m// Totem Effects[39m
    [90m 58| [39m        const nearbyTotem = world.findNearest(this.x, this.y, 'totem',…
    [90m   | [39m                                                                                             [31m^[39m
    [90m 59| [39m        [35mif[39m (nearbyTotem) {
    [90m 60| [39m            [35mif[39m (nearbyTotem[33m.[39mfaction [33m===[39m [35mthis[39m[33m.[39mfaction) {
[90m [2m❯[22m World.tick src/engine/World.js:[2m150:20[22m[39m
[90m [2m❯[22m src/engine/World.test.js:[2m103:19[22m[39m

[31m[2m⎯⎯⎯⎯⎯⎯⎯⎯⎯⎯⎯⎯⎯⎯⎯⎯⎯⎯⎯⎯⎯⎯[10/12]⎯[22m[39m

[41m[1m FAIL [22m[49m src/engine/Poop.test.js[2m > [22mSeed Pooping[2m > [22mHuman should poop a plant
[31m[1mTypeError[22m: Cannot read properties of undefined (reading 'RADIUS')[39m
[36m [2m❯[22m Human.tick src/entities/Human.js:[2m58:94[22m[39m
    [90m 56| [39m
    [90m 57| [39m        [90m// Totem Effects[39m
    [90m 58| [39m        const nearbyTotem = world.findNearest(this.x, this.y, 'totem',…
    [90m   | [39m                                                                                             [31m^[39m
    [90m 59| [39m        [35mif[39m (nearbyTotem) {
    [90m 60| [39m            [35mif[39m (nearbyTotem[33m.[39mfaction [33m===[39m [35mthis[39m[33m.[39mfaction) {
[90m [2m❯[22m src/engine/Poop.test.js:[2m25:15[22m[39m

[31m[2m⎯⎯⎯⎯⎯⎯⎯⎯⎯⎯⎯⎯⎯⎯⎯⎯⎯⎯⎯⎯⎯⎯[11/12]⎯[22m[39m

[41m[1m FAIL [22m[49m src/engine/StatsDrift.test.js[2m > [22mStats Drift[2m > [22mHuman count should decrease when House containing Human is destroyed
[31m[1mTypeError[22m: Cannot read properties of undefined (reading 'RADIUS')[39m
[36m [2m❯[22m Human.tick src/entities/Human.js:[2m58:94[22m[39m
    [90m 56| [39m
    [90m 57| [39m        [90m// Totem Effects[39m
    [90m 58| [39m        const nearbyTotem = world.findNearest(this.x, this.y, 'totem',…
    [90m   | [39m                                                                                             [31m^[39m
    [90m 59| [39m        [35mif[39m (nearbyTotem) {
    [90m 60| [39m            [35mif[39m (nearbyTotem[33m.[39mfaction [33m===[39m [35mthis[39m[33m.[39mfaction) {
[90m [2m❯[22m World.tick src/engine/World.js:[2m150:20[22m[39m
[90m [2m❯[22m src/engine/StatsDrift.test.js:[2m37:15[22m[39m

[31m[2m⎯⎯⎯⎯⎯⎯⎯⎯⎯⎯⎯⎯⎯⎯⎯⎯⎯⎯⎯⎯⎯⎯[12/12]⎯[22m[39m


[2m Test Files [22m [1m[31m8 failed[39m[22m[2m | [22m[1m[32m11 passed[39m[22m[2m | [22m[33m1 skipped[39m[90m (20)[39m
[2m      Tests [22m [1m[31m13 failed[39m[22m[2m | [22m[1m[32m49 passed[39m[22m[2m | [22m[33m2 skipped[39m[90m (64)[39m
[2m   Start at [22m 22:08:53
[2m   Duration [22m 20.37s

[1m[41m FAIL [49m[22m [31mTests failed. Watching for file changes...[39m
       [2mpress [22m[1mh[22m[2m to show help[22m[2m, [22m[2mpress [22m[1mq[22m[2m to quit[22m
c[3J[1m[44m RERUN [49m[22m [34m[2msrc/entities/Totem.js [22m[39m

 [31m❯[39m src/engine/Frenzy.test.js [2m([22m[2m3 tests[22m[2m | [22m[31m1 failed[39m[2m)[22m[32m 21[2mms[22m[39m
     [32m✓[39m Cow should enter frenzy when berries are high[32m 6[2mms[22m[39m
[31m     [31m×[31m Cow should NOT enter frenzy when berries are low[39m[32m 13[2mms[22m[39m
     [32m✓[39m Wolf should enter frenzy when cows are high[32m 1[2mms[22m[39m
[90mstdout[2m | src/engine/LongRun.test.js[2m > [22m[2mLong Run Stability[2m > [22m[2mshould run for 1000 ticks without crashing or exploding
[22m[39mCow Endangered Reproduction!
Cow Endangered Reproduction!
Cow Endangered Reproduction!
Cow Endangered Reproduction!
Cow Endangered Reproduction!
Cow Endangered Reproduction!
Cow Endangered Reproduction!
Cow Endangered Reproduction!
Cow Endangered Reproduction!

 [31m❯[39m src/engine/LongRun.test.js [2m([22m[2m1 test[22m[2m | [22m[31m1 failed[39m[2m)[22m[32m 47[2mms[22m[39m
[31m     [31m×[31m should run for 1000 ticks without crashing or exploding[39m[32m 45[2mms[22m[39m
 [31m❯[39m src/engine/StatsDrift.test.js [2m([22m[2m3 tests[22m[2m | [22m[31m1 failed[39m[2m)[22m[32m 40[2mms[22m[39m
[31m     [31m×[31m Human count should decrease when House containing Human is destroyed[39m[32m 30[2mms[22m[39m
     [32m✓[39m Human count should decrease if House is destroyed and occupant cannot be ejected[32m 7[2mms[22m[39m
     [32m✓[39m Recalculate stats should correct any drift[32m 1[2mms[22m[39m
[90mstdout[2m | src/engine/World.test.js[2m > [22m[2mWorld Simulation[2m > [22m[2mCow should reproduce when well fed
[22m[39mCow Endangered Reproduction!
Cow Endangered Reproduction!

[90mstdout[2m | src/engine/World.test.js[2m > [22m[2mWorld Simulation[2m > [22m[2mWorld should reseed extinct species
[22m[39mDivine Intervention: Spawning Wolf Reserve
Divine Intervention: Spawning Cow Reserve

 [31m❯[39m src/engine/World.test.js [2m([22m[2m7 tests[22m[2m | [22m[31m2 failed[39m[2m)[22m[32m 63[2mms[22m[39m
     [32m✓[39m should spawn entities correctly[32m 5[2mms[22m[39m
[31m     [31m×[31m Human should eat food (Cow)[39m[32m 38[2mms[22m[39m
     [32m✓[39m Cow should reproduce when well fed[32m 5[2mms[22m[39m
     [32m✓[39m Cow should seek Farm[32m 1[2mms[22m[39m
     [32m✓[39m Wolf should hunt Cow[32m 3[2mms[22m[39m
[31m     [31m×[31m Human should defend against Wolf[39m[32m 2[2mms[22m[39m
     [32m✓[39m World should reseed extinct species[32m 7[2mms[22m[39m
[90mstdout[2m | src/engine/Ecosystem.test.js[2m > [22m[2mEcosystem Behaviors[2m > [22m[2mHuman should plant tree when trees are low
[22m[39mCow Endangered Reproduction!
Cow Endangered Reproduction!
Cow Endangered Reproduction!
Cow Endangered Reproduction!
Cow Endangered Reproduction!
Cow Endangered Reproduction!
Cow Endangered Reproduction!
Cow Endangered Reproduction!
Cow Endangered Reproduction!
Cow Endangered Reproduction!
Cow Endangered Reproduction!
Cow Endangered Reproduction!
Cow Endangered Reproduction!
Cow Endangered Reproduction!
Cow Endangered Reproduction!
Cow Endangered Reproduction!
Cow Endangered Reproduction!
Cow Endangered Reproduction!

[90mstdout[2m | src/engine/Ecosystem.test.js[2m > [22m[2mEcosystem Behaviors[2m > [22m[2mNatureReserve should spawn cows
[22m[39mCow Endangered Reproduction!
Cow Endangered Reproduction!
Cow Endangered Reproduction!
Cow Endangered Reproduction!
Cow Endangered Reproduction!
Cow Endangered Reproduction!
Cow Endangered Reproduction!
Cow Endangered Reproduction!
Cow Endangered Reproduction!
Cow Endangered Reproduction!
Cow Endangered Reproduction!
Cow Endangered Reproduction!
Cow Endangered Reproduction!
Cow Endangered Reproduction!
Cow Endangered Reproduction!
Cow Endangered Reproduction!
Cow Endangered Reproduction!
Cow Endangered Reproduction!
Cow Endangered Reproduction!
Cow Endangered Reproduction!

 [31m❯[39m src/engine/Ecosystem.test.js [2m([22m[2m6 tests[22m[2m | [22m[31m4 failed[39m[2m)[22m[32m 77[2mms[22m[39m
[31m     [31m×[31m Human should plant tree when trees are low[39m[32m 49[2mms[22m[39m
[31m     [31m×[31m Human should cull wolves when too many[39m[32m 5[2mms[22m[39m
[31m     [31m×[31m Human should build NatureReserve when wolves are low[39m[32m 2[2mms[22m[39m
     [32m✓[39m NatureReserve should spawn wolves[32m 2[2mms[22m[39m
[31m     [31m×[31m Human should build NatureReserve for Cows when cows are low[39m[32m 2[2mms[22m[39m
     [32m✓[39m NatureReserve should spawn cows[32m 12[2mms[22m[39m
[90mstdout[2m | src/engine/Conservation.test.js[2m > [22m[2mConservation Reliability[2m > [22m[2mDivine Intervention should spawn reserve when extinct
[22m[39mDivine Intervention: Spawning Wolf Reserve
Divine Intervention: Spawning Cow Reserve

 [31m❯[39m src/engine/Conservation.test.js [2m([22m[2m2 tests[22m[2m | [22m[31m1 failed[39m[2m)[22m[32m 27[2mms[22m[39m
     [32m✓[39m Divine Intervention should spawn reserve when extinct[32m 3[2mms[22m[39m
[31m     [31m×[31m Human should find conservation spot in crowded world[39m[32m 22[2mms[22m[39m
 [31m❯[39m src/engine/Civilization.test.js [2m([22m[2m3 tests[22m[2m | [22m[31m2 failed[39m[2m | [22m[33m1 skipped[39m[2m)[22m[32m 22[2mms[22m[39m
[31m     [31m×[31m Human should gather wood from Tree[39m[32m 19[2mms[22m[39m
[31m     [31m×[31m Human should build House when having enough wood[39m[32m 2[2mms[22m[39m
     [2m[90m↓[39m[22m Human should seek shelter in House when threatened
 [31m❯[39m src/engine/Poop.test.js [2m([22m[2m3 tests[22m[2m | [22m[31m1 failed[39m[2m)[22m[32m 34[2mms[22m[39m
[31m     [31m×[31m Human should poop a plant[39m[32m 26[2mms[22m[39m
     [32m✓[39m Cow should poop a plant[32m 4[2mms[22m[39m
     [32m✓[39m Wolf should poop a plant[32m 1[2mms[22m[39m
 [32m✓[39m src/engine/PopulationSafetyNet.test.js [2m([22m[2m2 tests[22m[2m)[22m[32m 44[2mms[22m[39m
[90mstdout[2m | src/engine/SocietalSplit.test.js[2m > [22m[2mSocietal Split[2m > [22m[2mshould split into new faction when overcrowded
[22m[39mNew Faction LIME_577 registered with traits: {
  moveSpeed: [33m0.9540096528212394[39m,
  hungerRate: [33m0.9272470940008253[39m,
  visionRadius: [33m1.017701695991127[39m,
  aggression: [33m1.0707681520715522[39m,
  heatTolerance: [33m0.9749541777935196[39m,
  coldTolerance: [33m0.9993863577325494[39m
}
Societal Split! RED -> LIME_577 (Threshold: 6)

 [32m✓[39m src/engine/SocietalSplit.test.js [2m([22m[2m2 tests[22m[2m)[22m[32m 27[2mms[22m[39m
 [32m✓[39m src/components/Settings.test.js [2m([22m[2m1 test[22m[2m)[22m[32m 5[2mms[22m[39m
 [32m✓[39m src/engine/EventConfig.test.js [2m([22m[2m6 tests[22m[2m)[22m[32m 36[2mms[22m[39m
[90mstdout[2m | src/engine/War.test.js[2m > [22m[2mPopulation Control (War)[2m > [22m[2mShould split easily when overpopulated
[22m[39mNew Faction INDIGO_491 registered with traits: {
  moveSpeed: [33m0.9045671978313824[39m,
  hungerRate: [33m1.0752913855447783[39m,
  visionRadius: [33m1.073089390251863[39m,
  aggression: [33m1.076177951351369[39m,
  heatTolerance: [33m0.9262620238185374[39m,
  coldTolerance: [33m1.0825865545928108[39m
}
Societal Split! RED -> INDIGO_491 (Threshold: 2)

 [32m✓[39m src/engine/War.test.js [2m([22m[2m3 tests[22m[2m)[22m[32m 15[2mms[22m[39m
 [32m✓[39m src/engine/PopulationFix.test.js [2m([22m[2m5 tests[22m[2m)[22m[32m 8[2mms[22m[39m
 [32m✓[39m src/engine/Volcano.test.js [2m([22m[2m3 tests[22m[2m)[22m[32m 8[2mms[22m[39m
 [32m✓[39m src/engine/Weather.test.js [2m([22m[2m2 tests[22m[2m)[22m[32m 5[2mms[22m[39m
 [32m✓[39m src/engine/RandomEventSystem.test.js [2m([22m[2m4 tests[22m[2m)[22m[32m 7[2mms[22m[39m
[90mstdout[2m | src/engine/Genetics.test.js[2m > [22m[2mFaction Genetics[2m > [22m[2mMutates traits when registering new faction
[22m[39mNew Faction BLUE registered with traits: {
  moveSpeed: [33m0.9696297569035184[39m,
  hungerRate: [33m0.9746306129489606[39m,
  visionRadius: [33m0.9219476486270647[39m,
  aggression: [33m0.9830225268225266[39m,
  heatTolerance: [33m1.001116561074367[39m,
  coldTolerance: [33m0.992731299773472[39m
}

 [32m✓[39m src/engine/Genetics.test.js [2m([22m[2m4 tests[22m[2m)[22m[32m 8[2mms[22m[39m
 [32m✓[39m src/engine/Earthquake.test.js [2m([22m[2m3 tests[22m[2m)[22m[32m 17[2mms[22m[39m
 [2m[90m↓[39m[22m src/engine/Fuzzing.test.js [2m([22m[2m1 test[22m[2m | [22m[33m1 skipped[39m[2m)[22m

[31m⎯⎯⎯⎯⎯⎯[39m[1m[41m Failed Tests 12 [49m[22m[31m⎯⎯⎯⎯⎯⎯⎯[39m

[41m[1m FAIL [22m[49m src/engine/Ecosystem.test.js[2m > [22mEcosystem Behaviors[2m > [22mHuman should plant tree when trees are low
[31m[1mTypeError[22m: Cannot read properties of undefined (reading 'RADIUS')[39m
[36m [2m❯[22m Human.tick src/entities/Human.js:[2m58:94[22m[39m
    [90m 56| [39m
    [90m 57| [39m        [90m// Totem Effects[39m
    [90m 58| [39m        const nearbyTotem = world.findNearest(this.x, this.y, 'totem',…
    [90m   | [39m                                                                                             [31m^[39m
    [90m 59| [39m        [35mif[39m (nearbyTotem) {
    [90m 60| [39m            [35mif[39m (nearbyTotem[33m.[39mfaction [33m===[39m [35mthis[39m[33m.[39mfaction) {
[90m [2m❯[22m World.tick src/engine/World.js:[2m150:20[22m[39m
[90m [2m❯[22m src/engine/Ecosystem.test.js:[2m32:15[22m[39m

[31m[2m⎯⎯⎯⎯⎯⎯⎯⎯⎯⎯⎯⎯⎯⎯⎯⎯⎯⎯⎯⎯⎯⎯⎯[1/12]⎯[22m[39m

[41m[1m FAIL [22m[49m src/engine/Ecosystem.test.js[2m > [22mEcosystem Behaviors[2m > [22mHuman should cull wolves when too many
[31m[1mTypeError[22m: Cannot read properties of undefined (reading 'RADIUS')[39m
[36m [2m❯[22m Human.tick src/entities/Human.js:[2m58:94[22m[39m
    [90m 56| [39m
    [90m 57| [39m        [90m// Totem Effects[39m
    [90m 58| [39m        const nearbyTotem = world.findNearest(this.x, this.y, 'totem',…
    [90m   | [39m                                                                                             [31m^[39m
    [90m 59| [39m        [35mif[39m (nearbyTotem) {
    [90m 60| [39m            [35mif[39m (nearbyTotem[33m.[39mfaction [33m===[39m [35mthis[39m[33m.[39mfaction) {
[90m [2m❯[22m World.tick src/engine/World.js:[2m150:20[22m[39m
[90m [2m❯[22m src/engine/Ecosystem.test.js:[2m57:44[22m[39m

[31m[2m⎯⎯⎯⎯⎯⎯⎯⎯⎯⎯⎯⎯⎯⎯⎯⎯⎯⎯⎯⎯⎯⎯⎯[2/12]⎯[22m[39m

[41m[1m FAIL [22m[49m src/engine/Ecosystem.test.js[2m > [22mEcosystem Behaviors[2m > [22mHuman should build NatureReserve when wolves are low
[31m[1mTypeError[22m: Cannot read properties of undefined (reading 'RADIUS')[39m
[36m [2m❯[22m Human.tick src/entities/Human.js:[2m58:94[22m[39m
    [90m 56| [39m
    [90m 57| [39m        [90m// Totem Effects[39m
    [90m 58| [39m        const nearbyTotem = world.findNearest(this.x, this.y, 'totem',…
    [90m   | [39m                                                                                             [31m^[39m
    [90m 59| [39m        [35mif[39m (nearbyTotem) {
    [90m 60| [39m            [35mif[39m (nearbyTotem[33m.[39mfaction [33m===[39m [35mthis[39m[33m.[39mfaction) {
[90m [2m❯[22m World.tick src/engine/World.js:[2m150:20[22m[39m
[90m [2m❯[22m src/engine/Ecosystem.test.js:[2m82:44[22m[39m

[31m[2m⎯⎯⎯⎯⎯⎯⎯⎯⎯⎯⎯⎯⎯⎯⎯⎯⎯⎯⎯⎯⎯⎯⎯[3/12]⎯[22m[39m

[41m[1m FAIL [22m[49m src/engine/Ecosystem.test.js[2m > [22mEcosystem Behaviors[2m > [22mHuman should build NatureReserve for Cows when cows are low
[31m[1mTypeError[22m: Cannot read properties of undefined (reading 'RADIUS')[39m
[36m [2m❯[22m Human.tick src/entities/Human.js:[2m58:94[22m[39m
    [90m 56| [39m
    [90m 57| [39m        [90m// Totem Effects[39m
    [90m 58| [39m        const nearbyTotem = world.findNearest(this.x, this.y, 'totem',…
    [90m   | [39m                                                                                             [31m^[39m
    [90m 59| [39m        [35mif[39m (nearbyTotem) {
    [90m 60| [39m            [35mif[39m (nearbyTotem[33m.[39mfaction [33m===[39m [35mthis[39m[33m.[39mfaction) {
[90m [2m❯[22m World.tick src/engine/World.js:[2m150:20[22m[39m
[90m [2m❯[22m src/engine/Ecosystem.test.js:[2m125:44[22m[39m

[31m[2m⎯⎯⎯⎯⎯⎯⎯⎯⎯⎯⎯⎯⎯⎯⎯⎯⎯⎯⎯⎯⎯⎯⎯[4/12]⎯[22m[39m

[41m[1m FAIL [22m[49m src/engine/LongRun.test.js[2m > [22mLong Run Stability[2m > [22mshould run for 1000 ticks without crashing or exploding
[31m[1mTypeError[22m: Cannot read properties of undefined (reading 'RADIUS')[39m
[36m [2m❯[22m Human.tick src/entities/Human.js:[2m58:94[22m[39m
    [90m 56| [39m
    [90m 57| [39m        [90m// Totem Effects[39m
    [90m 58| [39m        const nearbyTotem = world.findNearest(this.x, this.y, 'totem',…
    [90m   | [39m                                                                                             [31m^[39m
    [90m 59| [39m        [35mif[39m (nearbyTotem) {
    [90m 60| [39m            [35mif[39m (nearbyTotem[33m.[39mfaction [33m===[39m [35mthis[39m[33m.[39mfaction) {
[90m [2m❯[22m World.tick src/engine/World.js:[2m150:20[22m[39m
[90m [2m❯[22m src/engine/LongRun.test.js:[2m23:19[22m[39m

[31m[2m⎯⎯⎯⎯⎯⎯⎯⎯⎯⎯⎯⎯⎯⎯⎯⎯⎯⎯⎯⎯⎯⎯⎯[5/12]⎯[22m[39m

[41m[1m FAIL [22m[49m src/engine/Civilization.test.js[2m > [22mCivilization Behaviors[2m > [22mHuman should gather wood from Tree
[31m[1mTypeError[22m: Cannot read properties of undefined (reading 'RADIUS')[39m
[36m [2m❯[22m Human.tick src/entities/Human.js:[2m58:94[22m[39m
    [90m 56| [39m
    [90m 57| [39m        [90m// Totem Effects[39m
    [90m 58| [39m        const nearbyTotem = world.findNearest(this.x, this.y, 'totem',…
    [90m   | [39m                                                                                             [31m^[39m
    [90m 59| [39m        [35mif[39m (nearbyTotem) {
    [90m 60| [39m            [35mif[39m (nearbyTotem[33m.[39mfaction [33m===[39m [35mthis[39m[33m.[39mfaction) {
[90m [2m❯[22m World.tick src/engine/World.js:[2m150:20[22m[39m
[90m [2m❯[22m src/engine/Civilization.test.js:[2m24:15[22m[39m

[31m[2m⎯⎯⎯⎯⎯⎯⎯⎯⎯⎯⎯⎯⎯⎯⎯⎯⎯⎯⎯⎯⎯⎯⎯[6/12]⎯[22m[39m

[41m[1m FAIL [22m[49m src/engine/Civilization.test.js[2m > [22mCivilization Behaviors[2m > [22mHuman should build House when having enough wood
[31m[1mTypeError[22m: Cannot read properties of undefined (reading 'RADIUS')[39m
[36m [2m❯[22m Human.tick src/entities/Human.js:[2m58:94[22m[39m
    [90m 56| [39m
    [90m 57| [39m        [90m// Totem Effects[39m
    [90m 58| [39m        const nearbyTotem = world.findNearest(this.x, this.y, 'totem',…
    [90m   | [39m                                                                                             [31m^[39m
    [90m 59| [39m        [35mif[39m (nearbyTotem) {
    [90m 60| [39m            [35mif[39m (nearbyTotem[33m.[39mfaction [33m===[39m [35mthis[39m[33m.[39mfaction) {
[90m [2m❯[22m World.tick src/engine/World.js:[2m150:20[22m[39m
[90m [2m❯[22m src/engine/Civilization.test.js:[2m41:19[22m[39m

[31m[2m⎯⎯⎯⎯⎯⎯⎯⎯⎯⎯⎯⎯⎯⎯⎯⎯⎯⎯⎯⎯⎯⎯⎯[7/12]⎯[22m[39m

[41m[1m FAIL [22m[49m src/engine/Conservation.test.js[2m > [22mConservation Reliability[2m > [22mHuman should find conservation spot in crowded world
[31m[1mTypeError[22m: Cannot read properties of undefined (reading 'RADIUS')[39m
[36m [2m❯[22m Human.tick src/entities/Human.js:[2m58:94[22m[39m
    [90m 56| [39m
    [90m 57| [39m        [90m// Totem Effects[39m
    [90m 58| [39m        const nearbyTotem = world.findNearest(this.x, this.y, 'totem',…
    [90m   | [39m                                                                                             [31m^[39m
    [90m 59| [39m        [35mif[39m (nearbyTotem) {
    [90m 60| [39m            [35mif[39m (nearbyTotem[33m.[39mfaction [33m===[39m [35mthis[39m[33m.[39mfaction) {
[90m [2m❯[22m World.tick src/engine/World.js:[2m150:20[22m[39m
[90m [2m❯[22m src/engine/Conservation.test.js:[2m42:45[22m[39m

[31m[2m⎯⎯⎯⎯⎯⎯⎯⎯⎯⎯⎯⎯⎯⎯⎯⎯⎯⎯⎯⎯⎯⎯⎯[8/12]⎯[22m[39m

[41m[1m FAIL [22m[49m src/engine/World.test.js[2m > [22mWorld Simulation[2m > [22mHuman should eat food (Cow)
[31m[1mTypeError[22m: Cannot read properties of undefined (reading 'RADIUS')[39m
[36m [2m❯[22m Human.tick src/entities/Human.js:[2m58:94[22m[39m
    [90m 56| [39m
    [90m 57| [39m        [90m// Totem Effects[39m
    [90m 58| [39m        const nearbyTotem = world.findNearest(this.x, this.y, 'totem',…
    [90m   | [39m                                                                                             [31m^[39m
    [90m 59| [39m        [35mif[39m (nearbyTotem) {
    [90m 60| [39m            [35mif[39m (nearbyTotem[33m.[39mfaction [33m===[39m [35mthis[39m[33m.[39mfaction) {
[90m [2m❯[22m World.tick src/engine/World.js:[2m150:20[22m[39m
[90m [2m❯[22m src/engine/World.test.js:[2m33:15[22m[39m

[31m[2m⎯⎯⎯⎯⎯⎯⎯⎯⎯⎯⎯⎯⎯⎯⎯⎯⎯⎯⎯⎯⎯⎯⎯[9/12]⎯[22m[39m

[41m[1m FAIL [22m[49m src/engine/World.test.js[2m > [22mWorld Simulation[2m > [22mHuman should defend against Wolf
[31m[1mTypeError[22m: Cannot read properties of undefined (reading 'RADIUS')[39m
[36m [2m❯[22m Human.tick src/entities/Human.js:[2m58:94[22m[39m
    [90m 56| [39m
    [90m 57| [39m        [90m// Totem Effects[39m
    [90m 58| [39m        const nearbyTotem = world.findNearest(this.x, this.y, 'totem',…
    [90m   | [39m                                                                                             [31m^[39m
    [90m 59| [39m        [35mif[39m (nearbyTotem) {
    [90m 60| [39m            [35mif[39m (nearbyTotem[33m.[39mfaction [33m===[39m [35mthis[39m[33m.[39mfaction) {
[90m [2m❯[22m World.tick src/engine/World.js:[2m150:20[22m[39m
[90m [2m❯[22m src/engine/World.test.js:[2m103:19[22m[39m

[31m[2m⎯⎯⎯⎯⎯⎯⎯⎯⎯⎯⎯⎯⎯⎯⎯⎯⎯⎯⎯⎯⎯⎯[10/12]⎯[22m[39m

[41m[1m FAIL [22m[49m src/engine/Poop.test.js[2m > [22mSeed Pooping[2m > [22mHuman should poop a plant
[31m[1mTypeError[22m: Cannot read properties of undefined (reading 'RADIUS')[39m
[36m [2m❯[22m Human.tick src/entities/Human.js:[2m58:94[22m[39m
    [90m 56| [39m
    [90m 57| [39m        [90m// Totem Effects[39m
    [90m 58| [39m        const nearbyTotem = world.findNearest(this.x, this.y, 'totem',…
    [90m   | [39m                                                                                             [31m^[39m
    [90m 59| [39m        [35mif[39m (nearbyTotem) {
    [90m 60| [39m            [35mif[39m (nearbyTotem[33m.[39mfaction [33m===[39m [35mthis[39m[33m.[39mfaction) {
[90m [2m❯[22m src/engine/Poop.test.js:[2m25:15[22m[39m

[31m[2m⎯⎯⎯⎯⎯⎯⎯⎯⎯⎯⎯⎯⎯⎯⎯⎯⎯⎯⎯⎯⎯⎯[11/12]⎯[22m[39m

[41m[1m FAIL [22m[49m src/engine/StatsDrift.test.js[2m > [22mStats Drift[2m > [22mHuman count should decrease when House containing Human is destroyed
[31m[1mTypeError[22m: Cannot read properties of undefined (reading 'RADIUS')[39m
[36m [2m❯[22m Human.tick src/entities/Human.js:[2m58:94[22m[39m
    [90m 56| [39m
    [90m 57| [39m        [90m// Totem Effects[39m
    [90m 58| [39m        const nearbyTotem = world.findNearest(this.x, this.y, 'totem',…
    [90m   | [39m                                                                                             [31m^[39m
    [90m 59| [39m        [35mif[39m (nearbyTotem) {
    [90m 60| [39m            [35mif[39m (nearbyTotem[33m.[39mfaction [33m===[39m [35mthis[39m[33m.[39mfaction) {
[90m [2m❯[22m World.tick src/engine/World.js:[2m150:20[22m[39m
[90m [2m❯[22m src/engine/StatsDrift.test.js:[2m37:15[22m[39m

[31m[2m⎯⎯⎯⎯⎯⎯⎯⎯⎯⎯⎯⎯⎯⎯⎯⎯⎯⎯⎯⎯⎯⎯[12/12]⎯[22m[39m


[2m Test Files [22m [1m[31m8 failed[39m[22m[2m | [22m[1m[32m11 passed[39m[22m[2m | [22m[33m1 skipped[39m[90m (20)[39m
[2m      Tests [22m [1m[31m13 failed[39m[22m[2m | [22m[1m[32m49 passed[39m[22m[2m | [22m[33m2 skipped[39m[90m (64)[39m
[2m   Start at [22m 22:09:10
[2m   Duration [22m 2.24s

[1m[41m FAIL [49m[22m [31mTests failed. Watching for file changes...[39m
       [2mpress [22m[1mh[22m[2m to show help[22m[2m, [22m[2mpress [22m[1mq[22m[2m to quit[22m
c[3J[1m[44m RERUN [49m[22m [34m[2msrc/engine/Totem.test.js [22m[34mx1 [34m[39m

 [31m❯[39m src/engine/Ecosystem.test.js [2m([22m[2m6 tests[22m[2m | [22m[31m4 failed[39m[2m)[22m[32m 77[2mms[22m[39m
[31m     [31m×[31m Human should plant tree when trees are low[39m[32m 49[2mms[22m[39m
[31m     [31m×[31m Human should cull wolves when too many[39m[32m 5[2mms[22m[39m
[31m     [31m×[31m Human should build NatureReserve when wolves are low[39m[32m 2[2mms[22m[39m
     [32m✓[39m NatureReserve should spawn wolves[32m 2[2mms[22m[39m
[31m     [31m×[31m Human should build NatureReserve for Cows when cows are low[39m[32m 2[2mms[22m[39m
     [32m✓[39m NatureReserve should spawn cows[32m 12[2mms[22m[39m
 [31m❯[39m src/engine/Frenzy.test.js [2m([22m[2m3 tests[22m[2m | [22m[31m1 failed[39m[2m)[22m[32m 21[2mms[22m[39m
     [32m✓[39m Cow should enter frenzy when berries are high[32m 6[2mms[22m[39m
[31m     [31m×[31m Cow should NOT enter frenzy when berries are low[39m[32m 13[2mms[22m[39m
     [32m✓[39m Wolf should enter frenzy when cows are high[32m 1[2mms[22m[39m
 [31m❯[39m src/engine/LongRun.test.js [2m([22m[2m1 test[22m[2m | [22m[31m1 failed[39m[2m)[22m[32m 47[2mms[22m[39m
[31m     [31m×[31m should run for 1000 ticks without crashing or exploding[39m[32m 45[2mms[22m[39m
 [31m❯[39m src/engine/Civilization.test.js [2m([22m[2m3 tests[22m[2m | [22m[31m2 failed[39m[2m | [22m[33m1 skipped[39m[2m)[22m[32m 22[2mms[22m[39m
[31m     [31m×[31m Human should gather wood from Tree[39m[32m 19[2mms[22m[39m
[31m     [31m×[31m Human should build House when having enough wood[39m[32m 2[2mms[22m[39m
     [2m[90m↓[39m[22m Human should seek shelter in House when threatened
 [31m❯[39m src/engine/Conservation.test.js [2m([22m[2m2 tests[22m[2m | [22m[31m1 failed[39m[2m)[22m[32m 27[2mms[22m[39m
     [32m✓[39m Divine Intervention should spawn reserve when extinct[32m 3[2mms[22m[39m
[31m     [31m×[31m Human should find conservation spot in crowded world[39m[32m 22[2mms[22m[39m
 [31m❯[39m src/engine/World.test.js [2m([22m[2m7 tests[22m[2m | [22m[31m2 failed[39m[2m)[22m[32m 63[2mms[22m[39m
     [32m✓[39m should spawn entities correctly[32m 5[2mms[22m[39m
[31m     [31m×[31m Human should eat food (Cow)[39m[32m 38[2mms[22m[39m
     [32m✓[39m Cow should reproduce when well fed[32m 5[2mms[22m[39m
     [32m✓[39m Cow should seek Farm[32m 1[2mms[22m[39m
     [32m✓[39m Wolf should hunt Cow[32m 3[2mms[22m[39m
[31m     [31m×[31m Human should defend against Wolf[39m[32m 2[2mms[22m[39m
     [32m✓[39m World should reseed extinct species[32m 7[2mms[22m[39m
 [31m❯[39m src/engine/Poop.test.js [2m([22m[2m3 tests[22m[2m | [22m[31m1 failed[39m[2m)[22m[32m 34[2mms[22m[39m
[31m     [31m×[31m Human should poop a plant[39m[32m 26[2mms[22m[39m
     [32m✓[39m Cow should poop a plant[32m 4[2mms[22m[39m
     [32m✓[39m Wolf should poop a plant[32m 1[2mms[22m[39m
 [31m❯[39m src/engine/StatsDrift.test.js [2m([22m[2m3 tests[22m[2m | [22m[31m1 failed[39m[2m)[22m[32m 40[2mms[22m[39m
[31m     [31m×[31m Human count should decrease when House containing Human is destroyed[39m[32m 30[2mms[22m[39m
     [32m✓[39m Human count should decrease if House is destroyed and occupant cannot be ejected[32m 7[2mms[22m[39m
     [32m✓[39m Recalculate stats should correct any drift[32m 1[2mms[22m[39m
 [31m❯[39m src/engine/Totem.test.js [2m([22m[2m3 tests[22m[2m | [22m[31m3 failed[39m[2m)[22m[32m 24[2mms[22m[39m
[31m     [31m×[31m Human should build Totem when has wood and space[39m[32m 20[2mms[22m[39m
[31m     [31m×[31m Human should attack enemy Totem[39m[32m 2[2mms[22m[39m
[31m     [31m×[31m Friendly Totem should heal Human[39m[32m 1[2mms[22m[39m

[31m⎯⎯⎯⎯⎯⎯⎯[39m[1m[41m Failed Tests 3 [49m[22m[31m⎯⎯⎯⎯⎯⎯⎯[39m

[41m[1m FAIL [22m[49m src/engine/Totem.test.js[2m > [22mTotem Mechanics[2m > [22mHuman should build Totem when has wood and space
[31m[1mTypeError[22m: Cannot read properties of undefined (reading 'RADIUS')[39m
[36m [2m❯[22m Human.tick src/entities/Human.js:[2m58:94[22m[39m
    [90m 56| [39m
    [90m 57| [39m        [90m// Totem Effects[39m
    [90m 58| [39m        const nearbyTotem = world.findNearest(this.x, this.y, 'totem',…
    [90m   | [39m                                                                                             [31m^[39m
    [90m 59| [39m        [35mif[39m (nearbyTotem) {
    [90m 60| [39m            [35mif[39m (nearbyTotem[33m.[39mfaction [33m===[39m [35mthis[39m[33m.[39mfaction) {
[90m [2m❯[22m World.tick src/engine/World.js:[2m150:20[22m[39m
[90m [2m❯[22m src/engine/Totem.test.js:[2m29:19[22m[39m

[31m[2m⎯⎯⎯⎯⎯⎯⎯⎯⎯⎯⎯⎯⎯⎯⎯⎯⎯⎯⎯⎯⎯⎯⎯⎯[1/3]⎯[22m[39m

[41m[1m FAIL [22m[49m src/engine/Totem.test.js[2m > [22mTotem Mechanics[2m > [22mHuman should attack enemy Totem
[31m[1mTypeError[22m: Cannot read properties of undefined (reading 'LIFESPAN')[39m
[36m [2m❯[22m new Totem src/entities/Totem.js:[2m8:47[22m[39m
    [90m  6| [39m        [35msuper[39m(x[33m,[39m y[33m,[39m [32m'totem'[39m[33m,[39m color)[33m;[39m
    [90m  7| [39m        [35mthis[39m[33m.[39mfaction [33m=[39m faction[33m;[39m
    [90m  8| [39m        [35mthis[39m[33m.[39mlifespan [33m=[39m [33mCONFIG[39m[33m.[39m[33mENTITIES[39m[33m.[39m[33mTOTEM[39m[33m.[39m[33mLIFESPAN[39m[33m;[39m
    [90m   | [39m                                              [31m^[39m
    [90m  9| [39m    }
    [90m 10| [39m
[90m [2m❯[22m src/engine/Totem.test.js:[2m45:23[22m[39m

[31m[2m⎯⎯⎯⎯⎯⎯⎯⎯⎯⎯⎯⎯⎯⎯⎯⎯⎯⎯⎯⎯⎯⎯⎯⎯[2/3]⎯[22m[39m

[41m[1m FAIL [22m[49m src/engine/Totem.test.js[2m > [22mTotem Mechanics[2m > [22mFriendly Totem should heal Human
[31m[1mTypeError[22m: Cannot read properties of undefined (reading 'LIFESPAN')[39m
[36m [2m❯[22m new Totem src/entities/Totem.js:[2m8:47[22m[39m
    [90m  6| [39m        [35msuper[39m(x[33m,[39m y[33m,[39m [32m'totem'[39m[33m,[39m color)[33m;[39m
    [90m  7| [39m        [35mthis[39m[33m.[39mfaction [33m=[39m faction[33m;[39m
    [90m  8| [39m        [35mthis[39m[33m.[39mlifespan [33m=[39m [33mCONFIG[39m[33m.[39m[33mENTITIES[39m[33m.[39m[33mTOTEM[39m[33m.[39m[33mLIFESPAN[39m[33m;[39m
    [90m   | [39m                                              [31m^[39m
    [90m  9| [39m    }
    [90m 10| [39m
[90m [2m❯[22m src/engine/Totem.test.js:[2m64:23[22m[39m

[31m[2m⎯⎯⎯⎯⎯⎯⎯⎯⎯⎯⎯⎯⎯⎯⎯⎯⎯⎯⎯⎯⎯⎯⎯⎯[3/3]⎯[22m[39m


[2m Test Files [22m [1m[31m9 failed[39m[22m[90m (9)[39m
[2m      Tests [22m [1m[31m16 failed[39m[22m[2m | [22m[1m[32m14 passed[39m[22m[2m | [22m[33m1 skipped[39m[90m (31)[39m
[2m   Start at [22m 22:09:29
[2m   Duration [22m 85ms

[1m[41m FAIL [49m[22m [31mTests failed. Watching for file changes...[39m
       [2mpress [22m[1mh[22m[2m to show help[22m[2m, [22m[2mpress [22m[1mq[22m[2m to quit[22m
c[3J[1m[44m RERUN [49m[22m [34m[2msrc/engine/Totem.test.js [22m[34mx2 [34m[39m

 [31m❯[39m src/engine/Ecosystem.test.js [2m([22m[2m6 tests[22m[2m | [22m[31m4 failed[39m[2m)[22m[32m 77[2mms[22m[39m
[31m     [31m×[31m Human should plant tree when trees are low[39m[32m 49[2mms[22m[39m
[31m     [31m×[31m Human should cull wolves when too many[39m[32m 5[2mms[22m[39m
[31m     [31m×[31m Human should build NatureReserve when wolves are low[39m[32m 2[2mms[22m[39m
     [32m✓[39m NatureReserve should spawn wolves[32m 2[2mms[22m[39m
[31m     [31m×[31m Human should build NatureReserve for Cows when cows are low[39m[32m 2[2mms[22m[39m
     [32m✓[39m NatureReserve should spawn cows[32m 12[2mms[22m[39m
 [31m❯[39m src/engine/Frenzy.test.js [2m([22m[2m3 tests[22m[2m | [22m[31m1 failed[39m[2m)[22m[32m 21[2mms[22m[39m
     [32m✓[39m Cow should enter frenzy when berries are high[32m 6[2mms[22m[39m
[31m     [31m×[31m Cow should NOT enter frenzy when berries are low[39m[32m 13[2mms[22m[39m
     [32m✓[39m Wolf should enter frenzy when cows are high[32m 1[2mms[22m[39m
 [31m❯[39m src/engine/LongRun.test.js [2m([22m[2m1 test[22m[2m | [22m[31m1 failed[39m[2m)[22m[32m 47[2mms[22m[39m
[31m     [31m×[31m should run for 1000 ticks without crashing or exploding[39m[32m 45[2mms[22m[39m
 [31m❯[39m src/engine/Civilization.test.js [2m([22m[2m3 tests[22m[2m | [22m[31m2 failed[39m[2m | [22m[33m1 skipped[39m[2m)[22m[32m 22[2mms[22m[39m
[31m     [31m×[31m Human should gather wood from Tree[39m[32m 19[2mms[22m[39m
[31m     [31m×[31m Human should build House when having enough wood[39m[32m 2[2mms[22m[39m
     [2m[90m↓[39m[22m Human should seek shelter in House when threatened
 [31m❯[39m src/engine/Conservation.test.js [2m([22m[2m2 tests[22m[2m | [22m[31m1 failed[39m[2m)[22m[32m 27[2mms[22m[39m
     [32m✓[39m Divine Intervention should spawn reserve when extinct[32m 3[2mms[22m[39m
[31m     [31m×[31m Human should find conservation spot in crowded world[39m[32m 22[2mms[22m[39m
 [31m❯[39m src/engine/World.test.js [2m([22m[2m7 tests[22m[2m | [22m[31m2 failed[39m[2m)[22m[32m 63[2mms[22m[39m
     [32m✓[39m should spawn entities correctly[32m 5[2mms[22m[39m
[31m     [31m×[31m Human should eat food (Cow)[39m[32m 38[2mms[22m[39m
     [32m✓[39m Cow should reproduce when well fed[32m 5[2mms[22m[39m
     [32m✓[39m Cow should seek Farm[32m 1[2mms[22m[39m
     [32m✓[39m Wolf should hunt Cow[32m 3[2mms[22m[39m
[31m     [31m×[31m Human should defend against Wolf[39m[32m 2[2mms[22m[39m
     [32m✓[39m World should reseed extinct species[32m 7[2mms[22m[39m
 [31m❯[39m src/engine/Poop.test.js [2m([22m[2m3 tests[22m[2m | [22m[31m1 failed[39m[2m)[22m[32m 34[2mms[22m[39m
[31m     [31m×[31m Human should poop a plant[39m[32m 26[2mms[22m[39m
     [32m✓[39m Cow should poop a plant[32m 4[2mms[22m[39m
     [32m✓[39m Wolf should poop a plant[32m 1[2mms[22m[39m
 [31m❯[39m src/engine/StatsDrift.test.js [2m([22m[2m3 tests[22m[2m | [22m[31m1 failed[39m[2m)[22m[32m 40[2mms[22m[39m
[31m     [31m×[31m Human count should decrease when House containing Human is destroyed[39m[32m 30[2mms[22m[39m
     [32m✓[39m Human count should decrease if House is destroyed and occupant cannot be ejected[32m 7[2mms[22m[39m
     [32m✓[39m Recalculate stats should correct any drift[32m 1[2mms[22m[39m
 [31m❯[39m src/engine/Totem.test.js [2m([22m[2m3 tests[22m[2m | [22m[31m3 failed[39m[2m)[22m[32m 39[2mms[22m[39m
[31m     [31m×[31m Human should build Totem when has wood and space[39m[32m 33[2mms[22m[39m
[31m     [31m×[31m Human should attack enemy Totem[39m[32m 3[2mms[22m[39m
[31m     [31m×[31m Friendly Totem should heal Human[39m[32m 1[2mms[22m[39m

[31m⎯⎯⎯⎯⎯⎯⎯[39m[1m[41m Failed Tests 3 [49m[22m[31m⎯⎯⎯⎯⎯⎯⎯[39m

[41m[1m FAIL [22m[49m src/engine/Totem.test.js[2m > [22mTotem Mechanics[2m > [22mHuman should build Totem when has wood and space
[31m[1mTypeError[22m: Cannot read properties of undefined (reading 'RADIUS')[39m
[36m [2m❯[22m Human.tick src/entities/Human.js:[2m58:94[22m[39m
    [90m 56| [39m
    [90m 57| [39m        [90m// Totem Effects[39m
    [90m 58| [39m        const nearbyTotem = world.findNearest(this.x, this.y, 'totem',…
    [90m   | [39m                                                                                             [31m^[39m
    [90m 59| [39m        [35mif[39m (nearbyTotem) {
    [90m 60| [39m            [35mif[39m (nearbyTotem[33m.[39mfaction [33m===[39m [35mthis[39m[33m.[39mfaction) {
[90m [2m❯[22m World.tick src/engine/World.js:[2m150:20[22m[39m
[90m [2m❯[22m src/engine/Totem.test.js:[2m29:19[22m[39m

[31m[2m⎯⎯⎯⎯⎯⎯⎯⎯⎯⎯⎯⎯⎯⎯⎯⎯⎯⎯⎯⎯⎯⎯⎯⎯[1/3]⎯[22m[39m

[41m[1m FAIL [22m[49m src/engine/Totem.test.js[2m > [22mTotem Mechanics[2m > [22mHuman should attack enemy Totem
[31m[1mTypeError[22m: Cannot read properties of undefined (reading 'LIFESPAN')[39m
[36m [2m❯[22m new Totem src/entities/Totem.js:[2m8:47[22m[39m
    [90m  6| [39m        [35msuper[39m(x[33m,[39m y[33m,[39m [32m'totem'[39m[33m,[39m color)[33m;[39m
    [90m  7| [39m        [35mthis[39m[33m.[39mfaction [33m=[39m faction[33m;[39m
    [90m  8| [39m        [35mthis[39m[33m.[39mlifespan [33m=[39m [33mCONFIG[39m[33m.[39m[33mENTITIES[39m[33m.[39m[33mTOTEM[39m[33m.[39m[33mLIFESPAN[39m[33m;[39m
    [90m   | [39m                                              [31m^[39m
    [90m  9| [39m    }
    [90m 10| [39m
[90m [2m❯[22m src/engine/Totem.test.js:[2m45:23[22m[39m

[31m[2m⎯⎯⎯⎯⎯⎯⎯⎯⎯⎯⎯⎯⎯⎯⎯⎯⎯⎯⎯⎯⎯⎯⎯⎯[2/3]⎯[22m[39m

[41m[1m FAIL [22m[49m src/engine/Totem.test.js[2m > [22mTotem Mechanics[2m > [22mFriendly Totem should heal Human
[31m[1mTypeError[22m: Cannot read properties of undefined (reading 'LIFESPAN')[39m
[36m [2m❯[22m new Totem src/entities/Totem.js:[2m8:47[22m[39m
    [90m  6| [39m        [35msuper[39m(x[33m,[39m y[33m,[39m [32m'totem'[39m[33m,[39m color)[33m;[39m
    [90m  7| [39m        [35mthis[39m[33m.[39mfaction [33m=[39m faction[33m;[39m
    [90m  8| [39m        [35mthis[39m[33m.[39mlifespan [33m=[39m [33mCONFIG[39m[33m.[39m[33mENTITIES[39m[33m.[39m[33mTOTEM[39m[33m.[39m[33mLIFESPAN[39m[33m;[39m
    [90m   | [39m                                              [31m^[39m
    [90m  9| [39m    }
    [90m 10| [39m
[90m [2m❯[22m src/engine/Totem.test.js:[2m64:23[22m[39m

[31m[2m⎯⎯⎯⎯⎯⎯⎯⎯⎯⎯⎯⎯⎯⎯⎯⎯⎯⎯⎯⎯⎯⎯⎯⎯[3/3]⎯[22m[39m


[2m Test Files [22m [1m[31m9 failed[39m[22m[90m (9)[39m
[2m      Tests [22m [1m[31m16 failed[39m[22m[2m | [22m[1m[32m14 passed[39m[22m[2m | [22m[33m1 skipped[39m[90m (31)[39m
[2m   Start at [22m 22:09:29
[2m   Duration [22m 240ms

[1m[41m FAIL [49m[22m [31mTests failed. Watching for file changes...[39m
       [2mpress [22m[1mh[22m[2m to show help[22m[2m, [22m[2mpress [22m[1mq[22m[2m to quit[22m
c[3J[1m[44m RERUN [49m[22m [34m[2msrc/engine/Config.js [22m[39m

 [32m✓[39m src/engine/StatsDrift.test.js [2m([22m[2m3 tests[22m[2m)[22m[32m 20[2mms[22m[39m
[90mstdout[2m | src/engine/World.test.js[2m > [22m[2mWorld Simulation[2m > [22m[2mCow should reproduce when well fed
[22m[39mCow Endangered Reproduction!
Cow Endangered Reproduction!

[90mstdout[2m | src/engine/World.test.js[2m > [22m[2mWorld Simulation[2m > [22m[2mWorld should reseed extinct species
[22m[39mDivine Intervention: Spawning Wolf Reserve
Divine Intervention: Spawning Cow Reserve

[90mstdout[2m | src/engine/Ecosystem.test.js[2m > [22m[2mEcosystem Behaviors[2m > [22m[2mHuman should plant tree when trees are low
[22m[39mCow Endangered Reproduction!
Cow Endangered Reproduction!
Cow Endangered Reproduction!
Cow Endangered Reproduction!
Cow Endangered Reproduction!
Cow Endangered Reproduction!
Cow Endangered Reproduction!
Cow Endangered Reproduction!
Cow Endangered Reproduction!
Cow Endangered Reproduction!
Cow Endangered Reproduction!
Cow Endangered Reproduction!
Cow Endangered Reproduction!
Cow Endangered Reproduction!
Cow Endangered Reproduction!
Cow Endangered Reproduction!
Cow Endangered Reproduction!
Cow Endangered Reproduction!
Cow Endangered Reproduction!
Cow Endangered Reproduction!
Cow Endangered Reproduction!
Cow Endangered Reproduction!
Cow Endangered Reproduction!
Cow Endangered Reproduction!
Cow Endangered Reproduction!
Cow Endangered Reproduction!
Cow Endangered Reproduction!
Cow Endangered Reproduction!
Cow Endangered Reproduction!
Cow Endangered Reproduction!

[90mstdout[2m | src/engine/Ecosystem.test.js[2m > [22m[2mEcosystem Behaviors[2m > [22m[2mHuman should build NatureReserve when wolves are low
[22m[39mHuman Tina built Nature Reserve for WOLF
Human Tina built Nature Reserve for WOLF
Human Tina built Nature Reserve for WOLF
Human Tina built Nature Reserve for WOLF
Human Tina built Nature Reserve for WOLF
Divine Intervention: Spawning Cow Reserve

[90mstdout[2m | src/engine/Ecosystem.test.js[2m > [22m[2mEcosystem Behaviors[2m > [22m[2mHuman should build NatureReserve for Cows when cows are low
[22m[39mHuman Zane built Nature Reserve for WOLF
Human Zane built Nature Reserve for WOLF
Human Zane built Nature Reserve for WOLF
Human Zane built Nature Reserve for WOLF
Divine Intervention: Spawning Cow Reserve

[90mstdout[2m | src/engine/Ecosystem.test.js[2m > [22m[2mEcosystem Behaviors[2m > [22m[2mNatureReserve should spawn cows
[22m[39mCow Endangered Reproduction!
Cow Endangered Reproduction!
Cow Endangered Reproduction!
Cow Endangered Reproduction!
Cow Endangered Reproduction!
Cow Endangered Reproduction!
Cow Endangered Reproduction!
Cow Endangered Reproduction!
Cow Endangered Reproduction!
Cow Endangered Reproduction!
Cow Endangered Reproduction!
Cow Endangered Reproduction!
Cow Endangered Reproduction!
Cow Endangered Reproduction!
Cow Endangered Reproduction!
Cow Endangered Reproduction!
Cow Endangered Reproduction!
Cow Endangered Reproduction!

 [31m❯[39m src/engine/World.test.js [2m([22m[2m7 tests[22m[2m | [22m[31m1 failed[39m[2m)[22m[32m 179[2mms[22m[39m
     [32m✓[39m should spawn entities correctly[32m 34[2mms[22m[39m
[31m     [31m×[31m Human should eat food (Cow)[39m[32m 80[2mms[22m[39m
     [32m✓[39m Cow should reproduce when well fed[32m 3[2mms[22m[39m
     [32m✓[39m Cow should seek Farm[32m 13[2mms[22m[39m
     [32m✓[39m Wolf should hunt Cow[32m 9[2mms[22m[39m
     [32m✓[39m Human should defend against Wolf[32m 10[2mms[22m[39m
     [32m✓[39m World should reseed extinct species[32m 13[2mms[22m[39m
 [31m❯[39m src/engine/Ecosystem.test.js [2m([22m[2m6 tests[22m[2m | [22m[31m2 failed[39m[2m)[22m[33m 422[2mms[22m[39m
[31m     [31m×[31m Human should plant tree when trees are low[39m[32m 164[2mms[22m[39m
     [32m✓[39m Human should cull wolves when too many[32m 53[2mms[22m[39m
     [32m✓[39m Human should build NatureReserve when wolves are low[32m 16[2mms[22m[39m
     [32m✓[39m NatureReserve should spawn wolves[32m 1[2mms[22m[39m
[31m     [31m×[31m Human should build NatureReserve for Cows when cows are low[39m[32m 157[2mms[22m[39m
     [32m✓[39m NatureReserve should spawn cows[32m 23[2mms[22m[39m
[90mstdout[2m | src/engine/Totem.test.js[2m > [22m[2mTotem Mechanics[2m > [22m[2mHuman should build Totem when has wood and space
[22m[39mHuman Xander built Nature Reserve for WOLF

[90mstdout[2m | src/engine/Totem.test.js[2m > [22m[2mTotem Mechanics[2m > [22m[2mHuman should attack enemy Totem
[22m[39mHuman Eve destroyed an enemy Totem!

 [31m❯[39m src/engine/Totem.test.js [2m([22m[2m3 tests[22m[2m | [22m[31m2 failed[39m[2m)[22m[32m 251[2mms[22m[39m
[31m     [31m×[31m Human should build Totem when has wood and space[39m[32m 153[2mms[22m[39m
[31m     [31m×[31m Human should attack enemy Totem[39m[32m 49[2mms[22m[39m
     [32m✓[39m Friendly Totem should heal Human[32m 8[2mms[22m[39m
 [32m✓[39m src/engine/Poop.test.js [2m([22m[2m3 tests[22m[2m)[22m[32m 23[2mms[22m[39m
[90mstdout[2m | src/engine/Conservation.test.js[2m > [22m[2mConservation Reliability[2m > [22m[2mDivine Intervention should spawn reserve when extinct
[22m[39mDivine Intervention: Spawning Wolf Reserve
Divine Intervention: Spawning Cow Reserve

[90mstdout[2m | src/engine/Conservation.test.js[2m > [22m[2mConservation Reliability[2m > [22m[2mHuman should find conservation spot in crowded world
[22m[39mHuman Uma built Nature Reserve for WOLF
Human Uma built Nature Reserve for WOLF
Human Uma built Nature Reserve for WOLF
Human Uma built Nature Reserve for WOLF
Divine Intervention: Spawning Cow Reserve
Cow Endangered Reproduction!
Cow Endangered Reproduction!
Cow Endangered Reproduction!
Cow Endangered Reproduction!
Cow Endangered Reproduction!
Cow Endangered Reproduction!
Cow Endangered Reproduction!
Cow Endangered Reproduction!
Cow Endangered Reproduction!
Cow Endangered Reproduction!
Cow Endangered Reproduction!
Cow Endangered Reproduction!
Cow Endangered Reproduction!
Cow Endangered Reproduction!
Cow Endangered Reproduction!
Cow Endangered Reproduction!
Cow Endangered Reproduction!
Cow Endangered Reproduction!
Cow Endangered Reproduction!
Cow Endangered Reproduction!
Cow Endangered Reproduction!
Cow Endangered Reproduction!
Cow Endangered Reproduction!
Cow Endangered Reproduction!
Cow Endangered Reproduction!
Cow Endangered Reproduction!
Cow Endangered Reproduction!
Cow Endangered Reproduction!
Cow Endangered Reproduction!
Cow Endangered Reproduction!

 [32m✓[39m src/engine/Conservation.test.js [2m([22m[2m2 tests[22m[2m)[22m[32m 298[2mms[22m[39m
[90mstdout[2m | src/engine/Frenzy.test.js[2m > [22m[2mFrenzy Mechanics[2m > [22m[2mCow should enter frenzy when berries are high
[22m[39mCow Frenzy Reproduction!
Cow Endangered Reproduction!

[90mstdout[2m | src/engine/Frenzy.test.js[2m > [22m[2mFrenzy Mechanics[2m > [22m[2mCow should NOT enter frenzy when berries are low
[22m[39mCow Endangered Reproduction!

[90mstdout[2m | src/engine/Frenzy.test.js[2m > [22m[2mFrenzy Mechanics[2m > [22m[2mWolf should enter frenzy when cows are high
[22m[39mWolf Frenzy Reproduction!

 [31m❯[39m src/engine/Frenzy.test.js [2m([22m[2m3 tests[22m[2m | [22m[31m1 failed[39m[2m)[22m[32m 99[2mms[22m[39m
     [32m✓[39m Cow should enter frenzy when berries are high[32m 10[2mms[22m[39m
[31m     [31m×[31m Cow should NOT enter frenzy when berries are low[39m[32m 73[2mms[22m[39m
     [32m✓[39m Wolf should enter frenzy when cows are high[32m 10[2mms[22m[39m
[90mstdout[2m | src/engine/Civilization.test.js[2m > [22m[2mCivilization Behaviors[2m > [22m[2mHuman should build House when having enough wood
[22m[39mHuman Xander built Nature Reserve for COW
Human Xander built Nature Reserve for COW
Human Xander built Nature Reserve for COW
Human Xander built Nature Reserve for COW
Human Xander built Nature Reserve for COW
Divine Intervention: Spawning Wolf Reserve
Human Xander built Nature Reserve for COW
Human Xander built Nature Reserve for COW
Cow Endangered Reproduction!
Human Xander built Nature Reserve for COW
Cow Endangered Reproduction!
Cow Endangered Reproduction!
Cow Endangered Reproduction!
Cow Endangered Reproduction!
Cow Endangered Reproduction!
Cow Endangered Reproduction!
Cow Endangered Reproduction!
Cow Endangered Reproduction!
Cow Endangered Reproduction!
Cow Endangered Reproduction!
Cow Endangered Reproduction!
Cow Endangered Reproduction!
Cow Endangered Reproduction!
Cow Endangered Reproduction!
Cow Endangered Reproduction!
Cow Endangered Reproduction!
Cow Endangered Reproduction!
Cow Endangered Reproduction!
Cow Endangered Reproduction!
Cow Endangered Reproduction!
Cow Endangered Reproduction!
Cow Endangered Reproduction!
Cow Endangered Reproduction!
Cow Endangered Reproduction!
Cow Endangered Reproduction!
Cow Endangered Reproduction!
Cow Endangered Reproduction!
Cow Endangered Reproduction!
Cow Endangered Reproduction!
Cow Endangered Reproduction!
Cow Endangered Reproduction!
Cow Endangered Reproduction!
Cow Endangered Reproduction!
Cow Endangered Reproduction!
Cow Endangered Reproduction!
Cow Endangered Reproduction!
Cow Endangered Reproduction!
Cow Endangered Reproduction!
Cow Endangered Reproduction!
Cow Endangered Reproduction!
Cow Endangered Reproduction!
Cow Endangered Reproduction!
Cow Endangered Reproduction!
Cow Endangered Reproduction!
Human Xander built Nature Reserve for COW
Cow Endangered Reproduction!
Cow Endangered Reproduction!
Cow Endangered Reproduction!
Cow Endangered Reproduction!
Cow Endangered Reproduction!
Cow Endangered Reproduction!
Cow Endangered Reproduction!
Cow Endangered Reproduction!
Cow Endangered Reproduction!
Cow Endangered Reproduction!
Cow Endangered Reproduction!
Cow Endangered Reproduction!
Cow Endangered Reproduction!
Cow Endangered Reproduction!
Cow Endangered Reproduction!
Cow Endangered Reproduction!
Cow Endangered Reproduction!
Cow Endangered Reproduction!
Cow Endangered Reproduction!
Cow Endangered Reproduction!
Cow Endangered Reproduction!
Cow Endangered Reproduction!
Cow Endangered Reproduction!
Cow Endangered Reproduction!
Cow Endangered Reproduction!
Divine Intervention: Spawning Wolf Reserve

 [31m❯[39m src/engine/Civilization.test.js [2m([22m[2m3 tests[22m[2m | [22m[31m2 failed[39m[2m | [22m[33m1 skipped[39m[2m)[22m[32m 240[2mms[22m[39m
[31m     [31m×[31m Human should gather wood from Tree[39m[32m 52[2mms[22m[39m
[31m     [31m×[31m Human should build House when having enough wood[39m[32m 184[2mms[22m[39m
     [2m[90m↓[39m[22m Human should seek shelter in House when threatened
[90mstdout[2m | src/engine/WorldGenerator.test.js[2m > [22m[2mWorldGenerator[2m > [22m[2mshould ensure connectivity
[22m[39mConnectivity: 100%

 [32m✓[39m src/engine/WorldGenerator.test.js [2m([22m[2m3 tests[22m[2m)[22m[33m 339[2mms[22m[39m
 [32m✓[39m src/engine/StructureDecay.test.js [2m([22m[2m2 tests[22m[2m)[22m[32m 24[2mms[22m[39m
 [32m✓[39m src/engine/AnimalGenetics.test.js [2m([22m[2m4 tests[22m[2m)[22m[32m 38[2mms[22m[39m
 [32m✓[39m src/engine/WolfAvoidance.test.js [2m([22m[2m3 tests[22m[2m)[22m[32m 8[2mms[22m[39m
 [32m✓[39m src/engine/PopulationSafetyNet.test.js [2m([22m[2m2 tests[22m[2m)[22m[32m 100[2mms[22m[39m
 [32m✓[39m src/entities/AnimalIntegration.test.js [2m([22m[2m5 tests[22m[2m)[22m[32m 32[2mms[22m[39m
 [32m✓[39m src/engine/EventConfig.test.js [2m([22m[2m6 tests[22m[2m)[22m[32m 43[2mms[22m[39m
[90mstdout[2m | src/engine/SocietalSplit.test.js[2m > [22m[2mSocietal Split[2m > [22m[2mshould split into new faction when overcrowded
[22m[39mNew Faction PINK_588 registered with traits: {
  moveSpeed: [33m1.077397758461994[39m,
  hungerRate: [33m1.0348637783017585[39m,
  visionRadius: [33m0.9243502215113614[39m,
  aggression: [33m1.0340091966104508[39m,
  heatTolerance: [33m1.082669791341437[39m,
  coldTolerance: [33m1.023582192925946[39m
}
Societal Split! RED -> PINK_588 (Threshold: 6)

 [32m✓[39m src/engine/SocietalSplit.test.js [2m([22m[2m2 tests[22m[2m)[22m[32m 25[2mms[22m[39m
 [32m✓[39m src/engine/Earthquake.test.js [2m([22m[2m3 tests[22m[2m)[22m[32m 23[2mms[22m[39m
[90mstdout[2m | src/engine/War.test.js[2m > [22m[2mPopulation Control (War)[2m > [22m[2mShould split easily when overpopulated
[22m[39mNew Faction INDIGO_975 registered with traits: {
  moveSpeed: [33m0.9101573451942604[39m,
  hungerRate: [33m0.9524025849757258[39m,
  visionRadius: [33m1.028638146326964[39m,
  aggression: [33m0.9405877549466295[39m,
  heatTolerance: [33m0.9185514331698114[39m,
  coldTolerance: [33m1.0571391326777064[39m
}
Societal Split! RED -> INDIGO_975 (Threshold: 2)

 [32m✓[39m src/engine/War.test.js [2m([22m[2m3 tests[22m[2m)[22m[32m 41[2mms[22m[39m
 [32m✓[39m src/engine/Movement.test.js [2m([22m[2m3 tests[22m[2m)[22m[32m 11[2mms[22m[39m
 [32m✓[39m src/engine/Terrain.test.js [2m([22m[2m3 tests[22m[2m)[22m[32m 30[2mms[22m[39m
 [32m✓[39m src/engine/BerryControl.test.js [2m([22m[2m2 tests[22m[2m)[22m[32m 8[2mms[22m[39m
[90mstdout[2m | src/engine/Genetics.test.js[2m > [22m[2mFaction Genetics[2m > [22m[2mMutates traits when registering new faction
[22m[39mNew Faction BLUE registered with traits: {
  moveSpeed: [33m0.9692640641745549[39m,
  hungerRate: [33m0.9358495881356397[39m,
  visionRadius: [33m0.9288980083271634[39m,
  aggression: [33m0.9603690687900862[39m,
  heatTolerance: [33m0.9909522322777758[39m,
  coldTolerance: [33m0.9265725161115625[39m
}

 [32m✓[39m src/engine/Genetics.test.js [2m([22m[2m4 tests[22m[2m)[22m[32m 79[2mms[22m[39m
 [32m✓[39m src/engine/PopulationFix.test.js [2m([22m[2m5 tests[22m[2m)[22m[32m 18[2mms[22m[39m
 [32m✓[39m src/engine/Volcano.test.js [2m([22m[2m3 tests[22m[2m)[22m[32m 16[2mms[22m[39m
 [32m✓[39m src/engine/RandomEventSystem.test.js [2m([22m[2m4 tests[22m[2m)[22m[32m 21[2mms[22m[39m
 [32m✓[39m src/engine/Weather.test.js [2m([22m[2m2 tests[22m[2m)[22m[32m 37[2mms[22m[39m
 [32m✓[39m src/components/Settings.test.js [2m([22m[2m1 test[22m[2m)[22m[32m 4[2mms[22m[39m
 [2m[90m↓[39m[22m src/engine/Fuzzing.test.js [2m([22m[2m1 test[22m[2m | [22m[33m1 skipped[39m[2m)[22m
[90mstdout[2m | src/engine/LongRun.test.js[2m > [22m[2mLong Run Stability[2m > [22m[2mshould run for 1000 ticks without crashing or exploding
[22m[39mCow Endangered Reproduction!
Cow Endangered Reproduction!
Cow Endangered Reproduction!
Cow Endangered Reproduction!
Cow Endangered Reproduction!
Cow Endangered Reproduction!
Cow Endangered Reproduction!
Cow Endangered Reproduction!
Cow Endangered Reproduction!
Cow Endangered Reproduction!
Cow Endangered Reproduction!
Cow Endangered Reproduction!
Cow Endangered Reproduction!
Cow Endangered Reproduction!
Cow Endangered Reproduction!
Cow Endangered Reproduction!
Cow Endangered Reproduction!
Cow Endangered Reproduction!
Cow Endangered Reproduction!
Cow Endangered Reproduction!
Cow Endangered Reproduction!
Cow Endangered Reproduction!
Cow Endangered Reproduction!
Cow Endangered Reproduction!
Cow Endangered Reproduction!
Cow Endangered Reproduction!
Cow Endangered Reproduction!
Cow Endangered Reproduction!
Cow Endangered Reproduction!
Cow Endangered Reproduction!
Human Hank built Nature Reserve for WOLF
Human Tina built Nature Reserve for WOLF
Human Hank built Nature Reserve for WOLF
Human Wendy built Nature Reserve for WOLF
Human Sam built Nature Reserve for WOLF
Human Yara built Nature Reserve for WOLF
Human Diana built Nature Reserve for WOLF
Human Sam built Nature Reserve for WOLF
Human Tina built Nature Reserve for WOLF
Human Yara built Nature Reserve for WOLF
Human Luna built Nature Reserve for WOLF
Human Ruby built Nature Reserve for WOLF
Human Yara built Nature Reserve for WOLF
Human Nina built Nature Reserve for WOLF
Human Zane built Nature Reserve for WOLF
Human Uma built Nature Reserve for WOLF
Human Oscar built Nature Reserve for WOLF
Human Diana built Nature Reserve for WOLF
Human Diana built Nature Reserve for WOLF
Human Nina built Nature Reserve for WOLF
Human Xander built Nature Reserve for WOLF
Human Sam built Nature Reserve for WOLF
Human Nina built Nature Reserve for WOLF
Human Hank built Nature Reserve for WOLF
Human Diana built Nature Reserve for WOLF
Human Yara built Nature Reserve for WOLF
Human Charlie built Nature Reserve for WOLF
Human Quinn built Nature Reserve for WOLF
Human Zane built Nature Reserve for WOLF
Human Diana built Nature Reserve for WOLF
Human Xander built Nature Reserve for WOLF
Human Milo built Nature Reserve for WOLF
Human Nina built Nature Reserve for WOLF
Human Yara built Nature Reserve for WOLF
Human Yara built Nature Reserve for WOLF
Human Diana built Nature Reserve for WOLF
Human Luna built Nature Reserve for WOLF
Human Tina built Nature Reserve for WOLF
Human Quinn built Nature Reserve for WOLF
Human Tina built Nature Reserve for WOLF
Human Nina built Nature Reserve for WOLF
Human Diana built Nature Reserve for WOLF
Human Nina built Nature Reserve for WOLF
Human Xander built Nature Reserve for WOLF
Human Oscar built Nature Reserve for WOLF
Human Diana built Nature Reserve for WOLF
Human Xander built Nature Reserve for WOLF
Human Nina built Nature Reserve for WOLF
Human Milo built Nature Reserve for WOLF
Human Sam built Nature Reserve for WOLF
Human Uma built Nature Reserve for WOLF
Human Hank built Nature Reserve for WOLF
Human Luna built Nature Reserve for WOLF
Human Yara built Nature Reserve for WOLF
Human Yara built Nature Reserve for WOLF
Human Diana built Nature Reserve for WOLF
Human Quinn built Nature Reserve for WOLF
Human Ruby built Nature Reserve for WOLF
Human Hank built Nature Reserve for WOLF
Human Sam built Nature Reserve for WOLF
Human Milo built Nature Reserve for WOLF
Human Nina built Nature Reserve for WOLF
Human Nina built Nature Reserve for WOLF
Human Tina built Nature Reserve for WOLF
Human Xander built Nature Reserve for WOLF
Human Hank built Nature Reserve for WOLF
Human Tina built Nature Reserve for WOLF
Human Milo built Nature Reserve for WOLF
Human Yara built Nature Reserve for WOLF
Cow Endangered Reproduction!
Cow Endangered Reproduction!
Cow Endangered Reproduction!
Cow Endangered Reproduction!
Cow Endangered Reproduction!
Cow Endangered Reproduction!
Cow Endangered Reproduction!
Human Victor built Nature Reserve for COW
Human Ruby built Nature Reserve for COW
Cow Endangered Reproduction!
Cow Endangered Reproduction!
Human Diana built Nature Reserve for COW
Human Milo built Nature Reserve for COW
Cow Endangered Reproduction!
Cow Endangered Reproduction!
Cow Endangered Reproduction!
Cow Endangered Reproduction!
Human Alice built Nature Reserve for COW
Human Yara built Nature Reserve for COW
Cow Endangered Reproduction!
Human Bob built Nature Reserve for COW
Human Oscar built Nature Reserve for COW
Cow Endangered Reproduction!
Cow Endangered Reproduction!
Cow Endangered Reproduction!
Cow Endangered Reproduction!
Cow Endangered Reproduction!
New Faction TEAL_130 registered with traits: {
  moveSpeed: [33m0.9499405275441379[39m,
  hungerRate: [33m0.9543141211411459[39m,
  visionRadius: [33m0.9239337538178067[39m,
  aggression: [33m1.0879408519450902[39m,
  heatTolerance: [33m1.085018444329135[39m,
  coldTolerance: [33m0.9252557572040774[39m
}
Societal Split! BLUE -> TEAL_130 (Threshold: 6)
Cow Endangered Reproduction!
Cow Endangered Reproduction!
Human Uma built Nature Reserve for COW
Cow Endangered Reproduction!
Cow Endangered Reproduction!
Cow Endangered Reproduction!
Cow Endangered Reproduction!
New Faction INDIGO_823 registered with traits: {
  moveSpeed: [33m1.0737356859863738[39m,
  hungerRate: [33m1.0408085994981755[39m,
  visionRadius: [33m0.9959778085844561[39m,
  aggression: [33m1.065963572719105[39m,
  heatTolerance: [33m0.9581752978338709[39m,
  coldTolerance: [33m1.0294598396566377[39m
}
Societal Split! BLUE -> INDIGO_823 (Threshold: 6)
New Faction LIME_972 registered with traits: {
  moveSpeed: [33m0.9620235946189436[39m,
  hungerRate: [33m1.0634585476034681[39m,
  visionRadius: [33m0.9988854617620663[39m,
  aggression: [33m0.97718560224336[39m,
  heatTolerance: [33m1.0691235248132442[39m,
  coldTolerance: [33m1.0904430696225857[39m
}
Societal Split! BLUE -> LIME_972 (Threshold: 6)
Cow Endangered Reproduction!
Human Frank built Nature Reserve for COW
Cow Endangered Reproduction!
Cow Endangered Reproduction!
Human Yara built Nature Reserve for COW
Cow Endangered Reproduction!
Human Pip built Nature Reserve for COW
Cow Endangered Reproduction!
Human Grace built Nature Reserve for COW
Cow Endangered Reproduction!
Cow Endangered Reproduction!
Human Charlie built Nature Reserve for COW
Cow Endangered Reproduction!
Cow Endangered Reproduction!
Cow Endangered Reproduction!
Human Xander built Nature Reserve for COW
Human Victor built Nature Reserve for COW
Human Oscar built Nature Reserve for COW
Human Sam built Nature Reserve for COW
Human Tina built Nature Reserve for COW
Human Xander built Nature Reserve for COW
Human Ruby built Nature Reserve for COW
Human Bob built Nature Reserve for COW
Human Hank built Nature Reserve for COW
Human Diana built Nature Reserve for COW
Human Hank built Nature Reserve for COW
Human Nina built Nature Reserve for COW
Human Wendy built Nature Reserve for COW
Human Oscar built Nature Reserve for COW
Human Oscar built Nature Reserve for WOLF
Human Yara built Nature Reserve for WOLF
Human Jack built Nature Reserve for WOLF
Cow Endangered Reproduction!
Human Diana built Nature Reserve for WOLF
Human Xander built Nature Reserve for WOLF
Human Sam built Nature Reserve for WOLF
Human Yara built Nature Reserve for WOLF
Human Sam built Nature Reserve for WOLF
Human Sam built Nature Reserve for WOLF
Human Xander built Nature Reserve for WOLF
Human Quinn built Nature Reserve for WOLF
Human Hank built Nature Reserve for WOLF
Human Charlie built Nature Reserve for WOLF
Human Xander built Nature Reserve for WOLF
Human Pip built Nature Reserve for WOLF
Human Tina built Nature Reserve for WOLF
Human Grace built Nature Reserve for WOLF
Human Charlie built Nature Reserve for WOLF
Human Frank built Nature Reserve for WOLF
Human Alice built Nature Reserve for WOLF
Human Charlie built Nature Reserve for WOLF
Human Jack built Nature Reserve for WOLF
Human Nina built Nature Reserve for WOLF
Human Tina built Nature Reserve for WOLF
Human Oscar built Nature Reserve for WOLF
Human Luna built Nature Reserve for WOLF
Human Uma built Nature Reserve for WOLF
Human Milo built Nature Reserve for WOLF
Human Nina built Nature Reserve for WOLF
Human Luna built Nature Reserve for WOLF
Human Charlie built Nature Reserve for WOLF
Human Jack built Nature Reserve for WOLF
Human Xander built Nature Reserve for WOLF
Human Frank built Nature Reserve for WOLF
Human Oscar built Nature Reserve for WOLF
Human Nina built Nature Reserve for WOLF
Human Eve built Nature Reserve for WOLF
Human Alice built Nature Reserve for WOLF
Human Nina built Nature Reserve for WOLF
Human Oscar built Nature Reserve for WOLF
Human Alice built Nature Reserve for WOLF
Human Ruby built Nature Reserve for WOLF
Human Eve built Nature Reserve for WOLF
Human Quinn built Nature Reserve for WOLF
Human Yara built Nature Reserve for WOLF
Human Sam built Nature Reserve for WOLF
Human Hank built Nature Reserve for WOLF
Human Sam built Nature Reserve for WOLF
Human Milo built Nature Reserve for WOLF
Human Quinn built Nature Reserve for WOLF
Human Nina built Nature Reserve for WOLF
Human Charlie built Nature Reserve for WOLF
Human Oscar built Nature Reserve for WOLF
Human Eve built Nature Reserve for WOLF
Human Quinn built Nature Reserve for WOLF
Human Charlie built Nature Reserve for WOLF
Human Nina built Nature Reserve for WOLF
Human Uma built Nature Reserve for WOLF
Human Hank built Nature Reserve for WOLF
Human Yara built Nature Reserve for WOLF
Human Oscar built Nature Reserve for WOLF
Human Oscar built Nature Reserve for WOLF
Human Diana built Nature Reserve for WOLF
Human Bob built Nature Reserve for WOLF
Human Sam built Nature Reserve for WOLF
Human Hank built Nature Reserve for WOLF
Human Luna built Nature Reserve for WOLF
Human Luna built Nature Reserve for WOLF
Human Tina built Nature Reserve for WOLF
Human Eve built Nature Reserve for WOLF
Human Quinn built Nature Reserve for WOLF
Human Charlie built Nature Reserve for WOLF
Human Hank built Nature Reserve for WOLF
Human Nina built Nature Reserve for WOLF
Human Tina built Nature Reserve for WOLF
Human Bob built Nature Reserve for WOLF
Human Yara built Nature Reserve for WOLF
Human Oscar built Nature Reserve for WOLF
Human Yara built Nature Reserve for WOLF
Human Milo built Nature Reserve for WOLF
Human Charlie built Nature Reserve for WOLF
Human Xander built Nature Reserve for WOLF
Human Yara built Nature Reserve for WOLF
Human Uma built Nature Reserve for WOLF
Human Charlie built Nature Reserve for WOLF
Human Luna built Nature Reserve for WOLF
Human Grace built Nature Reserve for WOLF
Human Bob built Nature Reserve for WOLF
Human Yara built Nature Reserve for WOLF
Human Charlie built Nature Reserve for WOLF
Human Xander built Nature Reserve for WOLF
Human Ivy built Nature Reserve for WOLF
Human Milo built Nature Reserve for WOLF
Human Bob built Nature Reserve for WOLF
Human Tina built Nature Reserve for WOLF
Human Tina built Nature Reserve for WOLF
Human Eve built Nature Reserve for WOLF
Human Eve built Nature Reserve for WOLF
Human Zane built Nature Reserve for WOLF
Human Xander built Nature Reserve for WOLF
Human Milo built Nature Reserve for WOLF
Human Luna built Nature Reserve for WOLF
Human Oscar built Nature Reserve for WOLF
Human Grace built Nature Reserve for WOLF
Human Luna built Nature Reserve for WOLF
Human Bob built Nature Reserve for WOLF
Human Charlie built Nature Reserve for WOLF
Human Diana built Nature Reserve for WOLF
Human Diana built Nature Reserve for WOLF
Human Milo built Nature Reserve for WOLF
Human Bob built Nature Reserve for WOLF
Human Ivy built Nature Reserve for WOLF
Human Wendy built Nature Reserve for WOLF
Human Frank built Nature Reserve for WOLF
Human Hank built Nature Reserve for WOLF
Human Ivy built Nature Reserve for WOLF
Human Uma built Nature Reserve for WOLF
Human Grace built Nature Reserve for WOLF
Human Charlie built Nature Reserve for WOLF
Human Xander built Nature Reserve for WOLF
Human Nina built Nature Reserve for WOLF
Human Zane built Nature Reserve for WOLF
Human Xander built Nature Reserve for WOLF
Human Ruby built Nature Reserve for WOLF
Human Grace built Nature Reserve for WOLF
Human Uma built Nature Reserve for WOLF
Human Wendy built Nature Reserve for WOLF
Human Bob built Nature Reserve for WOLF
Human Eve built Nature Reserve for WOLF
Human Hank built Nature Reserve for WOLF
Human Hank built Nature Reserve for WOLF
Human Tina built Nature Reserve for WOLF
Human Uma built Nature Reserve for WOLF
Human Uma built Nature Reserve for WOLF
Human Zane built Nature Reserve for WOLF
Human Quinn built Nature Reserve for WOLF
Human Tina built Nature Reserve for WOLF
Human Uma built Nature Reserve for WOLF
Human Uma built Nature Reserve for WOLF
Human Eve built Nature Reserve for WOLF
Human Yara built Nature Reserve for WOLF
Human Ivy built Nature Reserve for WOLF
Human Tina built Nature Reserve for WOLF
Human Xander built Nature Reserve for WOLF
Human Luna built Nature Reserve for WOLF
Human Yara built Nature Reserve for WOLF
Human Nina built Nature Reserve for WOLF
Human Pip built Nature Reserve for WOLF
Human Yara built Nature Reserve for WOLF
Human Nina built Nature Reserve for WOLF
Human Sam built Nature Reserve for WOLF
Human Ivy built Nature Reserve for WOLF
Human Yara built Nature Reserve for WOLF
Human Zane built Nature Reserve for WOLF
Human Grace built Nature Reserve for WOLF
Human Hank built Nature Reserve for WOLF
Human Grace built Nature Reserve for WOLF
Human Nina built Nature Reserve for WOLF
Human Victor built Nature Reserve for WOLF
Human Sam built Nature Reserve for WOLF
Human Alice built Nature Reserve for WOLF
Human Nina built Nature Reserve for WOLF
Human Tina built Nature Reserve for WOLF
Human Alice built Nature Reserve for WOLF
Human Uma built Nature Reserve for WOLF
Human Nina built Nature Reserve for WOLF
Human Yara built Nature Reserve for WOLF
Human Uma built Nature Reserve for WOLF
Human Eve built Nature Reserve for WOLF
Human Uma built Nature Reserve for WOLF
Human Grace built Nature Reserve for WOLF
Human Ivy built Nature Reserve for WOLF
Human Bob built Nature Reserve for WOLF
Human Nina built Nature Reserve for WOLF
Human Uma built Nature Reserve for WOLF
Human Alice built Nature Reserve for WOLF
Human Zane built Nature Reserve for WOLF
Human Oscar built Nature Reserve for WOLF
Human Tina built Nature Reserve for WOLF
Human Eve built Nature Reserve for WOLF
Human Frank built Nature Reserve for WOLF
Human Milo built Nature Reserve for WOLF
Human Nina built Nature Reserve for WOLF
Human Sam built Nature Reserve for WOLF
Human Oscar built Nature Reserve for WOLF
Human Oscar built Nature Reserve for WOLF
Human Luna built Nature Reserve for WOLF
Human Uma built Nature Reserve for WOLF
Human Sam built Nature Reserve for WOLF
Human Zane built Nature Reserve for WOLF
Human Oscar built Nature Reserve for WOLF
Human Alice built Nature Reserve for WOLF
Human Nina built Nature Reserve for WOLF
Human Victor built Nature Reserve for WOLF
Human Hank built Nature Reserve for WOLF
Human Luna built Nature Reserve for WOLF
Human Hank built Nature Reserve for WOLF
Human Pip built Nature Reserve for WOLF
Human Ivy built Nature Reserve for WOLF
Human Zane built Nature Reserve for WOLF
Human Grace built Nature Reserve for WOLF
Human Alice built Nature Reserve for WOLF
Human Uma built Nature Reserve for WOLF
Human Sam built Nature Reserve for WOLF
Human Tina built Nature Reserve for WOLF
Human Ivy built Nature Reserve for WOLF
Human Yara built Nature Reserve for WOLF
New Faction INDIGO_163 registered with traits: {
  moveSpeed: [33m1.0282428362166376[39m,
  hungerRate: [33m1.0150779037474473[39m,
  visionRadius: [33m0.9889163559979834[39m,
  aggression: [33m1.0419084391761675[39m,
  heatTolerance: [33m1.08148370200957[39m,
  coldTolerance: [33m1.0166163154575338[39m
}
Societal Split! BLUE -> INDIGO_163 (Threshold: 6)
New Faction PINK_241 registered with traits: {
  moveSpeed: [33m0.9902990366274257[39m,
  hungerRate: [33m1.0573145992135733[39m,
  visionRadius: [33m1.0959151327656584[39m,
  aggression: [33m0.9142901452094978[39m,
  heatTolerance: [33m0.9698808120553165[39m,
  coldTolerance: [33m0.9040014578171454[39m
}
Societal Split! BLUE -> PINK_241 (Threshold: 6)
Cow Endangered Reproduction!
Cow Endangered Reproduction!
Cow Endangered Reproduction!
Human Nina built Nature Reserve for COW
Cow Endangered Reproduction!
Cow Endangered Reproduction!
Human Diana built Nature Reserve for COW
Cow Endangered Reproduction!
Human Yara built Nature Reserve for COW
Cow Endangered Reproduction!
Cow Endangered Reproduction!
Cow Endangered Reproduction!
Human Eve built Nature Reserve for COW
Cow Endangered Reproduction!
New Faction PURPLE_800 registered with traits: {
  moveSpeed: [33m1.0745028991745869[39m,
  hungerRate: [33m1.0320949489859446[39m,
  visionRadius: [33m1.0147195313703201[39m,
  aggression: [33m0.9548118946998493[39m,
  heatTolerance: [33m1.0590319185926877[39m,
  coldTolerance: [33m0.9308726230764583[39m
}
Societal Split! BLUE -> PURPLE_800 (Threshold: 6)
Cow Endangered Reproduction!
Cow Endangered Reproduction!
New Faction PURPLE_698 registered with traits: {
  moveSpeed: [33m0.9186194341537957[39m,
  hungerRate: [33m1.0114896815008207[39m,
  visionRadius: [33m1.0736634320737766[39m,
  aggression: [33m0.965432095829639[39m,
  heatTolerance: [33m1.0930345887897015[39m,
  coldTolerance: [33m0.9533649176925214[39m
}
Societal Split! BLUE -> PURPLE_698 (Threshold: 6)
Cow Endangered Reproduction!
Cow Endangered Reproduction!
Cow Endangered Reproduction!
New Faction TEAL_253 registered with traits: {
  moveSpeed: [33m1.0053662612295444[39m,
  hungerRate: [33m0.9949246107014796[39m,
  visionRadius: [33m1.0025372144189826[39m,
  aggression: [33m0.9367395123209253[39m,
  heatTolerance: [33m1.044320895197935[39m,
  coldTolerance: [33m1.0506567798011515[39m
}
Societal Split! BLUE -> TEAL_253 (Threshold: 6)
New Faction PURPLE_404 registered with traits: {
  moveSpeed: [33m1.0429443798506677[39m,
  hungerRate: [33m1.0413393830602717[39m,
  visionRadius: [33m1.0017150521409026[39m,
  aggression: [33m0.9735935785723375[39m,
  heatTolerance: [33m0.9135623884731676[39m,
  coldTolerance: [33m1.069588818260584[39m
}
Societal Split! BLUE -> PURPLE_404 (Threshold: 6)
Cow Endangered Reproduction!
Cow Endangered Reproduction!
Cow Endangered Reproduction!
Human Quinn built Nature Reserve for COW
Cow Endangered Reproduction!
Cow Endangered Reproduction!
Human Oscar built Nature Reserve for COW
Human Eve built Nature Reserve for COW
Human Yara built Nature Reserve for COW
Cow Endangered Reproduction!
Cow Endangered Reproduction!
Cow Endangered Reproduction!
Cow Endangered Reproduction!
Cow Endangered Reproduction!
Cow Endangered Reproduction!
Human Milo built Nature Reserve for COW
Human Bob built Nature Reserve for COW
Cow Endangered Reproduction!
New Faction PURPLE_566 registered with traits: {
  moveSpeed: [33m1.0473145519746014[39m,
  hungerRate: [33m0.9523650034770152[39m,
  visionRadius: [33m1.0022094604812077[39m,
  aggression: [33m1.013512690423065[39m,
  heatTolerance: [33m0.9281042859311467[39m,
  coldTolerance: [33m1.0695864062409488[39m
}
Societal Split! BLUE -> PURPLE_566 (Threshold: 6)
Cow Endangered Reproduction!
New Faction INDIGO_177 registered with traits: {
  moveSpeed: [33m0.9329847782993311[39m,
  hungerRate: [33m0.924462845184348[39m,
  visionRadius: [33m1.058412265749602[39m,
  aggression: [33m1.0106520019622216[39m,
  heatTolerance: [33m0.9941531956089543[39m,
  coldTolerance: [33m1.0876973872446687[39m
}
Societal Split! BLUE -> INDIGO_177 (Threshold: 6)
Cow Endangered Reproduction!
Cow Endangered Reproduction!
Cow Endangered Reproduction!
Cow Endangered Reproduction!
Cow Endangered Reproduction!
Cow Endangered Reproduction!
Cow Endangered Reproduction!
Cow Endangered Reproduction!
Cow Endangered Reproduction!
Cow Endangered Reproduction!
New Faction TEAL_939 registered with traits: {
  moveSpeed: [33m1.095361819468396[39m,
  hungerRate: [33m0.957423597854563[39m,
  visionRadius: [33m0.9601090669051382[39m,
  aggression: [33m1.0554161969218914[39m,
  heatTolerance: [33m0.9698706585394531[39m,
  coldTolerance: [33m1.0371361300383732[39m
}
Societal Split! BLUE -> TEAL_939 (Threshold: 6)
Cow Endangered Reproduction!
Cow Endangered Reproduction!
Cow Endangered Reproduction!
Human Frank built Nature Reserve for COW
Human Oscar built Nature Reserve for COW
Human Tina built Nature Reserve for COW
Human Hank built Nature Reserve for COW
Human Charlie built Nature Reserve for COW
Cow Endangered Reproduction!
Human Quinn built Nature Reserve for COW
Human Yara built Nature Reserve for COW
Cow Endangered Reproduction!
Cow Endangered Reproduction!
Cow Endangered Reproduction!
Cow Endangered Reproduction!
Cow Endangered Reproduction!
Cow Endangered Reproduction!
Cow Endangered Reproduction!
Cow Endangered Reproduction!
Cow Endangered Reproduction!
Human Ivy built Nature Reserve for COW
Human Victor built Nature Reserve for COW
Cow Endangered Reproduction!
Cow Endangered Reproduction!
Cow Endangered Reproduction!
Cow Endangered Reproduction!
Cow Endangered Reproduction!
Cow Endangered Reproduction!
Cow Endangered Reproduction!
Cow Endangered Reproduction!
Human Alice built Nature Reserve for WOLF
Human Alice built Nature Reserve for WOLF
Human Hank built Nature Reserve for WOLF
Human Oscar built Nature Reserve for WOLF
Human Ruby built Nature Reserve for WOLF
Human Alice built Nature Reserve for WOLF
Human Zane built Nature Reserve for WOLF
Human Zane built Nature Reserve for WOLF
Human Ruby built Nature Reserve for WOLF
Human Victor built Nature Reserve for WOLF
Human Alice built Nature Reserve for WOLF
Human Ivy built Nature Reserve for WOLF
Human Yara built Nature Reserve for WOLF
Human Nina built Nature Reserve for WOLF
Human Hank built Nature Reserve for WOLF
Human Hank built Nature Reserve for WOLF
Human Ruby built Nature Reserve for WOLF
Human Yara built Nature Reserve for WOLF
Human Yara built Nature Reserve for WOLF
Human Hank built Nature Reserve for WOLF
Human Bob built Nature Reserve for WOLF
Human Pip built Nature Reserve for WOLF
Human Zane built Nature Reserve for WOLF
Human Wendy built Nature Reserve for WOLF
Human Ruby built Nature Reserve for WOLF
Human Jack built Nature Reserve for WOLF
Human Ivy built Nature Reserve for WOLF
Human Luna built Nature Reserve for WOLF
Human Pip built Nature Reserve for WOLF
Human Quinn built Nature Reserve for WOLF
Human Yara built Nature Reserve for WOLF
Human Hank built Nature Reserve for WOLF
Human Milo built Nature Reserve for WOLF
Human Milo built Nature Reserve for WOLF
Human Grace built Nature Reserve for WOLF
Human Yara built Nature Reserve for WOLF
Human Hank built Nature Reserve for WOLF
Human Xander built Nature Reserve for WOLF
Human Zane built Nature Reserve for WOLF
Human Victor built Nature Reserve for WOLF
Human Ruby built Nature Reserve for WOLF
Human Ruby built Nature Reserve for WOLF
Human Luna built Nature Reserve for WOLF
Human Charlie built Nature Reserve for WOLF
Human Zane built Nature Reserve for WOLF
Human Jack built Nature Reserve for WOLF
Human Hank built Nature Reserve for WOLF
Human Sam built Nature Reserve for WOLF
Human Ruby built Nature Reserve for WOLF
Human Oscar built Nature Reserve for WOLF
Human Hank built Nature Reserve for WOLF
Human Hank built Nature Reserve for WOLF
Human Pip built Nature Reserve for WOLF
Human Jack built Nature Reserve for WOLF
Human Alice built Nature Reserve for WOLF
Human Nina built Nature Reserve for WOLF
Human Ruby built Nature Reserve for WOLF
Human Charlie built Nature Reserve for WOLF
Human Victor built Nature Reserve for WOLF
Human Xander built Nature Reserve for WOLF
Human Zane built Nature Reserve for WOLF
Human Jack built Nature Reserve for WOLF
Human Zane built Nature Reserve for WOLF
Human Grace built Nature Reserve for WOLF
Human Sam built Nature Reserve for WOLF
Human Charlie built Nature Reserve for WOLF
Human Zane built Nature Reserve for WOLF
Human Wendy built Nature Reserve for WOLF
Human Zane built Nature Reserve for WOLF
Human Sam built Nature Reserve for WOLF
Human Oscar built Nature Reserve for WOLF
Human Ruby built Nature Reserve for WOLF
Human Nina built Nature Reserve for WOLF
Human Frank built Nature Reserve for WOLF
Human Yara built Nature Reserve for WOLF
Human Victor built Nature Reserve for WOLF
Human Nina built Nature Reserve for WOLF
Human Oscar built Nature Reserve for WOLF
Human Luna built Nature Reserve for WOLF
Human Hank built Nature Reserve for WOLF
Human Milo built Nature Reserve for WOLF
Human Jack built Nature Reserve for WOLF
Human Milo built Nature Reserve for WOLF
Human Victor built Nature Reserve for WOLF
Human Yara built Nature Reserve for WOLF
Human Ruby built Nature Reserve for WOLF
Human Ivy built Nature Reserve for WOLF
Human Victor built Nature Reserve for WOLF
Human Ruby built Nature Reserve for WOLF
Human Hank built Nature Reserve for WOLF
Human Charlie built Nature Reserve for WOLF
Human Grace built Nature Reserve for WOLF
Human Uma built Nature Reserve for WOLF
Human Victor built Nature Reserve for WOLF
Human Hank built Nature Reserve for WOLF
Human Eve built Nature Reserve for WOLF
Human Ivy built Nature Reserve for WOLF
Human Pip built Nature Reserve for WOLF
Human Alice built Nature Reserve for WOLF
Human Eve built Nature Reserve for WOLF
Human Eve built Nature Reserve for WOLF
Human Quinn built Nature Reserve for WOLF
Human Ruby built Nature Reserve for WOLF
Human Diana built Nature Reserve for WOLF
Human Charlie built Nature Reserve for WOLF
Human Ruby built Nature Reserve for WOLF
Human Alice built Nature Reserve for WOLF
Human Alice built Nature Reserve for WOLF
Human Nina built Nature Reserve for WOLF
Human Yara built Nature Reserve for WOLF
Human Milo built Nature Reserve for WOLF
Human Wendy built Nature Reserve for WOLF
Human Charlie built Nature Reserve for WOLF
Human Zane built Nature Reserve for WOLF
Human Eve built Nature Reserve for WOLF
Human Oscar built Nature Reserve for WOLF
Human Milo built Nature Reserve for WOLF
Human Luna built Nature Reserve for WOLF
Human Hank built Nature Reserve for WOLF
Human Eve built Nature Reserve for WOLF
Human Yara built Nature Reserve for WOLF
Human Grace built Nature Reserve for WOLF
Human Yara built Nature Reserve for WOLF
Human Ruby built Nature Reserve for WOLF
Human Quinn built Nature Reserve for WOLF
Human Hank built Nature Reserve for WOLF
Human Sam built Nature Reserve for WOLF
Human Wendy built Nature Reserve for WOLF
Human Milo built Nature Reserve for WOLF
Human Jack built Nature Reserve for WOLF
Human Uma built Nature Reserve for WOLF
Human Eve built Nature Reserve for WOLF
Human Charlie built Nature Reserve for WOLF
Human Ivy built Nature Reserve for WOLF
Human Wendy built Nature Reserve for WOLF
Human Uma built Nature Reserve for WOLF
Human Charlie built Nature Reserve for WOLF
Human Alice built Nature Reserve for WOLF
Human Hank built Nature Reserve for WOLF
Human Luna built Nature Reserve for WOLF
Human Hank built Nature Reserve for WOLF
Human Eve built Nature Reserve for WOLF
Human Alice built Nature Reserve for WOLF
Human Ivy built Nature Reserve for WOLF
Human Eve built Nature Reserve for WOLF
Human Oscar built Nature Reserve for WOLF
Human Diana built Nature Reserve for WOLF
Human Luna built Nature Reserve for WOLF
Human Diana built Nature Reserve for WOLF
Human Alice built Nature Reserve for WOLF
Human Hank built Nature Reserve for WOLF
Human Alice built Nature Reserve for WOLF
Human Oscar built Nature Reserve for WOLF
Human Hank built Nature Reserve for WOLF
Human Tina built Nature Reserve for WOLF
Human Ruby built Nature Reserve for WOLF
Human Wendy built Nature Reserve for WOLF
Human Ivy built Nature Reserve for WOLF
Human Tina built Nature Reserve for WOLF
Human Luna built Nature Reserve for WOLF
Human Luna built Nature Reserve for WOLF
Human Nina built Nature Reserve for WOLF
Human Eve built Nature Reserve for WOLF
Human Eve built Nature Reserve for WOLF
Human Eve built Nature Reserve for WOLF
Human Eve built Nature Reserve for WOLF
Human Hank built Nature Reserve for WOLF
Human Ruby built Nature Reserve for WOLF
Human Ivy built Nature Reserve for WOLF
Human Xander built Nature Reserve for WOLF
Human Luna built Nature Reserve for WOLF
Human Eve built Nature Reserve for WOLF
Human Diana built Nature Reserve for WOLF
Human Alice built Nature Reserve for WOLF
Human Nina built Nature Reserve for WOLF
Human Diana built Nature Reserve for WOLF
Human Hank built Nature Reserve for WOLF
Human Yara built Nature Reserve for WOLF
Human Diana built Nature Reserve for WOLF
Human Yara built Nature Reserve for WOLF
Human Alice built Nature Reserve for WOLF
Human Alice built Nature Reserve for WOLF
Human Diana built Nature Reserve for WOLF
Human Grace built Nature Reserve for WOLF
Human Zane built Nature Reserve for WOLF
Final population: 925

 [32m✓[39m src/engine/LongRun.test.js [2m([22m[2m1 test[22m[2m)[22m[33m 12647[2mms[22m[39m
     [33m[2m✓[22m[39m should run for 1000 ticks without crashing or exploding [33m 12623[2mms[22m[39m

[31m⎯⎯⎯⎯⎯⎯⎯[39m[1m[41m Failed Tests 8 [49m[22m[31m⎯⎯⎯⎯⎯⎯⎯[39m

[41m[1m FAIL [22m[49m src/engine/Frenzy.test.js[2m > [22mFrenzy Mechanics[2m > [22mCow should NOT enter frenzy when berries are low
[31m[1mAssertionError[22m: expected 50 to be 200 // Object.is equality[39m

[32m- Expected[39m
[31m+ Received[39m

[32m- 200[39m
[31m+ 50[39m

[36m [2m❯[22m src/engine/Frenzy.test.js:[2m64:41[22m[39m
    [90m 62| [39m        // Normal cooldown is 200 (from code logic, though Config says…
    [90m 63| [39m        [90m// In Cow.js: let cooldown = 200;[39m
    [90m 64| [39m        [34mexpect[39m(c1[33m.[39mreproductionCooldown)[33m.[39m[34mtoBe[39m([34m200[39m)[33m;[39m
    [90m   | [39m                                        [31m^[39m
    [90m 65| [39m    })[33m;[39m
    [90m 66| [39m

[31m[2m⎯⎯⎯⎯⎯⎯⎯⎯⎯⎯⎯⎯⎯⎯⎯⎯⎯⎯⎯⎯⎯⎯⎯⎯[1/8]⎯[22m[39m

[41m[1m FAIL [22m[49m src/engine/Ecosystem.test.js[2m > [22mEcosystem Behaviors[2m > [22mHuman should plant tree when trees are low
[31m[1mAssertionError[22m: expected 0 to be greater than 0[39m
[90m [2m❯[22m src/engine/Ecosystem.test.js:[2m38:41[22m[39m

[31m[2m⎯⎯⎯⎯⎯⎯⎯⎯⎯⎯⎯⎯⎯⎯⎯⎯⎯⎯⎯⎯⎯⎯⎯⎯[2/8]⎯[22m[39m

[41m[1m FAIL [22m[49m src/engine/Ecosystem.test.js[2m > [22mEcosystem Behaviors[2m > [22mHuman should build NatureReserve for Cows when cows are low
[31m[1mAssertionError[22m: expected 'wolf' to be 'cow' // Object.is equality[39m

Expected: [32m"cow"[39m
Received: [31m"wolf"[39m

[90m [2m❯[22m src/engine/Ecosystem.test.js:[2m129:35[22m[39m

[31m[2m⎯⎯⎯⎯⎯⎯⎯⎯⎯⎯⎯⎯⎯⎯⎯⎯⎯⎯⎯⎯⎯⎯⎯⎯[3/8]⎯[22m[39m

[41m[1m FAIL [22m[49m src/engine/Civilization.test.js[2m > [22mCivilization Behaviors[2m > [22mHuman should gather wood from Tree
[31m[1mAssertionError[22m: expected [ Human{ x: 6, y: 6, …(20) }, …(1) ] to not include Tree{ x: 6, y: 5, type: 'tree', …(7) }[39m
[36m [2m❯[22m src/engine/Civilization.test.js:[2m26:36[22m[39m
    [90m 24| [39m        world[33m.[39m[34mtick[39m()[33m;[39m
    [90m 25| [39m
    [90m 26| [39m        expect(world.entities).not.toContain(tree); // Tree should be …
    [90m   | [39m                                   [31m^[39m
    [90m 27| [39m        [34mexpect[39m(human[33m.[39mwood)[33m.[39m[34mtoBe[39m([34m5[39m)[33m;[39m [90m// Human should have wood[39m
    [90m 28| [39m    })[33m;[39m

[31m[2m⎯⎯⎯⎯⎯⎯⎯⎯⎯⎯⎯⎯⎯⎯⎯⎯⎯⎯⎯⎯⎯⎯⎯⎯[4/8]⎯[22m[39m

[41m[1m FAIL [22m[49m src/engine/Civilization.test.js[2m > [22mCivilization Behaviors[2m > [22mHuman should build House when having enough wood
[31m[1mAssertionError[22m: expected undefined to be defined[39m
[36m [2m❯[22m src/engine/Civilization.test.js:[2m47:23[22m[39m
    [90m 45| [39m        [90m// Check for house[39m
    [90m 46| [39m        [35mconst[39m house [33m=[39m world[33m.[39mentities[33m.[39m[34mfind[39m(e [33m=>[39m e[33m.[39mtype [33m===[39m [32m'house'[39m)[33m;[39m
    [90m 47| [39m        [34mexpect[39m(house)[33m.[39m[34mtoBeDefined[39m()[33m;[39m
    [90m   | [39m                      [31m^[39m
    [90m 48| [39m        [34mexpect[39m(human[33m.[39mwood)[33m.[39m[34mtoBe[39m([34m0[39m)[33m;[39m [90m// Wood used[39m
    [90m 49| [39m    })[33m;[39m

[31m[2m⎯⎯⎯⎯⎯⎯⎯⎯⎯⎯⎯⎯⎯⎯⎯⎯⎯⎯⎯⎯⎯⎯⎯⎯[5/8]⎯[22m[39m

[41m[1m FAIL [22m[49m src/engine/World.test.js[2m > [22mWorld Simulation[2m > [22mHuman should eat food (Cow)
[31m[1mAssertionError[22m: expected 60.05 to be +0 // Object.is equality[39m

[32m- Expected[39m
[31m+ Received[39m

[32m- 0[39m
[31m+ 60.05[39m

[90m [2m❯[22m src/engine/World.test.js:[2m36:30[22m[39m

[31m[2m⎯⎯⎯⎯⎯⎯⎯⎯⎯⎯⎯⎯⎯⎯⎯⎯⎯⎯⎯⎯⎯⎯⎯⎯[6/8]⎯[22m[39m

[41m[1m FAIL [22m[49m src/engine/Totem.test.js[2m > [22mTotem Mechanics[2m > [22mHuman should build Totem when has wood and space
[31m[1mAssertionError[22m: expected +0 to be 1 // Object.is equality[39m

[32m- Expected[39m
[31m+ Received[39m

[32m- 1[39m
[31m+ 0[39m

[36m [2m❯[22m src/engine/Totem.test.js:[2m34:31[22m[39m
    [90m 32| [39m
    [90m 33| [39m        [35mconst[39m totems [33m=[39m world[33m.[39mentities[33m.[39m[34mfilter[39m(e [33m=>[39m e[33m.[39mtype [33m===[39m [32m'totem'[39m)[33m;[39m
    [90m 34| [39m        [34mexpect[39m(totems[33m.[39mlength)[33m.[39m[34mtoBe[39m([34m1[39m)[33m;[39m
    [90m   | [39m                              [31m^[39m
    [90m 35| [39m        [34mexpect[39m(totems[[34m0[39m][33m.[39mfaction)[33m.[39m[34mtoBe[39m([32m'RED'[39m)[33m;[39m
    [90m 36| [39m        [34mexpect[39m(human[33m.[39mwood)[33m.[39m[34mtoBeLessThan[39m([34m20[39m)[33m;[39m

[31m[2m⎯⎯⎯⎯⎯⎯⎯⎯⎯⎯⎯⎯⎯⎯⎯⎯⎯⎯⎯⎯⎯⎯⎯⎯[7/8]⎯[22m[39m

[41m[1m FAIL [22m[49m src/engine/Totem.test.js[2m > [22mTotem Mechanics[2m > [22mHuman should attack enemy Totem
[31m[1mAssertionError[22m: expected 'CONSERVING' to be 'ATTACKING_TOTEM' // Object.is equality[39m

Expected: [32m"ATTACKING_TOTEM"[39m
Received: [31m"CONSERVING"[39m

[36m [2m❯[22m src/engine/Totem.test.js:[2m53:30[22m[39m
    [90m 51| [39m        [90m// Human should attack totem[39m
    [90m 52| [39m        [90m// Logic: nearbyTotem check in tick() overrides action if enemy[39m
    [90m 53| [39m        [34mexpect[39m(human[33m.[39maction)[33m.[39m[34mtoBe[39m([32m'ATTACKING_TOTEM'[39m)[33m;[39m
    [90m   | [39m                             [31m^[39m
    [90m 54| [39m        [34mexpect[39m(totem[33m.[39mmarkedForDeletion)[33m.[39m[34mtoBe[39m([35mtrue[39m)[33m;[39m
    [90m 55| [39m    })[33m;[39m

[31m[2m⎯⎯⎯⎯⎯⎯⎯⎯⎯⎯⎯⎯⎯⎯⎯⎯⎯⎯⎯⎯⎯⎯⎯⎯[8/8]⎯[22m[39m


[2m Test Files [22m [1m[31m5 failed[39m[22m[2m | [22m[1m[32m23 passed[39m[22m[2m | [22m[33m1 skipped[39m[90m (29)[39m
[2m      Tests [22m [1m[31m8 failed[39m[22m[2m | [22m[1m[32m82 passed[39m[22m[2m | [22m[33m2 skipped[39m[90m (92)[39m
[2m   Start at [22m 22:10:20
[2m   Duration [22m 24.04s

[1m[41m FAIL [49m[22m [31mTests failed. Watching for file changes...[39m
       [2mpress [22m[1mh[22m[2m to show help[22m[2m, [22m[2mpress [22m[1mq[22m[2m to quit[22m
c[3J[1m[44m RERUN [49m[22m [34m[2msrc/engine/Config.js [22m[39m

[90mstdout[2m | src/engine/Ecosystem.test.js[2m > [22m[2mEcosystem Behaviors[2m > [22m[2mHuman should plant tree when trees are low
[22m[39mCow Endangered Reproduction!
Cow Endangered Reproduction!
Cow Endangered Reproduction!
Cow Endangered Reproduction!
Cow Endangered Reproduction!
Cow Endangered Reproduction!
Cow Endangered Reproduction!
Cow Endangered Reproduction!
Cow Endangered Reproduction!
Cow Endangered Reproduction!
Cow Endangered Reproduction!
Cow Endangered Reproduction!
Cow Endangered Reproduction!
Cow Endangered Reproduction!
Cow Endangered Reproduction!
Cow Endangered Reproduction!
Cow Endangered Reproduction!
Cow Endangered Reproduction!
Cow Endangered Reproduction!
Cow Endangered Reproduction!
Cow Endangered Reproduction!
Cow Endangered Reproduction!
Cow Endangered Reproduction!
Cow Endangered Reproduction!
Cow Endangered Reproduction!
Cow Endangered Reproduction!
Cow Endangered Reproduction!
Cow Endangered Reproduction!
Cow Endangered Reproduction!
Cow Endangered Reproduction!

[90mstdout[2m | src/engine/Totem.test.js[2m > [22m[2mTotem Mechanics[2m > [22m[2mHuman should build Totem when has wood and space
[22m[39mHuman Yara built Nature Reserve for WOLF

[90mstdout[2m | src/engine/Totem.test.js[2m > [22m[2mTotem Mechanics[2m > [22m[2mHuman should attack enemy Totem
[22m[39mHuman Luna destroyed an enemy Totem!

[90mstdout[2m | src/engine/Ecosystem.test.js[2m > [22m[2mEcosystem Behaviors[2m > [22m[2mHuman should build NatureReserve when wolves are low
[22m[39mHuman Oscar built Nature Reserve for WOLF
Human Oscar built Nature Reserve for WOLF
Human Oscar built Nature Reserve for WOLF
Human Oscar built Nature Reserve for WOLF
Human Oscar built Nature Reserve for WOLF
Divine Intervention: Spawning Cow Reserve

 [31m❯[39m src/engine/Totem.test.js [2m([22m[2m3 tests[22m[2m | [22m[31m2 failed[39m[2m)[22m[32m 108[2mms[22m[39m
[31m     [31m×[31m Human should build Totem when has wood and space[39m[32m 58[2mms[22m[39m
[31m     [31m×[31m Human should attack enemy Totem[39m[32m 22[2mms[22m[39m
     [32m✓[39m Friendly Totem should heal Human[32m 24[2mms[22m[39m
[90mstdout[2m | src/engine/World.test.js[2m > [22m[2mWorld Simulation[2m > [22m[2mCow should reproduce when well fed
[22m[39mCow Endangered Reproduction!
Cow Endangered Reproduction!

[90mstdout[2m | src/engine/Ecosystem.test.js[2m > [22m[2mEcosystem Behaviors[2m > [22m[2mHuman should build NatureReserve for Cows when cows are low
[22m[39mHuman Charlie built Nature Reserve for WOLF
Human Charlie built Nature Reserve for WOLF
Human Charlie built Nature Reserve for WOLF
Divine Intervention: Spawning Cow Reserve

[90mstdout[2m | src/engine/World.test.js[2m > [22m[2mWorld Simulation[2m > [22m[2mWorld should reseed extinct species
[22m[39mDivine Intervention: Spawning Wolf Reserve
Divine Intervention: Spawning Cow Reserve

[90mstdout[2m | src/engine/Civilization.test.js[2m > [22m[2mCivilization Behaviors[2m > [22m[2mHuman should build House when having enough wood
[22m[39mHuman Diana built Nature Reserve for COW
Human Diana built Nature Reserve for COW
Cow Endangered Reproduction!
Cow Endangered Reproduction!
Cow Endangered Reproduction!
Cow Endangered Reproduction!
Human Diana built Nature Reserve for COW
Cow Endangered Reproduction!
Cow Endangered Reproduction!
Cow Endangered Reproduction!
Cow Endangered Reproduction!
Cow Endangered Reproduction!
Cow Endangered Reproduction!
Cow Endangered Reproduction!
Cow Endangered Reproduction!
Cow Endangered Reproduction!
Cow Endangered Reproduction!
Human Diana built Nature Reserve for COW
Cow Endangered Reproduction!
Cow Endangered Reproduction!
Cow Endangered Reproduction!
Cow Endangered Reproduction!
Cow Endangered Reproduction!
Cow Endangered Reproduction!
Cow Endangered Reproduction!
Cow Endangered Reproduction!
Cow Endangered Reproduction!
Cow Endangered Reproduction!
Cow Endangered Reproduction!
Cow Endangered Reproduction!
Cow Endangered Reproduction!
Cow Endangered Reproduction!
Cow Endangered Reproduction!
Cow Endangered Reproduction!
Cow Endangered Reproduction!
Human Diana built Nature Reserve for COW
Cow Endangered Reproduction!
Cow Endangered Reproduction!
Cow Endangered Reproduction!
Cow Endangered Reproduction!
Cow Endangered Reproduction!
Cow Endangered Reproduction!
Cow Endangered Reproduction!
Cow Endangered Reproduction!
Cow Endangered Reproduction!
Cow Endangered Reproduction!
Cow Endangered Reproduction!
Cow Endangered Reproduction!
Cow Endangered Reproduction!
Cow Endangered Reproduction!
Cow Endangered Reproduction!
Cow Endangered Reproduction!
Cow Endangered Reproduction!
Cow Endangered Reproduction!
Cow Endangered Reproduction!
Cow Endangered Reproduction!
Cow Endangered Reproduction!
Cow Endangered Reproduction!
Cow Endangered Reproduction!
Cow Endangered Reproduction!
Cow Endangered Reproduction!
Cow Endangered Reproduction!
Cow Endangered Reproduction!
Cow Endangered Reproduction!
Human Diana built Nature Reserve for COW
Cow Endangered Reproduction!
Cow Endangered Reproduction!
Cow Endangered Reproduction!
Cow Endangered Reproduction!
Cow Endangered Reproduction!
Cow Endangered Reproduction!
Cow Endangered Reproduction!
Cow Endangered Reproduction!
Cow Endangered Reproduction!
Cow Endangered Reproduction!
Cow Endangered Reproduction!
Cow Endangered Reproduction!
Cow Endangered Reproduction!

[90mstdout[2m | src/engine/Ecosystem.test.js[2m > [22m[2mEcosystem Behaviors[2m > [22m[2mNatureReserve should spawn cows
[22m[39mCow Endangered Reproduction!
Cow Endangered Reproduction!
Cow Endangered Reproduction!
Cow Endangered Reproduction!
Cow Endangered Reproduction!
Cow Endangered Reproduction!
Cow Endangered Reproduction!
Cow Endangered Reproduction!
Cow Endangered Reproduction!
Cow Endangered Reproduction!
Cow Endangered Reproduction!
Cow Endangered Reproduction!
Cow Endangered Reproduction!
Cow Endangered Reproduction!
Cow Endangered Reproduction!
Cow Endangered Reproduction!
Cow Endangered Reproduction!
Cow Endangered Reproduction!
Cow Endangered Reproduction!

 [31m❯[39m src/engine/Ecosystem.test.js [2m([22m[2m6 tests[22m[2m | [22m[31m2 failed[39m[2m)[22m[33m 352[2mms[22m[39m
[31m     [31m×[31m Human should plant tree when trees are low[39m[32m 48[2mms[22m[39m
     [32m✓[39m Human should cull wolves when too many[32m 85[2mms[22m[39m
     [32m✓[39m Human should build NatureReserve when wolves are low[32m 28[2mms[22m[39m
     [32m✓[39m NatureReserve should spawn wolves[32m 12[2mms[22m[39m
[31m     [31m×[31m Human should build NatureReserve for Cows when cows are low[39m[32m 124[2mms[22m[39m
     [32m✓[39m NatureReserve should spawn cows[32m 48[2mms[22m[39m
 [31m❯[39m src/engine/World.test.js [2m([22m[2m7 tests[22m[2m | [22m[31m1 failed[39m[2m)[22m[32m 210[2mms[22m[39m
     [32m✓[39m should spawn entities correctly[32m 26[2mms[22m[39m
[31m     [31m×[31m Human should eat food (Cow)[39m[32m 107[2mms[22m[39m
     [32m✓[39m Cow should reproduce when well fed[32m 20[2mms[22m[39m
     [32m✓[39m Cow should seek Farm[32m 9[2mms[22m[39m
     [32m✓[39m Wolf should hunt Cow[32m 22[2mms[22m[39m
     [32m✓[39m Human should defend against Wolf[32m 3[2mms[22m[39m
     [32m✓[39m World should reseed extinct species[32m 17[2mms[22m[39m
 [31m❯[39m src/engine/Civilization.test.js [2m([22m[2m3 tests[22m[2m | [22m[31m1 failed[39m[2m | [22m[33m1 skipped[39m[2m)[22m[32m 209[2mms[22m[39m
[31m     [31m×[31m Human should gather wood from Tree[39m[32m 80[2mms[22m[39m
     [32m✓[39m Human should build House when having enough wood[32m 127[2mms[22m[39m
     [2m[90m↓[39m[22m Human should seek shelter in House when threatened
[90mstdout[2m | src/engine/Conservation.test.js[2m > [22m[2mConservation Reliability[2m > [22m[2mDivine Intervention should spawn reserve when extinct
[22m[39mDivine Intervention: Spawning Wolf Reserve
Divine Intervention: Spawning Cow Reserve

[90mstdout[2m | src/engine/Conservation.test.js[2m > [22m[2mConservation Reliability[2m > [22m[2mHuman should find conservation spot in crowded world
[22m[39mHuman Oscar built Nature Reserve for WOLF
Human Oscar built Nature Reserve for WOLF
Divine Intervention: Spawning Cow Reserve
Cow Endangered Reproduction!
Cow Endangered Reproduction!
Cow Endangered Reproduction!
Cow Endangered Reproduction!

 [32m✓[39m src/engine/Conservation.test.js [2m([22m[2m2 tests[22m[2m)[22m[32m 59[2mms[22m[39m
[90mstdout[2m | src/engine/WorldGenerator.test.js[2m > [22m[2mWorldGenerator[2m > [22m[2mshould ensure connectivity
[22m[39mConnectivity: 0.10907504363001745%

[90mstderr[2m | src/engine/WorldGenerator.test.js[2m > [22m[2mWorldGenerator[2m > [22m[2mshould ensure connectivity
[22m[39mMap is fragmented! Attempting to bridge...

 [31m❯[39m src/engine/WorldGenerator.test.js [2m([22m[2m3 tests[22m[2m | [22m[31m1 failed[39m[2m)[22m[32m 135[2mms[22m[39m
     [32m✓[39m should generate terrain with forests and lakes[32m 49[2mms[22m[39m
     [32m✓[39m should generate rivers[32m 45[2mms[22m[39m
[31m     [31m×[31m should ensure connectivity[39m[32m 39[2mms[22m[39m
[90mstdout[2m | src/engine/Frenzy.test.js[2m > [22m[2mFrenzy Mechanics[2m > [22m[2mCow should enter frenzy when berries are high
[22m[39mCow Frenzy Reproduction!
Cow Endangered Reproduction!

[90mstdout[2m | src/engine/Frenzy.test.js[2m > [22m[2mFrenzy Mechanics[2m > [22m[2mCow should NOT enter frenzy when berries are low
[22m[39mCow Endangered Reproduction!

[90mstdout[2m | src/engine/Frenzy.test.js[2m > [22m[2mFrenzy Mechanics[2m > [22m[2mWolf should enter frenzy when cows are high
[22m[39mWolf Frenzy Reproduction!

 [31m❯[39m src/engine/Frenzy.test.js [2m([22m[2m3 tests[22m[2m | [22m[31m1 failed[39m[2m)[22m[32m 62[2mms[22m[39m
     [32m✓[39m Cow should enter frenzy when berries are high[32m 7[2mms[22m[39m
[31m     [31m×[31m Cow should NOT enter frenzy when berries are low[39m[32m 39[2mms[22m[39m
     [32m✓[39m Wolf should enter frenzy when cows are high[32m 11[2mms[22m[39m
 [32m✓[39m src/engine/PopulationSafetyNet.test.js [2m([22m[2m2 tests[22m[2m)[22m[32m 108[2mms[22m[39m
 [32m✓[39m src/engine/EventConfig.test.js [2m([22m[2m6 tests[22m[2m)[22m[32m 26[2mms[22m[39m
[90mstdout[2m | src/engine/Genetics.test.js[2m > [22m[2mFaction Genetics[2m > [22m[2mMutates traits when registering new faction
[22m[39mNew Faction BLUE registered with traits: {
  moveSpeed: [33m1.0835512404578307[39m,
  hungerRate: [33m1.0395614548103864[39m,
  visionRadius: [33m0.927164113016766[39m,
  aggression: [33m0.9842257257234456[39m,
  heatTolerance: [33m1.0074774444656756[39m,
  coldTolerance: [33m0.9860029112810457[39m
}

 [32m✓[39m src/engine/Genetics.test.js [2m([22m[2m4 tests[22m[2m)[22m[32m 43[2mms[22m[39m
[90mstdout[2m | src/engine/War.test.js[2m > [22m[2mPopulation Control (War)[2m > [22m[2mShould split easily when overpopulated
[22m[39mNew Faction LIME_443 registered with traits: {
  moveSpeed: [33m1.0204956160052678[39m,
  hungerRate: [33m0.9080422849504401[39m,
  visionRadius: [33m0.9360858617611006[39m,
  aggression: [33m1.0207400022976145[39m,
  heatTolerance: [33m0.9269783159909186[39m,
  coldTolerance: [33m1.0400309096299172[39m
}
Societal Split! RED -> LIME_443 (Threshold: 2)

 [32m✓[39m src/engine/War.test.js [2m([22m[2m3 tests[22m[2m)[22m[32m 60[2mms[22m[39m
 [32m✓[39m src/engine/AnimalGenetics.test.js [2m([22m[2m4 tests[22m[2m)[22m[32m 28[2mms[22m[39m
 [32m✓[39m src/engine/Weather.test.js [2m([22m[2m2 tests[22m[2m)[22m[32m 15[2mms[22m[39m
 [32m✓[39m src/entities/AnimalIntegration.test.js [2m([22m[2m5 tests[22m[2m)[22m[32m 15[2mms[22m[39m
 [32m✓[39m src/engine/Terrain.test.js [2m([22m[2m3 tests[22m[2m)[22m[32m 37[2mms[22m[39m
[90mstdout[2m | src/engine/SocietalSplit.test.js[2m > [22m[2mSocietal Split[2m > [22m[2mshould split into new faction when overcrowded
[22m[39mNew Faction INDIGO_335 registered with traits: {
  moveSpeed: [33m1.0476752540419974[39m,
  hungerRate: [33m1.0349802080603514[39m,
  visionRadius: [33m0.9984165292441541[39m,
  aggression: [33m0.9807479074590016[39m,
  heatTolerance: [33m1.0994770979475834[39m,
  coldTolerance: [33m0.9077299492358658[39m
}
Societal Split! RED -> INDIGO_335 (Threshold: 6)

 [32m✓[39m src/engine/SocietalSplit.test.js [2m([22m[2m2 tests[22m[2m)[22m[32m 40[2mms[22m[39m
 [32m✓[39m src/engine/StructureDecay.test.js [2m([22m[2m2 tests[22m[2m)[22m[32m 38[2mms[22m[39m
 [32m✓[39m src/engine/Poop.test.js [2m([22m[2m3 tests[22m[2m)[22m[32m 17[2mms[22m[39m
 [32m✓[39m src/engine/Earthquake.test.js [2m([22m[2m3 tests[22m[2m)[22m[32m 30[2mms[22m[39m
 [32m✓[39m src/engine/StatsDrift.test.js [2m([22m[2m3 tests[22m[2m)[22m[32m 16[2mms[22m[39m
 [32m✓[39m src/engine/RandomEventSystem.test.js [2m([22m[2m4 tests[22m[2m)[22m[32m 42[2mms[22m[39m
 [32m✓[39m src/engine/PopulationFix.test.js [2m([22m[2m5 tests[22m[2m)[22m[32m 95[2mms[22m[39m
 [32m✓[39m src/engine/WolfAvoidance.test.js [2m([22m[2m3 tests[22m[2m)[22m[32m 31[2mms[22m[39m
 [32m✓[39m src/engine/Volcano.test.js [2m([22m[2m3 tests[22m[2m)[22m[32m 15[2mms[22m[39m
 [32m✓[39m src/engine/Movement.test.js [2m([22m[2m3 tests[22m[2m)[22m[32m 23[2mms[22m[39m
 [32m✓[39m src/engine/BerryControl.test.js [2m([22m[2m2 tests[22m[2m)[22m[32m 16[2mms[22m[39m
 [2m[90m↓[39m[22m src/engine/Fuzzing.test.js [2m([22m[2m1 test[22m[2m | [22m[33m1 skipped[39m[2m)[22m
 [32m✓[39m src/components/Settings.test.js [2m([22m[2m1 test[22m[2m)[22m[32m 17[2mms[22m[39m
[90mstdout[2m | src/engine/LongRun.test.js[2m > [22m[2mLong Run Stability[2m > [22m[2mshould run for 1000 ticks without crashing or exploding
[22m[39mCow Endangered Reproduction!
Cow Endangered Reproduction!
Cow Endangered Reproduction!
Cow Endangered Reproduction!
Cow Endangered Reproduction!
Cow Endangered Reproduction!
Cow Endangered Reproduction!
Cow Endangered Reproduction!
Cow Endangered Reproduction!
Cow Endangered Reproduction!
Cow Endangered Reproduction!
Cow Endangered Reproduction!
Cow Endangered Reproduction!
Cow Endangered Reproduction!
Cow Endangered Reproduction!
Cow Endangered Reproduction!
Cow Endangered Reproduction!
Cow Endangered Reproduction!
Cow Endangered Reproduction!
Cow Endangered Reproduction!
Cow Endangered Reproduction!
Cow Endangered Reproduction!
Cow Endangered Reproduction!
Cow Endangered Reproduction!
Cow Endangered Reproduction!
Cow Endangered Reproduction!
Cow Endangered Reproduction!
Cow Endangered Reproduction!
Cow Endangered Reproduction!
Cow Endangered Reproduction!
Human Frank built Nature Reserve for WOLF
Human Xander built Nature Reserve for WOLF
Human Milo built Nature Reserve for WOLF
Human Luna built Nature Reserve for WOLF
Human Charlie built Nature Reserve for WOLF
Human Uma built Nature Reserve for WOLF
Human Oscar built Nature Reserve for WOLF
Human Oscar built Nature Reserve for WOLF
Human Ivy built Nature Reserve for WOLF
Human Nina built Nature Reserve for WOLF
Human Charlie built Nature Reserve for WOLF
Human Nina built Nature Reserve for WOLF
Human Milo built Nature Reserve for WOLF
Human Luna built Nature Reserve for WOLF
Human Pip built Nature Reserve for WOLF
Human Oscar built Nature Reserve for WOLF
Human Uma built Nature Reserve for WOLF
Human Uma built Nature Reserve for WOLF
Human Xander built Nature Reserve for WOLF
Human Xander built Nature Reserve for WOLF
Human Yara built Nature Reserve for WOLF
Human Tina built Nature Reserve for WOLF
Human Milo built Nature Reserve for WOLF
Human Oscar built Nature Reserve for WOLF
Human Victor built Nature Reserve for WOLF
Human Nina built Nature Reserve for WOLF
Human Nina built Nature Reserve for WOLF
Human Uma built Nature Reserve for WOLF
Human Yara built Nature Reserve for WOLF
Human Luna built Nature Reserve for WOLF
Human Oscar built Nature Reserve for WOLF
Human Xander built Nature Reserve for WOLF
Human Eve built Nature Reserve for WOLF
Human Pip built Nature Reserve for WOLF
Human Victor built Nature Reserve for WOLF
Human Diana built Nature Reserve for WOLF
Human Milo built Nature Reserve for WOLF
Human Milo built Nature Reserve for WOLF
Human Charlie built Nature Reserve for WOLF
Human Wendy built Nature Reserve for WOLF
Human Uma built Nature Reserve for WOLF
Human Oscar built Nature Reserve for WOLF
Human Yara built Nature Reserve for WOLF
Human Wendy built Nature Reserve for WOLF
Human Milo built Nature Reserve for WOLF
Human Ruby built Nature Reserve for WOLF
Human Frank built Nature Reserve for WOLF
Human Uma built Nature Reserve for WOLF
Human Luna built Nature Reserve for WOLF
Human Yara built Nature Reserve for WOLF
Human Yara built Nature Reserve for WOLF
Human Tina built Nature Reserve for WOLF
Human Luna built Nature Reserve for WOLF
Human Charlie built Nature Reserve for WOLF
Human Wendy built Nature Reserve for WOLF
Human Eve built Nature Reserve for WOLF
Human Bob built Nature Reserve for WOLF
Human Ruby built Nature Reserve for WOLF
Human Nina built Nature Reserve for WOLF
Human Uma built Nature Reserve for WOLF
Human Frank built Nature Reserve for WOLF
Human Pip built Nature Reserve for WOLF
Human Oscar built Nature Reserve for WOLF
Human Yara built Nature Reserve for WOLF
Human Diana built Nature Reserve for WOLF
Human Luna built Nature Reserve for WOLF
Human Grace built Nature Reserve for WOLF
Human Bob built Nature Reserve for WOLF
Human Pip built Nature Reserve for WOLF
Human Hank built Nature Reserve for WOLF
Human Victor built Nature Reserve for WOLF
Human Uma built Nature Reserve for WOLF
Human Tina built Nature Reserve for WOLF
Human Xander built Nature Reserve for WOLF
Human Pip built Nature Reserve for WOLF
Human Uma built Nature Reserve for WOLF
Human Ruby built Nature Reserve for WOLF
Human Xander built Nature Reserve for WOLF
Human Nina built Nature Reserve for WOLF
Human Xander built Nature Reserve for WOLF
Human Yara built Nature Reserve for WOLF
Human Eve built Nature Reserve for WOLF
Human Grace built Nature Reserve for WOLF
Human Diana built Nature Reserve for WOLF
Human Luna built Nature Reserve for WOLF
Human Hank built Nature Reserve for WOLF
Human Tina built Nature Reserve for WOLF
Human Nina built Nature Reserve for WOLF
Human Uma built Nature Reserve for WOLF
Human Nina built Nature Reserve for WOLF
Human Frank built Nature Reserve for WOLF
Human Wendy built Nature Reserve for WOLF
Human Victor built Nature Reserve for WOLF
Human Diana built Nature Reserve for WOLF
Human Oscar built Nature Reserve for WOLF
Human Grace built Nature Reserve for WOLF
Human Uma built Nature Reserve for WOLF
Human Bob built Nature Reserve for WOLF
Human Frank built Nature Reserve for WOLF
Human Yara built Nature Reserve for WOLF
Human Nina built Nature Reserve for WOLF
Cow Endangered Reproduction!
Cow Endangered Reproduction!
Cow Endangered Reproduction!
Cow Endangered Reproduction!
Cow Endangered Reproduction!
Human Frank built Nature Reserve for COW
Human Frank built Nature Reserve for COW
Human Yara built Nature Reserve for COW
Human Bob built Nature Reserve for COW
Cow Endangered Reproduction!
Cow Endangered Reproduction!
Human Uma built Nature Reserve for COW
Human Alice built Nature Reserve for COW
Human Milo built Nature Reserve for COW
Human Eve built Nature Reserve for COW
Human Oscar built Nature Reserve for COW
Human Charlie built Nature Reserve for COW
Human Pip built Nature Reserve for COW
Human Jack built Nature Reserve for COW
Human Yara built Nature Reserve for COW
Cow Endangered Reproduction!
Human Zane built Nature Reserve for COW
Cow Endangered Reproduction!
Human Alice built Nature Reserve for COW
Cow Endangered Reproduction!
Cow Endangered Reproduction!
Human Oscar built Nature Reserve for COW
Human Charlie built Nature Reserve for COW
Human Nina built Nature Reserve for COW
Cow Endangered Reproduction!
Cow Endangered Reproduction!
Human Uma built Nature Reserve for COW
Human Luna built Nature Reserve for COW
Cow Endangered Reproduction!
Human Yara built Nature Reserve for WOLF
Human Hank built Nature Reserve for WOLF
New Faction PINK_675 registered with traits: {
  moveSpeed: [33m0.9585353334707865[39m,
  hungerRate: [33m1.0254429644482272[39m,
  visionRadius: [33m0.915608548515257[39m,
  aggression: [33m1.0835940920209288[39m,
  heatTolerance: [33m1.0778116490123142[39m,
  coldTolerance: [33m1.0485284498443541[39m
}
Societal Split! RED -> PINK_675 (Threshold: 6)
New Faction PINK_952 registered with traits: {
  moveSpeed: [33m1.0769735844753745[39m,
  hungerRate: [33m0.9845516798526002[39m,
  visionRadius: [33m0.9906987662104201[39m,
  aggression: [33m1.0484441196676588[39m,
  heatTolerance: [33m1.0805582326863141[39m,
  coldTolerance: [33m0.9874993375388353[39m
}
Societal Split! BLUE -> PINK_952 (Threshold: 6)
New Faction INDIGO_613 registered with traits: {
  moveSpeed: [33m0.9393456758243757[39m,
  hungerRate: [33m1.0758747173831513[39m,
  visionRadius: [33m1.0312585707058324[39m,
  aggression: [33m0.9148226585142261[39m,
  heatTolerance: [33m1.0620734324270384[39m,
  coldTolerance: [33m1.0810380513051496[39m
}
Societal Split! BLUE -> INDIGO_613 (Threshold: 6)
New Faction TEAL_335 registered with traits: {
  moveSpeed: [33m1.0370688039080116[39m,
  hungerRate: [33m0.930777522729536[39m,
  visionRadius: [33m1.0438226982951384[39m,
  aggression: [33m0.9894699079886089[39m,
  heatTolerance: [33m1.0883578832769965[39m,
  coldTolerance: [33m0.944844215640727[39m
}
Societal Split! BLUE -> TEAL_335 (Threshold: 6)
New Faction TEAL_847 registered with traits: {
  moveSpeed: [33m1.089580003363933[39m,
  hungerRate: [33m0.9795994593160722[39m,
  visionRadius: [33m0.9902347777776863[39m,
  aggression: [33m1.0305940077909428[39m,
  heatTolerance: [33m1.0181245389955795[39m,
  coldTolerance: [33m0.9182869709512851[39m
}
Societal Split! BLUE -> TEAL_847 (Threshold: 6)
Human Uma built Nature Reserve for WOLF
Human Luna built Nature Reserve for WOLF
Human Ruby built Nature Reserve for WOLF
Human Frank built Nature Reserve for WOLF
Human Sam built Nature Reserve for WOLF
Human Frank built Nature Reserve for WOLF
Human Luna built Nature Reserve for WOLF
Human Alice built Nature Reserve for WOLF
Human Luna built Nature Reserve for WOLF
Human Grace built Nature Reserve for WOLF
Human Alice built Nature Reserve for WOLF
Human Grace built Nature Reserve for WOLF
Human Hank built Nature Reserve for WOLF
Human Frank built Nature Reserve for WOLF
Human Nina built Nature Reserve for WOLF
Human Luna built Nature Reserve for WOLF
Human Diana built Nature Reserve for WOLF
Human Diana built Nature Reserve for WOLF
Human Sam built Nature Reserve for WOLF
Human Alice built Nature Reserve for WOLF
Human Eve built Nature Reserve for WOLF
Human Quinn built Nature Reserve for WOLF
Human Ivy built Nature Reserve for WOLF
Human Uma built Nature Reserve for WOLF
Human Grace built Nature Reserve for WOLF
Human Alice built Nature Reserve for WOLF
Human Alice built Nature Reserve for WOLF
Human Tina built Nature Reserve for WOLF
Human Grace built Nature Reserve for WOLF
Human Wendy built Nature Reserve for WOLF
Human Wendy built Nature Reserve for WOLF
Human Wendy built Nature Reserve for WOLF
Human Milo built Nature Reserve for WOLF
Human Sam built Nature Reserve for WOLF
Human Milo built Nature Reserve for WOLF
Human Yara built Nature Reserve for WOLF
Human Xander built Nature Reserve for WOLF
Human Grace built Nature Reserve for WOLF
Human Uma built Nature Reserve for WOLF
Human Bob built Nature Reserve for WOLF
Human Nina built Nature Reserve for WOLF
Human Sam built Nature Reserve for WOLF
Human Nina built Nature Reserve for WOLF
Human Yara built Nature Reserve for WOLF
Human Xander built Nature Reserve for WOLF
Human Grace built Nature Reserve for WOLF
Human Bob built Nature Reserve for WOLF
Human Frank built Nature Reserve for WOLF
Human Uma built Nature Reserve for WOLF
Human Milo built Nature Reserve for WOLF
Human Wendy built Nature Reserve for WOLF
Human Xander built Nature Reserve for WOLF
Human Xander built Nature Reserve for WOLF
Human Frank built Nature Reserve for WOLF
Human Bob built Nature Reserve for WOLF
Human Zane built Nature Reserve for WOLF
Human Frank built Nature Reserve for WOLF
Human Tina built Nature Reserve for WOLF
Human Grace built Nature Reserve for WOLF
Human Wendy built Nature Reserve for WOLF
Human Hank built Nature Reserve for WOLF
Human Oscar built Nature Reserve for WOLF
Human Uma built Nature Reserve for WOLF
Human Alice built Nature Reserve for WOLF
Human Diana built Nature Reserve for WOLF
Human Bob built Nature Reserve for WOLF
Human Quinn built Nature Reserve for WOLF
Human Sam built Nature Reserve for WOLF
Human Oscar built Nature Reserve for WOLF
Human Sam built Nature Reserve for WOLF
Human Charlie built Nature Reserve for WOLF
Human Bob built Nature Reserve for WOLF
Human Uma built Nature Reserve for WOLF
Human Tina built Nature Reserve for WOLF
Human Hank built Nature Reserve for WOLF
Human Ivy built Nature Reserve for WOLF
Human Diana built Nature Reserve for WOLF
Human Yara built Nature Reserve for WOLF
Human Uma built Nature Reserve for WOLF
Human Grace built Nature Reserve for WOLF
Human Hank built Nature Reserve for WOLF
Human Grace built Nature Reserve for WOLF
Human Xander built Nature Reserve for WOLF
Human Ivy built Nature Reserve for WOLF
Human Quinn built Nature Reserve for WOLF
Human Bob built Nature Reserve for WOLF
Human Xander built Nature Reserve for WOLF
Human Wendy built Nature Reserve for WOLF
Human Hank built Nature Reserve for WOLF
Human Alice built Nature Reserve for WOLF
Human Xander built Nature Reserve for WOLF
Human Uma built Nature Reserve for WOLF
Human Jack built Nature Reserve for WOLF
Human Frank built Nature Reserve for WOLF
Human Oscar built Nature Reserve for WOLF
Human Milo built Nature Reserve for WOLF
Human Xander built Nature Reserve for WOLF
Human Yara built Nature Reserve for WOLF
Human Xander built Nature Reserve for WOLF
Human Hank built Nature Reserve for WOLF
Human Eve built Nature Reserve for WOLF
Human Ruby built Nature Reserve for WOLF
Human Frank built Nature Reserve for WOLF
Human Jack built Nature Reserve for WOLF
Human Uma built Nature Reserve for WOLF
Human Nina built Nature Reserve for WOLF
Human Ruby built Nature Reserve for WOLF
Human Xander built Nature Reserve for WOLF
Human Sam built Nature Reserve for WOLF
Human Yara built Nature Reserve for WOLF
Human Sam built Nature Reserve for WOLF
Human Eve built Nature Reserve for WOLF
Human Eve built Nature Reserve for WOLF
Human Uma built Nature Reserve for WOLF
Human Eve built Nature Reserve for WOLF
Human Hank built Nature Reserve for WOLF
Human Jack built Nature Reserve for WOLF
Human Victor built Nature Reserve for WOLF
Human Quinn built Nature Reserve for WOLF
Human Eve built Nature Reserve for WOLF
Human Wendy built Nature Reserve for WOLF
Human Nina built Nature Reserve for WOLF
Human Quinn built Nature Reserve for WOLF
Human Frank built Nature Reserve for WOLF
Human Victor built Nature Reserve for WOLF
Human Hank built Nature Reserve for WOLF
Human Sam built Nature Reserve for WOLF
Human Hank built Nature Reserve for WOLF
Human Nina built Nature Reserve for WOLF
Human Luna built Nature Reserve for WOLF
Human Luna built Nature Reserve for WOLF
Human Hank built Nature Reserve for WOLF
Human Xander built Nature Reserve for WOLF
Human Jack built Nature Reserve for WOLF
Human Uma built Nature Reserve for WOLF
Human Xander built Nature Reserve for WOLF
Human Bob built Nature Reserve for WOLF
Human Wendy built Nature Reserve for WOLF
Human Sam built Nature Reserve for WOLF
Human Xander built Nature Reserve for WOLF
Human Hank built Nature Reserve for WOLF
Human Xander built Nature Reserve for WOLF
Human Luna built Nature Reserve for WOLF
Human Xander built Nature Reserve for WOLF
Human Sam built Nature Reserve for WOLF
Human Diana built Nature Reserve for WOLF
Human Eve built Nature Reserve for WOLF
Human Eve built Nature Reserve for WOLF
Human Xander built Nature Reserve for WOLF
Human Pip built Nature Reserve for WOLF
Human Grace built Nature Reserve for WOLF
Human Luna built Nature Reserve for WOLF
Human Quinn built Nature Reserve for WOLF
Human Frank built Nature Reserve for WOLF
Human Bob built Nature Reserve for WOLF
Human Jack built Nature Reserve for WOLF
Human Pip built Nature Reserve for WOLF
Human Grace built Nature Reserve for WOLF
Human Uma built Nature Reserve for WOLF
Human Hank built Nature Reserve for WOLF
Human Xander built Nature Reserve for WOLF
Human Wendy built Nature Reserve for WOLF
Human Pip built Nature Reserve for WOLF
Human Ruby built Nature Reserve for WOLF
Human Grace built Nature Reserve for WOLF
Human Grace built Nature Reserve for WOLF
Human Nina built Nature Reserve for WOLF
Human Luna built Nature Reserve for WOLF
Human Hank built Nature Reserve for WOLF
Human Xander built Nature Reserve for WOLF
Human Milo built Nature Reserve for WOLF
Human Wendy built Nature Reserve for WOLF
Human Victor built Nature Reserve for WOLF
Human Wendy built Nature Reserve for WOLF
Human Victor built Nature Reserve for WOLF
Human Luna built Nature Reserve for WOLF
Human Oscar built Nature Reserve for WOLF
Human Diana built Nature Reserve for WOLF
Human Oscar built Nature Reserve for WOLF
Human Ruby built Nature Reserve for WOLF
Human Ivy built Nature Reserve for WOLF
Human Hank built Nature Reserve for WOLF
Human Xander built Nature Reserve for WOLF
Human Diana built Nature Reserve for WOLF
Human Oscar built Nature Reserve for WOLF
Human Wendy built Nature Reserve for WOLF
Human Luna built Nature Reserve for WOLF
Human Victor built Nature Reserve for WOLF
New Faction LIME_243 registered with traits: {
  moveSpeed: [33m0.9261970432159455[39m,
  hungerRate: [33m1.081525706472903[39m,
  visionRadius: [33m0.9366147494932757[39m,
  aggression: [33m0.9192736832586076[39m,
  heatTolerance: [33m0.9649365519551815[39m,
  coldTolerance: [33m0.9309515100132165[39m
}
Societal Split! BLUE -> LIME_243 (Threshold: 6)
New Faction TEAL_947 registered with traits: {
  moveSpeed: [33m1.0592968371665017[39m,
  hungerRate: [33m1.0087559627985427[39m,
  visionRadius: [33m0.9062314815042706[39m,
  aggression: [33m0.9961699239751317[39m,
  heatTolerance: [33m0.9356568412175614[39m,
  coldTolerance: [33m0.9402672623480851[39m
}
Societal Split! BLUE -> TEAL_947 (Threshold: 6)
New Faction LIME_30 registered with traits: {
  moveSpeed: [33m0.9278144979060094[39m,
  hungerRate: [33m0.9865759680609343[39m,
  visionRadius: [33m0.9436632509025968[39m,
  aggression: [33m0.9168041539090757[39m,
  heatTolerance: [33m0.9655664788141447[39m,
  coldTolerance: [33m0.9172844723279325[39m
}
Societal Split! BLUE -> LIME_30 (Threshold: 6)
New Faction INDIGO_152 registered with traits: {
  moveSpeed: [33m1.0609409078310414[39m,
  hungerRate: [33m1.1088170064353513[39m,
  visionRadius: [33m0.9548279948806138[39m,
  aggression: [33m0.9456487220060712[39m,
  heatTolerance: [33m0.8793272386178494[39m,
  coldTolerance: [33m0.8602086829300049[39m
}
Societal Split! TEAL_947 -> INDIGO_152 (Threshold: 6)
New Faction PINK_557 registered with traits: {
  moveSpeed: [33m1.0013705310305643[39m,
  hungerRate: [33m0.969175990627653[39m,
  visionRadius: [33m1.0182267977035464[39m,
  aggression: [33m1.0115537465632107[39m,
  heatTolerance: [33m0.9342851685825686[39m,
  coldTolerance: [33m0.9737886186078435[39m
}
Societal Split! BLUE -> PINK_557 (Threshold: 6)
New Faction LIME_814 registered with traits: {
  moveSpeed: [33m0.9882176491233465[39m,
  hungerRate: [33m0.9919011553518962[39m,
  visionRadius: [33m0.9791668027742632[39m,
  aggression: [33m1.0076214933033643[39m,
  heatTolerance: [33m0.981000507923546[39m,
  coldTolerance: [33m1.0108552787024334[39m
}
Societal Split! BLUE -> LIME_814 (Threshold: 6)
New Faction LIME_92 registered with traits: {
  moveSpeed: [33m1.051849367849331[39m,
  hungerRate: [33m0.9480910517349808[39m,
  visionRadius: [33m0.9362927154113247[39m,
  aggression: [33m1.05262710779253[39m,
  heatTolerance: [33m0.9531080170369557[39m,
  coldTolerance: [33m1.0342130224613733[39m
}
Societal Split! BLUE -> LIME_92 (Threshold: 6)
New Faction INDIGO_348 registered with traits: {
  moveSpeed: [33m0.9211793585360561[39m,
  hungerRate: [33m0.9464614027318531[39m,
  visionRadius: [33m0.9264060737248138[39m,
  aggression: [33m0.9896165467803363[39m,
  heatTolerance: [33m0.9440701822815549[39m,
  coldTolerance: [33m1.0847730791542547[39m
}
Societal Split! BLUE -> INDIGO_348 (Threshold: 6)
New Faction ORANGE_759 registered with traits: {
  moveSpeed: [33m1.0652344093767778[39m,
  hungerRate: [33m1.0137967229174767[39m,
  visionRadius: [33m1.0386387574828166[39m,
  aggression: [33m0.9170938779820272[39m,
  heatTolerance: [33m1.0840511157184598[39m,
  coldTolerance: [33m1.0441658086131433[39m
}
Societal Split! BLUE -> ORANGE_759 (Threshold: 6)
New Faction PURPLE_138 registered with traits: {
  moveSpeed: [33m0.9744999034017554[39m,
  hungerRate: [33m0.9539170795311275[39m,
  visionRadius: [33m1.008799828692336[39m,
  aggression: [33m1.0942522100074659[39m,
  heatTolerance: [33m0.9442009757698202[39m,
  coldTolerance: [33m0.9187969409134316[39m
}
Societal Split! RED -> PURPLE_138 (Threshold: 6)
Human Victor built Nature Reserve for WOLF
Human Ruby built Nature Reserve for WOLF
Human Uma built Nature Reserve for WOLF
Human Tina built Nature Reserve for WOLF
Human Frank built Nature Reserve for WOLF
Human Luna built Nature Reserve for WOLF
Human Bob built Nature Reserve for WOLF
Human Pip built Nature Reserve for WOLF
Human Tina built Nature Reserve for WOLF
Human Pip built Nature Reserve for WOLF
Human Charlie built Nature Reserve for WOLF
Human Frank built Nature Reserve for WOLF
Human Uma built Nature Reserve for WOLF
Human Quinn built Nature Reserve for WOLF
Human Yara built Nature Reserve for WOLF
Human Pip built Nature Reserve for WOLF
Human Hank built Nature Reserve for WOLF
Human Alice built Nature Reserve for WOLF
Human Milo built Nature Reserve for WOLF
Human Charlie built Nature Reserve for WOLF
Human Charlie built Nature Reserve for WOLF
Human Milo built Nature Reserve for WOLF
Human Grace built Nature Reserve for WOLF
Human Xander built Nature Reserve for WOLF
Human Diana built Nature Reserve for WOLF
Human Tina built Nature Reserve for WOLF
Human Diana built Nature Reserve for WOLF
Human Ivy built Nature Reserve for WOLF
Human Hank built Nature Reserve for WOLF
Human Alice built Nature Reserve for WOLF
Human Eve built Nature Reserve for WOLF
Human Bob built Nature Reserve for WOLF
Human Eve built Nature Reserve for WOLF
Human Charlie built Nature Reserve for WOLF
Human Grace built Nature Reserve for WOLF
Human Grace built Nature Reserve for WOLF
Human Milo built Nature Reserve for WOLF
Human Victor built Nature Reserve for WOLF
Human Xander built Nature Reserve for WOLF
Human Xander built Nature Reserve for WOLF
Human Grace built Nature Reserve for WOLF
Human Ivy built Nature Reserve for WOLF
Human Quinn built Nature Reserve for WOLF
Human Victor built Nature Reserve for WOLF
Human Victor built Nature Reserve for WOLF
Human Milo built Nature Reserve for WOLF
Human Uma built Nature Reserve for WOLF
Human Alice built Nature Reserve for WOLF
Human Luna built Nature Reserve for WOLF
Human Xander built Nature Reserve for WOLF
Human Xander built Nature Reserve for WOLF
Human Charlie built Nature Reserve for WOLF
Human Wendy built Nature Reserve for WOLF
Human Victor built Nature Reserve for WOLF
Human Grace built Nature Reserve for WOLF
Human Milo built Nature Reserve for WOLF
Human Ivy built Nature Reserve for WOLF
Human Nina built Nature Reserve for WOLF
Human Yara built Nature Reserve for WOLF
Human Pip built Nature Reserve for WOLF
Human Quinn built Nature Reserve for WOLF
Human Grace built Nature Reserve for WOLF
Human Hank built Nature Reserve for WOLF
Human Hank built Nature Reserve for WOLF
Human Grace built Nature Reserve for WOLF
Human Oscar built Nature Reserve for WOLF
Human Milo built Nature Reserve for WOLF
Human Uma built Nature Reserve for WOLF
Human Ruby built Nature Reserve for WOLF
Human Xander built Nature Reserve for WOLF
Human Milo built Nature Reserve for WOLF
Human Hank built Nature Reserve for WOLF
Human Eve built Nature Reserve for WOLF
Human Alice built Nature Reserve for WOLF
Human Victor built Nature Reserve for WOLF
Human Frank built Nature Reserve for WOLF
Human Wendy built Nature Reserve for WOLF
Human Uma built Nature Reserve for WOLF
Human Zane built Nature Reserve for WOLF
Human Frank built Nature Reserve for WOLF
Human Yara built Nature Reserve for WOLF
Human Jack built Nature Reserve for WOLF
Human Victor built Nature Reserve for WOLF
Human Wendy built Nature Reserve for WOLF
Human Grace built Nature Reserve for WOLF
Human Alice built Nature Reserve for WOLF
Human Ivy built Nature Reserve for WOLF
Human Nina built Nature Reserve for WOLF
Human Charlie built Nature Reserve for WOLF
Human Victor built Nature Reserve for WOLF
Human Zane built Nature Reserve for WOLF
Human Xander built Nature Reserve for WOLF
Human Xander built Nature Reserve for WOLF
Human Yara built Nature Reserve for WOLF
Human Nina built Nature Reserve for WOLF
Human Victor built Nature Reserve for WOLF
Human Grace built Nature Reserve for WOLF
Human Alice built Nature Reserve for WOLF
Human Wendy built Nature Reserve for WOLF
Human Bob built Nature Reserve for WOLF
Human Yara built Nature Reserve for WOLF
Human Xander built Nature Reserve for WOLF
Human Hank built Nature Reserve for WOLF
Human Zane built Nature Reserve for WOLF
Final population: 757

 [32m✓[39m src/engine/LongRun.test.js [2m([22m[2m1 test[22m[2m)[22m[33m 11274[2mms[22m[39m
     [33m[2m✓[22m[39m should run for 1000 ticks without crashing or exploding [33m 11271[2mms[22m[39m

[31m⎯⎯⎯⎯⎯⎯⎯[39m[1m[41m Failed Tests 8 [49m[22m[31m⎯⎯⎯⎯⎯⎯⎯[39m

[41m[1m FAIL [22m[49m src/engine/Frenzy.test.js[2m > [22mFrenzy Mechanics[2m > [22mCow should NOT enter frenzy when berries are low
[31m[1mAssertionError[22m: expected 50 to be 200 // Object.is equality[39m

[32m- Expected[39m
[31m+ Received[39m

[32m- 200[39m
[31m+ 50[39m

[36m [2m❯[22m src/engine/Frenzy.test.js:[2m64:41[22m[39m
    [90m 62| [39m        // Normal cooldown is 200 (from code logic, though Config says…
    [90m 63| [39m        [90m// In Cow.js: let cooldown = 200;[39m
    [90m 64| [39m        [34mexpect[39m(c1[33m.[39mreproductionCooldown)[33m.[39m[34mtoBe[39m([34m200[39m)[33m;[39m
    [90m   | [39m                                        [31m^[39m
    [90m 65| [39m    })[33m;[39m
    [90m 66| [39m

[31m[2m⎯⎯⎯⎯⎯⎯⎯⎯⎯⎯⎯⎯⎯⎯⎯⎯⎯⎯⎯⎯⎯⎯⎯⎯[1/8]⎯[22m[39m

[41m[1m FAIL [22m[49m src/engine/Ecosystem.test.js[2m > [22mEcosystem Behaviors[2m > [22mHuman should plant tree when trees are low
[31m[1mAssertionError[22m: expected 0 to be greater than 0[39m
[36m [2m❯[22m src/engine/Ecosystem.test.js:[2m38:41[22m[39m
    [90m 36| [39m        [35mfor[39m ([35mlet[39m i [33m=[39m [34m0[39m[33m;[39m i [33m<[39m [34m5[39m[33m;[39m i[33m++[39m) world[33m.[39m[34mtick[39m()[33m;[39m
    [90m 37| [39m
    [90m 38| [39m        [34mexpect[39m(world[33m.[39mentityCounts[33m.[39mtree)[33m.[39m[34mtoBeGreaterThan[39m([34m0[39m)[33m;[39m
    [90m   | [39m                                        [31m^[39m
    [90m 39| [39m        [35mconst[39m tree [33m=[39m world[33m.[39mentities[33m.[39m[34mfind[39m(e [33m=>[39m e[33m.[39mtype [33m===[39m [32m'tree'[39m)[33m;[39m
    [90m 40| [39m        [34mexpect[39m(tree)[33m.[39m[34mtoBeDefined[39m()[33m;[39m

[31m[2m⎯⎯⎯⎯⎯⎯⎯⎯⎯⎯⎯⎯⎯⎯⎯⎯⎯⎯⎯⎯⎯⎯⎯⎯[2/8]⎯[22m[39m

[41m[1m FAIL [22m[49m src/engine/Ecosystem.test.js[2m > [22mEcosystem Behaviors[2m > [22mHuman should build NatureReserve for Cows when cows are low
[31m[1mAssertionError[22m: expected 'wolf' to be 'cow' // Object.is equality[39m

Expected: [32m"cow"[39m
Received: [31m"wolf"[39m

[36m [2m❯[22m src/engine/Ecosystem.test.js:[2m129:35[22m[39m
    [90m127| [39m        const reserve = world.entities.find(e => e.type === 'natureres…
    [90m128| [39m        [34mexpect[39m(reserve)[33m.[39m[34mtoBeDefined[39m()[33m;[39m
    [90m129| [39m        [34mexpect[39m(reserve[33m.[39mspawnType)[33m.[39m[34mtoBe[39m([32m'cow'[39m)[33m;[39m
    [90m   | [39m                                  [31m^[39m
    [90m130| [39m    })[33m;[39m
    [90m131| [39m

[31m[2m⎯⎯⎯⎯⎯⎯⎯⎯⎯⎯⎯⎯⎯⎯⎯⎯⎯⎯⎯⎯⎯⎯⎯⎯[3/8]⎯[22m[39m

[41m[1m FAIL [22m[49m src/engine/Civilization.test.js[2m > [22mCivilization Behaviors[2m > [22mHuman should gather wood from Tree
[31m[1mAssertionError[22m: expected [ Human{ x: 4, y: 6, …(20) }, …(1) ] to not include Tree{ x: 6, y: 5, type: 'tree', …(7) }[39m
[36m [2m❯[22m src/engine/Civilization.test.js:[2m26:36[22m[39m
    [90m 24| [39m        world[33m.[39m[34mtick[39m()[33m;[39m
    [90m 25| [39m
    [90m 26| [39m        expect(world.entities).not.toContain(tree); // Tree should be …
    [90m   | [39m                                   [31m^[39m
    [90m 27| [39m        [34mexpect[39m(human[33m.[39mwood)[33m.[39m[34mtoBe[39m([34m5[39m)[33m;[39m [90m// Human should have wood[39m
    [90m 28| [39m    })[33m;[39m

[31m[2m⎯⎯⎯⎯⎯⎯⎯⎯⎯⎯⎯⎯⎯⎯⎯⎯⎯⎯⎯⎯⎯⎯⎯⎯[4/8]⎯[22m[39m

[41m[1m FAIL [22m[49m src/engine/WorldGenerator.test.js[2m > [22mWorldGenerator[2m > [22mshould ensure connectivity
[31m[1mAssertionError[22m: expected 0.0010907504363001745 to be greater than 0.8[39m
[36m [2m❯[22m src/engine/WorldGenerator.test.js:[2m97:30[22m[39m
    [90m 95| [39m        [35mconst[39m connectivity [33m=[39m visited[33m.[39msize [33m/[39m landCells[33m.[39mlength[33m;[39m
    [90m 96| [39m        console[33m.[39m[34mlog[39m([32m`Connectivity: [39m[36m${[39mconnectivity [33m*[39m [34m100[39m[36m}[39m[32m%`[39m)[33m;[39m
    [90m 97| [39m        expect(connectivity).toBeGreaterThan(0.8); // Allow some small…
    [90m   | [39m                             [31m^[39m
    [90m 98| [39m    })[33m;[39m
    [90m 99| [39m})[33m;[39m

[31m[2m⎯⎯⎯⎯⎯⎯⎯⎯⎯⎯⎯⎯⎯⎯⎯⎯⎯⎯⎯⎯⎯⎯⎯⎯[5/8]⎯[22m[39m

[41m[1m FAIL [22m[49m src/engine/World.test.js[2m > [22mWorld Simulation[2m > [22mHuman should eat food (Cow)
[31m[1mAssertionError[22m: expected 60.05 to be +0 // Object.is equality[39m

[32m- Expected[39m
[31m+ Received[39m

[32m- 0[39m
[31m+ 60.05[39m

[36m [2m❯[22m src/engine/World.test.js:[2m36:30[22m[39m
    [90m 34| [39m
    [90m 35| [39m        [90m// Human should have eaten cow[39m
    [90m 36| [39m        [34mexpect[39m(human[33m.[39mhunger)[33m.[39m[34mtoBe[39m([34m0[39m)[33m;[39m
    [90m   | [39m                             [31m^[39m
    [90m 37| [39m        [34mexpect[39m(cow[33m.[39mmarkedForDeletion)[33m.[39m[34mtoBe[39m([35mtrue[39m)[33m;[39m
    [90m 38| [39m        [34mexpect[39m(world[33m.[39mentities)[33m.[39mnot[33m.[39m[34mtoContain[39m(cow)[33m;[39m

[31m[2m⎯⎯⎯⎯⎯⎯⎯⎯⎯⎯⎯⎯⎯⎯⎯⎯⎯⎯⎯⎯⎯⎯⎯⎯[6/8]⎯[22m[39m

[41m[1m FAIL [22m[49m src/engine/Totem.test.js[2m > [22mTotem Mechanics[2m > [22mHuman should build Totem when has wood and space
[31m[1mAssertionError[22m: expected +0 to be 1 // Object.is equality[39m

[32m- Expected[39m
[31m+ Received[39m

[32m- 1[39m
[31m+ 0[39m

[36m [2m❯[22m src/engine/Totem.test.js:[2m34:31[22m[39m
    [90m 32| [39m
    [90m 33| [39m        [35mconst[39m totems [33m=[39m world[33m.[39mentities[33m.[39m[34mfilter[39m(e [33m=>[39m e[33m.[39mtype [33m===[39m [32m'totem'[39m)[33m;[39m
    [90m 34| [39m        [34mexpect[39m(totems[33m.[39mlength)[33m.[39m[34mtoBe[39m([34m1[39m)[33m;[39m
    [90m   | [39m                              [31m^[39m
    [90m 35| [39m        [34mexpect[39m(totems[[34m0[39m][33m.[39mfaction)[33m.[39m[34mtoBe[39m([32m'RED'[39m)[33m;[39m
    [90m 36| [39m        [34mexpect[39m(human[33m.[39mwood)[33m.[39m[34mtoBeLessThan[39m([34m20[39m)[33m;[39m

[31m[2m⎯⎯⎯⎯⎯⎯⎯⎯⎯⎯⎯⎯⎯⎯⎯⎯⎯⎯⎯⎯⎯⎯⎯⎯[7/8]⎯[22m[39m

[41m[1m FAIL [22m[49m src/engine/Totem.test.js[2m > [22mTotem Mechanics[2m > [22mHuman should attack enemy Totem
[31m[1mAssertionError[22m: expected 'CONSERVING' to be 'ATTACKING_TOTEM' // Object.is equality[39m

Expected: [32m"ATTACKING_TOTEM"[39m
Received: [31m"CONSERVING"[39m

[36m [2m❯[22m src/engine/Totem.test.js:[2m53:30[22m[39m
    [90m 51| [39m        [90m// Human should attack totem[39m
    [90m 52| [39m        [90m// Logic: nearbyTotem check in tick() overrides action if enemy[39m
    [90m 53| [39m        [34mexpect[39m(human[33m.[39maction)[33m.[39m[34mtoBe[39m([32m'ATTACKING_TOTEM'[39m)[33m;[39m
    [90m   | [39m                             [31m^[39m
    [90m 54| [39m        [34mexpect[39m(totem[33m.[39mmarkedForDeletion)[33m.[39m[34mtoBe[39m([35mtrue[39m)[33m;[39m
    [90m 55| [39m    })[33m;[39m

[31m[2m⎯⎯⎯⎯⎯⎯⎯⎯⎯⎯⎯⎯⎯⎯⎯⎯⎯⎯⎯⎯⎯⎯⎯⎯[8/8]⎯[22m[39m


[2m Test Files [22m [1m[31m6 failed[39m[22m[2m | [22m[1m[32m22 passed[39m[22m[2m | [22m[33m1 skipped[39m[90m (29)[39m
[2m      Tests [22m [1m[31m8 failed[39m[22m[2m | [22m[1m[32m82 passed[39m[22m[2m | [22m[33m2 skipped[39m[90m (92)[39m
[2m   Start at [22m 22:10:43
[2m   Duration [22m 19.63s

[1m[41m FAIL [49m[22m [31mTests failed. Watching for file changes...[39m
       [2mpress [22m[1mh[22m[2m to show help[22m[2m, [22m[2mpress [22m[1mq[22m[2m to quit[22m
c[3J[1m[44m RERUN [49m[22m [34m[2msrc/engine/Config.js [22m[39m


[31m⎯⎯⎯⎯⎯⎯[39m[1m[41m Failed Suites 29 [49m[22m[31m⎯⎯⎯⎯⎯⎯[39m

[41m[1m FAIL [22m[49m src/engine/Frenzy.test.js[2m [ src/engine/Frenzy.test.js ][22m
[41m[1m FAIL [22m[49m src/engine/WolfAvoidance.test.js[2m [ src/engine/WolfAvoidance.test.js ][22m
[41m[1m FAIL [22m[49m src/engine/WorldGenerator.test.js[2m [ src/engine/WorldGenerator.test.js ][22m
[41m[1m FAIL [22m[49m src/engine/SocietalSplit.test.js[2m [ src/engine/SocietalSplit.test.js ][22m
[41m[1m FAIL [22m[49m src/engine/War.test.js[2m [ src/engine/War.test.js ][22m
[41m[1m FAIL [22m[49m src/engine/Terrain.test.js[2m [ src/engine/Terrain.test.js ][22m
[41m[1m FAIL [22m[49m src/entities/AnimalIntegration.test.js[2m [ src/entities/AnimalIntegration.test.js ][22m
[41m[1m FAIL [22m[49m src/engine/EventConfig.test.js[2m [ src/engine/EventConfig.test.js ][22m
[41m[1m FAIL [22m[49m src/engine/RandomEventSystem.test.js[2m [ src/engine/RandomEventSystem.test.js ][22m
[41m[1m FAIL [22m[49m src/engine/Volcano.test.js[2m [ src/engine/Volcano.test.js ][22m
[41m[1m FAIL [22m[49m src/engine/StructureDecay.test.js[2m [ src/engine/StructureDecay.test.js ][22m
[41m[1m FAIL [22m[49m src/engine/PopulationFix.test.js[2m [ src/engine/PopulationFix.test.js ][22m
[41m[1m FAIL [22m[49m src/engine/StatsDrift.test.js[2m [ src/engine/StatsDrift.test.js ][22m
[41m[1m FAIL [22m[49m src/engine/Earthquake.test.js[2m [ src/engine/Earthquake.test.js ][22m
[41m[1m FAIL [22m[49m src/engine/Fuzzing.test.js[2m [ src/engine/Fuzzing.test.js ][22m
[41m[1m FAIL [22m[49m src/engine/PopulationSafetyNet.test.js[2m [ src/engine/PopulationSafetyNet.test.js ][22m
[41m[1m FAIL [22m[49m src/engine/Weather.test.js[2m [ src/engine/Weather.test.js ][22m
[41m[1m FAIL [22m[49m src/engine/AnimalGenetics.test.js[2m [ src/engine/AnimalGenetics.test.js ][22m
[31m[1mRollupError[22m: Parse failure: Expected ',', got 'TOTEM'
At file: /src/engine/Config.js:84:8[39m
  File: [36m/src/engine/Config.js[39m:84:8
[33m  82 |              LIFESPAN: 2000,
  83 |          }
  84 |          TOTEM: {
     |          ^
  85 |              COST: 10,
  86 |              RADIUS: 15,[39m
[90m [2m❯[22m getRollupError node_modules/rollup/dist/es/shared/parseAst.js:[2m401:41[22m[39m
[90m [2m❯[22m convertProgram node_modules/rollup/dist/es/shared/parseAst.js:[2m1098:26[22m[39m
[90m [2m❯[22m parseAstAsync node_modules/rollup/dist/es/shared/parseAst.js:[2m2084:106[22m[39m
[90m [2m❯[22m ssrTransformScript node_modules/vite/dist/node/chunks/config.js:[2m16010:9[22m[39m
[90m [2m❯[22m loadAndTransform node_modules/vite/dist/node/chunks/config.js:[2m23318:64[22m[39m
[90m [2m❯[22m fetchModule node_modules/vite/dist/node/chunks/config.js:[2m34612:15[22m[39m

[31m[2m⎯⎯⎯⎯⎯⎯⎯⎯⎯⎯⎯⎯⎯⎯⎯⎯⎯⎯⎯⎯⎯⎯⎯[1/29]⎯[22m[39m

[41m[1m FAIL [22m[49m src/engine/Ecosystem.test.js[2m [ src/engine/Ecosystem.test.js ][22m
[41m[1m FAIL [22m[49m src/engine/Civilization.test.js[2m [ src/engine/Civilization.test.js ][22m
[41m[1m FAIL [22m[49m src/engine/LongRun.test.js[2m [ src/engine/LongRun.test.js ][22m
[41m[1m FAIL [22m[49m src/engine/Movement.test.js[2m [ src/engine/Movement.test.js ][22m
[41m[1m FAIL [22m[49m src/components/Settings.test.js[2m [ src/components/Settings.test.js ][22m
[41m[1m FAIL [22m[49m src/engine/Conservation.test.js[2m [ src/engine/Conservation.test.js ][22m
[41m[1m FAIL [22m[49m src/engine/World.test.js[2m [ src/engine/World.test.js ][22m
[41m[1m FAIL [22m[49m src/engine/Genetics.test.js[2m [ src/engine/Genetics.test.js ][22m
[41m[1m FAIL [22m[49m src/engine/Poop.test.js[2m [ src/engine/Poop.test.js ][22m
[41m[1m FAIL [22m[49m src/engine/BerryControl.test.js[2m [ src/engine/BerryControl.test.js ][22m
[41m[1m FAIL [22m[49m src/engine/Totem.test.js[2m [ src/engine/Totem.test.js ][22m
[31m[1mRollupError[22m: Parse failure: Expected ',', got 'TOTEM'
At file: /src/engine/Config.js:84:8[39m
  File: [36m/src/engine/Config.js[39m:84:8
[33m  82 |              LIFESPAN: 2000,
  83 |          }
  84 |          TOTEM: {
     |          ^
  85 |              COST: 10,
  86 |              RADIUS: 15,[39m
[90m [2m❯[22m getRollupError node_modules/rollup/dist/es/shared/parseAst.js:[2m401:41[22m[39m
[90m [2m❯[22m convertProgram node_modules/rollup/dist/es/shared/parseAst.js:[2m1098:26[22m[39m
[90m [2m❯[22m parseAstAsync node_modules/rollup/dist/es/shared/parseAst.js:[2m2084:106[22m[39m
[90m [2m❯[22m ssrTransformScript node_modules/vite/dist/node/chunks/config.js:[2m16010:9[22m[39m
[90m [2m❯[22m loadAndTransform node_modules/vite/dist/node/chunks/config.js:[2m23318:64[22m[39m

[31m[2m⎯⎯⎯⎯⎯⎯⎯⎯⎯⎯⎯⎯⎯⎯⎯⎯⎯⎯⎯⎯⎯⎯⎯[2/29]⎯[22m[39m


[2m Test Files [22m [1m[31m29 failed[39m[22m[90m (29)[39m
[2m      Tests [22m [2mno tests[22m
[2m   Start at [22m 22:13:15
[2m   Duration [22m 0ms

[1m[41m FAIL [49m[22m [31mTests failed. Watching for file changes...[39m
       [2mpress [22m[1mh[22m[2m to show help[22m[2m, [22m[2mpress [22m[1mq[22m[2m to quit[22m
c[3J[1m[44m RERUN [49m[22m [34m[2msrc/engine/Config.js [22m[39m


[31m⎯⎯⎯⎯⎯⎯[39m[1m[41m Failed Suites 29 [49m[22m[31m⎯⎯⎯⎯⎯⎯[39m

[41m[1m FAIL [22m[49m src/engine/Frenzy.test.js[2m [ src/engine/Frenzy.test.js ][22m
[41m[1m FAIL [22m[49m src/engine/Ecosystem.test.js[2m [ src/engine/Ecosystem.test.js ][22m
[41m[1m FAIL [22m[49m src/engine/LongRun.test.js[2m [ src/engine/LongRun.test.js ][22m
[31m[1mError[22m: Failed to parse source for import analysis because the content contains invalid JS syntax. If you are using JSX, make sure to name the file with the .jsx or .tsx extension.[39m
  Plugin: [35mvite:import-analysis[39m
  File: [36m/home/ewrdad/portfolio/life-simulator/src/engine/Config.js[39m:1:0
[33m  1  |  export const CONFIG = {
     |  ^
  2  |      WORLD: {
  3  |          WIDTH_SCALE: 15, // Cell size in pixels[39m
[90m [2m❯[22m TransformPluginContext._formatLog node_modules/vite/dist/node/chunks/config.js:[2m29618:43[22m[39m
[90m [2m❯[22m TransformPluginContext.error node_modules/vite/dist/node/chunks/config.js:[2m29615:14[22m[39m
[90m [2m❯[22m TransformPluginContext.transform node_modules/vite/dist/node/chunks/config.js:[2m27701:10[22m[39m
[90m [2m❯[22m EnvironmentPluginContainer.transform node_modules/vite/dist/node/chunks/config.js:[2m29416:14[22m[39m
[90m [2m❯[22m loadAndTransform node_modules/vite/dist/node/chunks/config.js:[2m23287:26[22m[39m

[31m[2m⎯⎯⎯⎯⎯⎯⎯⎯⎯⎯⎯⎯⎯⎯⎯⎯⎯⎯⎯⎯⎯⎯⎯[1/29]⎯[22m[39m

[41m[1m FAIL [22m[49m src/engine/Civilization.test.js[2m [ src/engine/Civilization.test.js ][22m
[41m[1m FAIL [22m[49m src/engine/Movement.test.js[2m [ src/engine/Movement.test.js ][22m
[41m[1m FAIL [22m[49m src/engine/WolfAvoidance.test.js[2m [ src/engine/WolfAvoidance.test.js ][22m
[41m[1m FAIL [22m[49m src/engine/WorldGenerator.test.js[2m [ src/engine/WorldGenerator.test.js ][22m
[41m[1m FAIL [22m[49m src/engine/SocietalSplit.test.js[2m [ src/engine/SocietalSplit.test.js ][22m
[41m[1m FAIL [22m[49m src/components/Settings.test.js[2m [ src/components/Settings.test.js ][22m
[41m[1m FAIL [22m[49m src/engine/Conservation.test.js[2m [ src/engine/Conservation.test.js ][22m
[41m[1m FAIL [22m[49m src/engine/World.test.js[2m [ src/engine/World.test.js ][22m
[41m[1m FAIL [22m[49m src/engine/Genetics.test.js[2m [ src/engine/Genetics.test.js ][22m
[41m[1m FAIL [22m[49m src/engine/War.test.js[2m [ src/engine/War.test.js ][22m
[41m[1m FAIL [22m[49m src/engine/Terrain.test.js[2m [ src/engine/Terrain.test.js ][22m
[41m[1m FAIL [22m[49m src/entities/AnimalIntegration.test.js[2m [ src/entities/AnimalIntegration.test.js ][22m
[41m[1m FAIL [22m[49m src/engine/EventConfig.test.js[2m [ src/engine/EventConfig.test.js ][22m
[41m[1m FAIL [22m[49m src/engine/RandomEventSystem.test.js[2m [ src/engine/RandomEventSystem.test.js ][22m
[41m[1m FAIL [22m[49m src/engine/Poop.test.js[2m [ src/engine/Poop.test.js ][22m
[41m[1m FAIL [22m[49m src/engine/Volcano.test.js[2m [ src/engine/Volcano.test.js ][22m
[41m[1m FAIL [22m[49m src/engine/StructureDecay.test.js[2m [ src/engine/StructureDecay.test.js ][22m
[41m[1m FAIL [22m[49m src/engine/PopulationFix.test.js[2m [ src/engine/PopulationFix.test.js ][22m
[41m[1m FAIL [22m[49m src/engine/StatsDrift.test.js[2m [ src/engine/StatsDrift.test.js ][22m
[41m[1m FAIL [22m[49m src/engine/Earthquake.test.js[2m [ src/engine/Earthquake.test.js ][22m
[41m[1m FAIL [22m[49m src/engine/BerryControl.test.js[2m [ src/engine/BerryControl.test.js ][22m
[41m[1m FAIL [22m[49m src/engine/Fuzzing.test.js[2m [ src/engine/Fuzzing.test.js ][22m
[41m[1m FAIL [22m[49m src/engine/PopulationSafetyNet.test.js[2m [ src/engine/PopulationSafetyNet.test.js ][22m
[41m[1m FAIL [22m[49m src/engine/Weather.test.js[2m [ src/engine/Weather.test.js ][22m
[41m[1m FAIL [22m[49m src/engine/Totem.test.js[2m [ src/engine/Totem.test.js ][22m
[41m[1m FAIL [22m[49m src/engine/AnimalGenetics.test.js[2m [ src/engine/AnimalGenetics.test.js ][22m
[31m[1mError[22m: Failed to parse source for import analysis because the content contains invalid JS syntax. If you are using JSX, make sure to name the file with the .jsx or .tsx extension.[39m
  Plugin: [35mvite:import-analysis[39m
  File: [36m/home/ewrdad/portfolio/life-simulator/src/engine/Config.js[39m:1:0
[33m  1  |  export const CONFIG = {
     |  ^
  2  |      WORLD: {
  3  |          WIDTH_SCALE: 15, // Cell size in pixels[39m
[90m [2m❯[22m TransformPluginContext._formatLog node_modules/vite/dist/node/chunks/config.js:[2m29618:43[22m[39m
[90m [2m❯[22m TransformPluginContext.error node_modules/vite/dist/node/chunks/config.js:[2m29615:14[22m[39m
[90m [2m❯[22m TransformPluginContext.transform node_modules/vite/dist/node/chunks/config.js:[2m27701:10[22m[39m
[90m [2m❯[22m EnvironmentPluginContainer.transform node_modules/vite/dist/node/chunks/config.js:[2m29416:14[22m[39m
[90m [2m❯[22m loadAndTransform node_modules/vite/dist/node/chunks/config.js:[2m23287:26[22m[39m
[90m [2m❯[22m fetchModule node_modules/vite/dist/node/chunks/config.js:[2m34612:15[22m[39m

[31m[2m⎯⎯⎯⎯⎯⎯⎯⎯⎯⎯⎯⎯⎯⎯⎯⎯⎯⎯⎯⎯⎯⎯⎯[2/29]⎯[22m[39m


[2m Test Files [22m [1m[31m29 failed[39m[22m[90m (29)[39m
[2m      Tests [22m [2mno tests[22m
[2m   Start at [22m 22:13:47
[2m   Duration [22m 0ms

[1m[41m FAIL [49m[22m [31mTests failed. Watching for file changes...[39m
       [2mpress [22m[1mh[22m[2m to show help[22m[2m, [22m[2mpress [22m[1mq[22m[2m to quit[22m
c[3J[1m[44m RERUN [49m[22m [34m[2msrc/engine/Config.js [22m[39m


[31m⎯⎯⎯⎯⎯⎯[39m[1m[41m Failed Suites 29 [49m[22m[31m⎯⎯⎯⎯⎯⎯[39m

[41m[1m FAIL [22m[49m src/engine/Frenzy.test.js[2m [ src/engine/Frenzy.test.js ][22m
[41m[1m FAIL [22m[49m src/engine/Ecosystem.test.js[2m [ src/engine/Ecosystem.test.js ][22m
[41m[1m FAIL [22m[49m src/engine/Civilization.test.js[2m [ src/engine/Civilization.test.js ][22m
[41m[1m FAIL [22m[49m src/engine/LongRun.test.js[2m [ src/engine/LongRun.test.js ][22m
[41m[1m FAIL [22m[49m src/engine/Movement.test.js[2m [ src/engine/Movement.test.js ][22m
[41m[1m FAIL [22m[49m src/engine/WolfAvoidance.test.js[2m [ src/engine/WolfAvoidance.test.js ][22m
[41m[1m FAIL [22m[49m src/engine/WorldGenerator.test.js[2m [ src/engine/WorldGenerator.test.js ][22m
[41m[1m FAIL [22m[49m src/engine/SocietalSplit.test.js[2m [ src/engine/SocietalSplit.test.js ][22m
[41m[1m FAIL [22m[49m src/engine/Conservation.test.js[2m [ src/engine/Conservation.test.js ][22m
[41m[1m FAIL [22m[49m src/engine/Genetics.test.js[2m [ src/engine/Genetics.test.js ][22m
[41m[1m FAIL [22m[49m src/engine/PopulationFix.test.js[2m [ src/engine/PopulationFix.test.js ][22m
[41m[1m FAIL [22m[49m src/engine/StatsDrift.test.js[2m [ src/engine/StatsDrift.test.js ][22m
[31m[1mError[22m: Failed to parse source for import analysis because the content contains invalid JS syntax. If you are using JSX, make sure to name the file with the .jsx or .tsx extension.[39m
  Plugin: [35mvite:import-analysis[39m
  File: [36m/home/ewrdad/portfolio/life-simulator/src/engine/Config.js[39m:1:0
[33m  1  |  export const CONFIG = {
     |  ^
  2  |      WORLD: {
  3  |          WIDTH_SCALE: 15, // Cell size in pixels[39m
[90m [2m❯[22m TransformPluginContext._formatLog node_modules/vite/dist/node/chunks/config.js:[2m29618:43[22m[39m
[90m [2m❯[22m TransformPluginContext.error node_modules/vite/dist/node/chunks/config.js:[2m29615:14[22m[39m
[90m [2m❯[22m TransformPluginContext.transform node_modules/vite/dist/node/chunks/config.js:[2m27701:10[22m[39m
[90m [2m❯[22m EnvironmentPluginContainer.transform node_modules/vite/dist/node/chunks/config.js:[2m29416:14[22m[39m
[90m [2m❯[22m loadAndTransform node_modules/vite/dist/node/chunks/config.js:[2m23287:26[22m[39m

[31m[2m⎯⎯⎯⎯⎯⎯⎯⎯⎯⎯⎯⎯⎯⎯⎯⎯⎯⎯⎯⎯⎯⎯⎯[1/29]⎯[22m[39m

[41m[1m FAIL [22m[49m src/components/Settings.test.js[2m [ src/components/Settings.test.js ][22m
[41m[1m FAIL [22m[49m src/engine/World.test.js[2m [ src/engine/World.test.js ][22m
[41m[1m FAIL [22m[49m src/engine/War.test.js[2m [ src/engine/War.test.js ][22m
[41m[1m FAIL [22m[49m src/engine/Terrain.test.js[2m [ src/engine/Terrain.test.js ][22m
[41m[1m FAIL [22m[49m src/entities/AnimalIntegration.test.js[2m [ src/entities/AnimalIntegration.test.js ][22m
[41m[1m FAIL [22m[49m src/engine/EventConfig.test.js[2m [ src/engine/EventConfig.test.js ][22m
[41m[1m FAIL [22m[49m src/engine/RandomEventSystem.test.js[2m [ src/engine/RandomEventSystem.test.js ][22m
[41m[1m FAIL [22m[49m src/engine/Poop.test.js[2m [ src/engine/Poop.test.js ][22m
[41m[1m FAIL [22m[49m src/engine/Volcano.test.js[2m [ src/engine/Volcano.test.js ][22m
[41m[1m FAIL [22m[49m src/engine/StructureDecay.test.js[2m [ src/engine/StructureDecay.test.js ][22m
[41m[1m FAIL [22m[49m src/engine/Earthquake.test.js[2m [ src/engine/Earthquake.test.js ][22m
[41m[1m FAIL [22m[49m src/engine/BerryControl.test.js[2m [ src/engine/BerryControl.test.js ][22m
[41m[1m FAIL [22m[49m src/engine/Fuzzing.test.js[2m [ src/engine/Fuzzing.test.js ][22m
[41m[1m FAIL [22m[49m src/engine/PopulationSafetyNet.test.js[2m [ src/engine/PopulationSafetyNet.test.js ][22m
[41m[1m FAIL [22m[49m src/engine/Weather.test.js[2m [ src/engine/Weather.test.js ][22m
[41m[1m FAIL [22m[49m src/engine/Totem.test.js[2m [ src/engine/Totem.test.js ][22m
[41m[1m FAIL [22m[49m src/engine/AnimalGenetics.test.js[2m [ src/engine/AnimalGenetics.test.js ][22m
[31m[1mError[22m: Failed to parse source for import analysis because the content contains invalid JS syntax. If you are using JSX, make sure to name the file with the .jsx or .tsx extension.[39m
  Plugin: [35mvite:import-analysis[39m
  File: [36m/home/ewrdad/portfolio/life-simulator/src/engine/Config.js[39m:1:0
[33m  1  |  export const CONFIG = {
     |  ^
  2  |      WORLD: {
  3  |          WIDTH_SCALE: 15, // Cell size in pixels[39m
[90m [2m❯[22m TransformPluginContext._formatLog node_modules/vite/dist/node/chunks/config.js:[2m29618:43[22m[39m
[90m [2m❯[22m TransformPluginContext.error node_modules/vite/dist/node/chunks/config.js:[2m29615:14[22m[39m
[90m [2m❯[22m TransformPluginContext.transform node_modules/vite/dist/node/chunks/config.js:[2m27701:10[22m[39m
[90m [2m❯[22m EnvironmentPluginContainer.transform node_modules/vite/dist/node/chunks/config.js:[2m29416:14[22m[39m
[90m [2m❯[22m loadAndTransform node_modules/vite/dist/node/chunks/config.js:[2m23287:26[22m[39m
[90m [2m❯[22m fetchModule node_modules/vite/dist/node/chunks/config.js:[2m34612:15[22m[39m

[31m[2m⎯⎯⎯⎯⎯⎯⎯⎯⎯⎯⎯⎯⎯⎯⎯⎯⎯⎯⎯⎯⎯⎯⎯[2/29]⎯[22m[39m


[2m Test Files [22m [1m[31m29 failed[39m[22m[90m (29)[39m
[2m      Tests [22m [2mno tests[22m
[2m   Start at [22m 22:14:18
[2m   Duration [22m 0ms

[1m[41m FAIL [49m[22m [31mTests failed. Watching for file changes...[39m
       [2mpress [22m[1mh[22m[2m to show help[22m[2m, [22m[2mpress [22m[1mq[22m[2m to quit[22m
c[3J[1m[44m RERUN [49m[22m [34m[2msrc/engine/Config.js [22m[39m


[31m⎯⎯⎯⎯⎯⎯[39m[1m[41m Failed Suites 29 [49m[22m[31m⎯⎯⎯⎯⎯⎯[39m

[41m[1m FAIL [22m[49m src/engine/Frenzy.test.js[2m [ src/engine/Frenzy.test.js ][22m
[41m[1m FAIL [22m[49m src/engine/LongRun.test.js[2m [ src/engine/LongRun.test.js ][22m
[41m[1m FAIL [22m[49m src/engine/Movement.test.js[2m [ src/engine/Movement.test.js ][22m
[41m[1m FAIL [22m[49m src/engine/WolfAvoidance.test.js[2m [ src/engine/WolfAvoidance.test.js ][22m
[41m[1m FAIL [22m[49m src/engine/WorldGenerator.test.js[2m [ src/engine/WorldGenerator.test.js ][22m
[41m[1m FAIL [22m[49m src/engine/SocietalSplit.test.js[2m [ src/engine/SocietalSplit.test.js ][22m
[41m[1m FAIL [22m[49m src/components/Settings.test.js[2m [ src/components/Settings.test.js ][22m
[41m[1m FAIL [22m[49m src/engine/Conservation.test.js[2m [ src/engine/Conservation.test.js ][22m
[31m[1mError[22m: Failed to parse source for import analysis because the content contains invalid JS syntax. If you are using JSX, make sure to name the file with the .jsx or .tsx extension.[39m
  Plugin: [35mvite:import-analysis[39m
  File: [36m/home/ewrdad/portfolio/life-simulator/src/engine/Config.js[39m:1:0
[33m  1  |  export const CONFIG = {
     |  ^
  2  |      WORLD: {
  3  |          WIDTH_SCALE: 15, // Cell size in pixels[39m
[90m [2m❯[22m TransformPluginContext._formatLog node_modules/vite/dist/node/chunks/config.js:[2m29618:43[22m[39m
[90m [2m❯[22m TransformPluginContext.error node_modules/vite/dist/node/chunks/config.js:[2m29615:14[22m[39m
[90m [2m❯[22m TransformPluginContext.transform node_modules/vite/dist/node/chunks/config.js:[2m27701:10[22m[39m
[90m [2m❯[22m EnvironmentPluginContainer.transform node_modules/vite/dist/node/chunks/config.js:[2m29416:14[22m[39m
[90m [2m❯[22m loadAndTransform node_modules/vite/dist/node/chunks/config.js:[2m23287:26[22m[39m

[31m[2m⎯⎯⎯⎯⎯⎯⎯⎯⎯⎯⎯⎯⎯⎯⎯⎯⎯⎯⎯⎯⎯⎯⎯[1/29]⎯[22m[39m

[41m[1m FAIL [22m[49m src/engine/Ecosystem.test.js[2m [ src/engine/Ecosystem.test.js ][22m
[41m[1m FAIL [22m[49m src/engine/Civilization.test.js[2m [ src/engine/Civilization.test.js ][22m
[41m[1m FAIL [22m[49m src/engine/World.test.js[2m [ src/engine/World.test.js ][22m
[41m[1m FAIL [22m[49m src/engine/Genetics.test.js[2m [ src/engine/Genetics.test.js ][22m
[41m[1m FAIL [22m[49m src/engine/War.test.js[2m [ src/engine/War.test.js ][22m
[41m[1m FAIL [22m[49m src/engine/Terrain.test.js[2m [ src/engine/Terrain.test.js ][22m
[41m[1m FAIL [22m[49m src/entities/AnimalIntegration.test.js[2m [ src/entities/AnimalIntegration.test.js ][22m
[41m[1m FAIL [22m[49m src/engine/EventConfig.test.js[2m [ src/engine/EventConfig.test.js ][22m
[41m[1m FAIL [22m[49m src/engine/RandomEventSystem.test.js[2m [ src/engine/RandomEventSystem.test.js ][22m
[41m[1m FAIL [22m[49m src/engine/Poop.test.js[2m [ src/engine/Poop.test.js ][22m
[41m[1m FAIL [22m[49m src/engine/Volcano.test.js[2m [ src/engine/Volcano.test.js ][22m
[41m[1m FAIL [22m[49m src/engine/StructureDecay.test.js[2m [ src/engine/StructureDecay.test.js ][22m
[41m[1m FAIL [22m[49m src/engine/PopulationFix.test.js[2m [ src/engine/PopulationFix.test.js ][22m
[41m[1m FAIL [22m[49m src/engine/StatsDrift.test.js[2m [ src/engine/StatsDrift.test.js ][22m
[41m[1m FAIL [22m[49m src/engine/Earthquake.test.js[2m [ src/engine/Earthquake.test.js ][22m
[41m[1m FAIL [22m[49m src/engine/BerryControl.test.js[2m [ src/engine/BerryControl.test.js ][22m
[41m[1m FAIL [22m[49m src/engine/Fuzzing.test.js[2m [ src/engine/Fuzzing.test.js ][22m
[41m[1m FAIL [22m[49m src/engine/PopulationSafetyNet.test.js[2m [ src/engine/PopulationSafetyNet.test.js ][22m
[41m[1m FAIL [22m[49m src/engine/Weather.test.js[2m [ src/engine/Weather.test.js ][22m
[41m[1m FAIL [22m[49m src/engine/Totem.test.js[2m [ src/engine/Totem.test.js ][22m
[41m[1m FAIL [22m[49m src/engine/AnimalGenetics.test.js[2m [ src/engine/AnimalGenetics.test.js ][22m
[31m[1mError[22m: Failed to parse source for import analysis because the content contains invalid JS syntax. If you are using JSX, make sure to name the file with the .jsx or .tsx extension.[39m
  Plugin: [35mvite:import-analysis[39m
  File: [36m/home/ewrdad/portfolio/life-simulator/src/engine/Config.js[39m:1:0
[33m  1  |  export const CONFIG = {
     |  ^
  2  |      WORLD: {
  3  |          WIDTH_SCALE: 15, // Cell size in pixels[39m
[90m [2m❯[22m TransformPluginContext._formatLog node_modules/vite/dist/node/chunks/config.js:[2m29618:43[22m[39m
[90m [2m❯[22m TransformPluginContext.error node_modules/vite/dist/node/chunks/config.js:[2m29615:14[22m[39m
[90m [2m❯[22m TransformPluginContext.transform node_modules/vite/dist/node/chunks/config.js:[2m27701:10[22m[39m
[90m [2m❯[22m EnvironmentPluginContainer.transform node_modules/vite/dist/node/chunks/config.js:[2m29416:14[22m[39m
[90m [2m❯[22m loadAndTransform node_modules/vite/dist/node/chunks/config.js:[2m23287:26[22m[39m
[90m [2m❯[22m fetchModule node_modules/vite/dist/node/chunks/config.js:[2m34612:15[22m[39m

[31m[2m⎯⎯⎯⎯⎯⎯⎯⎯⎯⎯⎯⎯⎯⎯⎯⎯⎯⎯⎯⎯⎯⎯⎯[2/29]⎯[22m[39m


[2m Test Files [22m [1m[31m29 failed[39m[22m[90m (29)[39m
[2m      Tests [22m [2mno tests[22m
[2m   Start at [22m 22:14:43
[2m   Duration [22m 0ms

[1m[41m FAIL [49m[22m [31mTests failed. Watching for file changes...[39m
       [2mpress [22m[1mh[22m[2m to show help[22m[2m, [22m[2mpress [22m[1mq[22m[2m to quit[22m
c[3J[1m[44m RERUN [49m[22m [34m[2msrc/engine/Config.js [22m[39m

[90mstdout[2m | src/engine/Frenzy.test.js[2m > [22m[2mFrenzy Mechanics[2m > [22m[2mCow should enter frenzy when berries are high
[22m[39mCow Frenzy Reproduction!
Cow Endangered Reproduction!

[90mstdout[2m | src/engine/Frenzy.test.js[2m > [22m[2mFrenzy Mechanics[2m > [22m[2mCow should NOT enter frenzy when berries are low
[22m[39mCow Endangered Reproduction!

[90mstdout[2m | src/engine/Frenzy.test.js[2m > [22m[2mFrenzy Mechanics[2m > [22m[2mWolf should enter frenzy when cows are high
[22m[39mWolf Frenzy Reproduction!

 [31m❯[39m src/engine/Frenzy.test.js [2m([22m[2m3 tests[22m[2m | [22m[31m1 failed[39m[2m)[22m[32m 47[2mms[22m[39m
     [32m✓[39m Cow should enter frenzy when berries are high[32m 11[2mms[22m[39m
[31m     [31m×[31m Cow should NOT enter frenzy when berries are low[39m[32m 31[2mms[22m[39m
     [32m✓[39m Wolf should enter frenzy when cows are high[32m 2[2mms[22m[39m
[90mstdout[2m | src/engine/Civilization.test.js[2m > [22m[2mCivilization Behaviors[2m > [22m[2mHuman should build House when having enough wood
[22m[39mHuman Nina built Nature Reserve for COW
Human Nina built Nature Reserve for COW
Human Nina built Nature Reserve for COW
Human Nina built Nature Reserve for COW
Human Nina built Nature Reserve for COW
Cow Endangered Reproduction!
Cow Endangered Reproduction!
Cow Endangered Reproduction!
Cow Endangered Reproduction!
Cow Endangered Reproduction!
Cow Endangered Reproduction!
Cow Endangered Reproduction!
Cow Endangered Reproduction!
Cow Endangered Reproduction!
Cow Endangered Reproduction!
Cow Endangered Reproduction!
Cow Endangered Reproduction!
Cow Endangered Reproduction!
Cow Endangered Reproduction!
Cow Endangered Reproduction!
Cow Endangered Reproduction!
Cow Endangered Reproduction!
Cow Endangered Reproduction!
Cow Endangered Reproduction!
Cow Endangered Reproduction!
Cow Endangered Reproduction!
Human Nina built Nature Reserve for COW
Cow Endangered Reproduction!
Cow Endangered Reproduction!
Cow Endangered Reproduction!
Cow Endangered Reproduction!
Cow Endangered Reproduction!
Cow Endangered Reproduction!
Cow Endangered Reproduction!
Cow Endangered Reproduction!
Cow Endangered Reproduction!
Cow Endangered Reproduction!
Cow Endangered Reproduction!
Cow Endangered Reproduction!
Cow Endangered Reproduction!
Cow Endangered Reproduction!
Cow Endangered Reproduction!
Divine Intervention: Spawning Wolf Reserve
Cow Endangered Reproduction!
Cow Endangered Reproduction!
Cow Endangered Reproduction!
Cow Endangered Reproduction!
Cow Endangered Reproduction!
Cow Endangered Reproduction!
Cow Endangered Reproduction!
Cow Endangered Reproduction!
Cow Endangered Reproduction!
Cow Endangered Reproduction!
Cow Endangered Reproduction!
Cow Endangered Reproduction!
Cow Endangered Reproduction!
Cow Endangered Reproduction!
Cow Endangered Reproduction!
Cow Endangered Reproduction!
Cow Endangered Reproduction!
Cow Endangered Reproduction!
Cow Endangered Reproduction!
Cow Endangered Reproduction!
Cow Endangered Reproduction!
Cow Endangered Reproduction!
Cow Endangered Reproduction!
Cow Endangered Reproduction!
Cow Endangered Reproduction!
Cow Endangered Reproduction!
Cow Endangered Reproduction!
Cow Endangered Reproduction!
Cow Endangered Reproduction!
Cow Endangered Reproduction!
Cow Endangered Reproduction!
Cow Endangered Reproduction!
Cow Endangered Reproduction!
Cow Endangered Reproduction!
Cow Endangered Reproduction!
Cow Endangered Reproduction!

[90mstdout[2m | src/engine/Ecosystem.test.js[2m > [22m[2mEcosystem Behaviors[2m > [22m[2mHuman should plant tree when trees are low
[22m[39mCow Endangered Reproduction!
Cow Endangered Reproduction!
Cow Endangered Reproduction!
Cow Endangered Reproduction!
Cow Endangered Reproduction!
Cow Endangered Reproduction!
Cow Endangered Reproduction!
Cow Endangered Reproduction!
Cow Endangered Reproduction!
Cow Endangered Reproduction!
Cow Endangered Reproduction!
Cow Endangered Reproduction!
Cow Endangered Reproduction!
Cow Endangered Reproduction!
Cow Endangered Reproduction!
Cow Endangered Reproduction!
Cow Endangered Reproduction!
Cow Endangered Reproduction!
Cow Endangered Reproduction!
Cow Endangered Reproduction!
Cow Endangered Reproduction!
Cow Endangered Reproduction!
Cow Endangered Reproduction!
Cow Endangered Reproduction!
Cow Endangered Reproduction!
Cow Endangered Reproduction!
Cow Endangered Reproduction!
Cow Endangered Reproduction!
Cow Endangered Reproduction!
Cow Endangered Reproduction!

 [31m❯[39m src/engine/Civilization.test.js [2m([22m[2m3 tests[22m[2m | [22m[31m1 failed[39m[2m | [22m[33m1 skipped[39m[2m)[22m[32m 146[2mms[22m[39m
[31m     [31m×[31m Human should gather wood from Tree[39m[32m 80[2mms[22m[39m
     [32m✓[39m Human should build House when having enough wood[32m 46[2mms[22m[39m
     [2m[90m↓[39m[22m Human should seek shelter in House when threatened
[90mstdout[2m | src/engine/Ecosystem.test.js[2m > [22m[2mEcosystem Behaviors[2m > [22m[2mHuman should build NatureReserve when wolves are low
[22m[39mHuman Ruby built Nature Reserve for WOLF
Human Ruby built Nature Reserve for WOLF
Human Ruby built Nature Reserve for WOLF
Human Ruby built Nature Reserve for WOLF
Divine Intervention: Spawning Cow Reserve

[90mstdout[2m | src/engine/Ecosystem.test.js[2m > [22m[2mEcosystem Behaviors[2m > [22m[2mHuman should build NatureReserve for Cows when cows are low
[22m[39mHuman Victor built Nature Reserve for WOLF
Human Victor built Nature Reserve for WOLF
Divine Intervention: Spawning Cow Reserve

[90mstdout[2m | src/engine/Ecosystem.test.js[2m > [22m[2mEcosystem Behaviors[2m > [22m[2mNatureReserve should spawn cows
[22m[39mCow Endangered Reproduction!
Cow Endangered Reproduction!
Cow Endangered Reproduction!
Cow Endangered Reproduction!
Cow Endangered Reproduction!
Cow Endangered Reproduction!
Cow Endangered Reproduction!
Cow Endangered Reproduction!
Cow Endangered Reproduction!
Cow Endangered Reproduction!
Cow Endangered Reproduction!
Cow Endangered Reproduction!
Cow Endangered Reproduction!
Cow Endangered Reproduction!
Cow Endangered Reproduction!
Cow Endangered Reproduction!
Cow Endangered Reproduction!
Cow Endangered Reproduction!
Cow Endangered Reproduction!

 [31m❯[39m src/engine/Ecosystem.test.js [2m([22m[2m6 tests[22m[2m | [22m[31m2 failed[39m[2m)[22m[33m 512[2mms[22m[39m
[31m     [31m×[31m Human should plant tree when trees are low[39m[32m 219[2mms[22m[39m
     [32m✓[39m Human should cull wolves when too many[32m 92[2mms[22m[39m
     [32m✓[39m Human should build NatureReserve when wolves are low[32m 46[2mms[22m[39m
     [32m✓[39m NatureReserve should spawn wolves[32m 1[2mms[22m[39m
[31m     [31m×[31m Human should build NatureReserve for Cows when cows are low[39m[32m 123[2mms[22m[39m
     [32m✓[39m NatureReserve should spawn cows[32m 14[2mms[22m[39m
 [32m✓[39m src/engine/Movement.test.js [2m([22m[2m3 tests[22m[2m)[22m[32m 12[2mms[22m[39m
 [32m✓[39m src/engine/WolfAvoidance.test.js [2m([22m[2m3 tests[22m[2m)[22m[32m 50[2mms[22m[39m
[90mstdout[2m | src/engine/WorldGenerator.test.js[2m > [22m[2mWorldGenerator[2m > [22m[2mshould ensure connectivity
[22m[39mConnectivity: 0.5169120125856839%

[90mstderr[2m | src/engine/WorldGenerator.test.js[2m > [22m[2mWorldGenerator[2m > [22m[2mshould ensure connectivity
[22m[39mMap is fragmented! Attempting to bridge...

 [31m❯[39m src/engine/WorldGenerator.test.js [2m([22m[2m3 tests[22m[2m | [22m[31m1 failed[39m[2m)[22m[32m 176[2mms[22m[39m
     [32m✓[39m should generate terrain with forests and lakes[32m 106[2mms[22m[39m
     [32m✓[39m should generate rivers[32m 25[2mms[22m[39m
[31m     [31m×[31m should ensure connectivity[39m[32m 42[2mms[22m[39m
[90mstdout[2m | src/engine/SocietalSplit.test.js[2m > [22m[2mSocietal Split[2m > [22m[2mshould split into new faction when overcrowded
[22m[39mNew Faction LIME_384 registered with traits: {
  moveSpeed: [33m0.9649502982673941[39m,
  hungerRate: [33m1.039364207092075[39m,
  visionRadius: [33m0.930814451555858[39m,
  aggression: [33m0.9679182711976488[39m,
  heatTolerance: [33m0.9665800843995336[39m,
  coldTolerance: [33m1.0898072467314872[39m
}
Societal Split! RED -> LIME_384 (Threshold: 6)

 [32m✓[39m src/engine/SocietalSplit.test.js [2m([22m[2m2 tests[22m[2m)[22m[32m 14[2mms[22m[39m
 [32m✓[39m src/components/Settings.test.js [2m([22m[2m1 test[22m[2m)[22m[32m 18[2mms[22m[39m
[90mstdout[2m | src/engine/World.test.js[2m > [22m[2mWorld Simulation[2m > [22m[2mCow should reproduce when well fed
[22m[39mCow Endangered Reproduction!
Cow Endangered Reproduction!

[90mstdout[2m | src/engine/Conservation.test.js[2m > [22m[2mConservation Reliability[2m > [22m[2mDivine Intervention should spawn reserve when extinct
[22m[39mDivine Intervention: Spawning Wolf Reserve
Divine Intervention: Spawning Cow Reserve

[90mstdout[2m | src/engine/World.test.js[2m > [22m[2mWorld Simulation[2m > [22m[2mWorld should reseed extinct species
[22m[39mDivine Intervention: Spawning Wolf Reserve
Divine Intervention: Spawning Cow Reserve

 [32m✓[39m src/engine/World.test.js [2m([22m[2m7 tests[22m[2m)[22m[32m 49[2mms[22m[39m
[90mstdout[2m | src/engine/Conservation.test.js[2m > [22m[2mConservation Reliability[2m > [22m[2mHuman should find conservation spot in crowded world
[22m[39mHuman Charlie built Nature Reserve for WOLF
Human Charlie built Nature Reserve for WOLF
Human Charlie built Nature Reserve for WOLF
Human Charlie built Nature Reserve for WOLF
Human Charlie built Nature Reserve for WOLF
Human Charlie built Nature Reserve for WOLF
Divine Intervention: Spawning Cow Reserve
Human Charlie built Nature Reserve for WOLF
Human Charlie built Nature Reserve for WOLF

 [32m✓[39m src/engine/Conservation.test.js [2m([22m[2m2 tests[22m[2m)[22m[32m 178[2mms[22m[39m
[90mstdout[2m | src/engine/Genetics.test.js[2m > [22m[2mFaction Genetics[2m > [22m[2mMutates traits when registering new faction
[22m[39mNew Faction BLUE registered with traits: {
  moveSpeed: [33m1.0328139363939897[39m,
  hungerRate: [33m1.0581194508730218[39m,
  visionRadius: [33m0.9748292028601396[39m,
  aggression: [33m1.0033593909698886[39m,
  heatTolerance: [33m0.9654512532301776[39m,
  coldTolerance: [33m1.0131860322709947[39m
}

 [32m✓[39m src/engine/Genetics.test.js [2m([22m[2m4 tests[22m[2m)[22m[32m 58[2mms[22m[39m
 [32m✓[39m src/engine/Terrain.test.js [2m([22m[2m3 tests[22m[2m)[22m[32m 6[2mms[22m[39m
[90mstdout[2m | src/engine/War.test.js[2m > [22m[2mPopulation Control (War)[2m > [22m[2mShould split easily when overpopulated
[22m[39mNew Faction LIME_665 registered with traits: {
  moveSpeed: [33m1.0562559108008238[39m,
  hungerRate: [33m0.9342336723320788[39m,
  visionRadius: [33m0.9539782917853556[39m,
  aggression: [33m1.060510412202737[39m,
  heatTolerance: [33m0.9644781793394596[39m,
  coldTolerance: [33m0.9803398364375296[39m
}
Societal Split! RED -> LIME_665 (Threshold: 2)

 [32m✓[39m src/engine/War.test.js [2m([22m[2m3 tests[22m[2m)[22m[32m 37[2mms[22m[39m
 [32m✓[39m src/entities/AnimalIntegration.test.js [2m([22m[2m5 tests[22m[2m)[22m[32m 21[2mms[22m[39m
 [32m✓[39m src/engine/EventConfig.test.js [2m([22m[2m6 tests[22m[2m)[22m[32m 17[2mms[22m[39m
 [32m✓[39m src/engine/Poop.test.js [2m([22m[2m3 tests[22m[2m)[22m[32m 14[2mms[22m[39m
 [32m✓[39m src/engine/RandomEventSystem.test.js [2m([22m[2m4 tests[22m[2m)[22m[32m 28[2mms[22m[39m
 [32m✓[39m src/engine/Volcano.test.js [2m([22m[2m3 tests[22m[2m)[22m[32m 14[2mms[22m[39m
 [32m✓[39m src/engine/StructureDecay.test.js [2m([22m[2m2 tests[22m[2m)[22m[32m 24[2mms[22m[39m
 [32m✓[39m src/engine/PopulationFix.test.js [2m([22m[2m5 tests[22m[2m)[22m[32m 23[2mms[22m[39m
 [32m✓[39m src/engine/StatsDrift.test.js [2m([22m[2m3 tests[22m[2m)[22m[32m 38[2mms[22m[39m
 [32m✓[39m src/engine/Earthquake.test.js [2m([22m[2m3 tests[22m[2m)[22m[32m 18[2mms[22m[39m
 [32m✓[39m src/engine/BerryControl.test.js [2m([22m[2m2 tests[22m[2m)[22m[32m 25[2mms[22m[39m
 [2m[90m↓[39m[22m src/engine/Fuzzing.test.js [2m([22m[2m1 test[22m[2m | [22m[33m1 skipped[39m[2m)[22m
 [32m✓[39m src/engine/PopulationSafetyNet.test.js [2m([22m[2m2 tests[22m[2m)[22m[32m 60[2mms[22m[39m
[90mstdout[2m | src/engine/Totem.test.js[2m > [22m[2mTotem Mechanics[2m > [22m[2mHuman should build Totem when has wood and space
[22m[39mHuman Frank built Nature Reserve for WOLF

[90mstdout[2m | src/engine/Totem.test.js[2m > [22m[2mTotem Mechanics[2m > [22m[2mHuman should attack enemy Totem
[22m[39mHuman Zane destroyed an enemy Totem!

 [31m❯[39m src/engine/Totem.test.js [2m([22m[2m3 tests[22m[2m | [22m[31m2 failed[39m[2m)[22m[32m 94[2mms[22m[39m
[31m     [31m×[31m Human should build Totem when has wood and space[39m[32m 66[2mms[22m[39m
[31m     [31m×[31m Human should attack enemy Totem[39m[32m 17[2mms[22m[39m
     [32m✓[39m Friendly Totem should heal Human[32m 9[2mms[22m[39m
 [32m✓[39m src/engine/Weather.test.js [2m([22m[2m2 tests[22m[2m)[22m[32m 63[2mms[22m[39m
 [32m✓[39m src/engine/AnimalGenetics.test.js [2m([22m[2m4 tests[22m[2m)[22m[32m 7[2mms[22m[39m
[90mstdout[2m | src/engine/LongRun.test.js[2m > [22m[2mLong Run Stability[2m > [22m[2mshould run for 1000 ticks without crashing or exploding
[22m[39mCow Endangered Reproduction!
Cow Endangered Reproduction!
Cow Endangered Reproduction!
Cow Endangered Reproduction!
Cow Endangered Reproduction!
Cow Endangered Reproduction!
Cow Endangered Reproduction!
Cow Endangered Reproduction!
Cow Endangered Reproduction!
Cow Endangered Reproduction!
Cow Endangered Reproduction!
Human Hank built Nature Reserve for COW
Cow Endangered Reproduction!
Cow Endangered Reproduction!
Cow Endangered Reproduction!
Cow Endangered Reproduction!
Cow Endangered Reproduction!
Cow Endangered Reproduction!
Cow Endangered Reproduction!
Cow Endangered Reproduction!
Cow Endangered Reproduction!
Cow Endangered Reproduction!
Cow Endangered Reproduction!
Cow Endangered Reproduction!
Cow Endangered Reproduction!
Cow Endangered Reproduction!
Cow Endangered Reproduction!
Human Frank built Nature Reserve for COW
Cow Endangered Reproduction!
Cow Endangered Reproduction!
Cow Endangered Reproduction!
Cow Endangered Reproduction!
Human Ruby built Nature Reserve for WOLF
Human Milo built Nature Reserve for WOLF
Human Jack built Nature Reserve for WOLF
Human Yara built Nature Reserve for WOLF
Human Wendy built Nature Reserve for WOLF
Human Ivy built Nature Reserve for WOLF
Human Pip built Nature Reserve for WOLF
Human Luna built Nature Reserve for WOLF
Human Oscar built Nature Reserve for WOLF
Human Xander built Nature Reserve for WOLF
Human Nina built Nature Reserve for WOLF
Human Victor built Nature Reserve for WOLF
Human Pip built Nature Reserve for WOLF
Human Charlie built Nature Reserve for WOLF
Human Frank built Nature Reserve for WOLF
Human Wendy built Nature Reserve for WOLF
Human Xander built Nature Reserve for WOLF
Human Diana built Nature Reserve for WOLF
Human Oscar built Nature Reserve for WOLF
Human Uma built Nature Reserve for WOLF
Human Nina built Nature Reserve for WOLF
Human Xander built Nature Reserve for WOLF
Human Alice built Nature Reserve for WOLF
Human Wendy built Nature Reserve for WOLF
Human Oscar built Nature Reserve for WOLF
Human Frank built Nature Reserve for WOLF
Human Hank built Nature Reserve for WOLF
Human Zane built Nature Reserve for WOLF
Human Frank built Nature Reserve for WOLF
Human Alice built Nature Reserve for WOLF
Human Sam built Nature Reserve for WOLF
Human Jack built Nature Reserve for WOLF
Human Jack built Nature Reserve for WOLF
Human Victor built Nature Reserve for WOLF
Human Oscar built Nature Reserve for WOLF
Human Luna built Nature Reserve for WOLF
Human Ruby built Nature Reserve for WOLF
Human Milo built Nature Reserve for WOLF
Human Diana built Nature Reserve for WOLF
Human Diana built Nature Reserve for WOLF
Human Uma built Nature Reserve for WOLF
Human Sam built Nature Reserve for WOLF
Human Xander built Nature Reserve for WOLF
Human Ruby built Nature Reserve for WOLF
Human Hank built Nature Reserve for WOLF
Human Sam built Nature Reserve for WOLF
Human Pip built Nature Reserve for WOLF
Human Yara built Nature Reserve for WOLF
Human Frank built Nature Reserve for WOLF
Human Oscar built Nature Reserve for WOLF
Human Oscar built Nature Reserve for WOLF
Human Xander built Nature Reserve for WOLF
Human Ivy built Nature Reserve for WOLF
Human Alice built Nature Reserve for WOLF
Human Quinn built Nature Reserve for WOLF
Human Luna built Nature Reserve for WOLF
Human Zane built Nature Reserve for WOLF
Human Diana built Nature Reserve for WOLF
Human Wendy built Nature Reserve for WOLF
Human Hank built Nature Reserve for WOLF
Human Frank built Nature Reserve for WOLF
Human Frank built Nature Reserve for WOLF
Human Wendy built Nature Reserve for WOLF
Human Bob built Nature Reserve for WOLF
Human Yara built Nature Reserve for WOLF
Human Sam built Nature Reserve for WOLF
Human Grace built Nature Reserve for WOLF
Human Charlie built Nature Reserve for WOLF
Human Jack built Nature Reserve for WOLF
Human Alice built Nature Reserve for WOLF
Human Charlie built Nature Reserve for WOLF
Human Nina built Nature Reserve for WOLF
Human Hank built Nature Reserve for WOLF
Human Oscar built Nature Reserve for WOLF
Human Alice built Nature Reserve for WOLF
Human Pip built Nature Reserve for WOLF
Human Ruby built Nature Reserve for WOLF
Human Sam built Nature Reserve for WOLF
Human Xander built Nature Reserve for WOLF
Human Wendy built Nature Reserve for WOLF
Human Alice built Nature Reserve for WOLF
Human Sam built Nature Reserve for WOLF
Human Charlie built Nature Reserve for WOLF
Human Milo built Nature Reserve for WOLF
Human Frank built Nature Reserve for WOLF
Human Pip built Nature Reserve for WOLF
Human Xander built Nature Reserve for WOLF
Human Bob built Nature Reserve for WOLF
Human Pip built Nature Reserve for WOLF
Human Oscar built Nature Reserve for WOLF
Human Uma built Nature Reserve for WOLF
Human Nina built Nature Reserve for WOLF
Human Victor built Nature Reserve for WOLF
Human Sam built Nature Reserve for WOLF
Human Bob built Nature Reserve for WOLF
Human Oscar built Nature Reserve for WOLF
Human Sam built Nature Reserve for WOLF
Human Xander built Nature Reserve for WOLF
Human Yara built Nature Reserve for WOLF
Human Wendy built Nature Reserve for WOLF
Human Xander built Nature Reserve for WOLF
Human Wendy built Nature Reserve for WOLF
Human Sam built Nature Reserve for WOLF
Human Quinn built Nature Reserve for WOLF
Human Victor built Nature Reserve for WOLF
Human Zane built Nature Reserve for WOLF
Human Grace built Nature Reserve for WOLF
Human Eve built Nature Reserve for WOLF
Human Wendy built Nature Reserve for WOLF
Human Jack built Nature Reserve for WOLF
Human Ruby built Nature Reserve for WOLF
Human Oscar built Nature Reserve for WOLF
Human Yara built Nature Reserve for WOLF
Cow Endangered Reproduction!
Human Charlie built Nature Reserve for COW
Cow Endangered Reproduction!
Cow Endangered Reproduction!
Cow Endangered Reproduction!
Human Eve built Nature Reserve for COW
Human Luna built Nature Reserve for COW
Cow Endangered Reproduction!
Cow Endangered Reproduction!
Cow Endangered Reproduction!
Cow Endangered Reproduction!
Cow Endangered Reproduction!
Cow Endangered Reproduction!
Cow Endangered Reproduction!
Cow Endangered Reproduction!
Human Tina built Nature Reserve for COW
Human Wendy built Nature Reserve for COW
Cow Endangered Reproduction!
Cow Endangered Reproduction!
Cow Endangered Reproduction!
Human Milo built Nature Reserve for COW
Human Bob built Nature Reserve for COW
Human Wendy built Nature Reserve for COW
Cow Endangered Reproduction!
Cow Endangered Reproduction!
Cow Endangered Reproduction!
Cow Endangered Reproduction!
Cow Endangered Reproduction!
Human Xander built Nature Reserve for COW
Cow Endangered Reproduction!
Cow Endangered Reproduction!
Cow Endangered Reproduction!
Human Alice built Nature Reserve for COW
Cow Endangered Reproduction!
Cow Endangered Reproduction!
Human Ruby built Nature Reserve for COW
Cow Endangered Reproduction!
Human Sam built Nature Reserve for COW
Human Ivy built Nature Reserve for COW
Cow Endangered Reproduction!
Human Sam built Nature Reserve for COW
Cow Endangered Reproduction!
Human Ruby built Nature Reserve for COW
Cow Endangered Reproduction!
Cow Endangered Reproduction!
Cow Endangered Reproduction!
Cow Endangered Reproduction!
Human Xander built Nature Reserve for COW
Cow Endangered Reproduction!
Cow Endangered Reproduction!
Cow Endangered Reproduction!
Cow Endangered Reproduction!
Cow Endangered Reproduction!
Cow Endangered Reproduction!
Cow Endangered Reproduction!
Human Pip built Nature Reserve for COW
Cow Endangered Reproduction!
New Faction PURPLE_211 registered with traits: {
  moveSpeed: [33m1.0710866433075545[39m,
  hungerRate: [33m1.058225539922773[39m,
  visionRadius: [33m0.9466085951609099[39m,
  aggression: [33m1.0077686660800147[39m,
  heatTolerance: [33m1.0113843020790794[39m,
  coldTolerance: [33m1.0139444729992109[39m
}
Societal Split! BLUE -> PURPLE_211 (Threshold: 6)
New Faction TEAL_952 registered with traits: {
  moveSpeed: [33m1.0098668512609938[39m,
  hungerRate: [33m0.9649481284938781[39m,
  visionRadius: [33m0.9745326162220156[39m,
  aggression: [33m0.9853123755629952[39m,
  heatTolerance: [33m1.0445895563137866[39m,
  coldTolerance: [33m0.9341803550605363[39m
}
Societal Split! BLUE -> TEAL_952 (Threshold: 6)
New Faction TEAL_322 registered with traits: {
  moveSpeed: [33m0.9785702159965715[39m,
  hungerRate: [33m0.9187898441167219[39m,
  visionRadius: [33m0.9553603226554217[39m,
  aggression: [33m0.907485922358191[39m,
  heatTolerance: [33m1.0847652144856352[39m,
  coldTolerance: [33m1.0009459645513856[39m
}
Societal Split! RED -> TEAL_322 (Threshold: 6)
Human Xander built Nature Reserve for WOLF
Human Nina built Nature Reserve for WOLF
Human Wendy built Nature Reserve for WOLF
Human Frank built Nature Reserve for WOLF
Human Victor built Nature Reserve for WOLF
Human Hank built Nature Reserve for WOLF
Human Jack built Nature Reserve for WOLF
Human Yara built Nature Reserve for WOLF
Human Hank built Nature Reserve for WOLF
Human Grace built Nature Reserve for WOLF
Human Zane built Nature Reserve for WOLF
Human Nina built Nature Reserve for WOLF
Human Milo built Nature Reserve for WOLF
Human Sam built Nature Reserve for WOLF
Human Frank built Nature Reserve for WOLF
Human Jack built Nature Reserve for WOLF
Human Victor built Nature Reserve for WOLF
Human Zane built Nature Reserve for WOLF
Human Milo built Nature Reserve for WOLF
Human Hank built Nature Reserve for WOLF
Human Hank built Nature Reserve for WOLF
Human Sam built Nature Reserve for WOLF
Human Victor built Nature Reserve for WOLF
Human Ivy built Nature Reserve for WOLF
Human Sam built Nature Reserve for WOLF
Human Hank built Nature Reserve for WOLF
Human Oscar built Nature Reserve for WOLF
Human Ivy built Nature Reserve for WOLF
Human Diana built Nature Reserve for WOLF
Human Yara built Nature Reserve for WOLF
Human Ivy built Nature Reserve for WOLF
Human Hank built Nature Reserve for WOLF
Human Nina built Nature Reserve for WOLF
Human Ivy built Nature Reserve for WOLF
Human Uma built Nature Reserve for WOLF
Human Eve built Nature Reserve for WOLF
Human Nina built Nature Reserve for WOLF
Human Wendy built Nature Reserve for WOLF
Human Victor built Nature Reserve for WOLF
Human Frank built Nature Reserve for WOLF
Human Frank built Nature Reserve for WOLF
Human Pip built Nature Reserve for WOLF
Human Pip built Nature Reserve for WOLF
Human Luna built Nature Reserve for WOLF
Human Hank built Nature Reserve for WOLF
Human Oscar built Nature Reserve for WOLF
Human Nina built Nature Reserve for WOLF
Human Zane built Nature Reserve for WOLF
Human Frank built Nature Reserve for WOLF
Human Uma built Nature Reserve for WOLF
Human Victor built Nature Reserve for WOLF
Human Yara built Nature Reserve for WOLF
Human Frank built Nature Reserve for WOLF
Human Eve built Nature Reserve for WOLF
Human Zane built Nature Reserve for WOLF
Human Luna built Nature Reserve for WOLF
Human Zane built Nature Reserve for WOLF
Human Victor built Nature Reserve for WOLF
Human Sam built Nature Reserve for WOLF
Human Oscar built Nature Reserve for WOLF
Human Wendy built Nature Reserve for WOLF
Human Uma built Nature Reserve for WOLF
Human Luna built Nature Reserve for WOLF
Human Alice built Nature Reserve for WOLF
Human Hank built Nature Reserve for WOLF
Human Luna built Nature Reserve for WOLF
Human Pip built Nature Reserve for WOLF
Human Zane built Nature Reserve for WOLF
Human Tina built Nature Reserve for WOLF
Human Diana built Nature Reserve for WOLF
Human Tina built Nature Reserve for WOLF
Human Xander built Nature Reserve for WOLF
Human Zane built Nature Reserve for WOLF
Human Zane built Nature Reserve for WOLF
Human Luna built Nature Reserve for WOLF
Human Alice built Nature Reserve for WOLF
Human Ruby built Nature Reserve for WOLF
Human Tina built Nature Reserve for WOLF
Human Wendy built Nature Reserve for WOLF
Human Milo built Nature Reserve for WOLF
Human Oscar built Nature Reserve for WOLF
Human Nina built Nature Reserve for WOLF
Human Ivy built Nature Reserve for WOLF
Human Zane built Nature Reserve for WOLF
Human Zane built Nature Reserve for WOLF
Human Victor built Nature Reserve for WOLF
Human Sam built Nature Reserve for WOLF
Human Ivy built Nature Reserve for WOLF
Human Luna built Nature Reserve for WOLF
Human Nina built Nature Reserve for WOLF
Human Ivy built Nature Reserve for WOLF
Human Oscar built Nature Reserve for WOLF
Human Nina built Nature Reserve for WOLF
Human Zane built Nature Reserve for WOLF
Human Pip built Nature Reserve for WOLF
Human Victor built Nature Reserve for WOLF
Human Ruby built Nature Reserve for WOLF
Human Sam built Nature Reserve for WOLF
Human Uma built Nature Reserve for WOLF
Human Quinn built Nature Reserve for WOLF
Human Alice built Nature Reserve for WOLF
Human Hank built Nature Reserve for WOLF
Human Zane built Nature Reserve for WOLF
Human Grace built Nature Reserve for WOLF
Human Pip built Nature Reserve for WOLF
Human Uma built Nature Reserve for WOLF
Human Yara built Nature Reserve for WOLF
Human Pip built Nature Reserve for WOLF
Human Tina built Nature Reserve for WOLF
Human Uma built Nature Reserve for WOLF
Human Oscar built Nature Reserve for WOLF
Human Wendy built Nature Reserve for WOLF
Human Pip built Nature Reserve for WOLF
Human Wendy built Nature Reserve for WOLF
Human Xander built Nature Reserve for WOLF
Human Oscar built Nature Reserve for WOLF
Human Alice built Nature Reserve for WOLF
Human Charlie built Nature Reserve for WOLF
Human Tina built Nature Reserve for WOLF
Human Tina built Nature Reserve for WOLF
Human Milo built Nature Reserve for WOLF
Human Charlie built Nature Reserve for WOLF
Human Uma built Nature Reserve for WOLF
Human Charlie built Nature Reserve for WOLF
Human Zane built Nature Reserve for WOLF
Human Nina built Nature Reserve for WOLF
Human Wendy built Nature Reserve for WOLF
Human Bob built Nature Reserve for WOLF
Human Diana built Nature Reserve for WOLF
Human Milo built Nature Reserve for WOLF
Human Pip built Nature Reserve for WOLF
Human Grace built Nature Reserve for WOLF
Human Sam built Nature Reserve for WOLF
Human Uma built Nature Reserve for WOLF
Human Luna built Nature Reserve for WOLF
Human Luna built Nature Reserve for WOLF
Human Nina built Nature Reserve for WOLF
Human Nina built Nature Reserve for WOLF
Human Wendy built Nature Reserve for WOLF
Human Nina built Nature Reserve for WOLF
Human Grace built Nature Reserve for WOLF
Human Sam built Nature Reserve for WOLF
Human Jack built Nature Reserve for WOLF
Human Ruby built Nature Reserve for WOLF
Human Quinn built Nature Reserve for WOLF
Human Sam built Nature Reserve for WOLF
Human Frank built Nature Reserve for WOLF
Human Zane built Nature Reserve for WOLF
Human Sam built Nature Reserve for WOLF
Human Quinn built Nature Reserve for WOLF
Human Wendy built Nature Reserve for WOLF
Human Wendy built Nature Reserve for WOLF
Human Uma built Nature Reserve for WOLF
Human Hank built Nature Reserve for WOLF
Human Uma built Nature Reserve for WOLF
Human Jack built Nature Reserve for WOLF
Human Alice built Nature Reserve for WOLF
Human Xander built Nature Reserve for WOLF
Human Wendy built Nature Reserve for WOLF
Human Bob built Nature Reserve for WOLF
Human Luna built Nature Reserve for WOLF
Human Zane built Nature Reserve for WOLF
Human Jack built Nature Reserve for WOLF
Human Victor built Nature Reserve for WOLF
Human Frank built Nature Reserve for WOLF
Human Yara built Nature Reserve for WOLF
Human Diana built Nature Reserve for WOLF
Human Grace built Nature Reserve for WOLF
Human Sam built Nature Reserve for WOLF
Human Yara built Nature Reserve for WOLF
Human Grace built Nature Reserve for WOLF
Human Sam built Nature Reserve for WOLF
Human Tina built Nature Reserve for WOLF
Human Sam built Nature Reserve for WOLF
Human Quinn built Nature Reserve for WOLF
Human Alice built Nature Reserve for WOLF
Human Wendy built Nature Reserve for WOLF
Human Grace built Nature Reserve for WOLF
Human Sam built Nature Reserve for WOLF
Human Milo built Nature Reserve for WOLF
Human Yara built Nature Reserve for WOLF
Human Quinn built Nature Reserve for WOLF
Human Charlie built Nature Reserve for WOLF
Human Diana built Nature Reserve for WOLF
Human Zane built Nature Reserve for WOLF
Human Hank built Nature Reserve for WOLF
Human Frank built Nature Reserve for WOLF
Human Charlie built Nature Reserve for WOLF
Human Milo built Nature Reserve for WOLF
Human Victor built Nature Reserve for WOLF
Human Pip built Nature Reserve for WOLF
Human Diana built Nature Reserve for WOLF
Human Uma built Nature Reserve for WOLF
Human Xander built Nature Reserve for WOLF
Human Jack built Nature Reserve for WOLF
Human Eve built Nature Reserve for WOLF
Human Sam built Nature Reserve for WOLF
Human Hank built Nature Reserve for WOLF
Human Wendy built Nature Reserve for WOLF
Human Luna built Nature Reserve for WOLF
Human Frank built Nature Reserve for WOLF
Human Wendy built Nature Reserve for WOLF
Human Bob built Nature Reserve for WOLF
Human Ivy built Nature Reserve for WOLF
Human Grace built Nature Reserve for WOLF
Human Xander built Nature Reserve for WOLF
Human Bob built Nature Reserve for WOLF
Human Yara built Nature Reserve for WOLF
Human Frank built Nature Reserve for WOLF
Human Sam built Nature Reserve for WOLF
Human Charlie built Nature Reserve for WOLF
Human Victor built Nature Reserve for WOLF
Human Wendy built Nature Reserve for WOLF
Human Jack built Nature Reserve for WOLF
Human Hank built Nature Reserve for WOLF
Human Pip built Nature Reserve for WOLF
Human Alice built Nature Reserve for WOLF
Human Ivy built Nature Reserve for WOLF
Human Frank built Nature Reserve for WOLF
Human Sam built Nature Reserve for WOLF
Human Grace built Nature Reserve for WOLF
Human Hank built Nature Reserve for WOLF
Human Tina built Nature Reserve for WOLF
Human Sam built Nature Reserve for WOLF
Human Alice built Nature Reserve for WOLF
Human Yara built Nature Reserve for WOLF
Human Uma built Nature Reserve for WOLF
Human Victor built Nature Reserve for WOLF
Human Oscar built Nature Reserve for WOLF
Human Bob built Nature Reserve for WOLF
Human Frank built Nature Reserve for WOLF
Human Xander built Nature Reserve for WOLF
Human Nina built Nature Reserve for WOLF
Human Tina built Nature Reserve for WOLF
Human Xander built Nature Reserve for WOLF
Human Xander built Nature Reserve for WOLF
Human Uma built Nature Reserve for WOLF
Human Charlie built Nature Reserve for WOLF
Human Wendy built Nature Reserve for WOLF
Human Frank built Nature Reserve for WOLF
Human Sam built Nature Reserve for WOLF
Human Luna built Nature Reserve for WOLF
Human Jack built Nature Reserve for WOLF
Human Quinn built Nature Reserve for WOLF
Human Zane built Nature Reserve for WOLF
Human Victor built Nature Reserve for WOLF
Human Sam built Nature Reserve for WOLF
Human Hank built Nature Reserve for WOLF
Human Diana built Nature Reserve for WOLF
Human Nina built Nature Reserve for WOLF
Human Zane built Nature Reserve for WOLF
Human Tina built Nature Reserve for WOLF
Human Victor built Nature Reserve for WOLF
Human Uma built Nature Reserve for WOLF
Human Tina built Nature Reserve for WOLF
Human Xander built Nature Reserve for WOLF
Human Diana built Nature Reserve for WOLF
Human Yara built Nature Reserve for WOLF
Human Jack built Nature Reserve for WOLF
Human Hank built Nature Reserve for WOLF
Human Grace built Nature Reserve for WOLF
Human Charlie built Nature Reserve for WOLF
Human Xander built Nature Reserve for WOLF
Human Ivy built Nature Reserve for WOLF
Human Bob built Nature Reserve for WOLF
Human Zane built Nature Reserve for WOLF
Human Eve built Nature Reserve for WOLF
Human Grace built Nature Reserve for WOLF
Human Hank built Nature Reserve for WOLF
Human Charlie built Nature Reserve for WOLF
Human Charlie built Nature Reserve for WOLF
Human Tina built Nature Reserve for WOLF
Human Jack built Nature Reserve for WOLF
Human Oscar built Nature Reserve for WOLF
Human Sam built Nature Reserve for WOLF
Human Alice built Nature Reserve for WOLF
Human Jack built Nature Reserve for WOLF
Human Frank built Nature Reserve for WOLF
Human Sam built Nature Reserve for WOLF
Human Eve built Nature Reserve for WOLF
Human Yara built Nature Reserve for WOLF
Human Quinn built Nature Reserve for WOLF
Human Frank built Nature Reserve for WOLF
Human Pip built Nature Reserve for WOLF
Human Uma built Nature Reserve for WOLF
Human Oscar built Nature Reserve for WOLF
Human Xander built Nature Reserve for WOLF
Human Frank built Nature Reserve for WOLF
Human Ivy built Nature Reserve for WOLF
Human Frank built Nature Reserve for WOLF
Human Sam built Nature Reserve for WOLF
Human Diana built Nature Reserve for WOLF
Human Luna built Nature Reserve for WOLF
Human Xander built Nature Reserve for WOLF
Human Frank built Nature Reserve for WOLF
Human Sam built Nature Reserve for WOLF
Human Uma built Nature Reserve for WOLF
Human Pip built Nature Reserve for WOLF
Human Diana built Nature Reserve for WOLF
Human Eve built Nature Reserve for WOLF
Human Tina built Nature Reserve for WOLF
Human Charlie built Nature Reserve for WOLF
Human Ivy built Nature Reserve for WOLF
Human Tina built Nature Reserve for WOLF
Human Jack built Nature Reserve for WOLF
Human Hank built Nature Reserve for WOLF
Human Eve built Nature Reserve for WOLF
Human Oscar built Nature Reserve for WOLF
Human Eve built Nature Reserve for WOLF
Human Zane built Nature Reserve for WOLF
Human Luna built Nature Reserve for WOLF
Human Sam built Nature Reserve for WOLF
Human Xander built Nature Reserve for WOLF
Human Diana built Nature Reserve for WOLF
Human Pip built Nature Reserve for WOLF
Human Jack built Nature Reserve for WOLF
Human Quinn built Nature Reserve for WOLF
Human Eve built Nature Reserve for WOLF
Human Tina built Nature Reserve for WOLF
Human Yara built Nature Reserve for WOLF
Human Zane built Nature Reserve for WOLF
Human Zane built Nature Reserve for WOLF
Human Hank built Nature Reserve for WOLF
Human Oscar built Nature Reserve for WOLF
Human Frank built Nature Reserve for WOLF
Human Diana built Nature Reserve for WOLF
Human Diana built Nature Reserve for WOLF
Human Wendy built Nature Reserve for WOLF
Human Charlie built Nature Reserve for WOLF
Human Eve built Nature Reserve for WOLF
Human Sam built Nature Reserve for WOLF
Human Xander built Nature Reserve for WOLF
Human Bob built Nature Reserve for WOLF
Human Hank built Nature Reserve for WOLF
Human Grace built Nature Reserve for WOLF
Human Victor built Nature Reserve for WOLF
Human Wendy built Nature Reserve for WOLF
New Faction PINK_242 registered with traits: {
  moveSpeed: [33m1.0065872077888747[39m,
  hungerRate: [33m1.0360577129163404[39m,
  visionRadius: [33m1.0776547138742638[39m,
  aggression: [33m0.9251081330126141[39m,
  heatTolerance: [33m0.9100299551677258[39m,
  coldTolerance: [33m1.025911797384882[39m
}
Societal Split! RED -> PINK_242 (Threshold: 6)
New Faction LIME_386 registered with traits: {
  moveSpeed: [33m1.0286751394825395[39m,
  hungerRate: [33m1.1124192441403506[39m,
  visionRadius: [33m1.0591015674520576[39m,
  aggression: [33m0.9025772034122073[39m,
  heatTolerance: [33m0.8493321918529027[39m,
  coldTolerance: [33m1.1012808269743812[39m
}
Societal Split! PINK_242 -> LIME_386 (Threshold: 6)
Human Xander built Nature Reserve for WOLF
Human Frank built Nature Reserve for WOLF
Human Wendy built Nature Reserve for WOLF
Human Sam built Nature Reserve for WOLF
Human Zane built Nature Reserve for WOLF
Human Milo built Nature Reserve for WOLF
Human Hank built Nature Reserve for WOLF
Human Charlie built Nature Reserve for WOLF
Human Quinn built Nature Reserve for WOLF
Human Tina built Nature Reserve for WOLF
Human Bob built Nature Reserve for WOLF
Human Yara built Nature Reserve for WOLF
Human Xander built Nature Reserve for WOLF
Human Frank built Nature Reserve for WOLF
Human Tina built Nature Reserve for COW
Human Luna built Nature Reserve for COW
Cow Endangered Reproduction!
Human Milo built Nature Reserve for COW
Cow Endangered Reproduction!
Cow Endangered Reproduction!
Human Oscar built Nature Reserve for COW
Human Bob built Nature Reserve for COW
Cow Endangered Reproduction!
Cow Endangered Reproduction!
Cow Endangered Reproduction!
Cow Endangered Reproduction!
Human Diana built Nature Reserve for COW
Human Jack built Nature Reserve for COW
Cow Endangered Reproduction!
Cow Endangered Reproduction!
New Faction PINK_937 registered with traits: {
  moveSpeed: [33m1.059924843692395[39m,
  hungerRate: [33m1.0061844740648516[39m,
  visionRadius: [33m0.9593026400277338[39m,
  aggression: [33m0.9778732940260596[39m,
  heatTolerance: [33m0.941886427797913[39m,
  coldTolerance: [33m0.9989995517334508[39m
}
Societal Split! RED -> PINK_937 (Threshold: 6)
Cow Endangered Reproduction!
Cow Endangered Reproduction!
Cow Endangered Reproduction!
Cow Endangered Reproduction!
Cow Endangered Reproduction!
Cow Endangered Reproduction!
Cow Endangered Reproduction!
Cow Endangered Reproduction!
Cow Endangered Reproduction!
Cow Endangered Reproduction!
Cow Endangered Reproduction!
Cow Endangered Reproduction!
Cow Endangered Reproduction!
Cow Endangered Reproduction!
Cow Endangered Reproduction!
Cow Endangered Reproduction!
Human Jack built Nature Reserve for COW
Cow Endangered Reproduction!
Cow Endangered Reproduction!
Cow Endangered Reproduction!
Cow Endangered Reproduction!
Cow Endangered Reproduction!
Cow Endangered Reproduction!
Cow Endangered Reproduction!
Cow Endangered Reproduction!
Cow Endangered Reproduction!
New Faction INDIGO_28 registered with traits: {
  moveSpeed: [33m0.9086644607911156[39m,
  hungerRate: [33m0.933636478275489[39m,
  visionRadius: [33m0.9457284475274603[39m,
  aggression: [33m1.012934124565808[39m,
  heatTolerance: [33m1.0016842641059132[39m,
  coldTolerance: [33m0.9743282390330232[39m
}
Societal Split! RED -> INDIGO_28 (Threshold: 6)
Cow Endangered Reproduction!
Cow Endangered Reproduction!
Cow Endangered Reproduction!
Cow Endangered Reproduction!
Cow Endangered Reproduction!
New Faction TEAL_795 registered with traits: {
  moveSpeed: [33m0.9409708817929314[39m,
  hungerRate: [33m0.9246728629282733[39m,
  visionRadius: [33m1.0879577602668877[39m,
  aggression: [33m0.919083022272517[39m,
  heatTolerance: [33m1.059984830417398[39m,
  coldTolerance: [33m1.0716869441496637[39m
}
Societal Split! RED -> TEAL_795 (Threshold: 6)
New Faction LIME_987 registered with traits: {
  moveSpeed: [33m1.038371252387561[39m,
  hungerRate: [33m0.9531851777721523[39m,
  visionRadius: [33m1.0385131422682263[39m,
  aggression: [33m0.9931573512403519[39m,
  heatTolerance: [33m0.9809820325922884[39m,
  coldTolerance: [33m1.0946118333899275[39m
}
Societal Split! RED -> LIME_987 (Threshold: 6)
New Faction INDIGO_627 registered with traits: {
  moveSpeed: [33m0.9425885772941561[39m,
  hungerRate: [33m0.9412425669405735[39m,
  visionRadius: [33m0.9016832113668878[39m,
  aggression: [33m1.082855054445181[39m,
  heatTolerance: [33m0.939537810296859[39m,
  coldTolerance: [33m1.0846533644465084[39m
}
Societal Split! RED -> INDIGO_627 (Threshold: 6)
Cow Endangered Reproduction!
Cow Endangered Reproduction!
Cow Endangered Reproduction!
Cow Endangered Reproduction!
Cow Endangered Reproduction!
Cow Endangered Reproduction!
Cow Endangered Reproduction!
Cow Endangered Reproduction!
Cow Endangered Reproduction!
Cow Endangered Reproduction!
Cow Endangered Reproduction!
New Faction ORANGE_762 registered with traits: {
  moveSpeed: [33m1.0223985013730952[39m,
  hungerRate: [33m0.9336994279714591[39m,
  visionRadius: [33m0.9672075481677447[39m,
  aggression: [33m0.9635592740491432[39m,
  heatTolerance: [33m0.9325968547625485[39m,
  coldTolerance: [33m0.9334321813808839[39m
}
Societal Split! RED -> ORANGE_762 (Threshold: 6)
New Faction PINK_364 registered with traits: {
  moveSpeed: [33m0.9178458559586444[39m,
  hungerRate: [33m0.907027060111212[39m,
  visionRadius: [33m1.0490452439459435[39m,
  aggression: [33m1.0417795422732707[39m,
  heatTolerance: [33m1.003847230907507[39m,
  coldTolerance: [33m1.0444347032777825[39m
}
Societal Split! RED -> PINK_364 (Threshold: 6)
Human Yara built Nature Reserve for COW
Cow Endangered Reproduction!
Cow Endangered Reproduction!
Cow Endangered Reproduction!
Cow Endangered Reproduction!
Cow Endangered Reproduction!
Cow Endangered Reproduction!
Cow Endangered Reproduction!
Cow Endangered Reproduction!
Cow Endangered Reproduction!
Human Xander built Nature Reserve for COW
Human Milo built Nature Reserve for COW
Human Eve built Nature Reserve for COW
Cow Endangered Reproduction!
Human Milo built Nature Reserve for WOLF
Human Zane built Nature Reserve for WOLF
Human Charlie built Nature Reserve for WOLF
Human Charlie built Nature Reserve for WOLF
Human Oscar built Nature Reserve for WOLF
Human Yara built Nature Reserve for WOLF
Human Hank built Nature Reserve for WOLF
Human Xander built Nature Reserve for WOLF
Human Tina built Nature Reserve for WOLF
Human Bob built Nature Reserve for WOLF
Human Milo built Nature Reserve for WOLF
Human Uma built Nature Reserve for WOLF
Human Diana built Nature Reserve for WOLF
Human Alice built Nature Reserve for WOLF
Human Yara built Nature Reserve for WOLF
Human Yara built Nature Reserve for WOLF
Human Jack built Nature Reserve for WOLF
Human Xander built Nature Reserve for WOLF
Human Jack built Nature Reserve for WOLF
Human Sam built Nature Reserve for WOLF
Human Alice built Nature Reserve for WOLF
Human Charlie built Nature Reserve for WOLF
Human Milo built Nature Reserve for WOLF
Human Pip built Nature Reserve for WOLF
Human Charlie built Nature Reserve for WOLF
Human Victor built Nature Reserve for WOLF
Human Frank built Nature Reserve for WOLF
Human Zane built Nature Reserve for WOLF
Human Wendy built Nature Reserve for WOLF
Human Grace built Nature Reserve for WOLF
Human Tina built Nature Reserve for WOLF
Human Yara built Nature Reserve for WOLF
Human Quinn built Nature Reserve for WOLF
Human Bob built Nature Reserve for WOLF
Human Zane built Nature Reserve for WOLF
Human Sam built Nature Reserve for WOLF
Human Grace built Nature Reserve for WOLF
Human Quinn built Nature Reserve for WOLF
Human Xander built Nature Reserve for WOLF
Human Quinn built Nature Reserve for WOLF
Human Quinn built Nature Reserve for WOLF
Human Sam built Nature Reserve for WOLF
Human Victor built Nature Reserve for WOLF
Human Victor built Nature Reserve for WOLF
Human Quinn built Nature Reserve for WOLF
Human Eve built Nature Reserve for WOLF
Human Zane built Nature Reserve for WOLF
Human Eve built Nature Reserve for WOLF
Human Ivy built Nature Reserve for WOLF
Human Diana built Nature Reserve for WOLF
Human Charlie built Nature Reserve for WOLF
Human Eve built Nature Reserve for WOLF
Human Victor built Nature Reserve for WOLF
Human Victor built Nature Reserve for WOLF
Human Alice built Nature Reserve for WOLF
Human Alice built Nature Reserve for WOLF
Human Bob built Nature Reserve for WOLF
Human Luna built Nature Reserve for WOLF
Human Bob built Nature Reserve for WOLF
Human Zane built Nature Reserve for WOLF
Human Frank built Nature Reserve for WOLF
Human Bob built Nature Reserve for WOLF
Human Eve built Nature Reserve for WOLF
Human Hank built Nature Reserve for WOLF
Human Pip built Nature Reserve for WOLF
Human Frank built Nature Reserve for WOLF
Human Frank built Nature Reserve for WOLF
Human Nina built Nature Reserve for WOLF
Human Milo built Nature Reserve for WOLF
Human Wendy built Nature Reserve for WOLF
Human Tina built Nature Reserve for WOLF
Human Xander built Nature Reserve for WOLF
Human Wendy built Nature Reserve for WOLF
Human Grace built Nature Reserve for WOLF
Human Zane built Nature Reserve for WOLF
Human Diana built Nature Reserve for WOLF
Human Alice built Nature Reserve for WOLF
Human Oscar built Nature Reserve for WOLF
Human Bob built Nature Reserve for WOLF
Human Grace built Nature Reserve for WOLF
Human Quinn built Nature Reserve for WOLF
Human Zane built Nature Reserve for WOLF
Human Alice built Nature Reserve for WOLF
Human Zane built Nature Reserve for WOLF
Human Frank built Nature Reserve for WOLF
Human Frank built Nature Reserve for WOLF
Human Diana built Nature Reserve for WOLF
Human Charlie built Nature Reserve for WOLF
Human Quinn built Nature Reserve for WOLF
Human Eve built Nature Reserve for WOLF
Human Eve built Nature Reserve for WOLF
Human Luna built Nature Reserve for WOLF
Human Grace built Nature Reserve for WOLF
Human Jack built Nature Reserve for WOLF
Human Charlie built Nature Reserve for WOLF
Human Eve built Nature Reserve for WOLF
Human Eve built Nature Reserve for WOLF
Human Eve built Nature Reserve for WOLF
Human Luna built Nature Reserve for WOLF
Human Frank built Nature Reserve for WOLF
Human Quinn built Nature Reserve for WOLF
Human Charlie built Nature Reserve for WOLF
Human Eve built Nature Reserve for WOLF
Human Wendy built Nature Reserve for WOLF
Human Yara built Nature Reserve for WOLF
Human Grace built Nature Reserve for WOLF
Human Frank built Nature Reserve for WOLF
Human Frank built Nature Reserve for WOLF
Human Xander built Nature Reserve for WOLF
Human Jack built Nature Reserve for WOLF
Human Luna built Nature Reserve for WOLF
Human Alice built Nature Reserve for WOLF
Human Zane built Nature Reserve for WOLF
Human Victor built Nature Reserve for WOLF
Human Victor built Nature Reserve for WOLF
Human Charlie built Nature Reserve for WOLF
Human Eve built Nature Reserve for WOLF
Human Charlie built Nature Reserve for WOLF
Human Hank built Nature Reserve for WOLF
Human Oscar built Nature Reserve for WOLF
Human Quinn built Nature Reserve for WOLF
Human Hank built Nature Reserve for WOLF
Human Eve built Nature Reserve for WOLF
Human Nina built Nature Reserve for WOLF
Human Grace built Nature Reserve for WOLF
Human Victor built Nature Reserve for WOLF
Human Yara built Nature Reserve for WOLF
Human Eve built Nature Reserve for WOLF
Human Quinn built Nature Reserve for WOLF
Human Milo built Nature Reserve for WOLF
Human Wendy built Nature Reserve for WOLF
Human Luna built Nature Reserve for WOLF
Human Zane built Nature Reserve for WOLF
Human Xander built Nature Reserve for WOLF
Human Quinn built Nature Reserve for WOLF
Human Frank built Nature Reserve for WOLF
Human Pip built Nature Reserve for WOLF
Human Bob built Nature Reserve for WOLF
Human Tina built Nature Reserve for WOLF
Human Quinn built Nature Reserve for WOLF
Human Eve built Nature Reserve for WOLF
Human Eve built Nature Reserve for WOLF
Human Bob built Nature Reserve for WOLF
Human Jack built Nature Reserve for WOLF
Human Ivy built Nature Reserve for WOLF
Human Jack built Nature Reserve for WOLF
Human Hank built Nature Reserve for WOLF
Human Milo built Nature Reserve for WOLF
Human Bob built Nature Reserve for WOLF
Human Zane built Nature Reserve for WOLF
Human Quinn built Nature Reserve for WOLF
Human Wendy built Nature Reserve for WOLF
Human Eve built Nature Reserve for WOLF
Human Ivy built Nature Reserve for WOLF
Human Alice built Nature Reserve for WOLF
Human Alice built Nature Reserve for WOLF
Human Pip built Nature Reserve for WOLF
Human Tina built Nature Reserve for WOLF
Human Frank built Nature Reserve for WOLF
Human Hank built Nature Reserve for WOLF
Human Grace built Nature Reserve for WOLF
Human Xander built Nature Reserve for WOLF
Human Yara built Nature Reserve for WOLF
Human Wendy built Nature Reserve for WOLF
Human Pip built Nature Reserve for WOLF
Human Quinn built Nature Reserve for WOLF
Human Frank built Nature Reserve for WOLF
Human Diana built Nature Reserve for WOLF
Human Yara built Nature Reserve for WOLF
Human Zane built Nature Reserve for WOLF
Human Pip built Nature Reserve for WOLF
Human Bob built Nature Reserve for WOLF
Human Diana built Nature Reserve for WOLF
Human Victor built Nature Reserve for WOLF
Human Yara built Nature Reserve for WOLF
Human Frank built Nature Reserve for WOLF
Human Luna built Nature Reserve for WOLF
Human Grace built Nature Reserve for WOLF
Human Frank built Nature Reserve for WOLF
Human Alice built Nature Reserve for WOLF
Human Jack built Nature Reserve for WOLF
Human Milo built Nature Reserve for WOLF
Human Frank built Nature Reserve for WOLF
Human Wendy built Nature Reserve for WOLF
Human Milo built Nature Reserve for WOLF
Human Frank built Nature Reserve for WOLF
Human Quinn built Nature Reserve for WOLF
Human Milo built Nature Reserve for WOLF
Human Grace built Nature Reserve for WOLF
Human Nina built Nature Reserve for WOLF
Human Xander built Nature Reserve for WOLF
Human Ivy built Nature Reserve for WOLF
Human Pip built Nature Reserve for WOLF
Human Grace built Nature Reserve for WOLF
Human Wendy built Nature Reserve for WOLF
Human Hank built Nature Reserve for WOLF
New Faction INDIGO_91 registered with traits: {
  moveSpeed: [33m1.0202759374457582[39m,
  hungerRate: [33m0.9727584082322549[39m,
  visionRadius: [33m0.9433487880660676[39m,
  aggression: [33m0.9546159311857184[39m,
  heatTolerance: [33m0.9701462309217145[39m,
  coldTolerance: [33m0.998490962590044[39m
}
Societal Split! RED -> INDIGO_91 (Threshold: 6)
New Faction TEAL_289 registered with traits: {
  moveSpeed: [33m0.9563584707526277[39m,
  hungerRate: [33m0.9413327506614023[39m,
  visionRadius: [33m0.9013279078031698[39m,
  aggression: [33m1.0238135020422836[39m,
  heatTolerance: [33m0.9523620334270728[39m,
  coldTolerance: [33m0.9897378369830863[39m
}
Societal Split! RED -> TEAL_289 (Threshold: 6)
New Faction LIME_993 registered with traits: {
  moveSpeed: [33m1.0051033044942466[39m,
  hungerRate: [33m0.9821513024544988[39m,
  visionRadius: [33m0.9253791082617469[39m,
  aggression: [33m0.9910656895638732[39m,
  heatTolerance: [33m0.8883169196724987[39m,
  coldTolerance: [33m1.023472916999511[39m
}
Societal Split! TEAL_289 -> LIME_993 (Threshold: 6)
New Faction ORANGE_408 registered with traits: {
  moveSpeed: [33m0.9284731435332968[39m,
  hungerRate: [33m1.0796446480798032[39m,
  visionRadius: [33m0.9831027667840724[39m,
  aggression: [33m0.9516580534814698[39m,
  heatTolerance: [33m0.9544591529256339[39m,
  coldTolerance: [33m0.9318143650025588[39m
}
Societal Split! RED -> ORANGE_408 (Threshold: 6)
Final population: 883

 [32m✓[39m src/engine/LongRun.test.js [2m([22m[2m1 test[22m[2m)[22m[33m 9459[2mms[22m[39m
     [33m[2m✓[22m[39m should run for 1000 ticks without crashing or exploding [33m 9445[2mms[22m[39m

[31m⎯⎯⎯⎯⎯⎯⎯[39m[1m[41m Failed Tests 7 [49m[22m[31m⎯⎯⎯⎯⎯⎯⎯[39m

[41m[1m FAIL [22m[49m src/engine/Frenzy.test.js[2m > [22mFrenzy Mechanics[2m > [22mCow should NOT enter frenzy when berries are low
[31m[1mAssertionError[22m: expected 50 to be 200 // Object.is equality[39m

[32m- Expected[39m
[31m+ Received[39m

[32m- 200[39m
[31m+ 50[39m

[36m [2m❯[22m src/engine/Frenzy.test.js:[2m64:41[22m[39m
    [90m 62| [39m        // Normal cooldown is 200 (from code logic, though Config says…
    [90m 63| [39m        [90m// In Cow.js: let cooldown = 200;[39m
    [90m 64| [39m        [34mexpect[39m(c1[33m.[39mreproductionCooldown)[33m.[39m[34mtoBe[39m([34m200[39m)[33m;[39m
    [90m   | [39m                                        [31m^[39m
    [90m 65| [39m    })[33m;[39m
    [90m 66| [39m

[31m[2m⎯⎯⎯⎯⎯⎯⎯⎯⎯⎯⎯⎯⎯⎯⎯⎯⎯⎯⎯⎯⎯⎯⎯⎯[1/7]⎯[22m[39m

[41m[1m FAIL [22m[49m src/engine/Ecosystem.test.js[2m > [22mEcosystem Behaviors[2m > [22mHuman should plant tree when trees are low
[31m[1mAssertionError[22m: expected 0 to be greater than 0[39m
[36m [2m❯[22m src/engine/Ecosystem.test.js:[2m38:41[22m[39m
    [90m 36| [39m        [35mfor[39m ([35mlet[39m i [33m=[39m [34m0[39m[33m;[39m i [33m<[39m [34m5[39m[33m;[39m i[33m++[39m) world[33m.[39m[34mtick[39m()[33m;[39m
    [90m 37| [39m
    [90m 38| [39m        [34mexpect[39m(world[33m.[39mentityCounts[33m.[39mtree)[33m.[39m[34mtoBeGreaterThan[39m([34m0[39m)[33m;[39m
    [90m   | [39m                                        [31m^[39m
    [90m 39| [39m        [35mconst[39m tree [33m=[39m world[33m.[39mentities[33m.[39m[34mfind[39m(e [33m=>[39m e[33m.[39mtype [33m===[39m [32m'tree'[39m)[33m;[39m
    [90m 40| [39m        [34mexpect[39m(tree)[33m.[39m[34mtoBeDefined[39m()[33m;[39m

[31m[2m⎯⎯⎯⎯⎯⎯⎯⎯⎯⎯⎯⎯⎯⎯⎯⎯⎯⎯⎯⎯⎯⎯⎯⎯[2/7]⎯[22m[39m

[41m[1m FAIL [22m[49m src/engine/Ecosystem.test.js[2m > [22mEcosystem Behaviors[2m > [22mHuman should build NatureReserve for Cows when cows are low
[31m[1mAssertionError[22m: expected 'wolf' to be 'cow' // Object.is equality[39m

Expected: [32m"cow"[39m
Received: [31m"wolf"[39m

[36m [2m❯[22m src/engine/Ecosystem.test.js:[2m129:35[22m[39m
    [90m127| [39m        const reserve = world.entities.find(e => e.type === 'natureres…
    [90m128| [39m        [34mexpect[39m(reserve)[33m.[39m[34mtoBeDefined[39m()[33m;[39m
    [90m129| [39m        [34mexpect[39m(reserve[33m.[39mspawnType)[33m.[39m[34mtoBe[39m([32m'cow'[39m)[33m;[39m
    [90m   | [39m                                  [31m^[39m
    [90m130| [39m    })[33m;[39m
    [90m131| [39m

[31m[2m⎯⎯⎯⎯⎯⎯⎯⎯⎯⎯⎯⎯⎯⎯⎯⎯⎯⎯⎯⎯⎯⎯⎯⎯[3/7]⎯[22m[39m

[41m[1m FAIL [22m[49m src/engine/Civilization.test.js[2m > [22mCivilization Behaviors[2m > [22mHuman should gather wood from Tree
[31m[1mAssertionError[22m: expected [ Human{ x: 6, y: 6, …(20) }, …(1) ] to not include Tree{ x: 6, y: 5, type: 'tree', …(7) }[39m
[36m [2m❯[22m src/engine/Civilization.test.js:[2m26:36[22m[39m
    [90m 24| [39m        world[33m.[39m[34mtick[39m()[33m;[39m
    [90m 25| [39m
    [90m 26| [39m        expect(world.entities).not.toContain(tree); // Tree should be …
    [90m   | [39m                                   [31m^[39m
    [90m 27| [39m        [34mexpect[39m(human[33m.[39mwood)[33m.[39m[34mtoBe[39m([34m5[39m)[33m;[39m [90m// Human should have wood[39m
    [90m 28| [39m    })[33m;[39m

[31m[2m⎯⎯⎯⎯⎯⎯⎯⎯⎯⎯⎯⎯⎯⎯⎯⎯⎯⎯⎯⎯⎯⎯⎯⎯[4/7]⎯[22m[39m

[41m[1m FAIL [22m[49m src/engine/WorldGenerator.test.js[2m > [22mWorldGenerator[2m > [22mshould ensure connectivity
[31m[1mAssertionError[22m: expected 0.005169120125856838 to be greater than 0.8[39m
[36m [2m❯[22m src/engine/WorldGenerator.test.js:[2m97:30[22m[39m
    [90m 95| [39m        [35mconst[39m connectivity [33m=[39m visited[33m.[39msize [33m/[39m landCells[33m.[39mlength[33m;[39m
    [90m 96| [39m        console[33m.[39m[34mlog[39m([32m`Connectivity: [39m[36m${[39mconnectivity [33m*[39m [34m100[39m[36m}[39m[32m%`[39m)[33m;[39m
    [90m 97| [39m        expect(connectivity).toBeGreaterThan(0.8); // Allow some small…
    [90m   | [39m                             [31m^[39m
    [90m 98| [39m    })[33m;[39m
    [90m 99| [39m})[33m;[39m

[31m[2m⎯⎯⎯⎯⎯⎯⎯⎯⎯⎯⎯⎯⎯⎯⎯⎯⎯⎯⎯⎯⎯⎯⎯⎯[5/7]⎯[22m[39m

[41m[1m FAIL [22m[49m src/engine/Totem.test.js[2m > [22mTotem Mechanics[2m > [22mHuman should build Totem when has wood and space
[31m[1mAssertionError[22m: expected +0 to be 1 // Object.is equality[39m

[32m- Expected[39m
[31m+ Received[39m

[32m- 1[39m
[31m+ 0[39m

[36m [2m❯[22m src/engine/Totem.test.js:[2m34:31[22m[39m
    [90m 32| [39m
    [90m 33| [39m        [35mconst[39m totems [33m=[39m world[33m.[39mentities[33m.[39m[34mfilter[39m(e [33m=>[39m e[33m.[39mtype [33m===[39m [32m'totem'[39m)[33m;[39m
    [90m 34| [39m        [34mexpect[39m(totems[33m.[39mlength)[33m.[39m[34mtoBe[39m([34m1[39m)[33m;[39m
    [90m   | [39m                              [31m^[39m
    [90m 35| [39m        [34mexpect[39m(totems[[34m0[39m][33m.[39mfaction)[33m.[39m[34mtoBe[39m([32m'RED'[39m)[33m;[39m
    [90m 36| [39m        [34mexpect[39m(human[33m.[39mwood)[33m.[39m[34mtoBeLessThan[39m([34m20[39m)[33m;[39m

[31m[2m⎯⎯⎯⎯⎯⎯⎯⎯⎯⎯⎯⎯⎯⎯⎯⎯⎯⎯⎯⎯⎯⎯⎯⎯[6/7]⎯[22m[39m

[41m[1m FAIL [22m[49m src/engine/Totem.test.js[2m > [22mTotem Mechanics[2m > [22mHuman should attack enemy Totem
[31m[1mAssertionError[22m: expected 'CONSERVING' to be 'ATTACKING_TOTEM' // Object.is equality[39m

Expected: [32m"ATTACKING_TOTEM"[39m
Received: [31m"CONSERVING"[39m

[36m [2m❯[22m src/engine/Totem.test.js:[2m53:30[22m[39m
    [90m 51| [39m        [90m// Human should attack totem[39m
    [90m 52| [39m        [90m// Logic: nearbyTotem check in tick() overrides action if enemy[39m
    [90m 53| [39m        [34mexpect[39m(human[33m.[39maction)[33m.[39m[34mtoBe[39m([32m'ATTACKING_TOTEM'[39m)[33m;[39m
    [90m   | [39m                             [31m^[39m
    [90m 54| [39m        [34mexpect[39m(totem[33m.[39mmarkedForDeletion)[33m.[39m[34mtoBe[39m([35mtrue[39m)[33m;[39m
    [90m 55| [39m    })[33m;[39m

[31m[2m⎯⎯⎯⎯⎯⎯⎯⎯⎯⎯⎯⎯⎯⎯⎯⎯⎯⎯⎯⎯⎯⎯⎯⎯[7/7]⎯[22m[39m


[2m Test Files [22m [1m[31m5 failed[39m[22m[2m | [22m[1m[32m23 passed[39m[22m[2m | [22m[33m1 skipped[39m[90m (29)[39m
[2m      Tests [22m [1m[31m7 failed[39m[22m[2m | [22m[1m[32m83 passed[39m[22m[2m | [22m[33m2 skipped[39m[90m (92)[39m
[2m   Start at [22m 22:19:23
[2m   Duration [22m 20.44s

[1m[41m FAIL [49m[22m [31mTests failed. Watching for file changes...[39m
       [2mpress [22m[1mh[22m[2m to show help[22m[2m, [22m[2mpress [22m[1mq[22m[2m to quit[22m
