
> life-simulator@0.0.0 test
> vitest src/engine/StatsDrift.test.js run


[1m[44m DEV [49m[22m [34mv4.0.10 [39m[90m/home/ewrdad/portfolio/life-simulator[39m

[90mstdout[2m | src/engine/StatsDrift.test.js[2m > [22m[2mStats Drift[2m > [22m[2mHuman count should decrease when House containing Human is destroyed
[22m[39mHouse dying at 0, 1. Occupants: 1
Checking -1, 0: null
Checking -1, 1: null
Checking -1, 2: null
Checking 0, 0: null
Ejected to 0, 0

[90mstdout[2m | src/engine/StatsDrift.test.js[2m > [22m[2mStats Drift[2m > [22m[2mHuman count should decrease if House is destroyed and occupant cannot be ejected
[22m[39mHouse dying at 5, 5. Occupants: 1
Checking 4, 4: [object Object]
Checking 4, 5: [object Object]
Checking 4, 6: [object Object]
Checking 5, 4: [object Object]
Checking 5, 6: [object Object]
Checking 6, 4: [object Object]
Checking 6, 5: [object Object]
Checking 6, 6: [object Object]
Failed to eject

 [31m❯[39m src/engine/StatsDrift.test.js [2m([22m[2m3 tests[22m[2m | [22m[31m1 failed[39m[2m)[22m[32m 269[2mms[22m[39m
[31m     [31m×[31m Human count should decrease when House containing Human is destroyed[39m[32m 254[2mms[22m[39m
     [32m✓[39m Human count should decrease if House is destroyed and occupant cannot be ejected[32m 10[2mms[22m[39m
     [32m✓[39m Recalculate stats should correct any drift[32m 1[2mms[22m[39m
[90mstdout[2m | src/engine/LongRun.test.js[2m > [22m[2mLong Run Stability[2m > [22m[2mshould run for 1000 ticks without crashing or exploding
[22m[39mCow Endangered Reproduction!
Cow Endangered Reproduction!
Cow Endangered Reproduction!
Cow Endangered Reproduction!
Cow Endangered Reproduction!
Cow Endangered Reproduction!
Cow Endangered Reproduction!
Cow Endangered Reproduction!
Cow Endangered Reproduction!
Cow Endangered Reproduction!
Human Bob built Nature Reserve for COW
Human Pip built Nature Reserve for COW
Cow Endangered Reproduction!
Cow Endangered Reproduction!
Cow Endangered Reproduction!
Cow Endangered Reproduction!
Cow Endangered Reproduction!
Cow Endangered Reproduction!
Cow Endangered Reproduction!
Cow Endangered Reproduction!
Cow Endangered Reproduction!
Cow Endangered Reproduction!
Cow Endangered Reproduction!
Cow Endangered Reproduction!
Cow Endangered Reproduction!
Cow Endangered Reproduction!
Cow Endangered Reproduction!
Cow Endangered Reproduction!
Cow Endangered Reproduction!
Cow Endangered Reproduction!
Cow Endangered Reproduction!
Cow Endangered Reproduction!
Human Jack built Nature Reserve for WOLF
Human Uma built Nature Reserve for WOLF
Human Victor built Nature Reserve for WOLF
Human Milo built Nature Reserve for WOLF
Human Frank built Nature Reserve for WOLF
Human Bob built Nature Reserve for WOLF
Human Ivy built Nature Reserve for WOLF
Human Quinn built Nature Reserve for WOLF
Human Pip built Nature Reserve for WOLF
Human Eve built Nature Reserve for WOLF
Human Bob built Nature Reserve for WOLF
Human Charlie built Nature Reserve for WOLF
Human Uma built Nature Reserve for WOLF
Human Eve built Nature Reserve for WOLF
Human Xander built Nature Reserve for WOLF
Human Grace built Nature Reserve for WOLF
Human Uma built Nature Reserve for WOLF
Human Yara built Nature Reserve for WOLF
Human Quinn built Nature Reserve for WOLF
Human Frank built Nature Reserve for WOLF
Human Xander built Nature Reserve for WOLF
Human Jack built Nature Reserve for WOLF
Human Pip built Nature Reserve for WOLF
Human Eve built Nature Reserve for WOLF
Human Eve built Nature Reserve for WOLF
Human Hank built Nature Reserve for WOLF
Human Bob built Nature Reserve for WOLF
Human Quinn built Nature Reserve for WOLF
Human Xander built Nature Reserve for WOLF
Human Oscar built Nature Reserve for WOLF
Human Yara built Nature Reserve for WOLF
Human Luna built Nature Reserve for WOLF
Human Frank built Nature Reserve for WOLF
Human Eve built Nature Reserve for WOLF
Human Diana built Nature Reserve for WOLF
Human Wendy built Nature Reserve for WOLF
Human Uma built Nature Reserve for WOLF
Human Frank built Nature Reserve for WOLF
Human Bob built Nature Reserve for WOLF
Human Jack built Nature Reserve for WOLF
Human Charlie built Nature Reserve for WOLF
Human Ivy built Nature Reserve for WOLF
Human Quinn built Nature Reserve for WOLF
Human Grace built Nature Reserve for WOLF
Human Milo built Nature Reserve for WOLF
Human Uma built Nature Reserve for WOLF
Human Frank built Nature Reserve for WOLF
Human Yara built Nature Reserve for WOLF
Human Quinn built Nature Reserve for WOLF
Human Charlie built Nature Reserve for WOLF
Human Diana built Nature Reserve for WOLF
Human Bob built Nature Reserve for WOLF
Human Zane built Nature Reserve for WOLF
Human Victor built Nature Reserve for WOLF
Human Hank built Nature Reserve for WOLF
Human Hank built Nature Reserve for WOLF
Human Yara built Nature Reserve for WOLF
Human Diana built Nature Reserve for WOLF
Human Yara built Nature Reserve for WOLF
Human Yara built Nature Reserve for WOLF
Human Ivy built Nature Reserve for WOLF
Human Jack built Nature Reserve for WOLF
Human Hank built Nature Reserve for WOLF
Human Uma built Nature Reserve for WOLF
Human Wendy built Nature Reserve for WOLF
Human Quinn built Nature Reserve for WOLF
Human Sam built Nature Reserve for WOLF
Human Uma built Nature Reserve for WOLF
Human Yara built Nature Reserve for WOLF
Human Hank built Nature Reserve for WOLF
Human Victor built Nature Reserve for WOLF
Human Quinn built Nature Reserve for WOLF
Human Frank built Nature Reserve for WOLF
Human Zane built Nature Reserve for WOLF
Human Luna built Nature Reserve for WOLF
Human Uma built Nature Reserve for WOLF
Human Eve built Nature Reserve for WOLF
Human Bob built Nature Reserve for WOLF
Human Quinn built Nature Reserve for WOLF
Human Wendy built Nature Reserve for WOLF
Human Eve built Nature Reserve for WOLF
Human Victor built Nature Reserve for WOLF
Human Uma built Nature Reserve for WOLF
Human Bob built Nature Reserve for WOLF
Human Xander built Nature Reserve for WOLF
Human Yara built Nature Reserve for WOLF
Human Milo built Nature Reserve for WOLF
Human Uma built Nature Reserve for WOLF
Human Bob built Nature Reserve for WOLF
Human Quinn built Nature Reserve for WOLF
Human Charlie built Nature Reserve for WOLF
Human Nina built Nature Reserve for WOLF
Human Eve built Nature Reserve for WOLF
Human Wendy built Nature Reserve for WOLF
Human Charlie built Nature Reserve for WOLF
Human Yara built Nature Reserve for WOLF
Human Hank built Nature Reserve for WOLF
Human Diana built Nature Reserve for WOLF
Human Frank built Nature Reserve for WOLF
Human Charlie built Nature Reserve for WOLF
Human Uma built Nature Reserve for WOLF
Human Yara built Nature Reserve for WOLF
Human Ivy built Nature Reserve for WOLF
Human Victor built Nature Reserve for WOLF
Human Jack built Nature Reserve for WOLF
Human Pip built Nature Reserve for WOLF
Human Frank built Nature Reserve for WOLF
Human Milo built Nature Reserve for WOLF
Human Quinn built Nature Reserve for WOLF
Human Luna built Nature Reserve for WOLF
Human Tina built Nature Reserve for WOLF
Human Yara built Nature Reserve for WOLF
Human Uma built Nature Reserve for WOLF
Human Eve built Nature Reserve for WOLF
Human Bob built Nature Reserve for WOLF
Human Charlie built Nature Reserve for WOLF
Human Frank built Nature Reserve for WOLF
Human Eve built Nature Reserve for WOLF
Human Wendy built Nature Reserve for WOLF
Human Hank built Nature Reserve for WOLF
Human Ivy built Nature Reserve for WOLF
Human Jack built Nature Reserve for WOLF
Human Frank built Nature Reserve for WOLF
Human Ivy built Nature Reserve for WOLF
Human Yara built Nature Reserve for WOLF
Human Milo built Nature Reserve for WOLF
Human Jack built Nature Reserve for WOLF
Human Yara built Nature Reserve for WOLF
Human Uma built Nature Reserve for WOLF
Human Quinn built Nature Reserve for COW
Human Quinn built Nature Reserve for COW
Human Uma built Nature Reserve for COW
Human Xander built Nature Reserve for COW
Human Yara built Nature Reserve for COW
Human Quinn built Nature Reserve for COW
Human Diana built Nature Reserve for COW
Human Nina built Nature Reserve for COW
Human Jack built Nature Reserve for COW
Human Diana built Nature Reserve for COW
Human Yara built Nature Reserve for COW
Human Diana built Nature Reserve for COW
Human Alice built Nature Reserve for COW
Human Sam built Nature Reserve for COW
Human Yara built Nature Reserve for COW
Cow Endangered Reproduction!
Human Oscar built Nature Reserve for COW
Cow Endangered Reproduction!
Human Diana built Nature Reserve for WOLF
Human Victor built Nature Reserve for WOLF
Human Hank built Nature Reserve for WOLF
Human Ivy built Nature Reserve for WOLF
Human Oscar built Nature Reserve for WOLF
Human Bob built Nature Reserve for WOLF
Human Quinn built Nature Reserve for WOLF
Human Uma built Nature Reserve for WOLF
Human Yara built Nature Reserve for WOLF
Human Yara built Nature Reserve for WOLF
Human Victor built Nature Reserve for WOLF
Human Luna built Nature Reserve for WOLF
Human Quinn built Nature Reserve for WOLF
Human Victor built Nature Reserve for WOLF
Human Hank built Nature Reserve for WOLF
Human Luna built Nature Reserve for WOLF
Human Xander built Nature Reserve for WOLF
Human Milo built Nature Reserve for WOLF
Human Eve built Nature Reserve for WOLF
Human Hank built Nature Reserve for WOLF
Human Quinn built Nature Reserve for WOLF
Human Quinn built Nature Reserve for WOLF
Human Diana built Nature Reserve for WOLF
Human Zane built Nature Reserve for WOLF
Human Grace built Nature Reserve for WOLF
Human Quinn built Nature Reserve for WOLF
Human Ivy built Nature Reserve for WOLF
Human Pip built Nature Reserve for WOLF
Human Alice built Nature Reserve for WOLF
Human Luna built Nature Reserve for WOLF
Human Alice built Nature Reserve for WOLF
Human Nina built Nature Reserve for WOLF
Human Jack built Nature Reserve for WOLF
Human Ruby built Nature Reserve for WOLF
Human Jack built Nature Reserve for WOLF
Human Ruby built Nature Reserve for WOLF
Human Diana built Nature Reserve for WOLF
Human Hank built Nature Reserve for WOLF
Human Alice built Nature Reserve for WOLF
Human Diana built Nature Reserve for WOLF
Human Bob built Nature Reserve for WOLF
Human Ruby built Nature Reserve for WOLF
Human Quinn built Nature Reserve for WOLF
Human Jack built Nature Reserve for WOLF
Human Xander built Nature Reserve for WOLF
Human Victor built Nature Reserve for WOLF
Human Uma built Nature Reserve for WOLF
Human Pip built Nature Reserve for WOLF
Human Hank built Nature Reserve for WOLF
Human Sam built Nature Reserve for WOLF
Human Xander built Nature Reserve for WOLF
Human Grace built Nature Reserve for WOLF
Human Xander built Nature Reserve for WOLF
Human Hank built Nature Reserve for WOLF
Human Ivy built Nature Reserve for WOLF
House dying at 33, 41. Occupants: 2
Checking 32, 40: null
Ejected to 32, 40
Checking 32, 40: [object Object]
Checking 32, 41: null
Ejected to 32, 41
Human Bob built Nature Reserve for WOLF
House dying at 8, 40. Occupants: 0
Human Ruby built Nature Reserve for WOLF
Human Luna built Nature Reserve for WOLF
Human Alice built Nature Reserve for WOLF
Human Oscar built Nature Reserve for WOLF
Human Tina built Nature Reserve for WOLF
Human Luna built Nature Reserve for WOLF
Human Bob built Nature Reserve for WOLF
Human Ivy built Nature Reserve for WOLF
Human Grace built Nature Reserve for WOLF
Human Ivy built Nature Reserve for WOLF
Human Pip built Nature Reserve for WOLF
Human Yara built Nature Reserve for WOLF
Human Tina built Nature Reserve for WOLF
Human Uma built Nature Reserve for WOLF
Human Nina built Nature Reserve for WOLF
Human Xander built Nature Reserve for WOLF
Human Sam built Nature Reserve for WOLF
Human Alice built Nature Reserve for WOLF
Human Ivy built Nature Reserve for WOLF
Human Nina built Nature Reserve for WOLF
Human Frank built Nature Reserve for WOLF
Human Sam built Nature Reserve for WOLF
Human Hank built Nature Reserve for WOLF
Human Zane built Nature Reserve for WOLF
Human Grace built Nature Reserve for WOLF
Human Sam built Nature Reserve for WOLF
House dying at 37, 23. Occupants: 1
Checking 36, 22: null
Ejected to 36, 22
Human Luna built Nature Reserve for WOLF
Human Alice built Nature Reserve for WOLF
Human Victor built Nature Reserve for WOLF
Human Bob built Nature Reserve for WOLF
Human Jack built Nature Reserve for WOLF
Human Hank built Nature Reserve for WOLF
Human Alice built Nature Reserve for WOLF
Human Eve built Nature Reserve for WOLF
Human Grace built Nature Reserve for WOLF
Human Alice built Nature Reserve for WOLF
Human Tina built Nature Reserve for WOLF
Human Ivy built Nature Reserve for WOLF
Human Luna built Nature Reserve for WOLF
Human Milo built Nature Reserve for WOLF
Human Grace built Nature Reserve for WOLF
Human Frank built Nature Reserve for WOLF
Human Grace built Nature Reserve for WOLF
Human Bob built Nature Reserve for WOLF
Human Victor built Nature Reserve for WOLF
Human Ivy built Nature Reserve for WOLF
Human Oscar built Nature Reserve for WOLF
Human Ivy built Nature Reserve for WOLF
Human Xander built Nature Reserve for WOLF
Human Nina built Nature Reserve for WOLF
Human Alice built Nature Reserve for WOLF
Human Jack built Nature Reserve for WOLF
Human Alice built Nature Reserve for WOLF
Human Ruby built Nature Reserve for WOLF
Human Sam built Nature Reserve for WOLF
Human Jack built Nature Reserve for WOLF
Human Quinn built Nature Reserve for WOLF
Human Quinn built Nature Reserve for WOLF
Human Pip built Nature Reserve for WOLF
Human Yara built Nature Reserve for WOLF
Human Alice built Nature Reserve for WOLF
Human Jack built Nature Reserve for WOLF
Human Ruby built Nature Reserve for WOLF
Human Ruby built Nature Reserve for WOLF
Human Sam built Nature Reserve for WOLF
Human Yara built Nature Reserve for WOLF
Human Bob built Nature Reserve for WOLF
Human Uma built Nature Reserve for WOLF
Human Ivy built Nature Reserve for WOLF
Human Zane built Nature Reserve for WOLF
Human Wendy built Nature Reserve for WOLF
Human Zane built Nature Reserve for WOLF
House dying at 32, 45. Occupants: 1
Checking 31, 44: null
Ejected to 31, 44
Human Pip built Nature Reserve for WOLF
Human Alice built Nature Reserve for WOLF
Human Quinn built Nature Reserve for WOLF
Human Pip built Nature Reserve for WOLF
Human Ivy built Nature Reserve for WOLF
Human Victor built Nature Reserve for WOLF
Human Grace built Nature Reserve for WOLF
Human Grace built Nature Reserve for WOLF
Human Bob built Nature Reserve for WOLF
Human Sam built Nature Reserve for WOLF
Human Frank built Nature Reserve for WOLF
Human Grace built Nature Reserve for WOLF
House dying at 21, 3. Occupants: 2
Checking 20, 2: null
Ejected to 20, 2
Checking 20, 2: [object Object]
Checking 20, 3: null
Ejected to 20, 3
House dying at 47, 35. Occupants: 0
Human Oscar built Nature Reserve for WOLF
Human Victor built Nature Reserve for WOLF
Human Luna built Nature Reserve for WOLF
House dying at 11, 38. Occupants: 0
House dying at 36, 25. Occupants: 1
Checking 35, 24: null
Ejected to 35, 24
House dying at 38, 20. Occupants: 1
Checking 37, 19: null
Ejected to 37, 19
Human Quinn built Nature Reserve for WOLF
Human Charlie built Nature Reserve for WOLF
Human Bob built Nature Reserve for WOLF
Human Alice built Nature Reserve for WOLF
Human Ivy built Nature Reserve for WOLF
Human Diana built Nature Reserve for WOLF
Human Luna built Nature Reserve for WOLF
Human Alice built Nature Reserve for WOLF
Human Frank built Nature Reserve for WOLF
House dying at 39, 24. Occupants: 1
Checking 38, 23: null
Ejected to 38, 23
Human Xander built Nature Reserve for WOLF
Human Sam built Nature Reserve for WOLF
Human Hank built Nature Reserve for WOLF
Human Milo built Nature Reserve for WOLF
Human Pip built Nature Reserve for WOLF
Human Xander built Nature Reserve for WOLF
Human Sam built Nature Reserve for WOLF
Human Wendy built Nature Reserve for WOLF
Human Alice built Nature Reserve for WOLF
Human Eve built Nature Reserve for WOLF
Human Ivy built Nature Reserve for WOLF
Human Uma built Nature Reserve for WOLF
House dying at 19, 4. Occupants: 2
Checking 18, 3: null
Ejected to 18, 3
Checking 18, 3: [object Object]
Checking 18, 4: null
Ejected to 18, 4
Human Yara built Nature Reserve for WOLF
Human Oscar built Nature Reserve for WOLF
Human Alice built Nature Reserve for WOLF
Human Ruby built Nature Reserve for WOLF
Human Diana built Nature Reserve for WOLF
Human Yara built Nature Reserve for WOLF
Human Sam built Nature Reserve for WOLF
Human Yara built Nature Reserve for WOLF
Human Uma built Nature Reserve for WOLF
Human Diana built Nature Reserve for WOLF
Human Luna built Nature Reserve for WOLF
Human Pip built Nature Reserve for WOLF
Human Ruby built Nature Reserve for WOLF
Human Ivy built Nature Reserve for WOLF
Human Grace built Nature Reserve for WOLF
Human Alice built Nature Reserve for WOLF
Human Grace built Nature Reserve for WOLF
Human Quinn built Nature Reserve for WOLF
Human Pip built Nature Reserve for WOLF
Human Quinn built Nature Reserve for WOLF
Human Zane built Nature Reserve for WOLF
House dying at 45, 35. Occupants: 1
Checking 44, 34: null
Ejected to 44, 34
Human Eve built Nature Reserve for WOLF
Human Quinn built Nature Reserve for WOLF
Human Uma built Nature Reserve for WOLF
House dying at 39, 25. Occupants: 0
Human Oscar built Nature Reserve for WOLF
Human Victor built Nature Reserve for WOLF
Human Victor built Nature Reserve for WOLF
Human Alice built Nature Reserve for WOLF
Human Yara built Nature Reserve for WOLF
Human Uma built Nature Reserve for WOLF
Human Jack built Nature Reserve for WOLF
Human Grace built Nature Reserve for WOLF
Human Quinn built Nature Reserve for WOLF
Human Oscar built Nature Reserve for WOLF
Human Nina built Nature Reserve for WOLF
Human Sam built Nature Reserve for WOLF
Human Hank built Nature Reserve for WOLF
Human Quinn built Nature Reserve for WOLF
Human Alice built Nature Reserve for WOLF
House dying at 40, 20. Occupants: 2
Checking 39, 19: null
Ejected to 39, 19
Checking 39, 19: [object Object]
Checking 39, 20: [object Object]
Checking 39, 21: [object Object]
Checking 40, 19: null
Ejected to 40, 19
House dying at 11, 40. Occupants: 1
Checking 10, 39: [object Object]
Checking 10, 40: null
Ejected to 10, 40
House dying at 35, 41. Occupants: 2
Checking 34, 40: null
Ejected to 34, 40
Checking 34, 40: [object Object]
Checking 34, 41: null
Ejected to 34, 41
Human Ivy built Nature Reserve for WOLF
House dying at 5, 41. Occupants: 0
House dying at 17, 6. Occupants: 2
Checking 16, 5: null
Ejected to 16, 5
Checking 16, 5: [object Object]
Checking 16, 6: null
Ejected to 16, 6
House dying at 45, 36. Occupants: 2
Checking 44, 35: null
Ejected to 44, 35
Checking 44, 35: [object Object]
Checking 44, 36: null
Ejected to 44, 36
Human Sam built Nature Reserve for WOLF
Human Bob built Nature Reserve for WOLF
Human Ivy built Nature Reserve for WOLF
Human Ivy built Nature Reserve for WOLF
Human Grace built Nature Reserve for WOLF
House dying at 36, 27. Occupants: 1
Checking 35, 26: null
Ejected to 35, 26
Human Ruby built Nature Reserve for WOLF
House dying at 19, 47. Occupants: 2
Checking 18, 46: null
Ejected to 18, 46
Checking 18, 46: [object Object]
Checking 18, 47: [object Object]
Checking 18, 48: null
Ejected to 18, 48
House dying at 35, 23. Occupants: 2
Checking 34, 22: null
Ejected to 34, 22
Checking 34, 22: [object Object]
Checking 34, 23: [object Object]
Checking 34, 24: [object Object]
Checking 35, 22: null
Ejected to 35, 22
Human Pip built Nature Reserve for WOLF
Human Victor built Nature Reserve for WOLF
Human Bob built Nature Reserve for WOLF
House dying at 5, 38. Occupants: 0
Human Ruby built Nature Reserve for WOLF
Human Charlie built Nature Reserve for WOLF
Human Bob built Nature Reserve for WOLF
Human Yara built Nature Reserve for WOLF
House dying at 36, 21. Occupants: 0
Human Ivy built Nature Reserve for WOLF
Human Luna built Nature Reserve for WOLF
Human Quinn built Nature Reserve for WOLF
Human Uma built Nature Reserve for WOLF
House dying at 7, 38. Occupants: 0
House dying at 48, 32. Occupants: 0
Human Frank built Nature Reserve for WOLF
Human Zane built Nature Reserve for WOLF
Human Jack built Nature Reserve for WOLF
Human Diana built Nature Reserve for WOLF
House dying at 11, 20. Occupants: 2
Checking 10, 19: null
Ejected to 10, 19
Checking 10, 19: [object Object]
Checking 10, 20: [object Object]
Checking 10, 21: null
Ejected to 10, 21
House dying at 7, 42. Occupants: 0
Human Bob built Nature Reserve for WOLF
Human Oscar built Nature Reserve for WOLF
Human Milo built Nature Reserve for WOLF
Human Bob built Nature Reserve for WOLF
Human Alice built Nature Reserve for WOLF
House dying at 34, 26. Occupants: 2
Checking 33, 25: null
Ejected to 33, 25
Checking 33, 25: [object Object]
Checking 33, 26: null
Ejected to 33, 26
Human Oscar built Nature Reserve for WOLF
Human Luna built Nature Reserve for WOLF
Human Yara built Nature Reserve for WOLF
Human Victor built Nature Reserve for WOLF
Human Grace built Nature Reserve for WOLF
Human Victor built Nature Reserve for WOLF
Human Milo built Nature Reserve for WOLF
Human Victor built Nature Reserve for WOLF
Human Quinn built Nature Reserve for WOLF
Human Ruby built Nature Reserve for WOLF
Human Oscar built Nature Reserve for WOLF
Human Eve built Nature Reserve for WOLF
Human Pip built Nature Reserve for WOLF
Human Luna built Nature Reserve for WOLF
Human Victor built Nature Reserve for WOLF
Human Ivy built Nature Reserve for WOLF
Human Jack built Nature Reserve for WOLF
Human Milo built Nature Reserve for WOLF
Human Ivy built Nature Reserve for WOLF
Human Diana built Nature Reserve for WOLF
House dying at 13, 40. Occupants: 0
Human Ivy built Nature Reserve for WOLF
Human Tina built Nature Reserve for WOLF
Human Grace built Nature Reserve for WOLF
House dying at 17, 47. Occupants: 2
Checking 16, 46: null
Ejected to 16, 46
Checking 16, 46: [object Object]
Checking 16, 47: [object Object]
Checking 16, 48: null
Ejected to 16, 48
House dying at 20, 49. Occupants: 0
House dying at 38, 27. Occupants: 2
Checking 37, 26: null
Ejected to 37, 26
Checking 37, 26: [object Object]
Checking 37, 27: null
Ejected to 37, 27
Human Tina built Nature Reserve for WOLF
Human Yara built Nature Reserve for WOLF
Human Ivy built Nature Reserve for WOLF
Human Ivy built Nature Reserve for WOLF
Human Bob built Nature Reserve for WOLF
Human Grace built Nature Reserve for WOLF
House dying at 41, 23. Occupants: 2
Checking 40, 22: null
Ejected to 40, 22
Checking 40, 22: [object Object]
Checking 40, 23: null
Ejected to 40, 23
Human Oscar built Nature Reserve for WOLF
Human Oscar built Nature Reserve for WOLF
Human Ivy built Nature Reserve for WOLF
Human Ivy built Nature Reserve for WOLF
Human Quinn built Nature Reserve for WOLF
Human Yara built Nature Reserve for WOLF
Human Quinn built Nature Reserve for WOLF
Human Pip built Nature Reserve for WOLF
House dying at 41, 27. Occupants: 2
Checking 40, 26: null
Ejected to 40, 26
Checking 40, 26: [object Object]
Checking 40, 27: null
Ejected to 40, 27
Human Diana built Nature Reserve for WOLF
Human Wendy built Nature Reserve for WOLF
Human Grace built Nature Reserve for WOLF
Human Victor built Nature Reserve for WOLF
Human Jack built Nature Reserve for WOLF
Human Quinn built Nature Reserve for WOLF
House dying at 8, 36. Occupants: 1
Checking 7, 35: null
Ejected to 7, 35
House dying at 43, 25. Occupants: 2
Checking 42, 24: null
Ejected to 42, 24
Checking 42, 24: [object Object]
Checking 42, 25: null
Ejected to 42, 25
Human Quinn built Nature Reserve for WOLF
Human Yara built Nature Reserve for WOLF
Human Diana built Nature Reserve for WOLF
Human Uma built Nature Reserve for WOLF
Human Jack built Nature Reserve for WOLF
Human Milo built Nature Reserve for WOLF
Human Quinn built Nature Reserve for WOLF
Human Quinn built Nature Reserve for WOLF
Human Hank built Nature Reserve for WOLF
Human Victor built Nature Reserve for WOLF
Human Ruby built Nature Reserve for WOLF
Human Uma built Nature Reserve for WOLF
Human Victor built Nature Reserve for WOLF
Human Eve built Nature Reserve for WOLF
House dying at 33, 43. Occupants: 2
Checking 32, 42: [object Object]
Checking 32, 43: null
Ejected to 32, 43
Checking 32, 42: [object Object]
Checking 32, 43: [object Object]
Checking 32, 44: [object Object]
Checking 33, 42: [object Object]
Checking 33, 44: null
Ejected to 33, 44
House dying at 49, 34. Occupants: 0
House dying at 47, 31. Occupants: 2
Checking 46, 30: null
Ejected to 46, 30
Checking 46, 30: [object Object]
Checking 46, 31: [object Object]
Checking 46, 32: null
Ejected to 46, 32
Human Quinn built Nature Reserve for WOLF
Human Sam built Nature Reserve for WOLF
Human Victor built Nature Reserve for WOLF
Human Diana built Nature Reserve for WOLF
Human Diana built Nature Reserve for WOLF
Human Grace built Nature Reserve for WOLF
Human Yara built Nature Reserve for WOLF
Human Grace built Nature Reserve for WOLF
Human Xander built Nature Reserve for WOLF
Human Victor built Nature Reserve for WOLF
Human Tina built Nature Reserve for WOLF
Human Luna built Nature Reserve for WOLF
House dying at 43, 35. Occupants: 1
Checking 42, 34: null
Ejected to 42, 34
Human Uma built Nature Reserve for WOLF
Human Wendy built Nature Reserve for WOLF
Human Wendy built Nature Reserve for WOLF
Human Ivy built Nature Reserve for WOLF
House dying at 46, 31. Occupants: 2
Checking 45, 30: [object Object]
Checking 45, 31: null
Ejected to 45, 31
Checking 45, 30: [object Object]
Checking 45, 31: [object Object]
Checking 45, 32: null
Ejected to 45, 32
Human Jack built Nature Reserve for WOLF
Human Jack built Nature Reserve for WOLF
Human Tina built Nature Reserve for WOLF
Human Frank built Nature Reserve for WOLF
House dying at 15, 49. Occupants: 0
House dying at 41, 25. Occupants: 2
Checking 40, 24: null
Ejected to 40, 24
Checking 40, 24: [object Object]
Checking 40, 25: null
Ejected to 40, 25
House dying at 44, 39. Occupants: 1
Checking 43, 38: null
Ejected to 43, 38
Human Ivy built Nature Reserve for WOLF
House dying at 6, 39. Occupants: 0
House dying at 11, 42. Occupants: 0
Human Ivy built Nature Reserve for WOLF
Human Uma built Nature Reserve for WOLF
House dying at 31, 39. Occupants: 2
Checking 30, 38: null
Ejected to 30, 38
Checking 30, 38: [object Object]
Checking 30, 39: null
Ejected to 30, 39
House dying at 11, 44. Occupants: 0
Human Pip built Nature Reserve for WOLF
Human Xander built Nature Reserve for WOLF
Human Bob built Nature Reserve for WOLF
Human Quinn built Nature Reserve for WOLF
Human Pip built Nature Reserve for WOLF
Human Victor built Nature Reserve for WOLF
Human Grace built Nature Reserve for WOLF
House dying at 15, 48. Occupants: 0
House dying at 18, 43. Occupants: 2
Checking 17, 42: null
Ejected to 17, 42
Checking 17, 42: [object Object]
Checking 17, 43: null
Ejected to 17, 43
Human Victor built Nature Reserve for WOLF
Human Nina built Nature Reserve for WOLF
Human Milo built Nature Reserve for WOLF
Human Bob built Nature Reserve for WOLF
Human Quinn built Nature Reserve for WOLF
Human Charlie built Nature Reserve for WOLF
Human Ruby built Nature Reserve for WOLF
Human Sam built Nature Reserve for WOLF
Human Ivy built Nature Reserve for WOLF
Human Wendy built Nature Reserve for WOLF
Human Luna built Nature Reserve for WOLF
House dying at 9, 35. Occupants: 1
Checking 8, 34: null
Ejected to 8, 34
House dying at 37, 18. Occupants: 2
Checking 36, 17: null
Ejected to 36, 17
Checking 36, 17: [object Object]
Checking 36, 18: null
Ejected to 36, 18
House dying at 43, 36. Occupants: 2
Checking 42, 35: null
Ejected to 42, 35
Checking 42, 35: [object Object]
Checking 42, 36: null
Ejected to 42, 36
Human Zane built Nature Reserve for WOLF
Human Xander built Nature Reserve for WOLF
Human Diana built Nature Reserve for WOLF
Human Pip built Nature Reserve for WOLF
House dying at 21, 49. Occupants: 2
Checking 20, 48: null
Ejected to 20, 48
Checking 20, 48: [object Object]
Checking 20, 49: null
Ejected to 20, 49
House dying at 15, 46. Occupants: 0
Human Diana built Nature Reserve for WOLF
Human Zane built Nature Reserve for WOLF
Human Jack built Nature Reserve for WOLF
House dying at 20, 6. Occupants: 2
Checking 19, 5: null
Ejected to 19, 5
Checking 19, 5: [object Object]
Checking 19, 6: null
Ejected to 19, 6
Human Quinn built Nature Reserve for WOLF
House dying at 7, 37. Occupants: 0
House dying at 31, 43. Occupants: 2
Checking 30, 42: null
Ejected to 30, 42
Checking 30, 42: [object Object]
Checking 30, 43: null
Ejected to 30, 43
House dying at 7, 44. Occupants: 0
Human Xander built Nature Reserve for WOLF
House dying at 21, 47. Occupants: 2
Checking 20, 46: null
Ejected to 20, 46
Checking 20, 46: [object Object]
Checking 20, 47: null
Ejected to 20, 47
House dying at 22, 48. Occupants: 2
Checking 21, 47: null
Ejected to 21, 47
Checking 21, 47: [object Object]
Checking 21, 48: [object Object]
Checking 21, 49: null
Ejected to 21, 49
Human Pip built Nature Reserve for WOLF
Human Quinn built Nature Reserve for WOLF
House dying at 33, 22. Occupants: 2
Checking 32, 21: null
Ejected to 32, 21
Checking 32, 21: [object Object]
Checking 32, 22: [object Object]
Checking 32, 23: [object Object]
Checking 33, 21: [object Object]
Checking 33, 23: [object Object]
Checking 34, 21: [object Object]
Checking 34, 22: null
Ejected to 34, 22
Human Alice built Nature Reserve for WOLF
Human Tina built Nature Reserve for WOLF
House dying at 9, 43. Occupants: 0
Human Luna built Nature Reserve for WOLF
Human Xander built Nature Reserve for WOLF
Human Tina built Nature Reserve for WOLF
Human Grace built Nature Reserve for WOLF
Human Oscar built Nature Reserve for WOLF
Human Hank built Nature Reserve for WOLF
Human Frank built Nature Reserve for WOLF
Human Pip built Nature Reserve for WOLF
House dying at 31, 41. Occupants: 0
Human Tina built Nature Reserve for WOLF
Human Hank built Nature Reserve for WOLF
Human Charlie built Nature Reserve for WOLF
House dying at 41, 39. Occupants: 1
Checking 40, 38: null
Ejected to 40, 38
Human Yara built Nature Reserve for WOLF
Human Charlie built Nature Reserve for WOLF
Human Eve built Nature Reserve for WOLF
House dying at 47, 37. Occupants: 2
Checking 46, 36: [object Object]
Checking 46, 37: null
Ejected to 46, 37
Checking 46, 36: [object Object]
Checking 46, 37: [object Object]
Checking 46, 38: null
Ejected to 46, 38
House dying at 49, 29. Occupants: 2
Checking 48, 28: null
Ejected to 48, 28
Checking 48, 28: [object Object]
Checking 48, 29: null
Ejected to 48, 29
Human Milo built Nature Reserve for WOLF
House dying at 39, 22. Occupants: 1
Checking 38, 21: null
Ejected to 38, 21
Human Frank built Nature Reserve for WOLF
House dying at 22, 45. Occupants: 2
Checking 21, 44: null
Ejected to 21, 44
Checking 21, 44: [object Object]
Checking 21, 45: null
Ejected to 21, 45
House dying at 16, 44. Occupants: 0
House dying at 45, 28. Occupants: 1
Checking 44, 27: null
Ejected to 44, 27
House dying at 29, 43. Occupants: 2
Checking 28, 42: null
Ejected to 28, 42
Checking 28, 42: [object Object]
Checking 28, 43: null
Ejected to 28, 43
House dying at 30, 41. Occupants: 1
Checking 29, 40: null
Ejected to 29, 40
Human Nina built Nature Reserve for WOLF
Human Grace built Nature Reserve for WOLF
Human Alice built Nature Reserve for WOLF
Human Ivy built Nature Reserve for WOLF
Human Luna built Nature Reserve for WOLF
House dying at 11, 47. Occupants: 0
Human Uma built Nature Reserve for WOLF
Human Wendy built Nature Reserve for WOLF
Human Ivy built Nature Reserve for WOLF
Human Jack built Nature Reserve for WOLF
Human Charlie built Nature Reserve for WOLF
Human Grace built Nature Reserve for WOLF
Human Charlie built Nature Reserve for WOLF
Human Yara built Nature Reserve for WOLF
Human Nina built Nature Reserve for WOLF
House dying at 8, 46. Occupants: 0
House dying at 34, 39. Occupants: 2
Checking 33, 38: null
Ejected to 33, 38
Checking 33, 38: [object Object]
Checking 33, 39: null
Ejected to 33, 39
House dying at 5, 36. Occupants: 1
Checking 4, 35: null
Ejected to 4, 35
Human Bob built Nature Reserve for WOLF
Human Uma built Nature Reserve for WOLF
Human Nina built Nature Reserve for WOLF
Human Eve built Nature Reserve for WOLF
Human Oscar built Nature Reserve for WOLF
House dying at 35, 45. Occupants: 0
House dying at 3, 42. Occupants: 0
House dying at 4, 46. Occupants: 0
House dying at 36, 43. Occupants: 0
Human Luna built Nature Reserve for WOLF
Human Bob built Nature Reserve for WOLF
Human Milo built Nature Reserve for WOLF
House dying at 31, 37. Occupants: 2
Checking 30, 36: null
Ejected to 30, 36
Checking 30, 36: [object Object]
Checking 30, 37: null
Ejected to 30, 37
Human Eve built Nature Reserve for WOLF
Human Hank built Nature Reserve for WOLF
House dying at 13, 48. Occupants: 0
Human Quinn built Nature Reserve for WOLF
House dying at 34, 20. Occupants: 2
Checking 33, 19: null
Ejected to 33, 19
Checking 33, 19: [object Object]
Checking 33, 20: null
Ejected to 33, 20
House dying at 44, 33. Occupants: 2
Checking 43, 32: null
Ejected to 43, 32
Checking 43, 32: [object Object]
Checking 43, 33: [object Object]
Checking 43, 34: null
Ejected to 43, 34
House dying at 44, 30. Occupants: 2
Checking 43, 29: [object Object]
Checking 43, 30: null
Ejected to 43, 30
Checking 43, 29: [object Object]
Checking 43, 30: [object Object]
Checking 43, 31: null
Ejected to 43, 31
House dying at 36, 39. Occupants: 2
Checking 35, 38: null
Ejected to 35, 38
Checking 35, 38: [object Object]
Checking 35, 39: null
Ejected to 35, 39
House dying at 18, 45. Occupants: 2
Checking 17, 44: [object Object]
Checking 17, 45: [object Object]
Checking 17, 46: null
Ejected to 17, 46
Checking 17, 44: [object Object]
Checking 17, 45: [object Object]
Checking 17, 46: [object Object]
Checking 18, 44: null
Ejected to 18, 44
House dying at 13, 42. Occupants: 0
House dying at 29, 38. Occupants: 2
Checking 28, 37: null
Ejected to 28, 37
Checking 28, 37: [object Object]
Checking 28, 38: null
Ejected to 28, 38
Human Sam built Nature Reserve for WOLF
Human Grace built Nature Reserve for WOLF
House dying at 47, 39. Occupants: 2
Checking 46, 38: null
Ejected to 46, 38
Checking 46, 38: [object Object]
Checking 46, 39: null
Ejected to 46, 39
House dying at 40, 35. Occupants: 1
Checking 39, 34: null
Ejected to 39, 34
Human Frank built Nature Reserve for WOLF
Human Yara built Nature Reserve for WOLF
House dying at 27, 44. Occupants: 2
Checking 26, 43: null
Ejected to 26, 43
Checking 26, 43: [object Object]
Checking 26, 44: [object Object]
Checking 26, 45: null
Ejected to 26, 45
House dying at 10, 37. Occupants: 0
House dying at 29, 45. Occupants: 2
Checking 28, 44: [object Object]
Checking 28, 45: null
Ejected to 28, 45
Checking 28, 44: [object Object]
Checking 28, 45: [object Object]
Checking 28, 46: null
Ejected to 28, 46
House dying at 14, 36. Occupants: 2
Checking 13, 35: [object Object]
Checking 13, 36: null
Ejected to 13, 36
Checking 13, 35: [object Object]
Checking 13, 36: [object Object]
Checking 13, 37: null
Ejected to 13, 37
House dying at 39, 18. Occupants: 0
House dying at 13, 47. Occupants: 0
House dying at 11, 36. Occupants: 2
Checking 10, 35: [object Object]
Checking 10, 36: null
Ejected to 10, 36
Checking 10, 35: [object Object]
Checking 10, 36: [object Object]
Checking 10, 37: null
Ejected to 10, 37
House dying at 7, 48. Occupants: 0
House dying at 3, 40. Occupants: 0
House dying at 29, 41. Occupants: 2
Checking 28, 40: null
Ejected to 28, 40
Checking 28, 40: [object Object]
Checking 28, 41: null
Ejected to 28, 41
Human Ivy built Nature Reserve for WOLF
Human Victor built Nature Reserve for WOLF
House dying at 2, 45. Occupants: 0
Human Ivy built Nature Reserve for WOLF
House dying at 33, 37. Occupants: 2
Checking 32, 36: null
Ejected to 32, 36
Checking 32, 36: [object Object]
Checking 32, 37: null
Ejected to 32, 37
House dying at 5, 43. Occupants: 0
Human Luna built Nature Reserve for WOLF
Human Quinn built Nature Reserve for WOLF
Human Ivy built Nature Reserve for WOLF
Human Ivy built Nature Reserve for WOLF
Human Milo built Nature Reserve for WOLF
House dying at 30, 47. Occupants: 2
Checking 29, 46: null
Ejected to 29, 46
Checking 29, 46: [object Object]
Checking 29, 47: null
Ejected to 29, 47
House dying at 43, 20. Occupants: 0
Human Sam built Nature Reserve for WOLF
Human Alice built Nature Reserve for WOLF
House dying at 27, 40. Occupants: 2
Checking 26, 39: null
Ejected to 26, 39
Checking 26, 39: [object Object]
Checking 26, 40: null
Ejected to 26, 40
House dying at 34, 21. Occupants: 2
Checking 33, 20: null
Ejected to 33, 20
Checking 33, 20: [object Object]
Checking 33, 21: [object Object]
Checking 33, 22: null
Ejected to 33, 22
House dying at 41, 32. Occupants: 2
Checking 40, 31: null
Ejected to 40, 31
Checking 40, 31: [object Object]
Checking 40, 32: null
Ejected to 40, 32
House dying at 41, 14. Occupants: 2
Checking 40, 13: null
Ejected to 40, 13
Checking 40, 13: [object Object]
Checking 40, 14: null
Ejected to 40, 14
House dying at 26, 42. Occupants: 2
Checking 25, 41: [object Object]
Checking 25, 42: null
Ejected to 25, 42
Checking 25, 41: [object Object]
Checking 25, 42: [object Object]
Checking 25, 43: null
Ejected to 25, 43
House dying at 32, 47. Occupants: 2
Checking 31, 46: null
Ejected to 31, 46
Checking 31, 46: [object Object]
Checking 31, 47: null
Ejected to 31, 47
New Faction INDIGO_263 registered with traits: {
  moveSpeed: [33m0.9285438204406049[39m,
  hungerRate: [33m0.9755350834954124[39m,
  visionRadius: [33m1.0639031073011382[39m,
  aggression: [33m1.0112327634371636[39m
}
Societal Split! BLUE -> INDIGO_263 (Threshold: 6)
House dying at 47, 29. Occupants: 2
Checking 46, 28: [object Object]
Checking 46, 29: null
Ejected to 46, 29
Checking 46, 28: [object Object]
Checking 46, 29: [object Object]
Checking 46, 30: null
Ejected to 46, 30
House dying at 34, 47. Occupants: 2
Checking 33, 46: null
Ejected to 33, 46
Checking 33, 46: [object Object]
Checking 33, 47: null
Ejected to 33, 47
House dying at 44, 41. Occupants: 2
Checking 43, 40: null
Ejected to 43, 40
Checking 43, 40: [object Object]
Checking 43, 41: null
Ejected to 43, 41
House dying at 38, 40. Occupants: 2
Checking 37, 39: null
Ejected to 37, 39
Checking 37, 39: [object Object]
Checking 37, 40: null
Ejected to 37, 40
Human Victor built Nature Reserve for WOLF
Human Yara built Nature Reserve for WOLF
Human Pip built Nature Reserve for WOLF
Human Diana built Nature Reserve for WOLF
New Faction ORANGE_513 registered with traits: {
  moveSpeed: [33m0.9529726908011024[39m,
  hungerRate: [33m0.9869873449006257[39m,
  visionRadius: [33m0.961765608526674[39m,
  aggression: [33m1.0699521774304745[39m
}
Societal Split! BLUE -> ORANGE_513 (Threshold: 6)
House dying at 36, 47. Occupants: 0
House dying at 39, 29. Occupants: 2
Checking 38, 28: null
Ejected to 38, 28
Checking 38, 28: [object Object]
Checking 38, 29: [object Object]
Checking 38, 30: null
Ejected to 38, 30
House dying at 3, 37. Occupants: 0
House dying at 16, 45. Occupants: 0
House dying at 43, 33. Occupants: 2
Checking 42, 32: null
Ejected to 42, 32
Checking 42, 32: [object Object]
Checking 42, 33: [object Object]
Checking 42, 34: null
Ejected to 42, 34
House dying at 35, 18. Occupants: 2
Checking 34, 17: null
Ejected to 34, 17
Checking 34, 17: [object Object]
Checking 34, 18: null
Ejected to 34, 18
House dying at 1, 40. Occupants: 1
Checking 0, 39: null
Ejected to 0, 39
House dying at 6, 9. Occupants: 2
Checking 5, 8: null
Ejected to 5, 8
Checking 5, 8: [object Object]
Checking 5, 9: [object Object]
Checking 5, 10: [object Object]
Checking 6, 8: [object Object]
Checking 6, 10: [object Object]
Checking 7, 8: null
Ejected to 7, 8
House dying at 1, 41. Occupants: 0
House dying at 41, 17. Occupants: 2
Checking 40, 16: null
Ejected to 40, 16
Checking 40, 16: [object Object]
Checking 40, 17: [object Object]
Checking 40, 18: null
Ejected to 40, 18
House dying at 37, 47. Occupants: 2
Checking 36, 46: null
Ejected to 36, 46
Checking 36, 46: [object Object]
Checking 36, 47: null
Ejected to 36, 47
House dying at 39, 16. Occupants: 2
Checking 38, 15: null
Ejected to 38, 15
Checking 38, 15: [object Object]
Checking 38, 16: null
Ejected to 38, 16
House dying at 43, 23. Occupants: 2
Checking 42, 22: null
Ejected to 42, 22
Checking 42, 22: [object Object]
Checking 42, 23: null
Ejected to 42, 23
House dying at 43, 27. Occupants: 2
Checking 42, 26: [object Object]
Checking 42, 27: null
Ejected to 42, 27
Checking 42, 26: [object Object]
Checking 42, 27: [object Object]
Checking 42, 28: null
Ejected to 42, 28
House dying at 38, 44. Occupants: 2
Checking 37, 43: null
Ejected to 37, 43
Checking 37, 43: [object Object]
Checking 37, 44: null
Ejected to 37, 44
House dying at 22, 1. Occupants: 2
Checking 21, 0: null
Ejected to 21, 0
Checking 21, 0: [object Object]
Checking 21, 1: null
Ejected to 21, 1
House dying at 37, 29. Occupants: 2
Checking 36, 28: null
Ejected to 36, 28
Checking 36, 28: [object Object]
Checking 36, 29: null
Ejected to 36, 29
House dying at 38, 34. Occupants: 2
Checking 37, 33: [object Object]
Checking 37, 34: null
Ejected to 37, 34
Checking 37, 33: [object Object]
Checking 37, 34: [object Object]
Checking 37, 35: null
Ejected to 37, 35
House dying at 46, 41. Occupants: 2
Checking 45, 40: null
Ejected to 45, 40
Checking 45, 40: [object Object]
Checking 45, 41: null
Ejected to 45, 41
House dying at 45, 23. Occupants: 2
Checking 44, 22: null
Ejected to 44, 22
Checking 44, 22: [object Object]
Checking 44, 23: null
Ejected to 44, 23
House dying at 1, 34. Occupants: 2
Checking 0, 33: null
Ejected to 0, 33
Checking 0, 33: [object Object]
Checking 0, 34: null
Ejected to 0, 34
House dying at 21, 43. Occupants: 2
Checking 20, 42: null
Ejected to 20, 42
Checking 20, 42: [object Object]
Checking 20, 43: [object Object]
Checking 20, 44: null
Ejected to 20, 44
House dying at 15, 40. Occupants: 0
House dying at 6, 34. Occupants: 2
Checking 5, 33: null
Ejected to 5, 33
Checking 5, 33: [object Object]
Checking 5, 34: null
Ejected to 5, 34
House dying at 38, 42. Occupants: 2
Checking 37, 41: null
Ejected to 37, 41
Checking 37, 41: [object Object]
Checking 37, 42: null
Ejected to 37, 42
House dying at 41, 37. Occupants: 2
Checking 40, 36: null
Ejected to 40, 36
Checking 40, 36: [object Object]
Checking 40, 37: null
Ejected to 40, 37
House dying at 41, 29. Occupants: 2
Checking 40, 28: null
Ejected to 40, 28
Checking 40, 28: [object Object]
Checking 40, 29: null
Ejected to 40, 29
House dying at 42, 41. Occupants: 2
Checking 41, 40: null
Ejected to 41, 40
Checking 41, 40: [object Object]
Checking 41, 41: null
Ejected to 41, 41
House dying at 39, 38. Occupants: 2
Checking 38, 37: null
Ejected to 38, 37
Checking 38, 37: [object Object]
Checking 38, 38: null
Ejected to 38, 38
House dying at 23, 4. Occupants: 2
Checking 22, 3: [object Object]
Checking 22, 4: null
Ejected to 22, 4
Checking 22, 3: [object Object]
Checking 22, 4: [object Object]
Checking 22, 5: null
Ejected to 22, 5
House dying at 1, 38. Occupants: 0
House dying at 17, 49. Occupants: 0
House dying at 45, 43. Occupants: 2
Checking 44, 42: null
Ejected to 44, 42
Checking 44, 42: [object Object]
Checking 44, 43: null
Ejected to 44, 43
House dying at 36, 16. Occupants: 2
Checking 35, 15: [object Object]
Checking 35, 16: null
Ejected to 35, 16
Checking 35, 15: [object Object]
Checking 35, 16: [object Object]
Checking 35, 17: null
Ejected to 35, 17
House dying at 34, 28. Occupants: 2
Checking 33, 27: null
Ejected to 33, 27
Checking 33, 27: [object Object]
Checking 33, 28: null
Ejected to 33, 28
House dying at 39, 10. Occupants: 2
Checking 38, 9: null
Ejected to 38, 9
Checking 38, 9: [object Object]
Checking 38, 10: null
Ejected to 38, 10
House dying at 35, 30. Occupants: 2
Checking 34, 29: null
Ejected to 34, 29
Checking 34, 29: [object Object]
Checking 34, 30: null
Ejected to 34, 30
House dying at 15, 38. Occupants: 2
Checking 14, 37: [object Object]
Checking 14, 38: null
Ejected to 14, 38
Checking 14, 37: [object Object]
Checking 14, 38: [object Object]
Checking 14, 39: [object Object]
Checking 15, 37: null
Ejected to 15, 37
House dying at 47, 44. Occupants: 2
Checking 46, 43: null
Ejected to 46, 43
Checking 46, 43: [object Object]
Checking 46, 44: null
Ejected to 46, 44
House dying at 49, 39. Occupants: 2
Checking 48, 38: null
Ejected to 48, 38
Checking 48, 38: [object Object]
Checking 48, 39: null
Ejected to 48, 39
House dying at 32, 24. Occupants: 2
Checking 31, 23: [object Object]
Checking 31, 24: [object Object]
Checking 31, 25: null
Ejected to 31, 25
Checking 31, 23: [object Object]
Checking 31, 24: [object Object]
Checking 31, 25: [object Object]
Checking 32, 23: null
Ejected to 32, 23
House dying at 9, 37. Occupants: 2
Checking 8, 36: [object Object]
Checking 8, 37: null
Ejected to 8, 37
Checking 8, 36: [object Object]
Checking 8, 37: [object Object]
Checking 8, 38: null
Ejected to 8, 38
House dying at 36, 31. Occupants: 2
Checking 35, 30: null
Ejected to 35, 30
Checking 35, 30: [object Object]
Checking 35, 31: [object Object]
Checking 35, 32: null
Ejected to 35, 32
House dying at 32, 28. Occupants: 2
Checking 31, 27: null
Ejected to 31, 27
Checking 31, 27: [object Object]
Checking 31, 28: null
Ejected to 31, 28
House dying at 31, 42. Occupants: 2
Checking 30, 41: [object Object]
Checking 30, 42: null
Ejected to 30, 42
Checking 30, 41: [object Object]
Checking 30, 42: [object Object]
Checking 30, 43: null
Ejected to 30, 43
House dying at 31, 23. Occupants: 2
Checking 30, 22: null
Ejected to 30, 22
Checking 30, 22: [object Object]
Checking 30, 23: [object Object]
Checking 30, 24: null
Ejected to 30, 24
House dying at 43, 16. Occupants: 2
Checking 42, 15: null
Ejected to 42, 15
Checking 42, 15: [object Object]
Checking 42, 16: null
Ejected to 42, 16
New Faction PURPLE_693 registered with traits: {
  moveSpeed: [33m1.0734350033466789[39m,
  hungerRate: [33m0.9513544602167426[39m,
  visionRadius: [33m1.0623405534364627[39m,
  aggression: [33m0.960365408957606[39m
}
Societal Split! BLUE -> PURPLE_693 (Threshold: 6)
New Faction PURPLE_396 registered with traits: {
  moveSpeed: [33m0.9868518144109037[39m,
  hungerRate: [33m0.9742143709860744[39m,
  visionRadius: [33m0.9309119722122634[39m,
  aggression: [33m0.9780036235896348[39m
}
Societal Split! BLUE -> PURPLE_396 (Threshold: 6)
Human Uma built Nature Reserve for WOLF
Human Diana built Nature Reserve for WOLF
Human Milo built Nature Reserve for WOLF
Human Zane built Nature Reserve for WOLF
Human Zane built Nature Reserve for WOLF
Human Alice built Nature Reserve for WOLF
Human Ruby built Nature Reserve for WOLF
Human Diana built Nature Reserve for WOLF
Human Tina built Nature Reserve for WOLF
Human Milo built Nature Reserve for WOLF
Human Ruby built Nature Reserve for WOLF
Human Xander built Nature Reserve for WOLF
Human Eve built Nature Reserve for WOLF
Human Zane built Nature Reserve for WOLF
Human Milo built Nature Reserve for WOLF
Human Frank built Nature Reserve for WOLF
Human Jack built Nature Reserve for WOLF
Human Milo built Nature Reserve for WOLF
Human Ruby built Nature Reserve for WOLF
Human Xander built Nature Reserve for WOLF
Human Zane built Nature Reserve for WOLF
Human Diana built Nature Reserve for WOLF
Human Milo built Nature Reserve for WOLF
Human Uma built Nature Reserve for WOLF
Human Milo built Nature Reserve for WOLF
Human Charlie built Nature Reserve for WOLF
Human Uma built Nature Reserve for WOLF
Human Alice built Nature Reserve for WOLF
Human Uma built Nature Reserve for WOLF
Human Diana built Nature Reserve for WOLF
Human Zane built Nature Reserve for WOLF
Human Zane built Nature Reserve for WOLF
Human Grace built Nature Reserve for WOLF
Human Victor built Nature Reserve for WOLF
Human Ivy built Nature Reserve for WOLF
Human Ruby built Nature Reserve for WOLF
Human Hank built Nature Reserve for WOLF
Human Uma built Nature Reserve for WOLF
Human Eve built Nature Reserve for WOLF
Human Zane built Nature Reserve for WOLF
Human Eve built Nature Reserve for WOLF
Human Victor built Nature Reserve for WOLF
Human Tina built Nature Reserve for WOLF
Human Eve built Nature Reserve for WOLF
House dying at 37, 21. Occupants: 2
Checking 36, 20: null
Ejected to 36, 20
Checking 36, 20: [object Object]
Checking 36, 21: null
Ejected to 36, 21
Human Eve built Nature Reserve for WOLF
Human Xander built Nature Reserve for WOLF
Human Jack built Nature Reserve for WOLF
Human Ivy built Nature Reserve for WOLF
House dying at 38, 23. Occupants: 1
Checking 37, 22: null
Ejected to 37, 22
House dying at 8, 39. Occupants: 0
Human Uma built Nature Reserve for WOLF
House dying at 31, 40. Occupants: 0
House dying at 49, 33. Occupants: 0
House dying at 45, 33. Occupants: 1
Checking 44, 32: null
Ejected to 44, 32
Human Yara built Nature Reserve for WOLF
Human Jack built Nature Reserve for WOLF
House dying at 1, 36. Occupants: 0
House dying at 5, 11. Occupants: 2
Checking 4, 10: null
Ejected to 4, 10
Checking 4, 10: [object Object]
Checking 4, 11: null
Ejected to 4, 11
House dying at 43, 32. Occupants: 1
Checking 42, 31: null
Ejected to 42, 31
House dying at 35, 23. Occupants: 0
House dying at 10, 41. Occupants: 0
House dying at 13, 37. Occupants: 1
Checking 12, 36: null
Ejected to 12, 36
House dying at 19, 49. Occupants: 0
House dying at 46, 33. Occupants: 0
House dying at 9, 39. Occupants: 0
House dying at 33, 44. Occupants: 2
Checking 32, 43: [object Object]
Checking 32, 44: null
Ejected to 32, 44
Checking 32, 43: [object Object]
Checking 32, 44: [object Object]
Checking 32, 45: null
Ejected to 32, 45
House dying at 6, 42. Occupants: 0
House dying at 38, 27. Occupants: 0
House dying at 18, 46. Occupants: 0
House dying at 5, 40. Occupants: 0
House dying at 33, 39. Occupants: 0
House dying at 40, 24. Occupants: 1
Checking 39, 23: null
Ejected to 39, 23
House dying at 34, 42. Occupants: 2
Checking 33, 41: [object Object]
Checking 33, 42: [object Object]
Checking 33, 43: null
Ejected to 33, 43
Checking 33, 41: [object Object]
Checking 33, 42: [object Object]
Checking 33, 43: [object Object]
Checking 34, 41: null
Ejected to 34, 41
House dying at 39, 25. Occupants: 0
House dying at 35, 21. Occupants: 0
House dying at 39, 19. Occupants: 2
Checking 38, 18: null
Ejected to 38, 18
Checking 38, 18: [object Object]
Checking 38, 19: [object Object]
Checking 38, 20: null
Ejected to 38, 20
House dying at 49, 31. Occupants: 0
House dying at 6, 37. Occupants: 0
House dying at 13, 39. Occupants: 1
Checking 12, 38: [object Object]
Checking 12, 39: [object Object]
Checking 12, 40: [object Object]
Checking 13, 38: null
Ejected to 13, 38
House dying at 20, 47. Occupants: 1
Checking 19, 46: [object Object]
Checking 19, 47: null
Ejected to 19, 47
New Faction PURPLE_844 registered with traits: {
  moveSpeed: [33m1.02712894375517[39m,
  hungerRate: [33m1.0743612205487543[39m,
  visionRadius: [33m1.0346551613695747[39m,
  aggression: [33m1.0611368355530573[39m
}
Societal Split! BLUE -> PURPLE_844 (Threshold: 6)
House dying at 9, 44. Occupants: 0
Human Victor built Nature Reserve for WOLF
House dying at 9, 34. Occupants: 1
Checking 8, 33: null
Ejected to 8, 33
House dying at 41, 22. Occupants: 2
Checking 40, 21: null
Ejected to 40, 21
Checking 40, 21: [object Object]
Checking 40, 22: null
Ejected to 40, 22
House dying at 3, 43. Occupants: 0
House dying at 29, 43. Occupants: 1
Checking 28, 42: null
Ejected to 28, 42
House dying at 33, 21. Occupants: 0
Human Yara built Nature Reserve for WOLF
House dying at 36, 27. Occupants: 0
House dying at 11, 35. Occupants: 2
Checking 10, 34: [object Object]
Checking 10, 35: null
Ejected to 10, 35
Checking 10, 34: [object Object]
Checking 10, 35: [object Object]
Checking 10, 36: null
Ejected to 10, 36
House dying at 40, 27. Occupants: 0
Human Bob built Nature Reserve for WOLF
House dying at 46, 28. Occupants: 2
Checking 45, 27: null
Ejected to 45, 27
Checking 45, 27: [object Object]
Checking 45, 28: null
Ejected to 45, 28
Cow Endangered Reproduction!
Human Diana built Nature Reserve for COW
Cow Endangered Reproduction!
Cow Endangered Reproduction!
Final population: 716

 [32m✓[39m src/engine/LongRun.test.js [2m([22m[2m1 test[22m[2m)[22m[33m 9188[2mms[22m[39m
     [33m[2m✓[22m[39m should run for 1000 ticks without crashing or exploding [33m 9185[2mms[22m[39m

[31m⎯⎯⎯⎯⎯⎯⎯[39m[1m[41m Failed Tests 1 [49m[22m[31m⎯⎯⎯⎯⎯⎯⎯[39m

[41m[1m FAIL [22m[49m src/engine/StatsDrift.test.js[2m > [22mStats Drift[2m > [22mHuman count should decrease when House containing Human is destroyed
[31m[1mAssertionError[22m: expected null not to be null[39m
[36m [2m❯[22m src/engine/StatsDrift.test.js:[2m46:39[22m[39m
    [90m 44| [39m        [90m// So count should be 1, and human should be on grid.[39m
    [90m 45| [39m        [34mexpect[39m(world[33m.[39mentityCounts[33m.[39mhuman)[33m.[39m[34mtoBe[39m([34m1[39m)[33m;[39m
    [90m 46| [39m        [34mexpect[39m(world[33m.[39m[34mgetAt[39m([34m0[39m[33m,[39m [34m0[39m))[33m.[39mnot[33m.[39m[34mtoBeNull[39m()[33m;[39m
    [90m   | [39m                                      [31m^[39m
    [90m 47| [39m        [34mexpect[39m(world[33m.[39m[34mgetAt[39m([34m0[39m[33m,[39m [34m0[39m)[33m.[39mtype)[33m.[39m[34mtoBe[39m([32m'human'[39m)[33m;[39m
    [90m 48| [39m    })[33m;[39m

[31m[2m⎯⎯⎯⎯⎯⎯⎯⎯⎯⎯⎯⎯⎯⎯⎯⎯⎯⎯⎯⎯⎯⎯⎯⎯[1/1]⎯[22m[39m


[2m Test Files [22m [1m[31m1 failed[39m[22m[2m | [22m[1m[32m1 passed[39m[22m[90m (2)[39m
[2m      Tests [22m [1m[31m1 failed[39m[22m[2m | [22m[1m[32m3 passed[39m[22m[90m (4)[39m
[2m   Start at [22m 21:03:28
[2m   Duration [22m 37.24s[2m (transform 21.42s, setup 0ms, collect 27.32s, tests 9.46s, environment 21ms, prepare 726ms)[22m

[1m[41m FAIL [49m[22m [31mTests failed. Watching for file changes...[39m
       [2mpress [22m[1mh[22m[2m to show help[22m[2m, [22m[2mpress [22m[1mq[22m[2m to quit[22m
c[3J[1m[44m RERUN [49m[22m [34m[2msrc/engine/World.js [22m[39m
       [2m Filename pattern: [22m[34msrc/engine/StatsDrift.test.js, run[39m

[90mstdout[2m | src/engine/StatsDrift.test.js[2m > [22m[2mStats Drift[2m > [22m[2mHuman count should decrease when House containing Human is destroyed
[22m[39mAdded entity human at 0, 0
Added entity house at 0, 1
Removed entity human from grid at 0, 0
House dying at 0, 1. Occupants: 1
Checking -1, 0: null
Checking -1, 1: null
Checking -1, 2: null
Checking 0, 0: null
Added entity human at 0, 0
Ejected to 0, 0
Removed entity house from grid at 0, 1

[90mstdout[2m | src/engine/StatsDrift.test.js[2m > [22m[2mStats Drift[2m > [22m[2mHuman count should decrease if House is destroyed and occupant cannot be ejected
[22m[39mAdded entity human at 5, 5
Added entity house at 5, 5
Added entity house at 4, 4
Added entity house at 5, 4
Added entity house at 6, 4
Added entity house at 4, 5
Added entity house at 6, 5
Added entity house at 4, 6
Added entity house at 5, 6
Added entity house at 6, 6
House dying at 5, 5. Occupants: 1
Checking 4, 4: [object Object]
Checking 4, 5: [object Object]
Checking 4, 6: [object Object]
Checking 5, 4: [object Object]
Checking 5, 6: [object Object]
Checking 6, 4: [object Object]
Checking 6, 5: [object Object]
Checking 6, 6: [object Object]
Failed to eject
Removed entity house from grid at 5, 5

 [31m❯[39m src/engine/StatsDrift.test.js [2m([22m[2m3 tests[22m[2m | [22m[31m1 failed[39m[2m)[22m[32m 300[2mms[22m[39m
[31m     [31m×[31m Human count should decrease when House containing Human is destroyed[39m[32m 232[2mms[22m[39m
     [32m✓[39m Human count should decrease if House is destroyed and occupant cannot be ejected[32m 42[2mms[22m[39m
     [32m✓[39m Recalculate stats should correct any drift[32m 1[2mms[22m[39m
[90mstdout[2m | src/engine/LongRun.test.js[2m > [22m[2mLong Run Stability[2m > [22m[2mshould run for 1000 ticks without crashing or exploding
[22m[39mAdded entity human at 26, 19
Added entity human at 18, 38
Added entity human at 40, 13
Added entity human at 32, 17
Added entity human at 5, 14
Added entity human at 11, 7
Added entity human at 29, 43
Added entity human at 25, 11
Added entity human at 30, 23
Added entity human at 20, 6
Added entity human at 47, 41
Added entity human at 35, 42
Added entity human at 19, 21
Added entity human at 16, 46
Added entity human at 17, 3
Added entity human at 3, 20
Added entity human at 48, 11
Added entity human at 26, 47
Added entity human at 1, 1
Added entity human at 39, 48
Added entity human at 26, 28
Added entity human at 45, 10
Added entity human at 42, 39
Added entity human at 34, 16
Added entity human at 6, 4
Added entity human at 44, 28
Added entity human at 25, 44
Added entity human at 12, 26
Added entity human at 29, 33
Added entity human at 21, 33
Added entity human at 12, 12
Added entity human at 41, 25
Added entity human at 8, 30
Added entity human at 21, 26
Added entity human at 41, 32
Added entity human at 26, 45
Added entity human at 48, 48
Added entity human at 10, 17
Added entity human at 41, 44
Added entity human at 48, 22
Added entity human at 19, 38
Added entity human at 48, 30
Added entity human at 49, 16
Added entity human at 26, 16
Added entity human at 18, 9
Added entity human at 5, 4
Added entity human at 25, 10
Added entity human at 23, 42
Added entity human at 4, 32
Added entity human at 45, 29
Added entity wolf at 14, 3
Added entity wolf at 21, 13
Added entity wolf at 2, 17
Added entity wolf at 16, 30
Added entity wolf at 43, 20
Added entity wolf at 30, 24
Added entity wolf at 38, 22
Added entity wolf at 25, 29
Added entity wolf at 48, 13
Added entity wolf at 10, 14
Added entity wolf at 32, 5
Added entity wolf at 25, 25
Added entity wolf at 6, 49
Added entity wolf at 13, 12
Added entity wolf at 16, 43
Added entity wolf at 12, 26
Added entity wolf at 41, 5
Added entity wolf at 38, 42
Added entity wolf at 9, 44
Added entity wolf at 12, 22
Added entity wolf at 33, 38
Added entity wolf at 12, 12
Added entity wolf at 8, 33
Added entity wolf at 28, 46
Added entity wolf at 44, 42
Added entity wolf at 37, 40
Added entity wolf at 10, 37
Added entity wolf at 44, 10
Added entity wolf at 38, 0
Added entity wolf at 0, 25
Added entity wolf at 29, 37
Added entity wolf at 22, 4
Added entity wolf at 39, 9
Added entity wolf at 0, 37
Added entity wolf at 21, 3
Added entity wolf at 29, 31
Added entity wolf at 48, 40
Added entity wolf at 14, 18
Added entity wolf at 40, 12
Added entity wolf at 26, 34
Added entity wolf at 28, 9
Added entity wolf at 22, 24
Added entity wolf at 24, 17
Added entity wolf at 49, 22
Added entity wolf at 40, 5
Added entity wolf at 43, 41
Added entity wolf at 30, 21
Added entity wolf at 45, 23
Added entity wolf at 21, 41
Added entity wolf at 23, 31
Added entity cow at 29, 35
Added entity cow at 7, 0
Added entity cow at 23, 17
Added entity cow at 19, 45
Added entity cow at 29, 43
Added entity cow at 31, 28
Added entity cow at 34, 8
Added entity cow at 39, 11
Added entity cow at 24, 12
Added entity cow at 35, 6
Added entity cow at 46, 38
Added entity cow at 5, 42
Added entity cow at 25, 3
Added entity cow at 42, 27
Added entity cow at 3, 12
Added entity cow at 5, 41
Added entity cow at 27, 33
Added entity cow at 27, 9
Added entity cow at 22, 27
Added entity cow at 18, 11
Added entity cow at 24, 22
Added entity cow at 5, 37
Added entity cow at 22, 30
Added entity cow at 16, 17
Added entity cow at 7, 48
Added entity cow at 19, 0
Added entity cow at 22, 17
Added entity cow at 3, 45
Added entity cow at 33, 33
Added entity cow at 16, 14
Added entity cow at 28, 37
Added entity cow at 1, 37
Added entity cow at 36, 18
Added entity cow at 23, 25
Added entity cow at 47, 48
Added entity cow at 40, 2
Added entity cow at 16, 25
Added entity cow at 2, 13
Added entity cow at 20, 16
Added entity cow at 39, 10
Added entity cow at 24, 19
Added entity cow at 19, 34
Added entity cow at 21, 43
Added entity cow at 12, 11
Added entity cow at 24, 27
Added entity cow at 6, 14
Added entity cow at 33, 36
Added entity cow at 23, 16
Added entity cow at 31, 19
Added entity cow at 27, 27
Added entity tree at 31, 40
Added entity tree at 39, 23
Added entity tree at 18, 25
Added entity tree at 7, 0
Added entity tree at 29, 38
Added entity tree at 0, 0
Added entity tree at 15, 43
Added entity tree at 29, 46
Added entity tree at 28, 9
Added entity tree at 0, 25
Added entity tree at 32, 18
Added entity tree at 2, 46
Added entity tree at 32, 35
Added entity tree at 23, 9
Added entity tree at 28, 1
Added entity tree at 31, 26
Added entity tree at 27, 13
Added entity tree at 47, 23
Added entity tree at 33, 40
Added entity tree at 45, 18
Added entity tree at 16, 33
Added entity tree at 39, 12
Added entity tree at 44, 16
Added entity tree at 3, 48
Added entity tree at 29, 38
Added entity tree at 32, 30
Added entity tree at 32, 36
Added entity tree at 9, 0
Added entity tree at 45, 2
Added entity tree at 43, 48
Added entity tree at 3, 22
Added entity tree at 49, 5
Added entity tree at 0, 13
Added entity tree at 43, 7
Added entity tree at 28, 11
Added entity tree at 28, 38
Added entity tree at 11, 30
Added entity tree at 26, 46
Added entity tree at 29, 21
Added entity tree at 8, 6
Added entity tree at 7, 21
Added entity tree at 17, 22
Added entity tree at 43, 31
Added entity tree at 1, 16
Added entity tree at 15, 26
Added entity tree at 11, 23
Added entity tree at 36, 13
Added entity tree at 41, 17
Added entity tree at 15, 7
Added entity tree at 20, 9
Added entity berry at 34, 26
Added entity berry at 12, 7
Added entity berry at 8, 9
Added entity berry at 47, 20
Added entity berry at 27, 2
Added entity berry at 19, 7
Added entity berry at 4, 13
Added entity berry at 46, 46
Added entity berry at 2, 7
Added entity berry at 40, 35
Added entity berry at 25, 18
Added entity berry at 22, 9
Added entity berry at 11, 23
Added entity berry at 29, 22
Added entity berry at 35, 5
Added entity berry at 32, 46
Added entity berry at 10, 25
Added entity berry at 25, 24
Added entity berry at 30, 35
Added entity berry at 1, 11
Added entity water at 7, 38
Added entity water at 11, 17
Added entity water at 46, 23
Added entity water at 44, 37
Added entity water at 5, 8
Added entity water at 6, 13
Added entity water at 41, 34
Added entity water at 3, 49
Added entity water at 30, 49
Added entity water at 30, 30
Added entity cow at 22, 15
Cow Endangered Reproduction!
Added entity cow at 38, 9
Cow Endangered Reproduction!
Added entity cow at 3, 14
Cow Endangered Reproduction!
Added entity cow at 21, 16
Cow Endangered Reproduction!
Added entity cow at 4, 40
Cow Endangered Reproduction!
Added entity cow at 4, 43
Cow Endangered Reproduction!
Added entity cow at 40, 10
Cow Endangered Reproduction!
Added entity cow at 33, 7
Cow Endangered Reproduction!
Added entity cow at 18, 46
Cow Endangered Reproduction!
Added entity cow at 22, 16
Cow Endangered Reproduction!
Added entity cow at 28, 36
Cow Endangered Reproduction!
Removed entity wolf from grid at 44, 9
Removed entity wolf from grid at 25, 29
Removed entity wolf from grid at 48, 12
Added entity cow at 23, 15
Cow Endangered Reproduction!
Added entity cow at 17, 47
Cow Endangered Reproduction!
Added entity cow at 34, 6
Cow Endangered Reproduction!
Added entity cow at 41, 9
Cow Endangered Reproduction!
Added entity cow at 3, 44
Cow Endangered Reproduction!
Added entity cow at 3, 41
Cow Endangered Reproduction!
Added entity cow at 20, 15
Cow Endangered Reproduction!
Added entity cow at 22, 26
Cow Endangered Reproduction!
Added entity cow at 21, 43
Cow Endangered Reproduction!
Added entity cow at 22, 19
Cow Endangered Reproduction!
Added entity cow at 22, 18
Cow Endangered Reproduction!
Removed entity berry from grid at 46, 46
Added entity cow at 15, 16
Cow Endangered Reproduction!
Added entity cow at 32, 33
Cow Endangered Reproduction!
Added entity cow at 3, 45
Cow Endangered Reproduction!
Added entity cow at 3, 38
Cow Endangered Reproduction!
Added entity cow at 23, 28
Cow Endangered Reproduction!
Added entity cow at 2, 13
Cow Endangered Reproduction!
Added entity cow at 23, 11
Cow Endangered Reproduction!
Removed entity wolf from grid at 27, 10
Removed entity wolf from grid at 25, 16
Added entity naturereserve at 43, 27
Human Ruby built Nature Reserve for COW
Added entity naturereserve at 40, 37
Human Oscar built Nature Reserve for COW
Removed entity wolf from grid at 49, 42
Added entity cow at 22, 10
Cow Endangered Reproduction!
Added entity cow at 1, 12
Added entity cow at 22, 29
Added entity cow at 2, 37
Added entity cow at 33, 32
Added entity cow at 14, 15
Added entity cow at 21, 18
Added entity cow at 22, 44
Added entity cow at 23, 25
Added entity cow at 19, 16
Added entity cow at 2, 40
Added entity cow at 4, 45
Added entity cow at 40, 8
Added entity cow at 16, 46
Added entity cow at 4, 15
Added entity cow at 37, 10
Added entity cow at 21, 14
Added entity cow at 32, 34
Added entity cow at 5, 13
Added entity cow at 4, 38
Added entity cow at 28, 35
Added entity cow at 17, 17
Added entity cow at 24, 25
Added entity cow at 26, 12
Added entity cow at 22, 1
Added entity cow at 35, 6
Removed entity berry from grid at 30, 35
Removed entity wolf from grid at 7, 32
Added entity tree at 25, 10
Added entity tree at 18, 10
Added entity tree at 24, 16
Added entity tree at 45, 19
Added entity tree at 41, 41
Added entity tree at 11, 16
Added entity tree at 44, 44
Added entity tree at 18, 23
Removed entity wolf from grid at 42, 23
Added entity tree at 14, 12
Added entity tree at 28, 32
Added entity tree at 8, 22
Added entity tree at 24, 41
Added entity tree at 43, 26
Added entity tree at 7, 3
Added entity tree at 35, 17
Removed entity wolf from grid at 42, 39
Added entity tree at 43, 8
Added entity tree at 37, 45
Added entity tree at 2, 2
Removed entity wolf from grid at 26, 48
Added entity tree at 46, 9
Added entity tree at 16, 43
Added entity tree at 20, 20
Removed entity wolf from grid at 37, 43
Added entity tree at 19, 3
Removed entity wolf from grid at 29, 25
Added entity tree at 26, 44
Removed entity wolf from grid at 2, 16
Added entity tree at 35, 19
Removed entity wolf from grid at 24, 21
Added entity cow at 36, 5
Added entity cow at 16, 18
Added entity cow at 3, 39
Added entity cow at 36, 11
Added entity cow at 5, 14
Added entity cow at 17, 45
Added entity cow at 41, 7
Added entity cow at 5, 44
Added entity cow at 18, 15
Added entity cow at 24, 26
Added entity cow at 20, 19
Added entity cow at 13, 16
Added entity cow at 34, 31
Added entity cow at 3, 36
Added entity cow at 21, 30
Added entity cow at 21, 9
Added entity cow at 23, 17
Added entity cow at 22, 14
Added entity cow at 29, 37
Added entity cow at 34, 20
Added entity cow at 23, 32
Added entity cow at 33, 20
Added entity cow at 21, 3
Added entity cow at 21, 29
Added entity cow at 27, 33
Removed entity cow from grid at 26, 12
Removed entity wolf from grid at 49, 20
Removed entity cow from grid at 13, 16
Removed entity cow from grid at 15, 14
Removed entity wolf from grid at 22, 32
Removed entity cow from grid at 30, 34
Removed entity wolf from grid at 14, 3
Removed entity cow from grid at 17, 45
Removed entity cow from grid at 46, 42
Removed entity cow from grid at 34, 20
Removed entity wolf from grid at 17, 41
Removed entity wolf from grid at 25, 21
Added entity cow at 26, 32
Added entity cow at 22, 30
Added entity cow at 20, 4
Added entity cow at 24, 31
Added entity cow at 30, 36
Added entity cow at 20, 10
Added entity cow at 20, 31
Added entity cow at 2, 35
Added entity cow at 35, 30
Added entity cow at 25, 27
Added entity cow at 17, 19
Added entity cow at 37, 6
Added entity cow at 21, 2
Added entity cow at 6, 14
Added entity cow at 33, 33
Added entity cow at 22, 13
Added entity cow at 23, 45
Added entity cow at 0, 11
Added entity cow at 2, 44
Added entity cow at 35, 7
Added entity cow at 13, 15
Added entity cow at 19, 25
Added entity cow at 22, 27
Added entity cow at 17, 13
Removed entity cow from grid at 20, 43
Removed entity cow from grid at 17, 13
Removed entity cow from grid at 24, 19
Removed entity cow from grid at 22, 43
Removed entity wolf from grid at 42, 24
Removed entity cow from grid at 16, 14
Removed entity cow from grid at 23, 32
Removed entity cow from grid at 4, 5
Removed entity cow from grid at 23, 19
Removed entity wolf from grid at 20, 6
Removed entity cow from grid at 40, 10
Added entity cow at 20, 24
Added entity cow at 36, 8
Added entity cow at 1, 45
Added entity cow at 21, 12
Added entity cow at 32, 32
Added entity cow at 38, 7
Added entity cow at 18, 20
Added entity cow at 36, 31
Added entity cow at 1, 34
Added entity cow at 19, 32
Added entity cow at 29, 35
Added entity cow at 34, 21
Removed entity berry from grid at 22, 9
Added entity cow at 21, 20
Added entity cow at 4, 43
Added entity cow at 37, 10
Added entity cow at 4, 40
Added entity cow at 23, 24
Added entity cow at 29, 34
Added entity cow at 1, 39
Removed entity berry from grid at 1, 11
Removed entity berry from grid at 4, 13
Added entity cow at 39, 5
Added entity cow at 4, 47
Added entity cow at 27, 26
Removed entity cow from grid at 5, 36
Removed entity wolf from grid at 18, 13
Removed entity cow from grid at 46, 43
Removed entity cow from grid at 13, 15
Removed entity cow from grid at 19, 25
Removed entity cow from grid at 21, 32
Removed entity cow from grid at 30, 33
Removed entity cow from grid at 33, 20
Removed entity cow from grid at 41, 7
Removed entity cow from grid at 26, 27
Removed entity cow from grid at 23, 45
Removed entity cow from grid at 18, 45
Removed entity cow from grid at 21, 20
Added entity cow at 3, 46
Added entity cow at 38, 4
Added entity cow at 30, 33
Added entity cow at 22, 23
Added entity cow at 2, 33
Added entity cow at 37, 32
Added entity cow at 17, 21
Added entity cow at 31, 33
Added entity cow at 22, 11
Added entity cow at 0, 44
Added entity cow at 21, 25
Added entity cow at 5, 15
Added entity cow at 20, 1
Added entity cow at 26, 28
Added entity cow at 24, 30
Added entity cow at 21, 31
Added entity cow at 27, 31
Added entity cow at 21, 13
Added entity cow at 22, 18
Added entity cow at 17, 14
Removed entity berry from grid at 35, 5
Added entity berry at 39, 36
Added entity cow at 25, 28
Added entity cow at 37, 22
Removed entity cow from grid at 4, 36
Removed entity wolf from grid at 13, 17
Removed entity cow from grid at 20, 24
Removed entity cow from grid at 14, 15
Removed entity cow from grid at 21, 45
Removed entity cow from grid at 33, 20
Removed entity cow from grid at 26, 27
Removed entity wolf from grid at 42, 7
Removed entity cow from grid at 32, 6
Removed entity wolf from grid at 35, 18
Removed entity cow from grid at 24, 17
Added entity cow at 26, 27
Added entity cow at 16, 13
Added entity cow at 23, 19
Added entity cow at 28, 30
Added entity cow at 22, 32
Added entity cow at 21, 0
Added entity cow at 4, 16
Added entity cow at 20, 24
Added entity cow at 18, 22
Added entity cow at 3, 32
Added entity cow at 37, 5
Added entity cow at 0, 40
Added entity cow at 3, 41
Added entity cow at 36, 22
Added entity cow at 20, 11
Added entity cow at 6, 15
Added entity cow at 29, 39
Removed entity cow from grid at 24, 12
Removed entity cow from grid at 37, 32
Removed entity cow from grid at 5, 38
Removed entity cow from grid at 32, 32
Removed entity cow from grid at 35, 21
Removed entity cow from grid at 40, 11
Removed entity cow from grid at 26, 27
Removed entity cow from grid at 21, 47
Removed entity cow from grid at 19, 46
Removed entity cow from grid at 22, 18
Removed entity wolf from grid at 45, 41
Removed entity wolf from grid at 21, 4
Added entity cow at 28, 40
Added entity cow at 21, 12
Added entity cow at 35, 23
Added entity cow at 2, 40
Added entity cow at 4, 33
Added entity cow at 19, 25
Added entity cow at 3, 17
Added entity cow at 22, 1
Added entity cow at 23, 31
Added entity cow at 29, 29
Added entity cow at 15, 12
Added entity cow at 38, 21
Added entity cow at 20, 14
Added entity cow at 30, 32
Added entity cow at 23, 24
Added entity cow at 2, 47
Added entity cow at 36, 11
Added entity cow at 20, 32
Added entity cow at 37, 8
Added entity cow at 35, 9
Added entity cow at 21, 28
Added entity cow at 2, 11
Removed entity wolf from grid at 40, 41
Removed entity cow from grid at 16, 13
Removed entity cow from grid at 15, 16
Removed entity wolf from grid at 21, 46
Removed entity cow from grid at 22, 32
Removed entity cow from grid at 31, 33
Removed entity cow from grid at 37, 22
Removed entity cow from grid at 25, 26
Removed entity wolf from grid at 41, 6
Removed entity cow from grid at 22, 3
Removed entity cow from grid at 33, 6
Removed entity wolf from grid at 39, 7
Removed entity cow from grid at 25, 16
Added entity cow at 3, 12
Added entity cow at 34, 8
Added entity cow at 21, 33
Added entity cow at 1, 48
Added entity cow at 22, 25
Added entity cow at 31, 33
Added entity cow at 37, 22
Added entity cow at 30, 28
Added entity cow at 22, 30
Added entity cow at 2, 18
Added entity cow at 18, 24
Added entity cow at 3, 34
Added entity cow at 36, 24
Added entity cow at 27, 39
Added entity cow at 36, 4
Added entity cow at 17, 21
Added entity cow at 25, 29
Added entity cow at 31, 34
Added entity cow at 5, 42
Added entity cow at 28, 36
Removed entity cow from grid at 16, 13
Removed entity cow from grid at 15, 15
Removed entity cow from grid at 36, 33
Removed entity cow from grid at 19, 27
Removed entity cow from grid at 21, 33
Removed entity cow from grid at 32, 32
Removed entity cow from grid at 38, 21
Removed entity cow from grid at 40, 9
Removed entity cow from grid at 25, 26
Removed entity cow from grid at 2, 10
Removed entity cow from grid at 20, 4
Removed entity cow from grid at 20, 19
Removed entity cow from grid at 22, 3
Removed entity cow from grid at 24, 18
Added entity cow at 29, 37
Added entity cow at 32, 33
Added entity cow at 18, 20
Added entity cow at 35, 5
Added entity cow at 35, 25
Added entity cow at 17, 23
Added entity cow at 3, 19
Added entity cow at 21, 31
Added entity cow at 29, 27
Added entity cow at 36, 23
Added entity cow at 35, 7
Added entity cow at 20, 27
Added entity cow at 23, 0
Added entity cow at 3, 39
Added entity cow at 7, 16
Added entity cow at 27, 27
Added entity cow at 1, 43
Added entity cow at 23, 12
Removed entity berry from grid at 25, 24
Removed entity cow from grid at 4, 38
Removed entity cow from grid at 25, 11
Removed entity cow from grid at 2, 10
Removed entity cow from grid at 39, 8
Removed entity cow from grid at 1, 10
Removed entity cow from grid at 42, 5
Removed entity cow from grid at 34, 30
Removed entity wolf from grid at 31, 4
Removed entity wolf from grid at 7, 22
Added entity cow at 2, 42
Added entity cow at 28, 28
Added entity cow at 6, 17
Added entity cow at 36, 8
Added entity cow at 37, 24
Added entity cow at 20, 30
Added entity cow at 4, 20
Added entity cow at 33, 34
Added entity cow at 32, 32
Added entity cow at 23, 26
Added entity cow at 2, 49
Added entity cow at 2, 11
Added entity cow at 37, 12
Removed entity cow from grid at 23, 41
Removed entity cow from grid at 24, 11
Removed entity cow from grid at 14, 17
Removed entity wolf from grid at 37, 31
Removed entity cow from grid at 20, 29
Removed entity wolf from grid at 5, 37
Removed entity cow from grid at 21, 33
Removed entity cow from grid at 4, 10
Removed entity cow from grid at 38, 8
Removed entity cow from grid at 34, 37
Removed entity cow from grid at 40, 5
Removed entity cow from grid at 20, 17
Removed entity cow from grid at 23, 2
Removed entity cow from grid at 33, 5
Removed entity cow from grid at 39, 6
Removed entity cow from grid at 24, 18
Added entity cow at 19, 29
Added entity cow at 37, 7
Added entity cow at 5, 18
Added entity cow at 29, 29
Added entity cow at 24, 11
Added entity cow at 4, 38
Added entity cow at 30, 26
Added entity cow at 16, 22
Added entity cow at 36, 6
Added entity cow at 4, 33
Added entity cow at 38, 7
Added entity cow at 19, 13
Added entity cow at 20, 13
Removed entity cow from grid at 26, 12
Removed entity wolf from grid at 13, 13
Removed entity cow from grid at 37, 24
Removed entity cow from grid at 14, 46
Removed entity cow from grid at 19, 29
Removed entity cow from grid at 21, 31
Removed entity cow from grid at 32, 32
Removed entity cow from grid at 22, 1
Removed entity cow from grid at 19, 18
Removed entity cow from grid at 30, 40
Removed entity cow from grid at 34, 31
Removed entity cow from grid at 20, 0
Added entity cow at 20, 12
Added entity cow at 39, 6
Added entity cow at 17, 21
Added entity cow at 31, 25
Added entity cow at 5, 39
Added entity cow at 23, 10
Added entity cow at 38, 6
Added entity cow at 38, 13
Added entity cow at 1, 12
Added entity cow at 24, 27
Added entity cow at 1, 41
Added entity cow at 35, 26
Added entity cow at 19, 21
Added entity cow at 28, 36
Added entity cow at 24, 30
Added entity cow at 1, 40
Removed entity cow from grid at 24, 11
Removed entity cow from grid at 35, 32
Removed entity cow from grid at 22, 32
Removed entity cow from grid at 32, 33
Removed entity cow from grid at 4, 11
Removed entity cow from grid at 39, 10
Removed entity cow from grid at 21, 19
Removed entity cow from grid at 24, 1
Removed entity cow from grid at 34, 5
Removed entity cow from grid at 5, 20
Removed entity cow from grid at 23, 18
Added entity cow at 2, 41
Added entity cow at 34, 25
Added entity cow at 25, 28
Added entity cow at 0, 11
Added entity cow at 39, 14
Added entity cow at 24, 11
Added entity cow at 40, 5
Added entity cow at 19, 11
Added entity cow at 3, 21
Added entity cow at 19, 28
Added entity cow at 6, 43
Removed entity cow from grid at 32, 38
Removed entity cow from grid at 24, 12
Removed entity cow from grid at 19, 28
Removed entity cow from grid at 6, 40
Removed entity wolf from grid at 37, 18
Removed entity cow from grid at 22, 31
Removed entity cow from grid at 35, 20
Removed entity cow from grid at 31, 36
Removed entity cow from grid at 24, 28
Removed entity cow from grid at 4, 11
Removed entity cow from grid at 22, 0
Removed entity cow from grid at 19, 19
Removed entity cow from grid at 29, 41
Removed entity cow from grid at 5, 20
Added entity cow at 7, 42
Added entity cow at 2, 20
Added entity cow at 41, 6
Added entity cow at 23, 29
Added entity cow at 27, 37
Added entity cow at 4, 40
Added entity cow at 30, 24
Added entity cow at 35, 5
Added entity cow at 28, 30
Added entity cow at 4, 17
Added entity cow at 29, 40
Removed entity cow from grid at 2, 40
Removed entity cow from grid at 24, 13
Removed entity cow from grid at 36, 21
Removed entity cow from grid at 16, 14
Removed entity cow from grid at 34, 29
Removed entity wolf from grid at 17, 30
Removed entity cow from grid at 17, 12
Removed entity cow from grid at 20, 31
Removed entity cow from grid at 28, 34
Removed entity cow from grid at 35, 21
Removed entity cow from grid at 25, 29
Removed entity cow from grid at 31, 35
Removed entity cow from grid at 3, 21
Removed entity cow from grid at 23, 0
Removed entity cow from grid at 19, 17
Removed entity wolf from grid at 31, 39
Removed entity cow from grid at 24, 1
Removed entity cow from grid at 31, 34
Removed entity cow from grid at 34, 5
Removed entity wolf from grid at 9, 49
Removed entity cow from grid at 22, 15
Added entity cow at 30, 41
Added entity cow at 27, 29
Added entity cow at 29, 25
Added entity cow at 3, 41
Added entity cow at 42, 5
Added entity cow at 18, 12
Added entity cow at 38, 15
Added entity cow at 1, 12
Added entity cow at 3, 42
Added entity cow at 0, 42
Added entity cow at 37, 5
Added entity cow at 16, 22
Added entity cow at 19, 14
Added entity cow at 3, 34
Removed entity cow from grid at 3, 39
Removed entity wolf from grid at 23, 38
Removed entity cow from grid at 24, 12
Removed entity cow from grid at 38, 22
Removed entity cow from grid at 7, 39
Removed entity wolf from grid at 20, 32
Removed entity cow from grid at 30, 37
Removed entity cow from grid at 33, 20
Removed entity cow from grid at 25, 29
Removed entity cow from grid at 30, 36
Removed entity cow from grid at 4, 14
Removed entity cow from grid at 12, 47
Removed entity cow from grid at 20, 19
Removed entity cow from grid at 29, 40
Removed entity cow from grid at 30, 32
Removed entity cow from grid at 35, 5
Removed entity cow from grid at 6, 18
Removed entity cow from grid at 38, 11
Added entity cow at 4, 35
Added entity cow at 20, 15
Added entity cow at 15, 23
Added entity cow at 37, 16
Added entity cow at 17, 13
Added entity cow at 41, 4
Added entity cow at 28, 24
Added entity cow at 28, 28
Added entity cow at 5, 18
Added entity cow at 8, 43
Added entity cow at 23, 12
Added entity cow at 36, 24
Removed entity berry from grid at 25, 18
Removed entity cow from grid at 2, 38
Removed entity cow from grid at 24, 11
Removed entity wolf from grid at 7, 12
Removed entity cow from grid at 28, 20
Removed entity cow from grid at 34, 29
Removed entity cow from grid at 20, 30
Removed entity cow from grid at 6, 41
Removed entity cow from grid at 21, 31
Removed entity cow from grid at 28, 35
Removed entity cow from grid at 29, 37
Removed entity cow from grid at 29, 39
Removed entity cow from grid at 38, 13
Removed entity cow from grid at 24, 30
Removed entity cow from grid at 30, 36
Removed entity cow from grid at 4, 14
Removed entity cow from grid at 35, 7
Removed entity cow from grid at 8, 18
Removed entity cow from grid at 36, 24
Removed entity cow from grid at 21, 16
Added entity cow at 24, 13
Added entity cow at 9, 42
Added entity cow at 4, 19
Added entity cow at 36, 15
Added entity cow at 21, 16
Added entity cow at 5, 34
Added entity cow at 1, 18
Added entity cow at 19, 22
Removed entity cow from grid at 1, 38
Removed entity cow from grid at 24, 13
Removed entity cow from grid at 17, 13
Removed entity cow from grid at 20, 30
Removed entity cow from grid at 22, 31
Removed entity cow from grid at 37, 25
Removed entity cow from grid at 23, 29
Removed entity cow from grid at 26, 42
Removed entity cow from grid at 20, 16
Removed entity cow from grid at 34, 24
Removed entity cow from grid at 21, 16
Added entity cow at 35, 14
Added entity cow at 8, 41
Added entity cow at 42, 5
Added entity cow at 14, 22
Added entity cow at 4, 41
Added entity cow at 2, 13
Added entity cow at 2, 40
Added entity cow at 26, 37
Removed entity berry from grid at 34, 26
Added entity cow at 2, 48
Removed entity cow from grid at 27, 34
Removed entity cow from grid at 2, 40
Removed entity cow from grid at 24, 13
Removed entity cow from grid at 24, 34
Removed entity cow from grid at 17, 15
Removed entity cow from grid at 20, 31
Removed entity cow from grid at 27, 37
Removed entity cow from grid at 38, 10
Removed entity cow from grid at 23, 29
Removed entity cow from grid at 5, 15
Removed entity cow from grid at 26, 42
Removed entity cow from grid at 21, 17
Removed entity cow from grid at 29, 30
Removed entity cow from grid at 7, 44
Added entity cow at 27, 36
Added entity cow at 3, 12
Added entity cow at 5, 40
Added entity cow at 15, 21
Added entity cow at 43, 4
Added entity cow at 3, 18
Added entity cow at 27, 25
Removed entity berry from grid at 19, 7
Removed entity cow from grid at 27, 36
Removed entity cow from grid at 1, 39
Removed entity cow from grid at 37, 16
Removed entity cow from grid at 17, 13
Removed entity cow from grid at 32, 29
Removed entity cow from grid at 5, 41
Removed entity cow from grid at 18, 14
Removed entity cow from grid at 21, 31
Removed entity cow from grid at 14, 24
Removed entity cow from grid at 27, 38
Removed entity cow from grid at 38, 10
Removed entity cow from grid at 25, 29
Removed entity cow from grid at 20, 7
Removed entity cow from grid at 9, 44
Removed entity cow from grid at 26, 37
Removed entity cow from grid at 22, 7
Removed entity cow from grid at 19, 7
Removed entity cow from grid at 32, 24
Removed entity cow from grid at 21, 14
Added entity cow at 26, 24
Added entity cow at 4, 17
Added entity cow at 44, 5
Added entity cow at 4, 11
Added entity cow at 3, 47
Added entity cow at 0, 17
Added entity cow at 4, 33
Added entity cow at 27, 27
Added entity cow at 38, 4
Removed entity wolf from grid at 1, 38
Removed entity cow from grid at 23, 11
Removed entity cow from grid at 25, 21
Removed entity wolf from grid at 46, 11
Removed entity cow from grid at 9, 44
Removed entity cow from grid at 30, 31
Removed entity cow from grid at 34, 27
Removed entity cow from grid at 18, 14
Removed entity cow from grid at 14, 23
Removed entity wolf from grid at 8, 14
Removed entity cow from grid at 25, 28
Removed entity cow from grid at 4, 16
Removed entity cow from grid at 18, 18
Removed entity cow from grid at 27, 32
Removed entity cow from grid at 5, 43
Removed entity cow from grid at 20, 15
Added entity cow at 5, 32
Added entity cow at 45, 6
Added entity cow at 3, 16
Added entity cow at 25, 25
Added entity cow at 6, 39
Removed entity cow from grid at 3, 39
Removed entity cow from grid at 23, 11
Removed entity cow from grid at 35, 16
Removed entity cow from grid at 17, 10
Removed entity cow from grid at 4, 42
Removed entity cow from grid at 23, 32
Removed entity cow from grid at 25, 29
Removed entity cow from grid at 29, 30
Removed entity cow from grid at 36, 2
Removed entity cow from grid at 4, 44
Removed entity cow from grid at 11, 15
Added entity cow at 26, 26
Added entity cow at 2, 17
Added entity cow at 44, 7
Added entity cow at 6, 31
Added entity cow at 39, 5
Added entity cow at 2, 48
Added entity cow at 5, 10
Added entity cow at 10, 40
Added entity cow at 34, 14
Added entity cow at 18, 21
Removed entity cow from grid at 25, 32
Removed entity cow from grid at 13, 15
Removed entity cow from grid at 35, 15
Removed entity cow from grid at 29, 30
Removed entity cow from grid at 4, 42
Removed entity cow from grid at 29, 24
Removed entity cow from grid at 15, 16
Removed entity cow from grid at 37, 9
Removed entity cow from grid at 24, 28
Removed entity cow from grid at 3, 15
Removed entity cow from grid at 39, 13
Removed entity cow from grid at 9, 41
Removed entity cow from grid at 18, 20
Removed entity cow from grid at 20, 10
Removed entity cow from grid at 37, 3
Removed entity cow from grid at 20, 12
Removed entity cow from grid at 41, 7
Removed entity cow from grid at 3, 45
Removed entity cow from grid at 23, 15
Added entity cow at 33, 13
Added entity cow at 40, 4
Added entity cow at 28, 26
Removed entity berry from grid at 29, 22
Removed entity cow from grid at 3, 41
Removed entity cow from grid at 22, 13
Removed entity cow from grid at 28, 24
Removed entity cow from grid at 44, 7
Removed entity cow from grid at 30, 25
Removed entity cow from grid at 14, 25
Removed entity cow from grid at 25, 30
Removed entity cow from grid at 4, 14
Removed entity cow from grid at 39, 14
Removed entity cow from grid at 18, 20
Removed entity cow from grid at 4, 46
Removed entity cow from grid at 20, 12
Removed entity cow from grid at 29, 22
Removed entity wolf from grid at 3, 44
Added entity cow at 29, 25
Added entity cow at 41, 3
Added entity cow at 19, 22
Added entity cow at 9, 41
Added entity cow at 4, 11
Added entity cow at 1, 47
Added entity cow at 5, 30
Added entity cow at 3, 16
Added entity cow at 27, 25
Added entity cow at 7, 40
Added entity cow at 2, 16
Added entity cow at 14, 23
Removed entity cow from grid at 3, 41
Removed entity cow from grid at 14, 16
Removed entity cow from grid at 44, 7
Removed entity cow from grid at 34, 14
Removed entity cow from grid at 3, 43
Removed entity cow from grid at 29, 25
Removed entity cow from grid at 21, 29
Removed entity cow from grid at 41, 25
Removed entity cow from grid at 38, 12
Removed entity cow from grid at 3, 15
Removed entity cow from grid at 17, 19
Removed entity cow from grid at 26, 29
Removed entity cow from grid at 28, 28
Removed entity cow from grid at 3, 44
Added entity cow at 1, 15
Added entity cow at 6, 41
Added entity cow at 28, 24
Added entity cow at 3, 10
Added entity cow at 10, 40
Added entity cow at 20, 21
Added entity cow at 42, 2
Added entity cow at 44, 26
Removed entity cow from grid at 3, 41
Removed entity cow from grid at 28, 24
Removed entity cow from grid at 34, 14
Removed entity cow from grid at 30, 27
Removed entity cow from grid at 14, 23
Removed entity cow from grid at 8, 17
Removed entity cow from grid at 5, 16
Removed entity cow from grid at 9, 41
Removed entity cow from grid at 17, 20
Removed entity cow from grid at 37, 3
Removed entity cow from grid at 4, 46
Removed entity cow from grid at 28, 26
Removed entity cow from grid at 42, 5
Removed entity cow from grid at 2, 44
Added entity cow at 43, 1
Added entity cow at 2, 11
Added entity cow at 2, 15
Added entity cow at 32, 12
Removed entity berry from grid at 2, 7
Removed entity cow from grid at 25, 27
Removed entity cow from grid at 3, 42
Removed entity cow from grid at 26, 27
Removed entity cow from grid at 7, 19
Removed entity cow from grid at 45, 6
Removed entity cow from grid at 4, 46
Removed entity cow from grid at 35, 14
Removed entity cow from grid at 2, 43
Removed entity cow from grid at 21, 28
Removed entity cow from grid at 36, 3
Removed entity cow from grid at 27, 25
Removed entity cow from grid at 43, 5
Added entity cow at 31, 11
Added entity cow at 3, 14
Added entity cow at 1, 12
Added entity cow at 42, 0
Added entity cow at 21, 20
Added entity cow at 8, 39
Added entity cow at 7, 40
Added entity cow at 0, 16
Added entity cow at 3, 30
Added entity cow at 0, 48
Removed entity cow from grid at 24, 27
Removed entity cow from grid at 27, 16
Removed entity cow from grid at 27, 26
Removed entity cow from grid at 26, 26
Removed entity cow from grid at 22, 29
Removed entity cow from grid at 14, 22
Removed entity cow from grid at 6, 19
Removed entity cow from grid at 34, 10
Removed entity cow from grid at 9, 40
Removed entity cow from grid at 20, 21
Removed entity cow from grid at 1, 43
Removed entity cow from grid at 1, 45
Added entity cow at 4, 29
Added entity cow at 1, 17
Added entity cow at 20, 19
Added entity cow at 32, 10
Removed entity cow from grid at 5, 40
Removed entity cow from grid at 13, 19
Removed entity cow from grid at 46, 8
Removed entity cow from grid at 1, 46
Removed entity cow from grid at 34, 13
Removed entity wolf from grid at 12, 36
Removed entity cow from grid at 21, 27
Removed entity cow from grid at 24, 26
Removed entity cow from grid at 23, 26
Removed entity wolf from grid at 9, 21
Removed entity cow from grid at 20, 19
Removed entity cow from grid at 45, 25
Removed entity cow from grid at 43, 4
Removed entity cow from grid at 23, 20
Added entity cow at 33, 11
Added entity cow at 5, 28
Added entity cow at 9, 38
Added entity cow at 10, 37
Added entity cow at 4, 27
Added entity cow at 2, 11
Added entity cow at 2, 13
Added entity naturereserve at 35, 16
Human Eve built Nature Reserve for WOLF
Removed entity wolf from grid at 39, 1
Added entity cow at 3, 26
Added entity cow at 11, 36
Removed entity cow from grid at 7, 43
Removed entity cow from grid at 24, 27
Removed entity cow from grid at 13, 33
Removed entity cow from grid at 39, 7
Removed entity cow from grid at 5, 18
Removed entity cow from grid at 10, 40
Removed entity cow from grid at 16, 24
Removed entity cow from grid at 20, 21
Removed entity cow from grid at 5, 20
Removed entity cow from grid at 41, 5
Added entity cow at 10, 35
Added entity cow at 2, 25
Added entity wolf at 36, 16
Added entity cow at 3, 10
Added entity cow at 34, 12
Added entity cow at 6, 41
Added entity cow at 41, 1
Added entity cow at 5, 42
Added entity cow at 35, 13
Added entity cow at 4, 9
Added entity cow at 2, 16
Added entity tree at 34, 19
Removed entity cow from grid at 3, 41
Removed entity cow from grid at 33, 12
Removed entity cow from grid at 3, 46
Removed entity cow from grid at 21, 27
Removed entity cow from grid at 4, 17
Removed entity cow from grid at 11, 37
Removed entity cow from grid at 22, 21
Removed entity cow from grid at 40, 3
Removed entity cow from grid at 5, 42
Removed entity cow from grid at 18, 20
Added entity cow at 34, 14
Added entity cow at 3, 26
Added entity cow at 3, 14
Added entity cow at 4, 15
Added entity cow at 2, 27
Added entity cow at 5, 10
Added entity cow at 11, 34
Added entity cow at 0, 43
Added entity naturereserve at 38, 22
Human Oscar built Nature Reserve for WOLF
Added entity naturereserve at 26, 33
Human Wendy built Nature Reserve for WOLF
Added entity naturereserve at 27, 14
Human Zane built Nature Reserve for WOLF
Added entity naturereserve at 38, 23
Human Pip built Nature Reserve for WOLF
Added entity cow at 12, 33
Added entity cow at 4, 11
Added entity cow at 3, 28
Added entity berry at 28, 10
Removed entity cow from grid at 31, 13
Removed entity cow from grid at 2, 38
Removed entity wolf from grid at 36, 15
Removed entity cow from grid at 14, 25
Removed entity cow from grid at 37, 4
Removed entity cow from grid at 5, 13
Removed entity cow from grid at 39, 3
Removed entity cow from grid at 5, 39
Added entity cow at 3, 10
Added entity wolf at 27, 15
Added entity cow at 1, 42
Added entity cow at 33, 15
Added entity wolf at 36, 17
Added entity naturereserve at 1, 39
Human Luna built Nature Reserve for WOLF
Added entity naturereserve at 34, 28
Human Ruby built Nature Reserve for WOLF
Added entity cow at 32, 14
Added entity cow at 0, 41
Added entity cow at 13, 32
Added entity wolf at 37, 22
Added entity cow at 42, 2
Removed entity cow from grid at 1, 40
Removed entity cow from grid at 13, 32
Removed entity cow from grid at 6, 43
Removed entity cow from grid at 24, 27
Removed entity cow from grid at 5, 48
Removed entity cow from grid at 4, 13
Added entity cow at 43, 3
Added entity cow at 31, 13
Added entity cow at 4, 11
Added entity cow at 2, 27
Added entity cow at 3, 14
Added entity wolf at 34, 15
Added entity cow at 1, 47
Removed entity cow from grid at 34, 14
Removed entity cow from grid at 26, 26
Removed entity cow from grid at 7, 43
Removed entity cow from grid at 17, 25
Removed entity cow from grid at 18, 28
Removed entity cow from grid at 12, 33
Removed entity wolf from grid at 25, 17
Removed entity cow from grid at 4, 48
Removed entity cow from grid at 4, 13
Removed entity cow from grid at 7, 37
Added entity cow at 2, 48
Added entity cow at 3, 17
Added entity naturereserve at 6, 46
Human Ruby built Nature Reserve for WOLF
Added entity naturereserve at 28, 14
Human Diana built Nature Reserve for WOLF
Added entity naturereserve at 10, 26
Human Quinn built Nature Reserve for WOLF
Added entity cow at 4, 16
Added entity cow at 4, 13
Added entity cow at 44, 4
Removed entity wolf from grid at 33, 13
Removed entity wolf from grid at 37, 19
Added entity naturereserve at 44, 7
Human Tina built Nature Reserve for WOLF
Added entity cow at 45, 5
Added entity cow at 5, 12
Added entity cow at 5, 17
Added entity cow at 3, 47
Added entity cow at 3, 26
Added entity cow at 3, 10
Added entity cow at 31, 13
Added entity cow at 1, 42
Added entity cow at 44, 28
Removed entity cow from grid at 9, 44
Removed entity cow from grid at 4, 38
Removed entity cow from grid at 33, 14
Removed entity cow from grid at 27, 25
Removed entity cow from grid at 19, 26
Removed entity wolf from grid at 37, 24
Removed entity cow from grid at 38, 12
Removed entity cow from grid at 6, 11
Removed entity cow from grid at 32, 9
Removed entity cow from grid at 8, 47
Removed entity cow from grid at 4, 11
Removed entity cow from grid at 10, 40
Added entity cow at 2, 41
Added entity cow at 30, 12
Added entity cow at 4, 27
Added entity cow at 6, 16
Added entity cow at 4, 11
Added entity cow at 46, 4
Added entity berry at 1, 47
Removed entity cow from grid at 19, 27
Removed entity cow from grid at 33, 14
Removed entity cow from grid at 45, 5
Removed entity cow from grid at 7, 27
Removed entity cow from grid at 39, 1
Removed entity cow from grid at 5, 12
Removed entity cow from grid at 9, 40
Added entity cow at 5, 12
Added entity cow at 5, 15
Added entity cow at 3, 28
Added entity cow at 3, 40
Added entity wolf at 10, 27
Removed entity berry from grid at 1, 47
Added entity wolf at 38, 24
Added entity berry at 11, 24
Added entity cow at 4, 41
Added entity cow at 6, 11
Added entity cow at 31, 11
Removed entity cow from grid at 11, 42
Removed entity cow from grid at 33, 14
Removed entity cow from grid at 32, 11
Removed entity cow from grid at 9, 10
Removed entity cow from grid at 6, 11
Removed entity cow from grid at 36, 11
Removed entity cow from grid at 31, 14
Removed entity cow from grid at 22, 21
Removed entity cow from grid at 5, 10
Added entity cow at 32, 10
Added entity cow at 3, 42
Added entity cow at 6, 14
Added entity cow at 2, 9
Added entity cow at 1, 46
Removed entity berry from grid at 28, 10
Added entity cow at 41, 36
Added entity naturereserve at 33, 24
Human Jack built Nature Reserve for WOLF
Added entity cow at 1, 8
Removed entity cow from grid at 5, 39
Removed entity cow from grid at 31, 11
Removed entity cow from grid at 11, 29
Removed entity cow from grid at 7, 11
Removed entity cow from grid at 33, 8
Removed entity cow from grid at 29, 12
Removed entity cow from grid at 6, 10
Removed entity cow from grid at 37, 15
Added entity cow at 2, 45
Added entity cow at 7, 15
Added entity cow at 4, 43
Added entity cow at 2, 29
Added entity cow at 47, 1
Added entity wolf at 10, 27
Added entity wolf at 6, 45
Added entity berry at 46, 21
Removed entity wolf from grid at 10, 27
Removed entity wolf from grid at 15, 31
Added entity naturereserve at 13, 39
Human Quinn built Nature Reserve for WOLF
Added entity cow at 48, 0
Added entity cow at 3, 30
Added entity cow at 6, 16
Added entity cow at 1, 44
Added entity cow at 32, 8
Added entity cow at 41, 37
Removed entity cow from grid at 11, 42
Removed entity cow from grid at 43, 33
Removed entity cow from grid at 43, 6
Removed entity cow from grid at 10, 32
Removed entity cow from grid at 12, 37
Added entity cow at 0, 45
Added entity cow at 7, 17
Added entity cow at 49, 1
Added entity cow at 0, 7
Removed entity cow from grid at 6, 39
Removed entity cow from grid at 30, 9
Removed entity cow from grid at 9, 3
Removed entity cow from grid at 32, 8
Removed entity cow from grid at 10, 32
Removed entity cow from grid at 34, 1
Removed entity cow from grid at 6, 47
Removed entity cow from grid at 5, 10
Removed entity cow from grid at 39, 3
Added entity cow at 3, 44
Added entity naturereserve at 38, 5
Human Charlie built Nature Reserve for WOLF
Added entity cow at 1, 8
Added entity cow at 8, 18
Added entity cow at 2, 29
Added entity naturereserve at 38, 7
Human Xander built Nature Reserve for WOLF
Added entity cow at 7, 19
Added entity cow at 2, 43
Added entity cow at 48, 0
Added entity cow at 41, 31
Removed entity cow from grid at 28, 8
Removed entity cow from grid at 28, 29
Removed entity cow from grid at 44, 4
Added entity berry at 31, 32
Removed entity cow from grid at 6, 9
Added entity cow at 3, 42
Added entity cow at 8, 20
Added entity wolf at 39, 7
Added entity cow at 0, 7
Added entity cow at 41, 32
Removed entity cow from grid at 8, 35
Removed entity cow from grid at 42, 33
Removed entity cow from grid at 23, 21
Removed entity cow from grid at 22, 24
Removed entity cow from grid at 42, 31
Removed entity cow from grid at 44, 6
Removed entity cow from grid at 6, 11
Added entity cow at 40, 33
Added entity cow at 1, 30
Added entity cow at 1, 44
Added entity naturereserve at 46, 5
Human Tina built Nature Reserve for WOLF
Added entity naturereserve at 40, 8
Human Charlie built Nature Reserve for WOLF
Removed entity wolf from grid at 38, 6
Added entity cow at 0, 43
Added entity cow at 39, 32
Added entity cow at 1, 6
Added entity cow at 9, 21
Added entity cow at 2, 41
Removed entity cow from grid at 8, 35
Removed entity cow from grid at 26, 4
Removed entity cow from grid at 40, 33
Removed entity cow from grid at 42, 33
Added entity cow at 38, 31
Added entity cow at 0, 29
Added entity cow at 41, 33
Removed entity cow from grid at 41, 33
Removed entity cow from grid at 8, 24
Removed entity wolf from grid at 7, 48
Removed entity cow from grid at 45, 3
Removed entity cow from grid at 9, 14
Removed entity cow from grid at 32, 8
Removed entity cow from grid at 22, 22
Removed entity cow from grid at 40, 2
Removed entity cow from grid at 6, 10
Added entity cow at 37, 30
Added entity cow at 3, 40
Added entity cow at 2, 5
Added entity wolf at 35, 27
Added entity cow at 1, 4
Added entity cow at 2, 39
Added entity cow at 36, 31
Added entity cow at 1, 44
Removed entity cow from grid at 8, 34
Removed entity cow from grid at 9, 21
Removed entity cow from grid at 9, 22
Removed entity cow from grid at 45, 4
Removed entity cow from grid at 7, 13
Added entity cow at 2, 43
Added entity cow at 35, 32
Added entity cow at 0, 3
Added entity wolf at 12, 38
Added entity naturereserve at 44, 25
Human Diana built Nature Reserve for WOLF
Removed entity wolf from grid at 45, 20
Added entity naturereserve at 15, 19
Human Xander built Nature Reserve for WOLF
Added entity cow at 1, 2
Added entity cow at 36, 33
Added entity wolf at 5, 45
Removed entity cow from grid at 40, 31
Removed entity cow from grid at 36, 31
Removed entity cow from grid at 5, 13
Added entity cow at 37, 32
Added entity cow at 0, 1
Added entity wolf at 36, 17
Added entity naturereserve at 24, 28
Human Yara built Nature Reserve for WOLF
Removed entity wolf from grid at 31, 29
Added entity naturereserve at 36, 2
Human Zane built Nature Reserve for WOLF
Added entity cow at 36, 31
Added entity wolf at 16, 18
Added entity wolf at 39, 9
Removed entity cow from grid at 36, 30
Removed entity cow from grid at 9, 33
Removed entity cow from grid at 9, 17
Removed entity wolf from grid at 9, 36
Removed entity cow from grid at 44, 4
Removed entity cow from grid at 37, 33
Removed entity cow from grid at 3, 15
Removed entity wolf from grid at 37, 18
Removed entity cow from grid at 8, 36
Added entity cow at 1, 38
Added entity wolf at 39, 6
Added entity wolf at 10, 27
Added entity tree at 27, 1
Added entity naturereserve at 26, 0
Human Eve built Nature Reserve for WOLF
Added entity naturereserve at 46, 3
Human Charlie built Nature Reserve for WOLF
Added entity cow at 0, 39
Added entity cow at 37, 30
Added entity cow at 1, 0
Added entity cow at 47, 1
Added entity naturereserve at 43, 35
Human Ruby built Nature Reserve for WOLF
Removed entity wolf from grid at 39, 5
Added entity cow at 48, 2
Added entity naturereserve at 46, 29
Human Diana built Nature Reserve for WOLF
Added entity naturereserve at 39, 24
Human Oscar built Nature Reserve for WOLF
Added entity cow at 49, 3
Added entity wolf at 32, 25
Removed entity wolf from grid at 3, 42
Removed entity wolf from grid at 9, 30
Removed entity cow from grid at 5, 45
Removed entity cow from grid at 1, 19
Added entity wolf at 42, 36
Added entity naturereserve at 19, 35
Human Jack built Nature Reserve for WOLF
Removed entity wolf from grid at 32, 24
Added entity cow at 35, 29
Added entity cow at 1, 28
Removed entity cow from grid at 6, 41
Removed entity wolf from grid at 41, 11
Removed entity cow from grid at 37, 26
Removed entity cow from grid at 4, 46
Removed entity cow from grid at 0, 21
Added entity cow at 2, 29
Added entity cow at 48, 4
Added entity cow at 1, 38
Added entity wolf at 16, 18
Added entity wolf at 28, 13
Removed entity wolf from grid at 18, 20
Removed entity wolf from grid at 16, 18
Added entity naturereserve at 14, 7
Human Uma built Nature Reserve for WOLF
Added entity cow at 47, 3
Added entity cow at 3, 30
Added entity cow at 2, 1
Removed entity cow from grid at 5, 39
Removed entity cow from grid at 39, 34
Removed entity cow from grid at 5, 47
Added entity cow at 3, 0
Added entity cow at 46, 2
Added entity cow at 37, 31
Added entity wolf at 45, 6
Removed entity cow from grid at 38, 32
Removed entity cow from grid at 5, 40
Removed entity cow from grid at 9, 26
Removed entity cow from grid at 11, 33
Removed entity cow from grid at 9, 6
Removed entity cow from grid at 47, 3
Removed entity cow from grid at 0, 23
Added entity cow at 38, 32
Added entity cow at 47, 1
Added entity cow at 0, 37
Added entity cow at 3, 44
Removed entity wolf from grid at 39, 30
Added entity naturereserve at 1, 23
Human Pip built Nature Reserve for WOLF
Added entity cow at 4, 30
Removed entity cow from grid at 38, 32
Removed entity cow from grid at 6, 39
Removed entity wolf from grid at 45, 7
Removed entity cow from grid at 36, 34
Removed entity cow from grid at 49, 4
Added entity wolf at 0, 23
Added entity cow at 2, 1
Added entity cow at 1, 2
Added entity cow at 4, 45
Added entity cow at 48, 2
Added entity wolf at 27, 15
Added entity cow at 41, 37
Removed entity cow from grid at 38, 29
Removed entity cow from grid at 11, 10
Removed entity cow from grid at 45, 6
Added entity cow at 0, 3
Added entity wolf at 25, 1
Added entity wolf at 25, 27
Added entity wolf at 34, 27
Added entity berry at 3, 27
Removed entity wolf from grid at 25, 1
Added entity naturereserve at 46, 8
Human Zane built Nature Reserve for WOLF
Removed entity wolf from grid at 0, 21
Added entity cow at 5, 44
Added entity cow at 3, 31
Added entity wolf at 12, 39
Removed entity berry from grid at 8, 9
Removed entity cow from grid at 36, 31
Removed entity cow from grid at 2, 21
Added entity cow at 2, 30
Added entity cow at 6, 45
Added entity cow at 1, 4
Added entity cow at 47, 3
Added entity wolf at 40, 23
Added entity cow at 41, 36
Removed entity cow from grid at 9, 26
Removed entity cow from grid at 10, 17
Removed entity cow from grid at 38, 34
Removed entity cow from grid at 34, 30
Removed entity cow from grid at 34, 27
Removed entity cow from grid at 41, 36
Removed entity cow from grid at 5, 31
Removed entity cow from grid at 4, 46
Removed entity cow from grid at 9, 15
Removed entity wolf from grid at 35, 25
Removed entity cow from grid at 10, 16
Added entity cow at 48, 4
Added entity cow at 7, 46
Added entity cow at 1, 29
Added entity cow at 1, 38
Added entity wolf at 24, 27
Removed entity berry from grid at 3, 27
Added entity naturereserve at 5, 31
Human Oscar built Nature Reserve for WOLF
Removed entity wolf from grid at 13, 40
Added entity naturereserve at 11, 42
Human Quinn built Nature Reserve for WOLF
Added entity cow at 8, 47
Added entity wolf at 45, 9
Added entity wolf at 18, 36
Added entity wolf at 45, 24
Added entity wolf at 26, 15
Added entity naturereserve at 8, 16
Human Uma built Nature Reserve for WOLF
Added entity cow at 9, 46
Added entity cow at 2, 28
Added entity cow at 2, 5
Added entity wolf at 15, 8
Added entity wolf at 20, 36
Added entity wolf at 38, 8
Added entity wolf at 13, 40
Removed entity wolf from grid at 13, 40
Added entity naturereserve at 40, 26
Human Jack built Nature Reserve for WOLF
Removed entity cow from grid at 9, 46
Added entity naturereserve at 41, 40
Human Ruby built Nature Reserve for WOLF
Removed entity wolf from grid at 15, 8
Removed entity cow from grid at 8, 47
Added entity wolf at 40, 40
Added entity cow at 1, 6
Added entity cow at 3, 27
Removed entity wolf from grid at 41, 23
Removed entity wolf from grid at 26, 26
Removed entity wolf from grid at 40, 40
Removed entity cow from grid at 5, 33
Removed entity wolf from grid at 25, 14
Added entity naturereserve at 36, 41
Human Hank built Nature Reserve for WOLF
Removed entity cow from grid at 6, 16
Added entity naturereserve at 29, 24
Human Alice built Nature Reserve for WOLF
Added entity cow at 2, 37
Added entity wolf at 44, 36
Removed entity cow from grid at 5, 33
Removed entity wolf from grid at 39, 9
Removed entity cow from grid at 7, 46
Removed entity cow from grid at 1, 24
Added entity cow at 0, 5
Added entity cow at 49, 3
Removed entity cow from grid at 8, 42
Removed entity cow from grid at 8, 26
Removed entity wolf from grid at 21, 27
Removed entity cow from grid at 7, 45
Removed entity cow from grid at 9, 12
Removed entity cow from grid at 6, 18
Removed entity cow from grid at 7, 42
Added entity wolf at 44, 34
Added entity wolf at 14, 20
Removed entity wolf from grid at 42, 9
Added entity naturereserve at 34, 37
Human Hank built Nature Reserve for WOLF
Added entity cow at 1, 4
Added entity naturereserve at 37, 41
Human Ruby built Nature Reserve for WOLF
Added entity naturereserve at 14, 11
Human Pip built Nature Reserve for WOLF
Added entity naturereserve at 48, 9
Human Yara built Nature Reserve for WOLF
Added entity cow at 0, 3
Added entity cow at 3, 36
Added entity cow at 4, 26
Added entity wolf at 44, 34
Added entity naturereserve at 38, 39
Human Luna built Nature Reserve for WOLF
Added entity naturereserve at 21, 38
Human Wendy built Nature Reserve for WOLF
Removed entity wolf from grid at 21, 31
Added entity naturereserve at 38, 18
Human Wendy built Nature Reserve for WOLF
Removed entity wolf from grid at 44, 29
Added entity cow at 5, 27
Added entity cow at 4, 35
Added entity wolf at 48, 10
Added entity wolf at 44, 8
Removed entity wolf from grid at 45, 33
Removed entity cow from grid at 4, 14
Removed entity cow from grid at 5, 27
Added entity cow at 3, 34
Added entity wolf at 39, 17
Removed entity wolf from grid at 19, 34
Added entity naturereserve at 19, 30
Human Jack built Nature Reserve for WOLF
Added entity naturereserve at 22, 34
Human Quinn built Nature Reserve for WOLF
Removed entity wolf from grid at 39, 17
Added entity cow at 2, 35
Added entity wolf at 35, 28
Added entity berry at 32, 45
Removed entity wolf from grid at 45, 34
Removed entity wolf from grid at 22, 12
Removed entity cow from grid at 3, 12
Removed entity cow from grid at 6, 30
Added entity cow at 1, 2
Added entity wolf at 13, 7
Added entity wolf at 35, 3
Added entity wolf at 44, 26
Added entity wolf at 39, 9
Added entity wolf at 37, 22
Added entity naturereserve at 36, 26
Human Diana built Nature Reserve for WOLF
Added entity wolf at 42, 36
Added entity naturereserve at 23, 10
Human Oscar built Nature Reserve for WOLF
Added entity naturereserve at 30, 34
Human Ruby built Nature Reserve for WOLF
Removed entity wolf from grid at 43, 6
Added entity cow at 0, 1
Added entity cow at 3, 34
Added entity wolf at 38, 40
Added entity wolf at 41, 26
Added entity tree at 27, 47
Added entity naturereserve at 40, 32
Human Luna built Nature Reserve for WOLF
Removed entity wolf from grid at 35, 26
Removed entity cow from grid at 7, 37
Removed entity wolf from grid at 36, 22
Removed entity wolf from grid at 39, 8
Removed entity wolf from grid at 13, 5
Removed entity cow from grid at 4, 8
Removed entity cow from grid at 8, 30
Added entity cow at 1, 0
Added entity tree at 5, 35
Removed entity wolf from grid at 43, 34
Added entity naturereserve at 35, 20
Human Wendy built Nature Reserve for WOLF
Added entity naturereserve at 4, 8
Human Uma built Nature Reserve for WOLF
Added entity wolf at 34, 21
Added entity naturereserve at 20, 41
Human Nina built Nature Reserve for WOLF
Removed entity wolf from grid at 13, 15
Added entity naturereserve at 12, 48
Human Jack built Nature Reserve for WOLF
Added entity wolf at 19, 41
Added entity cow at 48, 2
Added entity wolf at 46, 6
Removed entity wolf from grid at 34, 21
Removed entity cow from grid at 6, 6
Added entity wolf at 28, 23
Added entity wolf at 40, 39
Added entity wolf at 2, 40
Added entity naturereserve at 49, 33
Human Pip built Nature Reserve for WOLF
Added entity naturereserve at 25, 5
Human Diana built Nature Reserve for WOLF
Added entity wolf at 21, 40
Added entity cow at 4, 33
Added entity wolf at 26, 1
Added entity cow at 43, 28
Removed entity wolf from grid at 43, 37
Removed entity wolf from grid at 43, 23
Removed entity cow from grid at 11, 12
Removed entity wolf from grid at 34, 5
Removed entity cow from grid at 8, 9
Removed entity wolf from grid at 45, 8
Removed entity cow from grid at 7, 6
Added entity cow at 5, 34
Removed entity berry from grid at 11, 23
Added entity cow at 44, 27
Removed entity cow from grid at 11, 23
Removed entity cow from grid at 39, 5
Removed entity cow from grid at 7, 44
Removed entity cow from grid at 7, 6
Removed entity cow from grid at 8, 34
Added entity cow at 4, 35
Added entity cow at 44, 29
Added entity cow at 47, 1
Added entity wolf at 33, 37
Added entity wolf at 47, 7
Added entity wolf at 15, 6
Removed entity wolf from grid at 26, 3
Removed entity wolf from grid at 3, 39
Added entity cow at 45, 28
Added entity wolf at 34, 21
Added entity wolf at 39, 31
Added entity wolf at 19, 31
Added entity wolf at 39, 18
Added entity wolf at 15, 8
Added entity wolf at 15, 20
Added entity wolf at 11, 27
Added entity wolf at 36, 17
Removed entity wolf from grid at 22, 37
Removed entity wolf from grid at 29, 19
Added entity cow at 46, 0
Added entity cow at 3, 36
Added entity wolf at 7, 17
Removed entity cow from grid at 4, 38
Removed entity wolf from grid at 40, 39
Removed entity cow from grid at 45, 5
Removed entity wolf from grid at 14, 9
Added entity wolf at 5, 32
Added entity wolf at 28, 13
Removed entity wolf from grid at 17, 16
Removed entity wolf from grid at 39, 25
Removed entity wolf from grid at 36, 30
Removed entity wolf from grid at 14, 19
Removed entity wolf from grid at 47, 6
Added entity cow at 44, 29
Added entity cow at 43, 28
Added entity wolf at 15, 11
Added entity wolf at 8, 17
Added entity wolf at 10, 43
Added entity wolf at 40, 24
Added entity wolf at 37, 4
Added entity tree at 31, 30
Removed entity wolf from grid at 40, 24
Removed entity cow from grid at 42, 31
Removed entity wolf from grid at 33, 21
Removed entity wolf from grid at 15, 11
Removed entity wolf from grid at 37, 4
Removed entity cow from grid at 44, 8
Removed entity wolf from grid at 12, 27
Added entity cow at 42, 29
Added entity cow at 45, 30
Added entity cow at 0, 1
Added entity wolf at 35, 38
Added entity wolf at 8, 17
Added entity wolf at 47, 4
Removed entity cow from grid at 11, 37
Removed entity cow from grid at 26, 2
Removed entity wolf from grid at 22, 38
Removed entity cow from grid at 42, 29
Removed entity cow from grid at 45, 30
Removed entity wolf from grid at 36, 39
Removed entity cow from grid at 48, 5
Removed entity cow from grid at 45, 4
Removed entity cow from grid at 6, 42
Removed entity cow from grid at 11, 27
Added entity cow at 1, 2
Added entity cow at 2, 37
Added entity wolf at 29, 33
Added entity wolf at 12, 40
Added entity wolf at 0, 39
Removed entity wolf from grid at 21, 33
Removed entity wolf from grid at 32, 21
Removed entity wolf from grid at 36, 38
Removed entity wolf from grid at 48, 5
Added entity wolf at 2, 22
Added entity wolf at 7, 45
Removed entity berry from grid at 11, 24
Added entity naturereserve at 16, 2
Human Yara built Nature Reserve for WOLF
Added entity naturereserve at 31, 27
Human Ruby built Nature Reserve for WOLF
Removed entity wolf from grid at 36, 38
Added entity cow at 2, 1
Added entity cow at 45, 1
Added entity wolf at 35, 27
Added entity wolf at 47, 9
Added entity wolf at 25, 28
Added entity cow at 39, 38
Removed entity wolf from grid at 12, 38
Removed entity wolf from grid at 48, 8
Removed entity wolf from grid at 7, 17
Added entity naturereserve at 8, 39
Human Jack built Nature Reserve for WOLF
Added entity naturereserve at 36, 15
Human Alice built Nature Reserve for WOLF
Added entity cow at 3, 0
Added entity cow at 1, 36
Added entity wolf at 29, 35
Added entity wolf at 24, 11
Added entity wolf at 35, 37
Added entity wolf at 12, 39
Removed entity cow from grid at 41, 5
Removed entity cow from grid at 45, 26
Removed entity cow from grid at 7, 31
Removed entity wolf from grid at 14, 6
Added entity cow at 46, 2
Added entity wolf at 13, 47
Added entity wolf at 20, 31
Added entity wolf at 49, 8
Added entity wolf at 23, 28
Removed entity wolf from grid at 23, 28
Removed entity wolf from grid at 37, 26
Removed entity wolf from grid at 48, 8
Added entity cow at 45, 3
Added entity wolf at 13, 48
Added entity wolf at 47, 3
Added entity cow at 40, 36
Removed entity cow from grid at 42, 28
Removed entity cow from grid at 7, 32
Removed entity wolf from grid at 49, 8
Removed entity wolf from grid at 11, 37
Added entity wolf at 29, 23
Added entity wolf at 42, 41
Added entity wolf at 10, 27
Removed entity wolf from grid at 42, 41
Added entity naturereserve at 32, 6
Human Eve built Nature Reserve for WOLF
Added entity naturereserve at 18, 33
Human Bob built Nature Reserve for WOLF
Removed entity wolf from grid at 7, 17
Added entity naturereserve at 14, 32
Human Pip built Nature Reserve for WOLF
Added entity cow at 40, 38
Added entity cow at 40, 39
Added entity wolf at 33, 29
Removed entity wolf from grid at 11, 40
Removed entity wolf from grid at 40, 22
Removed entity cow from grid at 7, 19
Removed entity cow from grid at 14, 6
Added entity cow at 39, 40
Added entity cow at 44, 4
Added entity wolf at 37, 14
Added entity wolf at 36, 17
Removed entity cow from grid at 10, 39
Removed entity wolf from grid at 34, 29
Removed entity cow from grid at 37, 3
Added entity cow at 4, 0
Added entity wolf at 24, 4
Added entity wolf at 39, 32
Added entity wolf at 37, 23
Removed entity berry from grid at 10, 25
Removed entity cow from grid at 10, 25
Removed entity cow from grid at 13, 22
Removed entity wolf from grid at 26, 30
Removed entity cow from grid at 47, 27
Removed entity cow from grid at 10, 6
Removed entity cow from grid at 5, 15
Added entity berry at 44, 8
Added entity cow at 43, 3
Added entity cow at 38, 41
Added entity wolf at 21, 41
Added entity wolf at 11, 26
Added entity wolf at 0, 40
Added entity wolf at 27, 15
Added entity naturereserve at 17, 32
Human Charlie built Nature Reserve for WOLF
Removed entity wolf from grid at 11, 26
Added entity cow at 39, 39
Removed entity wolf from grid at 37, 16
Added entity cow at 37, 42
Added entity cow at 42, 4
Added entity wolf at 36, 40
Added entity wolf at 15, 18
Added entity cow at 42, 26
Removed entity cow from grid at 47, 2
Removed entity wolf from grid at 13, 46
Removed entity cow from grid at 45, 5
Added entity cow at 41, 5
Added entity cow at 38, 43
Added entity wolf at 47, 30
Removed entity cow from grid at 39, 38
Removed entity cow from grid at 8, 41
Removed entity wolf from grid at 25, 34
Removed entity cow from grid at 37, 2
Removed entity wolf from grid at 41, 21
Removed entity cow from grid at 42, 4
Removed entity cow from grid at 42, 26
Removed entity cow from grid at 13, 33
Removed entity wolf from grid at 5, 12
Removed entity wolf from grid at 9, 22
Removed entity wolf from grid at 12, 45
Removed entity wolf from grid at 33, 39
Removed entity cow from grid at 48, 4
Added entity wolf at 16, 32
Added entity wolf at 35, 15
Added entity wolf at 11, 47
Added entity wolf at 47, 28
Added entity wolf at 25, 33
Added entity naturereserve at 24, 34
Human Wendy built Nature Reserve for WOLF
Removed entity wolf from grid at 48, 0
Removed entity wolf from grid at 11, 47
Added entity cow at 37, 44
Added entity wolf at 32, 5
Added entity cow at 0, 35
Added entity wolf at 42, 36
Added entity naturereserve at 30, 33
Human Jack built Nature Reserve for WOLF
Added entity cow at 36, 45
Added entity cow at 41, 3
Added entity cow at 38, 38
Added entity cow at 5, 1
Removed entity berry from grid at 39, 36
Added entity wolf at 39, 33
Added entity wolf at 40, 25
Removed entity cow from grid at 39, 36
Removed entity cow from grid at 37, 37
Removed entity cow from grid at 49, 2
Removed entity cow from grid at 45, 30
Removed entity wolf from grid at 39, 35
Removed entity cow from grid at 8, 13
Removed entity wolf from grid at 42, 11
Removed entity cow from grid at 43, 6
Removed entity cow from grid at 8, 28
Added entity cow at 6, 0
Added entity cow at 37, 46
Added entity cow at 1, 34
Added entity wolf at 5, 9
Added entity wolf at 37, 40
Added entity wolf at 37, 7
Removed entity wolf from grid at 37, 17
Removed entity wolf from grid at 40, 24
Removed entity wolf from grid at 8, 28
Added entity cow at 0, 33
Added entity cow at 38, 47
Added entity cow at 42, 2
Added entity wolf at 26, 6
Added entity wolf at 5, 30
Added entity wolf at 15, 6
Added entity wolf at 5, 45
Added entity wolf at 28, 15
Added entity wolf at 27, 33
Removed entity wolf from grid at 33, 16
Removed entity wolf from grid at 40, 33
Added entity naturereserve at 9, 19
Human Yara built Nature Reserve for WOLF
Removed entity cow from grid at 37, 44
Removed entity wolf from grid at 5, 30
Added entity naturereserve at 38, 10
Human Alice built Nature Reserve for WOLF
Added entity cow at 37, 48
Added entity wolf at 17, 3
Added entity wolf at 31, 35
Added entity wolf at 9, 17
Added entity wolf at 34, 25
Removed entity wolf from grid at 24, 35
Added entity naturereserve at 34, 14
Human Jack built Nature Reserve for WOLF
Removed entity wolf from grid at 44, 30
Removed entity wolf from grid at 31, 35
Removed entity wolf from grid at 35, 45
Removed entity wolf from grid at 13, 6
Added entity cow at 38, 49
Added entity cow at 43, 1
Added entity cow at 7, 1
Added entity wolf at 29, 33
Added entity wolf at 26, 5
Added entity wolf at 35, 40
Removed entity cow from grid at 6, 27
Removed entity wolf from grid at 28, 33
Removed entity wolf from grid at 30, 16
Removed entity cow from grid at 5, 29
Added entity cow at 8, 0
Added entity cow at 44, 2
Added entity wolf at 34, 13
Added entity cow at 1, 34
Added entity wolf at 32, 5
Added entity wolf at 21, 41
Added entity wolf at 40, 23
Added entity wolf at 34, 29
Removed entity wolf from grid at 40, 39
Removed entity wolf from grid at 34, 13
Removed entity cow from grid at 39, 5
Removed entity wolf from grid at 8, 15
Removed entity wolf from grid at 7, 48
Removed entity cow from grid at 9, 17
Removed entity cow from grid at 41, 6
Removed entity cow from grid at 10, 28
Added entity cow at 2, 35
Added entity cow at 45, 3
Added entity cow at 43, 39
Added entity wolf at 8, 15
Added entity wolf at 40, 24
Added entity tree at 1, 0
Removed entity cow from grid at 42, 42
Removed entity cow from grid at 48, 3
Removed entity wolf from grid at 37, 6
Removed entity cow from grid at 9, 42
Removed entity wolf from grid at 28, 35
Removed entity cow from grid at 3, 31
Removed entity cow from grid at 8, 11
Removed entity cow from grid at 35, 44
Removed entity wolf from grid at 17, 3
Added entity cow at 44, 40
Added entity cow at 44, 4
Added entity cow at 3, 36
Added entity wolf at 29, 33
Added entity wolf at 30, 35
Added entity wolf at 23, 33
Added entity wolf at 46, 4
Added entity wolf at 45, 7
Added entity wolf at 27, 33
Removed entity wolf from grid at 46, 4
Removed entity wolf from grid at 24, 40
Removed entity cow from grid at 9, 48
Added entity cow at 4, 37
Added entity cow at 43, 5
Added entity cow at 39, 48
Added entity wolf at 29, 34
Removed entity wolf from grid at 28, 34
Removed entity cow from grid at 3, 32
Removed entity wolf from grid at 9, 44
Removed entity cow from grid at 8, 47
Removed entity cow from grid at 7, 8
Added entity cow at 42, 4
Added entity cow at 3, 38
Added entity wolf at 24, 35
Added entity wolf at 41, 33
Added entity wolf at 38, 19
Added entity wolf at 48, 10
Added entity wolf at 19, 36
Removed entity wolf from grid at 19, 36
Removed entity cow from grid at 9, 44
Removed entity cow from grid at 40, 3
Removed entity wolf from grid at 32, 34
Removed entity wolf from grid at 37, 39
Removed entity wolf from grid at 8, 9
Removed entity wolf from grid at 30, 14
Added entity cow at 2, 39
Added entity cow at 43, 41
Added entity cow at 7, 1
Added entity wolf at 35, 36
Added entity wolf at 14, 18
Added entity wolf at 14, 38
Removed entity cow from grid at 43, 44
Removed entity wolf from grid at 29, 35
Removed entity cow from grid at 45, 4
Removed entity wolf from grid at 35, 36
Removed entity wolf from grid at 14, 18
Removed entity wolf from grid at 47, 5
Removed entity cow from grid at 42, 5
Removed entity cow from grid at 44, 5
Removed entity cow from grid at 11, 1
Added entity cow at 42, 42
Added entity cow at 41, 3
Added entity cow at 38, 47
Added entity wolf at 19, 40
Added entity wolf at 38, 38
Added entity wolf at 38, 41
Removed entity wolf from grid at 15, 37
Removed entity wolf from grid at 37, 2
Removed entity wolf from grid at 31, 34
Removed entity wolf from grid at 14, 17
Removed entity wolf from grid at 46, 32
Removed entity wolf from grid at 19, 40
Removed entity wolf from grid at 9, 11
Added entity cow at 43, 43
Added entity wolf at 15, 32
Removed entity cow from grid at 37, 3
Removed entity cow from grid at 9, 41
Removed entity cow from grid at 2, 31
Removed entity cow from grid at 3, 44
Removed entity cow from grid at 7, 18
Removed entity wolf from grid at 2, 33
Added entity cow at 37, 46
Added entity cow at 40, 4
Added entity cow at 3, 38
Added entity wolf at 39, 32
Added entity wolf at 43, 36
Added entity wolf at 40, 7
Added entity wolf at 27, 15
Removed entity wolf from grid at 27, 37
Removed entity wolf from grid at 38, 15
Added entity cow at 41, 5
Added entity cow at 38, 45
Added entity wolf at 25, 6
Removed entity cow from grid at 42, 42
Removed entity wolf from grid at 40, 7
Removed entity cow from grid at 40, 4
Removed entity cow from grid at 43, 37
Removed entity cow from grid at 1, 32
Removed entity cow from grid at 3, 42
Removed entity wolf from grid at 38, 40
Removed entity cow from grid at 41, 5
Removed entity wolf from grid at 35, 7
Removed entity cow from grid at 2, 34
Added entity cow at 39, 44
Added entity cow at 4, 37
Added entity cow at 42, 44
Added entity wolf at 44, 36
Added entity cow at 41, 38
Added entity naturereserve at 41, 13
Human Tina built Nature Reserve for WOLF
Removed entity wolf from grid at 27, 38
Added entity naturereserve at 38, 6
Human Ruby built Nature Reserve for WOLF
Removed entity wolf from grid at 32, 11
Added entity cow at 6, 0
Added entity wolf at 33, 6
Added entity wolf at 38, 38
Added entity wolf at 38, 42
Added entity wolf at 9, 15
Added entity wolf at 46, 28
Added entity cow at 41, 37
Added entity cow at 42, 27
Removed entity cow from grid at 41, 37
Removed entity cow from grid at 4, 32
Removed entity cow from grid at 42, 5
Removed entity wolf from grid at 1, 33
Added entity wolf at 41, 12
Added entity cow at 41, 43
Added entity cow at 5, 36
Added entity wolf at 35, 3
Added entity wolf at 45, 25
Added entity wolf at 41, 8
Added entity wolf at 37, 22
Removed entity wolf from grid at 39, 41
Removed entity wolf from grid at 43, 36
Removed entity wolf from grid at 34, 7
Removed entity wolf from grid at 35, 3
Added entity cow at 40, 44
Added entity cow at 5, 1
Added entity cow at 42, 38
Added entity cow at 38, 45
Added entity wolf at 30, 27
Added entity wolf at 37, 39
Added entity tree at 27, 12
Removed entity cow from grid at 42, 38
Removed entity cow from grid at 44, 29
Removed entity cow from grid at 3, 30
Removed entity cow from grid at 4, 40
Removed entity wolf from grid at 41, 9
Removed entity cow from grid at 2, 34
Removed entity wolf from grid at 19, 31
Added entity cow at 37, 46
Added entity cow at 39, 43
Added entity cow at 6, 35
Added entity wolf at 35, 14
Added entity wolf at 20, 31
Removed entity wolf from grid at 40, 12
Removed entity cow from grid at 44, 34
Removed entity cow from grid at 3, 32
Removed entity cow from grid at 8, 9
Removed entity wolf from grid at 38, 36
Removed entity cow from grid at 6, 23
Added entity cow at 7, 34
Added entity cow at 6, 2
Added entity wolf at 47, 29
Added entity wolf at 32, 24
Removed entity wolf from grid at 38, 27
Added entity naturereserve at 8, 24
Human Jack built Nature Reserve for WOLF
Added entity cow at 40, 42
Added entity cow at 36, 45
Added entity wolf at 36, 40
Added entity wolf at 37, 7
Added entity wolf at 9, 25
Added entity wolf at 26, 14
Removed entity cow from grid at 7, 39
Removed entity wolf from grid at 42, 32
Removed entity cow from grid at 4, 42
Removed entity wolf from grid at 20, 30
Added entity cow at 35, 46
Added entity wolf at 29, 25
Removed entity cow from grid at 9, 21
Removed entity wolf from grid at 36, 7
Removed entity wolf from grid at 42, 28
Removed entity wolf from grid at 5, 17
Removed entity cow from grid at 9, 8
Removed entity wolf from grid at 20, 29
Added entity cow at 34, 45
Added entity cow at 39, 41
Added entity cow at 8, 35
Added entity wolf at 22, 33
Added entity wolf at 37, 19
Removed entity cow from grid at 5, 16
Removed entity cow from grid at 1, 33
Removed entity cow from grid at 44, 5
Removed entity wolf from grid at 38, 15
Removed entity wolf from grid at 35, 42
Removed entity cow from grid at 42, 29
Removed entity wolf from grid at 2, 39
Removed entity cow from grid at 40, 42
Removed entity cow from grid at 9, 8
Removed entity cow from grid at 3, 37
Removed entity cow from grid at 32, 0
Added entity naturereserve at 25, 44
Human Charlie built Nature Reserve for WOLF
Removed entity wolf from grid at 45, 28
Removed entity wolf from grid at 43, 13
Added entity naturereserve at 19, 28
Human Quinn built Nature Reserve for WOLF
Added entity cow at 7, 36
Added entity cow at 35, 46
Added entity cow at 5, 3
Added entity wolf at 18, 31
Added entity wolf at 19, 41
Added entity wolf at 39, 39
Added entity wolf at 28, 15
Removed entity wolf from grid at 35, 31
Removed entity cow from grid at 35, 43
Removed entity wolf from grid at 39, 39
Added entity cow at 4, 4
Added entity cow at 34, 47
Added entity wolf at 21, 41
Added entity wolf at 20, 31
Added entity wolf at 35, 38
Added entity berry at 1, 36
Removed entity berry from grid at 1, 36
Added entity naturereserve at 16, 28
Human Ruby built Nature Reserve for WOLF
Removed entity wolf from grid at 35, 32
Added entity berry at 33, 32
Removed entity wolf from grid at 48, 27
Added entity naturereserve at 5, 42
Human Zane built Nature Reserve for WOLF
Removed entity wolf from grid at 28, 4
Added entity naturereserve at 34, 10
Human Yara built Nature Reserve for WOLF
Removed entity wolf from grid at 18, 31
Added entity cow at 5, 5
Added entity cow at 39, 41
Added entity wolf at 40, 25
Added entity wolf at 45, 4
Removed entity wolf from grid at 39, 36
Added entity cow at 40, 40
Added entity cow at 6, 37
Added entity wolf at 36, 16
Added entity wolf at 15, 11
Added entity wolf at 9, 15
Added entity wolf at 39, 8
Removed entity wolf from grid at 18, 29
Removed entity cow from grid at 7, 27
Removed entity cow from grid at 40, 4
Removed entity cow from grid at 10, 7
Removed entity cow from grid at 3, 42
Removed entity wolf from grid at 42, 35
Removed entity cow from grid at 42, 8
Removed entity cow from grid at 9, 34
Added entity cow at 5, 36
Added entity cow at 39, 39
Added entity cow at 6, 4
Added entity wolf at 34, 36
Added entity wolf at 33, 23
Added entity wolf at 1, 38
Added entity wolf at 26, 14
Added entity wolf at 36, 17
Removed entity wolf from grid at 34, 36
Added entity naturereserve at 29, 40
Human Charlie built Nature Reserve for WOLF
Removed entity wolf from grid at 37, 15
Removed entity wolf from grid at 39, 8
Removed entity wolf from grid at 10, 14
Removed entity wolf from grid at 18, 41
Removed entity wolf from grid at 16, 34
Added entity cow at 38, 38
Added entity cow at 33, 46
Added entity wolf at 35, 15
Removed entity wolf from grid at 36, 37
Removed entity wolf from grid at 7, 22
Removed entity wolf from grid at 35, 15
Removed entity cow from grid at 12, 33
Removed entity wolf from grid at 12, 12
Removed entity cow from grid at 8, 34
Added entity cow at 37, 39
Added entity cow at 4, 37
Added entity wolf at 33, 14
Added entity wolf at 38, 11
Added entity wolf at 40, 31
Added entity wolf at 16, 20
Added entity wolf at 39, 8
Removed entity cow from grid at 38, 38
Added entity berry at 5, 27
Removed entity cow from grid at 37, 39
Removed entity wolf from grid at 37, 27
Removed entity wolf from grid at 2, 39
Removed entity wolf from grid at 39, 8
Added entity cow at 32, 47
Added entity cow at 7, 5
Added entity wolf at 48, 33
Added entity wolf at 11, 48
Added entity wolf at 7, 16
Added entity wolf at 45, 29
Added entity wolf at 39, 8
Added entity wolf at 39, 22
Removed entity cow from grid at 13, 36
Removed entity cow from grid at 3, 38
Removed entity wolf from grid at 44, 35
Removed entity cow from grid at 7, 33
Removed entity cow from grid at 39, 3
Added entity cow at 5, 36
Added entity berry at 37, 44
Removed entity berry from grid at 37, 44
Added entity wolf at 0, 24
Added entity naturereserve at 37, 13
Human Milo built Nature Reserve for WOLF
Removed entity wolf from grid at 39, 8
Removed entity wolf from grid at 27, 4
Added entity cow at 4, 35
Added entity cow at 31, 46
Removed entity berry from grid at 32, 45
Added entity wolf at 18, 32
Added entity wolf at 20, 36
Removed entity wolf from grid at 10, 47
Added entity naturereserve at 13, 33
Human Nina built Nature Reserve for WOLF
Removed entity wolf from grid at 36, 28
Removed entity wolf from grid at 39, 18
Added entity naturereserve at 9, 21
Human Jack built Nature Reserve for WOLF
Added entity wolf at 28, 39
Added entity wolf at 9, 25
Added entity wolf at 37, 40
Removed entity wolf from grid at 42, 26
Removed entity wolf from grid at 15, 21
Removed entity wolf from grid at 34, 12
Removed entity wolf from grid at 39, 14
Added entity cow at 30, 45
Added entity cow at 5, 34
Added entity berry at 35, 30
Added entity wolf at 13, 48
Added entity wolf at 19, 41
Added entity wolf at 14, 10
Added entity wolf at 47, 29
Removed entity wolf from grid at 7, 17
Removed entity wolf from grid at 8, 25
Removed entity wolf from grid at 34, 16
Removed entity cow from grid at 35, 41
Removed entity cow from grid at 2, 39
Removed entity wolf from grid at 19, 11
Removed entity cow from grid at 7, 37
Added entity cow at 6, 4
Removed entity berry from grid at 32, 46
Added entity wolf at 19, 34
Added entity wolf at 2, 39
Removed entity wolf from grid at 34, 38
Removed entity wolf from grid at 13, 10
Removed entity wolf from grid at 46, 31
Added entity cow at 6, 33
Added entity cow at 31, 44
Added entity wolf at 37, 15
Added entity wolf at 20, 36
Added entity wolf at 46, 30
Added entity wolf at 15, 18
Added entity wolf at 5, 45
Removed entity cow from grid at 41, 38
Removed entity wolf from grid at 27, 41
Removed entity wolf from grid at 11, 48
Removed entity wolf from grid at 37, 15
Removed entity wolf from grid at 46, 30
Removed entity cow from grid at 3, 38
Removed entity cow from grid at 5, 20
Removed entity wolf from grid at 20, 40
Removed entity cow from grid at 8, 33
Added entity cow at 5, 32
Added entity wolf at 35, 10
Removed entity wolf from grid at 18, 31
Added entity naturereserve at 42, 16
Human Grace built Nature Reserve for WOLF
Added entity cow at 30, 43
Added entity cow at 7, 5
Added entity wolf at 37, 18
Added entity wolf at 37, 40
Added entity wolf at 40, 41
Removed entity cow from grid at 40, 38
Removed entity wolf from grid at 19, 31
Removed entity cow from grid at 42, 1
Removed entity wolf from grid at 37, 31
Removed entity cow from grid at 6, 21
Removed entity wolf from grid at 44, 29
Added entity cow at 4, 31
Added entity wolf at 35, 38
Added entity wolf at 37, 1
Added entity wolf at 23, 29
Added entity wolf at 44, 26
Removed entity wolf from grid at 37, 40
Removed entity wolf from grid at 1, 25
Removed entity wolf from grid at 35, 38
Removed entity wolf from grid at 2, 38
Removed entity wolf from grid at 35, 11
Removed entity wolf from grid at 37, 17
Added entity cow at 8, 4
Added entity cow at 29, 42
Added entity wolf at 15, 33
Added entity wolf at 3, 7
Added entity wolf at 39, 31
Added entity wolf at 37, 27
Added entity cow at 44, 26
Added entity tree at 40, 13
Removed entity wolf from grid at 19, 34
Removed entity cow from grid at 38, 41
Removed entity cow from grid at 43, 1
Removed entity cow from grid at 9, 5
Removed entity cow from grid at 5, 39
Added entity cow at 3, 32
Added entity wolf at 24, 45
Added entity wolf at 25, 4
Added entity wolf at 40, 39
Removed entity wolf from grid at 5, 43
Removed entity wolf from grid at 45, 27
Added entity naturereserve at 49, 17
Human Tina built Nature Reserve for WOLF
Added entity cow at 2, 33
Added entity cow at 7, 5
Added entity wolf at 16, 1
Added entity wolf at 31, 34
Removed entity wolf from grid at 12, 16
Removed entity cow from grid at 3, 27
Removed entity cow from grid at 4, 42
Removed entity cow from grid at 11, 3
Removed entity cow from grid at 5, 37
Removed entity cow from grid at 5, 20
Added entity cow at 3, 34
Added entity cow at 32, 45
Added entity wolf at 17, 27
Added entity wolf at 12, 42
Removed entity wolf from grid at 39, 16
Added entity naturereserve at 30, 18
Human Zane built Nature Reserve for WOLF
Removed entity wolf from grid at 22, 43
Added entity wolf at 24, 44
Added entity wolf at 7, 25
Added entity wolf at 18, 31
Added entity wolf at 33, 28
Added entity naturereserve at 45, 17
Human Tina built Nature Reserve for WOLF
Removed entity wolf from grid at 47, 33
Added entity naturereserve at 13, 32
Human Quinn built Nature Reserve for WOLF
Added entity cow at 4, 35
Added entity cow at 8, 4
Added entity wolf at 15, 28
Added entity wolf at 26, 4
Added entity wolf at 12, 47
Added entity wolf at 21, 34
Added entity wolf at 35, 36
Added entity tree at 40, 38
Added entity tree at 35, 42
Added entity tree at 13, 15
Added entity tree at 14, 23
Added entity tree at 23, 36
Removed entity wolf from grid at 37, 27
Added entity tree at 15, 22
Added entity tree at 12, 43
Added entity tree at 38, 15
Added entity tree at 3, 44
Removed entity wolf from grid at 40, 1
Removed entity wolf from grid at 45, 34
Added entity tree at 44, 26
Added entity tree at 45, 16
Added entity tree at 12, 1
Added entity tree at 7, 13
Added entity tree at 3, 32
Added entity tree at 10, 6
Added entity tree at 6, 21
Added entity tree at 37, 15
Added entity tree at 13, 9
Added entity tree at 38, 4
Added entity tree at 26, 3
Added entity tree at 42, 1
Removed entity wolf from grid at 25, 9
Added entity cow at 5, 36
Added entity cow at 31, 46
Added entity wolf at 13, 12
Removed entity cow from grid at 35, 43
Removed entity wolf from grid at 35, 37
Removed entity cow from grid at 3, 33
Removed entity cow from grid at 48, 30
Added entity cow at 6, 35
Added entity cow at 9, 3
Added entity wolf at 31, 18
Added entity wolf at 36, 16
Added entity cow at 39, 36
Added entity cow at 42, 27
Removed entity cow from grid at 11, 37
Removed entity cow from grid at 11, 44
Removed entity wolf from grid at 21, 15
Removed entity cow from grid at 5, 33
Removed entity wolf from grid at 36, 16
Removed entity cow from grid at 10, 39
Added entity cow at 7, 36
Added entity cow at 32, 45
Added entity wolf at 28, 40
Added entity wolf at 7, 23
Added entity wolf at 9, 18
Added entity wolf at 35, 38
Removed entity wolf from grid at 11, 14
Removed entity wolf from grid at 7, 23
Removed entity cow from grid at 43, 28
Removed entity cow from grid at 4, 32
Removed entity wolf from grid at 10, 24
Removed entity cow from grid at 29, 42
Added entity wolf at 39, 6
Added entity wolf at 44, 35
Removed entity wolf from grid at 41, 38
Removed entity wolf from grid at 14, 38
Removed entity wolf from grid at 36, 39
Removed entity wolf from grid at 9, 45
Added entity naturereserve at 3, 33
Human Zane built Nature Reserve for WOLF
Removed entity wolf from grid at 34, 24
Removed entity wolf from grid at 25, 4
Added entity cow at 6, 35
Added entity cow at 10, 2
Added entity wolf at 10, 27
Removed entity wolf from grid at 20, 35
Removed entity wolf from grid at 8, 17
Added entity cow at 33, 46
Removed entity cow from grid at 31, 44
Removed entity cow from grid at 8, 45
Removed entity wolf from grid at 33, 29
Removed entity cow from grid at 6, 33
Removed entity cow from grid at 10, 11
Added entity cow at 7, 34
Added entity wolf at 5, 41
Added entity wolf at 40, 12
Added entity wolf at 36, 42
Added entity wolf at 9, 15
Added entity wolf at 39, 8
Removed entity wolf from grid at 11, 28
Removed entity wolf from grid at 9, 15
Removed entity wolf from grid at 32, 21
Removed entity wolf from grid at 27, 4
Added entity cow at 34, 45
Added entity cow at 9, 1
Added entity wolf at 8, 20
Added entity wolf at 9, 15
Removed entity wolf from grid at 30, 41
Added entity naturereserve at 17, 37
Human Charlie built Nature Reserve for WOLF
Added entity naturereserve at 40, 11
Human Milo built Nature Reserve for WOLF
Removed entity wolf from grid at 5, 43
Removed entity wolf from grid at 44, 36
Removed entity wolf from grid at 32, 15
Removed entity wolf from grid at 47, 0
Removed entity wolf from grid at 17, 26
Added entity cow at 8, 33
Added entity wolf at 37, 5
Added entity wolf at 35, 14
Removed entity wolf from grid at 45, 40
Removed entity wolf from grid at 16, 36
Removed entity cow from grid at 30, 43
Removed entity cow from grid at 38, 44
Removed entity cow from grid at 49, 0
Removed entity wolf from grid at 31, 20
Removed entity cow from grid at 47, 2
Added entity cow at 9, 32
Added entity cow at 8, 0
Added entity cow at 33, 44
Added entity wolf at 36, 12
Added entity wolf at 23, 33
Removed entity wolf from grid at 36, 44
Removed entity wolf from grid at 8, 20
Removed entity wolf from grid at 39, 13
Removed entity wolf from grid at 41, 26
Removed entity wolf from grid at 18, 3
Added entity naturereserve at 8, 18
Human Zane built Nature Reserve for WOLF
Added entity cow at 32, 45
Added entity cow at 10, 31
Added entity cow at 38, 41
Removed entity berry from grid at 12, 7
Added entity wolf at 41, 14
Removed entity berry from grid at 5, 27
Removed entity cow from grid at 12, 5
Removed entity wolf from grid at 16, 39
Removed entity cow from grid at 3, 43
Removed entity cow from grid at 48, 1
Removed entity cow from grid at 44, 38
Removed entity wolf from grid at 9, 16
Removed entity cow from grid at 9, 8
Removed entity wolf from grid at 16, 25
Removed entity cow from grid at 7, 41
Added entity cow at 37, 42
Added entity cow at 9, 30
Added entity cow at 31, 46
Added entity wolf at 46, 16
Added entity wolf at 33, 13
Added entity wolf at 40, 41
Added entity tree at 46, 20
Removed entity wolf from grid at 38, 9
Added entity naturereserve at 24, 38
Human Victor built Nature Reserve for WOLF
Removed entity wolf from grid at 42, 11
Removed entity wolf from grid at 25, 15
Added entity naturereserve at 45, 5
Human Yara built Nature Reserve for WOLF
Added entity naturereserve at 44, 5
Human Alice built Nature Reserve for WOLF
Removed entity wolf from grid at 26, 9
Added entity wolf at 43, 15
Added entity wolf at 14, 33
Added entity wolf at 38, 13
Added entity wolf at 21, 42
Added entity wolf at 47, 29
Added entity berry at 30, 31
Added entity wolf at 10, 25
Removed entity wolf from grid at 39, 42
Added entity naturereserve at 9, 31
Human Oscar built Nature Reserve for WOLF
Removed entity wolf from grid at 31, 21
Removed entity wolf from grid at 35, 11
Added entity wolf at 44, 4
Added entity wolf at 14, 31
Added entity wolf at 20, 28
Added entity wolf at 33, 6
Added entity wolf at 2, 24
Added entity wolf at 47, 2
Added entity wolf at 6, 47
Removed entity wolf from grid at 37, 12
Removed entity wolf from grid at 47, 28
Removed entity wolf from grid at 47, 2
Removed entity wolf from grid at 44, 4
Added entity wolf at 46, 4
Added entity cow at 32, 45
Added entity cow at 7, 1
Added entity wolf at 41, 11
Added entity wolf at 32, 27
Added entity wolf at 11, 49
Added entity wolf at 5, 30
Added entity wolf at 42, 35
Added entity berry at 10, 14
Removed entity wolf from grid at 15, 32
Removed entity cow from grid at 39, 42
Removed entity wolf from grid at 9, 24
Removed entity cow from grid at 9, 33
Removed entity wolf from grid at 46, 4
Added entity cow at 6, 0
Added entity cow at 33, 46
Added entity wolf at 25, 35
Added entity wolf at 35, 36
Added entity wolf at 41, 39
Added entity wolf at 25, 27
Added entity wolf at 37, 6
Added entity cow at 40, 36
Removed entity cow from grid at 28, 49
Removed entity wolf from grid at 18, 27
Removed entity wolf from grid at 38, 12
Removed entity cow from grid at 37, 36
Removed entity cow from grid at 48, 3
Removed entity cow from grid at 48, 42
Removed entity cow from grid at 10, 36
Removed entity cow from grid at 16, 9
Removed entity wolf from grid at 23, 49
Removed entity cow from grid at 12, 4
Added entity cow at 39, 35
Added entity cow at 37, 42
Added entity wolf at 36, 3
Added entity tree at 34, 20
Removed entity wolf from grid at 26, 48
Added entity naturereserve at 19, 45
Human Hank built Nature Reserve for WOLF
Removed entity cow from grid at 11, 11
Added entity naturereserve at 11, 3
Human Pip built Nature Reserve for WOLF
Added entity cow at 34, 45
Added entity cow at 9, 32
Added entity wolf at 41, 16
Added entity wolf at 28, 39
Added entity wolf at 35, 10
Added entity wolf at 39, 9
Added entity wolf at 48, 10
Added entity wolf at 18, 34
Added entity wolf at 2, 40
Added entity wolf at 34, 15
Added entity tree at 38, 41
Added entity tree at 14, 2
Added entity tree at 18, 43
Removed entity wolf from grid at 39, 11
Added entity tree at 7, 22
Added entity tree at 37, 2
Added entity tree at 42, 7
Added entity tree at 26, 35
Added entity tree at 13, 25
Added entity tree at 17, 43
Added entity tree at 36, 35
Added entity tree at 2, 45
Added entity tree at 44, 3
Added entity tree at 47, 39
Added entity tree at 45, 26
Added entity tree at 6, 29
Added entity tree at 43, 19
Added entity tree at 16, 1
Added entity tree at 9, 11
Added entity tree at 11, 36
Added entity tree at 17, 6
Added entity human at 42, 6
Added entity cow at 10, 33
Added entity cow at 33, 44
Removed entity berry from grid at 40, 35
Added entity wolf at 12, 33
Added entity wolf at 15, 6
Added entity tree at 48, 6
Removed entity wolf from grid at 16, 29
Removed entity cow from grid at 27, 48
Removed entity wolf from grid at 21, 29
Removed entity cow from grid at 18, 45
Removed entity wolf from grid at 37, 12
Removed entity tree from grid at 43, 8
Removed entity wolf from grid at 4, 46
Removed entity cow from grid at 49, 41
Removed entity cow from grid at 7, 31
Removed entity wolf from grid at 45, 33
Removed entity cow from grid at 12, 30
Added entity cow at 9, 34
Added entity cow at 39, 34
Added entity cow at 7, 1
Added entity wolf at 16, 36
Added entity wolf at 8, 19
Removed entity cow from grid at 46, 34
Added entity naturereserve at 49, 40
Human Wendy built Nature Reserve for WOLF
Added entity naturereserve at 35, 31
Human Zane built Nature Reserve for WOLF
Added entity cow at 38, 33
Added entity cow at 8, 35
Added entity cow at 34, 43
Added entity wolf at 17, 38
Added entity berry at 0, 33
Removed entity berry from grid at 0, 33
Added entity wolf at 3, 9
Added entity wolf at 31, 33
Added entity wolf at 14, 38
Added entity wolf at 5, 45
Removed entity cow from grid at 42, 39
Removed entity wolf from grid at 18, 45
Removed entity tree from grid at 48, 6
Removed entity wolf from grid at 32, 27
Removed entity cow from grid at 10, 9
Added entity cow at 9, 36
Added entity cow at 37, 34
Added entity wolf at 37, 10
Added entity wolf at 32, 24
Added entity tree at 35, 0
Removed entity cow from grid at 38, 33
Removed entity wolf from grid at 6, 28
Removed entity cow from grid at 10, 11
Removed entity wolf from grid at 32, 32
Removed entity cow from grid at 10, 7
Removed entity cow from grid at 2, 42
Removed entity wolf from grid at 37, 10
Added entity cow at 38, 33
Added entity cow at 8, 2
Removed entity wolf from grid at 41, 6
Added entity wolf at 17, 38
Added entity tree at 6, 36
Added entity wolf at 42, 39
Added entity wolf at 37, 8
Removed entity wolf from grid at 22, 24
Added entity human at 46, 36
Added entity human at 18, 46
Removed entity tree from grid at 14, 2
Removed entity wolf from grid at 14, 36
Added entity human at 16, 7
Added entity human at 17, 45
Added entity cow at 35, 44
Added entity cow at 39, 42
Added entity wolf at 22, 11
Added entity wolf at 41, 25
Removed entity cow from grid at 11, 34
Removed entity cow from grid at 29, 44
Removed entity wolf from grid at 34, 31
Removed entity wolf from grid at 5, 26
Removed entity cow from grid at 11, 9
Removed entity wolf from grid at 16, 9
Removed entity cow from grid at 9, 6
Added entity cow at 40, 41
Added entity cow at 10, 35
Added entity wolf at 41, 12
Added entity human at 19, 46
Added entity human at 16, 31
Removed entity tree from grid at 32, 30
Removed entity cow from grid at 5, 28
Removed entity tree from grid at 8, 22
Removed entity tree from grid at 26, 44
Removed entity wolf from grid at 0, 43
Added entity human at 11, 33
Added entity berry at 11, 35
Added entity cow at 41, 42
Added entity cow at 36, 43
Added entity cow at 9, 3
Added entity tree at 37, 14
Added entity wolf at 9, 20
Added entity wolf at 39, 31
Added entity wolf at 40, 23
Added entity wolf at 37, 6
Removed entity cow from grid at 30, 45
Removed entity cow from grid at 41, 37
Removed entity cow from grid at 37, 33
Added entity tree at 40, 10
Removed entity wolf from grid at 43, 34
Added entity tree at 47, 6
Removed entity cow from grid at 12, 3
Removed entity cow from grid at 8, 9
Removed entity cow from grid at 35, 34
Removed entity cow from grid at 26, 42
Removed entity cow from grid at 41, 35
Removed entity wolf from grid at 39, 0
Removed entity wolf from grid at 36, 8
Removed entity cow from grid at 2, 43
Added entity cow at 10, 2
Added entity cow at 42, 43
Added entity human at 16, 31
Removed entity wolf from grid at 21, 48
Added entity wolf at 30, 41
Added entity wolf at 4, 9
Added entity wolf at 38, 40
Added entity wolf at 9, 25
Removed entity wolf from grid at 15, 35
Removed entity wolf from grid at 30, 45
Removed entity wolf from grid at 39, 32
Added entity human at 36, 34
Removed entity tree from grid at 3, 48
Removed entity wolf from grid at 40, 23
Removed entity wolf from grid at 22, 12
Added entity cow at 43, 42
Added entity naturereserve at 21, 48
Human Sam built Nature Reserve for WOLF
Added entity cow at 9, 36
Added entity wolf at 18, 44
Added entity wolf at 30, 41
Added entity wolf at 21, 40
Added entity wolf at 21, 34
Added entity wolf at 39, 6
Added entity wolf at 12, 40
Added entity tree at 40, 35
Added entity human at 12, 12
Removed entity cow from grid at 7, 26
Removed entity cow from grid at 42, 34
Removed entity cow from grid at 11, 33
Removed entity wolf from grid at 8, 26
Removed entity wolf from grid at 38, 35
Added entity cow at 9, 3
Added entity cow at 37, 44
Added entity human at 15, 37
Removed entity tree from grid at 20, 9
Removed entity tree from grid at 40, 35
Added entity wolf at 36, 32
Added entity wolf at 19, 31
Added entity wolf at 33, 27
Removed entity tree from grid at 29, 46
Removed entity cow from grid at 10, 12
Removed entity wolf from grid at 25, 36
Removed entity tree from grid at 7, 13
Removed entity tree from grid at 32, 36
Added entity human at 42, 36
Removed entity cow from grid at 10, 35
Removed entity tree from grid at 3, 44
Removed entity wolf from grid at 16, 37
Added entity cow at 36, 45
Added entity tree at 12, 11
Added entity cow at 10, 35
Added entity cow at 44, 43
Added entity tree at 37, 34
Added entity tree at 18, 45
Added entity tree at 14, 45
Added entity tree at 19, 7
Added entity tree at 16, 46
Removed entity wolf from grid at 36, 11
Added entity wolf at 31, 34
Removed entity tree from grid at 16, 33
Added entity human at 38, 34
Removed entity tree from grid at 12, 11
Removed entity wolf from grid at 33, 27
Added entity human at 42, 33
Added entity human at 6, 10
Added entity cow at 9, 34
Added entity cow at 8, 4
Added entity tree at 12, 11
Added entity tree at 16, 30
Added entity human at 14, 47
Added entity wolf at 10, 43
Added entity human at 39, 34
Added entity house at 30, 45
Removed entity cow from grid at 38, 36
Added entity human at 38, 31
Removed entity wolf from grid at 35, 32
Removed entity wolf from grid at 35, 25
Removed entity wolf from grid at 49, 10
Removed entity cow from grid at 9, 13
Removed entity wolf from grid at 18, 31
Removed entity wolf from grid at 10, 20
Added entity human at 12, 38
Added entity house at 3, 47
Added entity cow at 8, 33
Added entity cow at 45, 42
Added entity wolf at 17, 33
Added entity wolf at 0, 23
Added entity wolf at 43, 25
Removed entity wolf from grid at 17, 33
Removed entity human from grid at 30, 44
Added entity tree at 10, 10
Removed entity wolf from grid at 38, 26
Removed entity human from grid at 31, 45
Removed entity wolf from grid at 3, 14
Removed entity human from grid at 4, 46
Added entity cow at 7, 32
Added entity cow at 35, 44
Added entity naturereserve at 12, 38
Human Oscar built Nature Reserve for WOLF
Added entity wolf at 12, 32
Added entity wolf at 3, 9
Added entity tree at 29, 2
Removed entity wolf from grid at 37, 4
Removed entity tree from grid at 11, 36
Removed entity human from grid at 4, 47
Removed entity wolf from grid at 38, 38
Added entity human at 8, 14
Removed entity cow from grid at 8, 9
Added entity cow at 34, 45
Added entity cow at 46, 43
Removed entity wolf from grid at 4, 9
Removed entity wolf from grid at 12, 39
Removed entity wolf from grid at 20, 33
Removed entity wolf from grid at 31, 12
Added entity wolf at 44, 18
Added entity wolf at 12, 34
Added entity wolf at 24, 33
Removed entity wolf from grid at 35, 24
Removed entity cow from grid at 40, 40
Removed entity wolf from grid at 36, 38
Removed entity cow from grid at 2, 15
Removed entity wolf from grid at 34, 5
Added entity cow at 8, 31
Removed entity wolf from grid at 10, 44
Removed entity wolf from grid at 13, 44
Removed entity wolf from grid at 36, 27
Added entity naturereserve at 31, 11
Human Xander built Nature Reserve for WOLF
Added entity wolf at 30, 40
Added entity wolf at 24, 45
Added entity wolf at 26, 4
Removed entity cow from grid at 28, 42
Removed entity cow from grid at 41, 39
Added entity cow at 33, 44
Added entity cow at 9, 5
Removed entity berry from grid at 11, 35
Added entity naturereserve at 22, 5
Human Ruby built Nature Reserve for WOLF
Added entity berry at 4, 33
Added entity wolf at 24, 4
Added entity wolf at 45, 4
Added entity wolf at 45, 7
Removed entity wolf from grid at 9, 15
Added entity cow at 9, 30
Removed entity cow from grid at 2, 8
Removed entity wolf from grid at 31, 31
Removed entity cow from grid at 11, 33
Removed entity wolf from grid at 14, 49
Removed entity cow from grid at 11, 40
Removed entity berry from grid at 4, 33
Added entity wolf at 17, 31
Added entity wolf at 35, 27
Removed entity cow from grid at 12, 34
Removed entity cow from grid at 7, 13
Removed entity wolf from grid at 29, 35
Added entity cow at 10, 29
Added entity cow at 32, 45
Added entity naturereserve at 38, 37
Human Tina built Nature Reserve for WOLF
Added entity wolf at 41, 12
Added entity wolf at 9, 22
Removed entity wolf from grid at 9, 22
Removed entity wolf from grid at 43, 29
Removed entity wolf from grid at 45, 14
Removed entity wolf from grid at 28, 34
Removed entity wolf from grid at 5, 21
Added entity cow at 10, 4
Added entity wolf at 7, 17
Added entity wolf at 10, 21
Added entity wolf at 20, 34
Added entity wolf at 37, 4
Removed entity wolf from grid at 30, 35
Removed entity cow from grid at 42, 39
Removed entity wolf from grid at 13, 29
Removed entity wolf from grid at 44, 15
Removed entity wolf from grid at 20, 34
Removed entity wolf from grid at 29, 36
Added entity naturereserve at 34, 1
Human Yara built Nature Reserve for WOLF
Added entity cow at 11, 28
Added entity cow at 45, 43
Removed entity wolf from grid at 21, 33
Removed entity wolf from grid at 26, 38
Added entity cow at 12, 29
Added entity cow at 11, 5
Added entity cow at 31, 46
Removed entity cow from grid at 7, 8
Added entity wolf at 17, 38
Added entity wolf at 4, 34
Removed entity cow from grid at 30, 37
Added entity cow at 30, 47
Removed entity wolf from grid at 8, 32
Removed entity cow from grid at 7, 43
Removed entity wolf from grid at 24, 5
Removed entity wolf from grid at 33, 28
Added entity wolf at 28, 39
Added entity wolf at 17, 1
Added entity wolf at 37, 19
Added entity wolf at 20, 36
Removed entity wolf from grid at 28, 39
Removed entity wolf from grid at 24, 37
Removed entity wolf from grid at 15, 28
Removed entity cow from grid at 43, 43
Removed entity cow from grid at 12, 29
Removed entity cow from grid at 4, 6
Removed entity cow from grid at 2, 6
Removed entity cow from grid at 5, 23
Removed entity wolf from grid at 4, 5
Added entity cow at 29, 46
Added entity cow at 10, 4
Added entity wolf at 11, 39
Added entity wolf at 34, 9
Added entity wolf at 32, 27
Added entity cow at 9, 5
Added entity cow at 28, 47
Added entity cow at 44, 43
Removed entity wolf from grid at 7, 16
Removed entity cow from grid at 8, 32
Removed entity cow from grid at 41, 42
Removed entity cow from grid at 9, 36
Removed entity cow from grid at 32, 37
Removed entity cow from grid at 10, 33
Added entity wolf at 13, 49
Added entity wolf at 0, 38
Removed entity cow from grid at 9, 6
Removed entity cow from grid at 6, 5
Removed entity cow from grid at 12, 28
Removed entity cow from grid at 7, 33
Added entity wolf at 16, 18
Removed entity wolf from grid at 24, 37
Added entity cow at 45, 42
Added entity naturereserve at 27, 36
Human Ivy built Nature Reserve for WOLF
Removed entity wolf from grid at 18, 42
Added entity wolf at 25, 39
Added entity wolf at 15, 28
Added entity wolf at 26, 44
Added entity wolf at 37, 10
Added entity wolf at 36, 20
Added entity naturereserve at 46, 40
Human Bob built Nature Reserve for WOLF
Removed entity wolf from grid at 15, 28
Removed entity wolf from grid at 14, 49
Added entity naturereserve at 47, 36
Human Wendy built Nature Reserve for WOLF
Removed entity wolf from grid at 7, 23
Removed entity cow from grid at 32, 41
Added entity wolf at 33, 1
Removed entity wolf from grid at 32, 25
Removed entity wolf from grid at 21, 9
Added entity wolf at 35, 40
Added entity cow at 2, 7
Added entity wolf at 48, 35
Added entity cow at 29, 46
Removed entity wolf from grid at 4, 31
Added entity naturereserve at 32, 27
Human Ruby built Nature Reserve for WOLF
Added entity wolf at 45, 6
Added entity wolf at 23, 33
Added entity wolf at 40, 27
Added entity wolf at 27, 32
Added entity cow at 43, 28
Added entity naturereserve at 20, 24
Human Oscar built Nature Reserve for WOLF
Added entity cow at 46, 41
Added entity wolf at 26, 44
Added entity wolf at 16, 33
Added entity wolf at 32, 7
Added entity wolf at 7, 39
Removed entity tree from grid at 35, 42
Removed entity tree from grid at 24, 41
Removed entity tree from grid at 10, 6
Removed entity wolf from grid at 23, 35
Removed entity tree from grid at 10, 10
Removed entity wolf from grid at 43, 4
Added entity cow at 47, 40
Added entity cow at 1, 5
Removed entity wolf from grid at 45, 34
Removed entity wolf from grid at 23, 3
Added entity tree at 13, 16
Removed entity wolf from grid at 16, 32
Removed entity wolf from grid at 41, 26
Removed entity wolf from grid at 17, 34
Removed entity wolf from grid at 16, 39
Added entity naturereserve at 16, 23
Human Jack built Nature Reserve for WOLF
Added entity cow at 2, 4
Added entity cow at 48, 39
Added entity cow at 10, 6
Removed entity cow from grid at 3, 27
Removed entity cow from grid at 49, 43
Removed entity wolf from grid at 33, 26
Removed entity wolf from grid at 28, 31
Added entity berry at 9, 2
Removed entity berry from grid at 9, 2
Added entity wolf at 48, 18
Added entity wolf at 28, 40
Added entity wolf at 39, 6
Added entity wolf at 32, 5
Added entity wolf at 17, 2
Added entity wolf at 34, 15
Removed entity cow from grid at 35, 42
Removed entity cow from grid at 14, 2
Removed entity wolf from grid at 25, 40
Removed entity cow from grid at 11, 26
Removed entity wolf from grid at 41, 16
Removed entity cow from grid at 6, 5
Removed entity cow from grid at 11, 5
Added entity cow at 49, 38
Added entity cow at 3, 3
Added entity cow at 28, 47
Added entity naturereserve at 49, 42
Human Yara built Nature Reserve for WOLF
Added entity naturereserve at 3, 26
Human Ivy built Nature Reserve for WOLF
Removed entity wolf from grid at 36, 39
Added entity wolf at 38, 14
Added entity wolf at 33, 14
Added entity wolf at 14, 31
Added entity wolf at 49, 34
Added entity wolf at 13, 6
Added entity tree at 34, 42
Removed entity wolf from grid at 14, 31
Added entity tree at 14, 0
Added entity tree at 10, 24
Removed entity wolf from grid at 24, 32
Removed entity wolf from grid at 14, 17
Added entity cow at 4, 2
Added entity cow at 48, 37
Added entity naturereserve at 8, 14
Human Alice built Nature Reserve for WOLF
Removed entity wolf from grid at 49, 34
Added entity wolf at 7, 25
Added entity wolf at 31, 5
Added entity wolf at 37, 26
Added entity wolf at 10, 41
Added entity wolf at 34, 27
Added entity wolf at 26, 32
Removed entity wolf from grid at 15, 2
Removed entity tree from grid at 26, 3
Removed entity tree from grid at 47, 39
Added entity human at 44, 9
Removed entity wolf from grid at 37, 26
Added entity cow at 27, 48
Added entity wolf at 19, 24
Added entity tree at 46, 42
Added entity tree at 41, 33
Removed entity wolf from grid at 11, 45
Added entity wolf at 4, 34
Added entity wolf at 41, 12
Removed entity wolf from grid at 16, 0
Removed entity wolf from grid at 38, 14
Added entity human at 45, 38
Removed entity wolf from grid at 10, 9
Removed entity cow from grid at 13, 40
Removed entity tree from grid at 38, 41
Added entity cow at 47, 38
Added entity cow at 5, 1
Added entity wolf at 12, 39
Removed entity wolf from grid at 2, 26
Removed entity cow from grid at 46, 43
Added entity wolf at 39, 11
Added entity wolf at 15, 31
Added entity wolf at 31, 7
Added entity wolf at 10, 42
Added entity wolf at 15, 6
Removed entity cow from grid at 36, 42
Removed entity wolf from grid at 34, 27
Removed entity cow from grid at 26, 42
Removed entity cow from grid at 47, 38
Removed entity cow from grid at 47, 39
Removed entity cow from grid at 9, 24
Removed entity cow from grid at 39, 42
Removed entity cow from grid at 4, 38
Added entity cow at 6, 0
Added entity tree at 42, 35
Removed entity wolf from grid at 41, 8
Added entity human at 5, 24
Removed entity cow from grid at 49, 36
Removed entity wolf from grid at 12, 42
Added entity human at 5, 25
Added entity human at 38, 35
Added entity wolf at 16, 27
Added entity wolf at 37, 10
Added entity wolf at 21, 35
Removed entity wolf from grid at 6, 23
Removed entity wolf from grid at 39, 25
Added entity house at 5, 7
Removed entity cow from grid at 45, 28
Removed entity wolf from grid at 3, 38
Removed entity tree from grid at 37, 34
Added entity human at 6, 24
Added entity cow at 26, 47
Removed entity tree from grid at 46, 42
Removed entity tree from grid at 9, 11
Removed entity wolf from grid at 28, 35
Removed entity tree from grid at 12, 43
Added entity wolf at 42, 15
Added entity wolf at 35, 15
Added entity wolf at 21, 34
Added entity wolf at 20, 37
Added entity wolf at 47, 8
Added entity wolf at 47, 29
Added entity wolf at 46, 4
Removed entity wolf from grid at 15, 32
Added entity human at 6, 25
Removed entity cow from grid at 29, 42
Removed entity tree from grid at 20, 20
Added entity tree at 7, 25
Added entity tree at 5, 23
Added entity tree at 37, 34
Added entity tree at 4, 24
Added entity tree at 4, 23
Removed entity human from grid at 2, 23
Added entity human at 12, 44
Removed entity cow from grid at 37, 37
Added entity wolf at 48, 41
Added entity wolf at 34, 13
Added entity wolf at 35, 21
Added entity cow at 44, 27
Removed entity tree from grid at 13, 16
Removed entity tree from grid at 8, 6
Added entity human at 43, 24
Removed entity wolf from grid at 12, 39
Added entity tree at 42, 23
Added entity tree at 13, 43
Removed entity tree from grid at 7, 25
Added entity cow at 25, 46
Added entity human at 7, 25
Added entity human at 39, 34
Removed entity cow from grid at 5, 26
Added entity human at 4, 25
Added entity cow at 7, 1
Added entity wolf at 48, 37
Removed entity tree from grid at 42, 23
Added entity human at 38, 34
Removed entity wolf from grid at 25, 34
Removed entity cow from grid at 11, 44
Removed entity wolf from grid at 32, 15
Added entity wolf at 36, 31
Added entity wolf at 46, 7
Removed entity wolf from grid at 36, 22
Removed entity wolf from grid at 43, 14
Removed entity wolf from grid at 12, 41
Added entity cow at 8, 0
Added entity tree at 3, 24
Added entity tree at 7, 24
Added entity cow at 24, 45
Added entity human at 11, 45
Removed entity tree from grid at 4, 24
Added entity human at 44, 6
Added entity cow at 10, 4
Added entity wolf at 19, 25
Removed entity wolf from grid at 46, 37
Removed entity wolf from grid at 11, 44
Added entity wolf at 43, 15
Added entity wolf at 35, 41
Added entity wolf at 42, 40
Removed entity wolf from grid at 19, 25
Removed entity wolf from grid at 18, 36
Removed entity tree from grid at 41, 41
Added entity house at 6, 7
Added entity tree at 11, 44
Added entity cow at 23, 46
Added entity tree at 36, 32
Added entity human at 39, 32
Added entity human at 6, 26
Added entity human at 5, 26
Added entity house at 5, 9
Added entity berry at 39, 35
Removed entity cow from grid at 10, 42
Removed entity tree from grid at 40, 38
Removed entity tree from grid at 13, 43
Removed entity wolf from grid at 23, 42
Added entity wolf at 49, 32
Added entity wolf at 3, 7
Added entity wolf at 40, 33
Added entity wolf at 35, 27
Added entity wolf at 19, 29
Added entity wolf at 45, 4
Removed entity cow from grid at 7, 28
Removed entity human from grid at 4, 9
Added entity house at 32, 47
Removed entity human from grid at 7, 7
Removed entity wolf from grid at 38, 31
Added entity tree at 43, 6
Added entity tree at 10, 44
Removed entity tree from grid at 37, 34
Added entity human at 40, 23
Removed entity wolf from grid at 35, 32
Removed entity cow from grid at 8, 29
Added entity wolf at 32, 10
Removed entity cow from grid at 1, 22
Removed entity human from grid at 6, 9
Removed entity wolf from grid at 42, 38
Removed entity tree from grid at 11, 44
Removed entity cow from grid at 2, 26
Removed entity tree from grid at 18, 43
Removed entity cow from grid at 7, 40
Added entity wolf at 41, 16
Added entity wolf at 12, 34
Added entity wolf at 14, 33
Added entity wolf at 17, 33
Added entity wolf at 37, 38
Added entity house at 29, 47
Added entity house at 3, 9
Removed entity human from grid at 33, 47
Added entity tree at 4, 26
Added entity tree at 38, 31
Added entity tree at 43, 5
Removed entity tree from grid at 10, 44
Added entity human at 36, 34
Removed entity tree from grid at 14, 45
Removed entity wolf from grid at 36, 39
Removed entity wolf from grid at 39, 19
Removed entity tree from grid at 6, 29
Added entity house at 42, 33
Removed entity cow from grid at 13, 38
Added entity tree at 41, 20
Added entity tree at 5, 26
Added entity tree at 3, 27
Added entity wolf at 28, 39
Added entity wolf at 24, 9
Added entity wolf at 46, 4
Added entity wolf at 34, 29
Removed entity tree from grid at 27, 47
Removed entity wolf from grid at 24, 9
Removed entity human from grid at 43, 33
Removed entity human from grid at 28, 46
Added entity tree at 4, 27
Added entity human at 41, 32
Added entity cow at 22, 45
Removed entity wolf from grid at 45, 7
Removed entity cow from grid at 8, 45
Added entity wolf at 17, 1
Added entity wolf at 18, 29
Added entity wolf at 38, 40
Removed entity human from grid at 42, 32
Added entity human at 13, 36
Removed entity human from grid at 3, 8
Removed entity tree from grid at 5, 35
Removed entity human from grid at 7, 7
Added entity tree at 12, 35
Added entity cow at 23, 44
Added entity human at 40, 31
Added entity human at 2, 29
Removed entity wolf from grid at 9, 32
Removed entity tree from grid at 3, 27
Removed entity cow from grid at 40, 38
Added entity house at 4, 49
Removed entity cow from grid at 8, 7
Added entity wolf at 18, 34
Added entity wolf at 23, 11
Removed entity cow from grid at 45, 32
Removed entity wolf from grid at 3, 30
Added entity tree at 39, 30
Added entity cow at 24, 43
Added entity human at 37, 33
Added entity human at 4, 28
Added entity human at 9, 44
Added entity human at 3, 30
Removed entity cow from grid at 2, 31
Added entity wolf at 28, 35
Added entity human at 40, 17
Added entity wolf at 26, 5
Added entity wolf at 6, 45
Removed entity cow from grid at 10, 6
Added entity human at 10, 33
Added entity human at 9, 10
Added entity human at 8, 11
Removed entity tree from grid at 41, 17
Added entity human at 3, 27
Added entity cow at 23, 42
Removed entity wolf from grid at 7, 45
Removed entity tree from grid at 3, 32
Removed entity cow from grid at 7, 31
Added entity human at 46, 32
Removed entity tree from grid at 0, 25
Added entity wolf at 12, 2
Added entity wolf at 15, 2
Added entity wolf at 37, 26
Added entity wolf at 48, 8
Added entity wolf at 2, 23
Added entity wolf at 25, 0
Added entity wolf at 41, 9
Removed entity cow from grid at 9, 37
Removed entity wolf from grid at 45, 43
Removed entity wolf from grid at 48, 29
Removed entity wolf from grid at 41, 16
Removed entity wolf from grid at 40, 20
Added entity cow at 11, 5
Removed entity wolf from grid at 48, 26
Added entity wolf at 17, 24
Removed entity wolf from grid at 42, 19
Removed entity wolf from grid at 36, 17
Removed entity wolf from grid at 1, 38
Removed entity wolf from grid at 37, 19
Added entity wolf at 31, 7
Added entity wolf at 36, 20
Added entity wolf at 18, 31
Added entity wolf at 39, 25
Removed entity wolf from grid at 36, 20
Removed entity human from grid at 32, 46
Removed entity wolf from grid at 21, 13
Removed entity wolf from grid at 39, 25
Removed entity cow from grid at 6, 8
Added entity tree at 46, 30
Added entity tree at 4, 24
Added entity tree at 8, 11
Removed entity wolf from grid at 35, 36
Removed entity wolf from grid at 37, 28
Added entity human at 10, 34
Removed entity cow from grid at 6, 30
Removed entity tree from grid at 2, 45
Added entity human at 47, 30
Removed entity wolf from grid at 12, 36
Added entity wolf at 25, 29
Added entity tree at 47, 29
Added entity human at 11, 33
Added entity human at 48, 32
Added entity cow at 22, 44
Removed entity wolf from grid at 6, 25
Removed entity cow from grid at 5, 45
Removed entity wolf from grid at 37, 38
Removed entity cow from grid at 3, 32
Removed entity tree from grid at 5, 26
Added entity wolf at 3, 8
Removed entity tree from grid at 44, 44
Removed entity tree from grid at 45, 26
Added entity tree at 48, 31
Added entity tree at 10, 32
Added entity tree at 48, 29
Removed entity cow from grid at 11, 6
Added entity human at 5, 28
Added entity human at 35, 35
Added entity human at 2, 29
Added entity human at 40, 19
Removed entity cow from grid at 46, 39
Added entity cow at 7, 1
Removed entity cow from grid at 3, 31
Removed entity wolf from grid at 15, 17
Removed entity wolf from grid at 15, 33
Added entity tree at 20, 44
Removed entity tree from grid at 34, 42
Removed entity cow from grid at 28, 47
Added entity human at 11, 7
Added entity wolf at 30, 40
Added entity wolf at 39, 5
Added entity wolf at 25, 4
Added entity wolf at 37, 26
Added entity wolf at 27, 15
Removed entity human from grid at 29, 46
Removed entity wolf from grid at 37, 17
Removed entity wolf from grid at 16, 33
Added entity cow at 6, 2
Removed entity wolf from grid at 39, 18
Added entity human at 1, 28
Removed entity tree from grid at 36, 35
Removed entity tree from grid at 48, 31
Removed entity tree from grid at 46, 30
Removed entity tree from grid at 4, 26
Added entity wolf at 48, 36
Added entity tree at 13, 22
Added entity wolf at 38, 11
Added entity wolf at 41, 41
Removed entity cow from grid at 47, 39
Added entity house at 7, 40
Added entity house at 8, 10
Added entity tree at 0, 27
Added entity tree at 2, 28
Added entity tree at 34, 34
Added entity human at 4, 28
Added entity cow at 10, 6
Removed entity wolf from grid at 48, 36
Removed entity wolf from grid at 45, 3
Added entity house at 5, 47
Removed entity human from grid at 4, 29
Added entity house at 7, 45
Added entity house at 29, 49
Added entity human at 29, 48
Added entity wolf at 41, 11
Added entity wolf at 9, 38
Removed entity human from grid at 6, 39
Added entity house at 7, 9
Removed entity human from grid at 8, 9
Added entity human at 28, 47
Removed entity tree from grid at 4, 27
Added entity human at 0, 29
Removed entity wolf from grid at 37, 20
Added entity cow at 22, 44
Added entity human at 49, 34
Removed entity human from grid at 3, 27
Added entity house at 40, 36
Removed entity human from grid at 3, 37
Added entity wolf at 42, 14
Added entity wolf at 13, 49
Removed entity wolf from grid at 22, 25
Added entity tree at 48, 34
Added entity cow at 21, 43
Removed entity cow from grid at 30, 47
Added entity human at 3, 29
Removed entity human from grid at 9, 9
Removed entity human from grid at 7, 39
Removed entity cow from grid at 5, 35
Added entity human at 10, 40
Removed entity cow from grid at 38, 44
Added entity human at 26, 48
Removed entity human from grid at 39, 37
Removed entity cow from grid at 48, 38
Removed entity cow from grid at 10, 6
Added entity wolf at 37, 18
Removed entity wolf from grid at 37, 18
Removed entity cow from grid at 12, 30
Added entity human at 25, 47
Added entity human at 11, 39
Removed entity tree from grid at 2, 28
Added entity cow at 22, 42
Removed entity tree from grid at 48, 34
Added entity human at 1, 27
Added entity human at 26, 45
Added entity cow at 5, 1
Added entity human at 44, 33
Removed entity human from grid at 41, 37
Removed entity tree from grid at 42, 35
Removed entity tree from grid at 2, 46
Added entity house at 9, 17
Removed entity wolf from grid at 11, 36
Added entity human at 40, 39
Removed entity wolf from grid at 21, 14
Removed entity wolf from grid at 37, 25
Added entity tree at 41, 38
Added entity tree at 44, 32
Added entity tree at 0, 26
Added entity cow at 23, 41
Added entity tree at 10, 38
Added entity human at 4, 28
Added entity human at 48, 33
Added entity human at 37, 35
Added entity human at 10, 37
Removed entity tree from grid at 13, 9
Removed entity tree from grid at 6, 36
Removed entity cow from grid at 0, 36
Added entity human at 39, 34
Removed entity wolf from grid at 36, 43
Removed entity tree from grid at 11, 16
Added entity wolf at 19, 25
Removed entity tree from grid at 26, 46
Removed entity cow from grid at 30, 47
Removed entity cow from grid at 0, 38
Added entity wolf at 9, 24
Added entity wolf at 37, 24
Removed entity wolf from grid at 37, 24
Added entity tree at 38, 33
Added entity tree at 10, 36
Added entity tree at 36, 34
Added entity tree at 47, 32
Added entity human at 3, 27
Removed entity tree from grid at 41, 38
Added entity human at 45, 34
Added entity house at 7, 36
Removed entity tree from grid at 37, 45
Removed entity human from grid at 10, 16
Added entity wolf at 18, 30
Added entity wolf at 16, 19
Removed entity tree from grid at 41, 33
Removed entity cow from grid at 23, 39
Added entity house at 42, 37
Removed entity tree from grid at 8, 11
Added entity house at 44, 36
Removed entity human from grid at 10, 17
Added entity tree at 45, 33
Added entity tree at 2, 26
Added entity tree at 39, 33
Added entity tree at 9, 36
Added entity human at 38, 36
Added entity human at 49, 34
Added entity cow at 4, 0
Removed entity tree from grid at 0, 27
Removed entity tree from grid at 10, 38
Removed entity cow from grid at 27, 44
Added entity house at 46, 37
Removed entity cow from grid at 38, 41
Added entity wolf at 12, 37
Removed entity cow from grid at 23, 44
Removed entity tree from grid at 47, 32
Removed entity human from grid at 4, 48
Added entity house at 25, 47
Added entity wolf at 10, 21
Added entity wolf at 35, 15
Added entity wolf at 2, 22
Removed entity wolf from grid at 12, 25
Removed entity wolf from grid at 11, 38
Removed entity human from grid at 25, 48
Added entity tree at 49, 36
Added entity tree at 47, 35
Removed entity wolf from grid at 42, 14
Removed entity cow from grid at 48, 41
Added entity tree at 47, 38
Removed entity wolf from grid at 44, 13
Added entity wolf at 20, 47
Removed entity human from grid at 26, 47
Removed entity wolf from grid at 31, 16
Removed entity wolf from grid at 12, 25
Removed entity wolf from grid at 22, 11
Removed entity wolf from grid at 24, 40
Removed entity tree from grid at 45, 33
Removed entity tree from grid at 9, 36
Removed entity tree from grid at 10, 36
Removed entity cow from grid at 6, 44
Added entity wolf at 21, 5
Added entity wolf at 36, 12
Added entity wolf at 20, 34
Added entity house at 38, 35
Removed entity human from grid at 7, 8
Removed entity wolf from grid at 22, 26
Added entity cow at 3, 1
Added entity tree at 47, 30
Added entity tree at 35, 34
Added entity tree at 44, 33
Added entity human at 37, 32
Added entity human at 7, 34
Added entity cow at 22, 40
Removed entity wolf from grid at 1, 25
Removed entity tree from grid at 12, 35
Removed entity wolf from grid at 39, 13
Removed entity cow from grid at 36, 44
Removed entity tree from grid at 47, 38
Added entity tree at 19, 46
Removed entity wolf from grid at 11, 2
Added entity wolf at 35, 10
Removed entity tree from grid at 39, 33
Removed entity wolf from grid at 23, 40
Added entity house at 11, 41
Added entity tree at 6, 33
Added entity tree at 36, 31
Added entity cow at 4, 2
Removed entity tree from grid at 47, 30
Added entity human at 7, 31
Removed entity wolf from grid at 14, 2
Removed entity human from grid at 8, 45
Added entity house at 6, 38
Removed entity cow from grid at 3, 46
Removed entity cow from grid at 33, 43
Removed entity wolf from grid at 30, 14
Added entity wolf at 43, 16
Added entity wolf at 36, 12
Added entity wolf at 43, 25
Removed entity wolf from grid at 14, 20
Added entity house at 40, 33
Removed entity human from grid at 12, 41
Removed entity tree from grid at 44, 33
Added entity tree at 7, 30
Added entity cow at 5, 3
Added entity cow at 21, 39
Added entity tree at 7, 33
Removed entity tree from grid at 38, 33
Added entity human at 1, 26
Removed entity wolf from grid at 27, 38
Removed entity wolf from grid at 31, 22
Removed entity human from grid at 39, 33
Added entity human at 9, 35
Removed entity tree from grid at 47, 35
Removed entity cow from grid at 36, 44
Added entity wolf at 23, 5
Removed entity wolf from grid at 42, 26
Added entity house at 44, 34
Added entity wolf at 37, 5
Added entity wolf at 36, 20
Removed entity cow from grid at 2, 46
Added entity tree at 8, 34
Added entity tree at 0, 25
Added entity cow at 20, 38
Added entity cow at 4, 4
Added entity human at 6, 35
Removed entity tree from grid at 36, 32
Added entity human at 41, 32
Removed entity human from grid at 12, 41
Removed entity wolf from grid at 19, 40
Removed entity cow from grid at 49, 43
Added entity human at 11, 1
Added entity house at 5, 39
Removed entity wolf from grid at 37, 20
Added entity house at 9, 38
Added entity house at 27, 48
Added entity house at 2, 49
Removed entity wolf from grid at 29, 18
Added entity wolf at 37, 6
Added entity wolf at 18, 32
Added entity wolf at 18, 34
Added entity wolf at 21, 33
Added entity wolf at 40, 27
Removed entity human from grid at 38, 34
Added entity tree at 10, 0
Added entity tree at 42, 31
Added entity human at 5, 36
Added entity cow at 19, 37
Added entity human at 10, 34
Removed entity tree from grid at 0, 26
Added entity human at 7, 29
Added entity human at 36, 33
Added entity human at 49, 29
Added entity human at 36, 32
Removed entity tree from grid at 29, 38
Removed entity tree from grid at 33, 40
Removed entity cow from grid at 34, 43
Added entity house at 42, 35
Removed entity human from grid at 10, 37
Added entity wolf at 9, 14
Removed entity cow from grid at 32, 42
Removed entity tree from grid at 44, 32
Removed entity tree from grid at 6, 33
Added entity wolf at 49, 18
Added entity wolf at 39, 6
Added entity wolf at 30, 28
Added entity tree at 37, 31
Added entity tree at 48, 28
Added entity tree at 35, 32
Added entity tree at 5, 35
Added entity tree at 11, 0
Added entity human at 0, 27
Removed entity cow from grid at 13, 3
Removed entity human from grid at 8, 36
Removed entity wolf from grid at 36, 10
Removed entity human from grid at 8, 37
Removed entity tree from grid at 0, 25
Removed entity human from grid at 8, 44
Added entity house at 46, 35
Removed entity human from grid at 8, 38
Added entity wolf at 33, 27
Removed entity wolf from grid at 41, 12
Removed entity human from grid at 44, 33
Added entity wolf at 8, 17
Added entity wolf at 36, 27
Added entity wolf at 7, 47
Removed entity wolf from grid at 20, 7
Removed entity wolf from grid at 12, 0
Removed entity human from grid at 37, 34
Added entity tree at 45, 43
Added entity berry at 41, 39
Removed entity human from grid at 5, 48
Removed entity human from grid at 5, 49
Removed entity wolf from grid at 29, 35
Added entity wolf at 24, 45
Added entity wolf at 15, 10
Added entity wolf at 37, 42
Removed entity human from grid at 41, 37
Added entity cow at 18, 38
Added entity cow at 3, 5
Removed entity wolf from grid at 27, 33
Removed entity human from grid at 6, 48
Removed entity wolf from grid at 42, 6
Added entity wolf at 15, 24
Removed entity wolf from grid at 24, 43
Removed entity wolf from grid at 15, 0
Added entity wolf at 33, 14
Added entity wolf at 32, 24
Removed entity wolf from grid at 7, 13
Removed entity wolf from grid at 21, 37
Added entity cow at 4, 6
Added entity cow at 17, 39
Removed entity tree from grid at 2, 26
Added entity human at 38, 33
Removed entity cow from grid at 44, 44
Removed entity tree from grid at 42, 31
Removed entity tree from grid at 10, 32
Removed entity cow from grid at 44, 42
Added entity wolf at 47, 37
Added entity wolf at 31, 12
Removed entity wolf from grid at 27, 22
Added entity wolf at 23, 39
Added entity wolf at 15, 32
Added entity wolf at 21, 33
Added entity wolf at 41, 8
Removed entity wolf from grid at 33, 25
Added entity tree at 9, 28
Removed entity wolf from grid at 18, 41
Removed entity wolf from grid at 38, 41
Removed entity human from grid at 42, 38
Removed entity wolf from grid at 13, 26
Removed entity wolf from grid at 30, 12
Added entity wolf at 40, 12
Added entity wolf at 43, 25
Removed entity wolf from grid at 20, 34
Added entity tree at 39, 32
Added entity cow at 16, 40
Added entity tree at 2, 24
Added entity human at 12, 26
Removed entity tree from grid at 17, 43
Removed entity tree from grid at 26, 35
Removed entity human from grid at 44, 33
Removed entity tree from grid at 16, 46
Removed entity tree from grid at 16, 1
Added entity wolf at 8, 21
Added entity wolf at 39, 7
Removed entity wolf from grid at 18, 22
Removed entity wolf from grid at 21, 34
Removed entity wolf from grid at 16, 33
Removed entity wolf from grid at 22, 25
Removed entity wolf from grid at 13, 27
Added entity cow at 15, 41
Added entity tree at 37, 32
Added entity cow at 5, 5
Added entity tree at 44, 27
Added entity tree at 32, 29
Added entity tree at 12, 27
Removed entity human from grid at 46, 38
Removed entity wolf from grid at 33, 27
Removed entity wolf from grid at 39, 10
Removed entity wolf from grid at 41, 7
Removed entity wolf from grid at 25, 35
Added entity wolf at 10, 30
Added entity wolf at 23, 34
Added entity house at 6, 14
Removed entity cow from grid at 22, 36
Removed entity tree from grid at 32, 35
Added entity cow at 6, 6
Added entity cow at 16, 42
Added entity tree at 11, 25
Removed entity tree from grid at 39, 32
Added entity human at 10, 34
Removed entity human from grid at 44, 35
Removed entity cow from grid at 40, 43
Added entity wolf at 9, 14
Added entity wolf at 26, 35
Added entity wolf at 13, 34
Added entity wolf at 45, 8
Removed entity human from grid at 5, 15
Removed entity cow from grid at 20, 2
Added entity tree at 9, 33
Added entity cow at 7, 5
Removed entity cow from grid at 16, 38
Removed entity cow from grid at 36, 39
Removed entity wolf from grid at 26, 35
Removed entity wolf from grid at 12, 29
Removed entity wolf from grid at 16, 6
Added entity house at 44, 40
Removed entity human from grid at 44, 39
Removed entity human from grid at 46, 38
Added entity wolf at 28, 35
Added entity human at 4, 48
Removed entity wolf from grid at 14, 24
Added entity wolf at 44, 4
Added entity wolf at 34, 13
Added entity wolf at 48, 34
Added entity wolf at 23, 11
Added entity wolf at 15, 10
Added entity wolf at 37, 42
Added entity wolf at 2, 40
Added entity cow at 17, 41
Removed entity wolf from grid at 4, 26
Removed entity wolf from grid at 17, 3
Removed entity wolf from grid at 16, 26
Removed entity wolf from grid at 26, 34
Removed entity wolf from grid at 38, 11
Removed entity human from grid at 43, 40
Removed entity wolf from grid at 16, 49
Removed entity wolf from grid at 36, 42
Removed entity wolf from grid at 27, 15
Added entity wolf at 25, 43
Added entity wolf at 39, 21
Removed entity wolf from grid at 16, 22
Removed entity wolf from grid at 18, 31
Removed entity wolf from grid at 11, 48
Added entity cow at 16, 40
Removed entity human from grid at 2, 46
Added entity cow at 8, 6
Removed entity human from grid at 46, 34
Added entity human at 25, 36
Removed entity cow from grid at 37, 43
Removed entity human from grid at 5, 40
Removed entity tree from grid at 15, 7
Removed entity human from grid at 45, 36
Removed entity human from grid at 4, 39
Added entity wolf at 19, 23
Added entity wolf at 30, 12
Added entity human at 23, 34
Added entity wolf at 13, 31
Added entity wolf at 39, 7
Removed entity wolf from grid at 23, 32
Added entity tree at 24, 33
Added entity human at 24, 35
Removed entity wolf from grid at 16, 33
Removed entity cow from grid at 4, 21
Removed entity wolf from grid at 29, 34
Removed entity wolf from grid at 14, 30
Removed entity human from grid at 6, 15
Removed entity tree from grid at 31, 40
Added entity wolf at 9, 15
Added entity wolf at 23, 5
Added entity wolf at 15, 32
Added entity wolf at 14, 6
Added entity wolf at 36, 17
Removed entity wolf from grid at 25, 42
Removed entity wolf from grid at 15, 32
Added entity tree at 23, 33
Added entity cow at 7, 7
Added entity human at 17, 31
Added entity human at 17, 25
Removed entity human from grid at 41, 35
Removed entity tree from grid at 3, 22
Removed entity human from grid at 5, 38
Removed entity wolf from grid at 48, 37
Removed entity wolf from grid at 42, 9
Added entity wolf at 48, 36
Added entity wolf at 30, 10
Removed entity wolf from grid at 15, 25
Removed entity cow from grid at 20, 35
Removed entity wolf from grid at 21, 29
Removed entity wolf from grid at 22, 4
Added entity tree at 17, 24
Added entity human at 18, 30
Added entity cow at 8, 8
Added entity cow at 14, 39
Added entity human at 45, 23
Removed entity tree from grid at 37, 31
Added entity wolf at 31, 10
Added entity human at 4, 46
Removed entity human from grid at 45, 35
Added entity wolf at 32, 7
Added entity wolf at 48, 34
Removed entity cow from grid at 15, 4
Added entity human at 22, 32
Removed entity wolf from grid at 17, 48
Added entity tree at 21, 31
Removed entity wolf from grid at 46, 22
Added entity cow at 13, 40
Added entity human at 16, 26
Removed entity tree from grid at 23, 33
Removed entity cow from grid at 27, 39
Added entity human at 18, 32
Removed entity cow from grid at 17, 36
Removed entity wolf from grid at 0, 20
Removed entity tree from grid at 45, 43
Removed entity cow from grid at 3, 17
Removed entity human from grid at 5, 37
Added entity wolf at 48, 36
Removed entity wolf from grid at 15, 12
Added entity wolf at 12, 32
Added entity wolf at 42, 17
Added entity wolf at 37, 5
Added entity wolf at 37, 39
Added entity wolf at 41, 27
Added entity wolf at 41, 9
Removed entity wolf from grid at 16, 5
Added entity tree at 19, 31
Added entity tree at 22, 31
Removed entity tree from grid at 16, 30
Added entity human at 26, 35
Removed entity tree from grid at 28, 38
Removed entity cow from grid at 15, 37
Removed entity wolf from grid at 22, 0
Removed entity wolf from grid at 48, 25
Removed entity human from grid at 41, 35
Added entity house at 46, 39
Removed entity cow from grid at 36, 45
Removed entity wolf from grid at 35, 40
Removed entity tree from grid at 24, 33
Added entity wolf at 44, 4
Added entity wolf at 2, 34
Removed entity wolf from grid at 22, 4
Added entity tree at 27, 34
Added entity cow at 14, 41
Added entity tree at 23, 31
Added entity tree at 4, 43
Removed entity human from grid at 39, 32
Added entity human at 48, 25
Added entity house at 31, 49
Removed entity wolf from grid at 42, 12
Added entity wolf at 4, 25
Added entity wolf at 14, 33
Added entity wolf at 9, 39
Added entity wolf at 45, 3
Removed entity cow from grid at 29, 39
Removed entity wolf from grid at 24, 2
Added entity human at 49, 24
Added entity cow at 15, 42
Removed entity tree from grid at 27, 34
Added entity cow at 9, 7
Added entity human at 22, 33
Removed entity wolf from grid at 2, 23
Removed entity wolf from grid at 15, 31
Added entity human at 13, 35
Removed entity cow from grid at 25, 39
Removed entity wolf from grid at 49, 37
Added entity wolf at 43, 17
Removed entity cow from grid at 18, 38
Removed entity cow from grid at 14, 47
Added entity tree at 21, 32
Added entity cow at 14, 43
Removed entity cow from grid at 33, 45
Removed entity wolf from grid at 14, 33
Removed entity wolf from grid at 0, 34
Added entity house at 6, 12
Added entity wolf at 39, 38
Removed entity tree from grid at 23, 36
Added entity cow at 15, 44
Added entity tree at 16, 32
Added entity cow at 10, 8
Added entity human at 15, 29
Added entity human at 17, 33
Removed entity human from grid at 15, 32
Removed entity tree from grid at 16, 32
Removed entity wolf from grid at 18, 13
Added entity house at 7, 49
Added entity wolf at 37, 37
Added entity wolf at 25, 38
Added entity wolf at 37, 3
Added entity tree at 16, 32
Added entity human at 14, 28
Added entity cow at 11, 9
Added entity cow at 16, 45
Removed entity tree from grid at 16, 32
Added entity human at 48, 23
Added entity human at 17, 34
Removed entity tree from grid at 47, 23
Removed entity wolf from grid at 24, 39
Removed entity cow from grid at 20, 37
Removed entity wolf from grid at 38, 26
Removed entity cow from grid at 12, 39
Added entity house at 28, 44
Removed entity wolf from grid at 36, 25
Removed entity tree from grid at 43, 48
Removed entity human from grid at 8, 49
Added entity house at 41, 41
Removed entity wolf from grid at 19, 12
Added entity wolf at 12, 32
Added entity wolf at 39, 38
Added entity wolf at 27, 34
Removed entity wolf from grid at 18, 8
Removed entity wolf from grid at 14, 44
Added entity tree at 16, 34
Added entity tree at 48, 22
Added entity cow at 17, 44
Added entity cow at 12, 10
Added entity tree at 18, 34
Added entity human at 10, 40
Removed entity cow from grid at 14, 39
Removed entity tree from grid at 19, 31
Removed entity cow from grid at 5, 13
Removed entity wolf from grid at 28, 34
Added entity wolf at 47, 35
Removed entity human from grid at 40, 41
Added entity wolf at 36, 14
Added entity wolf at 31, 35
Added entity wolf at 10, 42
Removed entity tree from grid at 18, 34
Removed entity cow from grid at 16, 9
Removed entity wolf from grid at 25, 7
Added entity cow at 11, 11
Added entity tree at 47, 22
Removed entity wolf from grid at 13, 29
Added entity tree at 16, 32
Added entity human at 15, 35
Removed entity wolf from grid at 48, 26
Removed entity wolf from grid at 24, 1
Added entity house at 11, 20
Removed entity cow from grid at 16, 39
Removed entity wolf from grid at 30, 35
Removed entity human from grid at 40, 40
Added entity wolf at 32, 11
Added entity wolf at 36, 25
Added entity wolf at 15, 11
Added entity cow at 10, 13
Removed entity tree from grid at 16, 34
Removed entity wolf from grid at 10, 42
Added entity human at 49, 22
Removed entity tree from grid at 16, 32
Removed entity tree from grid at 28, 32
Removed entity cow from grid at 12, 43
Removed entity wolf from grid at 49, 20
Removed entity tree from grid at 11, 30
Removed entity cow from grid at 10, 13
Removed entity human from grid at 28, 43
Removed entity cow from grid at 5, 10
Removed entity human from grid at 47, 39
Added entity wolf at 27, 37
Added entity human at 29, 44
Added entity wolf at 18, 29
Added entity wolf at 9, 18
Added entity wolf at 30, 32
Added entity wolf at 29, 33
Added entity wolf at 39, 6
Added entity wolf at 33, 23
Removed entity cow from grid at 15, 40
Removed entity human from grid at 29, 44
Added entity cow at 12, 12
Added entity cow at 16, 45
Removed entity wolf from grid at 36, 39
Removed entity wolf from grid at 24, 1
Removed entity wolf from grid at 8, 20
Removed entity wolf from grid at 31, 35
Removed entity wolf from grid at 17, 13
Added entity wolf at 12, 32
Added entity wolf at 40, 9
Added entity cow at 15, 44
Added entity tree at 14, 34
Added entity tree at 10, 39
Added entity tree at 15, 31
Added entity tree at 48, 21
Removed entity wolf from grid at 48, 19
Removed entity cow from grid at 22, 42
Removed entity wolf from grid at 48, 35
Removed entity wolf from grid at 36, 39
Removed entity tree from grid at 39, 23
Removed entity wolf from grid at 31, 34
Removed entity cow from grid at 14, 41
Added entity wolf at 37, 25
Added entity wolf at 46, 28
Added entity wolf at 0, 39
Removed entity human from grid at 30, 44
Removed entity wolf from grid at 18, 29
Added entity tree at 47, 19
Added entity human at 16, 36
Added entity human at 12, 41
Added entity human at 17, 29
Added entity house at 9, 40
Removed entity cow from grid at 17, 38
Removed entity cow from grid at 10, 15
Added entity human at 41, 23
Added entity house at 10, 36
Removed entity wolf from grid at 36, 44
Added entity wolf at 9, 20
Added entity wolf at 37, 16
Added entity wolf at 31, 28
Added entity wolf at 45, 7
Added entity wolf at 2, 38
Removed entity wolf from grid at 29, 11
Added entity tree at 13, 34
Added entity cow at 16, 45
Removed entity wolf from grid at 25, 35
Removed entity tree from grid at 10, 39
Added entity human at 17, 39
Removed entity human from grid at 10, 20
Removed entity cow from grid at 10, 44
Removed entity human from grid at 9, 35
Removed entity tree from grid at 20, 44
Added entity tree at 12, 21
Added entity house at 4, 13
Removed entity tree from grid at 15, 43
Removed entity cow from grid at 46, 43
Added entity house at 4, 37
Added entity wolf at 33, 10
Added entity wolf at 23, 11
Added entity wolf at 11, 43
Added entity wolf at 13, 7
Added entity wolf at 35, 3
Removed entity wolf from grid at 23, 11
Removed entity wolf from grid at 38, 24
Removed entity human from grid at 11, 36
Removed entity wolf from grid at 40, 21
Added entity cow at 13, 11
Removed entity wolf from grid at 48, 24
Removed entity human from grid at 10, 40
Removed entity human from grid at 4, 36
Removed entity wolf from grid at 10, 45
Removed entity human from grid at 5, 37
Added entity wolf at 16, 1
Added entity wolf at 37, 27
Added entity wolf at 39, 17
Added entity wolf at 1, 22
Removed entity human from grid at 12, 20
Removed entity wolf from grid at 30, 12
Removed entity cow from grid at 13, 44
Removed entity wolf from grid at 49, 30
Removed entity wolf from grid at 49, 32
Removed entity wolf from grid at 3, 29
Added entity wolf at 2, 27
Removed entity wolf from grid at 24, 13
Removed entity wolf from grid at 38, 24
Added entity cow at 12, 10
Added entity tree at 14, 38
Added entity cow at 15, 44
Removed entity wolf from grid at 45, 14
Removed entity tree from grid at 15, 31
Added entity house at 13, 37
Removed entity human from grid at 24, 43
Added entity human at 31, 46
Added entity wolf at 31, 17
Added entity human at 24, 13
Added entity human at 29, 39
Removed entity human from grid at 13, 36
Added entity human at 21, 12
Added entity tree at 20, 11
Added entity human at 25, 12
Added entity cow at 14, 45
Added entity cow at 13, 9
Added entity human at 8, 45
Removed entity tree from grid at 19, 46
Added entity human at 7, 6
Added entity house at 42, 40
Added entity wolf at 26, 37
Removed entity cow from grid at 13, 9
Added entity wolf at 20, 46
Added entity wolf at 2, 33
Removed entity human from grid at 7, 6
Added entity tree at 8, 44
Added entity cow at 13, 46
Added entity human at 24, 11
Removed entity tree from grid at 20, 11
Added entity human at 31, 37
Removed entity tree from grid at 14, 38
Removed entity wolf from grid at 30, 3
Removed entity tree from grid at 0, 13
Added entity human at 30, 46
Added entity wolf at 23, 5
Added entity tree at 31, 45
Added entity tree at 30, 36
Added entity tree at 24, 10
Removed entity tree from grid at 8, 44
Added entity human at 42, 15
Removed entity tree from grid at 16, 43
Removed entity wolf from grid at 18, 47
Added entity house at 11, 36
Removed entity cow from grid at 15, 4
Removed entity tree from grid at 14, 12
Removed entity tree from grid at 49, 36
Added entity tree at 15, 0
Added entity wolf at 16, 3
Added entity wolf at 39, 17
Added entity wolf at 35, 1
Removed entity wolf from grid at 25, 36
Added entity cow at 12, 45
Removed entity wolf from grid at 40, 16
Removed entity human from grid at 12, 35
Removed entity wolf from grid at 17, 28
Removed entity wolf from grid at 47, 13
Removed entity wolf from grid at 29, 29
Added entity human at 31, 46
Removed entity wolf from grid at 33, 30
Removed entity wolf from grid at 34, 23
Added entity tree at 32, 45
Added entity cow at 11, 46
Added entity tree at 39, 16
Added entity tree at 29, 44
Added entity human at 31, 35
Removed entity tree from grid at 23, 9
Added entity human at 13, 36
Removed entity wolf from grid at 45, 20
Removed entity tree from grid at 34, 34
Removed entity tree from grid at 4, 43
Added entity human at 6, 10
Added entity wolf at 15, 24
Added entity wolf at 44, 17
Added entity wolf at 40, 31
Added entity wolf at 12, 43
Added entity wolf at 4, 30
Removed entity cow from grid at 27, 38
Removed entity human from grid at 11, 37
Added entity tree at 5, 10
Removed entity human from grid at 13, 36
Added entity tree at 31, 34
Added entity cow at 10, 45
Added entity tree at 30, 46
Removed entity tree from grid at 39, 16
Added entity human at 21, 12
Removed entity cow from grid at 10, 45
Added entity house at 13, 18
Removed entity tree from grid at 17, 6
Removed entity cow from grid at 19, 42
Removed entity cow from grid at 14, 14
Removed entity wolf from grid at 16, 4
Added entity wolf at 29, 23
Added entity wolf at 39, 27
Removed entity berry from grid at 10, 14
Added entity wolf at 40, 25
Added entity wolf at 13, 38
Removed entity wolf from grid at 35, 12
Removed entity wolf from grid at 41, 17
Removed entity wolf from grid at 38, 16
Removed entity wolf from grid at 44, 18
Removed entity wolf from grid at 41, 30
Removed entity wolf from grid at 0, 31
Added entity wolf at 2, 34
Added entity wolf at 34, 21
Added entity wolf at 28, 23
Added entity cow at 9, 15
Removed entity wolf from grid at 5, 28
Added entity tree at 22, 10
Added entity tree at 7, 10
Added entity human at 31, 35
Added entity human at 21, 8
Removed entity cow from grid at 28, 42
Removed entity wolf from grid at 13, 42
Added entity human at 3, 23
Removed entity wolf from grid at 17, 28
Removed entity wolf from grid at 1, 40
Added entity house at 36, 35
Removed entity wolf from grid at 1, 36
Removed entity tree from grid at 39, 30
Added entity house at 46, 33
Added entity wolf at 49, 10
Removed entity wolf from grid at 32, 10
Added entity tree at 30, 35
Added entity house at 33, 45
Added entity human at 39, 15
Added entity human at 19, 38
Added entity human at 16, 26
Added entity house at 9, 43
Added entity house at 40, 30
Removed entity tree from grid at 12, 21
Removed entity wolf from grid at 14, 3
Removed entity human from grid at 41, 30
Removed entity cow from grid at 9, 15
Added entity house at 3, 39
Removed entity cow from grid at 34, 40
Removed entity wolf from grid at 16, 46
Removed entity human from grid at 2, 39
Removed entity human from grid at 40, 31
Added entity wolf at 44, 6
Added entity tree at 29, 10
Removed entity wolf from grid at 2, 32
Added entity human at 17, 25
Added entity human at 20, 37
Removed entity wolf from grid at 1, 24
Removed entity tree from grid at 22, 10
Removed entity tree from grid at 32, 45
Removed entity wolf from grid at 31, 20
Added entity human at 36, 38
Removed entity wolf from grid at 38, 16
Removed entity human from grid at 13, 41
Removed entity tree from grid at 38, 31
Removed entity tree from grid at 18, 45
Removed entity tree from grid at 43, 31
Added entity wolf at 35, 1
Added entity wolf at 23, 5
Added entity wolf at 30, 10
Added entity wolf at 25, 34
Added entity wolf at 48, 10
Added entity wolf at 40, 24
Removed entity wolf from grid at 3, 28
Added entity tree at 35, 37
Added entity tree at 16, 24
Added entity tree at 15, 25
Added entity tree at 0, 24
Added entity tree at 20, 7
Removed entity wolf from grid at 30, 14
Removed entity tree from grid at 29, 44
Removed entity wolf from grid at 39, 15
Added entity human at 31, 35
Added entity house at 38, 32
Added entity human at 2, 8
Removed entity cow from grid at 15, 8
Removed entity naturereserve from grid at 40, 37
Removed entity naturereserve from grid at 43, 27
Removed entity human from grid at 2, 8
Added entity tree at 37, 37
Removed entity tree from grid at 18, 25
Added entity human at 41, 15
Removed entity tree from grid at 2, 24
Added entity human at 20, 9
Added entity human at 32, 33
Added entity human at 6, 15
Added entity human at 29, 42
Removed entity tree from grid at 10, 24
Removed entity cow from grid at 13, 42
Removed entity cow from grid at 15, 42
Removed entity cow from grid at 12, 44
Removed entity tree from grid at 37, 32
Removed entity tree from grid at 37, 37
Removed entity tree from grid at 14, 0
Removed entity tree from grid at 4, 24
Added entity house at 6, 34
Added entity wolf at 26, 36
Added entity house at 38, 33
Removed entity human from grid at 38, 31
Added entity wolf at 8, 17
Added entity wolf at 30, 17
Added entity wolf at 10, 20
Added entity tree at 28, 41
Added entity tree at 40, 14
Added entity tree at 36, 37
Added entity tree at 18, 24
Added entity tree at 16, 26
Added entity tree at 21, 7
Added entity tree at 32, 33
Removed entity cow from grid at 40, 43
Added entity human at 35, 33
Removed entity cow from grid at 15, 42
Removed entity human from grid at 6, 33
Removed entity human from grid at 37, 31
Removed entity tree from grid at 5, 35
Added entity human at 39, 37
Removed entity wolf from grid at 9, 15
Removed entity human from grid at 5, 34
Removed entity human from grid at 33, 34
Added entity wolf at 7, 17
Added entity wolf at 34, 9
Added entity wolf at 49, 34
Added entity wolf at 11, 43
Added entity wolf at 47, 3
Removed entity wolf from grid at 23, 1
Added entity tree at 38, 36
Added entity human at 36, 32
Removed entity tree from grid at 28, 41
Removed entity tree from grid at 35, 34
Removed entity tree from grid at 21, 7
Removed entity tree from grid at 40, 14
Added entity human at 32, 36
Removed entity human from grid at 25, 6
Removed entity cow from grid at 27, 45
Removed entity human from grid at 13, 17
Removed entity cow from grid at 22, 40
Added entity house at 40, 39
Added entity human at 5, 6
Removed entity tree from grid at 36, 34
Added entity wolf at 16, 29
Added entity wolf at 17, 3
Removed entity human from grid at 5, 6
Added entity tree at 17, 23
Removed entity wolf from grid at 36, 17
Removed entity human from grid at 14, 38
Removed entity wolf from grid at 49, 34
Removed entity wolf from grid at 5, 17
Removed entity wolf from grid at 16, 30
Removed entity human from grid at 13, 17
Removed entity wolf from grid at 10, 19
Added entity wolf at 20, 45
Added entity wolf at 41, 16
Removed entity wolf from grid at 13, 44
Added entity human at 8, 41
Removed entity wolf from grid at 19, 44
Added entity wolf at 42, 13
Added entity wolf at 43, 24
Removed entity wolf from grid at 34, 8
Removed entity wolf from grid at 44, 10
Removed entity human from grid at 37, 31
Added entity berry at 1, 8
Added entity human at 41, 37
Removed entity wolf from grid at 18, 4
Added entity wolf at 9, 18
Added entity wolf at 17, 27
Added entity wolf at 35, 42
Removed entity human from grid at 36, 34
Removed entity wolf from grid at 43, 12
Removed entity wolf from grid at 13, 27
Removed entity wolf from grid at 26, 36
Removed entity human from grid at 35, 35
Removed entity human from grid at 40, 37
Removed entity wolf from grid at 17, 2
Added entity wolf at 42, 15
Removed entity human from grid at 40, 38
Removed entity human from grid at 39, 39
Added entity naturereserve at 1, 24
Human Luna built Nature Reserve for COW
Added entity human at 28, 46
Added entity wolf at 15, 23
Added entity wolf at 18, 44
Added entity wolf at 8, 30
Added entity wolf at 24, 45
Added entity wolf at 45, 7
Removed entity human from grid at 28, 46
Added entity cow at 2, 23
Added entity tree at 12, 36
Added entity tree at 38, 30
Added entity tree at 35, 29
Added entity tree at 24, 36
Added entity human at 34, 32
Removed entity human from grid at 20, 34
Removed entity wolf from grid at 37, 40
Removed entity wolf from grid at 24, 30
Removed entity wolf from grid at 15, 27
Removed entity wolf from grid at 37, 20
Added entity wolf at 19, 34
Added entity wolf at 30, 25
Added entity wolf at 0, 22
Added entity wolf at 36, 3
Added entity human at 33, 31
Removed entity tree from grid at 12, 36
Added entity human at 34, 33
Removed entity tree from grid at 36, 31
Added entity human at 10, 17
Removed entity cow from grid at 16, 4
Added entity human at 2, 36
Removed entity cow from grid at 18, 39
Removed entity tree from grid at 9, 33
Removed entity cow from grid at 10, 15
Added entity house at 12, 16
Added entity wolf at 41, 10
Removed entity wolf from grid at 12, 30
Removed entity cow from grid at 22, 2
Removed entity human from grid at 11, 16
Removed entity wolf from grid at 26, 4
Removed entity wolf from grid at 44, 12
Removed entity wolf from grid at 20, 28
Removed entity wolf from grid at 17, 43
Removed entity human from grid at 12, 17
Removed entity wolf from grid at 29, 28
Added entity naturereserve at 16, 5
Human Ruby built Nature Reserve for COW
Added entity wolf at 12, 39
Removed entity wolf from grid at 19, 34
Removed entity wolf from grid at 23, 39
Removed entity wolf from grid at 37, 21
Removed entity wolf from grid at 41, 17
Removed entity berry from grid at 1, 8
Added entity human at 41, 32
Added entity human at 26, 48
Removed entity wolf from grid at 6, 20
Added entity wolf at 19, 46
Added entity wolf at 10, 20
Removed entity berry from grid at 27, 2
Added entity wolf at 37, 22
Added entity wolf at 27, 34
Added entity naturereserve at 27, 30
Human Nina built Nature Reserve for COW
Added entity human at 12, 42
Added entity wolf at 10, 4
Added entity wolf at 2, 34
Added entity wolf at 12, 34
Removed entity wolf from grid at 12, 34
Removed entity human from grid at 12, 42
Removed entity human from grid at 24, 46
Removed entity wolf from grid at 15, 34
Removed entity wolf from grid at 27, 3
Removed entity wolf from grid at 40, 17
Added entity naturereserve at 22, 22
Human Eve built Nature Reserve for COW
Removed entity wolf from grid at 1, 33
Added entity wolf at 21, 6
Removed entity wolf from grid at 33, 27
Added entity naturereserve at 4, 24
Human Jack built Nature Reserve for COW
Removed entity wolf from grid at 32, 25
Added entity naturereserve at 2, 31
Human Wendy built Nature Reserve for COW
Removed entity wolf from grid at 20, 39
Added entity human at 6, 10
Added entity wolf at 20, 47
Added entity wolf at 39, 17
Added entity wolf at 43, 24
Removed entity human from grid at 6, 10
Added entity naturereserve at 16, 29
Human Wendy built Nature Reserve for COW
Added entity human at 39, 34
Added entity human at 43, 36
Added entity human at 6, 37
Added entity wolf at 39, 10
Added entity wolf at 17, 3
Removed entity wolf from grid at 6, 23
Removed entity wolf from grid at 18, 2
Removed entity human from grid at 45, 32
Added entity human at 8, 46
Removed entity wolf from grid at 28, 26
Added entity wolf at 36, 3
Added entity wolf at 25, 33
Removed entity wolf from grid at 25, 30
Added entity human at 47, 38
Added entity human at 8, 44
Added entity wolf at 33, 9
Added entity wolf at 5, 43
Added entity cow at 1, 7
Cow Endangered Reproduction!
Added entity cow at 0, 6
Cow Endangered Reproduction!
Removed entity human from grid at 8, 44
Removed entity wolf from grid at 27, 32
Removed entity wolf from grid at 30, 24
Added entity cow at 2, 17
Cow Endangered Reproduction!
Added entity naturereserve at 26, 34
Human Pip built Nature Reserve for COW
Added entity naturereserve at 27, 23
Human Charlie built Nature Reserve for COW
Added entity human at 43, 33
Removed entity human from grid at 8, 37
Removed entity human from grid at 8, 8
Added entity wolf at 26, 36
Added entity wolf at 12, 37
Added entity tree at 34, 18
Added entity cow at 3, 18
Cow Endangered Reproduction!
Added entity tree at 44, 35
Removed entity human from grid at 8, 45
Added entity tree at 42, 36
Added entity human at 27, 32
Added entity human at 25, 31
Removed entity wolf from grid at 39, 17
Removed entity tree from grid at 21, 32
Added entity berry at 2, 5
Removed entity berry from grid at 2, 5
Removed entity tree from grid at 13, 15
Added entity house at 9, 20
Added entity human at 2, 46
Removed entity wolf from grid at 32, 23
Added entity wolf at 10, 42
Removed entity human from grid at 2, 46
Added entity tree at 27, 31
Added entity cow at 4, 19
Added entity tree at 42, 31
Added entity human at 45, 32
Removed entity human from grid at 19, 9
Added entity human at 37, 22
Removed entity human from grid at 43, 23
Added entity human at 20, 32
Removed entity wolf from grid at 18, 4
Removed entity cow from grid at 18, 45
Removed entity tree from grid at 21, 31
Added entity human at 47, 34
Added entity human at 6, 37
Removed entity human from grid at 14, 13
Removed entity human from grid at 8, 21
Added entity wolf at 19, 27
Removed entity cow from grid at 12, 5
Added entity cow at 5, 18
Cow Endangered Reproduction!
Added entity tree at 28, 31
Removed entity tree from grid at 42, 31
Added entity cow at 1, 7
Removed entity human from grid at 8, 35
Removed entity tree from grid at 12, 27
Removed entity human from grid at 46, 32
Removed entity tree from grid at 9, 28
Added entity human at 4, 46
Added entity human at 9, 11
Added entity wolf at 7, 13
Added entity wolf at 32, 11
Added entity wolf at 25, 38
Added entity wolf at 8, 19
Added entity wolf at 40, 27
Removed entity human from grid at 9, 11
Removed entity human from grid at 4, 46
Added entity cow at 0, 8
Added entity tree at 47, 31
Added entity tree at 20, 30
Added entity tree at 42, 29
Removed entity wolf from grid at 28, 36
Added entity human at 26, 31
Removed entity human from grid at 10, 27
Added entity human at 25, 23
Removed entity wolf from grid at 25, 37
Removed entity wolf from grid at 14, 35
Added entity human at 7, 13
Removed entity human from grid at 8, 21
Added entity human at 6, 48
Removed entity wolf from grid at 26, 10
Added entity wolf at 14, 31
Added entity wolf at 22, 38
Removed entity human from grid at 6, 48
Removed entity human from grid at 7, 13
Removed entity human from grid at 37, 22
Added entity house at 46, 42
Removed entity wolf from grid at 45, 22
Removed entity cow from grid at 41, 8
Removed entity tree from grid at 19, 3
Removed entity cow from grid at 23, 13
Added entity human at 5, 13
Added entity wolf at 34, 2
Added entity wolf at 29, 33
Added entity wolf at 45, 7
Added entity wolf at 6, 47
Removed entity wolf from grid at 22, 37
Removed entity wolf from grid at 28, 4
Removed entity human from grid at 5, 13
Added entity tree at 26, 20
Added entity human at 23, 32
Added entity cow at 1, 9
Added entity cow at 6, 17
Added entity human at 21, 31
Added entity human at 27, 33
Removed entity wolf from grid at 26, 32
Added entity tree at 31, 33
Removed entity wolf from grid at 4, 19
Removed entity tree from grid at 14, 34
Removed entity cow from grid at 15, 12
Added entity house at 11, 18
Added entity human at 33, 46
Added entity wolf at 33, 28
Removed entity cow from grid at 19, 23
Added entity wolf at 17, 28
Added entity wolf at 42, 14
Added entity wolf at 33, 15
Added entity wolf at 34, 24
Removed entity wolf from grid at 13, 29
Removed entity wolf from grid at 15, 4
Added entity cow at 5, 16
Added entity cow at 2, 8
Added entity human at 22, 33
Added entity house at 37, 37
Removed entity cow from grid at 12, 4
Removed entity wolf from grid at 14, 29
Removed entity wolf from grid at 0, 26
Removed entity cow from grid at 31, 46
Added entity human at 17, 21
Removed entity wolf from grid at 17, 28
Removed entity human from grid at 12, 28
Added entity human at 39, 34
Added entity wolf at 46, 36
Removed entity wolf from grid at 33, 21
Added entity wolf at 19, 33
Removed entity human from grid at 39, 34
Added entity human at 16, 22
Removed entity tree from grid at 31, 45
Added entity human at 22, 30
Removed entity human from grid at 44, 33
Removed entity wolf from grid at 46, 34
Added entity cow at 1, 32
Removed entity tree from grid at 36, 37
Added entity human at 14, 4
Removed entity tree from grid at 42, 7
Removed entity cow from grid at 35, 8
Removed entity cow from grid at 18, 46
Added entity human at 45, 39
Added entity human at 41, 36
Added entity human at 12, 42
Removed entity wolf from grid at 33, 25
Added entity house at 8, 12
Added entity human at 17, 20
Added entity wolf at 8, 30
Added entity wolf at 20, 27
Removed entity human from grid at 12, 42
Added entity berry at 34, 2
Removed entity human from grid at 3, 40
Removed entity wolf from grid at 34, 21
Removed entity wolf from grid at 41, 8
Removed entity wolf from grid at 17, 46
Removed entity human from grid at 9, 12
Added entity naturereserve at 22, 13
Human Ruby built Nature Reserve for COW
Added entity wolf at 45, 4
Added entity wolf at 18, 29
Removed entity wolf from grid at 20, 34
Removed entity wolf from grid at 41, 7
Removed entity wolf from grid at 20, 31
Removed entity wolf from grid at 32, 11
Added entity naturereserve at 47, 49
Human Tina built Nature Reserve for COW
Removed entity wolf from grid at 21, 26
Added entity human at 4, 40
Added entity naturereserve at 2, 24
Human Zane built Nature Reserve for COW
Added entity wolf at 48, 37
Added entity wolf at 11, 39
Removed entity human from grid at 41, 37
Removed entity wolf from grid at 37, 24
Added entity cow at 5, 6
Cow Endangered Reproduction!
Added entity wolf at 38, 40
Added entity tree at 18, 28
Added entity tree at 21, 34
Added entity tree at 33, 33
Removed entity wolf from grid at 32, 4
Removed entity human from grid at 4, 40
Removed entity human from grid at 37, 36
Removed entity human from grid at 47, 37
Added entity human at 18, 30
Added entity cow at 1, 9
Added entity cow at 2, 15
Added entity human at 24, 32
Removed entity cow from grid at 19, 1
Added entity human at 43, 34
Removed entity human from grid at 45, 35
Added entity wolf at 23, 11
Removed entity naturereserve from grid at 35, 16
Added entity human at 32, 4
Added entity human at 25, 33
Added entity cow at 3, 14
Added entity cow at 0, 10
Added entity human at 17, 31
Added entity human at 20, 18
Added entity human at 19, 29
Removed entity human from grid at 33, 44
Removed entity cow from grid at 9, 8
Removed entity wolf from grid at 43, 10
Removed entity wolf from grid at 32, 8
Added entity house at 28, 46
Removed entity cow from grid at 48, 47
Added entity human at 7, 37
Removed entity human from grid at 9, 12
Removed entity cow from grid at 3, 21
Removed entity cow from grid at 22, 42
Added entity human at 43, 34
Added entity wolf at 3, 25
Removed entity wolf from grid at 9, 25
Added entity wolf at 34, 30
Removed entity human from grid at 42, 34
Removed entity wolf from grid at 40, 21
Removed entity human from grid at 36, 37
Removed entity human from grid at 37, 33
Added entity naturereserve at 48, 48
Human Tina built Nature Reserve for COW
Added entity human at 24, 46
Added entity wolf at 23, 5
Removed entity wolf from grid at 31, 9
Added entity wolf at 25, 34
Added entity wolf at 0, 22
Added entity wolf at 37, 24
Removed entity human from grid at 6, 11
Added entity cow at 4, 5
Cow Endangered Reproduction!
Removed entity tree from grid at 44, 27
Removed entity wolf from grid at 37, 24
Added entity berry at 40, 6
Added entity human at 19, 27
Added entity human at 6, 48
Removed entity human from grid at 19, 23
Removed entity wolf from grid at 32, 28
Added entity wolf at 9, 30
Added entity cow at 43, 43
Added entity wolf at 15, 32
Added entity wolf at 35, 2
Added entity wolf at 43, 25
Removed entity tree from grid at 12, 11
Added entity cow at 42, 44
Removed entity human from grid at 6, 48
Added entity tree at 19, 26
Added entity tree at 22, 44
Added entity human at 22, 28
Added entity cow at 2, 13
Removed entity wolf from grid at 23, 36
Added entity human at 14, 24
Removed entity tree from grid at 30, 46
Removed entity wolf from grid at 9, 29
Added entity human at 45, 41
Added entity human at 43, 34
Added entity wolf at 47, 39
Added entity wolf at 30, 10
Added entity wolf at 21, 47
Removed entity cow from grid at 25, 19
Added entity wolf at 41, 14
Added entity wolf at 19, 32
Removed entity human from grid at 45, 41
Added entity tree at 13, 23
Removed entity wolf from grid at 49, 37
Added entity human at 22, 17
Added entity human at 17, 31
Added entity human at 33, 6
Removed entity wolf from grid at 19, 31
Removed entity cow from grid at 16, 22
Added entity human at 32, 21
Removed entity cow from grid at 8, 8
Added entity house at 8, 13
Added entity human at 10, 39
Removed entity tree from grid at 17, 22
Added entity wolf at 17, 22
Added entity wolf at 8, 30
Added entity wolf at 16, 37
Removed entity berry from grid at 34, 2
Removed entity naturereserve from grid at 38, 23
Removed entity naturereserve from grid at 27, 14
Removed entity naturereserve from grid at 26, 33
Removed entity naturereserve from grid at 38, 22
Removed entity human from grid at 10, 39
Removed entity wolf from grid at 32, 5
Removed entity wolf from grid at 17, 30
Added entity cow at 3, 12
Added entity cow at 41, 45
Added entity cow at 3, 6
Removed entity wolf from grid at 48, 38
Removed entity wolf from grid at 41, 19
Removed entity wolf from grid at 45, 24
Added entity cow at 1, 25
Removed entity wolf from grid at 18, 25
Removed entity wolf from grid at 43, 12
Removed entity wolf from grid at 33, 4
Removed entity wolf from grid at 16, 49
Added entity human at 29, 45
Removed entity wolf from grid at 15, 41
Added entity human at 7, 37
Added entity human at 9, 11
Added entity human at 8, 41
Added entity wolf at 7, 14
Removed entity wolf from grid at 10, 28
Added entity wolf at 40, 12
Added entity tree at 8, 40
Removed entity human from grid at 9, 11
Removed entity human from grid at 29, 45
Added entity cow at 2, 5
Added entity human at 31, 22
Added entity human at 18, 32
Removed entity tree from grid at 14, 23
Added entity human at 21, 27
Added entity human at 18, 26
Removed entity human from grid at 24, 46
Removed entity tree from grid at 21, 34
Removed entity tree from grid at 15, 22
Removed entity wolf from grid at 39, 18
Removed entity tree from grid at 44, 35
Removed entity wolf from grid at 42, 11
Removed entity wolf from grid at 17, 48
Removed entity tree from grid at 28, 11
Added entity human at 4, 40
Added entity human at 43, 33
Added entity wolf at 11, 37
Added entity wolf at 10, 21
Added entity wolf at 10, 18
Removed entity naturereserve from grid at 34, 28
Removed entity naturereserve from grid at 1, 39
Removed entity tree from grid at 20, 30
Added entity tree at 42, 32
Removed entity human from grid at 4, 40
Added entity tree at 18, 25
Added entity tree at 22, 26
Added entity tree at 18, 31
Added entity tree at 30, 21
Removed entity human from grid at 8, 41
Removed entity human from grid at 7, 39
Added entity cow at 40, 46
Added entity tree at 35, 4
Added entity human at 21, 33
Added entity human at 16, 7
Removed entity wolf from grid at 37, 18
Removed entity human from grid at 7, 7
Added entity wolf at 18, 27
Added entity wolf at 3, 7
Added entity wolf at 37, 40
Added entity human at 20, 32
Added entity cow at 39, 47
Removed entity wolf from grid at 17, 26
Removed entity tree from grid at 30, 21
Added entity cow at 3, 4
Added entity cow at 4, 11
Removed entity tree from grid at 35, 4
Removed entity human from grid at 25, 14
Removed entity wolf from grid at 12, 39
Added entity house at 26, 45
Added entity human at 3, 38
Added entity human at 9, 37
Added entity human at 10, 19
Removed entity human from grid at 21, 26
Added entity human at 47, 38
Removed entity cow from grid at 13, 45
Added entity human at 45, 34
Added entity house at 13, 20
Removed entity human from grid at 26, 44
Added entity wolf at 26, 35
Added entity wolf at 32, 10
Added entity wolf at 46, 4
Added entity wolf at 15, 29
Added entity tree at 44, 33
Added entity tree at 47, 37
Removed entity human from grid at 10, 19
Added entity house at 42, 31
Removed entity wolf from grid at 35, 6
Removed entity cow from grid at 44, 39
Removed entity human from grid at 14, 21
Added entity cow at 15, 6
Removed entity wolf from grid at 36, 5
Removed entity human from grid at 28, 45
Removed entity human from grid at 14, 20
Added entity wolf at 17, 34
Removed entity naturereserve from grid at 10, 26
Removed entity naturereserve from grid at 28, 14
Removed entity naturereserve from grid at 6, 46
Removed entity wolf from grid at 15, 29
Added entity cow at 3, 10
Added entity cow at 2, 5
Removed entity tree from grid at 42, 32
Removed entity tree from grid at 17, 24
Added entity cow at 1, 10
Added entity cow at 23, 12
Removed entity wolf from grid at 43, 18
Removed entity human from grid at 43, 34
Added entity house at 44, 30
Removed entity wolf from grid at 27, 33
Added entity wolf at 47, 40
Added entity wolf at 37, 38
Removed entity cow from grid at 36, 0
Added entity wolf at 25, 43
Added entity wolf at 11, 48
Removed entity naturereserve from grid at 44, 7
Removed entity human from grid at 43, 39
Added entity cow at 0, 11
Added entity cow at 4, 9
Added entity tree at 7, 34
Added entity cow at 39, 48
Added entity tree at 18, 9
Added entity human at 16, 30
Added entity human at 9, 24
Removed entity tree from grid at 47, 37
Removed entity wolf from grid at 37, 5
Added entity cow at 46, 49
Removed entity wolf from grid at 17, 10
Removed entity tree from grid at 42, 29
Removed entity wolf from grid at 21, 14
Removed entity human from grid at 26, 44
Added entity human at 10, 41
Removed entity cow from grid at 6, 37
Added entity human at 6, 10
Removed entity wolf from grid at 10, 15
Added entity human at 19, 13
Removed entity human from grid at 33, 44
Removed entity human from grid at 6, 10
Added entity tree at 8, 23
Added entity tree at 15, 29
Added entity cow at 3, 4
Added entity cow at 14, 5
Removed entity human from grid at 47, 39
Removed entity tree from grid at 8, 34
Added entity human at 32, 21
Removed entity human from grid at 45, 42
Added entity cow at 48, 49
Removed entity human from grid at 10, 18
Added entity human at 19, 13
Removed entity wolf from grid at 24, 40
Added entity human at 9, 35
Removed entity wolf from grid at 33, 38
Added entity human at 8, 37
Added entity tree at 31, 24
Added entity wolf at 10, 20
Added entity human at 20, 14
Added entity cow at 13, 6
Added entity cow at 45, 48
Removed entity tree from grid at 22, 31
Removed entity wolf from grid at 40, 4
Removed entity wolf from grid at 22, 32
Removed entity cow from grid at 22, 48
Added entity human at 42, 42
Removed entity tree from grid at 7, 34
Removed entity wolf from grid at 33, 38
Added entity wolf at 22, 6
Added entity wolf at 5, 30
Removed entity human from grid at 42, 42
Added entity tree at 7, 37
Added entity tree at 8, 34
Added entity cow at 2, 5
Added entity human at 18, 32
Added entity cow at 36, 45
Removed entity human from grid at 6, 37
Added entity human at 22, 30
Added entity human at 19, 23
Removed entity human from grid at 47, 39
Removed entity cow from grid at 11, 43
Added entity cow at 47, 48
Removed entity human from grid at 39, 22
Added entity house at 40, 38
Removed entity wolf from grid at 6, 27
Removed entity wolf from grid at 1, 27
Removed entity wolf from grid at 4, 28
Removed entity wolf from grid at 31, 4
Added entity wolf at 4, 33
Added entity wolf at 38, 14
Added entity wolf at 49, 9
Added entity wolf at 35, 42
Added entity cow at 48, 47
Removed entity tree from grid at 18, 23
Removed entity tree from grid at 23, 31
Added entity cow at 35, 46
Added entity human at 17, 33
Added entity cow at 46, 47
Added entity human at 17, 13
Removed entity tree from grid at 7, 37
Removed entity human from grid at 9, 35
Added entity cow at 49, 48
Added entity human at 31, 20
Added entity human at 15, 13
Removed entity wolf from grid at 39, 4
Removed entity wolf from grid at 23, 7
Removed entity wolf from grid at 14, 47
Removed entity human from grid at 39, 38
Added entity human at 10, 35
Removed entity cow from grid at 36, 38
Removed entity human from grid at 19, 42
Added entity wolf at 40, 12
Added entity wolf at 16, 33
Removed entity naturereserve from grid at 33, 24
Removed entity human from grid at 10, 35
Added entity tree at 14, 12
Added entity tree at 30, 19
Added entity tree at 17, 12
Added entity cow at 47, 46
Added entity cow at 36, 47
Removed entity human from grid at 8, 38
Removed entity wolf from grid at 16, 33
Added entity cow at 1, 12
Added entity cow at 23, 8
Removed entity human from grid at 43, 32
Removed entity cow from grid at 23, 8
Removed entity cow from grid at 16, 6
Removed entity cow from grid at 30, 44
Removed entity cow from grid at 24, 7
Removed entity wolf from grid at 19, 42
Added entity wolf at 20, 47
Removed entity cow from grid at 24, 6
Added entity wolf at 18, 32
Added entity wolf at 47, 9
Added entity wolf at 38, 41
Added entity wolf at 40, 24
Added entity cow at 2, 13
Removed entity tree from grid at 30, 19
Removed entity wolf from grid at 20, 30
Added entity cow at 49, 46
Added entity human at 17, 21
Added entity human at 21, 33
Added entity cow at 1, 6
Added entity cow at 12, 5
Removed entity wolf from grid at 20, 10
Added entity cow at 3, 10
Removed entity wolf from grid at 40, 5
Removed entity wolf from grid at 5, 18
Added entity cow at 15, 28
Removed entity human from grid at 39, 36
Removed entity wolf from grid at 43, 16
Removed entity wolf from grid at 33, 8
Removed entity cow from grid at 3, 21
Added entity house at 9, 34
Removed entity wolf from grid at 37, 42
Removed entity cow from grid at 7, 15
Added entity house at 16, 16
Added entity wolf at 14, 33
Added entity wolf at 37, 40
Added entity wolf at 47, 2
Removed entity naturereserve from grid at 13, 39
Added entity cow at 11, 4
Added entity cow at 0, 7
Added entity tree at 16, 20
Added entity cow at 3, 14
Added entity cow at 37, 48
Removed entity tree from grid at 17, 12
Added entity human at 20, 12
Removed entity cow from grid at 20, 8
Added entity house at 44, 31
Added entity human at 15, 10
Removed entity tree from grid at 18, 9
Removed entity cow from grid at 14, 27
Removed entity tree from grid at 35, 37
Removed entity human from grid at 9, 33
Added entity human at 3, 48
Added entity human at 5, 6
Added entity berry at 43, 47
Removed entity berry from grid at 43, 47
Added entity wolf at 37, 36
Added entity wolf at 16, 38
Removed entity human from grid at 5, 6
Added entity tree at 2, 47
Added entity tree at 14, 9
Added entity tree at 20, 11
Added entity cow at 38, 47
Added entity cow at 4, 15
Added entity cow at 12, 3
Added entity human at 22, 32
Removed entity tree from grid at 16, 20
Added entity cow at 48, 45
Added entity cow at 46, 47
Added entity human at 15, 11
Removed entity tree from grid at 18, 10
Removed entity cow from grid at 5, 17
Added entity human at 2, 40
Removed entity cow from grid at 2, 22
Removed entity wolf from grid at 1, 26
Removed entity wolf from grid at 17, 29
Added entity wolf at 19, 44
Added entity wolf at 47, 7
Added entity house at 9, 15
Removed entity human from grid at 2, 40
Added entity tree at 14, 10
Added entity cow at 47, 44
Added entity tree at 21, 31
Added entity cow at 11, 2
Removed entity tree from grid at 14, 10
Added entity human at 19, 13
Added entity human at 16, 22
Added entity human at 16, 31
Removed entity tree from grid at 44, 33
Added entity house at 7, 16
Removed entity wolf from grid at 43, 18
Removed entity human from grid at 10, 44
Removed entity cow from grid at 1, 25
Removed entity human from grid at 8, 43
Removed entity human from grid at 33, 47
Removed entity cow from grid at 36, 44
Removed entity wolf from grid at 0, 27
Added entity house at 11, 14
Added entity house at 10, 35
Removed entity tree from grid at 14, 12
Removed entity naturereserve from grid at 38, 5
Removed entity cow from grid at 19, 6
Added entity tree at 15, 31
Added entity tree at 15, 21
Added entity tree at 18, 12
Added entity cow at 10, 1
Added entity cow at 46, 45
Added entity human at 14, 12
Added entity human at 23, 31
Added entity cow at 3, 16
Added entity human at 16, 9
Removed entity cow from grid at 13, 9
Removed entity tree from grid at 3, 24
Added entity human at 24, 9
Removed entity human from grid at 6, 17
Removed entity cow from grid at 14, 8
Removed entity wolf from grid at 39, 15
Removed entity tree from grid at 4, 23
Removed entity wolf from grid at 37, 39
Removed entity tree from grid at 22, 44
Added entity human at 43, 37
Removed entity wolf from grid at 31, 7
Removed entity naturereserve from grid at 38, 7
Removed entity human from grid at 7, 14
Added entity human at 17, 6
Added entity tree at 17, 5
Added entity tree at 43, 36
Added entity tree at 23, 8
Added entity human at 15, 8
Added entity human at 22, 30
Added entity human at 15, 13
Added entity human at 15, 30
Added entity cow at 45, 48
Added entity cow at 17, 30
Removed entity tree from grid at 14, 9
Removed entity human from grid at 3, 8
Added entity human at 39, 34
Added entity human at 10, 18
Added entity wolf at 22, 10
Added entity wolf at 25, 0
Added entity tree at 10, 17
Removed entity human from grid at 39, 34
Added entity human at 14, 29
Added entity human at 23, 29
Added entity house at 44, 38
Removed entity tree from grid at 24, 10
Added entity cow at 2, 17
Added entity cow at 45, 46
Removed entity cow from grid at 17, 30
Removed entity cow from grid at 12, 8
Removed entity cow from grid at 13, 7
Removed entity wolf from grid at 21, 40
Removed entity cow from grid at 23, 48
Added entity house at 13, 21
Removed entity wolf from grid at 17, 44
Removed entity tree from grid at 7, 10
Removed entity human from grid at 15, 15
Added entity wolf at 16, 27
Added entity wolf at 36, 19
Added entity cow at 44, 45
Added entity tree at 9, 18
Added entity tree at 42, 38
Added entity human at 25, 8
Removed entity tree from grid at 15, 31
Added entity cow at 39, 46
Removed entity wolf from grid at 0, 43
Added entity cow at 2, 9
Added entity house at 2, 45
Added entity house at 34, 30
Removed entity human from grid at 14, 22
Added entity human at 41, 31
Removed entity human from grid at 16, 15
Removed entity cow from grid at 4, 18
Removed entity wolf from grid at 31, 9
Added entity wolf at 31, 17
Added entity wolf at 3, 8
Removed entity naturereserve from grid at 40, 8
Removed entity naturereserve from grid at 46, 5
Added entity tree at 41, 30
Added entity cow at 38, 45
Added entity cow at 45, 44
Added entity cow at 3, 16
Removed entity tree from grid at 43, 36
Removed entity human from grid at 14, 21
Added entity human at 18, 13
Removed entity wolf from grid at 17, 26
Removed entity human from grid at 34, 31
Added entity human at 12, 17
Added entity house at 5, 17
Removed entity human from grid at 33, 30
Added entity house at 10, 12
Added entity wolf at 27, 35
Removed entity wolf from grid at 36, 19
Added entity wolf at 49, 32
Added entity tree at 11, 16
Added entity cow at 4, 17
Added entity cow at 3, 10
Added entity human at 24, 9
Removed entity tree from grid at 22, 26
Added entity cow at 46, 49
Removed entity human from grid at 15, 14
Added entity human at 13, 12
Removed entity cow from grid at 27, 6
Removed entity wolf from grid at 20, 13
Removed entity tree from grid at 2, 47
Removed entity human from grid at 44, 29
Removed entity wolf from grid at 30, 32
Added entity human at 5, 35
Removed entity human from grid at 5, 18
Added entity house at 11, 24
Added entity tree at 4, 34
Added entity tree at 13, 11
Added entity cow at 3, 18
Removed entity tree from grid at 18, 12
Added entity cow at 46, 45
Added entity cow at 37, 44
Added entity cow at 9, 3
Removed entity cow from grid at 10, 13
Added entity human at 27, 43
Added entity human at 47, 38
Added entity wolf at 45, 4
Added entity wolf at 30, 28
Added entity wolf at 6, 30
Added entity wolf at 47, 7
Removed entity human from grid at 47, 38
Added entity cow at 2, 17
Removed entity human from grid at 5, 35
Removed entity human from grid at 41, 31
Removed entity human from grid at 10, 33
Added entity cow at 1, 6
Removed entity wolf from grid at 43, 17
Removed entity cow from grid at 13, 7
Removed entity wolf from grid at 5, 28
Removed entity cow from grid at 39, 46
Added entity human at 37, 36
Removed entity cow from grid at 4, 17
Removed entity cow from grid at 34, 45
Removed entity cow from grid at 28, 47
Removed entity cow from grid at 2, 18
Added entity tree at 37, 35
Added entity cow at 0, 5
Added entity cow at 8, 4
Added entity cow at 47, 46
Removed entity tree from grid at 13, 11
Added entity cow at 4, 9
Removed entity cow from grid at 38, 47
Added entity human at 41, 38
Removed entity cow from grid at 7, 11
Removed entity cow from grid at 4, 17
Removed entity human from grid at 6, 17
Removed entity wolf from grid at 16, 48
Removed entity wolf from grid at 16, 47
Removed entity cow from grid at 3, 19
Added entity wolf at 47, 41
Added entity wolf at 24, 9
Removed entity naturereserve from grid at 15, 19
Removed entity naturereserve from grid at 44, 25
Removed entity cow from grid at 19, 6
Removed entity human from grid at 41, 38
Added entity tree at 36, 36
Added entity human at 26, 46
Added entity human at 14, 9
Removed entity human from grid at 7, 12
Added entity human at 18, 12
Removed entity cow from grid at 13, 6
Added entity house at 12, 13
Removed entity cow from grid at 37, 6
Removed entity wolf from grid at 26, 16
Removed entity human from grid at 10, 15
Added entity human at 45, 37
Added entity wolf at 16, 31
Added entity wolf at 37, 40
Removed entity human from grid at 12, 36
Removed entity tree from grid at 7, 21
Added entity tree at 45, 36
Added entity human at 17, 11
Added entity cow at 3, 8
Removed entity wolf from grid at 25, 8
Added entity house at 7, 18
Removed entity human from grid at 7, 7
Removed entity tree from grid at 11, 16
Added entity cow at 0, 23
Removed entity tree from grid at 5, 10
Added entity human at 12, 37
Added entity wolf at 3, 27
Added entity wolf at 37, 38
Added entity wolf at 39, 10
Removed entity naturereserve from grid at 36, 2
Removed entity naturereserve from grid at 24, 28
Added entity human at 32, 45
Removed entity human from grid at 39, 33
Added entity tree at 13, 36
Added entity cow at 4, 7
Added entity tree at 16, 10
Added entity cow at 38, 47
Added entity human at 23, 7
Removed entity tree from grid at 9, 18
Removed entity human from grid at 39, 38
Removed entity cow from grid at 5, 11
Removed entity wolf from grid at 22, 2
Removed entity human from grid at 47, 35
Removed entity human from grid at 11, 23
Removed entity wolf from grid at 34, 11
Removed entity tree from grid at 38, 4
Removed entity wolf from grid at 37, 39
Added entity human at 37, 31
Removed entity human from grid at 35, 36
Removed entity cow from grid at 14, 46
Removed entity wolf from grid at 28, 22
Removed entity human from grid at 31, 47
Added entity house at 5, 41
Removed entity tree from grid at 10, 17
Added entity human at 6, 6
Removed entity wolf from grid at 36, 8
Removed entity tree from grid at 16, 10
Added entity tree at 37, 30
Added entity tree at 22, 6
Added entity tree at 33, 43
Added entity tree at 11, 37
Added entity human at 16, 10
Added entity cow at 46, 45
Removed entity wolf from grid at 17, 29
Removed entity tree from grid at 13, 34
Removed entity human from grid at 8, 8
Added entity house at 6, 42
Added entity human at 33, 14
Removed entity wolf from grid at 37, 4
Removed entity human from grid at 28, 43
Removed entity human from grid at 7, 19
Added entity wolf at 48, 35
Removed entity tree from grid at 13, 36
Added entity wolf at 8, 31
Removed entity naturereserve from grid at 46, 3
Removed entity naturereserve from grid at 26, 0
Added entity cow at 45, 44
Added entity tree at 15, 9
Added entity tree at 36, 31
Added entity human at 24, 8
Added entity cow at 37, 48
Added entity cow at 1, 17
Removed entity cow from grid at 9, 8
Added entity human at 19, 29
Added entity human at 14, 36
Removed entity wolf from grid at 42, 11
Removed entity human from grid at 7, 15
Removed entity human from grid at 3, 13
Added entity house at 9, 8
Added entity human at 24, 46
Removed entity human from grid at 12, 36
Added entity wolf at 12, 34
Removed entity naturereserve from grid at 43, 35
Removed entity human from grid at 41, 29
Removed entity human from grid at 45, 29
Added entity house at 15, 20
Added entity human at 15, 35
Added entity human at 20, 28
Added entity cow at 2, 18
Added entity cow at 36, 47
Added entity cow at 44, 43
Added entity cow at 9, 3
Removed entity cow from grid at 9, 7
Removed entity human from grid at 39, 39
Removed entity wolf from grid at 25, 35
Removed entity cow from grid at 5, 12
Removed entity cow from grid at 6, 8
Removed entity human from grid at 5, 37
Removed entity human from grid at 8, 15
Removed entity cow from grid at 35, 46
Removed entity wolf from grid at 40, 7
Removed entity wolf from grid at 38, 43
Removed entity cow from grid at 37, 44
Added entity wolf at 7, 17
Removed entity naturereserve from grid at 39, 24
Removed entity naturereserve from grid at 46, 29
Removed entity cow from grid at 3, 14
Added entity cow at 10, 4
Added entity cow at 43, 42
Added entity cow at 35, 48
Added entity cow at 1, 19
Removed entity wolf from grid at 36, 12
Added entity cow at 5, 6
Added entity cow at 1, 21
Removed entity wolf from grid at 48, 36
Removed entity human from grid at 11, 12
Removed entity human from grid at 13, 19
Removed entity cow from grid at 6, 6
Removed entity human from grid at 9, 14
Removed entity cow from grid at 8, 45
Removed entity human from grid at 10, 25
Removed entity cow from grid at 1, 13
Removed entity human from grid at 10, 16
Removed entity wolf from grid at 37, 7
Added entity wolf at 31, 19
Added entity wolf at 20, 39
Added entity wolf at 14, 10
Removed entity cow from grid at 4, 15
Removed entity human from grid at 41, 31
Added entity cow at 2, 22
Added entity cow at 0, 20
Added entity cow at 42, 43
Removed entity human from grid at 25, 46
Removed entity cow from grid at 37, 45
Removed entity human from grid at 9, 7
Removed entity human from grid at 10, 8
Removed entity cow from grid at 8, 6
Removed entity cow from grid at 7, 20
Removed entity cow from grid at 2, 22
Removed entity human from grid at 11, 34
Removed entity cow from grid at 35, 47
Removed entity wolf from grid at 16, 6
Added entity cow at 2, 32
Removed entity cow from grid at 40, 40
Removed entity cow from grid at 39, 46
Removed entity cow from grid at 0, 14
Added entity wolf at 13, 12
Removed entity naturereserve from grid at 19, 35
Removed entity cow from grid at 37, 46
Removed entity cow from grid at 4, 16
Removed entity tree from grid at 22, 6
Added entity cow at 45, 48
Removed entity wolf from grid at 27, 0
Removed entity wolf from grid at 2, 15
Removed entity wolf from grid at 32, 17
Removed entity cow from grid at 16, 0
Removed entity wolf from grid at 14, 30
Added entity human at 3, 36
Removed entity human from grid at 40, 34
Added entity wolf at 46, 16
Added entity tree at 2, 35
Added entity cow at 44, 47
Added entity cow at 41, 44
Added entity cow at 11, 5
Removed entity wolf from grid at 37, 9
Removed entity tree from grid at 11, 37
Added entity human at 11, 8
Removed entity human from grid at 7, 19
Removed entity tree from grid at 17, 5
Added entity human at 3, 23
Added entity human at 11, 15
Removed entity wolf from grid at 40, 49
Added entity wolf at 10, 32
Added entity wolf at 29, 19
Added entity wolf at 15, 28
Added entity wolf at 18, 27
Added entity wolf at 37, 11
Removed entity naturereserve from grid at 14, 7
Removed entity human from grid at 11, 15
Added entity cow at 10, 6
Added entity cow at 40, 43
Added entity cow at 43, 48
Added entity tree at 3, 35
Added entity tree at 11, 33
Added entity human at 37, 45
Removed entity human from grid at 13, 13
Removed entity tree from grid at 15, 0
Removed entity human from grid at 12, 12
Removed entity wolf from grid at 48, 32
Added entity cow at 17, 29
Added entity human at 39, 29
Added entity house at 12, 39
Added entity human at 8, 35
Added entity human at 30, 48
Added entity house at 15, 18
Added entity wolf at 37, 11
Added entity wolf at 4, 32
Removed entity tree from grid at 7, 22
Added entity tree at 30, 47
Removed entity human from grid at 8, 35
Added entity tree at 38, 28
Added entity cow at 42, 49
Added entity cow at 39, 44
Removed entity human from grid at 3, 36
Removed entity cow from grid at 37, 46
Removed entity cow from grid at 7, 5
Removed entity wolf from grid at 0, 11
Removed entity cow from grid at 0, 31
Removed entity cow from grid at 5, 22
Removed entity cow from grid at 38, 43
Added entity human at 39, 31
Removed entity cow from grid at 9, 4
Removed entity cow from grid at 39, 48
Removed entity human from grid at 12, 40
Removed entity wolf from grid at 41, 49
Removed entity cow from grid at 4, 12
Added entity human at 6, 46
Added entity wolf at 9, 39
Added entity wolf at 48, 33
Added entity wolf at 4, 31
Removed entity cow from grid at 2, 14
Added entity cow at 40, 45
Added entity human at 35, 43
Removed entity tree from grid at 13, 25
Added entity human at 7, 5
Removed entity wolf from grid at 19, 31
Removed entity tree from grid at 12, 1
Removed entity cow from grid at 1, 11
Removed entity human from grid at 7, 43
Removed entity cow from grid at 7, 48
Removed entity tree from grid at 33, 43
Added entity human at 43, 38
Removed entity human from grid at 7, 42
Removed entity wolf from grid at 20, 42
Added entity wolf at 33, 2
Added entity wolf at 39, 36
Added entity wolf at 14, 34
Removed entity naturereserve from grid at 1, 23
Removed entity human from grid at 38, 47
Removed entity human from grid at 43, 38
Added entity tree at 6, 46
Added entity tree at 28, 47
Added entity tree at 35, 43
Added entity cow at 4, 5
Added entity cow at 34, 47
Removed entity human from grid at 37, 32
Removed entity wolf from grid at 13, 2
Removed entity cow from grid at 34, 47
Removed entity tree from grid at 6, 21
Added entity human at 7, 35
Removed entity human from grid at 39, 32
Removed entity cow from grid at 39, 46
Removed entity human from grid at 8, 45
Added entity wolf at 15, 24
Removed entity human from grid at 15, 19
Added entity wolf at 9, 39
Added entity tree at 5, 3
Removed entity wolf from grid at 16, 6
Removed entity wolf from grid at 37, 8
Removed entity tree from grid at 15, 9
Removed entity human from grid at 6, 39
Added entity house at 2, 13
Removed entity cow from grid at 9, 4
Removed entity wolf from grid at 0, 23
Removed entity tree from grid at 2, 35
Removed entity tree from grid at 6, 46
Removed entity human from grid at 10, 40
Removed entity cow from grid at 13, 5
Added entity cow at 22, 12
Removed entity tree from grid at 35, 43
Added entity human at 8, 21
Added entity human at 45, 32
Added entity human at 12, 17
Removed entity human from grid at 31, 36
Removed entity wolf from grid at 27, 21
Added entity human at 6, 46
Added entity wolf at 39, 10
Added entity wolf at 10, 19
Removed entity cow from grid at 38, 49
Added entity tree at 5, 45
Removed entity human from grid at 12, 17
Removed entity human from grid at 45, 32
Removed entity human from grid at 8, 21
Added entity tree at 7, 35
Added entity tree at 34, 40
Added entity cow at 39, 46
Added entity tree at 36, 28
Removed entity human from grid at 14, 10
Added entity cow at 0, 18
Removed entity human from grid at 10, 14
Added entity human at 33, 49
Added entity house at 14, 13
Removed entity tree from grid at 1, 16
Removed entity wolf from grid at 33, 39
Added entity cow at 48, 47
Removed entity tree from grid at 30, 47
Removed entity wolf from grid at 45, 22
Removed entity cow from grid at 35, 49
Added entity wolf at 13, 34
Added entity wolf at 39, 6
Added entity wolf at 31, 28
Added entity wolf at 23, 9
Added entity cow at 47, 46
Added entity tree at 33, 48
Added entity tree at 6, 45
Removed entity tree from grid at 7, 35
Added entity cow at 3, 4
Added entity human at 35, 42
Removed entity human from grid at 7, 46
Added entity house at 25, 48
Removed entity wolf from grid at 1, 26
Removed entity cow from grid at 12, 11
Removed entity tree from grid at 15, 29
Removed entity human from grid at 15, 12
Removed entity human from grid at 15, 14
Removed entity cow from grid at 2, 20
Removed entity human from grid at 35, 42
Added entity human at 10, 19
Added entity cow at 27, 35
Added entity cow at 26, 29
Removed entity tree from grid at 7, 3
Added entity house at 36, 49
Removed entity naturereserve from grid at 46, 8
Added entity tree at 34, 48
Added entity cow at 38, 47
Added entity tree at 5, 46
Added entity tree at 7, 35
Added entity human at 12, 5
Removed entity tree from grid at 34, 40
Removed entity human from grid at 10, 40
Removed entity human from grid at 2, 14
Removed entity human from grid at 9, 3
Removed entity human from grid at 11, 34
Removed entity human from grid at 10, 18
Removed entity human from grid at 46, 41
Removed entity human from grid at 41, 29
Removed entity tree from grid at 34, 48
Added entity tree at 11, 4
Added entity tree at 10, 17
Added entity cow at 4, 3
Added entity cow at 48, 47
Removed entity tree from grid at 33, 48
Removed entity tree from grid at 6, 45
Removed entity tree from grid at 28, 47
Added entity cow at 8, 4
Removed entity wolf from grid at 14, 29
Removed entity wolf from grid at 34, 13
Removed entity cow from grid at 9, 5
Removed entity cow from grid at 19, 29
Removed entity cow from grid at 37, 45
Added entity cow at 16, 4
Removed entity human from grid at 16, 20
Added entity house at 7, 4
Removed entity human from grid at 13, 39
Added entity wolf at 19, 25
Added entity house at 7, 5
Added entity cow at 9, 5
Added entity tree at 12, 4
Added entity cow at 39, 48
Added entity tree at 10, 18
Added entity tree at 33, 48
Removed entity wolf from grid at 0, 26
Added entity human at 16, 7
Removed entity wolf from grid at 20, 32
Removed entity tree from grid at 11, 4
Added entity house at 11, 7
Removed entity cow from grid at 34, 49
Removed entity cow from grid at 6, 6
Added entity cow at 17, 6
Removed entity human from grid at 8, 5
Added entity human at 31, 46
Added entity wolf at 19, 46
Removed entity naturereserve from grid at 5, 31
Removed entity human from grid at 7, 6
Added entity tree at 31, 45
Added entity cow at 10, 6
Added entity cow at 5, 2
Removed entity tree from grid at 10, 18
Added entity cow at 0, 18
Removed entity human from grid at 6, 4
Removed entity cow from grid at 38, 44
Removed entity cow from grid at 46, 38
Removed entity wolf from grid at 20, 27
Removed entity tree from grid at 33, 48
Removed entity human from grid at 1, 44
Added entity berry at 44, 10
Removed entity wolf from grid at 1, 20
Removed entity human from grid at 5, 34
Removed entity tree from grid at 19, 7
Added entity house at 35, 46
Removed entity cow from grid at 26, 29
Added entity human at 12, 42
Added entity wolf at 34, 32
Removed entity naturereserve from grid at 11, 42
Added entity house at 14, 15
Removed entity human from grid at 12, 42
Added entity cow at 6, 1
Added entity tree at 30, 46
Added entity tree at 16, 6
Added entity tree at 13, 4
Removed entity cow from grid at 39, 44
Removed entity cow from grid at 17, 6
Added entity human at 16, 22
Removed entity tree from grid at 45, 36
Removed entity cow from grid at 21, 10
Removed entity tree from grid at 12, 4
Removed entity human from grid at 6, 4
Added entity human at 47, 34
Added entity human at 45, 36
Added entity wolf at 9, 32
Added entity wolf at 25, 33
Removed entity naturereserve from grid at 8, 16
Removed entity human from grid at 44, 35
Removed entity human from grid at 45, 36
Removed entity human from grid at 47, 34
Added entity tree at 16, 21
Added entity cow at 9, 7
Added entity tree at 30, 47
Removed entity tree from grid at 16, 6
Added entity cow at 40, 49
Added entity human at 35, 47
Removed entity human from grid at 5, 6
Removed entity cow from grid at 16, 4
Removed entity human from grid at 45, 37
Removed entity tree from grid at 19, 26
Added entity house at 34, 48
Removed entity tree from grid at 31, 45
Removed entity wolf from grid at 21, 42
Added entity house at 48, 37
Removed entity wolf from grid at 29, 22
Added entity human at 6, 37
Added entity wolf at 37, 38
Removed entity naturereserve from grid at 41, 40
Removed entity naturereserve from grid at 40, 26
Removed entity human from grid at 35, 47
Added entity cow at 41, 48
Added entity tree at 17, 21
Added entity tree at 31, 47
Added entity tree at 16, 6
Removed entity tree from grid at 13, 4
Removed entity human from grid at 36, 46
Removed entity tree from grid at 16, 6
Removed entity cow from grid at 39, 45
Removed entity human from grid at 31, 45
Added entity house at 33, 34
Added entity cow at 26, 30
Added entity human at 39, 32
Added entity berry at 40, 17
Removed entity wolf from grid at 48, 38
Removed entity human from grid at 5, 5
Added entity wolf at 10, 4
Added entity wolf at 30, 26
Removed entity naturereserve from grid at 29, 24
Removed entity naturereserve from grid at 36, 41
Removed entity human from grid at 8, 35
Added entity tree at 15, 22
Added entity cow at 5, 0
Added entity cow at 1, 19
Added entity tree at 31, 45
Added entity house at 10, 22
Added entity house at 31, 28
Added entity house at 35, 44
Removed entity wolf from grid at 38, 41
Removed entity human from grid at 11, 6
Removed entity cow from grid at 7, 3
Removed entity human from grid at 3, 45
Added entity cow at 22, 12
Removed entity human from grid at 32, 34
Added entity house at 44, 42
Added entity cow at 27, 24
Added entity human at 34, 46
Removed entity cow from grid at 5, 4
Added entity human at 40, 40
Added entity human at 9, 9
Removed entity cow from grid at 3, 16
Added entity cow at 49, 48
Removed entity human from grid at 6, 41
Removed entity human from grid at 31, 29
Removed entity tree from grid at 20, 11
Removed entity wolf from grid at 39, 6
Removed entity human from grid at 43, 42
Added entity human at 4, 46
Removed entity human from grid at 30, 28
Added entity tree at 10, 7
Added entity human at 14, 22
Added entity house at 28, 45
Removed entity human from grid at 12, 7
Removed entity human from grid at 9, 22
Removed entity tree from grid at 31, 47
Removed entity cow from grid at 11, 6
Removed entity human from grid at 32, 34
Removed entity cow from grid at 38, 48
Added entity house at 11, 22
Added entity human at 7, 13
Added entity cow at 26, 24
Removed entity human from grid at 39, 41
Added entity human at 4, 48
Removed entity naturereserve from grid at 34, 37
Removed entity tree from grid at 31, 45
Added entity tree at 4, 47
Added entity tree at 7, 14
Removed entity tree from grid at 13, 22
Removed entity tree from grid at 10, 7
Added entity cow at 25, 25
Added entity cow at 2, 20
Added entity cow at 8, 8
Removed entity wolf from grid at 15, 29
Removed entity cow from grid at 26, 32
Removed entity cow from grid at 11, 6
Removed entity cow from grid at 2, 11
Removed entity cow from grid at 39, 47
Removed entity cow from grid at 26, 26
Removed entity wolf from grid at 6, 2
Removed entity human from grid at 49, 36
Removed entity cow from grid at 8, 1
Added entity human at 45, 33
Removed entity naturereserve from grid at 48, 9
Removed entity naturereserve from grid at 14, 11
Removed entity naturereserve from grid at 37, 41
Removed entity cow from grid at 1, 13
Added entity cow at 7, 7
Added entity cow at 3, 21
Added entity cow at 26, 24
Added entity tree at 3, 48
Added entity cow at 25, 24
Removed entity tree from grid at 7, 14
Added entity tree at 14, 21
Removed entity wolf from grid at 0, 41
Added entity cow at 40, 49
Removed entity tree from grid at 30, 46
Added entity cow at 43, 48
Removed entity wolf from grid at 45, 22
Added entity house at 11, 6
Removed entity cow from grid at 10, 16
Removed entity human from grid at 8, 21
Removed entity wolf from grid at 39, 8
Added entity human at 9, 11
Removed entity cow from grid at 41, 42
Removed entity cow from grid at 26, 30
Added entity wolf at 23, 37
Removed entity naturereserve from grid at 38, 18
Removed entity naturereserve from grid at 21, 38
Removed entity naturereserve from grid at 38, 39
Added entity cow at 26, 23
Added entity cow at 4, 22
Added entity cow at 6, 8
Added entity berry at 32, 9
Removed entity wolf from grid at 23, 33
Removed entity human from grid at 12, 5
Removed entity human from grid at 11, 5
Added entity human at 31, 44
Added entity cow at 5, 21
Added entity cow at 25, 22
Added entity cow at 44, 47
Removed entity human from grid at 6, 46
Removed entity cow from grid at 8, 8
Removed entity cow from grid at 3, 13
Removed entity cow from grid at 6, 4
Removed entity cow from grid at 5, 10
Added entity cow at 2, 23
Removed entity wolf from grid at 13, 0
Added entity human at 10, 21
Added entity human at 29, 43
Added entity human at 41, 38
Added entity wolf at 3, 7
Removed entity naturereserve from grid at 22, 34
Removed entity naturereserve from grid at 19, 30
Removed entity cow from grid at 23, 15
Added entity cow at 45, 48
Added entity cow at 26, 21
Removed entity human from grid at 9, 11
Added entity cow at 6, 2
Removed entity cow from grid at 11, 2
Removed entity cow from grid at 3, 11
Removed entity cow from grid at 38, 45
Removed entity cow from grid at 14, 1
Removed entity cow from grid at 5, 21
Removed entity human from grid at 48, 38
Removed entity wolf from grid at 23, 36
Removed entity cow from grid at 12, 1
Added entity human at 45, 33
Added entity wolf at 49, 34
Removed entity human from grid at 2, 12
Added entity cow at 7, 3
Added entity cow at 25, 20
Added entity cow at 2, 23
Removed entity wolf from grid at 48, 35
Removed entity wolf from grid at 19, 30
Removed entity cow from grid at 22, 25
Removed entity wolf from grid at 27, 6
Added entity human at 45, 41
Added entity human at 10, 16
Added entity wolf at 45, 6
Added entity wolf at 25, 34
Removed entity naturereserve from grid at 36, 26
Added entity tree at 32, 43
Added entity tree at 22, 15
Removed entity human from grid at 45, 41
Added entity cow at 24, 21
Added entity cow at 46, 47
Added entity cow at 27, 25
Removed entity wolf from grid at 48, 35
Added entity cow at 48, 47
Removed entity wolf from grid at 2, 10
Removed entity cow from grid at 6, 15
Removed entity cow from grid at 3, 7
Removed entity cow from grid at 5, 10
Added entity human at 47, 40
Removed entity cow from grid at 3, 23
Removed entity cow from grid at 27, 25
Added entity wolf at 21, 6
Removed entity naturereserve from grid at 30, 34
Removed entity naturereserve from grid at 23, 10
Removed entity human from grid at 47, 40
Added entity cow at 3, 24
Removed entity human from grid at 10, 21
Removed entity human from grid at 42, 39
Added entity berry at 42, 46
Removed entity human from grid at 28, 43
Removed entity wolf from grid at 23, 34
Removed entity berry from grid at 42, 46
Added entity cow at 21, 12
Removed entity cow from grid at 23, 24
Added entity cow at 16, 4
Added entity wolf at 13, 31
Added entity wolf at 38, 13
Added entity wolf at 9, 25
Added entity wolf at 30, 26
Removed entity naturereserve from grid at 40, 32
Removed entity tree from grid at 24, 16
Added entity cow at 4, 23
Added entity cow at 23, 22
Added entity cow at 8, 2
Added entity cow at 39, 48
Removed entity human from grid at 12, 20
Removed entity cow from grid at 3, 12
Removed entity cow from grid at 1, 9
Removed entity cow from grid at 36, 47
Removed entity cow from grid at 3, 6
Removed entity cow from grid at 15, 3
Removed entity cow from grid at 6, 9
Removed entity wolf from grid at 33, 10
Removed entity cow from grid at 24, 23
Removed entity wolf from grid at 24, 20
Removed entity human from grid at 12, 22
Removed entity cow from grid at 12, 3
Removed entity cow from grid at 2, 23
Removed entity cow from grid at 25, 20
Added entity wolf at 33, 28
Added entity wolf at 33, 11
Removed entity naturereserve from grid at 4, 8
Removed entity naturereserve from grid at 35, 20
Added entity cow at 38, 47
Added entity cow at 24, 23
Added entity cow at 5, 24
Added entity human at 36, 38
Added entity human at 12, 40
Removed entity wolf from grid at 30, 23
Removed entity naturereserve from grid at 12, 48
Removed entity naturereserve from grid at 20, 41
Added entity cow at 4, 25
Added entity cow at 23, 24
Added entity cow at 37, 46
Removed entity wolf from grid at 1, 25
Added entity tree at 43, 37
Added entity human at 39, 37
Removed entity cow from grid at 24, 26
Removed entity cow from grid at 25, 21
Added entity human at 47, 32
Added entity human at 5, 12
Added entity human at 4, 40
Added entity naturereserve at 18, 34
Human Hank built Nature Reserve for WOLF
Removed entity human from grid at 47, 32
Added entity cow at 36, 47
Added entity cow at 24, 25
Added entity cow at 5, 26
Removed entity human from grid at 12, 41
Added entity cow at 47, 46
Removed entity wolf from grid at 49, 39
Removed entity cow from grid at 36, 47
Removed entity cow from grid at 3, 14
Removed entity cow from grid at 40, 41
Removed entity cow from grid at 23, 20
Removed entity cow from grid at 24, 25
Removed entity wolf from grid at 32, 13
Removed entity cow from grid at 1, 9
Removed entity cow from grid at 9, 4
Removed entity cow from grid at 10, 7
Removed entity cow from grid at 23, 24
Added entity cow at 47, 47
Removed entity cow from grid at 11, 10
Removed entity cow from grid at 25, 22
Removed entity cow from grid at 23, 22
Added entity human at 41, 37
Added entity wolf at 21, 5
Added entity wolf at 44, 6
Added entity wolf at 8, 17
Added entity wolf at 10, 20
Removed entity naturereserve from grid at 25, 5
Removed entity naturereserve from grid at 49, 33
Added entity cow at 6, 25
Removed entity human from grid at 11, 12
Removed entity human from grid at 9, 16
Added entity human at 27, 44
Added entity human at 4, 46
Added entity wolf at 48, 41
Added entity wolf at 45, 4
Added entity wolf at 4, 41
Added entity wolf at 20, 29
Removed entity human from grid at 4, 46
Added entity cow at 7, 26
Removed entity cow from grid at 43, 40
Removed entity human from grid at 35, 39
Added entity cow at 3, 5
Removed entity human from grid at 43, 35
Removed entity human from grid at 40, 42
Removed entity cow from grid at 4, 27
Removed entity wolf from grid at 23, 4
Removed entity human from grid at 9, 13
Added entity house at 7, 20
Removed entity tree from grid at 26, 20
Removed entity cow from grid at 25, 23
Added entity human at 43, 41
Added entity human at 39, 37
Added entity human at 8, 41
Added entity wolf at 7, 13
Removed entity human from grid at 8, 41
Added entity tree at 39, 36
Removed entity human from grid at 43, 41
Added entity cow at 9, 1
Added entity cow at 47, 48
Removed entity wolf from grid at 48, 39
Removed entity human from grid at 13, 15
Removed entity human from grid at 4, 14
Removed entity tree from grid at 32, 43
Added entity house at 32, 36
Removed entity wolf from grid at 20, 3
Removed entity human from grid at 7, 21
Added entity human at 10, 44
Added entity human at 31, 48
Added entity wolf at 10, 2
Added entity wolf at 16, 37
Added entity wolf at 4, 43
Added entity wolf at 23, 33
Removed entity tree from grid at 10, 17
Removed entity human from grid at 10, 44
Added entity tree at 40, 37
Added entity cow at 8, 25
Removed entity human from grid at 26, 44
Added entity tree at 43, 38
Added entity cow at 46, 45
Removed entity human from grid at 4, 40
Added entity house at 3, 11
Removed entity cow from grid at 34, 39
Removed entity human from grid at 31, 37
Removed entity human from grid at 3, 12
Removed entity cow from grid at 14, 5
Removed entity cow from grid at 7, 26
Removed entity cow from grid at 8, 25
Added entity cow at 17, 30
Added entity house at 34, 33
Added entity human at 2, 38
Added entity human at 8, 44
Added entity wolf at 33, 0
Removed entity human from grid at 2, 38
Added entity cow at 47, 44
Added entity cow at 2, 6
Removed entity human from grid at 4, 11
Removed entity cow from grid at 47, 39
Removed entity tree from grid at 30, 47
Removed entity tree from grid at 29, 21
Added entity house at 16, 14
Removed entity human from grid at 31, 36
Removed entity tree from grid at 20, 7
Removed entity human from grid at 25, 21
Removed entity tree from grid at 24, 36
Added entity cow at 26, 35
Removed entity tree from grid at 33, 33
Removed entity tree from grid at 27, 13
Added entity human at 8, 37
Added entity human at 32, 22
Added entity wolf at 35, 9
Added entity house at 30, 43
Added entity cow at 1, 7
Removed entity cow from grid at 35, 45
Added entity cow at 46, 47
Added entity cow at 10, 2
Added entity tree at 38, 38
Added entity tree at 42, 39
Added entity tree at 35, 37
Added entity tree at 35, 36
Added entity tree at 47, 38
Added entity tree at 34, 39
Added entity human at 19, 7
Removed entity tree from grid at 7, 24
Removed entity human from grid at 24, 48
Added entity cow at 4, 23
Removed entity human from grid at 7, 21
Removed entity cow from grid at 24, 25
Added entity house at 29, 27
Added entity human at 7, 37
Removed entity human from grid at 29, 42
Added entity tree at 6, 36
Added entity cow at 5, 22
Added entity human at 20, 8
Added entity cow at 0, 8
Added entity human at 35, 21
Removed entity human from grid at 6, 39
Added entity cow at 46, 43
Removed entity tree from grid at 43, 38
Removed entity tree from grid at 35, 37
Removed entity wolf from grid at 24, 36
Removed entity tree from grid at 30, 36
Removed entity tree from grid at 34, 20
Added entity human at 12, 19
Added entity house at 17, 18
Removed entity human from grid at 28, 36
Added entity wolf at 19, 27
Added entity tree at 12, 18
Added entity tree at 34, 20
Added entity tree at 20, 7
Added entity cow at 6, 23
Added entity tree at 8, 36
Added entity berry at 3, 15
Added entity human at 6, 15
Removed entity tree from grid at 30, 35
Removed entity tree from grid at 8, 23
Removed entity wolf from grid at 14, 1
Removed entity tree from grid at 31, 26
Removed entity human from grid at 28, 27
Added entity human at 12, 36
Added entity wolf at 18, 32
Added entity cow at 45, 44
Added entity tree at 21, 7
Added entity tree at 17, 5
Added entity tree at 36, 43
Removed entity cow from grid at 38, 40
Added entity house at 38, 39
Added entity human at 6, 27
Added entity human at 12, 20
Removed entity cow from grid at 12, 3
Added entity house at 30, 37
Removed entity tree from grid at 17, 21
Removed entity tree from grid at 31, 24
Added entity wolf at 28, 37
Added entity human at 4, 46
Added entity wolf at 35, 11
Removed entity human from grid at 28, 26
Removed entity human from grid at 4, 46
Added entity tree at 11, 19
Added entity tree at 5, 15
Added entity human at 19, 9
Removed entity tree from grid at 38, 38
Removed entity berry from grid at 3, 15
Added entity human at 25, 28
Removed entity wolf from grid at 7, 22
Removed entity human from grid at 29, 37
Removed entity tree from grid at 12, 18
Added entity cow at 17, 29
Added entity cow at 15, 6
Added entity human at 11, 35
Removed entity human from grid at 30, 36
Added entity wolf at 25, 35
Removed entity naturereserve from grid at 31, 27
Removed entity naturereserve from grid at 16, 2
Added entity tree at 10, 34
Added entity tree at 25, 27
Added entity human at 11, 21
Removed entity human from grid at 13, 36
Removed entity tree from grid at 5, 15
Added entity cow at 7, 22
Removed entity wolf from grid at 36, 22
Removed entity cow from grid at 37, 43
Removed entity cow from grid at 6, 25
Removed entity cow from grid at 14, 5
Added entity wolf at 46, 5
Added entity wolf at 2, 32
Added entity wolf at 12, 31
Removed entity naturereserve from grid at 36, 15
Removed entity naturereserve from grid at 8, 39
Added entity cow at 8, 23
Added entity tree at 10, 20
Added entity cow at 11, 1
Added entity cow at 23, 31
Added entity cow at 20, 33
Removed entity cow from grid at 48, 41
Removed entity cow from grid at 41, 40
Removed entity wolf from grid at 1, 41
Removed entity cow from grid at 7, 7
Removed entity cow from grid at 23, 31
Removed entity cow from grid at 6, 26
Added entity human at 25, 46
Removed entity cow from grid at 12, 0
Added entity human at 8, 39
Added entity wolf at 16, 37
Added entity wolf at 8, 22
Added entity cow at 19, 34
Added entity cow at 12, 0
Added entity human at 25, 29
Added entity wolf at 18, 35
Removed entity cow from grid at 12, 0
Added entity house at 28, 33
Added entity house at 12, 11
Removed entity tree from grid at 11, 0
Removed entity cow from grid at 19, 34
Added entity tree at 47, 27
Added entity human at 45, 38
Added entity wolf at 19, 44
Removed entity wolf from grid at 8, 22
Added entity cow at 45, 48
Removed entity human from grid at 27, 33
Added entity cow at 23, 21
Removed entity human from grid at 28, 32
Added entity house at 9, 5
Removed entity human from grid at 25, 31
Added entity house at 29, 30
Added entity wolf at 20, 25
Added entity wolf at 24, 45
Removed entity tree from grid at 47, 38
Removed entity human from grid at 25, 45
Added entity human at 10, 25
Removed entity wolf from grid at 1, 16
Removed entity cow from grid at 11, 2
Added entity house at 39, 41
Removed entity tree from grid at 22, 15
Removed entity wolf from grid at 22, 29
Removed entity tree from grid at 27, 31
Added entity house at 10, 5
Added entity human at 9, 35
Added entity house at 17, 12
Removed entity human from grid at 28, 29
Added entity human at 39, 34
Added entity human at 4, 8
Removed entity naturereserve from grid at 14, 32
Removed entity naturereserve from grid at 18, 33
Removed entity naturereserve from grid at 32, 6
Added entity tree at 4, 7
Added entity tree at 8, 35
Added entity tree at 9, 25
Added entity cow at 44, 47
Added entity cow at 9, 23
Removed entity tree from grid at 11, 25
Removed entity cow from grid at 9, 23
Added entity cow at 46, 45
Added entity cow at 2, 8
Removed entity cow from grid at 38, 43
Removed entity cow from grid at 41, 42
Removed entity cow from grid at 6, 25
Removed entity cow from grid at 21, 30
Added entity human at 15, 17
Removed entity cow from grid at 4, 9
Removed entity human from grid at 28, 30
Removed entity cow from grid at 9, 2
Removed entity cow from grid at 8, 22
Removed entity cow from grid at 12, 0
Removed entity cow from grid at 6, 2
Added entity human at 14, 38
Added entity human at 24, 46
Added entity tree at 48, 5
Added entity wolf at 18, 37
Added entity wolf at 8, 23
Added entity tree at 34, 17
Removed entity human from grid at 24, 46
Removed entity human from grid at 14, 38
Added entity cow at 43, 46
Removed entity tree from grid at 4, 7
Added entity human at 11, 26
Added entity human at 9, 23
Removed entity wolf from grid at 8, 23
Added entity house at 1, 15
Added entity cow at 48, 46
Removed entity cow from grid at 7, 8
Removed entity cow from grid at 21, 33
Added entity house at 11, 10
Added entity house at 10, 2
Removed entity wolf from grid at 23, 32
Removed entity tree from grid at 5, 3
Added entity human at 29, 45
Removed entity wolf from grid at 20, 36
Added entity wolf at 38, 12
Added entity tree at 29, 44
Added entity house at 18, 14
Added entity human at 21, 32
Removed entity wolf from grid at 1, 32
Removed entity tree from grid at 9, 25
Removed entity human from grid at 1, 16
Removed entity tree from grid at 41, 20
Added entity house at 3, 41
Removed entity tree from grid at 10, 0
Removed entity cow from grid at 39, 42
Added entity house at 35, 35
Removed entity wolf from grid at 20, 40
Added entity house at 32, 31
Removed entity wolf from grid at 22, 29
Added entity house at 26, 32
Removed entity human from grid at 25, 32
Added entity human at 43, 31
Removed entity human from grid at 27, 31
Removed entity wolf from grid at 22, 27
Removed entity wolf from grid at 21, 36
Added entity human at 41, 31
Added entity human at 2, 10
Added entity wolf at 19, 25
Added entity tree at 1, 9
Added entity tree at 30, 44
Added entity cow at 42, 45
Added entity tree at 17, 14
Added entity cow at 47, 44
Added entity human at 19, 7
Removed entity cow from grid at 6, 18
Removed entity human from grid at 4, 41
Removed entity tree from grid at 35, 36
Removed entity tree from grid at 36, 43
Removed entity tree from grid at 31, 30
Removed entity tree from grid at 9, 0
Removed entity wolf from grid at 21, 28
Added entity cow at 26, 29
Added entity wolf at 33, 0
Removed entity naturereserve from grid at 17, 32
Added entity tree at 19, 6
Added entity cow at 41, 46
Added entity tree at 2, 9
Added entity tree at 29, 46
Added entity tree at 16, 15
Added entity cow at 1, 7
Removed entity cow from grid at 21, 32
Removed entity wolf from grid at 0, 31
Added entity cow at 1, 6
Removed entity tree from grid at 28, 31
Added entity human at 10, 16
Added entity human at 13, 17
Removed entity human from grid at 18, 19
Removed entity wolf from grid at 21, 33
Removed entity cow from grid at 21, 30
Added entity wolf at 31, 18
Added entity tree at 13, 16
Added entity tree at 18, 6
Added entity cow at 46, 45
Removed entity tree from grid at 2, 9
Removed entity wolf from grid at 19, 30
Removed entity tree from grid at 17, 14
Removed entity wolf from grid at 19, 27
Removed entity cow from grid at 10, 3
Added entity house at 36, 32
Added entity house at 3, 15
Added entity human at 43, 32
Added entity house at 9, 0
Removed entity cow from grid at 7, 23
Removed entity wolf from grid at 20, 42
Added entity house at 3, 2
Removed entity tree from grid at 23, 8
Added entity wolf at 46, 17
Added entity tree at 14, 16
Added entity cow at 2, 8
Added entity tree at 20, 6
Added entity tree at 2, 9
Added entity human at 14, 29
Removed entity tree from grid at 35, 32
Removed entity tree from grid at 5, 23
Removed entity wolf from grid at 19, 31
Removed entity wolf from grid at 2, 27
Removed entity cow from grid at 36, 42
Added entity human at 10, 37
Added entity human at 5, 11
Added entity tree at 6, 10
Added entity tree at 9, 36
Added entity human at 15, 30
Added entity house at 1, 10
Added entity human at 21, 28
Removed entity cow from grid at 1, 29
Added entity human at 11, 34
Removed entity cow from grid at 24, 27
Removed entity tree from grid at 2, 2
Added entity human at 9, 9
Added entity wolf at 33, 26
Added entity wolf at 25, 37
Added entity wolf at 16, 36
Removed entity naturereserve from grid at 24, 34
Added entity tree at 8, 8
Removed entity human from grid at 11, 34
Added entity human at 22, 29
Added entity human at 14, 31
Removed entity human from grid at 10, 37
Added entity cow at 45, 44
Added entity cow at 0, 7
Added entity cow at 40, 47
Removed entity tree from grid at 2, 9
Added entity human at 1, 28
Removed entity cow from grid at 5, 20
Removed entity human from grid at 32, 30
Removed entity wolf from grid at 23, 26
Removed entity human from grid at 35, 32
Removed entity berry from grid at 41, 39
Removed entity tree from grid at 18, 31
Added entity human at 12, 22
Removed entity human from grid at 10, 16
Added entity human at 8, 37
Added entity wolf at 22, 47
Removed entity naturereserve from grid at 30, 33
Added entity tree at 11, 21
Added entity cow at 39, 48
Added entity tree at 22, 28
Removed entity human from grid at 17, 19
Added entity house at 48, 30
Added entity human at 6, 17
Removed entity wolf from grid at 21, 26
Added entity house at 2, 16
Added entity human at 4, 38
Removed entity cow from grid at 7, 17
Added entity cow at 38, 47
Removed entity tree from grid at 13, 23
Added entity human at 14, 33
Removed entity tree from grid at 8, 8
Removed entity cow from grid at 5, 11
Added entity human at 22, 7
Removed entity tree from grid at 21, 31
Removed entity wolf from grid at 1, 26
Removed entity wolf from grid at 3, 25
Removed entity wolf from grid at 29, 19
Added entity wolf at 17, 34
Removed entity tree from grid at 47, 29
Added entity house at 30, 32
Added entity human at 10, 7
Removed entity tree from grid at 1, 0
Added entity cow at 21, 14
Added entity human at 8, 39
Added entity tree at 8, 38
Added entity tree at 10, 6
Added entity tree at 21, 6
Added entity tree at 14, 32
Added entity cow at 37, 46
Added entity tree at 4, 36
Removed entity human from grid at 0, 28
Added entity human at 21, 32
Added entity human at 8, 8
Removed entity cow from grid at 25, 25
Removed entity wolf from grid at 18, 32
Added entity cow at 3, 7
Removed entity cow from grid at 7, 28
Added entity house at 4, 20
Removed entity cow from grid at 8, 6
Removed entity tree from grid at 0, 24
Removed entity human from grid at 40, 29
Added entity house at 26, 29
Added entity wolf at 19, 35
Removed entity wolf from grid at 38, 18
Added entity human at 4, 18
Added entity tree at 14, 24
Removed entity tree from grid at 34, 39
Added entity human at 12, 35
Added entity human at 5, 38
Added entity human at 10, 41
Added entity human at 10, 19
Added entity wolf at 12, 32
Removed entity naturereserve from grid at 38, 10
Removed entity naturereserve from grid at 9, 19
Added entity house at 8, 2
Added entity tree at 9, 18
Removed entity human from grid at 12, 35
Added entity cow at 38, 45
Added entity human at 13, 34
Removed entity tree from grid at 6, 36
Added entity cow at 1, 6
Added entity cow at 44, 43
Removed entity wolf from grid at 13, 30
Removed entity cow from grid at 7, 6
Removed entity tree from grid at 10, 6
Removed entity cow from grid at 1, 23
Removed entity tree from grid at 25, 27
Added entity house at 27, 35
Added entity house at 30, 34
Added entity house at 29, 25
Added entity human at 10, 14
Removed entity tree from grid at 1, 9
Added entity human at 39, 39
Added entity house at 6, 32
Added entity house at 0, 3
Added entity cow at 5, 25
Added entity cow at 16, 4
Added entity human at 47, 34
Added entity human at 8, 8
Added entity wolf at 9, 14
Removed entity naturereserve from grid at 34, 14
Removed entity human from grid at 8, 8
Added entity tree at 38, 38
Added entity cow at 2, 5
Added entity tree at 10, 18
Added entity tree at 10, 39
Added entity tree at 5, 36
Added entity house at 1, 19
Added entity human at 19, 34
Removed entity human from grid at 8, 15
Removed entity human from grid at 5, 16
Removed entity human from grid at 4, 8
Removed entity human from grid at 9, 6
Removed entity human from grid at 7, 8
Added entity berry at 4, 4
Removed entity tree from grid at 31, 34
Added entity house at 8, 22
Removed entity human from grid at 28, 25
Removed entity human from grid at 30, 25
Removed entity tree from grid at 7, 30
Removed entity human from grid at 15, 15
Added entity human at 8, 19
Removed entity human from grid at 26, 36
Added entity cow at 1, 32
Added entity human at 39, 33
Removed entity human from grid at 18, 11
Removed entity berry from grid at 4, 4
Added entity wolf at 39, 11
Added entity tree at 39, 32
Added entity tree at 39, 38
Removed entity wolf from grid at 11, 12
Added entity cow at 43, 42
Removed entity human from grid at 12, 35
Added entity cow at 39, 46
Removed entity tree from grid at 11, 19
Added entity cow at 2, 6
Removed entity cow from grid at 8, 6
Removed entity human from grid at 12, 22
Added entity berry at 3, 14
Added entity house at 32, 26
Added entity house at 0, 48
Removed entity human from grid at 6, 21
Added entity human at 6, 19
Removed entity human from grid at 25, 29
Added entity human at 37, 33
Added entity house at 12, 1
Removed entity human from grid at 26, 35
Added entity human at 7, 39
Removed entity human from grid at 49, 4
Added entity wolf at 4, 42
Removed entity human from grid at 7, 39
Added entity tree at 37, 32
Added entity cow at 1, 7
Removed entity cow from grid at 40, 40
Removed entity human from grid at 7, 37
Removed entity human from grid at 9, 41
Removed entity human from grid at 25, 28
Removed entity cow from grid at 41, 38
Added entity cow at 49, 45
Removed entity cow from grid at 7, 23
Removed entity cow from grid at 3, 8
Removed entity cow from grid at 13, 4
Removed entity cow from grid at 40, 43
Removed entity berry from grid at 3, 14
Removed entity cow from grid at 6, 3
Removed entity human from grid at 0, 47
Removed entity cow from grid at 40, 41
Removed entity cow from grid at 7, 21
Added entity human at 10, 9
Removed entity cow from grid at 1, 9
Removed entity cow from grid at 0, 19
Removed entity cow from grid at 8, 9
Removed entity cow from grid at 0, 1
Removed entity cow from grid at 4, 19
Added entity human at 36, 38
Added entity human at 41, 31
Added entity human at 24, 48
Added entity wolf at 47, 5
Added entity wolf at 33, 1
Added entity wolf at 41, 12
Removed entity cow from grid at 6, 0
Removed entity human from grid at 24, 48
Added entity house at 4, 19
Added entity cow at 40, 45
Added entity cow at 44, 41
Added entity cow at 1, 4
Removed entity tree from grid at 39, 38
Removed entity wolf from grid at 18, 31
Removed entity human from grid at 8, 43
Removed entity cow from grid at 5, 22
Removed entity tree from grid at 40, 37
Removed entity human from grid at 24, 47
Added entity house at 26, 24
Removed entity tree from grid at 31, 33
Added entity human at 14, 19
Added entity human at 11, 34
Added entity human at 8, 33
Added entity human at 37, 36
Removed entity human from grid at 32, 25
Removed entity cow from grid at 20, 15
Added entity human at 5, 15
Added entity cow at 5, 5
Removed entity human from grid at 47, 4
Removed entity cow from grid at 49, 35
Added entity wolf at 10, 30
Added entity wolf at 46, 17
Removed entity human from grid at 33, 25
Added entity tree at 4, 14
Added entity tree at 36, 37
Removed entity human from grid at 8, 33
Removed entity human from grid at 11, 34
Added entity cow at 2, 3
Added entity cow at 41, 46
Added entity tree at 35, 37
Removed entity wolf from grid at 17, 35
Added entity house at 11, 38
Added entity human at 5, 22
Removed entity human from grid at 7, 32
Removed entity human from grid at 4, 42
Added entity house at 42, 26
Removed entity tree from grid at 32, 29
Added entity human at 13, 38
Added entity human at 11, 12
Added entity house at 31, 31
Removed entity tree from grid at 17, 5
Added entity house at 3, 34
Added entity human at 12, 19
Removed entity tree from grid at 0, 0
Removed entity tree from grid at 22, 28
Added entity human at 4, 38
Added entity human at 8, 44
Removed entity human from grid at 8, 44
Removed entity human from grid at 4, 38
Added entity tree at 12, 18
Added entity tree at 10, 11
Added entity tree at 4, 21
Added entity cow at 42, 47
Added entity cow at 3, 4
Added entity tree at 5, 14
Added entity cow at 43, 42
Added entity cow at 48, 44
Removed entity human from grid at 13, 22
Removed entity tree from grid at 10, 39
Removed entity human from grid at 6, 39
Added entity human at 19, 12
Removed entity cow from grid at 42, 41
Removed entity human from grid at 7, 23
Added entity house at 2, 33
Removed entity human from grid at 16, 6
Removed entity tree from grid at 43, 26
Added entity human at 15, 14
Removed entity human from grid at 7, 22
Added entity house at 4, 8
Removed entity tree from grid at 3, 35
Removed entity tree from grid at 10, 20
Added entity cow at 48, 47
Added entity human at 33, 48
Added entity human at 4, 10
Added entity tree at 3, 10
Added entity tree at 33, 47
Added entity tree at 15, 13
Added entity tree at 18, 11
Added entity cow at 42, 43
Removed entity tree from grid at 12, 18
Removed entity tree from grid at 4, 21
Removed entity tree from grid at 5, 14
Added entity cow at 2, 8
Removed entity human from grid at 11, 39
Removed entity tree from grid at 4, 14
Removed entity cow from grid at 0, 22
Removed entity cow from grid at 38, 42
Removed entity cow from grid at 2, 18
Added entity house at 12, 2
Added entity house at 0, 1
Added entity cow at 5, 25
Added entity house at 29, 29
Added entity human at 45, 37
Added entity human at 7, 6
Added entity human at 6, 8
Added entity tree at 7, 7
Added entity tree at 6, 6
Added entity cow at 3, 7
Added entity cow at 41, 44
Added entity tree at 4, 9
Added entity tree at 34, 47
Removed entity tree from grid at 15, 13
Removed entity tree from grid at 18, 11
Added entity cow at 41, 46
Added entity house at 36, 39
Added entity house at 24, 30
Removed entity wolf from grid at 33, 21
Removed entity human from grid at 39, 43
Added entity house at 14, 11
Added entity human at 12, 25
Added entity human at 15, 17
Removed entity tree from grid at 4, 9
Removed entity tree from grid at 7, 7
Added entity human at 10, 19
Added entity cow at 17, 5
Removed entity tree from grid at 6, 10
Added entity human at 45, 34
Added entity human at 47, 33
Added entity tree at 47, 32
Added entity tree at 11, 19
Added entity tree at 15, 16
Removed entity human from grid at 12, 25
Added entity cow at 42, 45
Added entity cow at 40, 43
Added entity tree at 7, 7
Added entity tree at 8, 5
Added entity human at 20, 13
Added entity cow at 49, 43
Added entity human at 5, 24
Removed entity human from grid at 7, 17
Added entity human at 20, 34
Removed entity tree from grid at 10, 11
Removed entity human from grid at 46, 30
Added entity human at 40, 41
Removed entity tree from grid at 38, 38
Removed entity human from grid at 42, 24
Removed entity tree from grid at 8, 5
Removed entity cow from grid at 40, 43
Added entity house at 6, 22
Added entity human at 41, 40
Removed entity cow from grid at 47, 40
Added entity human at 26, 21
Added entity tree at 26, 20
Added entity tree at 41, 39
Added entity tree at 39, 40
Added entity cow at 43, 44
Added entity human at 48, 34
Removed entity cow from grid at 6, 15
Added entity house at 43, 28
Removed entity cow from grid at 5, 15
Removed entity cow from grid at 40, 43
Removed entity human from grid at 24, 29
Added entity house at 13, 1
Added entity human at 16, 19
Added entity human at 5, 43
Added entity human at 6, 40
Added entity cow at 46, 48
Added entity human at 49, 35
Added entity cow at 42, 43
Removed entity tree from grid at 26, 20
Removed entity tree from grid at 41, 39
Removed entity tree from grid at 39, 40
Added entity human at 4, 23
Removed entity cow from grid at 34, 49
Removed entity cow from grid at 5, 25
Removed entity human from grid at 11, 4
Removed entity human from grid at 6, 9
Removed entity cow from grid at 2, 18
Removed entity cow from grid at 47, 41
Added entity house at 0, 17
Added entity house at 31, 24
Added entity house at 4, 33
Added entity house at 34, 28
Added entity human at 30, 29
Removed entity human from grid at 23, 31
Removed entity tree from grid at 32, 33
Added entity human at 47, 41
Removed entity human from grid at 29, 28
Added entity human at 47, 38
Added entity wolf at 9, 14
Added entity wolf at 39, 37
Removed entity human from grid at 46, 34
Added entity tree at 47, 37
Added entity tree at 47, 42
Added entity tree at 3, 22
Added entity cow at 41, 44
Added entity tree at 49, 34
Added entity cow at 45, 47
Removed entity tree from grid at 16, 21
Added entity human at 23, 33
Added entity human at 19, 12
Removed entity human from grid at 41, 38
Removed entity human from grid at 12, 17
Removed entity human from grid at 13, 17
Removed entity human from grid at 6, 8
Removed entity human from grid at 10, 9
Removed entity cow from grid at 45, 41
Removed entity human from grid at 4, 10
Removed entity human from grid at 15, 14
Removed entity human from grid at 12, 19
Removed entity human from grid at 7, 17
Removed entity tree from grid at 41, 30
Removed entity human from grid at 8, 15
Removed entity human from grid at 36, 38
Removed entity human from grid at 37, 33
Removed entity cow from grid at 48, 41
Removed entity human from grid at 9, 10
Removed entity human from grid at 14, 22
Removed entity human from grid at 3, 18
Removed entity tree from grid at 3, 22
Removed entity human from grid at 39, 42
Removed entity human from grid at 8, 19
Removed entity human from grid at 25, 24
Removed entity human from grid at 6, 18
Removed entity tree from grid at 34, 20
Removed entity wolf from grid at 36, 12
Removed entity human from grid at 16, 13
Added entity cow at 27, 22
Added entity cow at 0, 25
Removed entity human from grid at 45, 38
Added entity wolf at 15, 24
Added entity wolf at 22, 49
Added entity wolf at 24, 39
Removed entity naturereserve from grid at 38, 6
Removed entity naturereserve from grid at 41, 13
Added entity tree at 18, 11
Added entity tree at 46, 38
Added entity tree at 48, 41
Added entity tree at 3, 22
Removed entity tree from grid at 49, 34
Added entity house at 2, 43
Removed entity tree from grid at 5, 45
Removed entity human from grid at 16, 20
Added entity human at 28, 21
Removed entity human from grid at 39, 38
Removed entity human from grid at 45, 36
Removed entity human from grid at 12, 9
Removed entity human from grid at 42, 30
Removed entity cow from grid at 14, 2
Removed entity tree from grid at 48, 41
Removed entity human from grid at 44, 32
Removed entity cow from grid at 5, 10
Added entity human at 48, 39
Removed entity human from grid at 45, 37
Removed entity human from grid at 2, 15
Removed entity human from grid at 1, 17
Removed entity human from grid at 36, 40
Removed entity human from grid at 16, 21
Removed entity human from grid at 38, 40
Removed entity tree from grid at 9, 18
Added entity human at 10, 39
Added entity human at 45, 34
Added entity wolf at 44, 17
Removed entity human from grid at 45, 34
Added entity tree at 10, 38
Added entity tree at 48, 38
Added entity tree at 28, 20
Added entity tree at 19, 11
Added entity cow at 44, 46
Removed entity tree from grid at 47, 42
Added entity house at 48, 34
Added entity house at 5, 45
Removed entity human from grid at 40, 40
Added entity cow at 47, 48
Added entity cow at 4, 3
Added entity human at 5, 10
Removed entity wolf from grid at 7, 11
Removed entity wolf from grid at 18, 29
Removed entity cow from grid at 46, 41
Removed entity cow from grid at 9, 3
Removed entity human from grid at 42, 25
Added entity human at 3, 44
Added entity cow at 0, 23
Added entity human at 41, 38
Added entity house at 49, 39
Added entity human at 7, 11
Added entity human at 10, 40
Added entity human at 37, 36
Removed entity human from grid at 40, 4
Removed entity human from grid at 41, 25
Removed entity human from grid at 37, 36
Removed entity human from grid at 10, 40
Added entity tree at 7, 10
Added entity human at 6, 11
Added entity cow at 5, 2
Removed entity tree from grid at 48, 38
Removed entity tree from grid at 19, 11
Removed entity human from grid at 48, 39
Removed entity tree from grid at 3, 22
Removed entity cow from grid at 27, 22
Added entity cow at 48, 44
Added entity cow at 2, 8
Removed entity human from grid at 38, 34
Removed entity cow from grid at 2, 39
Added entity human at 13, 40
Added entity house at 40, 28
Removed entity human from grid at 25, 25
Removed entity human from grid at 13, 40
Added entity cow at 1, 7
Added entity cow at 4, 1
Added entity tree at 5, 11
Added entity tree at 8, 11
Removed entity human from grid at 39, 40
Added entity tree at 0, 45
Removed entity cow from grid at 4, 10
Added entity human at 48, 35
Removed entity tree from grid at 5, 46
Added entity cow at 4, 4
Added entity house at 0, 13
Removed entity cow from grid at 4, 12
Removed entity tree from grid at 7, 7
Added entity human at 12, 8
Removed entity tree from grid at 38, 28
Added entity human at 10, 33
Added entity house at 0, 44
Added entity human at 43, 29
Removed entity human from grid at 17, 11
Added entity human at 43, 35
Added entity wolf at 40, 5
Added entity wolf at 2, 27
Removed entity human from grid at 43, 35
Added entity tree at 42, 28
Added entity tree at 9, 32
Added entity tree at 12, 7
Added entity human at 49, 34
Added entity cow at 47, 43
Added entity human at 7, 12
Removed entity tree from grid at 5, 11
Added entity cow at 43, 47
Added entity human at 30, 21
Added entity cow at 1, 26
Removed entity human from grid at 19, 13
Added entity cow at 42, 43
Removed entity cow from grid at 47, 42
Removed entity human from grid at 5, 23
Removed entity cow from grid at 44, 39
Removed entity cow from grid at 49, 41
Removed entity cow from grid at 1, 12
Removed entity cow from grid at 6, 4
Removed entity human from grid at 2, 32
Removed entity human from grid at 4, 32
Added entity human at 41, 30
Removed entity cow from grid at 0, 11
Removed entity cow from grid at 5, 16
Removed entity cow from grid at 2, 2
Added entity cow at 3, 25
Removed entity naturereserve from grid at 8, 24
Removed entity cow from grid at 6, 2
Added entity tree at 41, 29
Added entity cow at 41, 42
Added entity cow at 2, 25
Added entity human at 31, 20
Removed entity tree from grid at 8, 11
Removed entity human from grid at 32, 45
Removed entity tree from grid at 3, 10
Removed entity human from grid at 5, 22
Added entity human at 36, 47
Removed entity human from grid at 28, 29
Removed entity human from grid at 10, 1
Removed entity human from grid at 2, 32
Removed entity human from grid at 33, 27
Added entity human at 43, 39
Added entity human at 41, 32
Added entity human at 6, 44
Added entity human at 6, 10
Added entity wolf at 17, 22
Added entity tree at 5, 10
Added entity tree at 5, 43
Removed entity cow from grid at 44, 39
Removed entity human from grid at 36, 47
Added entity cow at 1, 27
Added entity cow at 42, 46
Removed entity human from grid at 43, 27
Removed entity human from grid at 10, 8
Added entity cow at 1, 23
Removed entity wolf from grid at 21, 34
Added entity house at 5, 3
Removed entity human from grid at 18, 15
Added entity house at 40, 24
Added entity house at 7, 32
Removed entity cow from grid at 9, 1
Removed entity tree from grid at 10, 18
Added entity human at 43, 41
Added entity human at 29, 43
Added entity human at 8, 8
Added entity tree at 7, 7
Removed entity human from grid at 29, 43
Removed entity cow from grid at 43, 42
Added entity cow at 2, 22
Added entity cow at 0, 28
Added entity cow at 40, 41
Added entity cow at 48, 44
Removed entity cow from grid at 3, 8
Added entity cow at 46, 47
Removed entity cow from grid at 47, 42
Removed entity cow from grid at 6, 1
Removed entity human from grid at 39, 23
Removed entity cow from grid at 3, 3
Added entity human at 10, 21
Added entity wolf at 29, 17
Removed entity cow from grid at 5, 5
Added entity cow at 39, 42
Added entity cow at 43, 45
Added entity house at 9, 47
Removed entity tree from grid at 46, 38
Added entity cow at 3, 24
Removed entity tree from grid at 5, 10
Removed entity human from grid at 4, 9
Added entity house at 10, 13
Added entity human at 10, 23
Added entity human at 9, 23
Removed entity tree from grid at 12, 7
Added entity house at 39, 26
Removed entity tree from grid at 18, 24
Added entity human at 45, 38
Removed entity human from grid at 41, 6
Removed entity naturereserve from grid at 19, 28
Removed entity naturereserve from grid at 25, 44
Removed entity tree from grid at 6, 6
Added entity tree at 46, 38
Added entity cow at 2, 23
Added entity cow at 38, 41
Added entity cow at 1, 23
Removed entity cow from grid at 40, 43
Removed entity human from grid at 30, 23
Removed entity cow from grid at 5, 4
Removed entity cow from grid at 44, 43
Removed entity cow from grid at 2, 26
Removed entity cow from grid at 44, 41
Removed entity cow from grid at 5, 2
Removed entity cow from grid at 2, 8
Removed entity cow from grid at 6, 0
Added entity human at 34, 35
Added entity human at 10, 6
Added entity tree at 35, 13
Added entity human at 1, 44
Removed entity human from grid at 6, 31
Removed entity cow from grid at 0, 14
Removed entity cow from grid at 4, 4
Removed entity cow from grid at 47, 43
Added entity human at 12, 21
Removed entity human from grid at 32, 23
Added entity human at 41, 32
Removed entity cow from grid at 5, 6
Added entity tree at 40, 31
Added entity tree at 12, 20
Added entity tree at 0, 43
Removed entity human from grid at 34, 35
Removed entity tree from grid at 5, 43
Added entity human at 32, 20
Added entity cow at 5, 2
Added entity cow at 2, 8
Added entity house at 34, 25
Removed entity cow from grid at 2, 10
Added entity house at 7, 0
Added entity human at 4, 18
Removed entity human from grid at 32, 34
Removed entity tree from grid at 0, 43
Added entity wolf at 9, 14
Removed entity naturereserve from grid at 34, 10
Removed entity naturereserve from grid at 5, 42
Removed entity naturereserve from grid at 16, 28
Removed entity human from grid at 40, 23
Removed entity human from grid at 4, 18
Added entity cow at 6, 3
Added entity tree at 41, 31
Added entity tree at 12, 22
Added entity cow at 3, 24
Added entity cow at 47, 43
Added entity cow at 1, 29
Removed entity human from grid at 8, 8
Added entity house at 41, 44
Removed entity human from grid at 6, 10
Added entity house at 2, 37
Removed entity tree from grid at 4, 47
Removed entity human from grid at 12, 10
Removed entity human from grid at 3, 10
Added entity house at 12, 4
Removed entity human from grid at 7, 12
Added entity house at 4, 43
Removed entity human from grid at 12, 9
Added entity house at 13, 6
Removed entity human from grid at 0, 16
Added entity house at 7, 24
Removed entity wolf from grid at 20, 25
Removed entity human from grid at 9, 19
Added entity human at 11, 15
Added entity human at 2, 10
Added entity wolf at 9, 19
Removed entity human from grid at 2, 10
Added entity cow at 0, 30
Added entity tree at 40, 32
Added entity human at 10, 4
Added entity cow at 39, 40
Removed entity cow from grid at 42, 41
Removed entity human from grid at 10, 23
Removed entity human from grid at 5, 21
Added entity human at 49, 37
Removed entity human from grid at 4, 32
Added entity human at 21, 35
Removed entity tree from grid at 36, 28
Removed entity human from grid at 7, 13
Removed entity human from grid at 12, 7
Added entity human at 43, 39
Removed entity human from grid at 6, 24
Added entity cow at 16, 30
Added entity cow at 17, 5
Removed entity tree from grid at 47, 37
Added entity human at 2, 48
Removed entity human from grid at 15, 13
Added entity tree at 1, 47
Added entity tree at 43, 38
Added entity human at 20, 36
Added entity cow at 4, 25
Added entity cow at 0, 24
Removed entity tree from grid at 42, 39
Removed entity cow from grid at 40, 40
Added entity house at 7, 47
Removed entity cow from grid at 47, 43
Removed entity tree from grid at 4, 36
Removed entity human from grid at 6, 47
Added entity human at 47, 34
Removed entity tree from grid at 7, 7
Removed entity human from grid at 9, 6
Removed entity human from grid at 6, 25
Removed entity tree from grid at 46, 38
Added entity house at 46, 27
Removed entity human from grid at 7, 8
Removed entity human from grid at 34, 32
Added entity human at 32, 44
Removed entity wolf from grid at 30, 15
Added entity human at 8, 16
Added entity wolf at 19, 25
Removed entity naturereserve from grid at 29, 40
Removed entity human from grid at 8, 16
Removed entity human from grid at 32, 44
Added entity tree at 47, 33
Added entity cow at 1, 25
Added entity cow at 5, 24
Added entity tree at 2, 47
Added entity tree at 42, 39
Added entity tree at 47, 37
Added entity cow at 5, 2
Removed entity human from grid at 10, 19
Removed entity human from grid at 10, 4
Added entity cow at 44, 44
Removed entity cow from grid at 42, 42
Removed entity human from grid at 4, 6
Removed entity cow from grid at 3, 4
Removed entity cow from grid at 48, 43
Removed entity cow from grid at 46, 43
Removed entity human from grid at 36, 33
Removed entity cow from grid at 44, 43
Removed entity cow from grid at 7, 2
Removed entity tree from grid at 34, 19
Added entity human at 43, 41
Added entity human at 8, 42
Added entity human at 5, 15
Added entity human at 37, 36
Added entity human at 31, 46
Added entity wolf at 44, 17
Added entity tree at 31, 45
Removed entity human from grid at 37, 36
Removed entity human from grid at 5, 15
Added entity cow at 6, 23
Removed entity tree from grid at 3, 48
Removed entity tree from grid at 47, 37
Added entity human at 10, 6
Added entity cow at 1, 9
Added entity human at 31, 19
Added entity house at 4, 5
Removed entity human from grid at 8, 3
Removed entity wolf from grid at 22, 26
Added entity human at 4, 38
Added entity tree at 31, 18
Added entity cow at 7, 22
Added entity tree at 32, 45
Removed entity tree from grid at 42, 39
Added entity cow at 4, 1
Removed entity wolf from grid at 20, 39
Added entity cow at 1, 28
Removed entity cow from grid at 42, 44
Removed entity cow from grid at 6, 25
Removed entity wolf from grid at 10, 9
Removed entity cow from grid at 38, 41
Removed entity cow from grid at 42, 43
Removed entity cow from grid at 47, 43
Removed entity cow from grid at 2, 5
Removed entity cow from grid at 18, 32
Removed entity cow from grid at 6, 5
Removed entity cow from grid at 44, 45
Added entity human at 32, 33
Added entity human at 1, 12
Removed entity wolf from grid at 32, 8
Added entity human at 43, 32
Added entity tree at 43, 31
Removed entity human from grid at 1, 12
Removed entity human from grid at 32, 33
Added entity cow at 2, 27
Added entity cow at 6, 21
Added entity cow at 2, 10
Added entity human at 11, 8
Removed entity tree from grid at 31, 45
Added entity cow at 45, 43
Added entity cow at 38, 41
Removed entity human from grid at 7, 6
Removed entity wolf from grid at 23, 40
Removed entity tree from grid at 44, 26
Added entity human at 13, 14
Added entity human at 24, 49
Added entity cow at 17, 28
Removed entity naturereserve from grid at 37, 13
Removed entity human from grid at 24, 49
Added entity tree at 13, 13
Added entity cow at 37, 42
Added entity cow at 46, 44
Added entity tree at 12, 7
Added entity cow at 0, 24
Removed entity cow from grid at 45, 43
Removed entity cow from grid at 5, 25
Removed entity human from grid at 36, 44
Removed entity cow from grid at 43, 44
Removed entity cow from grid at 3, 4
Removed entity wolf from grid at 28, 11
Removed entity cow from grid at 44, 45
Removed entity cow from grid at 47, 44
Added entity human at 6, 4
Added entity cow at 23, 14
Added entity human at 5, 12
Added entity human at 5, 6
Added entity wolf at 45, 40
Removed entity naturereserve from grid at 9, 21
Removed entity naturereserve from grid at 13, 33
Added entity cow at 36, 41
Added entity cow at 1, 28
Added entity human at 21, 41
Removed entity human from grid at 43, 39
Removed entity human from grid at 44, 43
Added entity cow at 45, 46
Removed entity human from grid at 43, 43
Removed entity human from grid at 47, 39
Removed entity human from grid at 45, 43
Removed entity human from grid at 48, 39
Removed entity human from grid at 48, 40
Removed entity cow from grid at 48, 42
Removed entity human from grid at 47, 40
Added entity human at 9, 21
Removed entity tree from grid at 38, 30
Removed entity human from grid at 43, 34
Removed entity human from grid at 46, 26
Removed entity human from grid at 48, 35
Added entity human at 43, 36
Added entity wolf at 48, 18
Removed entity human from grid at 43, 36
Added entity tree at 8, 20
Added entity human at 22, 40
Removed entity cow from grid at 5, 4
Added entity cow at 1, 25
Added entity cow at 1, 9
Added entity cow at 5, 22
Removed entity cow from grid at 4, 10
Removed entity human from grid at 12, 41
Removed entity cow from grid at 3, 6
Removed entity human from grid at 4, 21
Removed entity cow from grid at 48, 42
Removed entity human from grid at 42, 44
Removed entity human from grid at 45, 26
Added entity human at 25, 46
Removed entity cow from grid at 19, 28
Added entity human at 8, 16
Added entity human at 6, 48
Added entity cow at 2, 26
Added entity cow at 44, 45
Added entity cow at 37, 40
Added entity house at 32, 43
Removed entity cow from grid at 4, 4
Removed entity human from grid at 9, 22
Removed entity human from grid at 39, 37
Added entity human at 13, 14
Added entity wolf at 20, 45
Removed entity cow from grid at 24, 12
Added entity cow at 3, 27
Removed entity human from grid at 26, 46
Added entity cow at 4, 21
Added entity cow at 0, 10
Removed entity wolf from grid at 21, 43
Added entity cow at 0, 27
Added entity cow at 47, 43
Added entity cow at 5, 0
Removed entity human from grid at 32, 44
Removed entity cow from grid at 4, 4
Removed entity cow from grid at 48, 43
Removed entity human from grid at 39, 5
Added entity cow at 1, 11
Removed entity cow from grid at 4, 4
Removed entity cow from grid at 7, 2
Removed entity cow from grid at 4, 9
Removed entity cow from grid at 4, 27
Removed entity cow from grid at 4, 11
Removed entity human from grid at 1, 36
Removed entity cow from grid at 49, 43
Removed entity wolf from grid at 19, 42
Added entity human at 2, 12
Added entity human at 8, 21
Removed entity cow from grid at 13, 2
Added entity cow at 27, 31
Added entity wolf at 40, 7
Added entity wolf at 24, 39
Added entity wolf at 46, 18
Added entity wolf at 48, 17
Removed entity naturereserve from grid at 42, 16
Removed entity tree from grid at 0, 45
Added entity house at 4, 15
Removed entity human from grid at 10, 44
Removed entity human from grid at 42, 43
Removed entity tree from grid at 16, 26
Removed entity wolf from grid at 19, 42
Added entity tree at 37, 36
Added entity house at 48, 41
Added entity human at 12, 19
Removed entity human from grid at 14, 1
Added entity tree at 12, 18
Added entity cow at 5, 21
Added entity cow at 4, 26
Removed entity human from grid at 5, 14
Added entity human at 21, 40
Removed entity human from grid at 6, 17
Added entity human at 9, 6
Removed entity human from grid at 47, 41
Removed entity tree from grid at 7, 10
Removed entity human from grid at 42, 39
Removed entity human from grid at 49, 41
Removed entity wolf from grid at 21, 4
Added entity human at 6, 5
Added entity human at 11, 13
Added entity human at 5, 33
Added entity wolf at 37, 38
Added entity wolf at 31, 17
Added entity tree at 4, 32
Added entity cow at 4, 1
Added entity cow at 48, 44
Removed entity tree from grid at 8, 20
Removed entity wolf from grid at 29, 18
Added entity house at 5, 48
Added entity house at 10, 14
Added entity house at 8, 15
Added entity cow at 15, 28
Removed entity human from grid at 41, 33
Added entity human at 5, 12
Removed entity human from grid at 45, 8
Removed entity human from grid at 45, 9
Added entity human at 45, 36
Added entity cow at 5, 27
Removed entity cow from grid at 5, 21
Added entity cow at 0, 12
Added entity cow at 43, 44
Removed entity wolf from grid at 42, 43
Removed entity cow from grid at 15, 28
Removed entity cow from grid at 27, 29
Removed entity cow from grid at 7, 3
Added entity human at 28, 29
Added entity human at 13, 14
Added entity human at 10, 25
Removed entity human from grid at 3, 35
Added entity cow at 23, 13
Added entity wolf at 43, 8
Added entity wolf at 46, 4
Removed entity naturereserve from grid at 49, 17
Added entity cow at 42, 43
Added entity cow at 4, 28
Added entity cow at 47, 45
Removed entity cow from grid at 2, 5
Removed entity cow from grid at 42, 43
Removed entity cow from grid at 41, 43
Added entity human at 35, 36
Added entity human at 6, 37
Added entity human at 8, 41
Added entity wolf at 12, 3
Added entity wolf at 46, 18
Removed entity human from grid at 10, 7
Removed entity human from grid at 8, 41
Removed entity human from grid at 35, 36
Added entity cow at 5, 29
Removed entity human from grid at 15, 12
Added entity cow at 1, 11
Removed entity cow from grid at 3, 5
Removed entity cow from grid at 5, 21
Removed entity human from grid at 27, 47
Removed entity human from grid at 6, 4
Removed entity human from grid at 8, 5
Removed entity cow from grid at 42, 43
Removed entity human from grid at 6, 6
Removed entity cow from grid at 3, 10
Removed entity human from grid at 2, 35
Removed entity cow from grid at 3, 29
Removed entity human from grid at 6, 2
Removed entity cow from grid at 3, 7
Removed entity human from grid at 9, 3
Added entity human at 28, 28
Removed entity human from grid at 9, 2
Added entity wolf at 45, 6
Removed entity human from grid at 46, 8
Added entity wolf at 25, 38
Removed entity naturereserve from grid at 30, 18
Added entity tree at 27, 27
Added entity cow at 4, 30
Added entity human at 21, 41
Removed entity human from grid at 11, 4
Removed entity wolf from grid at 27, 15
Removed entity tree from grid at 14, 24
Added entity house at 33, 28
Removed entity human from grid at 42, 30
Removed entity naturereserve from grid at 13, 32
Removed entity naturereserve from grid at 45, 17
Added entity tree at 20, 40
Added entity cow at 5, 31
Added entity cow at 0, 10
Removed entity tree from grid at 27, 27
Added entity cow at 5, 0
Removed entity cow from grid at 0, 30
Removed entity cow from grid at 1, 5
Removed entity cow from grid at 8, 24
Removed entity cow from grid at 1, 13
Removed entity cow from grid at 4, 22
Removed entity human from grid at 1, 36
Removed entity cow from grid at 40, 45
Removed entity cow from grid at 24, 49
Removed entity cow from grid at 1, 34
Added entity human at 49, 38
Added entity human at 8, 6
Added entity human at 3, 12
Added entity human at 24, 46
Added entity wolf at 22, 47
Removed entity human from grid at 24, 46
Added entity tree at 4, 11
Removed entity human from grid at 8, 6
Added entity cow at 6, 30
Added entity house at 28, 26
Added entity cow at 48, 46
Added entity cow at 35, 42
Added entity tree at 46, 32
Removed entity tree from grid at 4, 11
Removed entity tree from grid at 35, 29
Added entity human at 31, 36
Added entity wolf at 21, 24
Added entity tree at 30, 35
Added entity cow at 36, 43
Added entity cow at 7, 29
Added entity cow at 4, 1
Removed entity human from grid at 12, 5
Added entity human at 7, 22
Added entity house at 3, 16
Added entity cow at 1, 26
Removed entity human from grid at 10, 4
Added entity tree at 41, 32
Added entity wolf at 19, 35
Added entity wolf at 33, 1
Removed entity wolf from grid at 26, 5
Added entity human at 8, 21
Added entity cow at 5, 2
Removed entity wolf from grid at 22, 40
Removed entity cow from grid at 43, 42
Removed entity cow from grid at 3, 27
Removed entity cow from grid at 39, 45
Added entity human at 30, 26
Removed entity wolf from grid at 1, 31
Added entity wolf at 19, 34
Removed entity cow from grid at 21, 10
Added entity cow at 1, 31
Added entity wolf at 25, 37
Added entity cow at 0, 32
Added entity cow at 6, 3
Added entity human at 9, 22
Removed entity cow from grid at 6, 23
Added entity cow at 6, 30
Removed entity cow from grid at 47, 39
Removed entity cow from grid at 9, 27
Removed entity cow from grid at 2, 10
Removed entity cow from grid at 2, 9
Removed entity cow from grid at 2, 18
Removed entity cow from grid at 3, 25
Removed entity cow from grid at 1, 29
Removed entity wolf from grid at 27, 11
Removed entity cow from grid at 40, 46
Removed entity cow from grid at 5, 5
Added entity wolf at 44, 6
Removed entity naturereserve from grid at 3, 33
Removed entity wolf from grid at 26, 3
Added entity human at 10, 23
Added entity cow at 5, 4
Added entity cow at 37, 44
Removed entity wolf from grid at 32, 39
Removed entity cow from grid at 3, 23
Added entity human at 39, 44
Added entity human at 12, 15
Removed entity human from grid at 34, 9
Added entity wolf at 4, 26
Added entity cow at 7, 31
Removed entity cow from grid at 33, 37
Added entity house at 1, 8
Removed entity cow from grid at 37, 45
Removed entity wolf from grid at 21, 25
Added entity human at 11, 34
Added entity cow at 15, 4
Added entity wolf at 32, 7
Added entity cow at 8, 32
Removed entity cow from grid at 5, 25
Removed entity wolf from grid at 40, 44
Added entity house at 1, 5
Removed entity wolf from grid at 2, 28
Removed entity human from grid at 10, 39
Removed entity tree from grid at 2, 47
Removed entity human from grid at 7, 7
Removed entity human from grid at 10, 47
Added entity human at 31, 36
Removed entity wolf from grid at 49, 23
Added entity human at 43, 41
Removed entity tree from grid at 30, 35
Added entity cow at 9, 33
Added entity cow at 36, 45
Added entity cow at 2, 25
Removed entity tree from grid at 36, 31
Removed entity human from grid at 28, 43
Added entity house at 46, 24
Removed entity tree from grid at 34, 47
Removed entity human from grid at 29, 38
Added entity wolf at 18, 35
Removed entity cow from grid at 9, 29
Removed entity wolf from grid at 22, 37
Added entity cow at 27, 31
Removed entity human from grid at 35, 1
Added entity wolf at 31, 27
Removed entity naturereserve from grid at 40, 11
Removed entity naturereserve from grid at 17, 37
Added entity cow at 37, 46
Added entity tree at 42, 39
Added entity tree at 31, 35
Added entity tree at 14, 14
Added entity cow at 6, 5
Removed entity human from grid at 32, 30
Removed entity tree from grid at 11, 21
Removed entity human from grid at 4, 6
Removed entity human from grid at 6, 20
Removed entity human from grid at 47, 24
Removed entity human from grid at 38, 45
Removed entity human from grid at 45, 24
Added entity human at 49, 36
Added entity human at 15, 14
Added entity human at 10, 9
Added entity cow at 17, 6
Added entity wolf at 37, 0
Added entity human at 7, 39
Added entity tree at 6, 39
Added entity cow at 38, 45
Removed entity tree from grid at 42, 39
Removed entity human from grid at 7, 19
Added entity cow at 1, 11
Removed entity human from grid at 33, 27
Added entity house at 9, 45
Removed entity human from grid at 28, 43
Removed entity wolf from grid at 29, 6
Removed entity cow from grid at 39, 47
Removed entity tree from grid at 33, 47
Removed entity cow from grid at 6, 5
Removed entity tree from grid at 4, 32
Removed entity human from grid at 35, 28
Removed entity human from grid at 40, 27
Removed entity human from grid at 30, 26
Added entity cow at 17, 29
Removed entity naturereserve from grid at 8, 18
Added entity tree at 8, 39
Added entity tree at 7, 6
Added entity tree at 47, 34
Added entity cow at 1, 26
Added entity cow at 10, 32
Removed entity cow from grid at 32, 34
Removed entity cow from grid at 29, 33
Removed entity cow from grid at 45, 47
Removed entity cow from grid at 38, 45
Removed entity cow from grid at 2, 7
Removed entity cow from grid at 2, 27
Removed entity cow from grid at 1, 33
Removed entity cow from grid at 39, 45
Removed entity cow from grid at 1, 32
Removed entity cow from grid at 33, 44
Removed entity cow from grid at 0, 29
Added entity human at 33, 37
Added entity wolf at 17, 35
Removed entity cow from grid at 8, 30
Added entity human at 9, 11
Added entity human at 4, 16
Added entity human at 10, 44
Added entity human at 8, 8
Added entity wolf at 20, 25
Removed entity human from grid at 10, 44
Added entity cow at 2, 12
Removed entity tree from grid at 47, 34
Removed entity cow from grid at 2, 25
Added entity house at 36, 28
Removed entity human from grid at 0, 34
Removed entity human from grid at 5, 5
Removed entity wolf from grid at 30, 8
Added entity human at 33, 25
Added entity human at 31, 27
Removed entity wolf from grid at 18, 45
Added entity human at 11, 34
Added entity cow at 28, 23
Added entity human at 5, 35
Removed entity naturereserve from grid at 44, 5
Removed entity naturereserve from grid at 45, 5
Removed entity naturereserve from grid at 24, 38
Added entity tree at 5, 34
Removed entity human from grid at 11, 34
Removed entity human from grid at 31, 27
Removed entity human from grid at 33, 25
Added entity human at 8, 9
Removed entity tree from grid at 35, 37
Added entity cow at 2, 25
Added entity cow at 8, 4
Added entity house at 0, 35
Added entity house at 44, 22
Added entity human at 29, 32
Removed entity tree from grid at 9, 32
Added entity human at 9, 37
Added entity wolf at 11, 39
Removed entity naturereserve from grid at 9, 31
Removed entity human from grid at 9, 37
Added entity tree at 28, 31
Added entity tree at 7, 8
Removed entity human from grid at 5, 35
Added entity cow at 3, 13
Removed entity human from grid at 4, 42
Removed entity tree from grid at 37, 30
Removed entity cow from grid at 3, 33
Removed entity cow from grid at 5, 5
Removed entity wolf from grid at 19, 30
Removed entity human from grid at 45, 22
Removed entity wolf from grid at 19, 44
Added entity berry at 34, 4
Added entity human at 10, 7
Removed entity wolf from grid at 19, 33
Removed entity wolf from grid at 25, 3
Added entity tree at 9, 6
Added entity cow at 4, 14
Removed entity tree from grid at 28, 31
Removed entity human from grid at 12, 23
Removed entity wolf from grid at 17, 25
Removed entity tree from grid at 4, 34
Added entity human at 14, 20
Removed entity human from grid at 44, 21
Added entity human at 14, 38
Added entity human at 12, 36
Removed entity cow from grid at 28, 23
Added entity tree at 12, 35
Removed entity human from grid at 14, 38
Added entity tree at 14, 19
Added entity cow at 5, 15
Removed entity tree from grid at 9, 6
Added entity house at 14, 9
Removed entity cow from grid at 5, 15
Added entity human at 9, 9
Removed entity tree from grid at 7, 6
Removed entity human from grid at 14, 20
Added entity house at 26, 43
Added entity human at 7, 31
Added entity human at 27, 31
Removed entity human from grid at 10, 33
Added entity cow at 3, 23
Added entity house at 30, 23
Added entity cow at 4, 22
Added entity tree at 26, 30
Added entity tree at 6, 30
Added entity cow at 8, 5
Added entity human at 7, 10
Removed entity cow from grid at 6, 11
Added entity house at 46, 29
Removed entity cow from grid at 5, 22
Removed entity tree from grid at 10, 38
Removed entity tree from grid at 5, 34
Removed entity human from grid at 27, 43
Removed entity wolf from grid at 19, 44
Added entity human at 8, 6
Removed entity human from grid at 5, 35
Added entity human at 30, 27
Added entity house at 47, 26
Removed entity naturereserve from grid at 11, 3
Removed entity naturereserve from grid at 19, 45
Added entity tree at 29, 26
Added entity tree at 7, 6
Added entity human at 6, 9
Removed entity tree from grid at 6, 30
Removed entity human from grid at 7, 7
Removed entity human from grid at 12, 8
Added entity cow at 3, 24
Added entity cow at 10, 31
Removed entity tree from grid at 47, 31
Added entity house at 38, 30
Removed entity human from grid at 8, 32
Removed entity human from grid at 6, 31
Removed entity wolf from grid at 10, 38
Added entity house at 31, 41
Added entity house at 38, 47
Added entity house at 0, 37
Removed entity cow from grid at 10, 31
Added entity cow at 27, 24
Added entity cow at 2, 32
Added entity wolf at 15, 24
Added entity cow at 3, 33
Added entity tree at 6, 8
Added entity tree at 30, 26
Removed entity human from grid at 8, 7
Added entity cow at 5, 23
Added entity house at 29, 31
Removed entity cow from grid at 9, 32
Added entity human at 6, 21
Removed entity human from grid at 14, 37
Removed entity tree from grid at 11, 33
Added entity human at 7, 41
Added entity human at 35, 29
Added entity human at 14, 22
Added entity human at 8, 16
Removed entity tree from grid at 28, 20
Added entity human at 24, 46
Removed entity human from grid at 24, 46
Removed entity human from grid at 14, 22
Added entity tree at 34, 29
Added entity tree at 6, 40
Added entity cow at 4, 32
Removed entity tree from grid at 6, 8
Removed entity tree from grid at 30, 26
Removed entity cow from grid at 8, 5
Removed entity tree from grid at 37, 32
Added entity human at 31, 39
Removed entity cow from grid at 7, 25
Removed entity human from grid at 10, 32
Added entity human at 10, 9
Added entity human at 41, 37
Added entity human at 7, 14
Added entity human at 47, 41
Added entity human at 6, 46
Removed entity naturereserve from grid at 35, 31
Removed entity naturereserve from grid at 49, 40
Added entity tree at 6, 45
Added entity tree at 47, 40
Added entity tree at 7, 13
Added entity human at 30, 40
Removed entity tree from grid at 8, 40
Added entity human at 3, 22
Added entity human at 7, 10
Removed entity cow from grid at 6, 5
Added entity house at 36, 26
Added entity house at 10, 17
Added entity human at 36, 43
Added entity house at 28, 42
Removed entity human from grid at 13, 22
Added entity house at 5, 1
Added entity human at 27, 28
Removed entity cow from grid at 10, 4
Added entity human at 12, 19
Added entity tree at 13, 19
Added entity human at 35, 42
Added entity human at 6, 11
Removed entity cow from grid at 3, 23
Removed entity tree from grid at 11, 19
Added entity house at 24, 45
Added entity cow at 10, 30
Removed entity cow from grid at 5, 23
Removed entity human from grid at 42, 24
Removed entity cow from grid at 37, 43
Removed entity human from grid at 25, 28
Removed entity cow from grid at 33, 35
Added entity human at 41, 25
Removed entity cow from grid at 10, 30
Added entity human at 16, 19
Added entity cow at 26, 22
Added entity human at 5, 38
Removed entity human from grid at 29, 22
Added entity tree at 5, 37
Added entity cow at 27, 21
Removed entity human from grid at 8, 48
Removed entity cow from grid at 48, 43
Added entity house at 13, 9
Removed entity cow from grid at 32, 39
Added entity cow at 5, 31
Removed entity cow from grid at 6, 15
Added entity cow at 24, 22
Removed entity cow from grid at 4, 10
Added entity human at 9, 7
Removed entity tree from grid at 34, 29
Removed entity cow from grid at 7, 3
Added entity cow at 47, 47
Added entity house at 15, 0
Removed entity tree from grid at 5, 36
Added entity human at 28, 24
Removed entity human from grid at 24, 44
Added entity human at 36, 47
Added entity human at 39, 37
Added entity cow at 26, 35
Added entity tree at 36, 46
Removed entity human from grid at 28, 24
Added entity tree at 9, 6
Added entity cow at 23, 23
Removed entity human from grid at 16, 20
Added entity human at 35, 42
Removed entity human from grid at 12, 19
Removed entity cow from grid at 37, 42
Removed entity tree from grid at 30, 44
Added entity house at 48, 32
Removed entity tree from grid at 26, 30
Added entity house at 49, 23
Removed entity tree from grid at 29, 44
Added entity human at 27, 25
Added entity human at 30, 26
Added entity human at 26, 36
Removed entity tree from grid at 12, 7
Added entity human at 18, 13
Removed entity human from grid at 30, 22
Added entity tree at 25, 35
Added entity tree at 30, 25
Added entity tree at 27, 24
Added entity tree at 34, 41
Added entity cow at 22, 24
Removed entity cow from grid at 33, 42
Added entity human at 32, 42
Removed entity tree from grid at 47, 40
Removed entity tree from grid at 47, 32
Removed entity tree from grid at 7, 13
Added entity cow at 4, 23
Removed entity human from grid at 25, 32
Removed entity tree from grid at 7, 6
Removed entity human from grid at 49, 24
Removed entity human from grid at 15, 1
Added entity house at 8, 29
Removed entity tree from grid at 32, 45
Removed entity tree from grid at 9, 6
Added entity house at 13, 41
Removed entity tree from grid at 31, 35
Removed entity cow from grid at 8, 30
Removed entity tree from grid at 12, 20
Added entity human at 17, 13
Added entity human at 31, 35
Added entity human at 8, 17
Added entity house at 19, 18
Added entity human at 10, 42
Added entity wolf at 11, 37
Added entity wolf at 20, 49
Removed entity wolf from grid at 30, 9
Removed entity human from grid at 10, 42
Added entity tree at 8, 16
Added entity tree at 31, 34
Added entity tree at 16, 12
Added entity cow at 3, 22
Added entity tree at 32, 41
Added entity cow at 23, 25
Removed entity human from grid at 18, 12
Removed entity human from grid at 26, 36
Added entity tree at 31, 25
Removed entity human from grid at 27, 25
Added entity tree at 35, 41
Added entity tree at 36, 47
Added entity tree at 11, 5
Added entity cow at 6, 30
Added entity cow at 28, 20
Removed entity tree from grid at 34, 41
Removed entity cow from grid at 3, 10
Removed entity human from grid at 2, 17
Removed entity human from grid at 10, 45
Removed entity cow from grid at 9, 2
Removed entity human from grid at 27, 46
Removed entity human from grid at 7, 31
Removed entity tree from grid at 32, 41
Removed entity human from grid at 14, 40
Removed entity human from grid at 48, 23
Removed entity human from grid at 15, 9
Removed entity human from grid at 19, 17
Added entity human at 4, 40
Added entity human at 7, 37
Added entity human at 45, 36
Added entity tree at 44, 35
Removed entity human from grid at 7, 37
Added entity tree at 4, 39
Added entity cow at 24, 24
Added entity cow at 2, 21
Removed entity human from grid at 8, 17
Removed entity tree from grid at 31, 34
Added entity house at 31, 26
Removed entity cow from grid at 39, 39
Removed entity cow from grid at 37, 47
Added entity human at 9, 7
Removed entity human from grid at 5, 38
Removed entity tree from grid at 35, 41
Added entity house at 14, 4
Removed entity cow from grid at 2, 12
Removed entity tree from grid at 8, 16
Removed entity cow from grid at 35, 39
Removed entity tree from grid at 7, 33
Removed entity human from grid at 34, 24
Added entity human at 29, 42
Added entity human at 11, 40
Removed entity cow from grid at 46, 34
Added entity human at 8, 19
Removed entity human from grid at 19, 19
Removed entity human from grid at 39, 25
Removed entity human from grid at 8, 19
Added entity tree at 10, 39
Added entity tree at 8, 6
Added entity cow at 23, 23
Added entity tree at 45, 35
Added entity tree at 3, 40
Added entity cow at 29, 19
Removed entity human from grid at 34, 41
Removed entity tree from grid at 29, 26
Added entity cow at 46, 48
Removed entity human from grid at 34, 39
Added entity house at 49, 27
Removed entity tree from grid at 11, 5
Removed entity cow from grid at 11, 1
Added entity house at 48, 23
Added entity human at 9, 21
Added entity human at 7, 21
Added entity house at 16, 7
Added entity wolf at 17, 35
Added entity cow at 3, 30
Added entity human at 8, 41
Added entity human at 4, 46
Removed entity naturereserve from grid at 21, 48
Added entity tree at 3, 45
Added entity tree at 6, 20
Added entity cow at 28, 18
Removed entity tree from grid at 10, 39
Added entity human at 10, 8
Added entity cow at 3, 20
Removed entity human from grid at 4, 40
Added entity cow at 7, 31
Removed entity tree from grid at 39, 36
Removed entity human from grid at 42, 25
Removed entity wolf from grid at 1, 22
Removed entity tree from grid at 48, 28
Removed entity human from grid at 11, 8
Removed entity tree from grid at 15, 25
Removed entity human from grid at 47, 23
Removed entity tree from grid at 8, 34
Removed entity wolf from grid at 38, 19
Removed entity cow from grid at 2, 27
Removed entity wolf from grid at 18, 26
Removed entity tree from grid at 10, 34
Removed entity cow from grid at 25, 34
Added entity human at 37, 38
Added entity human at 38, 40
Added entity human at 2, 12
Added entity house at 46, 31
Added entity cow at 22, 23
Added entity cow at 28, 31
Added entity human at 6, 6
Added entity tree at 5, 5
Added entity cow at 21, 22
Added entity tree at 1, 11
Added entity tree at 37, 39
Added entity tree at 36, 38
Added entity cow at 2, 19
Added entity tree at 11, 8
Added entity cow at 27, 19
Added entity tree at 4, 45
Removed entity tree from grid at 6, 20
Removed entity tree from grid at 12, 22
Added entity cow at 22, 24
Removed entity human from grid at 29, 37
Removed entity tree from grid at 8, 6
Removed entity tree from grid at 29, 46
Removed entity human from grid at 11, 34
Removed entity tree from grid at 47, 33
Removed entity cow from grid at 20, 23
Added entity human at 45, 37
Added entity tree at 45, 36
Added entity cow at 23, 25
Added entity cow at 1, 18
Added entity tree at 6, 5
Added entity tree at 1, 12
Added entity tree at 39, 39
Added entity tree at 9, 9
Removed entity tree from grid at 4, 45
Added entity cow at 47, 47
Removed entity cow from grid at 37, 44
Removed entity cow from grid at 7, 1
Removed entity cow from grid at 3, 24
Removed entity cow from grid at 44, 43
Removed entity cow from grid at 15, 5
Removed entity cow from grid at 43, 44
Removed entity cow from grid at 4, 29
Added entity tree at 13, 33
Removed entity cow from grid at 3, 28
Removed entity cow from grid at 2, 25
Removed entity human from grid at 13, 39
Added entity human at 41, 25
Added entity human at 32, 23
Added entity human at 5, 18
Removed entity cow from grid at 5, 33
Removed entity human from grid at 17, 6
Added entity human at 16, 17
Added entity human at 34, 45
Added entity cow at 26, 18
Added entity cow at 22, 21
Removed entity tree from grid at 1, 12
Added entity house at 34, 37
Added entity cow at 8, 32
Added entity cow at 2, 29
Added entity house at 13, 24
Removed entity cow from grid at 37, 42
Added entity human at 7, 12
Added entity human at 34, 34
Added entity human at 39, 34
House dying at 3, 47. Occupants: 0
Removed entity house from grid at 3, 47
House dying at 30, 45. Occupants: 0
Removed entity house from grid at 30, 45
Removed entity wolf from grid at 33, 13
Added entity tree at 39, 33
Added entity cow at 7, 33
Added entity cow at 25, 19
Added entity cow at 22, 26
Removed entity tree from grid at 37, 39
Removed entity tree from grid at 36, 36
Added entity human at 8, 8
Added entity house at 13, 35
Added entity house at 9, 24
Added entity house at 24, 27
Removed entity cow from grid at 38, 43
Removed entity tree from grid at 11, 8
Removed entity tree from grid at 7, 8
Added entity house at 16, 4
Added entity house at 32, 38
Added entity house at 13, 23
Added entity human at 7, 23
Added entity human at 10, 9
Added entity human at 11, 21
Added entity human at 15, 14
Added entity human at 35, 29
Added entity human at 45, 32
Added entity human at 41, 36
Added entity human at 9, 11
Removed entity naturereserve from grid at 12, 38
Added entity tree at 9, 10
Added entity tree at 40, 35
Added entity tree at 45, 31
Added entity tree at 35, 28
Removed entity tree from grid at 9, 9
Added entity cow at 23, 27
Added entity cow at 24, 20
Added entity human at 7, 12
Added entity cow at 1, 30
Added entity cow at 21, 20
Removed entity human from grid at 32, 23
Removed entity human from grid at 13, 42
Removed entity tree from grid at 12, 35
Removed entity human from grid at 25, 27
Removed entity human from grid at 36, 44
Removed entity cow from grid at 38, 41
Removed entity human from grid at 12, 7
Removed entity human from grid at 8, 8
Removed entity tree from grid at 15, 22
Removed entity human from grid at 14, 34
Added entity house at 33, 40
Added entity human at 28, 36
Added entity human at 37, 31
Added entity human at 4, 42
Added entity human at 8, 17
Added entity human at 40, 42
Added entity wolf at 4, 26
Added entity tree at 40, 41
Added entity tree at 8, 16
Added entity tree at 4, 41
Added entity cow at 22, 19
Added entity human at 6, 11
Added entity cow at 24, 28
Added entity cow at 8, 32
Added entity cow at 2, 17
Removed entity cow from grid at 46, 41
Removed entity cow from grid at 4, 1
Removed entity cow from grid at 38, 43
Removed entity cow from grid at 3, 10
Removed entity cow from grid at 39, 42
Removed entity human from grid at 5, 22
Removed entity cow from grid at 42, 47
Removed entity cow from grid at 44, 43
Removed entity human from grid at 13, 34
Removed entity cow from grid at 5, 31
Removed entity human from grid at 7, 29
Removed entity cow from grid at 3, 35
Added entity human at 0, 16
Added entity human at 9, 4
Added entity human at 39, 40
Added entity cow at 17, 30
Added entity human at 12, 17
Added entity human at 12, 19
Added entity human at 6, 35
Removed entity naturereserve from grid at 31, 11
Removed entity human from grid at 40, 23
Added entity cow at 3, 18
Added entity human at 5, 10
Added entity cow at 21, 18
Removed entity tree from grid at 8, 16
Removed entity tree from grid at 36, 37
Removed entity human from grid at 38, 44
Added entity human at 49, 34
Removed entity tree from grid at 6, 5
Removed entity human from grid at 28, 35
Added entity house at 36, 41
Removed entity cow from grid at 21, 18
Removed entity tree from grid at 36, 38
Added entity house at 12, 33
Added entity human at 6, 23
Added entity house at 22, 31
Added entity human at 27, 25
Added entity human at 37, 33
Added entity human at 45, 34
Added entity wolf at 47, 39
Removed entity naturereserve from grid at 22, 5
Added entity tree at 37, 32
Added entity tree at 28, 24
Removed entity human from grid at 49, 34
Added entity tree at 4, 9
Added entity tree at 4, 35
Removed entity human from grid at 41, 38
Added entity cow at 9, 31
Added entity house at 29, 33
Added entity cow at 0, 31
Added entity cow at 23, 19
Removed entity human from grid at 43, 39
Removed entity human from grid at 43, 32
Removed entity tree from grid at 35, 28
Removed entity human from grid at 13, 7
Removed entity human from grid at 41, 37
Added entity human at 2, 39
Removed entity tree from grid at 1, 11
Removed entity tree from grid at 25, 35
Removed entity cow from grid at 8, 0
Added entity house at 19, 12
Removed entity tree from grid at 18, 6
Removed entity human from grid at 7, 29
Removed entity human from grid at 11, 33
Removed entity human from grid at 11, 32
Added entity human at 39, 25
Removed entity human from grid at 22, 30
Added entity human at 3, 32
Removed entity human from grid at 1, 39
Added entity human at 16, 19
Removed entity human from grid at 46, 36
Added entity human at 27, 46
Removed entity cow from grid at 28, 31
Added entity human at 32, 46
Removed entity wolf from grid at 32, 14
Added entity tree at 31, 45
Removed entity human from grid at 27, 46
Added entity tree at 16, 18
Removed entity human from grid at 3, 32
Added entity tree at 38, 24
Added entity tree at 2, 38
Added entity human at 4, 11
Added entity cow at 23, 29
Added entity human at 38, 45
Removed entity human from grid at 10, 19
Removed entity cow from grid at 37, 45
Removed entity human from grid at 13, 25
Removed entity human from grid at 48, 36
Removed entity tree from grid at 13, 19
Added entity house at 35, 37
Removed entity human from grid at 36, 43
Removed entity human from grid at 19, 13
Removed entity cow from grid at 3, 3
Removed entity human from grid at 41, 23
Added entity house at 11, 32
Removed entity human from grid at 46, 43
Added entity human at 1, 49
Removed entity cow from grid at 1, 37
Added entity human at 32, 33
Added entity human at 24, 49
Removed entity human from grid at 23, 27
Added entity human at 37, 34
Removed entity naturereserve from grid at 38, 37
Added entity tree at 36, 33
Removed entity human from grid at 24, 49
Added entity human at 39, 46
Removed entity tree from grid at 38, 24
Removed entity human from grid at 1, 38
Added entity cow at 24, 18
Added entity cow at 8, 30
Removed entity human from grid at 6, 24
Removed entity tree from grid at 2, 38
Added entity cow at 20, 28
Removed entity cow from grid at 2, 4
Added entity house at 24, 35
Added entity house at 42, 24
Removed entity human from grid at 10, 31
Added entity human at 13, 12
Added entity human at 12, 37
Added entity human at 47, 34
Added entity human at 43, 33
Removed entity naturereserve from grid at 34, 1
Added entity tree at 12, 36
Added entity tree at 13, 11
Added entity cow at 21, 29
Added entity cow at 25, 17
Removed entity tree from grid at 1, 47
Added entity cow at 22, 30
Added entity human at 3, 10
Removed entity human from grid at 45, 34
Removed entity cow from grid at 6, 0
Removed entity cow from grid at 0, 11
Removed entity human from grid at 31, 33
Added entity cow at 46, 46
Removed entity human from grid at 46, 38
Removed entity cow from grid at 3, 3
Removed entity human from grid at 22, 32
Removed entity human from grid at 11, 31
Removed entity cow from grid at 8, 34
Removed entity human from grid at 24, 36
Added entity human at 47, 28
Removed entity human from grid at 23, 35
Added entity human at 35, 40
Added entity human at 27, 28
Added entity human at 25, 33
Added entity human at 0, 16
Added entity human at 40, 40
Added entity human at 8, 17
Added entity tree at 8, 16
Removed entity human from grid at 40, 40
Added entity cow at 47, 45
Added entity human at 2, 11
Added entity cow at 23, 31
Added entity cow at 24, 16
Removed entity human from grid at 41, 23
Added entity cow at 1, 32
Added entity cow at 4, 17
Removed entity cow from grid at 0, 12
Removed entity human from grid at 14, 24
Removed entity cow from grid at 4, 21
Removed entity human from grid at 38, 38
Removed entity cow from grid at 37, 47
Removed entity human from grid at 38, 42
Removed entity cow from grid at 2, 35
Removed entity cow from grid at 9, 31
Removed entity human from grid at 37, 42
Removed entity cow from grid at 26, 30
Removed entity human from grid at 20, 12
Removed entity human from grid at 39, 38
Removed entity cow from grid at 7, 33
Removed entity human from grid at 14, 23
Added entity human at 18, 13
Added entity human at 43, 41
Removed entity human from grid at 38, 34
Added entity human at 5, 36
Added entity human at 43, 35
Added entity human at 45, 37
Removed entity human from grid at 43, 35
Added entity house at 23, 33
Added entity house at 26, 30
Added entity cow at 20, 30
Added entity human at 39, 47
Added entity house at 3, 47
Removed entity cow from grid at 40, 44
Removed entity tree from grid at 36, 46
Removed entity human from grid at 26, 42
Added entity house at 17, 22
Removed entity human from grid at 39, 40
Removed entity human from grid at 36, 43
Removed entity cow from grid at 2, 1
Removed entity human from grid at 3, 8
Removed entity tree from grid at 15, 21
Added entity human at 47, 35
Added entity human at 5, 19
Added entity human at 33, 30
Added entity human at 29, 34
Added entity human at 7, 6
Removed entity cow from grid at 28, 20
Added entity tree at 6, 5
Added entity tree at 30, 33
Removed entity cow from grid at 4, 18
Removed entity human from grid at 47, 35
Added entity cow at 19, 31
Added entity cow at 23, 17
Added entity cow at 22, 30
Removed entity human from grid at 24, 33
Removed entity human from grid at 37, 42
Removed entity human from grid at 41, 35
Removed entity human from grid at 48, 35
Added entity house at 34, 31
Added entity house at 15, 22
Removed entity tree from grid at 4, 9
Removed entity human from grid at 36, 34
Added entity house at 5, 14
Removed entity tree from grid at 17, 23
Added entity human at 45, 38
Added entity human at 6, 8
Added entity tree at 28, 2
Added entity tree at 7, 7
Removed entity human from grid at 45, 38
Added entity cow at 22, 16
Added entity cow at 20, 32
Removed entity tree from grid at 36, 47
Removed entity wolf from grid at 42, 39
Added entity cow at 5, 18
Added entity human at 4, 9
Added entity cow at 9, 29
Removed entity cow from grid at 40, 47
Removed entity tree from grid at 36, 33
Removed entity tree from grid at 3, 45
Added entity house at 27, 27
Removed entity human from grid at 25, 23
Removed entity cow from grid at 1, 0
Removed entity cow from grid at 5, 18
Added entity house at 25, 34
Added entity house at 1, 39
Removed entity human from grid at 18, 22
Removed entity tree from grid at 8, 16
Added entity house at 30, 45
Added entity human at 1, 18
Added entity human at 41, 27
Added entity human at 16, 19
Added entity human at 12, 23
Added entity cow at 2, 32
Added entity cow at 23, 21
Added entity human at 8, 44
Removed entity cow from grid at 27, 16
Removed entity human from grid at 8, 44
Added entity cow at 24, 20
Added entity cow at 1, 33
Removed entity human from grid at 12, 23
Added entity tree at 15, 19
Added entity tree at 40, 26
Added entity tree at 1, 17
Added entity tree at 3, 8
Added entity cow at 21, 33
Added entity cow at 21, 15
Added entity cow at 21, 31
Removed entity cow from grid at 1, 16
Removed entity cow from grid at 40, 46
Removed entity cow from grid at 42, 41
Removed entity cow from grid at 5, 35
Removed entity cow from grid at 21, 15
Removed entity human from grid at 25, 33
Removed entity cow from grid at 9, 31
Removed entity wolf from grid at 18, 40
Removed entity cow from grid at 43, 41
Removed entity cow from grid at 0, 7
Removed entity cow from grid at 18, 21
Added entity human at 14, 0
Added entity human at 9, 23
Added entity human at 10, 23
Removed entity cow from grid at 24, 25
Added entity cow at 21, 13
Added entity cow at 20, 12
Removed entity human from grid at 10, 23
Added entity cow at 2, 34
Added entity cow at 23, 19
Removed entity human from grid at 1, 18
Removed entity tree from grid at 3, 8
Removed entity cow from grid at 24, 31
Removed entity human from grid at 5, 21
Removed entity tree from grid at 1, 17
Removed entity cow from grid at 11, 29
Removed entity tree from grid at 40, 41
Removed entity human from grid at 16, 21
Removed entity tree from grid at 4, 35
Removed entity cow from grid at 1, 4
Removed entity human from grid at 14, 22
Removed entity tree from grid at 18, 28
Removed entity tree from grid at 31, 45
Added entity human at 40, 43
Added entity human at 34, 45
Added entity human at 36, 36
Added entity human at 6, 10
Removed entity naturereserve from grid at 47, 36
Removed entity naturereserve from grid at 46, 40
Removed entity naturereserve from grid at 27, 36
Added entity tree at 6, 9
Added entity tree at 35, 36
Added entity tree at 33, 44
Added entity tree at 39, 42
Added entity cow at 22, 20
Added entity cow at 1, 35
Added entity cow at 19, 11
Added entity tree at 10, 20
Added entity cow at 22, 32
Added entity cow at 22, 34
Added entity tree at 16, 19
Added entity human at 5, 10
Removed entity cow from grid at 41, 39
Added entity cow at 0, 33
Removed entity cow from grid at 23, 29
Removed entity wolf from grid at 16, 28
Removed entity human from grid at 12, 19
Removed entity tree from grid at 5, 5
Removed entity human from grid at 4, 10
Removed entity human from grid at 3, 4
Added entity house at 19, 4
Removed entity tree from grid at 39, 42
Removed entity wolf from grid at 36, 16
Added entity wolf at 17, 35
Added entity cow at 4, 25
Added entity human at 39, 40
Added entity human at 4, 10
Added entity wolf at 31, 27
Added entity tree at 3, 10
Added entity tree at 38, 40
Added entity cow at 5, 24
Removed entity tree from grid at 6, 9
Added entity cow at 20, 10
Added entity cow at 2, 36
Added entity cow at 23, 21
Removed entity human from grid at 26, 31
Removed entity cow from grid at 39, 45
Removed entity human from grid at 27, 33
Removed entity cow from grid at 0, 9
Removed entity human from grid at 33, 30
Removed entity cow from grid at 2, 36
Removed entity cow from grid at 28, 23
Removed entity human from grid at 8, 43
Removed entity cow from grid at 23, 17
Removed entity cow from grid at 5, 30
Removed entity human from grid at 28, 29
Removed entity cow from grid at 19, 17
Added entity human at 0, 11
Added entity human at 8, 3
Added entity human at 24, 47
Removed entity cow from grid at 23, 26
Added entity human at 36, 36
Removed entity human from grid at 28, 32
Removed entity naturereserve from grid at 20, 24
Removed entity naturereserve from grid at 32, 27
Removed entity cow from grid at 28, 18
Added entity tree at 36, 37
Added entity cow at 24, 22
Added entity cow at 21, 9
Added entity cow at 23, 35
Added entity house at 17, 21
Removed entity human from grid at 2, 18
Removed entity human from grid at 23, 44
Added entity human at 4, 36
Removed entity tree from grid at 28, 24
Added entity house at 6, 6
Removed entity human from grid at 25, 28
Removed entity cow from grid at 18, 27
Removed entity tree from grid at 19, 6
Added entity human at 47, 28
Added entity human at 35, 32
Added entity human at 13, 12
Added entity human at 28, 49
Added entity tree at 12, 12
Added entity tree at 35, 31
Removed entity tree from grid at 5, 37
Added entity cow at 22, 8
Added entity cow at 23, 23
Removed entity human from grid at 26, 49
Added entity cow at 6, 23
Added entity human at 40, 41
Added entity cow at 11, 27
Added entity human at 38, 44
Added entity cow at 46, 46
Removed entity tree from grid at 3, 10
Removed entity cow from grid at 17, 9
Removed entity tree from grid at 6, 5
Removed entity tree from grid at 14, 21
Removed entity human from grid at 6, 19
Removed entity tree from grid at 4, 39
Removed entity cow from grid at 6, 15
Removed entity cow from grid at 1, 1
Added entity house at 10, 32
Removed entity human from grid at 17, 6
Added entity house at 18, 16
Removed entity human from grid at 8, 33
Added entity human at 5, 23
Added entity human at 9, 3
Removed entity naturereserve from grid at 16, 23
Added entity tree at 9, 2
Removed entity human from grid at 5, 23
Added entity tree at 37, 43
Added entity tree at 39, 40
Added entity cow at 22, 24
Added entity tree at 14, 12
Added entity tree at 36, 31
Added entity human at 9, 12
Added entity house at 34, 42
Removed entity tree from grid at 16, 19
Removed entity human from grid at 39, 44
Removed entity cow from grid at 1, 36
Removed entity human from grid at 29, 24
Removed entity cow from grid at 8, 24
Added entity house at 3, 6
Added entity house at 37, 45
Removed entity human from grid at 18, 17
Added entity human at 8, 25
Removed entity tree from grid at 35, 17
Added entity human at 11, 1
Removed entity human from grid at 26, 26
Added entity human at 13, 17
Added entity human at 10, 41
Added entity human at 45, 39
Added entity wolf at 3, 27
Removed entity wolf from grid at 27, 15
Added entity tree at 45, 38
Added entity tree at 10, 40
Removed entity human from grid at 8, 25
Added entity cow at 23, 25
Removed entity tree from grid at 37, 43
Added entity cow at 5, 22
Removed entity human from grid at 3, 36
Added entity cow at 20, 32
Removed entity cow from grid at 39, 48
Removed entity human from grid at 12, 25
Removed entity tree from grid at 18, 11
Removed entity cow from grid at 0, 18
Removed entity human from grid at 3, 18
Removed entity tree from grid at 7, 7
Removed entity human from grid at 4, 7
Added entity house at 10, 30
Added entity house at 20, 15
Removed entity naturereserve from grid at 3, 26
Removed entity naturereserve from grid at 49, 42
Added entity cow at 19, 33
Added entity cow at 4, 23
Added entity tree at 46, 38
Added entity tree at 11, 40
Added entity tree at 10, 0
Added entity cow at 45, 45
Added entity human at 37, 43
Added entity cow at 21, 11
Removed entity cow from grid at 42, 44
Removed entity cow from grid at 40, 47
Removed entity cow from grid at 0, 4
Removed entity human from grid at 9, 25
Removed entity cow from grid at 2, 17
Removed entity human from grid at 9, 22
Removed entity human from grid at 10, 24
Removed entity cow from grid at 20, 8
Removed entity human from grid at 10, 29
Removed entity human from grid at 21, 15
Removed entity human from grid at 9, 23
Removed entity human from grid at 9, 32
Removed entity cow from grid at 43, 45
Added entity human at 4, 35
Added entity human at 7, 33
Added entity human at 6, 5
Removed entity naturereserve from grid at 8, 14
Added entity cow at 20, 12
Added entity human at 36, 42
Added entity cow at 3, 24
Added entity cow at 18, 32
Removed entity tree from grid at 10, 0
Added entity cow at 9, 25
Added entity cow at 21, 36
Added entity cow at 1, 32
Removed entity cow from grid at 18, 20
Removed entity cow from grid at 19, 11
Removed entity cow from grid at 42, 45
Removed entity cow from grid at 16, 27
Removed entity cow from grid at 8, 20
Removed entity wolf from grid at 16, 39
Removed entity cow from grid at 9, 30
Removed entity cow from grid at 43, 45
Added entity human at 32, 33
Added entity tree at 43, 35
Added entity cow at 22, 37
Added entity cow at 19, 31
Added entity cow at 2, 25
Removed entity human from grid at 5, 31
Added entity cow at 22, 24
Added entity human at 8, 14
Added entity human at 39, 43
Removed entity human from grid at 32, 30
Removed entity human from grid at 2, 6
Removed entity cow from grid at 10, 25
Added entity house at 17, 9
Removed entity human from grid at 42, 44
Removed entity human from grid at 1, 35
Added entity house at 16, 10
Added entity house at 0, 41
Removed entity wolf from grid at 18, 40
Added entity human at 12, 8
Added entity human at 1, 12
Added entity cow at 2, 23
Added entity cow at 28, 29
Added entity human at 43, 39
Added entity human at 7, 15
Added entity human at 9, 11
Removed entity tree from grid at 43, 38
Added entity house at 0, 12
Added entity cow at 20, 30
Added entity cow at 10, 24
Added entity cow at 21, 11
Added entity cow at 44, 46
Removed entity cow from grid at 20, 18
Removed entity human from grid at 31, 30
Removed entity human from grid at 16, 21
Removed entity cow from grid at 42, 47
Removed entity cow from grid at 19, 10
Removed entity cow from grid at 43, 46
Removed entity human from grid at 21, 15
Removed entity cow from grid at 10, 24
Removed entity cow from grid at 10, 28
Removed entity wolf from grid at 34, 14
Removed entity cow from grid at 19, 35
Added entity human at 3, 32
Added entity human at 5, 19
Added entity human at 12, 9
Added entity cow at 23, 13
Added entity human at 45, 41
Added entity human at 12, 17
Removed entity cow from grid at 22, 14
Added entity tree at 11, 16
Added entity cow at 22, 14
Added entity cow at 22, 10
Added entity cow at 3, 22
Added entity human at 38, 41
Added entity cow at 23, 25
Added entity cow at 1, 26
Added entity cow at 23, 38
Removed entity cow from grid at 43, 48
Removed entity cow from grid at 28, 23
Removed entity cow from grid at 9, 26
Removed entity cow from grid at 3, 18
Removed entity cow from grid at 2, 20
Removed entity cow from grid at 44, 45
Added entity human at 6, 17
Added entity human at 39, 31
Added entity human at 4, 10
House dying at 5, 7. Occupants: 0
Removed entity house from grid at 5, 7
Removed entity cow from grid at 22, 14
Added entity cow at 0, 27
Removed entity tree from grid at 38, 40
Removed entity tree from grid at 45, 38
Added entity cow at 21, 29
Removed entity human from grid at 38, 42
Added entity human at 8, 8
Removed entity human from grid at 42, 46
Removed entity human from grid at 19, 5
Added entity house at 44, 45
Removed entity wolf from grid at 41, 15
Removed entity human from grid at 2, 11
Removed entity cow from grid at 16, 36
Added entity human at 11, 5
Added entity human at 10, 37
Added entity tree at 10, 4
Added entity tree at 9, 7
Added entity cow at 24, 39
Added entity cow at 24, 24
Added entity house at 20, 20
Removed entity cow from grid at 44, 46
Removed entity cow from grid at 43, 47
Removed entity human from grid at 21, 21
Added entity house at 39, 44
Removed entity wolf from grid at 28, 16
Removed entity human from grid at 18, 11
Removed entity human from grid at 6, 10
Removed entity tree from grid at 3, 40
Added entity house at 15, 34
Added entity human at 49, 42
Added entity human at 10, 46
Added entity human at 5, 34
Added entity human at 17, 13
Added entity human at 9, 3
Added entity human at 31, 38
Added entity human at 45, 38
Added entity tree at 45, 37
Removed entity tree from grid at 9, 2
Removed entity human from grid at 10, 46
Added entity cow at 23, 40
Removed entity tree from grid at 10, 20
Added entity cow at 23, 9
Removed entity tree from grid at 9, 10
Removed entity human from grid at 6, 9
Removed entity human from grid at 20, 19
Removed entity cow from grid at 5, 19
Removed entity human from grid at 19, 15
Removed entity tree from grid at 33, 44
Added entity house at 13, 28
Added entity human at 48, 38
Added entity human at 1, 18
Added entity human at 45, 39
Added entity tree at 44, 39
Added entity tree at 1, 17
Added entity tree at 47, 37
Added entity tree at 9, 2
Added entity cow at 20, 28
Added entity cow at 1, 26
Removed entity cow from grid at 9, 21
Removed entity cow from grid at 18, 12
Removed entity human from grid at 3, 33
Removed entity cow from grid at 43, 48
Removed entity human from grid at 9, 46
Removed entity human from grid at 25, 45
Removed entity human from grid at 19, 16
Removed entity human from grid at 3, 20
Added entity house at 11, 31
Added entity house at 20, 9
Removed entity tree from grid at 15, 26
Removed entity tree from grid at 14, 32
Added entity house at 23, 47
Added entity human at 41, 27
Added entity human at 30, 28
House dying at 6, 7. Occupants: 1
Checking 5, 6: [object Object]
Checking 5, 7: null
Added entity human at 5, 7
Ejected to 5, 7
Removed entity house from grid at 6, 7
Added entity tree at 4, 6
Added entity tree at 41, 26
Added entity cow at 22, 8
Added entity cow at 22, 41
Added entity cow at 2, 23
Added entity cow at 0, 31
Removed entity cow from grid at 43, 47
Added entity house at 21, 10
Removed entity human from grid at 3, 17
Removed entity cow from grid at 44, 46
Removed entity tree from grid at 9, 7
Added entity tree at 29, 1
Added entity berry at 3, 37
Removed entity human from grid at 14, 26
Removed entity human from grid at 19, 10
Removed entity human from grid at 21, 9
Removed entity cow from grid at 27, 16
Removed entity human from grid at 22, 47
Added entity human at 32, 25
Added entity human at 45, 41
House dying at 32, 47. Occupants: 0
Removed entity house from grid at 32, 47
House dying at 5, 9. Occupants: 1
Checking 4, 8: [object Object]
Checking 4, 9: null
Added entity human at 4, 9
Ejected to 4, 9
Removed entity house from grid at 5, 9
Added entity cow at 21, 42
Added entity cow at 23, 7
Added entity cow at 0, 25
Added entity cow at 25, 25
Removed entity human from grid at 7, 22
Removed entity cow from grid at 48, 45
Removed entity human from grid at 16, 13
Removed entity cow from grid at 43, 47
Removed entity cow from grid at 3, 24
Removed entity cow from grid at 29, 24
Removed entity cow from grid at 1, 20
Added entity human at 12, 15
Added entity human at 8, 42
Added entity human at 34, 46
Added entity human at 7, 13
House dying at 3, 9. Occupants: 0
Removed entity house from grid at 3, 9
House dying at 29, 47. Occupants: 0
Removed entity house from grid at 29, 47
Removed entity tree from grid at 13, 16
Added entity cow at 22, 6
Added entity cow at 20, 41
Added entity cow at 3, 22
Added entity cow at 21, 29
Added entity human at 13, 7
Added entity house at 47, 44
Removed entity human from grid at 17, 10
Removed entity human from grid at 6, 19
Added entity human at 41, 45
Removed entity human from grid at 21, 11
Removed entity human from grid at 5, 42
Added entity house at 2, 0
Removed entity human from grid at 47, 23
Added entity human at 35, 26
Added entity house at 44, 18
Added entity human at 8, 6
Added entity human at 12, 5
Added entity human at 32, 29
Added entity human at 11, 34
Added entity human at 24, 48
House dying at 42, 33. Occupants: 2
Checking 41, 32: [object Object]
Checking 41, 33: null
Added entity human at 41, 33
Ejected to 41, 33
Checking 41, 32: [object Object]
Checking 41, 33: [object Object]
Checking 41, 34: [object Object]
Checking 42, 32: null
Added entity human at 42, 32
Ejected to 42, 32
Removed entity house from grid at 42, 33
Removed entity human from grid at 22, 10
Added entity tree at 43, 32
Removed entity human from grid at 24, 48
Added entity human at 40, 44
Added entity cow at 19, 40
Added entity cow at 23, 5
Removed entity cow from grid at 48, 43
Removed entity cow from grid at 2, 22
Removed entity cow from grid at 7, 25
Removed entity cow from grid at 47, 46
Added entity cow at 25, 27
Removed entity cow from grid at 42, 42
Removed entity cow from grid at 2, 26
Removed entity cow from grid at 45, 47
Removed entity cow from grid at 31, 22
Removed entity cow from grid at 4, 36
Removed entity cow from grid at 22, 8
Removed entity human from grid at 27, 47
Removed entity cow from grid at 1, 22
Removed entity wolf from grid at 29, 14
Added entity human at 23, 29
Removed entity human from grid at 44, 17
Added entity cow at 22, 4
Added entity cow at 18, 39
Added entity human at 41, 43
Removed entity tree from grid at 10, 4
Added entity cow at 4, 23
Added entity human at 4, 10
Removed entity cow from grid at 24, 38
Removed entity tree from grid at 44, 39
Removed entity human from grid at 6, 10
Added entity house at 19, 7
Added entity house at 22, 9
Added entity house at 38, 49
Removed entity cow from grid at 3, 22
Removed entity human from grid at 39, 49
Added entity human at 8, 37
Added entity tree at 7, 37
Added entity tree at 3, 9
Added entity cow at 5, 22
Added entity cow at 23, 3
Added entity cow at 22, 28
Removed entity human from grid at 45, 46
Added entity cow at 1, 32
Added entity house at 45, 20
Added entity human at 37, 43
Removed entity tree from grid at 39, 40
Removed entity cow from grid at 45, 47
Removed entity wolf from grid at 2, 30
Removed entity cow from grid at 2, 22
Removed entity cow from grid at 4, 21
Added entity human at 45, 23
Added entity human at 12, 8
Added entity human at 12, 42
House dying at 4, 49. Occupants: 0
Removed entity house from grid at 4, 49
Removed entity human from grid at 12, 42
Added entity tree at 12, 7
Added entity human at 38, 42
Added entity cow at 22, 2
Removed entity tree from grid at 4, 6
Added entity human at 16, 13
Removed entity cow from grid at 45, 44
Removed entity human from grid at 45, 21
Removed entity human from grid at 22, 8
Removed entity tree from grid at 39, 39
Added entity human at 1, 20
Removed entity human from grid at 31, 23
Removed entity human from grid at 43, 18
Removed entity tree from grid at 13, 33
Removed entity human from grid at 38, 42
Added entity human at 47, 23
Added entity tree at 30, 8
Added entity human at 6, 4
Added entity cow at 46, 48
Added entity cow at 22, 21
Added entity human at 5, 11
Added entity tree at 5, 10
Added entity cow at 45, 47
Added entity tree at 7, 3
Removed entity tree from grid at 47, 22
Added entity human at 0, 21
Added entity human at 15, 14
Added entity cow at 23, 1
Added entity house at 13, 7
Added entity cow at 6, 21
Added entity cow at 24, 26
Removed entity human from grid at 30, 27
Added entity house at 5, 7
Removed entity human from grid at 32, 25
Removed entity cow from grid at 42, 49
Removed entity tree from grid at 11, 16
Added entity house at 18, 7
Added entity human at 36, 25
Removed entity human from grid at 4, 10
Removed entity human from grid at 44, 46
Added entity house at 4, 22
Removed entity cow from grid at 3, 22
Removed entity human from grid at 22, 8
Removed entity cow from grid at 1, 35
Added entity house at 15, 36
Added entity cow at 28, 29
Added entity human at 27, 43
Added entity tree at 26, 42
Added entity cow at 29, 28
Added entity tree at 36, 24
Added entity cow at 23, 27
Removed entity tree from grid at 14, 14
Added entity cow at 44, 48
Added entity cow at 23, 20
Added entity cow at 19, 40
Removed entity cow from grid at 20, 27
Removed entity cow from grid at 18, 13
Removed entity human from grid at 34, 24
Removed entity cow from grid at 5, 27
Removed entity cow from grid at 3, 28
Removed entity wolf from grid at 4, 26
Removed entity cow from grid at 4, 21
Removed entity cow from grid at 24, 43
Removed entity human from grid at 9, 41
Removed entity cow from grid at 6, 27
Removed entity cow from grid at 1, 35
Removed entity cow from grid at 0, 22
Removed entity wolf from grid at 15, 45
Added entity human at 31, 44
Added entity human at 14, 36
Added entity tree at 31, 43
Added entity cow at 22, 19
Added entity human at 1, 20
Removed entity tree from grid at 13, 11
Added entity cow at 0, 33
Added entity cow at 21, 27
Removed entity cow from grid at 44, 48
Removed entity tree from grid at 16, 15
Removed entity tree from grid at 20, 40
Removed entity cow from grid at 19, 13
Removed entity human from grid at 6, 28
Removed entity cow from grid at 44, 46
Added entity house at 42, 22
Added entity house at 18, 6
Removed entity tree from grid at 42, 38
Removed entity wolf from grid at 28, 17
Added entity house at 32, 47
Added entity human at 6, 31
Added entity human at 6, 18
Added entity human at 14, 22
Added entity cow at 4, 23
Added entity cow at 21, 20
Added entity cow at 20, 41
Added entity cow at 28, 27
Removed entity human from grid at 20, 5
Added entity tree at 2, 22
Removed entity wolf from grid at 31, 11
Added entity cow at 22, 28
Removed entity cow from grid at 8, 31
Added entity cow at 24, 24
Removed entity cow from grid at 33, 21
Removed entity human from grid at 22, 46
Added entity human at 25, 44
Removed entity human from grid at 25, 44
Added entity cow at 21, 29
Added entity cow at 29, 26
Added entity cow at 21, 40
Added entity cow at 22, 19
Added entity cow at 3, 22
Added entity cow at 1, 34
Removed entity cow from grid at 15, 31
Removed entity cow from grid at 24, 39
Removed entity cow from grid at 23, 30
Removed entity cow from grid at 22, 8
Removed entity cow from grid at 3, 31
Removed entity cow from grid at 21, 11
Removed entity cow from grid at 2, 25
Removed entity cow from grid at 5, 31
Removed entity cow from grid at 3, 22
Removed entity cow from grid at 27, 11
Removed entity cow from grid at 5, 24
Removed entity cow from grid at 15, 39
Removed entity cow from grid at 26, 19
Added entity berry at 35, 5
Removed entity cow from grid at 18, 28
Added entity human at 8, 33
House dying at 8, 10. Occupants: 0
Removed entity house from grid at 8, 10
House dying at 7, 40. Occupants: 2
Checking 6, 39: [object Object]
Checking 6, 40: [object Object]
Checking 6, 41: null
Added entity human at 6, 41
Ejected to 6, 41
Checking 6, 39: [object Object]
Checking 6, 40: [object Object]
Checking 6, 41: [object Object]
Checking 7, 39: null
Added entity human at 7, 39
Ejected to 7, 39
Removed entity house from grid at 7, 40
Added entity cow at 2, 35
Added entity cow at 30, 27
Added entity cow at 20, 28
Added entity cow at 5, 22
Added entity cow at 22, 2
Added entity naturereserve at 23, 29
Human Eve built Nature Reserve for WOLF
Added entity naturereserve at 18, 43
Human Xander built Nature Reserve for WOLF
Added entity human at 13, 3
Added entity human at 27, 45
House dying at 7, 9. Occupants: 0
Removed entity house from grid at 7, 9
House dying at 29, 49. Occupants: 0
Removed entity house from grid at 29, 49
House dying at 7, 45. Occupants: 1
Checking 6, 44: null
Added entity human at 6, 44
Ejected to 6, 44
Removed entity house from grid at 7, 45
House dying at 5, 47. Occupants: 0
Removed entity house from grid at 5, 47
Added entity cow at 23, 3
Added entity cow at 19, 29
Added entity cow at 3, 36
Added entity cow at 23, 20
Added entity cow at 22, 39
Added entity cow at 23, 25
Added entity cow at 22, 28
Removed entity cow from grid at 21, 11
Removed entity cow from grid at 46, 43
Removed entity cow from grid at 21, 30
Removed entity cow from grid at 29, 26
Removed entity cow from grid at 47, 42
Removed entity cow from grid at 19, 42
Removed entity cow from grid at 2, 29
Removed entity cow from grid at 49, 41
Removed entity cow from grid at 3, 26
Removed entity cow from grid at 23, 4
Removed entity cow from grid at 25, 30
Removed entity cow from grid at 4, 21
Removed entity cow from grid at 4, 23
Removed entity cow from grid at 5, 27
Removed entity cow from grid at 16, 26
Removed entity cow from grid at 1, 26
Added entity human at 25, 46
Removed entity cow from grid at 18, 30
Removed entity cow from grid at 28, 41
Added entity human at 25, 30
Added entity human at 29, 42
Added entity wolf at 17, 35
Added entity human at 16, 21
Added entity human at 40, 40
House dying at 40, 36. Occupants: 1
Checking 39, 35: [object Object]
Checking 39, 36: null
Added entity human at 39, 36
Ejected to 39, 36
Removed entity house from grid at 40, 36
Added entity tree at 39, 39
Added entity cow at 21, 29
Added entity cow at 24, 21
Added entity cow at 18, 30
Added entity cow at 22, 4
Removed entity human from grid at 9, 41
Removed entity human from grid at 8, 43
Removed entity cow from grid at 30, 27
Removed entity human from grid at 13, 36
Removed entity human from grid at 16, 37
Added entity human at 29, 24
Added entity human at 3, 38
Added entity human at 25, 31
Added entity human at 28, 34
Added entity human at 18, 11
Added entity human at 8, 21
Added entity human at 12, 23
Added entity human at 27, 47
Added entity human at 5, 35
Added entity cow at 21, 5
Added entity cow at 17, 29
Added entity cow at 22, 24
Added entity cow at 21, 38
Removed entity cow from grid at 10, 26
Removed entity human from grid at 23, 44
Added entity cow at 1, 25
Removed entity human from grid at 24, 32
Added entity naturereserve at 18, 42
Human Xander built Nature Reserve for WOLF
Added entity human at 13, 8
Added entity human at 8, 31
Added entity human at 14, 20
Added entity human at 41, 30
House dying at 9, 17. Occupants: 1
Checking 8, 16: [object Object]
Checking 8, 17: null
Added entity human at 8, 17
Ejected to 8, 17
Removed entity house from grid at 9, 17
Added entity tree at 40, 12
Added entity cow at 22, 37
Added entity cow at 23, 23
Added entity cow at 16, 30
Added entity cow at 22, 6
Added entity cow at 22, 30
Removed entity human from grid at 15, 33
Added entity tree at 41, 39
Added entity naturereserve at 41, 48
Human Sam built Nature Reserve for WOLF
Removed entity wolf from grid at 31, 6
Added entity human at 18, 19
Added entity human at 3, 44
Added entity human at 33, 26
Added entity human at 38, 27
Added entity cow at 23, 31
Added entity cow at 23, 5
Added entity cow at 15, 31
Added entity cow at 23, 36
Removed entity human from grid at 24, 31
Added entity tree at 2, 8
Removed entity wolf from grid at 18, 47
Added entity naturereserve at 44, 48
Human Quinn built Nature Reserve for WOLF
Added entity human at 35, 29
Added entity human at 43, 25
Added entity human at 36, 36
House dying at 44, 36. Occupants: 0
Removed entity house from grid at 44, 36
House dying at 42, 37. Occupants: 1
Checking 41, 36: [object Object]
Checking 41, 37: null
Added entity human at 41, 37
Ejected to 41, 37
Removed entity house from grid at 42, 37
House dying at 7, 36. Occupants: 1
Checking 6, 35: null
Added entity human at 6, 35
Ejected to 6, 35
Removed entity house from grid at 7, 36
Added entity wolf at 45, 48
Added entity cow at 22, 35
Added entity cow at 22, 4
Removed entity cow from grid at 20, 18
Removed entity cow from grid at 20, 16
Added entity cow at 25, 22
Removed entity cow from grid at 21, 46
Removed entity cow from grid at 24, 17
Removed entity human from grid at 47, 41
Removed entity human from grid at 43, 43
Removed entity cow from grid at 23, 14
Removed entity cow from grid at 25, 12
Removed entity cow from grid at 28, 5
Removed entity cow from grid at 2, 27
Removed entity cow from grid at 18, 2
Removed entity cow from grid at 6, 19
Removed entity cow from grid at 3, 24
Removed entity cow from grid at 27, 9
Removed entity cow from grid at 20, 4
Removed entity wolf from grid at 30, 6
Removed entity cow from grid at 21, 21
Removed entity cow from grid at 6, 23
Removed entity human from grid at 43, 41
Added entity human at 25, 23
Added entity human at 8, 19
Added entity human at 5, 37
House dying at 25, 47. Occupants: 1
Checking 24, 46: null
Added entity human at 24, 46
Ejected to 24, 46
Removed entity house from grid at 25, 47
House dying at 46, 37. Occupants: 2
Checking 45, 36: [object Object]
Checking 45, 37: [object Object]
Checking 45, 38: null
Added entity human at 45, 38
Ejected to 45, 38
Checking 45, 36: [object Object]
Checking 45, 37: [object Object]
Checking 45, 38: [object Object]
Checking 46, 36: null
Added entity human at 46, 36
Ejected to 46, 36
Removed entity house from grid at 46, 37
Added entity cow at 26, 21
Added entity cow at 23, 3
Added entity cow at 21, 34
Added entity cow at 16, 30
Added entity berry at 31, 27
Added entity cow at 1, 25
Removed entity human from grid at 16, 34
Removed entity human from grid at 44, 46
Removed entity wolf from grid at 31, 5
Added entity naturereserve at 19, 0
Human Diana built Nature Reserve for WOLF
Added entity human at 42, 45
Added entity human at 7, 33
Removed entity human from grid at 42, 45
Added entity cow at 17, 31
Added entity cow at 22, 33
Added entity cow at 24, 24
Added entity naturereserve at 28, 38
Human Luna built Nature Reserve for WOLF
Added entity cow at 1, 36
Removed entity human from grid at 14, 36
Removed entity human from grid at 41, 45
Added entity human at 14, 40
House dying at 38, 35. Occupants: 1
Checking 37, 34: null
Added entity human at 37, 34
Ejected to 37, 34
Removed entity house from grid at 38, 35
Removed entity human from grid at 14, 40
Added entity cow at 23, 32
Added entity cow at 18, 32
Added entity cow at 0, 24
Added entity cow at 25, 20
Removed entity cow from grid at 25, 22
Removed entity cow from grid at 22, 17
Removed entity cow from grid at 6, 21
Removed entity cow from grid at 35, 24
Removed entity cow from grid at 22, 23
Removed entity cow from grid at 20, 26
Removed entity cow from grid at 22, 14
Removed entity cow from grid at 28, 25
Removed entity cow from grid at 18, 23
Removed entity cow from grid at 24, 17
Removed entity cow from grid at 20, 35
Removed entity cow from grid at 18, 22
Removed entity cow from grid at 5, 22
Removed entity cow from grid at 6, 27
Removed entity cow from grid at 18, 28
Removed entity cow from grid at 1, 27
Removed entity cow from grid at 21, 4
Removed entity cow from grid at 25, 19
Removed entity cow from grid at 26, 22
Removed entity cow from grid at 20, 19
Added entity human at 29, 38
Added entity human at 10, 21
Added entity cow at 27, 22
House dying at 11, 41. Occupants: 2
Checking 10, 40: [object Object]
Checking 10, 41: null
Added entity human at 10, 41
Ejected to 10, 41
Checking 10, 40: [object Object]
Checking 10, 41: [object Object]
Checking 10, 42: null
Added entity human at 10, 42
Ejected to 10, 42
Removed entity house from grid at 11, 41
Added entity cow at 1, 23
Added entity cow at 19, 31
Added entity cow at 22, 2
Removed entity cow from grid at 21, 3
Removed entity cow from grid at 27, 25
Added entity wolf at 19, 44
Added entity naturereserve at 27, 0
Human Grace built Nature Reserve for WOLF
Added entity human at 32, 23
Added entity cow at 28, 24
House dying at 40, 33. Occupants: 0
Removed entity house from grid at 40, 33
House dying at 6, 38. Occupants: 0
Removed entity house from grid at 6, 38
Added entity cow at 24, 21
Removed entity human from grid at 27, 36
Added entity human at 4, 35
Added entity human at 8, 21
House dying at 44, 34. Occupants: 1
Checking 43, 33: null
Added entity human at 43, 33
Ejected to 43, 33
Removed entity house from grid at 44, 34
Added entity cow at 28, 23
Added entity cow at 21, 3
Added entity cow at 27, 20
Added entity cow at 24, 33
Added entity naturereserve at 2, 27
Human Charlie built Nature Reserve for WOLF
Removed entity berry from grid at 3, 37
Removed entity wolf from grid at 18, 48
Added entity naturereserve at 29, 13
Human Ivy built Nature Reserve for WOLF
Removed entity wolf from grid at 19, 48
Removed entity wolf from grid at 33, 3
Added entity cow at 2, 30
House dying at 2, 49. Occupants: 0
Removed entity house from grid at 2, 49
House dying at 27, 48. Occupants: 2
Checking 26, 47: null
Added entity human at 26, 47
Ejected to 26, 47
Checking 26, 47: [object Object]
Checking 26, 48: null
Added entity human at 26, 48
Ejected to 26, 48
Removed entity house from grid at 27, 48
House dying at 9, 38. Occupants: 0
Removed entity house from grid at 9, 38
House dying at 5, 39. Occupants: 1
Checking 4, 38: null
Added entity human at 4, 38
Ejected to 4, 38
Removed entity house from grid at 5, 39
Added entity cow at 29, 22
Added entity wolf at 26, 1
Added entity cow at 20, 30
Added entity cow at 0, 22
Added entity cow at 24, 32
Added entity naturereserve at 0, 20
Human Grace built Nature Reserve for WOLF
Removed entity human from grid at 31, 22
Removed entity human from grid at 28, 41
Removed entity human from grid at 45, 21
Removed entity wolf from grid at 31, 12
Added entity human at 14, 36
Added entity human at 43, 23
Added entity human at 49, 42
Added entity human at 39, 25
House dying at 42, 35. Occupants: 2
Checking 41, 34: [object Object]
Checking 41, 35: null
Added entity human at 41, 35
Ejected to 41, 35
Checking 41, 34: [object Object]
Checking 41, 35: [object Object]
Checking 41, 36: null
Added entity human at 41, 36
Ejected to 41, 36
Removed entity house from grid at 42, 35
Removed entity human from grid at 49, 42
Added entity cow at 1, 31
Added entity cow at 28, 19
Added entity cow at 20, 2
Removed entity wolf from grid at 18, 38
Removed entity wolf from grid at 15, 48
Removed entity cow from grid at 21, 19
Added entity naturereserve at 29, 15
Human Frank built Nature Reserve for WOLF
Added entity naturereserve at 30, 13
Human Ivy built Nature Reserve for WOLF
Added entity naturereserve at 0, 29
Human Charlie built Nature Reserve for WOLF
Added entity naturereserve at 30, 47
Human Wendy built Nature Reserve for WOLF
Added entity human at 9, 30
Added entity human at 44, 29
Added entity cow at 26, 23
Added entity cow at 26, 31
Added entity human at 8, 48
House dying at 46, 35. Occupants: 1
Checking 45, 34: null
Added entity human at 45, 34
Ejected to 45, 34
Removed entity house from grid at 46, 35
Added entity cow at 19, 1
Added entity cow at 29, 18
Added entity cow at 25, 33
Added entity cow at 21, 31
Added entity cow at 30, 21
Added entity cow at 25, 20
Removed entity cow from grid at 14, 38
Removed entity cow from grid at 27, 36
Removed entity cow from grid at 4, 27
Removed entity cow from grid at 22, 44
Removed entity cow from grid at 25, 26
Removed entity cow from grid at 21, 24
Removed entity cow from grid at 22, 0
Removed entity cow from grid at 21, 23
Removed entity cow from grid at 29, 28
Removed entity cow from grid at 29, 24
Removed entity cow from grid at 26, 27
Removed entity cow from grid at 22, 21
Removed entity wolf from grid at 29, 14
Removed entity cow from grid at 22, 39
Removed entity cow from grid at 1, 27
Removed entity cow from grid at 27, 14
Removed entity cow from grid at 20, 26
Removed entity cow from grid at 23, 20
Removed entity cow from grid at 2, 30
Added entity human at 24, 47
Removed entity cow from grid at 25, 0
Added entity cow at 24, 19
Added entity cow at 31, 22
Added entity cow at 18, 0
Added entity cow at 25, 24
Added entity cow at 0, 32
Added entity cow at 23, 34
Added entity naturereserve at 17, 29
Human Wendy built Nature Reserve for WOLF
Added entity cow at 25, 23
Removed entity wolf from grid at 18, 40
Added entity naturereserve at 29, 17
Human Pip built Nature Reserve for WOLF
Added entity naturereserve at 33, 15
Human Grace built Nature Reserve for WOLF
Added entity human at 23, 26
Added entity naturereserve at 3, 31
Human Ivy built Nature Reserve for WOLF
Added entity human at 4, 2
Added entity human at 17, 15
Added entity cow at 26, 22
Added entity cow at 23, 18
Added entity cow at 20, 32
Added entity cow at 25, 30
Added entity naturereserve at 15, 47
Human Hank built Nature Reserve for WOLF
Removed entity wolf from grid at 35, 15
Removed entity cow from grid at 2, 36
Removed entity human from grid at 47, 43
Added entity naturereserve at 17, 40
Human Charlie built Nature Reserve for WOLF
Added entity human at 14, 23
Added entity human at 15, 6
Added entity human at 12, 40
Removed entity wolf from grid at 30, 14
Added entity human at 28, 34
Added entity human at 8, 4
Added entity cow at 27, 21
Removed entity cow from grid at 2, 39
Added entity naturereserve at 30, 15
Human Luna built Nature Reserve for WOLF
Added entity human at 13, 34
Added entity naturereserve at 33, 12
Human Wendy built Nature Reserve for WOLF
Added entity human at 25, 44
Added entity naturereserve at 14, 45
Human Diana built Nature Reserve for WOLF
Added entity human at 3, 38
Added entity cow at 28, 22
Added entity wolf at 16, 41
Added entity cow at 24, 33
Added entity cow at 26, 25
Added entity cow at 17, 1
Removed entity human from grid at 46, 41
Added entity naturereserve at 1, 27
Human Grace built Nature Reserve for WOLF
Added entity naturereserve at 31, 15
Human Luna built Nature Reserve for WOLF
Added entity naturereserve at 13, 49
Human Wendy built Nature Reserve for WOLF
Removed entity wolf from grid at 25, 1
Added entity human at 10, 33
Removed entity cow from grid at 29, 24
Added entity naturereserve at 3, 26
Human Ivy built Nature Reserve for WOLF
Added entity human at 14, 1
Added entity human at 29, 24
Added entity human at 49, 36
Added entity human at 29, 47
Added entity cow at 16, 2
Added entity wolf at 15, 48
Added entity cow at 30, 19
Added entity cow at 24, 32
Added entity cow at 29, 20
Removed entity human from grid at 13, 42
Removed entity cow from grid at 17, 36
Removed entity cow from grid at 20, 42
Removed entity cow from grid at 22, 25
Removed entity cow from grid at 2, 23
Removed entity cow from grid at 19, 29
Removed entity cow from grid at 26, 25
Removed entity cow from grid at 28, 23
Removed entity cow from grid at 24, 29
Removed entity cow from grid at 26, 20
Removed entity cow from grid at 25, 27
Removed entity cow from grid at 24, 21
Removed entity cow from grid at 19, 26
Removed entity wolf from grid at 34, 14
Removed entity wolf from grid at 36, 6
Removed entity cow from grid at 26, 33
Removed entity wolf from grid at 15, 48
Removed entity cow from grid at 25, 21
Removed entity cow from grid at 18, 3
Removed entity wolf from grid at 34, 13
Removed entity human from grid at 10, 34
Removed entity cow from grid at 23, 3
Removed entity cow from grid at 30, 21
Removed entity cow from grid at 26, 22
Removed entity cow from grid at 24, 21
Removed entity cow from grid at 2, 28
Removed entity cow from grid at 13, 30
Added entity human at 40, 40
Added entity cow at 1, 23
Removed entity human from grid at 42, 21
House dying at 6, 14. Occupants: 0
Removed entity house from grid at 6, 14
Added entity cow at 0, 24
Added entity cow at 28, 21
Added entity cow at 23, 31
Added entity cow at 15, 1
Added entity cow at 19, 30
Added entity cow at 23, 20
Added entity cow at 1, 33
Removed entity wolf from grid at 17, 42
Removed entity human from grid at 41, 22
Removed entity wolf from grid at 25, 1
Removed entity wolf from grid at 34, 14
Added entity naturereserve at 30, 7
Human Ivy built Nature Reserve for WOLF
Removed entity human from grid at 47, 40
Added entity naturereserve at 16, 44
Human Yara built Nature Reserve for WOLF
Removed entity human from grid at 39, 23
Removed entity human from grid at 31, 22
Added entity human at 7, 28
Added entity naturereserve at 13, 2
Human Alice built Nature Reserve for WOLF
Added entity cow at 28, 31
Added entity cow at 0, 34
Added entity cow at 22, 21
Added entity cow at 22, 32
Added entity cow at 29, 20
Added entity cow at 23, 32
Removed entity cow from grid at 20, 27
Removed entity cow from grid at 28, 28
Added entity wolf at 19, 42
Added entity naturereserve at 26, 3
Human Quinn built Nature Reserve for WOLF
Added entity human at 35, 42
Added entity human at 45, 39
House dying at 44, 40. Occupants: 2
Checking 43, 39: null
Added entity human at 43, 39
Ejected to 43, 39
Checking 43, 39: [object Object]
Checking 43, 40: null
Added entity human at 43, 40
Ejected to 43, 40
Removed entity house from grid at 44, 40
Added entity cow at 21, 33
Added entity wolf at 13, 3
Added entity cow at 20, 31
Removed entity human from grid at 17, 4
Added entity cow at 24, 29
Removed entity human from grid at 12, 10
Removed entity human from grid at 24, 48
Added entity naturereserve at 47, 25
Human Oscar built Nature Reserve for WOLF
Added entity cow at 1, 21
Removed entity wolf from grid at 19, 42
Added entity naturereserve at 25, 13
Human Bob built Nature Reserve for WOLF
Removed entity wolf from grid at 34, 15
Added entity naturereserve at 38, 18
Human Tina built Nature Reserve for WOLF
Removed entity wolf from grid at 39, 4
Removed entity human from grid at 15, 3
Added entity human at 2, 20
Added entity cow at 3, 24
Added entity human at 12, 38
Added entity cow at 4, 23
Added entity cow at 22, 34
Removed entity human from grid at 43, 41
Added entity cow at 22, 33
Added entity cow at 23, 22
Added entity cow at 15, 2
Added entity cow at 29, 22
Removed entity cow from grid at 16, 30
Removed entity cow from grid at 21, 27
Removed entity cow from grid at 23, 25
Removed entity cow from grid at 9, 32
Added entity wolf at 1, 30
Removed entity cow from grid at 21, 38
Added entity wolf at 19, 1
Removed entity cow from grid at 20, 29
Removed entity cow from grid at 33, 20
Removed entity cow from grid at 4, 30
Removed entity cow from grid at 25, 16
Removed entity cow from grid at 31, 20
Removed entity human from grid at 5, 33
Added entity wolf at 17, 43
Removed entity human from grid at 7, 29
Removed entity cow from grid at 23, 18
Removed entity cow from grid at 26, 18
Removed entity cow from grid at 21, 35
Removed entity cow from grid at 28, 6
Removed entity cow from grid at 28, 18
Removed entity cow from grid at 27, 19
Removed entity wolf from grid at 37, 12
Removed entity wolf from grid at 17, 43
Added entity human at 1, 34
Removed entity human from grid at 1, 34
Added entity cow at 16, 3
Added entity cow at 24, 23
Added entity cow at 21, 32
Added entity cow at 5, 22
Added entity cow at 25, 28
Added entity cow at 19, 32
Removed entity human from grid at 43, 41
Added entity cow at 29, 32
Added entity cow at 1, 25
Added entity cow at 29, 21
Added entity tree at 12, 8
Added entity naturereserve at 30, 6
Human Frank built Nature Reserve for WOLF
Added entity naturereserve at 18, 45
Human Oscar built Nature Reserve for WOLF
Removed entity human from grid at 7, 29
Added entity cow at 2, 30
Added entity human at 10, 44
Added entity cow at 1, 29
Added entity cow at 30, 22
Added entity cow at 2, 26
Added entity cow at 6, 21
Added entity cow at 25, 22
Removed entity cow from grid at 5, 22
Added entity cow at 2, 20
Added entity cow at 28, 21
Added entity cow at 1, 35
Removed entity cow from grid at 18, 28
Removed entity cow from grid at 22, 7
Removed entity cow from grid at 21, 29
Removed entity cow from grid at 25, 23
Removed entity cow from grid at 22, 24
Removed entity cow from grid at 23, 35
Removed entity cow from grid at 20, 29
Added entity wolf at 27, 39
Removed entity cow from grid at 31, 19
Removed entity cow from grid at 3, 29
Removed entity cow from grid at 28, 22
Removed entity cow from grid at 26, 2
Removed entity cow from grid at 29, 20
Removed entity human from grid at 32, 33
Removed entity cow from grid at 24, 17
Removed entity cow from grid at 28, 19
Removed entity human from grid at 29, 34
Added entity human at 28, 24
Added entity cow at 31, 21
Added entity naturereserve at 12, 45
Human Nina built Nature Reserve for WOLF
Added entity cow at 18, 33
Added entity cow at 15, 4
Added entity cow at 21, 35
Removed entity human from grid at 30, 41
Removed entity human from grid at 29, 45
Added entity wolf at 30, 18
Added entity naturereserve at 41, 10
Human Frank built Nature Reserve for WOLF
Removed entity human from grid at 29, 35
Added entity wolf at 27, 39
Added entity naturereserve at 20, 26
Human Eve built Nature Reserve for WOLF
Added entity naturereserve at 31, 13
Human Pip built Nature Reserve for WOLF
Added entity naturereserve at 19, 46
Human Pip built Nature Reserve for WOLF
Removed entity human from grid at 31, 23
Removed entity human from grid at 32, 25
Removed entity wolf from grid at 30, 18
Added entity human at 8, 46
Added entity human at 2, 18
Added entity human at 27, 33
Added entity human at 13, 40
Added entity cow at 14, 5
Added entity cow at 19, 34
Added entity cow at 30, 20
Added entity cow at 0, 36
Added entity cow at 27, 20
Added entity cow at 3, 25
Added entity cow at 0, 28
Added entity cow at 20, 33
Added entity cow at 28, 23
Added entity wolf at 25, 3
Removed entity cow from grid at 1, 29
Removed entity cow from grid at 19, 29
Removed entity cow from grid at 23, 18
Removed entity human from grid at 27, 41
Removed entity cow from grid at 21, 27
Added entity wolf at 14, 48
Removed entity cow from grid at 25, 22
Added entity wolf at 31, 14
Removed entity cow from grid at 21, 25
Removed entity cow from grid at 22, 21
Removed entity cow from grid at 29, 28
Removed entity cow from grid at 24, 34
Removed entity cow from grid at 21, 36
Removed entity cow from grid at 31, 21
Removed entity cow from grid at 24, 25
Removed entity wolf from grid at 31, 14
Removed entity cow from grid at 29, 23
Removed entity cow from grid at 30, 20
Removed entity cow from grid at 23, 37
Removed entity cow from grid at 23, 1
Removed entity human from grid at 48, 45
Removed entity cow from grid at 19, 11
Removed entity wolf from grid at 25, 37
Removed entity wolf from grid at 39, 0
Removed entity wolf from grid at 22, 0
Added entity human at 25, 46
Added entity human at 40, 40
Added entity tree at 35, 1
Added entity cow at 29, 24
Added entity cow at 20, 35
Removed entity human from grid at 10, 44
Removed entity human from grid at 46, 40
Removed entity wolf from grid at 24, 2
Removed entity human from grid at 10, 45
Added entity cow at 2, 35
Removed entity wolf from grid at 15, 49
Added entity wolf at 19, 43
Removed entity wolf from grid at 37, 9
Removed entity wolf from grid at 23, 38
Added entity human at 28, 28
Added entity naturereserve at 37, 6
Human Ivy built Nature Reserve for WOLF
Added entity human at 34, 43
House dying at 46, 39. Occupants: 2
Checking 45, 38: null
Added entity human at 45, 38
Ejected to 45, 38
Checking 45, 38: [object Object]
Checking 45, 39: null
Added entity human at 45, 39
Ejected to 45, 39
Removed entity house from grid at 46, 39
Removed entity human from grid at 23, 44
Added entity cow at 26, 21
Removed entity wolf from grid at 17, 41
Added entity naturereserve at 49, 20
Human Alice built Nature Reserve for WOLF
Removed entity tree from grid at 46, 38
Added entity naturereserve at 17, 49
Human Charlie built Nature Reserve for WOLF
Added entity naturereserve at 20, 47
Human Hank built Nature Reserve for WOLF
Added entity naturereserve at 33, 9
Human Oscar built Nature Reserve for WOLF
Added entity human at 21, 30
Added entity naturereserve at 30, 4
Human Diana built Nature Reserve for WOLF
Added entity human at 7, 31
Added entity human at 8, 33
House dying at 31, 49. Occupants: 0
Removed entity house from grid at 31, 49
Removed entity human from grid at 7, 31
Added entity cow at 25, 22
Added entity cow at 22, 36
Added entity naturereserve at 16, 26
Human Diana built Nature Reserve for WOLF
Added entity naturereserve at 15, 45
Human Quinn built Nature Reserve for WOLF
Added entity naturereserve at 34, 20
Human Xander built Nature Reserve for WOLF
Added entity naturereserve at 36, 11
Human Charlie built Nature Reserve for WOLF
Added entity human at 18, 21
Added entity human at 21, 30
Added entity human at 10, 23
Added entity human at 12, 37
Added entity cow at 21, 36
Added entity cow at 28, 25
Added entity cow at 4, 26
Added entity cow at 1, 35
Added entity cow at 26, 27
Added entity naturereserve at 2, 19
Human Zane built Nature Reserve for WOLF
Added entity naturereserve at 31, 9
Human Yara built Nature Reserve for WOLF
Added entity naturereserve at 35, 2
Human Ivy built Nature Reserve for WOLF
Removed entity wolf from grid at 40, 8
House dying at 6, 12. Occupants: 0
Removed entity house from grid at 6, 12
Added entity cow at 22, 35
Added entity cow at 24, 23
Added entity wolf at 14, 49
Added entity naturereserve at 40, 14
Human Tina built Nature Reserve for WOLF
Added entity naturereserve at 36, 4
Human Zane built Nature Reserve for WOLF
Removed entity human from grid at 16, 0
Removed entity wolf from grid at 43, 1
Added entity human at 25, 26
Added entity human at 34, 27
Added entity human at 7, 21
House dying at 7, 49. Occupants: 0
Removed entity house from grid at 7, 49
Added entity cow at 27, 26
Added entity cow at 3, 27
Removed entity cow from grid at 14, 36
Removed entity cow from grid at 22, 30
Added entity cow at 23, 37
Removed entity cow from grid at 18, 28
Removed entity cow from grid at 27, 22
Added entity cow at 1, 34
Removed entity cow from grid at 27, 32
Added entity wolf at 18, 47
Added entity cow at 3, 21
Removed entity cow from grid at 2, 29
Removed entity cow from grid at 22, 21
Removed entity cow from grid at 24, 23
Removed entity cow from grid at 24, 29
Added entity wolf at 1, 30
Removed entity cow from grid at 21, 36
Removed entity cow from grid at 26, 20
Removed entity cow from grid at 27, 17
Removed entity cow from grid at 27, 26
Removed entity cow from grid at 24, 33
Removed entity cow from grid at 25, 23
Removed entity cow from grid at 22, 28
Removed entity cow from grid at 28, 30
Removed entity cow from grid at 23, 21
Removed entity cow from grid at 22, 38
Removed entity cow from grid at 19, 2
Removed entity cow from grid at 23, 39
Removed entity cow from grid at 22, 36
Removed entity cow from grid at 18, 35
Removed entity wolf from grid at 41, 1
Removed entity cow from grid at 27, 38
Removed entity wolf from grid at 42, 10
Removed entity cow from grid at 4, 26
Removed entity wolf from grid at 40, 5
Removed entity wolf from grid at 14, 47
Added entity human at 3, 20
Added entity human at 30, 29
Added entity human at 35, 29
House dying at 41, 41. Occupants: 0
Removed entity house from grid at 41, 41
House dying at 28, 44. Occupants: 0
Removed entity house from grid at 28, 44
Added entity cow at 4, 28
Added entity cow at 21, 34
Added entity cow at 29, 26
Removed entity human from grid at 7, 34
Added entity cow at 19, 32
Removed entity human from grid at 6, 31
Removed entity cow from grid at 20, 37
Removed entity human from grid at 8, 34
Added entity naturereserve at 33, 5
Human Oscar built Nature Reserve for WOLF
Added entity naturereserve at 19, 38
Human Xander built Nature Reserve for WOLF
Removed entity human from grid at 16, 1
Added entity human at 18, 5
Added entity human at 14, 23
Added entity human at 12, 31
Removed entity human from grid at 16, 3
Added entity naturereserve at 32, 15
Human Yara built Nature Reserve for WOLF
Added entity human at 39, 23
Added entity human at 5, 21
Added entity human at 5, 20
Added entity human at 35, 34
Removed entity human from grid at 18, 5
Added entity cow at 5, 29
Added entity cow at 21, 37
Added entity cow at 16, 2
Added entity naturereserve at 14, 47
Human Victor built Nature Reserve for WOLF
Added entity cow at 3, 22
Added entity wolf at 2, 26
Removed entity wolf from grid at 16, 48
Added entity naturereserve at 20, 37
Human Yara built Nature Reserve for WOLF
Added entity wolf at 30, 14
Added entity naturereserve at 40, 9
Human Pip built Nature Reserve for WOLF
Added entity naturereserve at 42, 7
Human Alice built Nature Reserve for WOLF
Added entity naturereserve at 29, 4
Human Zane built Nature Reserve for WOLF
Removed entity wolf from grid at 40, 2
Added entity naturereserve at 17, 43
Human Wendy built Nature Reserve for WOLF
Added entity human at 24, 32
Added entity naturereserve at 11, 28
Human Xander built Nature Reserve for WOLF
Added entity naturereserve at 34, 5
Human Zane built Nature Reserve for WOLF
Added entity human at 10, 48
Added entity tree at 7, 36
Added entity cow at 2, 23
Added entity human at 3, 38
House dying at 11, 20. Occupants: 1
Checking 10, 19: null
Added entity human at 10, 19
Ejected to 10, 19
Removed entity house from grid at 11, 20
Removed entity human from grid at 3, 38
Added entity cow at 20, 36
Added entity cow at 6, 30
Removed entity human from grid at 6, 20
Removed entity human from grid at 6, 23
Added entity cow at 0, 33
Added entity cow at 2, 36
Added entity wolf at 19, 27
Removed entity human from grid at 13, 25
Removed entity human from grid at 25, 24
Removed entity human from grid at 23, 26
Removed entity wolf from grid at 30, 14
Removed entity human from grid at 14, 22
Removed entity human from grid at 19, 3
Added entity naturereserve at 18, 47
Human Milo built Nature Reserve for WOLF
Added entity naturereserve at 35, 10
Human Frank built Nature Reserve for WOLF
Added entity naturereserve at 17, 45
Human Wendy built Nature Reserve for WOLF
Added entity human at 21, 21
Removed entity human from grid at 5, 23
Added entity naturereserve at 14, 46
Human Diana built Nature Reserve for WOLF
Added entity human at 18, 11
Added entity human at 27, 44
Added entity human at 9, 12
Added entity cow at 21, 13
Added entity cow at 20, 12
Removed entity human from grid at 21, 21
Added entity cow at 7, 29
Removed entity human from grid at 8, 21
Removed entity human from grid at 23, 31
Added entity cow at 17, 3
Removed entity human from grid at 17, 20
Removed entity human from grid at 16, 23
Added entity naturereserve at 13, 47
Human Victor built Nature Reserve for WOLF
Removed entity human from grid at 12, 24
Removed entity human from grid at 4, 32
Added entity naturereserve at 34, 6
Human Hank built Nature Reserve for WOLF
Added entity naturereserve at 33, 20
Human Ruby built Nature Reserve for WOLF
Added entity naturereserve at 40, 8
Human Pip built Nature Reserve for WOLF
Added entity naturereserve at 38, 12
Human Oscar built Nature Reserve for WOLF
Added entity naturereserve at 31, 0
Human Diana built Nature Reserve for WOLF
Added entity naturereserve at 28, 13
Human Milo built Nature Reserve for WOLF
Removed entity human from grid at 12, 30
Added entity cow at 8, 28
Added entity cow at 19, 11
Added entity cow at 3, 37
Added entity wolf at 31, 16
Added entity cow at 20, 31
Added entity cow at 2, 20
Removed entity cow from grid at 26, 28
Removed entity cow from grid at 26, 26
Removed entity cow from grid at 18, 31
Removed entity cow from grid at 26, 27
Removed entity cow from grid at 25, 35
Removed entity cow from grid at 28, 31
Removed entity cow from grid at 30, 19
Removed entity cow from grid at 25, 21
Removed entity cow from grid at 21, 37
Removed entity wolf from grid at 49, 11
Removed entity cow from grid at 26, 23
Removed entity human from grid at 14, 28
Removed entity wolf from grid at 31, 16
Removed entity cow from grid at 19, 36
Removed entity cow from grid at 21, 36
Removed entity wolf from grid at 47, 8
Added entity human at 41, 37
Added entity cow at 28, 24
Added entity cow at 1, 30
Added entity cow at 3, 19
Added entity cow at 2, 38
Added entity cow at 9, 29
Added entity cow at 18, 4
Added entity cow at 1, 32
Added entity cow at 22, 35
Added entity naturereserve at 35, 21
Human Grace built Nature Reserve for WOLF
Added entity wolf at 2, 18
Removed entity human from grid at 25, 26
Added entity wolf at 18, 49
Added entity wolf at 0, 19
Removed entity human from grid at 25, 29
Added entity wolf at 43, 49
Added entity wolf at 19, 41
Removed entity human from grid at 18, 22
Removed entity human from grid at 4, 18
Added entity wolf at 22, 29
Removed entity human from grid at 13, 39
Removed entity human from grid at 9, 16
Removed entity wolf from grid at 46, 8
Added entity human at 47, 24
Removed entity human from grid at 9, 21
Added entity human at 45, 25
Added entity human at 11, 4
Added entity cow at 21, 23
House dying at 10, 36. Occupants: 0
Removed entity house from grid at 10, 36
House dying at 9, 40. Occupants: 2
Checking 8, 39: [object Object]
Checking 8, 40: null
Added entity human at 8, 40
Ejected to 8, 40
Checking 8, 39: [object Object]
Checking 8, 40: [object Object]
Checking 8, 41: null
Added entity human at 8, 41
Ejected to 8, 41
Removed entity house from grid at 9, 40
Added entity tree at 47, 22
Removed entity human from grid at 11, 4
Added entity cow at 23, 34
Added entity cow at 19, 5
Added entity cow at 8, 30
Added entity cow at 4, 18
Added entity cow at 0, 31
Removed entity human from grid at 25, 42
Removed entity human from grid at 8, 17
Removed entity human from grid at 13, 27
Removed entity cow from grid at 18, 12
Removed entity human from grid at 24, 33
Removed entity cow from grid at 27, 32
Removed entity human from grid at 25, 46
Removed entity cow from grid at 26, 22
Removed entity human from grid at 13, 38
Added entity wolf at 27, 37
Removed entity wolf from grid at 19, 49
Removed entity cow from grid at 23, 42
Removed entity human from grid at 28, 30
Removed entity cow from grid at 18, 38
Removed entity human from grid at 38, 40
Removed entity cow from grid at 23, 35
Removed entity cow from grid at 20, 34
Removed entity cow from grid at 25, 41
Added entity human at 21, 16
Removed entity wolf from grid at 45, 7
Removed entity wolf from grid at 47, 5
Added entity human at 37, 38
House dying at 4, 37. Occupants: 0
Removed entity house from grid at 4, 37
House dying at 4, 13. Occupants: 0
Removed entity house from grid at 4, 13
Added entity cow at 3, 17
Added entity cow at 9, 31
Removed entity human from grid at 7, 41
Added entity cow at 4, 21
Removed entity human from grid at 29, 36
Removed entity human from grid at 28, 31
Added entity naturereserve at 39, 11
Human Oscar built Nature Reserve for WOLF
Added entity naturereserve at 49, 8
Human Alice built Nature Reserve for WOLF
Removed entity human from grid at 23, 31
Added entity naturereserve at 35, 12
Human Oscar built Nature Reserve for WOLF
Added entity naturereserve at 34, 16
Human Oscar built Nature Reserve for WOLF
Removed entity wolf from grid at 19, 41
Added entity human at 24, 48
Added entity human at 11, 33
Removed entity human from grid at 26, 36
Removed entity wolf from grid at 47, 8
Added entity human at 20, 19
Added entity naturereserve at 37, 11
Human Zane built Nature Reserve for WOLF
Added entity human at 27, 25
Added entity human at 8, 14
Removed entity human from grid at 8, 14
Removed entity human from grid at 27, 25
Removed entity human from grid at 11, 33
Added entity cow at 3, 20
Added entity cow at 4, 16
Added entity cow at 21, 20
Added entity cow at 29, 22
Added entity cow at 21, 11
Removed entity cow from grid at 22, 15
Added entity wolf at 17, 46
Added entity cow at 20, 35
Added entity wolf at 1, 18
Removed entity cow from grid at 21, 32
Added entity wolf at 11, 46
Removed entity wolf from grid at 47, 9
Added entity wolf at 30, 16
Removed entity cow from grid at 22, 37
Added entity berry at 48, 10
Removed entity cow from grid at 23, 27
Removed entity cow from grid at 28, 34
Removed entity human from grid at 7, 21
Removed entity cow from grid at 22, 12
Removed entity human from grid at 8, 17
Removed entity cow from grid at 24, 36
Added entity human at 19, 8
Removed entity cow from grid at 21, 33
Added entity human at 14, 25
Removed entity human from grid at 14, 25
Removed entity human from grid at 19, 8
Added entity cow at 20, 10
Added entity cow at 28, 21
Added entity cow at 22, 21
Removed entity human from grid at 22, 46
Added entity cow at 8, 32
Added entity cow at 3, 37
Added entity cow at 21, 32
Removed entity human from grid at 16, 9
Removed entity human from grid at 10, 47
Added entity wolf at 35, 6
Added entity wolf at 12, 28
Added entity wolf at 14, 48
Removed entity cow from grid at 33, 23
Removed entity cow from grid at 20, 27
Added entity cow at 1, 25
Removed entity wolf from grid at 23, 40
Removed entity cow from grid at 21, 20
Removed entity wolf from grid at 35, 6
Removed entity cow from grid at 22, 35
Removed entity wolf from grid at 48, 9
Removed entity cow from grid at 23, 28
Removed entity cow from grid at 20, 35
Removed entity cow from grid at 28, 21
Removed entity cow from grid at 19, 29
Removed entity cow from grid at 28, 23
Added entity human at 4, 17
Added entity human at 6, 25
Added entity human at 24, 49
House dying at 13, 37. Occupants: 2
Checking 12, 36: [object Object]
Checking 12, 37: null
Added entity human at 12, 37
Ejected to 12, 37
Checking 12, 36: [object Object]
Checking 12, 37: [object Object]
Checking 12, 38: null
Added entity human at 12, 38
Ejected to 12, 38
Removed entity house from grid at 13, 37
Removed entity human from grid at 12, 37
Removed entity human from grid at 6, 25
Removed entity human from grid at 4, 17
Added entity cow at 4, 36
Added entity cow at 21, 9
Added entity wolf at 48, 7
Removed entity human from grid at 38, 43
Removed entity human from grid at 44, 41
Added entity wolf at 20, 38
Removed entity wolf from grid at 21, 27
Added entity wolf at 33, 8
Added entity wolf at 37, 19
Removed entity wolf from grid at 37, 19
Added entity wolf at 33, 16
Added entity naturereserve at 29, 19
Human Ruby built Nature Reserve for WOLF
Removed entity wolf from grid at 30, 16
Removed entity wolf from grid at 33, 16
Removed entity wolf from grid at 17, 44
Added entity naturereserve at 43, 12
Human Quinn built Nature Reserve for WOLF
Removed entity wolf from grid at 17, 30
Removed entity wolf from grid at 47, 4
Added entity human at 6, 25
Added entity human at 30, 28
Added entity human at 33, 25
Added entity human at 30, 26
Added entity human at 16, 19
Added entity cow at 23, 23
House dying at 42, 40. Occupants: 2
Checking 41, 39: [object Object]
Checking 41, 40: null
Added entity human at 41, 40
Ejected to 41, 40
Checking 41, 39: [object Object]
Checking 41, 40: [object Object]
Checking 41, 41: null
Added entity human at 41, 41
Ejected to 41, 41
Removed entity house from grid at 42, 40
Removed entity human from grid at 41, 40
Removed entity human from grid at 6, 25
Added entity cow at 22, 10
Added entity cow at 5, 35
Added entity cow at 5, 15
Added entity cow at 17, 4
Removed entity wolf from grid at 16, 45
Removed entity cow from grid at 21, 13
Added entity cow at 3, 24
Removed entity cow from grid at 19, 30
Removed entity cow from grid at 20, 11
Added entity wolf at 17, 48
Removed entity cow from grid at 23, 23
Removed entity cow from grid at 25, 2
Removed entity cow from grid at 22, 10
Removed entity cow from grid at 18, 32
Removed entity cow from grid at 25, 37
Added entity naturereserve at 48, 11
Human Yara built Nature Reserve for WOLF
Removed entity cow from grid at 19, 30
Removed entity wolf from grid at 32, 7
Removed entity wolf from grid at 21, 41
Added entity human at 17, 15
Added entity human at 41, 40
Added entity cow at 4, 23
Added entity cow at 6, 14
Added entity cow at 2, 26
Added entity cow at 20, 31
Added entity cow at 9, 33
Added entity cow at 27, 26
Added entity wolf at 15, 46
Added entity wolf at 4, 30
Added entity wolf at 27, 38
Added entity human at 22, 11
Removed entity human from grid at 31, 33
Added entity naturereserve at 33, 14
Human Yara built Nature Reserve for WOLF
Added entity human at 35, 24
Added entity human at 41, 37
Added entity cow at 47, 48
House dying at 11, 36. Occupants: 1
Checking 10, 35: [object Object]
Checking 10, 36: null
Added entity human at 10, 36
Ejected to 10, 36
Removed entity house from grid at 11, 36
Removed entity human from grid at 10, 36
Added entity cow at 48, 47
Added entity cow at 3, 27
Added entity cow at 7, 15
Added entity cow at 18, 3
Removed entity human from grid at 10, 38
Added entity cow at 20, 24
Added entity cow at 2, 21
Added entity cow at 22, 35
Added entity wolf at 30, 3
Removed entity cow from grid at 29, 22
Removed entity human from grid at 20, 10
Added entity wolf at 21, 46
Removed entity cow from grid at 19, 35
Removed entity human from grid at 5, 46
Removed entity cow from grid at 20, 31
Removed entity cow from grid at 29, 20
Removed entity wolf from grid at 16, 47
Removed entity wolf from grid at 21, 46
Removed entity human from grid at 30, 38
Added entity cow at 21, 25
Added entity cow at 6, 16
Added entity cow at 4, 28
Removed entity human from grid at 22, 11
Added entity cow at 26, 27
Added entity cow at 8, 32
Added entity cow at 4, 34
Added entity wolf at 13, 45
Added entity wolf at 15, 48
Removed entity cow from grid at 24, 29
Removed entity cow from grid at 20, 24
Added entity wolf at 21, 48
Removed entity cow from grid at 21, 34
Added entity wolf at 30, 12
Removed entity cow from grid at 22, 35
Added entity wolf at 2, 26
Removed entity wolf from grid at 21, 48
Removed entity cow from grid at 23, 36
Removed entity wolf from grid at 46, 10
Removed entity wolf from grid at 30, 3
Removed entity cow from grid at 21, 32
Removed entity wolf from grid at 27, 40
Removed entity wolf from grid at 24, 2
Added entity human at 10, 23
Added entity cow at 3, 35
Added entity cow at 7, 33
Added entity cow at 25, 26
Added entity cow at 3, 29
Added entity cow at 19, 2
Added entity cow at 5, 24
Removed entity cow from grid at 20, 11
Removed entity human from grid at 43, 44
Removed entity cow from grid at 30, 27
Removed entity cow from grid at 22, 10
Removed entity cow from grid at 29, 23
Removed entity cow from grid at 11, 27
Removed entity cow from grid at 20, 24
Removed entity cow from grid at 20, 32
Removed entity cow from grid at 46, 47
Removed entity human from grid at 14, 35
Added entity cow at 27, 32
Added entity wolf at 27, 2
Removed entity cow from grid at 22, 34
Removed entity wolf from grid at 32, 12
Added entity wolf at 28, 14
Added entity wolf at 28, 39
Removed entity cow from grid at 21, 33
Removed entity cow from grid at 22, 6
Removed entity cow from grid at 27, 38
Added entity naturereserve at 44, 0
Human Bob built Nature Reserve for WOLF
Added entity human at 12, 34
House dying at 13, 18. Occupants: 0
Removed entity house from grid at 13, 18
Added entity cow at 6, 23
Added entity cow at 20, 3
Removed entity wolf from grid at 7, 26
Added entity cow at 47, 46
Added entity wolf at 34, 14
Added entity wolf at 42, 11
Removed entity wolf from grid at 16, 47
Removed entity human from grid at 34, 35
Added entity wolf at 18, 38
Removed entity cow from grid at 25, 28
Removed entity cow from grid at 19, 24
Added entity wolf at 49, 21
Removed entity wolf from grid at 47, 47
Removed entity cow from grid at 18, 23
Removed entity cow from grid at 27, 26
Added entity wolf at 29, 16
Removed entity cow from grid at 22, 33
Removed entity wolf from grid at 29, 16
Removed entity human from grid at 43, 25
Removed entity wolf from grid at 28, 39
Removed entity wolf from grid at 15, 48
Removed entity human from grid at 21, 15
Added entity human at 19, 17
Removed entity cow from grid at 18, 33
Added entity human at 1, 34
Added entity human at 49, 35
Added entity human at 27, 34
Added entity cow at 49, 47
Added entity cow at 2, 30
Added entity cow at 7, 17
Removed entity wolf from grid at 18, 49
Added entity wolf at 15, 48
Added entity wolf at 47, 24
Added entity wolf at 16, 39
Removed entity wolf from grid at 34, 14
Added entity berry at 27, 17
Removed entity wolf from grid at 28, 14
Removed entity wolf from grid at 19, 40
Removed entity wolf from grid at 16, 39
Removed entity wolf from grid at 27, 2
Removed entity wolf from grid at 48, 3
Added entity human at 23, 36
Added entity human at 20, 11
Added entity human at 37, 42
Added entity human at 8, 48
Added entity human at 30, 26
Added entity cow at 21, 21
House dying at 46, 33. Occupants: 0
Removed entity house from grid at 46, 33
House dying at 36, 35. Occupants: 0
Removed entity house from grid at 36, 35
Removed entity human from grid at 8, 48
Added entity cow at 1, 29
Added entity cow at 46, 47
Added entity cow at 7, 22
Added entity cow at 28, 31
Added entity cow at 2, 36
Removed entity cow from grid at 27, 28
Removed entity cow from grid at 29, 28
Removed entity human from grid at 49, 30
Added entity wolf at 41, 8
Added entity wolf at 21, 37
Added entity wolf at 30, 5
Removed entity wolf from grid at 13, 44
Added entity wolf at 20, 27
Removed entity cow from grid at 49, 41
Removed entity cow from grid at 20, 22
Removed entity wolf from grid at 30, 5
Removed entity human from grid at 24, 31
House dying at 3, 39. Occupants: 1
Checking 2, 38: [object Object]
Checking 2, 39: [object Object]
Checking 2, 40: null
Added entity human at 2, 40
Ejected to 2, 40
Removed entity house from grid at 3, 39
House dying at 40, 30. Occupants: 0
Removed entity house from grid at 40, 30
House dying at 9, 43. Occupants: 2
Checking 8, 42: null
Added entity human at 8, 42
Ejected to 8, 42
Checking 8, 42: [object Object]
Checking 8, 43: null
Added entity human at 8, 43
Ejected to 8, 43
Removed entity house from grid at 9, 43
House dying at 33, 45. Occupants: 0
Removed entity house from grid at 33, 45
Removed entity human from grid at 2, 40
Added entity cow at 3, 37
Added entity cow at 8, 23
Removed entity human from grid at 23, 36
Added entity cow at 8, 18
Added entity cow at 19, 2
Removed entity wolf from grid at 8, 37
Added entity cow at 8, 34
Removed entity human from grid at 9, 25
Removed entity cow from grid at 42, 44
Added entity cow at 0, 33
Added entity wolf at 21, 36
Removed entity cow from grid at 9, 29
Added entity wolf at 32, 8
Added entity wolf at 1, 18
Added entity wolf at 48, 19
Removed entity cow from grid at 44, 47
Added entity wolf at 20, 45
Added entity wolf at 31, 14
Added entity wolf at 19, 27
Added entity wolf at 13, 44
Added entity tree at 11, 8
Removed entity wolf from grid at 31, 14
Added entity wolf at 31, 12
Removed entity wolf from grid at 32, 8
Removed entity cow from grid at 22, 4
Removed entity wolf from grid at 42, 10
Removed entity wolf from grid at 20, 45
Added entity cow at 20, 1
Added entity cow at 9, 22
Removed entity human from grid at 7, 42
Removed entity cow from grid at 28, 31
Removed entity cow from grid at 3, 33
Removed entity human from grid at 39, 24
Added entity wolf at 38, 10
Added entity wolf at 35, 15
Removed entity human from grid at 10, 29
Removed entity cow from grid at 26, 31
Added entity wolf at 48, 20
Removed entity cow from grid at 48, 43
Added entity wolf at 15, 43
Added entity wolf at 0, 26
Removed entity wolf from grid at 31, 12
Removed entity cow from grid at 21, 3
Removed entity wolf from grid at 21, 36
Removed entity cow from grid at 21, 4
Added entity human at 18, 11
Added entity human at 13, 38
House dying at 38, 32. Occupants: 0
Removed entity house from grid at 38, 32
Removed entity human from grid at 13, 38
Added entity cow at 8, 21
Added entity cow at 7, 17
Added entity cow at 4, 36
Added entity cow at 45, 48
Added entity cow at 0, 30
Removed entity cow from grid at 4, 32
Removed entity cow from grid at 42, 45
Removed entity cow from grid at 17, 23
Removed entity cow from grid at 27, 32
Removed entity wolf from grid at 17, 47
Added entity wolf at 39, 13
Removed entity wolf from grid at 46, 49
Added entity wolf at 38, 19
Removed entity cow from grid at 47, 46
Added entity wolf at 27, 2
Added entity wolf at 3, 27
Removed entity wolf from grid at 38, 10
Removed entity wolf from grid at 39, 10
Added entity human at 27, 44
Removed entity cow from grid at 20, 3
Added entity human at 5, 19
Added entity human at 8, 19
House dying at 38, 33. Occupants: 0
Removed entity house from grid at 38, 33
House dying at 6, 34. Occupants: 1
Checking 5, 33: null
Added entity human at 5, 33
Ejected to 5, 33
Removed entity house from grid at 6, 34
Removed entity human from grid at 8, 19
Removed entity human from grid at 5, 19
Added entity cow at 44, 49
Added entity cow at 8, 16
Added entity cow at 21, 2
Added entity cow at 9, 35
Removed entity human from grid at 9, 44
Removed entity human from grid at 26, 27
Removed entity cow from grid at 45, 47
Removed entity human from grid at 26, 31
Added entity wolf at 34, 1
Removed entity cow from grid at 47, 46
Removed entity cow from grid at 47, 47
Added entity wolf at 28, 16
Added entity wolf at 28, 15
Removed entity cow from grid at 49, 45
Removed entity wolf from grid at 28, 15
Removed entity cow from grid at 21, 2
Removed entity wolf from grid at 27, 2
Removed entity cow from grid at 24, 32
Removed entity cow from grid at 14, 33
Added entity human at 32, 23
Removed entity human from grid at 32, 23
Added entity cow at 10, 34
Added entity cow at 43, 48
Removed entity human from grid at 25, 42
Added entity wolf at 37, 10
Added entity wolf at 21, 36
Added entity wolf at 15, 46
Added entity wolf at 31, 8
Added entity wolf at 29, 6
Added entity naturereserve at 20, 25
Human Hank built Nature Reserve for WOLF
Removed entity human from grid at 45, 22
Removed entity wolf from grid at 37, 10
Removed entity wolf from grid at 31, 8
Removed entity wolf from grid at 29, 6
Added entity naturereserve at 37, 10
Human Diana built Nature Reserve for WOLF
Added entity naturereserve at 45, 9
Human Yara built Nature Reserve for WOLF
Removed entity wolf from grid at 33, 1
Added entity human at 23, 46
Added entity human at 25, 29
Added entity human at 5, 31
House dying at 40, 39. Occupants: 1
Checking 39, 38: null
Added entity human at 39, 38
Ejected to 39, 38
Removed entity house from grid at 40, 39
Removed entity human from grid at 5, 31
Added entity cow at 42, 49
Added entity cow at 11, 33
Added entity cow at 49, 45
Added entity cow at 3, 20
Added entity cow at 1, 30
Added entity wolf at 17, 44
Removed entity human from grid at 26, 26
Removed entity cow from grid at 49, 45
Removed entity cow from grid at 47, 46
Removed entity human from grid at 23, 44
Removed entity wolf from grid at 21, 37
Removed entity cow from grid at 23, 32
Removed entity cow from grid at 21, 2
Removed entity wolf from grid at 36, 17
Added entity human at 19, 15
Removed entity wolf from grid at 26, 16
Added entity cow at 12, 34
Added entity cow at 3, 35
Added entity naturereserve at 23, 15
Human Grace built Nature Reserve for WOLF
Added entity wolf at 41, 9
Added entity wolf at 34, 9
Removed entity wolf from grid at 15, 41
Added entity naturereserve at 28, 7
Human Pip built Nature Reserve for WOLF
Removed entity human from grid at 24, 29
Added entity naturereserve at 47, 0
Human Frank built Nature Reserve for WOLF
Added entity wolf at 20, 0
Removed entity wolf from grid at 34, 9
Added entity human at 21, 21
Removed entity wolf from grid at 16, 43
Added entity human at 11, 34
Added entity human at 49, 40
Removed entity human from grid at 21, 21
Added entity cow at 4, 34
Added entity cow at 9, 17
Removed entity cow from grid at 3, 30
Removed entity cow from grid at 17, 3
Removed entity cow from grid at 2, 32
Removed entity cow from grid at 4, 37
Removed entity human from grid at 28, 24
Removed entity cow from grid at 47, 47
Added entity wolf at 21, 26
Added entity wolf at 25, 3
Removed entity human from grid at 34, 24
Removed entity wolf from grid at 25, 3
Removed entity wolf from grid at 19, 43
Removed entity wolf from grid at 41, 8
Added entity human at 14, 35
Added entity human at 46, 19
Removed entity cow from grid at 15, 30
Removed entity human from grid at 46, 19
Removed entity human from grid at 14, 35
Removed entity human from grid at 13, 32
Added entity cow at 2, 29
Added entity cow at 41, 47
Removed entity wolf from grid at 2, 28
Removed entity human from grid at 28, 30
Removed entity wolf from grid at 36, 14
Added entity wolf at 23, 30
Added entity naturereserve at 18, 33
Human Milo built Nature Reserve for WOLF
Removed entity wolf from grid at 37, 13
Added entity naturereserve at 32, 10
Human Hank built Nature Reserve for WOLF
Added entity human at 12, 22
Added entity human at 8, 25
Removed entity wolf from grid at 19, 1
Removed entity naturereserve from grid at 1, 24
Removed entity human from grid at 12, 22
Added entity cow at 42, 46
Added entity cow at 3, 28
Added entity cow at 5, 33
Removed entity human from grid at 20, 18
Added entity cow at 2, 21
Added entity wolf at 38, 9
Removed entity cow from grid at 4, 29
Added entity cow at 9, 22
Added entity cow at 1, 32
Removed entity cow from grid at 18, 4
Removed entity cow from grid at 5, 35
Added entity wolf at 28, 5
Added entity wolf at 39, 10
Added entity wolf at 31, 14
Added entity wolf at 30, 10
Added entity wolf at 28, 17
Removed entity wolf from grid at 23, 30
Removed entity wolf from grid at 19, 39
Removed entity cow from grid at 19, 3
Removed entity wolf from grid at 38, 9
Added entity human at 22, 11
Removed entity cow from grid at 18, 3
Removed entity wolf from grid at 30, 10
Added entity cow at 1, 20
Added entity cow at 41, 45
Added entity wolf at 17, 34
Added entity cow at 10, 18
Added entity cow at 11, 35
Removed entity human from grid at 27, 26
Removed entity cow from grid at 3, 30
Removed entity cow from grid at 19, 5
Removed entity human from grid at 20, 11
Removed entity human from grid at 2, 34
Removed entity cow from grid at 48, 45
Removed entity human from grid at 15, 37
Added entity wolf at 38, 13
Added entity wolf at 32, 14
Added entity wolf at 37, 4
Removed entity wolf from grid at 14, 27
Added entity wolf at 37, 18
Removed entity wolf from grid at 29, 12
Removed entity wolf from grid at 26, 16
Removed entity wolf from grid at 30, 3
Removed entity wolf from grid at 38, 9
Added entity human at 46, 19
Removed entity wolf from grid at 32, 14
Removed entity cow from grid at 17, 2
Added entity human at 20, 5
Added entity human at 40, 45
Removed entity human from grid at 46, 19
Added entity cow at 10, 34
Removed entity human from grid at 9, 23
Added entity wolf at 35, 15
Added entity wolf at 18, 46
Added entity berry at 10, 29
Removed entity wolf from grid at 22, 25
Removed entity wolf from grid at 37, 12
Added entity human at 8, 19
Removed entity naturereserve from grid at 16, 5
House dying at 12, 16. Occupants: 0
Removed entity house from grid at 12, 16
Added entity cow at 9, 33
Added entity cow at 4, 29
Removed entity wolf from grid at 4, 26
Added entity wolf at 15, 46
Added entity wolf at 15, 27
Added entity wolf at 18, 28
Added entity wolf at 29, 14
Removed entity human from grid at 34, 24
Removed entity wolf from grid at 39, 14
Removed entity wolf from grid at 19, 24
Removed entity wolf from grid at 37, 4
Removed entity wolf from grid at 17, 32
Added entity human at 18, 8
Added entity human at 22, 32
Added entity human at 48, 24
Removed entity cow from grid at 17, 2
Added entity human at 19, 13
Removed entity human from grid at 48, 24
Added entity naturereserve at 21, 32
Human Frank built Nature Reserve for WOLF
Removed entity human from grid at 9, 18
Added entity cow at 41, 46
Added entity cow at 2, 21
Added entity wolf at 48, 1
Removed entity wolf from grid at 17, 25
Removed entity cow from grid at 13, 36
Added entity naturereserve at 40, 5
Human Zane built Nature Reserve for WOLF
Added entity naturereserve at 41, 7
Human Grace built Nature Reserve for WOLF
Added entity tree at 10, 39
Added entity naturereserve at 34, 14
Human Hank built Nature Reserve for WOLF
Removed entity naturereserve from grid at 27, 30
Added entity cow at 5, 28
Removed entity cow from grid at 41, 49
Removed entity wolf from grid at 3, 27
Removed entity cow from grid at 16, 3
Removed entity cow from grid at 1, 31
Removed entity cow from grid at 41, 46
Removed entity cow from grid at 43, 47
Removed entity wolf from grid at 19, 28
Added entity wolf at 31, 14
Added entity wolf at 30, 16
Removed entity cow from grid at 43, 44
Removed entity wolf from grid at 16, 46
Removed entity wolf from grid at 29, 12
Removed entity wolf from grid at 35, 16
Removed entity cow from grid at 16, 1
Added entity human at 43, 17
Removed entity cow from grid at 15, 1
Added entity human at 16, 22
Added entity human at 29, 41
Added entity human at 49, 33
Added entity human at 32, 30
Removed entity naturereserve from grid at 4, 24
Removed entity naturereserve from grid at 22, 22
Removed entity human from grid at 43, 17
Added entity cow at 6, 27
Added entity wolf at 34, 13
Added entity cow at 11, 20
Added entity cow at 10, 23
Added entity cow at 4, 34
Removed entity wolf from grid at 1, 29
Added entity wolf at 36, 20
Removed entity human from grid at 22, 34
Added entity naturereserve at 20, 28
Human Ivy built Nature Reserve for WOLF
Removed entity wolf from grid at 32, 12
Removed entity wolf from grid at 34, 13
Added entity naturereserve at 46, 4
Human Bob built Nature Reserve for WOLF
Added entity human at 29, 32
Added entity cow at 27, 33
Removed entity naturereserve from grid at 2, 31
Added entity cow at 12, 21
Added entity cow at 2, 31
Added entity wolf at 17, 32
Added entity wolf at 15, 46
Added entity wolf at 30, 46
Removed entity cow from grid at 6, 41
Added entity human at 48, 38
Added entity human at 45, 43
Removed entity naturereserve from grid at 16, 29
Added entity cow at 5, 26
Added entity cow at 10, 34
Removed entity wolf from grid at 0, 27
Added entity wolf at 49, 11
Added entity wolf at 29, 14
Added entity wolf at 29, 3
Added entity wolf at 32, 14
Added entity wolf at 21, 25
Removed entity cow from grid at 43, 48
Removed entity wolf from grid at 29, 3
Removed entity wolf from grid at 34, 13
Removed entity wolf from grid at 29, 14
Removed entity wolf from grid at 33, 16
Added entity human at 21, 14
Removed entity wolf from grid at 47, 1
Added entity human at 14, 42
Removed entity human from grid at 14, 42
Added entity wolf at 46, 5
Added entity cow at 3, 35
Removed entity human from grid at 18, 20
Removed entity wolf from grid at 16, 46
Removed entity cow from grid at 42, 49
Removed entity cow from grid at 15, 6
Removed entity cow from grid at 0, 30
Added entity wolf at 34, 13
Removed entity cow from grid at 43, 48
Removed entity wolf from grid at 20, 29
Removed entity cow from grid at 13, 33
Removed entity cow from grid at 12, 5
Added entity wolf at 20, 38
Removed entity cow from grid at 5, 38
Added entity wolf at 17, 42
Added entity human at 43, 21
Added entity naturereserve at 48, 1
Human Bob built Nature Reserve for WOLF
Added entity human at 12, 24
Removed entity human from grid at 12, 24
Removed entity human from grid at 43, 21
Added entity cow at 3, 20
Added entity wolf at 11, 27
Removed entity human from grid at 16, 20
Added entity wolf at 2, 18
Added entity naturereserve at 36, 2
Human Ruby built Nature Reserve for WOLF
Added entity naturereserve at 32, 0
Human Frank built Nature Reserve for WOLF
Added entity human at 41, 21
Added entity human at 16, 35
Removed entity wolf from grid at 33, 19
Added entity human at 26, 36
Removed entity naturereserve from grid at 27, 23
Removed entity naturereserve from grid at 26, 34
Removed entity human from grid at 41, 21
Added entity cow at 2, 36
Added entity cow at 11, 33
Removed entity cow from grid at 40, 48
Added entity cow at 13, 22
Added entity berry at 14, 40
Added entity wolf at 23, 28
Added entity human at 26, 49
Removed entity human from grid at 26, 49
Added entity cow at 14, 21
Added entity cow at 1, 35
Removed entity human from grid at 16, 36
Added entity cow at 9, 22
Removed entity human from grid at 27, 34
Added entity wolf at 41, 5
Removed entity cow from grid at 1, 29
Added entity wolf at 19, 47
Removed entity wolf from grid at 17, 39
Added entity wolf at 28, 17
Removed entity wolf from grid at 17, 24
Removed entity berry from grid at 10, 29
Removed entity wolf from grid at 36, 15
Added entity human at 21, 8
House dying at 9, 20. Occupants: 2
Checking 8, 19: null
Added entity human at 8, 19
Ejected to 8, 19
Checking 8, 19: [object Object]
Checking 8, 20: [object Object]
Checking 8, 21: [object Object]
Checking 9, 19: null
Added entity human at 9, 19
Ejected to 9, 19
Removed entity house from grid at 9, 20
Removed entity human from grid at 8, 19
Removed entity wolf from grid at 16, 48
Added entity naturereserve at 18, 40
Human Uma built Nature Reserve for WOLF
Added entity naturereserve at 31, 11
Human Pip built Nature Reserve for WOLF
Removed entity wolf from grid at 19, 30
Removed entity wolf from grid at 33, 13
Added entity naturereserve at 48, 8
Human Zane built Nature Reserve for WOLF
Removed entity wolf from grid at 17, 41
Removed entity wolf from grid at 47, 2
Added entity cow at 2, 36
Added entity cow at 3, 30
Removed entity human from grid at 21, 14
Removed entity human from grid at 36, 46
Added entity wolf at 28, 6
Added entity naturereserve at 46, 40
Human Luna built Nature Reserve for WOLF
Added entity wolf at 34, 9
Removed entity human from grid at 21, 11
Removed entity wolf from grid at 42, 4
Removed entity cow from grid at 9, 19
Added entity wolf at 36, 10
Removed entity cow from grid at 14, 28
Removed entity wolf from grid at 20, 39
Removed entity cow from grid at 24, 32
Added entity berry at 37, 9
Removed entity human from grid at 14, 10
Added entity human at 29, 44
Removed entity human from grid at 29, 44
Added entity wolf at 32, 11
Added entity cow at 12, 32
Added entity cow at 6, 25
Removed entity human from grid at 19, 11
Removed entity wolf from grid at 26, 14
Removed entity cow from grid at 0, 26
Removed entity cow from grid at 2, 28
Added entity wolf at 49, 9
Added entity wolf at 29, 12
Removed entity wolf from grid at 10, 27
Added entity wolf at 36, 6
Removed entity wolf from grid at 36, 6
Removed entity wolf from grid at 38, 8
Removed entity cow from grid at 5, 43
Removed entity wolf from grid at 29, 12
Added entity naturereserve at 33, 6
Human Frank built Nature Reserve for WOLF
Removed entity wolf from grid at 32, 11
Removed entity human from grid at 14, 7
Removed entity wolf from grid at 29, 3
Added entity naturereserve at 40, 2
Human Ruby built Nature Reserve for WOLF
Removed entity human from grid at 13, 11
Removed entity human from grid at 14, 6
Added entity human at 29, 24
Removed entity human from grid at 13, 0
House dying at 46, 42. Occupants: 1
Checking 45, 41: null
Added entity human at 45, 41
Ejected to 45, 41
Removed entity house from grid at 46, 42
Added entity cow at 1, 37
Added entity cow at 8, 23
Added entity cow at 4, 21
Removed entity human from grid at 14, 10
Added entity wolf at 46, 1
Added entity wolf at 22, 14
Removed entity human from grid at 18, 10
Removed entity human from grid at 14, 8
Added entity wolf at 34, 22
Added entity wolf at 27, 13
Added entity wolf at 38, 11
Added entity wolf at 33, 4
Removed entity cow from grid at 10, 26
Removed entity cow from grid at 9, 27
Removed entity cow from grid at 11, 25
Added entity wolf at 14, 44
Removed entity cow from grid at 14, 21
Removed entity cow from grid at 14, 37
Added entity wolf at 31, 8
Removed entity human from grid at 16, 11
Removed entity cow from grid at 11, 30
Removed entity wolf from grid at 27, 13
Removed entity wolf from grid at 32, 11
Removed entity human from grid at 20, 10
Removed entity human from grid at 12, 37
Removed entity human from grid at 14, 5
Added entity human at 10, 46
Added entity human at 9, 21
House dying at 11, 18. Occupants: 0
Removed entity house from grid at 11, 18
Added entity cow at 3, 22
Added entity cow at 7, 26
Removed entity human from grid at 13, 15
Added entity wolf at 32, 21
Added entity wolf at 13, 45
Added entity wolf at 31, 7
Removed entity human from grid at 18, 4
Removed entity wolf from grid at 30, 9
Removed entity wolf from grid at 23, 13
Added entity human at 48, 43
Removed entity human from grid at 13, 0
Removed entity human from grid at 17, 6
Added entity human at 31, 33
Added entity human at 25, 33
House dying at 37, 37. Occupants: 0
Removed entity house from grid at 37, 37
Added entity cow at 8, 27
Removed entity human from grid at 29, 23
Removed entity human from grid at 40, 27
Removed entity human from grid at 10, 45
Added entity wolf at 30, 19
Added entity wolf at 16, 49
Added entity wolf at 21, 25
Removed entity human from grid at 16, 8
Removed entity human from grid at 14, 23
Removed entity wolf from grid at 32, 6
Removed entity wolf from grid at 38, 9
Removed entity wolf from grid at 33, 4
Added entity naturereserve at 32, 8
Human Tina built Nature Reserve for WOLF
Removed entity human from grid at 14, 22
Removed entity human from grid at 18, 19
Removed entity wolf from grid at 30, 19
Removed entity naturereserve from grid at 22, 13
House dying at 8, 12. Occupants: 0
Removed entity house from grid at 8, 12
Added entity cow at 7, 28
Added entity naturereserve at 26, 35
Human Grace built Nature Reserve for WOLF
Added entity cow at 4, 23
Added entity cow at 2, 36
Added entity cow at 2, 29
Added entity naturereserve at 34, 9
Human Tina built Nature Reserve for WOLF
Added entity wolf at 40, 7
Removed entity human from grid at 17, 19
Removed entity cow from grid at 10, 33
Added entity wolf at 32, 14
Added entity wolf at 37, 19
Added entity wolf at 29, 7
Removed entity cow from grid at 11, 35
Removed entity wolf from grid at 22, 24
Added entity wolf at 19, 43
Removed entity human from grid at 6, 44
Removed entity wolf from grid at 43, 3
Added entity naturereserve at 38, 28
Human Bob built Nature Reserve for WOLF
Added entity naturereserve at 40, 4
Human Yara built Nature Reserve for WOLF
Added entity cow at 48, 47
Removed entity naturereserve from grid at 2, 24
Removed entity naturereserve from grid at 47, 49
Added entity wolf at 39, 3
Added entity cow at 1, 30
Added entity cow at 3, 35
Removed entity cow from grid at 13, 22
Removed entity cow from grid at 12, 32
Removed entity cow from grid at 11, 34
Removed entity wolf from grid at 15, 44
Removed entity wolf from grid at 29, 7
Removed entity wolf from grid at 47, 9
Removed entity wolf from grid at 39, 3
Added entity human at 32, 23
Added entity human at 1, 32
Removed entity human from grid at 1, 32
Removed entity human from grid at 32, 23
Added entity cow at 4, 34
Added entity wolf at 31, 10
Removed entity cow from grid at 49, 47
Added entity wolf at 38, 11
Removed entity human from grid at 15, 10
Removed entity cow from grid at 10, 34
Removed entity cow from grid at 13, 17
Added entity wolf at 15, 48
Removed entity cow from grid at 10, 36
Removed entity wolf from grid at 42, 5
Added entity human at 31, 30
Added entity human at 32, 35
Added entity cow at 2, 29
Added entity cow at 8, 27
Added entity wolf at 34, 13
Added entity wolf at 41, 4
Added entity naturereserve at 47, 48
Human Luna built Nature Reserve for WOLF
Added entity wolf at 14, 48
Added entity wolf at 42, 9
Added entity wolf at 26, 4
Added entity naturereserve at 38, 9
Human Oscar built Nature Reserve for WOLF
Removed entity human from grid at 15, 6
Removed entity wolf from grid at 41, 4
Added entity human at 9, 29
Removed entity wolf from grid at 15, 7
Added entity human at 25, 36
Added entity naturereserve at 34, 15
Human Hank built Nature Reserve for WOLF
Removed entity wolf from grid at 30, 11
Added entity human at 47, 40
Removed entity naturereserve from grid at 48, 48
House dying at 28, 46. Occupants: 0
Removed entity house from grid at 28, 46
Removed entity human from grid at 25, 36
Added entity cow at 3, 30
Removed entity human from grid at 25, 33
Added entity wolf at 21, 28
Removed entity wolf from grid at 20, 38
Removed entity human from grid at 27, 26
Added entity naturereserve at 22, 41
Human Pip built Nature Reserve for WOLF
Removed entity wolf from grid at 30, 11
Added entity wolf at 26, 0
Added entity naturereserve at 28, 15
Human Uma built Nature Reserve for WOLF
Added entity human at 19, 5
Added entity naturereserve at 41, 1
Human Ivy built Nature Reserve for WOLF
Removed entity wolf from grid at 35, 14
Added entity human at 29, 22
Removed entity wolf from grid at 26, 5
Removed entity human from grid at 29, 22
Added entity cow at 5, 33
Added entity wolf at 36, 10
Added entity wolf at 16, 43
Removed entity cow from grid at 9, 30
Removed entity wolf from grid at 37, 13
Removed entity wolf from grid at 36, 15
Added entity cow at 2, 29
Added entity cow at 9, 28
Added entity naturereserve at 36, 21
Human Jack built Nature Reserve for WOLF
Added entity wolf at 32, 5
Added entity wolf at 46, 3
Added entity wolf at 12, 47
Added entity wolf at 28, 3
Added entity wolf at 2, 18
Removed entity cow from grid at 7, 29
Added entity wolf at 41, 11
Removed entity human from grid at 15, 17
Removed entity wolf from grid at 39, 10
Removed entity wolf from grid at 28, 3
Removed entity wolf from grid at 32, 5
Added entity naturereserve at 36, 0
Human Diana built Nature Reserve for WOLF
Added entity human at 17, 3
Added entity cow at 10, 29
Removed entity cow from grid at 12, 28
Added entity naturereserve at 42, 48
Human Luna built Nature Reserve for WOLF
Added entity berry at 20, 11
Removed entity wolf from grid at 20, 29
Removed entity cow from grid at 5, 23
Added entity wolf at 28, 5
Added entity wolf at 21, 38
Added entity wolf at 41, 15
Added entity wolf at 25, 12
Added entity wolf at 30, 14
Added entity wolf at 18, 1
Removed entity wolf from grid at 28, 5
Removed entity human from grid at 13, 12
Removed entity wolf from grid at 34, 10
Removed entity human from grid at 15, 9
Added entity human at 13, 5
House dying at 8, 13. Occupants: 1
Checking 7, 12: null
Added entity human at 7, 12
Ejected to 7, 12
Removed entity house from grid at 8, 13
Removed entity human from grid at 13, 5
Added entity cow at 11, 30
Removed entity human from grid at 16, 3
Added entity cow at 4, 32
Removed entity human from grid at 19, 6
Added entity cow at 3, 24
Removed entity wolf from grid at 19, 40
Removed entity wolf from grid at 39, 13
Added entity naturereserve at 31, 4
Human Luna built Nature Reserve for WOLF
Removed entity cow from grid at 11, 30
Removed entity cow from grid at 12, 38
Added entity naturereserve at 33, 7
Human Ruby built Nature Reserve for WOLF
Removed entity wolf from grid at 26, 1
Added entity human at 48, 45
Removed entity human from grid at 3, 23
Removed entity human from grid at 10, 10
Removed entity cow from grid at 9, 31
Removed entity human from grid at 16, 13
Removed entity wolf from grid at 40, 11
Removed entity cow from grid at 10, 29
Removed entity wolf from grid at 49, 7
Added entity naturereserve at 33, 3
Human Ruby built Nature Reserve for WOLF
Removed entity wolf from grid at 39, 7
Added entity human at 25, 44
Added entity human at 5, 34
Added entity human at 27, 30
Added entity human at 39, 40
Added entity human at 45, 41
Added entity cow at 5, 31
Added entity cow at 1, 30
Removed entity cow from grid at 10, 26
Removed entity cow from grid at 12, 21
Removed entity wolf from grid at 19, 40
Removed entity cow from grid at 5, 23
Added entity wolf at 36, 12
Added entity wolf at 20, 36
Removed entity cow from grid at 7, 30
Added entity wolf at 16, 39
Removed entity cow from grid at 9, 29
Added entity human at 14, 1
Removed entity human from grid at 13, 3
Added entity human at 13, 40
Added entity berry at 31, 30
Removed entity human from grid at 27, 42
Added entity cow at 2, 25
Added entity cow at 9, 22
Added entity wolf at 21, 26
Removed entity wolf from grid at 18, 38
Removed entity human from grid at 12, 19
Added entity wolf at 29, 5
Removed entity wolf from grid at 16, 41
Removed entity wolf from grid at 30, 14
Added entity human at 24, 46
Added entity human at 25, 23
Added entity human at 25, 30
Added entity human at 11, 12
House dying at 13, 20. Occupants: 1
Checking 12, 19: null
Added entity human at 12, 19
Ejected to 12, 19
Removed entity house from grid at 13, 20
House dying at 26, 45. Occupants: 2
Checking 25, 44: null
Added entity human at 25, 44
Ejected to 25, 44
Checking 25, 44: [object Object]
Checking 25, 45: null
Added entity human at 25, 45
Ejected to 25, 45
Removed entity house from grid at 26, 45
Removed entity human from grid at 25, 44
Removed entity human from grid at 11, 12
Removed entity human from grid at 25, 23
Added entity cow at 8, 21
Added entity cow at 1, 26
Removed entity human from grid at 15, 1
Removed entity human from grid at 12, 22
Added entity wolf at 39, 5
Removed entity human from grid at 13, 39
Added entity wolf at 13, 48
Added entity wolf at 15, 46
Added entity naturereserve at 29, 5
Human Ruby built Nature Reserve for WOLF
Removed entity human from grid at 18, 17
Added entity wolf at 29, 38
Removed entity human from grid at 12, 20
Removed entity wolf from grid at 36, 15
Removed entity wolf from grid at 39, 5
Removed entity wolf from grid at 28, 4
Added entity naturereserve at 32, 6
Human Ruby built Nature Reserve for WOLF
Removed entity human from grid at 14, 20
Added entity human at 16, 8
Added entity human at 20, 5
Added entity human at 14, 25
Added entity human at 8, 48
Added entity human at 30, 29
House dying at 42, 31. Occupants: 0
Removed entity house from grid at 42, 31
Removed entity human from grid at 8, 48
Removed entity human from grid at 14, 25
Removed entity human from grid at 20, 5
Removed entity human from grid at 14, 18
Removed entity human from grid at 22, 48
Added entity cow at 0, 31
Added entity wolf at 42, 2
Removed entity human from grid at 32, 35
Removed entity human from grid at 37, 44
Added entity wolf at 19, 26
Removed entity human from grid at 4, 23
Added entity wolf at 45, 0
Added entity wolf at 29, 20
Removed entity cow from grid at 9, 32
Removed entity human from grid at 20, 18
Removed entity wolf from grid at 19, 23
Added entity naturereserve at 31, 14
Human Zane built Nature Reserve for WOLF
Added entity human at 12, 27
Added entity human at 23, 30
Added entity human at 16, 1
Added entity human at 40, 45
House dying at 44, 30. Occupants: 0
Removed entity house from grid at 44, 30
Removed entity human from grid at 16, 1
Removed entity human from grid at 12, 27
Removed entity human from grid at 25, 47
Added entity cow at 6, 30
Removed entity human from grid at 33, 33
Removed entity cow from grid at 6, 41
Added entity wolf at 45, 41
Removed entity human from grid at 44, 39
Added entity wolf at 47, 1
Added entity wolf at 20, 36
Removed entity cow from grid at 11, 30
Added entity wolf at 26, 2
Removed entity wolf from grid at 28, 18
Added entity tree at 37, 31
Added entity human at 18, 22
Removed entity human from grid at 18, 21
Added entity wolf at 22, 42
Removed entity human from grid at 48, 38
Removed entity human from grid at 48, 31
Added entity wolf at 38, 5
Added entity wolf at 34, 13
Added entity wolf at 17, 42
Removed entity wolf from grid at 21, 1
Removed entity wolf from grid at 30, 2
Added entity human at 18, 23
Added entity human at 23, 30
Added entity human at 25, 46
Added entity human at 26, 36
Added entity human at 3, 17
Removed entity human from grid at 3, 17
Removed entity human from grid at 26, 36
Removed entity human from grid at 25, 46
Removed entity human from grid at 18, 23
Removed entity human from grid at 22, 30
Added entity cow at 7, 22
Removed entity wolf from grid at 19, 40
Added entity wolf at 35, 16
Removed entity human from grid at 21, 30
Added entity wolf at 34, 21
Added entity wolf at 35, 4
Added entity wolf at 17, 25
Added entity wolf at 30, 14
Added entity wolf at 27, 38
Added entity naturereserve at 43, 9
Human Sam built Nature Reserve for WOLF
Removed entity wolf from grid at 38, 5
Removed entity cow from grid at 6, 38
Added entity naturereserve at 33, 0
Human Charlie built Nature Reserve for WOLF
Removed entity human from grid at 14, 23
Removed entity wolf from grid at 17, 26
Removed entity human from grid at 26, 33
Removed entity human from grid at 40, 39
Added entity wolf at 30, 11
Removed entity wolf from grid at 21, 27
Added entity wolf at 15, 46
Added entity wolf at 16, 43
Added entity wolf at 13, 48
Added entity wolf at 36, 12
Removed entity human from grid at 47, 29
Added entity wolf at 27, 2
Removed entity wolf from grid at 19, 39
Removed entity tree from grid at 16, 24
Removed entity wolf from grid at 30, 11
Added entity human at 14, 33
Added entity human at 19, 19
Removed entity tree from grid at 45, 2
Removed entity wolf from grid at 26, 15
Added entity human at 6, 44
Added entity human at 11, 34
House dying at 40, 38. Occupants: 1
Checking 39, 37: null
Added entity human at 39, 37
Ejected to 39, 37
Removed entity house from grid at 40, 38
Added entity cow at 6, 21
Removed entity human from grid at 34, 39
Removed entity human from grid at 35, 41
Added entity wolf at 28, 16
Added entity wolf at 49, 2
Removed entity wolf from grid at 38, 10
Removed entity wolf from grid at 34, 13
Added entity naturereserve at 40, 11
Human Zane built Nature Reserve for WOLF
Removed entity wolf from grid at 36, 12
Removed entity wolf from grid at 41, 0
Removed entity human from grid at 42, 21
Added entity human at 49, 22
Removed entity wolf from grid at 27, 2
Added entity human at 8, 19
Added entity human at 11, 34
Removed entity human from grid at 8, 19
Removed entity human from grid at 49, 22
Removed entity human from grid at 16, 35
Added entity cow at 7, 31
Added entity cow at 1, 30
Removed entity wolf from grid at 35, 15
Removed entity human from grid at 35, 39
Added entity wolf at 32, 1
Removed entity wolf from grid at 32, 1
Added entity wolf at 39, 9
Added entity naturereserve at 29, 0
Human Ruby built Nature Reserve for WOLF
Added entity wolf at 29, 16
Removed entity wolf from grid at 29, 14
Removed entity wolf from grid at 35, 7
Removed entity human from grid at 21, 20
Removed entity wolf from grid at 49, 11
Removed entity wolf from grid at 46, 1
Removed entity wolf from grid at 27, 15
Added entity human at 14, 34
Added entity human at 7, 30
Removed entity cow from grid at 6, 30
Added entity cow at 6, 30
Added entity cow at 5, 20
Removed entity human from grid at 13, 36
Removed entity wolf from grid at 21, 41
Added entity wolf at 19, 27
Added entity naturereserve at 36, 15
Human Diana built Nature Reserve for WOLF
Added entity wolf at 33, 17
Added entity wolf at 19, 37
Removed entity wolf from grid at 19, 27
Added entity wolf at 41, 13
Added entity wolf at 17, 25
Removed entity wolf from grid at 19, 37
Removed entity wolf from grid at 27, 14
Added entity naturereserve at 31, 1
Human Ruby built Nature Reserve for WOLF
Removed entity wolf from grid at 16, 46
Removed entity cow from grid at 14, 20
Added entity wolf at 20, 0
Added entity wolf at 17, 42
Removed entity wolf from grid at 48, 12
Removed entity wolf from grid at 46, 1
House dying at 16, 16. Occupants: 0
Removed entity house from grid at 16, 16
House dying at 9, 34. Occupants: 2
Checking 8, 33: null
Added entity human at 8, 33
Ejected to 8, 33
Checking 8, 33: [object Object]
Checking 8, 34: null
Added entity human at 8, 34
Ejected to 8, 34
Removed entity house from grid at 9, 34
Removed entity cow from grid at 7, 33
Removed entity cow from grid at 7, 31
Added entity cow at 2, 31
Added entity cow at 0, 27
Removed entity wolf from grid at 21, 40
Removed entity wolf from grid at 35, 15
Added entity wolf at 47, 12
Removed entity wolf from grid at 22, 37
Removed entity wolf from grid at 16, 45
Removed entity human from grid at 13, 22
Removed entity wolf from grid at 47, 12
Removed entity wolf from grid at 41, 11
Added entity human at 24, 48
Added entity human at 23, 28
Added entity human at 8, 48
Added entity human at 47, 31
Added entity human at 29, 36
House dying at 44, 31. Occupants: 0
Removed entity house from grid at 44, 31
Removed entity human from grid at 29, 36
Removed entity human from grid at 8, 48
Removed entity human from grid at 23, 28
Added entity cow at 1, 32
Removed entity cow from grid at 6, 35
Removed entity cow from grid at 6, 30
Added entity wolf at 37, 22
Added entity wolf at 36, 1
Removed entity cow from grid at 6, 31
Added entity naturereserve at 30, 9
Human Alice built Nature Reserve for WOLF
Added entity naturereserve at 48, 4
Human Grace built Nature Reserve for WOLF
Added entity naturereserve at 39, 3
Human Tina built Nature Reserve for WOLF
Added entity human at 23, 34
House dying at 9, 15. Occupants: 1
Checking 8, 14: [object Object]
Checking 8, 15: [object Object]
Checking 8, 16: [object Object]
Checking 9, 14: null
Added entity human at 9, 14
Ejected to 9, 14
Removed entity house from grid at 9, 15
Removed entity human from grid at 9, 14
Added entity cow at 6, 21
Removed entity cow from grid at 7, 29
Removed entity cow from grid at 6, 33
Added entity naturereserve at 38, 24
Human Eve built Nature Reserve for WOLF
Added entity wolf at 34, 2
Removed entity human from grid at 32, 29
Removed entity wolf from grid at 34, 2
Removed entity cow from grid at 6, 31
Added entity wolf at 30, 18
Removed entity human from grid at 13, 11
Removed entity wolf from grid at 19, 1
Removed entity wolf from grid at 36, 1
Added entity human at 25, 26
Added entity human at 41, 23
Added entity human at 25, 31
House dying at 10, 35. Occupants: 0
Removed entity house from grid at 10, 35
House dying at 11, 14. Occupants: 0
Removed entity house from grid at 11, 14
House dying at 7, 16. Occupants: 2
Checking 6, 15: null
Added entity human at 6, 15
Ejected to 6, 15
Checking 6, 15: [object Object]
Checking 6, 16: null
Added entity human at 6, 16
Ejected to 6, 16
Removed entity house from grid at 7, 16
Removed entity human from grid at 6, 16
Removed entity human from grid at 6, 15
Removed entity human from grid at 41, 23
Removed entity human from grid at 25, 26
Removed entity human from grid at 25, 36
Removed entity wolf from grid at 36, 18
Added entity wolf at 43, 0
Removed entity wolf from grid at 15, 48
Removed entity wolf from grid at 42, 10
Added entity naturereserve at 34, 8
Human Yara built Nature Reserve for WOLF
Added entity tree at 27, 6
Added entity naturereserve at 42, 10
Human Diana built Nature Reserve for WOLF
Removed entity wolf from grid at 47, 3
Added entity human at 22, 34
Removed entity wolf from grid at 17, 41
Added entity human at 11, 23
Removed entity human from grid at 22, 34
Added entity wolf at 33, 4
Added entity wolf at 46, 39
Added entity wolf at 34, 13
Added entity wolf at 44, 12
Removed entity wolf from grid at 16, 27
Added entity wolf at 36, 1
Added entity wolf at 33, 11
Removed entity wolf from grid at 33, 11
Removed entity wolf from grid at 15, 49
Removed entity wolf from grid at 28, 17
Added entity cow at 2, 31
Added entity wolf at 30, 3
Added entity naturereserve at 18, 28
Human Frank built Nature Reserve for WOLF
Added entity wolf at 15, 46
Added entity naturereserve at 13, 48
Human Quinn built Nature Reserve for WOLF
Removed entity wolf from grid at 31, 6
Added entity wolf at 20, 0
Removed entity wolf from grid at 45, 10
Added entity naturereserve at 19, 27
Human Zane built Nature Reserve for WOLF
Added entity human at 14, 33
Added entity human at 40, 45
Added entity human at 45, 46
Removed entity wolf from grid at 38, 3
Added entity human at 27, 42
Added entity human at 43, 23
House dying at 13, 21. Occupants: 2
Checking 12, 20: null
Added entity human at 12, 20
Ejected to 12, 20
Checking 12, 20: [object Object]
Checking 12, 21: null
Added entity human at 12, 21
Ejected to 12, 21
Removed entity house from grid at 13, 21
House dying at 44, 38. Occupants: 1
Checking 43, 37: [object Object]
Checking 43, 38: null
Added entity human at 43, 38
Ejected to 43, 38
Removed entity house from grid at 44, 38
Removed entity human from grid at 45, 46
Removed entity human from grid at 40, 45
Removed entity human from grid at 7, 29
Removed entity human from grid at 10, 31
Added entity wolf at 13, 44
Added entity wolf at 39, 17
Removed entity wolf from grid at 34, 13
Added entity wolf at 22, 30
Added entity human at 12, 29
Added entity human at 13, 40
House dying at 34, 30. Occupants: 0
Removed entity house from grid at 34, 30
House dying at 2, 45. Occupants: 0
Removed entity house from grid at 2, 45
Removed entity human from grid at 27, 43
Removed entity human from grid at 27, 29
Added entity cow at 7, 22
Removed entity human from grid at 28, 29
Removed entity wolf from grid at 21, 42
Removed entity human from grid at 37, 33
Added entity wolf at 33, 4
Added entity naturereserve at 32, 13
Human Diana built Nature Reserve for WOLF
Added entity wolf at 29, 14
Added entity wolf at 21, 37
Added entity naturereserve at 14, 49
Human Quinn built Nature Reserve for WOLF
Removed entity wolf from grid at 29, 14
Removed entity wolf from grid at 35, 15
Removed entity wolf from grid at 33, 4
Added entity naturereserve at 11, 45
Human Wendy built Nature Reserve for WOLF
House dying at 10, 12. Occupants: 1
Checking 9, 11: null
Added entity human at 9, 11
Ejected to 9, 11
Removed entity house from grid at 10, 12
House dying at 5, 17. Occupants: 2
Checking 4, 16: null
Added entity human at 4, 16
Ejected to 4, 16
Checking 4, 16: [object Object]
Checking 4, 17: [object Object]
Checking 4, 18: null
Added entity human at 4, 18
Ejected to 4, 18
Removed entity house from grid at 5, 17
Removed entity human from grid at 4, 16
Removed entity human from grid at 15, 33
Added entity cow at 1, 30
Removed entity cow from grid at 10, 25
Added entity wolf at 37, 20
Removed entity wolf from grid at 14, 43
Added entity wolf at 42, 8
Added entity wolf at 29, 14
Removed entity wolf from grid at 15, 48
Added entity wolf at 32, 11
Removed entity wolf from grid at 16, 47
Removed entity cow from grid at 12, 19
Removed entity wolf from grid at 31, 2
House dying at 11, 24. Occupants: 2
Checking 10, 23: [object Object]
Checking 10, 24: [object Object]
Checking 10, 25: null
Added entity human at 10, 25
Ejected to 10, 25
Checking 10, 23: [object Object]
Checking 10, 24: [object Object]
Checking 10, 25: [object Object]
Checking 11, 23: null
Added entity human at 11, 23
Ejected to 11, 23
Removed entity house from grid at 11, 24
Removed entity human from grid at 10, 10
Removed entity human from grid at 44, 41
Removed entity human from grid at 39, 27
Added entity cow at 1, 26
Removed entity human from grid at 14, 27
Removed entity wolf from grid at 37, 18
Added entity wolf at 40, 7
Removed entity wolf from grid at 18, 27
Added entity wolf at 12, 48
Added entity wolf at 39, 14
Added entity wolf at 13, 44
Added entity wolf at 18, 44
Removed entity wolf from grid at 16, 47
Added entity naturereserve at 38, 7
Human Bob built Nature Reserve for WOLF
Removed entity wolf from grid at 13, 44
Added entity human at 24, 33
Added entity human at 12, 34
Added entity human at 5, 20
Removed entity human from grid at 5, 20
Added entity cow at 8, 21
Added entity wolf at 12, 48
Added entity wolf at 33, 8
Removed entity cow from grid at 4, 44
Added entity wolf at 35, 9
Removed entity wolf from grid at 37, 19
Added entity naturereserve at 36, 10
Human Diana built Nature Reserve for WOLF
Removed entity wolf from grid at 18, 44
Removed entity wolf from grid at 21, 39
Added entity wolf at 19, 48
Removed entity wolf from grid at 16, 47
Removed entity wolf from grid at 12, 48
Added entity wolf at 19, 42
Removed entity wolf from grid at 40, 7
Added entity naturereserve at 40, 18
Human Zane built Nature Reserve for WOLF
Added entity human at 26, 26
Added entity human at 25, 29
Added entity wolf at 30, 0
Added entity wolf at 28, 5
Removed entity wolf from grid at 36, 8
Removed entity wolf from grid at 31, 12
Added entity wolf at 30, 14
Removed entity wolf from grid at 29, 16
Removed entity wolf from grid at 43, 10
Removed entity wolf from grid at 30, 0
Added entity human at 14, 23
Removed entity wolf from grid at 24, 1
Added entity human at 32, 25
Added entity human at 5, 33
Added entity human at 31, 36
Removed entity human from grid at 5, 33
Added entity wolf at 18, 27
Removed entity human from grid at 4, 46
Added entity wolf at 40, 1
Removed entity wolf from grid at 18, 27
Removed entity wolf from grid at 21, 40
Added entity wolf at 37, 13
Added entity wolf at 32, 21
Added entity wolf at 41, 9
Removed entity wolf from grid at 37, 13
Added entity wolf at 16, 40
Removed entity wolf from grid at 41, 11
Removed entity wolf from grid at 30, 14
Added entity human at 44, 21
Added entity human at 19, 8
Removed entity wolf from grid at 48, 9
Removed entity wolf from grid at 49, 7
Removed entity wolf from grid at 40, 1
House dying at 12, 13. Occupants: 1
Checking 11, 12: null
Added entity human at 11, 12
Ejected to 11, 12
Removed entity house from grid at 12, 13
Added entity naturereserve at 29, 28
Human Frank built Nature Reserve for WOLF
Removed entity human from grid at 4, 14
Removed entity human from grid at 40, 29
Removed entity wolf from grid at 35, 8
Removed entity wolf from grid at 17, 38
Added entity wolf at 19, 24
Removed entity wolf from grid at 16, 45
Added entity wolf at 33, 16
Removed entity human from grid at 18, 17
Added entity wolf at 17, 48
Removed entity human from grid at 45, 30
Added entity wolf at 29, 38
Removed entity wolf from grid at 11, 49
Added entity wolf at 42, 49
Added entity naturereserve at 40, 3
Human Yara built Nature Reserve for WOLF
Removed entity wolf from grid at 30, 2
Added entity naturereserve at 31, 7
Human Ivy built Nature Reserve for WOLF
Added entity human at 35, 24
Added entity human at 7, 43
House dying at 7, 18. Occupants: 2
Checking 6, 17: [object Object]
Checking 6, 18: null
Added entity human at 6, 18
Ejected to 6, 18
Checking 6, 17: [object Object]
Checking 6, 18: [object Object]
Checking 6, 19: [object Object]
Checking 7, 17: null
Added entity human at 7, 17
Ejected to 7, 17
Removed entity house from grid at 7, 18
Removed entity human from grid at 35, 24
Removed entity human from grid at 10, 12
Removed entity human from grid at 26, 28
Added entity cow at 0, 27
Added entity wolf at 19, 29
Added entity wolf at 29, 8
Added entity wolf at 25, 35
Added entity wolf at 35, 20
Added entity wolf at 37, 4
Added entity wolf at 13, 46
Removed entity cow from grid at 12, 19
Removed entity wolf from grid at 42, 8
Added entity naturereserve at 45, 11
Human Charlie built Nature Reserve for WOLF
Added entity human at 15, 3
Added entity human at 11, 3
House dying at 5, 41. Occupants: 0
Removed entity house from grid at 5, 41
Removed entity human from grid at 8, 16
Removed entity human from grid at 8, 20
Removed entity human from grid at 29, 37
Removed entity human from grid at 25, 30
Added entity naturereserve at 27, 18
Human Ivy built Nature Reserve for WOLF
Added entity wolf at 38, 27
Added entity wolf at 43, 1
Added entity wolf at 40, 7
Removed entity human from grid at 47, 30
Removed entity cow from grid at 10, 43
Added entity human at 45, 17
Added entity naturereserve at 27, 48
Human Milo built Nature Reserve for WOLF
Removed entity wolf from grid at 38, 3
Added entity human at 35, 24
House dying at 6, 42. Occupants: 1
Checking 5, 41: null
Added entity human at 5, 41
Ejected to 5, 41
Removed entity house from grid at 6, 42
Removed entity human from grid at 35, 24
Removed entity human from grid at 33, 30
Removed entity wolf from grid at 17, 26
Added entity berry at 25, 23
Added entity cow at 2, 29
Removed entity human from grid at 6, 31
Removed entity wolf from grid at 28, 49
Added entity wolf at 28, 4
Added entity wolf at 21, 33
Removed entity wolf from grid at 20, 23
Added entity wolf at 36, 1
Removed entity wolf from grid at 21, 33
Removed entity human from grid at 22, 47
Removed entity wolf from grid at 43, 1
Removed entity human from grid at 44, 17
Added entity human at 29, 43
Added entity human at 6, 25
Added entity human at 8, 33
Added entity human at 2, 35
Added entity human at 43, 41
House dying at 15, 20. Occupants: 2
Checking 14, 19: [object Object]
Checking 14, 20: null
Added entity human at 14, 20
Ejected to 14, 20
Checking 14, 19: [object Object]
Checking 14, 20: [object Object]
Checking 14, 21: null
Added entity human at 14, 21
Ejected to 14, 21
Removed entity house from grid at 15, 20
House dying at 9, 8. Occupants: 0
Removed entity house from grid at 9, 8
Removed entity human from grid at 43, 41
Removed entity human from grid at 6, 25
Removed entity human from grid at 29, 43
Removed entity human from grid at 12, 6
Removed entity human from grid at 47, 24
Added entity naturereserve at 19, 24
Human Milo built Nature Reserve for WOLF
Removed entity human from grid at 46, 25
Removed entity wolf from grid at 26, 39
Removed entity wolf from grid at 27, 3
Added entity wolf at 12, 46
Added entity wolf at 21, 37
Added entity wolf at 28, 0
Added entity naturereserve at 38, 2
Human Sam built Nature Reserve for WOLF
Removed entity human from grid at 32, 23
Removed entity wolf from grid at 35, 17
Added entity wolf at 19, 25
Added entity naturereserve at 4, 49
Human Nina built Nature Reserve for WOLF
Removed entity wolf from grid at 19, 25
Added entity wolf at 41, 11
Added entity naturereserve at 20, 44
Human Nina built Nature Reserve for WOLF
Removed entity wolf from grid at 15, 43
Added entity wolf at 48, 0
Removed entity wolf from grid at 35, 17
Added entity wolf at 18, 44
Added entity wolf at 22, 30
Added entity human at 8, 25
Added entity human at 23, 46
Added entity human at 11, 18
Added entity human at 7, 33
Removed entity human from grid at 11, 18
Added entity cow at 3, 30
Removed entity human from grid at 23, 44
Removed entity wolf from grid at 19, 45
Added entity wolf at 32, 2
Added entity wolf at 29, 6
Added entity wolf at 37, 29
Added entity wolf at 20, 33
Added entity wolf at 43, 13
Added entity wolf at 29, 18
Added entity wolf at 37, 5
Added entity wolf at 12, 44
Removed entity wolf from grid at 36, 1
Removed entity wolf from grid at 42, 6
Removed entity wolf from grid at 36, 20
Added entity human at 13, 32
Added entity human at 27, 25
Removed entity human from grid at 13, 32
Removed entity cow from grid at 8, 30
Removed entity cow from grid at 3, 35
Removed entity cow from grid at 9, 44
Added entity wolf at 40, 19
Added entity wolf at 30, 2
Removed entity wolf from grid at 21, 40
Added entity naturereserve at 34, 11
Human Grace built Nature Reserve for WOLF
Added entity wolf at 49, 9
Added entity wolf at 15, 27
Added entity wolf at 18, 48
Removed entity wolf from grid at 27, 30
Removed entity wolf from grid at 34, 7
Added entity naturereserve at 41, 9
Human Quinn built Nature Reserve for WOLF
Added entity human at 16, 21
Added entity human at 12, 40
Added entity human at 45, 21
Added entity human at 4, 42
Removed entity human from grid at 45, 21
Removed entity human from grid at 12, 40
Removed entity human from grid at 9, 31
Removed entity cow from grid at 13, 25
Added entity cow at 9, 20
Removed entity wolf from grid at 28, 19
Removed entity wolf from grid at 38, 19
Removed entity human from grid at 14, 42
Removed entity wolf from grid at 37, 4
Added entity wolf at 20, 39
Added entity wolf at 31, 16
Removed entity wolf from grid at 13, 42
Removed entity wolf from grid at 31, 16
Added entity human at 43, 21
Added entity human at 44, 19
Added entity human at 43, 25
Removed entity human from grid at 43, 25
Removed entity human from grid at 28, 24
Removed entity human from grid at 16, 9
Removed entity wolf from grid at 19, 41
Removed entity wolf from grid at 19, 34
Removed entity human from grid at 28, 30
Added entity wolf at 0, 19
Added entity naturereserve at 45, 0
Human Luna built Nature Reserve for WOLF
Added entity human at 20, 8
Added entity naturereserve at 19, 37
Human Wendy built Nature Reserve for WOLF
Added entity naturereserve at 38, 4
Human Ruby built Nature Reserve for WOLF
Added entity human at 26, 26
Added entity human at 8, 25
Added entity human at 26, 47
House dying at 15, 18. Occupants: 2
Checking 14, 17: null
Added entity human at 14, 17
Ejected to 14, 17
Checking 14, 17: [object Object]
Checking 14, 18: null
Added entity human at 14, 18
Ejected to 14, 18
Removed entity house from grid at 15, 18
House dying at 12, 39. Occupants: 2
Checking 11, 38: [object Object]
Checking 11, 39: null
Added entity human at 11, 39
Ejected to 11, 39
Checking 11, 38: [object Object]
Checking 11, 39: [object Object]
Checking 11, 40: [object Object]
Checking 12, 38: null
Added entity human at 12, 38
Ejected to 12, 38
Removed entity house from grid at 12, 39
Removed entity human from grid at 26, 47
Removed entity human from grid at 26, 26
Removed entity human from grid at 15, 21
Removed entity wolf from grid at 23, 27
Removed entity wolf from grid at 19, 47
Added entity naturereserve at 28, 16
Human Ivy built Nature Reserve for WOLF
Removed entity human from grid at 17, 23
Removed entity wolf from grid at 37, 12
Removed entity wolf from grid at 15, 48
Removed entity wolf from grid at 47, 1
Removed entity wolf from grid at 33, 2
Added entity naturereserve at 45, 7
Human Yara built Nature Reserve for WOLF
Removed entity wolf from grid at 32, 4
Added entity human at 31, 33
Removed entity human from grid at 31, 33
Added entity cow at 10, 21
Added entity wolf at 42, 47
Added entity wolf at 41, 4
Added entity wolf at 38, 10
Added entity wolf at 34, 19
Added entity wolf at 17, 48
Removed entity wolf from grid at 38, 10
Added entity naturereserve at 32, 1
Human Sam built Nature Reserve for WOLF
Added entity human at 14, 37
Removed entity wolf from grid at 46, 12
Added entity berry at 30, 2
Removed entity wolf from grid at 18, 48
Added entity naturereserve at 35, 7
Human Ivy built Nature Reserve for WOLF
Added entity human at 19, 14
Added entity human at 28, 34
Removed entity human from grid at 17, 14
Removed entity human from grid at 42, 21
Added entity wolf at 21, 43
Added entity wolf at 35, 9
Removed entity wolf from grid at 18, 26
Removed entity wolf from grid at 15, 48
Added entity naturereserve at 24, 13
Human Sam built Nature Reserve for WOLF
Added entity wolf at 19, 40
Added entity wolf at 46, 3
Removed entity cow from grid at 5, 41
Added entity wolf at 36, 6
Added entity wolf at 39, 18
Added entity human at 4, 35
Added entity cow at 11, 20
Added entity wolf at 35, 11
Added entity wolf at 21, 43
Added entity wolf at 28, 29
Added entity wolf at 37, 8
Removed entity human from grid at 25, 33
Removed entity wolf from grid at 20, 42
Removed entity wolf from grid at 36, 6
Added entity wolf at 43, 48
Removed entity wolf from grid at 37, 4
Removed entity wolf from grid at 33, 2
Added entity wolf at 10, 27
Added entity naturereserve at 20, 0
Human Pip built Nature Reserve for WOLF
Removed entity wolf from grid at 34, 1
Removed entity wolf from grid at 37, 8
Added entity human at 21, 8
Added entity human at 11, 29
Added entity human at 18, 11
Added entity human at 29, 44
House dying at 2, 13. Occupants: 0
Removed entity house from grid at 2, 13
Removed entity human from grid at 11, 29
Added entity cow at 12, 21
Added entity wolf at 33, 2
Added entity cow at 2, 29
Removed entity cow from grid at 5, 23
Removed entity cow from grid at 1, 35
Removed entity wolf from grid at 19, 43
Added entity wolf at 19, 29
Removed entity wolf from grid at 20, 48
Removed entity wolf from grid at 20, 42
Removed entity wolf from grid at 33, 2
Added entity wolf at 21, 25
Removed entity wolf from grid at 47, 2
Added entity human at 18, 10
Added entity human at 12, 39
House dying at 14, 13. Occupants: 0
Removed entity house from grid at 14, 13
Added entity cow at 13, 20
Removed entity wolf from grid at 26, 28
Removed entity human from grid at 9, 25
Added entity berry at 2, 30
Removed entity wolf from grid at 5, 21
Added entity wolf at 19, 45
Removed entity human from grid at 37, 25
Removed entity wolf from grid at 17, 28
Removed entity wolf from grid at 18, 26
Added entity wolf at 42, 2
Added entity wolf at 24, 14
Added entity wolf at 43, 0
Added entity wolf at 18, 41
Added entity wolf at 16, 47
Removed entity wolf from grid at 42, 2
Removed entity wolf from grid at 18, 49
Removed entity wolf from grid at 35, 9
Removed entity human from grid at 14, 36
Added entity human at 13, 10
Added entity human at 36, 47
House dying at 36, 49. Occupants: 0
Removed entity house from grid at 36, 49
House dying at 25, 48. Occupants: 2
Checking 24, 47: null
Added entity human at 24, 47
Ejected to 24, 47
Checking 24, 47: [object Object]
Checking 24, 48: null
Added entity human at 24, 48
Ejected to 24, 48
Removed entity house from grid at 25, 48
Removed entity human from grid at 36, 47
Removed entity human from grid at 13, 10
Added entity cow at 12, 19
Removed entity human from grid at 19, 9
Removed entity cow from grid at 5, 37
Removed entity human from grid at 19, 14
Removed entity cow from grid at 1, 36
Removed entity human from grid at 20, 14
Added entity wolf at 37, 8
Removed entity wolf from grid at 19, 45
Removed entity wolf from grid at 33, 11
Added entity wolf at 39, 29
Removed entity wolf from grid at 37, 17
Added entity wolf at 32, 12
Added entity wolf at 19, 25
Added entity wolf at 15, 48
Removed entity cow from grid at 13, 20
Removed entity wolf from grid at 35, 16
Added entity wolf at 18, 44
Added entity human at 14, 23
Added entity human at 27, 31
Added entity cow at 13, 20
Removed entity wolf from grid at 17, 48
Removed entity human from grid at 23, 9
Removed entity wolf from grid at 20, 42
Added entity wolf at 31, 8
Added entity wolf at 31, 6
Added entity wolf at 30, 16
Removed entity wolf from grid at 25, 12
Added entity naturereserve at 31, 3
Human Sam built Nature Reserve for WOLF
Added entity human at 24, 34
House dying at 7, 5. Occupants: 0
Removed entity house from grid at 7, 5
House dying at 7, 4. Occupants: 0
Removed entity house from grid at 7, 4
Removed entity human from grid at 12, 25
Removed entity wolf from grid at 31, 6
Removed entity wolf from grid at 33, 13
Removed entity human from grid at 26, 26
Added entity wolf at 20, 33
Added entity wolf at 18, 1
Removed entity human from grid at 19, 6
Removed entity wolf from grid at 38, 8
Added entity naturereserve at 11, 47
Human Wendy built Nature Reserve for WOLF
Removed entity wolf from grid at 49, 10
Added entity human at 20, 19
Added entity human at 16, 19
House dying at 11, 7. Occupants: 0
Removed entity house from grid at 11, 7
Added entity cow at 14, 21
Removed entity human from grid at 27, 31
Added entity cow at 3, 30
Added entity wolf at 20, 1
Removed entity cow from grid at 5, 37
Removed entity wolf from grid at 20, 29
Removed entity cow from grid at 3, 21
Removed entity cow from grid at 3, 35
Added entity wolf at 26, 17
Removed entity wolf from grid at 19, 47
Removed entity human from grid at 12, 38
Added entity wolf at 17, 25
Removed entity cow from grid at 13, 20
Removed entity human from grid at 18, 19
Added entity naturereserve at 39, 5
Human Uma built Nature Reserve for WOLF
Added entity human at 30, 42
Added entity human at 13, 12
House dying at 14, 15. Occupants: 1
Checking 13, 14: null
Added entity human at 13, 14
Ejected to 13, 14
Removed entity house from grid at 14, 15
House dying at 35, 46. Occupants: 1
Checking 34, 45: null
Added entity human at 34, 45
Ejected to 34, 45
Removed entity house from grid at 35, 46
Removed entity human from grid at 34, 45
Removed entity human from grid at 13, 12
Added entity cow at 13, 20
Removed entity berry from grid at 2, 30
Added entity wolf at 33, 1
Removed entity wolf from grid at 28, 17
Added entity wolf at 4, 48
Added entity wolf at 28, 4
Added entity naturereserve at 34, 2
Human Tina built Nature Reserve for WOLF
Removed entity wolf from grid at 44, 2
Added entity wolf at 21, 38
Removed entity wolf from grid at 33, 1
Added entity human at 14, 2
Removed entity human from grid at 14, 2
Added entity cow at 12, 21
Removed entity wolf from grid at 15, 46
Removed entity wolf from grid at 21, 38
Added entity wolf at 35, 16
Added entity wolf at 29, 20
Added entity wolf at 12, 46
Added entity naturereserve at 35, 9
Human Ivy built Nature Reserve for WOLF
Added entity wolf at 17, 42
Removed entity human from grid at 44, 21
Added entity human at 45, 44
Added entity human at 1, 32
Added entity human at 3, 18
Added entity human at 30, 29
House dying at 48, 37. Occupants: 1
Checking 47, 36: null
Added entity human at 47, 36
Ejected to 47, 36
Removed entity house from grid at 48, 37
House dying at 34, 48. Occupants: 0
Removed entity house from grid at 34, 48
Removed entity human from grid at 30, 29
Removed entity human from grid at 3, 18
Removed entity human from grid at 45, 44
Removed entity human from grid at 27, 42
Added entity cow at 2, 31
Removed entity human from grid at 27, 44
Removed entity wolf from grid at 18, 26
Removed entity human from grid at 5, 43
Added entity wolf at 39, 24
Removed entity wolf from grid at 36, 17
Removed entity human from grid at 22, 33
Added entity wolf at 39, 9
Added entity naturereserve at 22, 12
Human Yara built Nature Reserve for WOLF
Removed entity wolf from grid at 27, 20
Removed entity wolf from grid at 32, 16
Added entity human at 12, 32
Added entity naturereserve at 41, 8
Human Charlie built Nature Reserve for WOLF
Added entity human at 15, 9
Added entity naturereserve at 34, 0
Human Ivy built Nature Reserve for WOLF
Added entity human at 20, 3
Removed entity human from grid at 20, 4
Added entity human at 6, 44
House dying at 33, 34. Occupants: 1
Checking 32, 33: null
Added entity human at 32, 33
Ejected to 32, 33
Removed entity house from grid at 33, 34
Removed entity human from grid at 6, 44
Removed entity human from grid at 48, 35
Removed entity wolf from grid at 16, 46
Added entity naturereserve at 22, 43
Human Milo built Nature Reserve for WOLF
Added entity cow at 1, 26
Added entity wolf at 39, 18
Added entity wolf at 12, 46
Removed entity wolf from grid at 39, 9
Added entity human at 21, 8
House dying at 44, 42. Occupants: 2
Checking 43, 41: null
Added entity human at 43, 41
Ejected to 43, 41
Checking 43, 41: [object Object]
Checking 43, 42: null
Added entity human at 43, 42
Ejected to 43, 42
Removed entity house from grid at 44, 42
House dying at 35, 44. Occupants: 1
Checking 34, 43: null
Added entity human at 34, 43
Ejected to 34, 43
Removed entity house from grid at 35, 44
House dying at 31, 28. Occupants: 1
Checking 30, 27: null
Added entity human at 30, 27
Ejected to 30, 27
Removed entity house from grid at 31, 28
House dying at 10, 22. Occupants: 1
Checking 9, 21: null
Added entity human at 9, 21
Ejected to 9, 21
Removed entity house from grid at 10, 22
Removed entity human from grid at 9, 21
Removed entity human from grid at 30, 27
Removed entity cow from grid at 1, 33
Removed entity wolf from grid at 25, 2
Removed entity cow from grid at 6, 36
Removed entity cow from grid at 2, 36
Removed entity wolf from grid at 21, 39
Added entity wolf at 39, 4
Removed entity cow from grid at 7, 39
Added entity human at 21, 19
Removed entity wolf from grid at 47, 5
Added entity human at 26, 33
Added entity human at 8, 46
Added entity human at 32, 23
Removed entity human from grid at 32, 23
Removed entity human from grid at 42, 43
Added entity cow at 0, 25
Removed entity wolf from grid at 20, 1
Added entity cow at 3, 32
Added entity cow at 13, 20
Added entity wolf at 32, 2
Added entity wolf at 21, 0
Added entity wolf at 45, 6
Added entity naturereserve at 11, 49
Human Pip built Nature Reserve for WOLF
Removed entity wolf from grid at 45, 6
Removed entity wolf from grid at 2, 24
Added entity wolf at 19, 43
Added entity wolf at 4, 48
Removed entity wolf from grid at 33, 8
Added entity wolf at 45, 8
Added entity wolf at 28, 4
Removed entity wolf from grid at 18, 41
Added entity wolf at 30, 12
Added entity wolf at 16, 43
Added entity wolf at 12, 49
Added entity wolf at 30, 14
Added entity wolf at 28, 17
Removed entity wolf from grid at 32, 2
Removed entity human from grid at 23, 10
Added entity human at 16, 21
Added entity human at 29, 22
House dying at 11, 22. Occupants: 2
Checking 10, 21: null
Added entity human at 10, 21
Ejected to 10, 21
Checking 10, 21: [object Object]
Checking 10, 22: [object Object]
Checking 10, 23: null
Added entity human at 10, 23
Ejected to 10, 23
Removed entity house from grid at 11, 22
House dying at 28, 45. Occupants: 1
Checking 27, 44: null
Added entity human at 27, 44
Ejected to 27, 44
Removed entity house from grid at 28, 45
Removed entity human from grid at 10, 23
Removed entity human from grid at 29, 22
Removed entity human from grid at 10, 44
Removed entity wolf from grid at 25, 3
Removed entity wolf from grid at 12, 49
Added entity naturereserve at 13, 45
Human Charlie built Nature Reserve for WOLF
Added entity tree at 15, 30
Removed entity wolf from grid at 27, 16
Removed entity wolf from grid at 30, 14
Added entity wolf at 43, 49
Added entity wolf at 37, 27
Added entity wolf at 33, 8
Removed entity wolf from grid at 29, 11
Added entity human at 12, 6
Added entity human at 18, 8
Added entity human at 33, 27
Removed entity human from grid at 33, 27
Removed entity human from grid at 12, 6
Added entity cow at 12, 21
Added entity cow at 4, 31
Removed entity cow from grid at 0, 32
Removed entity human from grid at 15, 21
Removed entity wolf from grid at 45, 8
Removed entity cow from grid at 1, 23
Removed entity cow from grid at 2, 34
Removed entity wolf from grid at 17, 47
Added entity wolf at 45, 5
Removed entity wolf from grid at 41, 4
Added entity wolf at 31, 46
Removed entity wolf from grid at 16, 43
Removed entity wolf from grid at 45, 5
Added entity human at 16, 20
House dying at 11, 6. Occupants: 2
Checking 10, 5: [object Object]
Checking 10, 6: null
Added entity human at 10, 6
Ejected to 10, 6
Checking 10, 5: [object Object]
Checking 10, 6: [object Object]
Checking 10, 7: null
Added entity human at 10, 7
Ejected to 10, 7
Removed entity house from grid at 11, 6
Removed entity human from grid at 10, 6
Removed entity human from grid at 16, 20
Added entity cow at 13, 22
Removed entity wolf from grid at 9, 11
Removed entity human from grid at 31, 39
Removed entity wolf from grid at 13, 27
Removed entity wolf from grid at 32, 7
Added entity wolf at 31, 5
Removed entity wolf from grid at 37, 16
Added entity naturereserve at 37, 1
Human Diana built Nature Reserve for WOLF
Added entity wolf at 24, 15
Added entity wolf at 44, 1
Added entity wolf at 34, 10
Added entity wolf at 23, 30
Removed entity human from grid at 18, 11
Added entity human at 29, 43
Added entity human at 39, 23
Added entity human at 39, 29
Added entity human at 28, 24
Added entity human at 15, 13
Removed entity human from grid at 15, 13
Removed entity human from grid at 28, 24
Removed entity human from grid at 39, 29
Removed entity human from grid at 39, 23
Removed entity human from grid at 29, 43
Added entity cow at 14, 23
Removed entity human from grid at 10, 6
Removed entity cow from grid at 11, 23
Removed entity cow from grid at 1, 33
Removed entity cow from grid at 13, 27
Removed entity cow from grid at 3, 21
Removed entity cow from grid at 1, 34
Added entity wolf at 34, 3
Added entity wolf at 37, 20
Added entity wolf at 45, 39
Added entity wolf at 46, 3
Removed entity wolf from grid at 34, 3
Added entity wolf at 29, 18
Added entity wolf at 37, 5
Removed entity wolf from grid at 34, 12
Removed entity cow from grid at 12, 19
Removed entity wolf from grid at 25, 16
Added entity wolf at 45, 47
Added entity wolf at 42, 47
Removed entity wolf from grid at 32, 4
Added entity naturereserve at 43, 4
Human Ruby built Nature Reserve for WOLF
Added entity human at 49, 22
Removed entity human from grid at 27, 30
Removed entity human from grid at 47, 41
Removed entity human from grid at 31, 33
Removed entity human from grid at 15, 10
Removed entity human from grid at 21, 20
Added entity wolf at 29, 16
Added entity naturereserve at 48, 7
Human Nina built Nature Reserve for WOLF
Removed entity wolf from grid at 21, 37
Removed entity wolf from grid at 36, 17
Added entity wolf at 35, 8
Added entity wolf at 16, 25
Added entity wolf at 31, 5
Added entity human at 15, 8
Added entity human at 8, 48
Added entity human at 34, 36
Removed entity human from grid at 34, 36
Removed entity human from grid at 8, 48
Removed entity human from grid at 15, 8
Added entity cow at 5, 32
Removed entity human from grid at 19, 8
Removed entity wolf from grid at 22, 1
Added entity wolf at 42, 9
Added entity wolf at 35, 3
Removed entity wolf from grid at 9, 10
Removed entity wolf from grid at 25, 16
Added entity wolf at 49, 3
Removed entity wolf from grid at 44, 2
Added entity wolf at 17, 48
Added entity wolf at 15, 48
Added entity wolf at 42, 47
Removed entity wolf from grid at 28, 17
Removed entity wolf from grid at 40, 7
Removed entity wolf from grid at 44, 4
Removed entity wolf from grid at 35, 8
Added entity human at 18, 19
Removed entity human from grid at 18, 19
Removed entity human from grid at 20, 18
Removed entity wolf from grid at 22, 32
Added entity wolf at 28, 27
Added entity wolf at 30, 1
Added entity naturereserve at 33, 1
Human Jack built Nature Reserve for WOLF
Added entity wolf at 41, 4
Added entity wolf at 45, 4
Removed entity wolf from grid at 34, 13
Added entity human at 18, 13
Added entity human at 29, 35
Added entity cow at 6, 33
Removed entity wolf from grid at 16, 27
Added entity naturereserve at 18, 27
Human Victor built Nature Reserve for WOLF
Removed entity wolf from grid at 45, 4
Added entity naturereserve at 19, 48
Human Charlie built Nature Reserve for WOLF
Added entity wolf at 37, 3
Added entity naturereserve at 19, 34
Human Milo built Nature Reserve for WOLF
Removed entity wolf from grid at 42, 11
Added entity wolf at 43, 13
Added entity wolf at 32, 20
Added entity naturereserve at 33, 11
Human Hank built Nature Reserve for WOLF
Removed entity wolf from grid at 49, 3
Added entity human at 20, 3
Added entity human at 23, 34
Added entity human at 13, 10
Added entity tree at 13, 17
Removed entity human from grid at 13, 10
Removed entity human from grid at 20, 3
Added entity naturereserve at 16, 29
Human Alice built Nature Reserve for WOLF
Removed entity wolf from grid at 25, 5
Added entity wolf at 23, 13
Added entity naturereserve at 22, 40
Human Quinn built Nature Reserve for WOLF
Removed entity wolf from grid at 32, 19
Added entity wolf at 29, 9
Removed entity wolf from grid at 32, 4
Removed entity wolf from grid at 42, 12
Added entity wolf at 49, 9
Added entity naturereserve at 24, 39
Human Frank built Nature Reserve for WOLF
Removed entity wolf from grid at 23, 13
Added entity human at 13, 10
Added entity human at 25, 31
Added entity human at 12, 9
Removed entity human from grid at 25, 31
Added entity cow at 14, 24
Added entity cow at 1, 24
Added entity naturereserve at 25, 19
Human Victor built Nature Reserve for WOLF
Added entity wolf at 25, 12
Removed entity human from grid at 20, 12
Removed entity human from grid at 8, 16
Removed entity wolf from grid at 35, 3
Added entity wolf at 21, 27
Added entity wolf at 43, 0
Added entity wolf at 25, 2
Removed entity wolf from grid at 34, 13
Added entity naturereserve at 45, 1
Human Frank built Nature Reserve for WOLF
Removed entity wolf from grid at 29, 9
Added entity naturereserve at 37, 12
Human Luna built Nature Reserve for WOLF
Removed entity human from grid at 42, 23
Added entity human at 35, 42
Added entity human at 48, 24
Removed entity naturereserve from grid at 18, 34
Removed entity human from grid at 35, 42
Added entity cow at 13, 25
Added entity wolf at 25, 38
Added entity cow at 5, 32
Removed entity human from grid at 31, 35
Removed entity cow from grid at 1, 31
Removed entity cow from grid at 6, 35
Removed entity wolf from grid at 17, 48
Removed entity cow from grid at 1, 35
Added entity wolf at 37, 16
Added entity wolf at 47, 49
Removed entity wolf from grid at 42, 3
Removed entity wolf from grid at 20, 29
Added entity wolf at 21, 25
Added entity wolf at 15, 44
Removed entity wolf from grid at 37, 3
Added entity human at 43, 23
Added entity cow at 14, 26
Removed entity wolf from grid at 26, 11
Removed entity human from grid at 10, 10
Removed entity human from grid at 23, 36
Removed entity wolf from grid at 19, 49
Removed entity wolf from grid at 35, 15
Added entity human at 19, 21
Added entity human at 18, 22
Added entity human at 17, 8
Added entity human at 10, 44
Removed entity human from grid at 10, 44
Removed entity human from grid at 19, 21
Added entity cow at 15, 27
Removed entity human from grid at 25, 30
Added entity wolf at 27, 16
Removed entity wolf from grid at 16, 47
Added entity wolf at 20, 24
Removed entity wolf from grid at 27, 16
Added entity berry at 24, 15
Removed entity wolf from grid at 35, 14
Removed entity wolf from grid at 36, 16
Added entity berry at 13, 30
Removed entity human from grid at 26, 34
Added entity human at 14, 35
Added entity human at 19, 15
Added entity human at 18, 17
Removed entity human from grid at 18, 17
Added entity cow at 14, 28
Added entity wolf at 11, 48
Removed entity cow from grid at 0, 33
Removed entity cow from grid at 5, 37
Added entity wolf at 46, 8
Added entity wolf at 29, 16
Added entity wolf at 4, 48
Removed entity cow from grid at 2, 34
Removed entity human from grid at 27, 34
Added entity wolf at 46, 12
Added entity wolf at 19, 41
Added entity wolf at 17, 47
Added entity wolf at 15, 25
Added entity human at 17, 5
Added entity human at 23, 30
Added entity human at 14, 42
Added entity human at 25, 44
House dying at 7, 20. Occupants: 2
Checking 6, 19: null
Added entity human at 6, 19
Ejected to 6, 19
Checking 6, 19: [object Object]
Checking 6, 20: [object Object]
Checking 6, 21: null
Added entity human at 6, 21
Ejected to 6, 21
Removed entity house from grid at 7, 20
Removed entity human from grid at 25, 44
Removed entity human from grid at 14, 42
Added entity cow at 13, 27
Removed entity wolf from grid at 18, 22
Added entity cow at 2, 25
Removed entity human from grid at 16, 20
Removed entity wolf from grid at 12, 47
Added entity wolf at 39, 9
Added entity wolf at 41, 14
Added entity wolf at 18, 46
Added entity wolf at 19, 45
Removed entity wolf from grid at 26, 0
Added entity human at 12, 25
Added entity human at 33, 30
House dying at 32, 36. Occupants: 2
Checking 31, 35: null
Added entity human at 31, 35
Ejected to 31, 35
Checking 31, 35: [object Object]
Checking 31, 36: null
Added entity human at 31, 36
Ejected to 31, 36
Removed entity house from grid at 32, 36
Removed entity human from grid at 31, 35
Removed entity human from grid at 15, 7
Removed entity wolf from grid at 18, 29
Added entity wolf at 24, 14
Removed entity human from grid at 21, 30
Added entity naturereserve at 35, 14
Human Pip built Nature Reserve for WOLF
Removed entity wolf from grid at 41, 13
Added entity wolf at 42, 47
Added entity wolf at 47, 7
Removed entity wolf from grid at 44, 2
Removed entity wolf from grid at 46, 10
Added entity human at 31, 36
House dying at 34, 33. Occupants: 0
Removed entity house from grid at 34, 33
House dying at 3, 11. Occupants: 0
Removed entity house from grid at 3, 11
Removed entity human from grid at 9, 18
Removed entity human from grid at 20, 18
Removed entity human from grid at 20, 13
Added entity wolf at 23, 12
Removed entity cow from grid at 9, 33
Added entity wolf at 36, 9
Removed entity wolf from grid at 27, 13
Removed entity wolf from grid at 31, 2
Added entity naturereserve at 27, 2
Human Ivy built Nature Reserve for WOLF
Removed entity wolf from grid at 38, 8
Added entity naturereserve at 24, 43
Human Xander built Nature Reserve for WOLF
Added entity naturereserve at 31, 10
Human Wendy built Nature Reserve for WOLF
Added entity naturereserve at 48, 15
Human Ruby built Nature Reserve for WOLF
Added entity human at 41, 23
Added entity human at 27, 25
House dying at 30, 43. Occupants: 2
Checking 29, 42: null
Added entity human at 29, 42
Ejected to 29, 42
Checking 29, 42: [object Object]
Checking 29, 43: null
Added entity human at 29, 43
Ejected to 29, 43
Removed entity house from grid at 30, 43
House dying at 16, 14. Occupants: 2
Checking 15, 13: null
Added entity human at 15, 13
Ejected to 15, 13
Checking 15, 13: [object Object]
Checking 15, 14: null
Added entity human at 15, 14
Ejected to 15, 14
Removed entity house from grid at 16, 14
Removed entity human from grid at 29, 43
Removed entity human from grid at 27, 25
Added entity wolf at 23, 40
Removed entity human from grid at 7, 46
Removed entity wolf from grid at 18, 44
Added entity wolf at 37, 20
Added entity wolf at 31, 8
Added entity wolf at 18, 41
Added entity human at 3, 23
Added entity human at 47, 31
House dying at 29, 27. Occupants: 1
Checking 28, 26: [object Object]
Checking 28, 27: null
Added entity human at 28, 27
Ejected to 28, 27
Removed entity house from grid at 29, 27
Removed entity human from grid at 28, 27
Removed entity human from grid at 47, 31
Removed entity human from grid at 16, 13
Removed entity human from grid at 43, 21
Removed entity human from grid at 33, 36
Removed entity human from grid at 36, 27
Added entity cow at 12, 26
Removed entity human from grid at 10, 12
Added entity wolf at 19, 28
Added entity wolf at 39, 28
Removed entity wolf from grid at 29, 6
Added entity wolf at 17, 34
Added entity wolf at 46, 1
Removed entity tree from grid at 18, 25
Removed entity wolf from grid at 44, 7
Removed entity cow from grid at 22, 19
Removed entity human from grid at 41, 22
House dying at 17, 18. Occupants: 2
Checking 16, 17: null
Added entity human at 16, 17
Ejected to 16, 17
Checking 16, 17: [object Object]
Checking 16, 18: [object Object]
Checking 16, 19: null
Added entity human at 16, 19
Ejected to 16, 19
Removed entity house from grid at 17, 18
Added entity cow at 11, 25
Removed entity human from grid at 34, 32
Removed entity human from grid at 12, 24
Removed entity human from grid at 40, 23
Removed entity human from grid at 42, 23
Added entity wolf at 18, 35
Added entity wolf at 18, 38
Added entity wolf at 31, 6
Removed entity wolf from grid at 34, 7
Removed entity tree from grid at 31, 18
Added entity wolf at 16, 48
Removed entity wolf from grid at 23, 41
Removed entity wolf from grid at 33, 17
Removed entity wolf from grid at 49, 11
Added entity tree at 44, 36
Added entity human at 6, 25
Added entity cow at 1, 24
Removed entity wolf from grid at 21, 23
Removed entity cow from grid at 5, 34
Removed entity cow from grid at 8, 34
Added entity wolf at 44, 1
Added entity wolf at 33, 16
Added entity wolf at 32, 21
Added entity wolf at 32, 14
Added entity wolf at 28, 14
Removed entity wolf from grid at 33, 16
Removed entity wolf from grid at 32, 14
Added entity human at 16, 21
Added entity human at 4, 17
House dying at 30, 37. Occupants: 1
Checking 29, 36: null
Added entity human at 29, 36
Ejected to 29, 36
Removed entity house from grid at 30, 37
House dying at 38, 39. Occupants: 0
Removed entity house from grid at 38, 39
Removed entity human from grid at 4, 17
Removed entity cow from grid at 15, 20
Removed entity wolf from grid at 20, 24
Removed entity tree from grid at 12, 12
Removed entity human from grid at 28, 34
Removed entity tree from grid at 48, 22
Removed entity wolf from grid at 27, 13
Removed entity tree from grid at 8, 35
Removed entity cow from grid at 7, 45
Removed entity human from grid at 3, 36
Removed entity human from grid at 5, 42
Added entity wolf at 36, 20
Added entity wolf at 38, 27
Removed entity human from grid at 25, 14
Added entity wolf at 30, 14
Added entity wolf at 3, 32
Removed entity wolf from grid at 49, 1
Added entity human at 17, 5
Added entity human at 40, 25
Removed entity human from grid at 18, 23
Added entity cow at 12, 24
Removed entity human from grid at 7, 31
Added entity wolf at 23, 44
Added entity wolf at 22, 44
Removed entity human from grid at 3, 33
Removed entity wolf from grid at 17, 28
Added entity wolf at 31, 5
Added entity wolf at 25, 35
Added entity wolf at 48, 12
Removed entity berry from grid at 13, 30
Added entity wolf at 18, 46
Added entity human at 19, 21
Added entity wolf at 30, 46
Added entity human at 14, 35
Removed entity human from grid at 14, 35
Removed entity human from grid at 19, 20
Removed entity human from grid at 39, 25
Removed entity cow from grid at 15, 6
Removed entity human from grid at 30, 35
Removed entity tree from grid at 16, 18
Added entity wolf at 24, 20
Removed entity wolf from grid at 9, 37
Added entity wolf at 32, 7
Added entity wolf at 28, 29
Removed entity wolf from grid at 36, 16
Removed entity wolf from grid at 19, 40
Added entity wolf at 19, 1
Removed entity wolf from grid at 31, 5
Removed entity human from grid at 15, 37
Added entity human at 14, 0
Added entity cow at 13, 25
Removed entity cow from grid at 17, 26
Removed entity human from grid at 15, 33
Removed entity tree from grid at 27, 12
Added entity house at 9, 38
Removed entity tree from grid at 35, 13
Added entity wolf at 28, 49
Removed entity wolf from grid at 20, 33
Removed entity wolf from grid at 18, 37
Removed entity tree from grid at 30, 8
Added entity berry at 42, 13
Added entity wolf at 17, 46
Removed entity wolf from grid at 19, 40
Removed entity wolf from grid at 30, 16
Added entity human at 14, 33
Added entity human at 32, 39
House dying at 12, 11. Occupants: 2
Checking 11, 10: [object Object]
Checking 11, 11: null
Added entity human at 11, 11
Ejected to 11, 11
Checking 11, 10: [object Object]
Checking 11, 11: [object Object]
Checking 11, 12: null
Added entity human at 11, 12
Ejected to 11, 12
Removed entity house from grid at 12, 11
House dying at 28, 33. Occupants: 1
Checking 27, 32: null
Added entity human at 27, 32
Ejected to 27, 32
Removed entity house from grid at 28, 33
Removed entity human from grid at 32, 39
Removed entity human from grid at 14, 33
Removed entity human from grid at 17, 6
Added entity wolf at 32, 2
Removed entity wolf from grid at 32, 7
Removed entity tree from grid at 9, 36
Added entity wolf at 47, 7
Added entity wolf at 19, 45
Removed entity cow from grid at 18, 11
Added entity wolf at 29, 14
Removed entity wolf from grid at 32, 12
House dying at 29, 30. Occupants: 1
Checking 28, 29: null
Added entity human at 28, 29
Ejected to 28, 29
Removed entity house from grid at 29, 30
House dying at 9, 5. Occupants: 0
Removed entity house from grid at 9, 5
Removed entity human from grid at 28, 33
Added entity tree at 11, 11
Added entity wolf at 48, 16
Added entity cow at 6, 31
Removed entity wolf from grid at 6, 10
Added entity wolf at 27, 16
Added entity human at 25, 33
Removed entity wolf from grid at 37, 13
Added entity human at 35, 18
Removed entity wolf from grid at 35, 13
Added entity wolf at 39, 13
Added entity wolf at 17, 44
Added entity wolf at 28, 3
Removed entity wolf from grid at 29, 9
Added entity wolf at 39, 14
Added entity wolf at 15, 27
Added entity wolf at 48, 26
Added entity human at 45, 17
Added entity human at 27, 30
Added entity human at 12, 9
House dying at 17, 12. Occupants: 2
Checking 16, 11: null
Added entity human at 16, 11
Ejected to 16, 11
Checking 16, 11: [object Object]
Checking 16, 12: [object Object]
Checking 16, 13: null
Added entity human at 16, 13
Ejected to 16, 13
Removed entity house from grid at 17, 12
House dying at 10, 5. Occupants: 2
Checking 9, 4: null
Added entity human at 9, 4
Ejected to 9, 4
Checking 9, 4: [object Object]
Checking 9, 5: null
Added entity human at 9, 5
Ejected to 9, 5
Removed entity house from grid at 10, 5
House dying at 39, 41. Occupants: 0
Removed entity house from grid at 39, 41
Removed entity tree from grid at 16, 12
Removed entity human from grid at 27, 30
Removed entity human from grid at 45, 17
Removed entity wolf from grid at 36, 18
Removed entity human from grid at 30, 27
Removed entity tree from grid at 11, 11
Added entity wolf at 35, 13
Removed entity wolf from grid at 6, 12
Removed entity human from grid at 49, 26
Removed entity wolf from grid at 35, 13
Removed entity wolf from grid at 38, 13
Added entity wolf at 32, 2
Added entity wolf at 37, 4
Added entity wolf at 37, 7
Removed entity wolf from grid at 29, 3
Removed entity wolf from grid at 29, 12
Added entity human at 14, 5
Added entity human at 49, 29
Removed entity human from grid at 49, 29
Added entity tree at 13, 4
Removed entity human from grid at 10, 3
Added entity tree at 9, 10
Added entity house at 24, 32
Added entity wolf at 36, 14
Removed entity tree from grid at 15, 30
Removed entity cow from grid at 6, 11
Removed entity cow from grid at 12, 31
Removed entity human from grid at 28, 32
Removed entity tree from grid at 7, 35
Added entity wolf at 33, 2
Added entity wolf at 39, 2
Removed entity wolf from grid at 38, 13
Removed entity wolf from grid at 31, 2
Removed entity wolf from grid at 24, 0
Added entity wolf at 34, 7
Removed entity wolf from grid at 36, 14
Removed entity wolf from grid at 18, 24
Added entity wolf at 18, 0
Added entity wolf at 44, 49
Removed entity cow from grid at 13, 14
Added entity human at 14, 29
Added entity human at 47, 28
Added entity human at 5, 34
Added entity human at 11, 3
Added entity human at 12, 39
Added entity human at 5, 21
House dying at 10, 2. Occupants: 1
Checking 9, 1: null
Added entity human at 9, 1
Ejected to 9, 1
Removed entity house from grid at 10, 2
House dying at 11, 10. Occupants: 1
Checking 10, 9: null
Added entity human at 10, 9
Ejected to 10, 9
Removed entity house from grid at 11, 10
House dying at 1, 15. Occupants: 0
Removed entity house from grid at 1, 15
Removed entity human from grid at 9, 1
Added entity tree at 5, 20
Removed entity human from grid at 12, 39
Removed entity human from grid at 11, 3
Removed entity human from grid at 5, 34
Removed entity human from grid at 47, 28
Added entity tree at 14, 28
Removed entity human from grid at 14, 5
Removed entity human from grid at 17, 14
Added entity cow at 12, 24
Added entity cow at 2, 25
Added entity house at 6, 12
Added entity wolf at 20, 34
Removed entity human from grid at 29, 16
Removed entity cow from grid at 13, 32
Added entity wolf at 43, 10
Added entity house at 13, 18
Added entity wolf at 43, 1
Removed entity cow from grid at 16, 25
Added entity house at 22, 6
Removed entity human from grid at 23, 5
Added entity wolf at 19, 43
Added entity human at 15, 13
Removed entity wolf from grid at 24, 17
Added entity human at 45, 17
Added entity human at 45, 23
Added entity human at 45, 25
Added entity human at 35, 24
House dying at 26, 32. Occupants: 2
Checking 25, 31: [object Object]
Checking 25, 32: null
Added entity human at 25, 32
Ejected to 25, 32
Checking 25, 31: [object Object]
Checking 25, 32: [object Object]
Checking 25, 33: null
Added entity human at 25, 33
Ejected to 25, 33
Removed entity house from grid at 26, 32
House dying at 32, 31. Occupants: 1
Checking 31, 30: [object Object]
Checking 31, 31: [object Object]
Checking 31, 32: [object Object]
Checking 32, 30: null
Added entity human at 32, 30
Ejected to 32, 30
Removed entity house from grid at 32, 31
House dying at 35, 35. Occupants: 0
Removed entity house from grid at 35, 35
House dying at 3, 41. Occupants: 0
Removed entity house from grid at 3, 41
House dying at 18, 14. Occupants: 2
Checking 17, 13: null
Added entity human at 17, 13
Ejected to 17, 13
Checking 17, 13: [object Object]
Checking 17, 14: null
Added entity human at 17, 14
Ejected to 17, 14
Removed entity house from grid at 18, 14
Removed entity human from grid at 32, 30
Removed entity human from grid at 25, 32
Removed entity human from grid at 45, 25
Removed entity human from grid at 45, 23
Removed entity human from grid at 45, 17
Added entity human at 16, 14
Removed entity human from grid at 11, 4
Removed entity human from grid at 37, 17
Added entity human at 22, 36
Removed entity wolf from grid at 17, 0
Removed entity tree from grid at 27, 24
Added entity wolf at 24, 14
Removed entity wolf from grid at 4, 44
Removed entity human from grid at 29, 46
Added entity wolf at 31, 6
Added entity house at 12, 16
Removed entity tree from grid at 14, 19
Removed entity wolf from grid at 46, 2
Added entity wolf at 35, 20
Added entity wolf at 18, 44
Removed entity tree from grid at 15, 16
Removed entity human from grid at 23, 6
Added entity wolf at 45, 47
Added entity human at 8, 48
Removed entity human from grid at 8, 48
Added entity tree at 15, 16
Removed entity human from grid at 33, 26
Added entity tree at 16, 12
Added entity cow at 11, 25
Added entity tree at 5, 19
Removed entity cow from grid at 13, 16
Removed entity cow from grid at 15, 25
Added entity wolf at 25, 40
Added entity wolf at 21, 44
Removed entity wolf from grid at 23, 14
Removed entity human from grid at 3, 37
Added entity wolf at 35, 8
Added entity wolf at 32, 5
Added entity wolf at 47, 39
Added entity wolf at 19, 26
Removed entity wolf from grid at 44, 1
Added entity wolf at 26, 12
Added entity wolf at 16, 48
Removed entity wolf from grid at 31, 6
Added entity human at 17, 11
Removed entity wolf from grid at 37, 8
Added entity human at 25, 26
Added entity human at 25, 44
Added entity human at 35, 26
Added entity human at 25, 29
Added entity human at 7, 21
Removed entity cow from grid at 6, 21
Removed entity human from grid at 25, 29
Removed entity human from grid at 35, 26
Removed entity human from grid at 25, 26
Removed entity tree from grid at 16, 12
Added entity human at 21, 36
Added entity human at 16, 13
Removed entity tree from grid at 14, 12
Removed entity human from grid at 7, 6
Removed entity human from grid at 14, 29
Removed entity wolf from grid at 36, 19
Removed entity wolf from grid at 23, 37
Added entity cow at 5, 30
Added entity wolf at 49, 16
Removed entity human from grid at 6, 11
Removed entity cow from grid at 9, 44
Removed entity wolf from grid at 27, 15
Removed entity cow from grid at 11, 30
Added entity wolf at 32, 12
Removed entity wolf from grid at 26, 10
Added entity wolf at 46, 10
Added entity wolf at 42, 12
Removed entity wolf from grid at 42, 0
Removed entity human from grid at 23, 44
Removed entity wolf from grid at 49, 12
Added entity human at 22, 34
Added entity human at 13, 5
Added entity human at 32, 25
House dying at 3, 2. Occupants: 0
Removed entity house from grid at 3, 2
House dying at 9, 0. Occupants: 1
Checking 8, -1: null
Checking 8, 0: null
Added entity human at 8, 0
Ejected to 8, 0
Removed entity house from grid at 9, 0
House dying at 3, 15. Occupants: 0
Removed entity house from grid at 3, 15
House dying at 36, 32. Occupants: 1
Checking 35, 31: [object Object]
Checking 35, 32: null
Added entity human at 35, 32
Ejected to 35, 32
Removed entity house from grid at 36, 32
Removed entity human from grid at 35, 32
Removed entity human from grid at 8, 0
Removed entity human from grid at 13, 5
Removed entity human from grid at 22, 34
Added entity tree at 16, 12
Added entity tree at 6, 20
Added entity cow at 10, 26
Removed entity human from grid at 15, 12
Removed entity human from grid at 14, 12
Added entity cow at 1, 26
Removed entity human from grid at 9, 14
Removed entity human from grid at 26, 32
Removed entity wolf from grid at 18, 39
Added entity wolf at 35, 8
Added entity berry at 6, 25
Removed entity cow from grid at 14, 26
Added entity human at 44, 19
Added entity human at 23, 26
Removed entity human from grid at 23, 26
Added entity human at 15, 12
Added entity human at 12, 9
Added entity wolf at 28, 47
Removed entity human from grid at 36, 9
Removed entity cow from grid at 15, 24
Removed entity wolf from grid at 30, 1
Removed entity tree from grid at 14, 28
Added entity wolf at 37, 18
Removed entity wolf from grid at 37, 18
Added entity human at 37, 38
Added entity human at 7, 33
Added entity human at 30, 26
House dying at 1, 10. Occupants: 0
Removed entity house from grid at 1, 10
Removed entity human from grid at 30, 26
Removed entity human from grid at 7, 33
Removed entity human from grid at 37, 38
Removed entity human from grid at 44, 20
Added entity tree at 15, 12
Removed entity wolf from grid at 21, 39
Removed entity human from grid at 11, 16
Removed entity human from grid at 7, 12
Added entity human at 15, 24
Removed entity wolf from grid at 27, 31
Removed entity wolf from grid at 17, 39
Added entity wolf at 42, 8
Removed entity wolf from grid at 32, 11
Added entity wolf at 11, 44
Removed entity wolf from grid at 11, 44
Removed entity wolf from grid at 32, 4
Removed entity wolf from grid at 42, 4
Added entity wolf at 28, 19
Added entity wolf at 27, 39
Added entity tree at 4, 9
Removed entity human from grid at 33, 25
Removed entity human from grid at 14, 14
Added entity wolf at 23, 39
Removed entity cow from grid at 19, 20
Added entity wolf at 3, 48
Removed entity tree from grid at 12, 18
Removed entity berry from grid at 6, 25
Removed entity wolf from grid at 39, 10
Added entity wolf at 35, 16
Added entity wolf at 39, 13
Added entity wolf at 33, 16
Added entity wolf at 36, 12
Removed entity wolf from grid at 33, 10
Removed entity wolf from grid at 49, 12
Added entity human at 12, 22
House dying at 2, 16. Occupants: 0
Removed entity house from grid at 2, 16
House dying at 48, 30. Occupants: 1
Checking 47, 29: null
Added entity human at 47, 29
Ejected to 47, 29
Removed entity house from grid at 48, 30
Removed entity human from grid at 47, 29
Added entity human at 16, 22
Added entity human at 13, 8
Added entity cow at 9, 25
Removed entity human from grid at 11, 19
Removed entity wolf from grid at 26, 47
Removed entity human from grid at 13, 15
Removed entity human from grid at 14, 17
Added entity wolf at 23, 14
Removed entity wolf from grid at 36, 6
Added entity wolf at 12, 46
Added entity human at 16, 28
Added entity house at 10, 19
Added entity wolf at 43, 48
Added entity wolf at 27, 36
Removed entity wolf from grid at 22, 26
Added entity wolf at 22, 28
Added entity human at 43, 21
Removed entity wolf from grid at 10, 11
Added entity human at 24, 46
Removed entity wolf from grid at 30, 21
Removed entity wolf from grid at 47, 12
Added entity human at 25, 42
Added entity human at 41, 27
House dying at 30, 32. Occupants: 2
Checking 29, 31: [object Object]
Checking 29, 32: null
Added entity human at 29, 32
Ejected to 29, 32
Checking 29, 31: [object Object]
Checking 29, 32: [object Object]
Checking 29, 33: [object Object]
Checking 30, 31: [object Object]
Checking 30, 33: [object Object]
Checking 31, 31: [object Object]
Checking 31, 32: [object Object]
Checking 31, 33: null
Added entity human at 31, 33
Ejected to 31, 33
Removed entity house from grid at 30, 32
Removed entity human from grid at 41, 27
Removed entity human from grid at 25, 42
Added entity cow at 10, 24
Removed entity tree from grid at 12, 8
Added entity human at 15, 21
Removed entity cow from grid at 14, 23
Removed entity cow from grid at 13, 14
Removed entity cow from grid at 10, 21
Removed entity cow from grid at 12, 19
Added entity human at 24, 4
Removed entity cow from grid at 14, 25
Removed entity human from grid at 25, 32
Removed entity human from grid at 8, 37
Removed entity wolf from grid at 34, 12
Added entity wolf at 28, 18
Removed entity wolf from grid at 33, 4
Removed entity human from grid at 46, 19
Added entity wolf at 47, 10
Added entity wolf at 16, 41
Added entity human at 11, 34
Added entity human at 17, 8
Added entity human at 48, 22
Added entity human at 16, 1
Added entity human at 29, 24
Added entity human at 3, 14
House dying at 8, 2. Occupants: 0
Removed entity house from grid at 8, 2
House dying at 26, 29. Occupants: 2
Checking 25, 28: null
Added entity human at 25, 28
Ejected to 25, 28
Checking 25, 28: [object Object]
Checking 25, 29: null
Added entity human at 25, 29
Ejected to 25, 29
Removed entity house from grid at 26, 29
House dying at 4, 20. Occupants: 1
Checking 3, 19: null
Added entity human at 3, 19
Ejected to 3, 19
Removed entity house from grid at 4, 20
Added entity tree at 28, 8
Removed entity human from grid at 25, 29
Removed entity human from grid at 29, 24
Removed entity human from grid at 48, 22
Removed entity human from grid at 17, 8
Removed entity human from grid at 32, 32
Removed entity human from grid at 28, 33
Removed entity human from grid at 22, 48
Added entity human at 14, 30
Added entity cow at 4, 30
Removed entity tree from grid at 13, 13
Removed entity cow from grid at 8, 12
Removed entity human from grid at 34, 24
Removed entity human from grid at 9, 37
Removed entity human from grid at 4, 47
Removed entity tree from grid at 15, 19
Removed entity tree from grid at 13, 17
Added entity wolf at 42, 11
Added entity tree at 6, 4
House dying at 0, 3. Occupants: 0
Removed entity house from grid at 0, 3
House dying at 6, 32. Occupants: 0
Removed entity house from grid at 6, 32
House dying at 29, 25. Occupants: 2
Checking 28, 24: null
Added entity human at 28, 24
Ejected to 28, 24
Checking 28, 24: [object Object]
Checking 28, 25: null
Added entity human at 28, 25
Ejected to 28, 25
Removed entity house from grid at 29, 25
House dying at 30, 34. Occupants: 2
Checking 29, 33: [object Object]
Checking 29, 34: null
Added entity human at 29, 34
Ejected to 29, 34
Checking 29, 33: [object Object]
Checking 29, 34: [object Object]
Checking 29, 35: null
Added entity human at 29, 35
Ejected to 29, 35
Removed entity house from grid at 30, 34
House dying at 27, 35. Occupants: 2
Checking 26, 34: null
Added entity human at 26, 34
Ejected to 26, 34
Checking 26, 34: [object Object]
Checking 26, 35: [object Object]
Checking 26, 36: null
Added entity human at 26, 36
Ejected to 26, 36
Removed entity house from grid at 27, 35
Added entity tree at 27, 35
Added entity tree at 28, 34
Added entity cow at 5, 31
Added entity human at 16, 21
Added entity human at 13, 10
Removed entity tree from grid at 11, 8
Added entity wolf at 32, 12
Added entity wolf at 20, 27
Removed entity wolf from grid at 26, 10
Removed entity wolf from grid at 42, 6
Added entity wolf at 28, 6
Added entity wolf at 32, 5
Removed entity wolf from grid at 20, 27
Removed entity wolf from grid at 46, 8
Removed entity human from grid at 30, 22
Added entity human at 25, 36
Added entity human at 29, 27
House dying at 8, 22. Occupants: 1
Checking 7, 21: null
Added entity human at 7, 21
Ejected to 7, 21
Removed entity house from grid at 8, 22
House dying at 1, 19. Occupants: 0
Removed entity house from grid at 1, 19
Added entity tree at 7, 20
Removed entity human from grid at 29, 27
Removed entity human from grid at 25, 36
Added entity human at 12, 11
Added entity cow at 6, 32
Added entity house at 31, 28
Removed entity tree from grid at 1, 17
Removed entity cow from grid at 14, 20
Removed entity cow from grid at 14, 23
Added entity human at 11, 7
Removed entity wolf from grid at 35, 13
Added entity house at 13, 43
Removed entity wolf from grid at 32, 5
Added entity wolf at 28, 14
Added entity wolf at 35, 4
Added entity wolf at 20, 48
Added entity wolf at 18, 46
Removed entity human from grid at 13, 44
Added entity human at 11, 13
Added entity human at 25, 25
House dying at 12, 1. Occupants: 0
Removed entity house from grid at 12, 1
House dying at 0, 48. Occupants: 0
Removed entity house from grid at 0, 48
House dying at 32, 26. Occupants: 1
Checking 31, 25: [object Object]
Checking 31, 26: [object Object]
Checking 31, 27: [object Object]
Checking 32, 25: null
Added entity human at 32, 25
Ejected to 32, 25
Removed entity house from grid at 32, 26
Removed entity human from grid at 25, 25
Added entity cow at 5, 33
Added entity cow at 11, 25
Removed entity human from grid at 42, 21
Removed entity human from grid at 29, 45
Added entity tree at 7, 10
Removed entity wolf from grid at 17, 37
Removed entity wolf from grid at 28, 17
Removed entity wolf from grid at 35, 11
Removed entity human from grid at 14, 43
Added entity wolf at 42, 9
Removed entity wolf from grid at 33, 4
Added entity wolf at 39, 4
Added entity wolf at 26, 14
Added entity wolf at 16, 45
Removed entity wolf from grid at 26, 14
Added entity wolf at 17, 42
Removed entity wolf from grid at 35, 16
Removed entity cow from grid at 7, 14
Removed entity tree from grid at 12, 7
Removed entity tree from grid at 7, 20
Removed entity tree from grid at 27, 35
Removed entity wolf from grid at 29, 37
Removed entity human from grid at 12, 32
Removed entity tree from grid at 5, 20
Removed entity tree from grid at 15, 16
Removed entity cow from grid at 14, 31
Removed entity wolf from grid at 27, 8
Removed entity human from grid at 9, 20
Added entity wolf at 44, 12
Added entity wolf at 39, 8
Added entity wolf at 18, 39
Added entity human at 5, 23
House dying at 26, 24. Occupants: 2
Checking 25, 23: [object Object]
Checking 25, 24: null
Added entity human at 25, 24
Ejected to 25, 24
Checking 25, 23: [object Object]
Checking 25, 24: [object Object]
Checking 25, 25: null
Added entity human at 25, 25
Ejected to 25, 25
Removed entity house from grid at 26, 24
House dying at 4, 19. Occupants: 1
Checking 3, 18: [object Object]
Checking 3, 19: [object Object]
Checking 3, 20: [object Object]
Checking 4, 18: [object Object]
Checking 4, 20: null
Added entity human at 4, 20
Ejected to 4, 20
Removed entity house from grid at 4, 19
Added entity cow at 6, 34
Added entity tree at 11, 4
Added entity tree at 8, 6
Added entity tree at 10, 5
Added entity tree at 10, 4
Added entity wolf at 25, 38
Added entity wolf at 28, 17
Removed entity wolf from grid at 32, 11
Removed entity wolf from grid at 19, 29
Added entity wolf at 47, 40
Removed entity wolf from grid at 32, 16
Added entity wolf at 32, 11
Added entity wolf at 35, 4
Added entity wolf at 34, 19
Added entity wolf at 21, 46
Added entity wolf at 28, 12
Removed entity wolf from grid at 28, 17
Added entity human at 19, 15
Added entity human at 26, 28
Added entity human at 6, 15
Added entity human at 13, 34
Added entity human at 7, 30
House dying at 3, 34. Occupants: 1
Checking 2, 33: [object Object]
Checking 2, 34: null
Added entity human at 2, 34
Ejected to 2, 34
Removed entity house from grid at 3, 34
House dying at 31, 31. Occupants: 2
Checking 30, 30: [object Object]
Checking 30, 31: [object Object]
Checking 30, 32: null
Added entity human at 30, 32
Ejected to 30, 32
Checking 30, 30: [object Object]
Checking 30, 31: [object Object]
Checking 30, 32: [object Object]
Checking 31, 30: [object Object]
Checking 31, 32: [object Object]
Checking 32, 30: null
Added entity human at 32, 30
Ejected to 32, 30
Removed entity house from grid at 31, 31
House dying at 42, 26. Occupants: 2
Checking 41, 25: null
Added entity human at 41, 25
Ejected to 41, 25
Checking 41, 25: [object Object]
Checking 41, 26: [object Object]
Checking 41, 27: null
Added entity human at 41, 27
Ejected to 41, 27
Removed entity house from grid at 42, 26
House dying at 11, 38. Occupants: 2
Checking 10, 37: null
Added entity human at 10, 37
Ejected to 10, 37
Checking 10, 37: [object Object]
Checking 10, 38: null
Added entity human at 10, 38
Ejected to 10, 38
Removed entity house from grid at 11, 38
Removed entity human from grid at 41, 27
Removed entity human from grid at 7, 30
Added entity cow at 7, 35
Removed entity human from grid at 6, 24
Removed entity human from grid at 32, 24
Removed entity wolf from grid at 27, 39
Added entity tree at 9, 6
Added entity cow at 0, 27
Added entity wolf at 21, 42
Added entity wolf at 40, 7
Removed entity wolf from grid at 35, 8
Removed entity wolf from grid at 32, 11
Removed entity wolf from grid at 19, 39
Removed entity wolf from grid at 29, 14
Removed entity cow from grid at 4, 39
Removed entity wolf from grid at 34, 19
Added entity human at 14, 8
House dying at 4, 8. Occupants: 0
Removed entity house from grid at 4, 8
House dying at 2, 33. Occupants: 1
Checking 1, 32: null
Added entity human at 1, 32
Ejected to 1, 32
Removed entity house from grid at 2, 33
Removed entity human from grid at 4, 21
Added entity cow at 12, 24
Removed entity wolf from grid at 4, 26
Removed entity cow from grid at 8, 10
Removed entity cow from grid at 9, 5
Removed entity wolf from grid at 23, 41
Added entity wolf at 32, 11
Removed entity wolf from grid at 17, 38
Added entity wolf at 39, 17
Removed entity wolf from grid at 32, 11
Added entity wolf at 18, 26
Removed entity wolf from grid at 17, 39
Added entity wolf at 23, 16
Removed entity wolf from grid at 38, 3
Added entity human at 18, 8
Added entity human at 45, 21
House dying at 29, 29. Occupants: 2
Checking 28, 28: null
Added entity human at 28, 28
Ejected to 28, 28
Checking 28, 28: [object Object]
Checking 28, 29: null
Added entity human at 28, 29
Ejected to 28, 29
Removed entity house from grid at 29, 29
House dying at 0, 1. Occupants: 0
Removed entity house from grid at 0, 1
House dying at 12, 2. Occupants: 1
Checking 11, 1: null
Added entity human at 11, 1
Ejected to 11, 1
Removed entity house from grid at 12, 2
Added entity cow at 6, 36
Removed entity human from grid at 43, 27
Removed entity cow from grid at 6, 17
Removed entity tree from grid at 14, 16
Added entity human at 10, 12
Added entity human at 8, 14
Removed entity human from grid at 23, 38
Removed entity cow from grid at 6, 30
Removed entity human from grid at 14, 23
Removed entity human from grid at 17, 16
Added entity house at 4, 12
Added entity wolf at 33, 2
Added entity wolf at 36, 12
Added entity wolf at 20, 45
Added entity human at 38, 46
Added entity human at 7, 21
House dying at 14, 11. Occupants: 2
Checking 13, 10: null
Added entity human at 13, 10
Ejected to 13, 10
Checking 13, 10: [object Object]
Checking 13, 11: null
Added entity human at 13, 11
Ejected to 13, 11
Removed entity house from grid at 14, 11
House dying at 24, 30. Occupants: 2
Checking 23, 29: [object Object]
Checking 23, 30: null
Added entity human at 23, 30
Ejected to 23, 30
Checking 23, 29: [object Object]
Checking 23, 30: [object Object]
Checking 23, 31: [object Object]
Checking 24, 29: null
Added entity human at 24, 29
Ejected to 24, 29
Removed entity house from grid at 24, 30
House dying at 36, 39. Occupants: 1
Checking 35, 38: null
Added entity human at 35, 38
Ejected to 35, 38
Removed entity house from grid at 36, 39
Removed entity human from grid at 35, 38
Removed entity human from grid at 38, 46
Added entity cow at 5, 37
Added entity tree at 9, 1
Removed entity wolf from grid at 18, 25
Added entity wolf at 12, 49
Added entity wolf at 23, 43
Added entity wolf at 20, 27
Removed entity wolf from grid at 38, 10
Added entity wolf at 38, 13
Added entity human at 18, 3
Added entity human at 14, 23
Added entity human at 11, 18
Added entity human at 4, 44
House dying at 6, 22. Occupants: 1
Checking 5, 21: null
Added entity human at 5, 21
Ejected to 5, 21
Removed entity house from grid at 6, 22
Added entity berry at 3, 45
Added entity cow at 4, 38
Added entity cow at 11, 23
Removed entity wolf from grid at 16, 42
Removed entity wolf from grid at 16, 39
Removed entity wolf from grid at 21, 27
Removed entity wolf from grid at 21, 38
Added entity house at 7, 4
Added entity wolf at 28, 3
Removed entity wolf from grid at 24, 18
Added entity wolf at 25, 12
Added entity wolf at 37, 23
Removed entity wolf from grid at 18, 38
Added entity wolf at 47, 11
Added entity wolf at 30, 12
Added entity wolf at 2, 30
Removed entity wolf from grid at 38, 13
Removed entity wolf from grid at 39, 4
Removed entity human from grid at 2, 42
Removed entity wolf from grid at 37, 5
Removed entity wolf from grid at 39, 17
Added entity human at 24, 34
Added entity human at 23, 32
House dying at 13, 1. Occupants: 1
Checking 12, 0: null
Added entity human at 12, 0
Ejected to 12, 0
Removed entity house from grid at 13, 1
House dying at 43, 28. Occupants: 1
Checking 42, 27: null
Added entity human at 42, 27
Ejected to 42, 27
Removed entity house from grid at 43, 28
Removed entity human from grid at 23, 32
Added entity cow at 3, 37
Removed entity human from grid at 2, 46
Removed entity human from grid at 45, 22
Removed entity wolf from grid at 15, 42
Removed entity tree from grid at 8, 36
Removed entity cow from grid at 18, 25
Removed entity wolf from grid at 20, 39
Added entity house at 8, 10
Removed entity tree from grid at 7, 3
Removed entity wolf from grid at 21, 40
Added entity house at 17, 20
Removed entity human from grid at 11, 20
New Faction INDIGO_364 registered with traits: {
  moveSpeed: [33m1.0574342104114358[39m,
  hungerRate: [33m0.9610922778956087[39m,
  visionRadius: [33m1.076858124680485[39m,
  aggression: [33m0.9099151999584992[39m
}
Societal Split! BLUE -> INDIGO_364 (Threshold: 6)
Added entity wolf at 49, 19
Added entity wolf at 4, 27
Added entity wolf at 23, 28
House dying at 34, 28. Occupants: 0
Removed entity house from grid at 34, 28
House dying at 4, 33. Occupants: 2
Checking 3, 32: null
Added entity human at 3, 32
Ejected to 3, 32
Checking 3, 32: [object Object]
Checking 3, 33: null
Added entity human at 3, 33
Ejected to 3, 33
Removed entity house from grid at 4, 33
House dying at 31, 24. Occupants: 2
Checking 30, 23: [object Object]
Checking 30, 24: null
Added entity human at 30, 24
Ejected to 30, 24
Checking 30, 23: [object Object]
Checking 30, 24: [object Object]
Checking 30, 25: [object Object]
Checking 31, 23: null
Added entity human at 31, 23
Ejected to 31, 23
Removed entity house from grid at 31, 24
House dying at 0, 17. Occupants: 0
Removed entity house from grid at 0, 17
Added entity tree at 30, 22
Added entity tree at 29, 23
Removed entity cow from grid at 4, 32
Added entity cow at 4, 36
Removed entity human from grid at 5, 21
Added entity human at 13, 17
Added entity human at 36, 32
Removed entity tree from grid at 6, 20
Removed entity wolf from grid at 26, 13
Removed entity wolf from grid at 19, 41
Removed entity wolf from grid at 6, 27
Removed entity human from grid at 28, 5
Removed entity tree from grid at 9, 10
Removed entity cow from grid at 4, 6
Removed entity wolf from grid at 30, 3
Removed entity cow from grid at 12, 19
Added entity wolf at 33, 4
Added entity wolf at 30, 5
Added entity human at 19, 14
Added entity human at 8, 46
Added entity tree at 18, 13
Added entity tree at 14, 16
Added entity cow at 5, 37
Removed entity tree from grid at 30, 25
Removed entity human from grid at 22, 30
Removed entity cow from grid at 12, 19
Removed entity tree from grid at 16, 12
Removed entity wolf from grid at 19, 41
Removed entity wolf from grid at 21, 41
Removed entity cow from grid at 6, 26
Removed entity human from grid at 11, 37
Removed entity cow from grid at 7, 9
Added entity wolf at 29, 8
Added entity wolf at 18, 38
Added entity wolf at 18, 30
Removed entity wolf from grid at 35, 4
Removed entity wolf from grid at 32, 7
Removed entity wolf from grid at 37, 20
Added entity human at 23, 10
Added entity human at 9, 14
Added entity human at 42, 43
House dying at 2, 43. Occupants: 1
Checking 1, 42: null
Added entity human at 1, 42
Ejected to 1, 42
Removed entity house from grid at 2, 43
Removed entity human from grid at 1, 42
Removed entity human from grid at 42, 43
Added entity tree at 8, 13
Removed entity human from grid at 23, 10
Added entity cow at 4, 38
Added entity tree at 19, 13
Removed entity tree from grid at 14, 16
Added entity cow at 12, 24
Added entity human at 13, 13
Removed entity wolf from grid at 16, 40
Removed entity human from grid at 36, 29
Added entity house at 7, 39
Removed entity wolf from grid at 24, 31
Removed entity wolf from grid at 19, 41
Removed entity human from grid at 16, 18
Removed entity tree from grid at 6, 4
Removed entity tree from grid at 7, 10
Removed entity wolf from grid at 32, 5
Added entity wolf at 19, 28
Added entity wolf at 17, 33
Added entity wolf at 31, 12
Removed entity tree from grid at 36, 13
Removed entity human from grid at 14, 24
Added entity human at 14, 5
House dying at 49, 39. Occupants: 0
Removed entity house from grid at 49, 39
House dying at 5, 45. Occupants: 1
Checking 4, 44: null
Added entity human at 4, 44
Ejected to 4, 44
Removed entity house from grid at 5, 45
House dying at 48, 34. Occupants: 1
Checking 47, 33: null
Added entity human at 47, 33
Ejected to 47, 33
Removed entity house from grid at 48, 34
Removed entity human from grid at 47, 33
Added entity tree at 15, 4
Added entity tree at 12, 12
Added entity cow at 13, 25
Added entity tree at 9, 13
Added entity tree at 20, 13
Removed entity tree from grid at 29, 23
Added entity cow at 1, 28
Removed entity wolf from grid at 17, 42
Removed entity tree from grid at 6, 39
Removed entity human from grid at 11, 15
Removed entity wolf from grid at 19, 33
Removed entity cow from grid at 13, 29
Removed entity human from grid at 13, 19
Added entity house at 6, 10
Added entity wolf at 28, 5
Added entity wolf at 28, 14
Added entity wolf at 21, 41
Added entity wolf at 47, 2
Added entity wolf at 35, 6
Removed entity wolf from grid at 35, 4
Removed entity human from grid at 38, 29
Added entity human at 40, 45
House dying at 40, 28. Occupants: 2
Checking 39, 27: null
Added entity human at 39, 27
Ejected to 39, 27
Checking 39, 27: [object Object]
Checking 39, 28: null
Added entity human at 39, 28
Ejected to 39, 28
Removed entity house from grid at 40, 28
Removed entity human from grid at 39, 27
Removed entity human from grid at 40, 45
Added entity cow at 14, 24
Added entity tree at 1, 45
Added entity tree at 13, 5
Removed entity tree from grid at 12, 12
Added entity cow at 5, 37
Removed entity tree from grid at 19, 13
Removed entity human from grid at 38, 31
Removed entity human from grid at 12, 18
Removed entity wolf from grid at 30, 12
Removed entity cow from grid at 9, 17
Added entity human at 12, 13
Removed entity wolf from grid at 19, 40
Added entity wolf at 17, 28
Added entity wolf at 26, 36
Added entity wolf at 47, 39
Removed entity wolf from grid at 35, 6
Added entity wolf at 44, 11
Added entity wolf at 30, 0
Added entity wolf at 11, 27
Added entity wolf at 29, 12
Added entity wolf at 24, 28
Added entity human at 16, 22
Added entity human at 25, 44
House dying at 0, 44. Occupants: 0
Removed entity house from grid at 0, 44
House dying at 0, 13. Occupants: 0
Removed entity house from grid at 0, 13
Removed entity human from grid at 7, 48
Removed entity human from grid at 45, 29
Added entity tree at 10, 6
Removed entity wolf from grid at 30, 11
Removed entity wolf from grid at 18, 26
Removed entity human from grid at 10, 20
Removed entity human from grid at 12, 34
Added entity tree at 6, 4
Added entity house at 7, 8
Removed entity wolf from grid at 17, 30
Added entity wolf at 34, 12
Added entity wolf at 40, 7
Removed entity wolf from grid at 32, 3
Removed entity wolf from grid at 11, 27
Removed entity wolf from grid at 26, 37
Removed entity wolf from grid at 29, 12
Added entity wolf at 47, 24
Removed entity wolf from grid at 34, 12
Added entity human at 23, 10
Added entity human at 33, 37
Added entity human at 10, 48
Removed entity human from grid at 10, 48
Removed entity human from grid at 23, 10
Removed entity wolf from grid at 24, 46
Removed entity human from grid at 21, 16
Removed entity human from grid at 30, 28
Removed entity cow from grid at 12, 19
Removed entity wolf from grid at 18, 41
Added entity house at 9, 36
Removed entity cow from grid at 10, 20
Removed entity cow from grid at 8, 18
Removed entity wolf from grid at 17, 30
Removed entity tree from grid at 8, 6
Removed entity wolf from grid at 34, 3
Removed entity wolf from grid at 40, 7
Removed entity cow from grid at 12, 27
Added entity wolf at 46, 26
Added entity tree at 42, 25
Added entity human at 14, 27
Added entity human at 37, 25
Removed entity tree from grid at 36, 24
Added entity cow at 13, 25
Added entity human at 13, 16
Removed entity wolf from grid at 24, 28
Removed entity human from grid at 11, 19
Added entity house at 10, 7
Removed entity tree from grid at 20, 13
Removed entity wolf from grid at 29, 48
Removed entity human from grid at 24, 44
Added entity house at 8, 6
Removed entity cow from grid at 15, 26
Removed entity tree from grid at 8, 13
Added entity wolf at 34, 10
Added entity wolf at 39, 24
Added entity wolf at 19, 40
Added entity wolf at 26, 4
Added entity human at 12, 42
House dying at 7, 32. Occupants: 2
Checking 6, 31: [object Object]
Checking 6, 32: null
Added entity human at 6, 32
Ejected to 6, 32
Checking 6, 31: [object Object]
Checking 6, 32: [object Object]
Checking 6, 33: null
Added entity human at 6, 33
Ejected to 6, 33
Removed entity house from grid at 7, 32
House dying at 40, 24. Occupants: 2
Checking 39, 23: null
Added entity human at 39, 23
Ejected to 39, 23
Checking 39, 23: [object Object]
Checking 39, 24: [object Object]
Checking 39, 25: null
Added entity human at 39, 25
Ejected to 39, 25
Removed entity house from grid at 40, 24
House dying at 5, 3. Occupants: 0
Removed entity house from grid at 5, 3
Removed entity wolf from grid at 39, 24
Added entity tree at 7, 31
Removed entity human from grid at 12, 42
Added entity tree at 12, 15
Added entity tree at 36, 24
Added entity human at 13, 15
Removed entity human from grid at 19, 3
Removed entity tree from grid at 10, 6
Added entity house at 12, 20
Removed entity human from grid at 23, 34
Removed entity tree from grid at 30, 22
Removed entity tree from grid at 5, 19
Added entity human at 22, 24
Added entity house at 3, 10
Removed entity cow from grid at 7, 18
Added entity house at 2, 14
Added entity wolf at 34, 1
Removed entity cow from grid at 15, 25
Removed entity wolf from grid at 36, 12
Added entity wolf at 42, 8
Added entity wolf at 44, 49
Added entity human at 43, 46
Added entity human at 47, 40
Removed entity human from grid at 47, 40
Removed entity human from grid at 43, 46
Added entity tree at 21, 23
Added entity tree at 12, 14
Added entity tree at 38, 22
Removed entity human from grid at 36, 36
Removed entity human from grid at 10, 15
Removed entity cow from grid at 10, 20
Added entity house at 15, 16
Removed entity tree from grid at 12, 36
Added entity house at 7, 20
Removed entity cow from grid at 14, 29
Removed entity tree from grid at 5, 10
Removed entity human from grid at 9, 18
Removed entity tree from grid at 9, 6
Added entity house at 3, 8
Added entity wolf at 16, 30
Removed entity wolf from grid at 18, 38
Removed entity wolf from grid at 34, 12
Added entity human at 22, 46
Added entity human at 43, 25
Added entity human at 30, 32
House dying at 39, 26. Occupants: 2
Checking 38, 25: [object Object]
Checking 38, 26: [object Object]
Checking 38, 27: null
Added entity human at 38, 27
Ejected to 38, 27
Checking 38, 25: [object Object]
Checking 38, 26: [object Object]
Checking 38, 27: [object Object]
Checking 39, 25: null
Added entity human at 39, 25
Ejected to 39, 25
Removed entity house from grid at 39, 26
House dying at 10, 13. Occupants: 2
Checking 9, 12: null
Added entity human at 9, 12
Ejected to 9, 12
Checking 9, 12: [object Object]
Checking 9, 13: [object Object]
Checking 9, 14: [object Object]
Checking 10, 12: [object Object]
Checking 10, 14: [object Object]
Checking 11, 12: null
Added entity human at 11, 12
Ejected to 11, 12
Removed entity house from grid at 10, 13
House dying at 9, 47. Occupants: 2
Checking 8, 46: null
Added entity human at 8, 46
Ejected to 8, 46
Checking 8, 46: [object Object]
Checking 8, 47: null
Added entity human at 8, 47
Ejected to 8, 47
Removed entity house from grid at 9, 47
Added entity tree at 11, 11
Added entity tree at 8, 11
Added entity tree at 39, 24
Removed entity human from grid at 43, 25
Removed entity human from grid at 22, 46
Removed entity tree from grid at 12, 15
Removed entity tree from grid at 12, 14
Added entity cow at 12, 26
Removed entity human from grid at 39, 25
Removed entity human from grid at 11, 36
Removed entity wolf from grid at 2, 26
Removed entity cow from grid at 9, 18
Removed entity cow from grid at 14, 24
Removed entity human from grid at 14, 29
Added entity wolf at 21, 11
Removed entity wolf from grid at 32, 3
Added entity wolf at 19, 43
Removed entity wolf from grid at 21, 11
Added entity wolf at 36, 9
Added entity wolf at 49, 3
Added entity wolf at 18, 32
Added entity wolf at 46, 8
Added entity wolf at 41, 11
Added entity wolf at 40, 49
Added entity human at 35, 43
Removed entity human from grid at 35, 43
Added entity tree at 10, 11
Added entity tree at 9, 11
Added entity cow at 2, 29
Removed entity cow from grid at 12, 19
Added entity house at 32, 32
Removed entity wolf from grid at 18, 41
New Faction TEAL_701 registered with traits: {
  moveSpeed: [33m0.9058688916594088[39m,
  hungerRate: [33m0.9426747681941512[39m,
  visionRadius: [33m1.0967089365080827[39m,
  aggression: [33m1.0132029859058131[39m
}
Societal Split! BLUE -> TEAL_701 (Threshold: 6)
Removed entity wolf from grid at 29, 47
Removed entity tree from grid at 4, 9
Added entity wolf at 25, 44
Added entity wolf at 44, 4
Removed entity wolf from grid at 16, 42
Added entity wolf at 37, 4
Removed entity wolf from grid at 41, 4
Added entity wolf at 41, 4
Added entity wolf at 49, 2
Added entity wolf at 34, 21
Removed entity wolf from grid at 36, 9
Added entity human at 24, 33
Added entity human at 23, 34
House dying at 7, 0. Occupants: 1
Checking 6, -1: null
Checking 6, 0: null
Added entity human at 6, 0
Ejected to 6, 0
Removed entity house from grid at 7, 0
House dying at 34, 25. Occupants: 2
Checking 33, 24: null
Added entity human at 33, 24
Ejected to 33, 24
Checking 33, 24: [object Object]
Checking 33, 25: null
Added entity human at 33, 25
Ejected to 33, 25
Removed entity house from grid at 34, 25
Added entity tree at 5, 0
Added entity cow at 3, 28
Added entity cow at 13, 27
Removed entity human from grid at 37, 25
Removed entity wolf from grid at 19, 43
Added entity cow at 4, 38
Removed entity wolf from grid at 0, 48
Removed entity human from grid at 30, 29
Removed entity wolf from grid at 17, 27
Removed entity wolf from grid at 35, 4
Removed entity wolf from grid at 42, 3
Added entity wolf at 42, 11
Removed entity wolf from grid at 48, 13
Added entity human at 9, 31
Added entity human at 16, 1
House dying at 7, 24. Occupants: 2
Checking 6, 23: null
Added entity human at 6, 23
Ejected to 6, 23
Checking 6, 23: [object Object]
Checking 6, 24: [object Object]
Checking 6, 25: null
Added entity human at 6, 25
Ejected to 6, 25
Removed entity house from grid at 7, 24
House dying at 13, 6. Occupants: 1
Checking 12, 5: null
Added entity human at 12, 5
Ejected to 12, 5
Removed entity house from grid at 13, 6
House dying at 4, 43. Occupants: 2
Checking 3, 42: null
Added entity human at 3, 42
Ejected to 3, 42
Checking 3, 42: [object Object]
Checking 3, 43: null
Added entity human at 3, 43
Ejected to 3, 43
Removed entity house from grid at 4, 43
House dying at 12, 4. Occupants: 1
Checking 11, 3: null
Added entity human at 11, 3
Ejected to 11, 3
Removed entity house from grid at 12, 4
House dying at 2, 37. Occupants: 2
Checking 1, 36: null
Added entity human at 1, 36
Ejected to 1, 36
Checking 1, 36: [object Object]
Checking 1, 37: null
Added entity human at 1, 37
Ejected to 1, 37
Removed entity house from grid at 2, 37
House dying at 41, 44. Occupants: 2
Checking 40, 43: null
Added entity human at 40, 43
Ejected to 40, 43
Checking 40, 43: [object Object]
Checking 40, 44: null
Added entity human at 40, 44
Ejected to 40, 44
Removed entity house from grid at 41, 44
Added entity berry at 40, 34
Removed entity human from grid at 40, 44
Removed entity human from grid at 40, 43
Removed entity tree from grid at 13, 5
Removed entity tree from grid at 5, 0
Removed entity human from grid at 9, 48
Removed entity tree from grid at 9, 13
Removed entity human from grid at 33, 33
Added entity human at 13, 15
Removed entity cow from grid at 11, 21
Added entity house at 13, 14
Added entity house at 28, 37
Removed entity wolf from grid at 17, 27
Removed entity human from grid at 19, 28
Added entity house at 7, 17
Added entity wolf at 19, 23
Added entity wolf at 26, 49
Removed entity wolf from grid at 39, 9
Added entity wolf at 34, 13
Added entity wolf at 12, 46
Added entity wolf at 28, 18
Added entity wolf at 29, 47
Removed entity wolf from grid at 34, 13
Removed entity wolf from grid at 36, 19
Added entity human at 21, 14
Added entity human at 9, 33
Added entity human at 27, 31
Added entity tree at 27, 30
Added entity tree at 9, 32
Added entity tree at 20, 13
Added entity cow at 5, 37
Removed entity tree from grid at 11, 11
Removed entity wolf from grid at 22, 26
Removed entity tree from grid at 7, 31
Removed entity human from grid at 11, 14
Removed entity cow from grid at 14, 30
Removed entity human from grid at 8, 14
Removed entity tree from grid at 2, 22
Removed entity cow from grid at 16, 25
Added entity house at 7, 18
Removed entity wolf from grid at 21, 48
Added entity house at 2, 12
Added entity wolf at 33, 2
Added entity house at 7, 9
Removed entity human from grid at 21, 28
Added entity wolf at 42, 8
Added entity wolf at 31, 5
Removed entity human from grid at 20, 16
Added entity human at 14, 21
House dying at 46, 27. Occupants: 1
Checking 45, 26: null
Added entity human at 45, 26
Ejected to 45, 26
Removed entity house from grid at 46, 27
House dying at 7, 47. Occupants: 2
Checking 6, 46: null
Added entity human at 6, 46
Ejected to 6, 46
Checking 6, 46: [object Object]
Checking 6, 47: [object Object]
Checking 6, 48: null
Added entity human at 6, 48
Ejected to 6, 48
Removed entity house from grid at 7, 47
Removed entity human from grid at 6, 48
Added entity tree at 13, 20
Added entity tree at 28, 30
Added entity tree at 8, 33
Removed entity cow from grid at 0, 39
Added entity cow at 12, 26
Added entity human at 20, 24
Removed entity wolf from grid at 16, 47
Removed entity wolf from grid at 1, 48
Removed entity tree from grid at 15, 12
Removed entity cow from grid at 13, 33
Removed entity tree from grid at 37, 32
Added entity berry at 12, 15
Removed entity tree from grid at 26, 42
Removed entity wolf from grid at 32, 5
Removed entity wolf from grid at 20, 48
Added entity berry at 6, 24
Added entity house at 15, 19
Added entity wolf at 5, 49
Added entity wolf at 20, 23
Removed entity wolf from grid at 42, 5
Added entity wolf at 30, 5
Removed entity wolf from grid at 20, 23
Added entity wolf at 28, 39
Added entity human at 17, 8
Added entity tree at 20, 23
Added entity cow at 13, 25
Removed entity human from grid at 5, 47
Removed entity human from grid at 46, 26
Added entity tree at 14, 20
Added entity tree at 26, 31
Added entity human at 15, 13
Removed entity cow from grid at 13, 22
Removed entity tree from grid at 20, 23
Removed entity human from grid at 13, 33
Added entity house at 15, 14
Removed entity cow from grid at 15, 29
Removed entity berry from grid at 6, 24
Removed entity cow from grid at 14, 29
Added entity wolf at 43, 10
Added entity wolf at 28, 5
Removed entity human from grid at 15, 30
Added entity wolf at 17, 42
Added entity wolf at 48, 24
House dying at 4, 5. Occupants: 0
Removed entity house from grid at 4, 5
Added entity cow at 14, 24
Added entity tree at 6, 8
Added entity cow at 4, 27
Removed entity human from grid at 9, 46
Removed entity wolf from grid at 17, 47
Removed entity human from grid at 28, 36
Removed entity wolf from grid at 38, 37
Removed entity wolf from grid at 30, 40
Removed entity wolf from grid at 32, 2
Removed entity tree from grid at 3, 9
Removed entity human from grid at 5, 9
Removed entity tree from grid at 8, 11
Added entity wolf at 24, 20
Added entity wolf at 18, 34
Added entity wolf at 46, 7
Added entity wolf at 37, 3
Added entity wolf at 14, 48
Removed entity wolf from grid at 31, 5
Removed entity human from grid at 49, 22
Added entity human at 10, 25
Added entity human at 20, 19
Added entity human at 29, 43
Removed entity human from grid at 29, 43
Added entity tree at 2, 4
Removed entity human from grid at 26, 33
Removed entity wolf from grid at 24, 20
Removed entity human from grid at 25, 35
Removed entity wolf from grid at 32, 3
Added entity tree at 3, 9
Removed entity wolf from grid at 20, 49
Removed entity tree from grid at 2, 8
Removed entity wolf from grid at 25, 18
Added entity wolf at 32, 2
Added entity wolf at 42, 47
Added entity wolf at 38, 29
Added entity wolf at 15, 44
Added entity human at 21, 21
Added entity human at 23, 30
Added entity human at 9, 16
Added entity human at 45, 23
Added entity tree at 9, 15
Removed entity human from grid at 23, 30
Added entity cow at 5, 28
Removed entity wolf from grid at 17, 46
Removed entity human from grid at 10, 18
Removed entity wolf from grid at 39, 38
Removed entity wolf from grid at 32, 2
Added entity house at 10, 12
Removed entity wolf from grid at 29, 6
Removed entity human from grid at 43, 21
Added entity wolf at 47, 47
Added entity wolf at 16, 45
Added entity wolf at 31, 12
Added entity wolf at 0, 19
Added entity human at 43, 23
Removed entity human from grid at 6, 21
Removed entity human from grid at 33, 27
Removed entity cow from grid at 16, 24
Removed entity wolf from grid at 39, 27
Removed entity wolf from grid at 17, 48
Removed entity wolf from grid at 18, 44
Removed entity wolf from grid at 26, 49
Removed entity cow from grid at 7, 15
Removed entity wolf from grid at 22, 48
Removed entity wolf from grid at 10, 46
Removed entity wolf from grid at 31, 12
Added entity human at 16, 37
Added entity human at 24, 33
Removed entity human from grid at 16, 37
Added entity cow at 4, 29
Added entity cow at 4, 36
Removed entity tree from grid at 14, 20
Removed entity tree from grid at 13, 20
Removed entity cow from grid at 8, 18
Removed entity tree from grid at 18, 13
Removed entity wolf from grid at 24, 49
Removed entity human from grid at 3, 13
Removed entity tree from grid at 9, 15
Removed entity cow from grid at 14, 31
Removed entity wolf from grid at 43, 27
Removed entity human from grid at 5, 13
Added entity human at 18, 34
Removed entity tree from grid at 15, 4
Added entity wolf at 39, 17
Added entity wolf at 11, 46
Added entity wolf at 34, 21
Added entity wolf at 30, 3
Added entity wolf at 16, 41
Added entity human at 35, 38
Added entity human at 25, 42
Removed entity human from grid at 25, 42
Added entity tree at 17, 33
Added entity cow at 5, 35
Added entity tree at 24, 31
Added entity tree at 11, 14
Added entity tree at 20, 23
Added entity tree at 20, 18
Added entity cow at 15, 25
Removed entity cow from grid at 15, 25
Removed entity cow from grid at 14, 24
Removed entity human from grid at 41, 22
Removed entity human from grid at 16, 24
Removed entity cow from grid at 12, 35
Removed entity human from grid at 6, 19
Added entity wolf at 28, 29
Removed entity human from grid at 15, 6
Removed entity wolf from grid at 19, 40
Added entity wolf at 48, 49
Added entity wolf at 35, 15
Added entity wolf at 27, 8
Added entity wolf at 33, 21
Added entity wolf at 33, 8
Removed entity human from grid at 49, 22
Added entity human at 29, 43
Added entity human at 29, 24
House dying at 32, 43. Occupants: 0
Removed entity house from grid at 32, 43
Removed entity human from grid at 29, 24
Added entity cow at 6, 34
Added entity cow at 5, 28
Removed entity wolf from grid at 18, 48
Removed entity wolf from grid at 41, 36
Removed entity wolf from grid at 20, 46
Removed entity wolf from grid at 30, 3
Removed entity wolf from grid at 41, 30
Added entity wolf at 21, 39
Removed entity wolf from grid at 32, 20
Added entity wolf at 38, 23
Removed entity wolf from grid at 19, 40
Added entity wolf at 36, 22
Added entity wolf at 48, 20
Added entity wolf at 16, 46
Added entity human at 19, 10
Added entity human at 18, 21
Added entity cow at 7, 35
Removed entity human from grid at 27, 41
Removed entity human from grid at 22, 11
Added entity house at 12, 38
Added entity house at 8, 42
Removed entity cow from grid at 13, 30
Removed entity human from grid at 9, 17
Added entity house at 1, 49
Removed entity human from grid at 9, 18
Removed entity wolf from grid at 19, 45
Removed entity human from grid at 7, 16
Removed entity tree from grid at 17, 33
Removed entity tree from grid at 20, 18
Removed entity human from grid at 3, 13
Added entity wolf at 29, 14
Removed entity wolf from grid at 29, 3
Added entity wolf at 27, 4
Added entity wolf at 0, 27
Added entity human at 19, 21
Added entity human at 4, 17
Added entity human at 34, 29
Removed entity human from grid at 34, 29
Removed entity human from grid at 4, 17
Removed entity human from grid at 10, 15
Removed entity human from grid at 9, 43
Removed entity human from grid at 9, 42
Removed entity human from grid at 6, 17
Removed entity human from grid at 9, 16
Removed entity wolf from grid at 26, 8
Removed entity human from grid at 13, 38
Removed entity wolf from grid at 19, 40
Removed entity wolf from grid at 42, 26
Removed entity human from grid at 25, 33
Removed entity wolf from grid at 19, 44
Removed entity wolf from grid at 35, 20
Added entity wolf at 19, 28
Added entity wolf at 49, 4
Removed entity wolf from grid at 19, 28
Added entity wolf at 17, 42
Removed entity wolf from grid at 29, 3
Added entity wolf at 21, 48
House dying at 48, 41. Occupants: 1
Checking 47, 40: null
Added entity human at 47, 40
Ejected to 47, 40
Removed entity house from grid at 48, 41
House dying at 4, 15. Occupants: 1
Checking 3, 14: [object Object]
Checking 3, 15: null
Added entity human at 3, 15
Ejected to 3, 15
Removed entity house from grid at 4, 15
Removed entity human from grid at 3, 15
Added entity tree at 20, 18
Added entity tree at 22, 23
Removed entity human from grid at 10, 25
Removed entity tree from grid at 11, 40
Removed entity human from grid at 6, 18
Removed entity human from grid at 12, 21
Removed entity human from grid at 17, 31
Removed entity human from grid at 12, 19
Removed entity human from grid at 25, 29
Added entity wolf at 34, 13
Removed entity human from grid at 29, 14
Added entity wolf at 28, 49
Removed entity human from grid at 26, 28
Added entity wolf at 17, 48
Added entity wolf at 25, 12
Added entity wolf at 31, 48
Removed entity wolf from grid at 32, 5
Added entity human at 14, 37
Removed entity human from grid at 21, 8
Added entity human at 14, 21
Removed entity human from grid at 14, 37
Removed entity wolf from grid at 12, 48
Removed entity human from grid at 5, 13
Removed entity wolf from grid at 15, 49
Removed entity wolf from grid at 26, 11
Removed entity wolf from grid at 17, 42
Removed entity wolf from grid at 43, 26
Added entity berry at 41, 14
Added entity wolf at 19, 26
Added entity wolf at 22, 14
Added entity wolf at 4, 27
Removed entity wolf from grid at 34, 13
Added entity human at 12, 42
House dying at 8, 15. Occupants: 2
Checking 7, 14: [object Object]
Checking 7, 15: [object Object]
Checking 7, 16: [object Object]
Checking 8, 14: null
Added entity human at 8, 14
Ejected to 8, 14
Checking 7, 14: [object Object]
Checking 7, 15: [object Object]
Checking 7, 16: [object Object]
Checking 8, 14: [object Object]
Checking 8, 16: null
Added entity human at 8, 16
Ejected to 8, 16
Removed entity house from grid at 8, 15
House dying at 10, 14. Occupants: 2
Checking 9, 13: null
Added entity human at 9, 13
Ejected to 9, 13
Checking 9, 13: [object Object]
Checking 9, 14: null
Added entity human at 9, 14
Ejected to 9, 14
Removed entity house from grid at 10, 14
House dying at 5, 48. Occupants: 2
Checking 4, 47: null
Added entity human at 4, 47
Ejected to 4, 47
Checking 4, 47: [object Object]
Checking 4, 48: null
Added entity human at 4, 48
Ejected to 4, 48
Removed entity house from grid at 5, 48
Added entity tree at 8, 12
Removed entity human from grid at 12, 42
Added entity cow at 8, 36
Removed entity human from grid at 39, 36
Added entity human at 18, 36
Added entity human at 26, 28
Removed entity human from grid at 46, 26
Removed entity cow from grid at 15, 30
Removed entity cow from grid at 11, 21
Removed entity wolf from grid at 29, 12
Removed entity wolf from grid at 37, 18
Removed entity human from grid at 3, 11
Added entity wolf at 39, 28
Added entity wolf at 49, 9
Added entity wolf at 31, 5
Added entity wolf at 16, 43
Added entity wolf at 32, 14
Removed entity human from grid at 48, 22
Removed entity cow from grid at 1, 46
Removed entity human from grid at 10, 13
Removed entity human from grid at 9, 13
Removed entity human from grid at 6, 18
Removed entity human from grid at 47, 43
Removed entity human from grid at 21, 19
Removed entity human from grid at 18, 22
Added entity cow at 4, 27
Removed entity wolf from grid at 23, 12
Removed entity wolf from grid at 3, 19
Removed entity wolf from grid at 42, 34
Removed entity wolf from grid at 12, 49
Removed entity wolf from grid at 15, 42
Added entity wolf at 38, 13
Added entity wolf at 17, 27
Removed entity wolf from grid at 30, 5
Added entity human at 22, 11
Added entity human at 47, 30
Added entity human at 10, 44
Removed entity human from grid at 10, 44
Removed entity tree from grid at 1, 45
Removed entity wolf from grid at 40, 37
Added entity house at 9, 49
Removed entity wolf from grid at 18, 26
Removed entity wolf from grid at 15, 48
Added entity house at 8, 17
Added entity human at 21, 5
Removed entity wolf from grid at 42, 27
Added entity wolf at 19, 33
Removed entity human from grid at 19, 19
Added entity wolf at 36, 8
Added entity wolf at 28, 6
Added entity wolf at 32, 5
Added entity wolf at 27, 14
Added entity wolf at 18, 1
Removed entity human from grid at 16, 1
Removed entity human from grid at 21, 20
Added entity human at 31, 46
Added entity human at 45, 23
Removed entity human from grid at 45, 23
Removed entity human from grid at 31, 46
Removed entity human from grid at 21, 5
Removed entity human from grid at 47, 31
Added entity tree at 21, 11
Added entity human at 18, 36
Removed entity human from grid at 22, 11
Removed entity cow from grid at 12, 18
Added entity human at 25, 28
Added entity house at 16, 18
Removed entity wolf from grid at 16, 28
Removed entity wolf from grid at 35, 18
Removed entity cow from grid at 4, 13
Added entity wolf at 30, 11
Removed entity wolf from grid at 28, 4
Added entity wolf at 40, 47
Added entity human at 43, 17
Added entity human at 15, 9
House dying at 33, 28. Occupants: 2
Checking 32, 27: null
Added entity human at 32, 27
Ejected to 32, 27
Checking 32, 27: [object Object]
Checking 32, 28: null
Added entity human at 32, 28
Ejected to 32, 28
Removed entity house from grid at 33, 28
Removed entity human from grid at 43, 17
Removed entity human from grid at 13, 38
Removed entity wolf from grid at 18, 48
Removed entity wolf from grid at 30, 11
Removed entity wolf from grid at 41, 28
Added entity wolf at 10, 46
Removed entity human from grid at 14, 0
Added entity wolf at 17, 32
Added entity wolf at 3, 28
Added entity wolf at 40, 49
Added entity human at 13, 5
Added entity human at 25, 44
Added entity human at 45, 23
Removed entity human from grid at 45, 23
Removed entity human from grid at 13, 5
Removed entity tree from grid at 27, 30
Added entity human at 28, 28
Added entity cow at 8, 34
Removed entity wolf from grid at 17, 30
Removed entity tree from grid at 20, 23
Removed entity wolf from grid at 29, 16
Removed entity tree from grid at 8, 12
Added entity wolf at 26, 2
Removed entity human from grid at 9, 48
Added entity wolf at 34, 12
Added entity wolf at 39, 10
Added entity wolf at 39, 13
Added entity wolf at 37, 17
Removed entity wolf from grid at 41, 5
Added entity human at 9, 30
Added entity human at 35, 27
House dying at 28, 26. Occupants: 2
Checking 27, 25: null
Added entity human at 27, 25
Ejected to 27, 25
Checking 27, 25: [object Object]
Checking 27, 26: null
Added entity human at 27, 26
Ejected to 27, 26
Removed entity house from grid at 28, 26
Removed entity human from grid at 9, 30
Removed entity human from grid at 32, 31
Removed entity wolf from grid at 27, 30
Removed entity wolf from grid at 20, 36
Removed entity wolf from grid at 18, 49
Added entity wolf at 5, 48
Added entity wolf at 48, 48
Added entity wolf at 37, 3
Removed entity wolf from grid at 26, 2
Added entity wolf at 46, 26
House dying at 3, 16. Occupants: 2
Checking 2, 15: null
Added entity human at 2, 15
Ejected to 2, 15
Checking 2, 15: [object Object]
Checking 2, 16: null
Added entity human at 2, 16
Ejected to 2, 16
Removed entity house from grid at 3, 16
Removed entity wolf from grid at 12, 47
Added entity berry at 14, 10
Removed entity wolf from grid at 37, 16
Removed entity human from grid at 45, 32
Added entity wolf at 25, 42
Added entity wolf at 11, 46
Added entity wolf at 42, 9
Added entity wolf at 31, 5
Added entity wolf at 47, 40
Added entity wolf at 35, 20
Added entity human at 30, 25
Removed entity human from grid at 30, 25
Removed entity human from grid at 35, 27
Removed entity wolf from grid at 1, 24
Removed entity human from grid at 37, 41
Removed entity wolf from grid at 12, 47
Removed entity human from grid at 8, 49
Removed entity human from grid at 31, 40
Removed entity wolf from grid at 40, 33
Removed entity cow from grid at 9, 40
Removed entity wolf from grid at 44, 27
Removed entity wolf from grid at 35, 15
Removed entity wolf from grid at 33, 13
Added entity wolf at 29, 8
Removed entity wolf from grid at 26, 2
Added entity wolf at 18, 1
Added entity human at 44, 19
Removed entity human from grid at 46, 19
Added entity human at 14, 35
Added entity human at 18, 11
Added entity cow at 5, 28
Removed entity wolf from grid at 0, 26
Removed entity human from grid at 18, 8
Removed entity human from grid at 17, 7
Removed entity wolf from grid at 26, 49
Removed entity human from grid at 14, 8
Removed entity wolf from grid at 35, 15
Added entity wolf at 49, 1
Added entity wolf at 18, 37
Added entity wolf at 15, 44
Added entity human at 22, 11
Added entity human at 14, 33
Added entity human at 17, 17
Added entity human at 18, 20
Added entity human at 47, 30
Removed entity human from grid at 47, 30
Removed entity human from grid at 14, 33
Removed entity human from grid at 22, 11
Added entity cow at 9, 33
Removed entity human from grid at 19, 6
Removed entity wolf from grid at 5, 49
Removed entity wolf from grid at 20, 39
Removed entity wolf from grid at 21, 41
Removed entity wolf from grid at 43, 36
Removed entity human from grid at 18, 8
Removed entity wolf from grid at 30, 5
Added entity wolf at 38, 5
Removed entity wolf from grid at 19, 1
Removed entity berry from grid at 3, 45
Added entity wolf at 34, 1
Added entity wolf at 36, 20
Added entity wolf at 20, 38
Added entity human at 44, 21
Added entity human at 14, 36
Added entity human at 48, 28
House dying at 1, 8. Occupants: 0
Removed entity house from grid at 1, 8
Added entity tree at 48, 27
Added entity tree at 15, 35
Added entity cow at 10, 34
Added entity tree at 18, 18
Removed entity human from grid at 14, 35
Removed entity cow from grid at 1, 18
Removed entity wolf from grid at 20, 39
Removed entity human from grid at 10, 33
Removed entity human from grid at 8, 28
Removed entity cow from grid at 12, 28
Removed entity cow from grid at 8, 31
Added entity human at 25, 33
Added entity wolf at 15, 28
Added entity wolf at 17, 26
Removed entity wolf from grid at 16, 47
Added entity wolf at 21, 1
Removed entity wolf from grid at 21, 1
Added entity wolf at 35, 22
Added entity wolf at 32, 20
Added entity wolf at 14, 44
Added entity wolf at 26, 13
Added entity human at 12, 25
Added entity human at 13, 8
House dying at 1, 5. Occupants: 0
Removed entity house from grid at 1, 5
Removed entity human from grid at 13, 8
Removed entity human from grid at 12, 25
Removed entity wolf from grid at 34, 21
Removed entity wolf from grid at 15, 25
Removed entity wolf from grid at 42, 37
Removed entity wolf from grid at 18, 48
Removed entity wolf from grid at 41, 35
Removed entity human from grid at 14, 33
Added entity human at 13, 15
Removed entity wolf from grid at 32, 19
Added entity wolf at 36, 8
Removed entity wolf from grid at 35, 17
Removed entity wolf from grid at 36, 13
Added entity wolf at 23, 42
Removed entity wolf from grid at 32, 2
Added entity human at 21, 8
Added entity human at 35, 32
Added entity human at 37, 25
House dying at 46, 24. Occupants: 2
Checking 45, 23: null
Added entity human at 45, 23
Ejected to 45, 23
Checking 45, 23: [object Object]
Checking 45, 24: null
Added entity human at 45, 24
Ejected to 45, 24
Removed entity house from grid at 46, 24
Removed entity tree from grid at 36, 24
Removed entity tree from grid at 35, 31
Removed entity human from grid at 21, 8
Removed entity human from grid at 44, 20
Removed entity human from grid at 18, 20
Added entity cow at 4, 29
Removed entity human from grid at 15, 6
Added entity house at 2, 21
Removed entity human from grid at 24, 44
Removed entity wolf from grid at 21, 41
Removed entity cow from grid at 17, 24
Added entity human at 5, 13
Added entity wolf at 15, 28
Removed entity wolf from grid at 35, 15
Added entity wolf at 12, 48
Added entity wolf at 17, 48
Added entity human at 25, 29
Added entity human at 41, 25
Added entity human at 33, 39
Added entity human at 32, 25
Added entity tree at 31, 24
Added entity tree at 33, 38
Added entity cow at 3, 30
Removed entity cow from grid at 4, 42
Added entity human at 12, 44
Removed entity human from grid at 13, 44
Added entity house at 13, 12
Added entity wolf at 24, 18
Added entity wolf at 38, 6
Added entity wolf at 18, 36
Removed entity wolf from grid at 19, 3
Removed entity human from grid at 12, 31
Removed entity wolf from grid at 41, 3
Added entity human at 41, 23
House dying at 9, 45. Occupants: 2
Checking 8, 44: null
Added entity human at 8, 44
Ejected to 8, 44
Checking 8, 44: [object Object]
Checking 8, 45: null
Added entity human at 8, 45
Ejected to 8, 45
Removed entity house from grid at 9, 45
Added entity cow at 4, 31
Added entity cow at 9, 33
Removed entity tree from grid at 32, 18
Removed entity wolf from grid at 29, 7
Removed entity wolf from grid at 16, 49
Removed entity human from grid at 10, 36
Removed entity tree from grid at 25, 10
Removed entity wolf from grid at 28, 17
Removed entity human from grid at 9, 48
Removed entity wolf from grid at 34, 13
Added entity wolf at 38, 23
Added entity wolf at 27, 14
Added entity wolf at 45, 39
Added entity human at 23, 36
Added entity human at 10, 23
Added entity human at 33, 36
Added entity human at 47, 24
Added entity tree at 47, 23
Added entity tree at 32, 35
Removed entity human from grid at 10, 23
Removed entity human from grid at 23, 36
Removed entity human from grid at 42, 23
Removed entity tree from grid at 9, 11
Removed entity human from grid at 35, 32
Removed entity human from grid at 25, 30
Removed entity wolf from grid at 18, 29
Removed entity wolf from grid at 18, 39
Removed entity wolf from grid at 17, 28
Added entity house at 24, 30
Added entity wolf at 35, 15
Added entity wolf at 19, 49
Removed entity wolf from grid at 35, 15
Removed entity wolf from grid at 35, 11
Added entity wolf at 28, 28
Removed entity cow from grid at 15, 33
Added entity wolf at 15, 44
Added entity human at 18, 8
Added entity human at 31, 44
Added entity human at 18, 23
House dying at 36, 28. Occupants: 2
Checking 35, 27: null
Added entity human at 35, 27
Ejected to 35, 27
Checking 35, 27: [object Object]
Checking 35, 28: null
Added entity human at 35, 28
Ejected to 35, 28
Removed entity house from grid at 36, 28
Removed entity human from grid at 35, 27
Added entity tree at 18, 22
Removed entity human from grid at 31, 44
Removed entity tree from grid at 47, 23
Removed entity human from grid at 32, 26
Removed entity human from grid at 42, 21
Removed entity cow from grid at 9, 15
Removed entity human from grid at 18, 38
Removed entity cow from grid at 16, 31
Removed entity wolf from grid at 39, 14
Removed entity tree from grid at 10, 11
Removed entity human from grid at 23, 30
Removed entity wolf from grid at 12, 48
Added entity wolf at 17, 27
Added entity wolf at 41, 2
Added entity wolf at 16, 25
House dying at 44, 22. Occupants: 2
Checking 43, 21: [object Object]
Checking 43, 22: null
Added entity human at 43, 22
Ejected to 43, 22
Checking 43, 21: [object Object]
Checking 43, 22: [object Object]
Checking 43, 23: null
Added entity human at 43, 23
Ejected to 43, 23
Removed entity house from grid at 44, 22
House dying at 0, 35. Occupants: 0
Removed entity house from grid at 0, 35
Removed entity human from grid at 18, 23
Added entity tree at 17, 7
Added entity tree at 47, 23
Added entity cow at 8, 32
Removed entity human from grid at 34, 38
Removed entity cow from grid at 9, 16
Added entity human at 20, 29
Added entity human at 22, 10
Removed entity human from grid at 48, 22
Removed entity human from grid at 29, 30
Removed entity wolf from grid at 29, 12
Added entity wolf at 19, 36
Added entity wolf at 3, 48
Added entity wolf at 28, 6
Added entity wolf at 34, 22
Added entity wolf at 35, 3
Added entity wolf at 48, 19
Added entity wolf at 37, 18
Added entity human at 14, 27
Removed entity human from grid at 14, 27
Removed entity wolf from grid at 33, 18
Removed entity human from grid at 47, 43
Removed entity wolf from grid at 18, 46
Removed entity wolf from grid at 18, 26
Removed entity wolf from grid at 41, 37
Removed entity wolf from grid at 28, 5
Added entity wolf at 26, 19
Added entity human at 17, 5
Added entity human at 23, 9
Removed entity tree from grid at 17, 7
Added entity cow at 3, 32
Added entity house at 11, 10
Removed entity wolf from grid at 20, 27
Removed entity human from grid at 0, 36
Removed entity cow from grid at 13, 31
Removed entity wolf from grid at 26, 18
Added entity wolf at 34, 13
Removed entity wolf from grid at 20, 46
Added entity wolf at 45, 41
Removed entity wolf from grid at 37, 8
Added entity wolf at 15, 44
Added entity wolf at 28, 12
Added entity wolf at 22, 28
Added entity human at 43, 46
House dying at 30, 23. Occupants: 2
Checking 29, 22: null
Added entity human at 29, 22
Ejected to 29, 22
Checking 29, 22: [object Object]
Checking 29, 23: null
Added entity human at 29, 23
Ejected to 29, 23
Removed entity house from grid at 30, 23
House dying at 26, 43. Occupants: 2
Checking 25, 42: null
Added entity human at 25, 42
Ejected to 25, 42
Checking 25, 42: [object Object]
Checking 25, 43: null
Added entity human at 25, 43
Ejected to 25, 43
Removed entity house from grid at 26, 43
House dying at 14, 9. Occupants: 1
Checking 13, 8: null
Added entity human at 13, 8
Ejected to 13, 8
Removed entity house from grid at 14, 9
Added entity tree at 12, 7
Removed entity human from grid at 43, 46
Added entity human at 24, 10
Added entity human at 23, 30
Added entity cow at 7, 31
Removed entity wolf from grid at 21, 30
Added entity human at 26, 16
Added entity human at 10, 16
Removed entity human from grid at 24, 10
Removed entity tree from grid at 18, 22
Removed entity wolf from grid at 26, 18
Added entity wolf at 49, 9
Added entity wolf at 28, 12
Added entity wolf at 29, 16
Added entity human at 26, 28
Added entity human at 12, 10
House dying at 47, 26. Occupants: 2
Checking 46, 25: null
Added entity human at 46, 25
Ejected to 46, 25
Checking 46, 25: [object Object]
Checking 46, 26: null
Added entity human at 46, 26
Ejected to 46, 26
Removed entity house from grid at 47, 26
House dying at 46, 29. Occupants: 2
Checking 45, 28: null
Added entity human at 45, 28
Ejected to 45, 28
Checking 45, 28: [object Object]
Checking 45, 29: null
Added entity human at 45, 29
Ejected to 45, 29
Removed entity house from grid at 46, 29
Removed entity human from grid at 26, 28
Removed entity human from grid at 23, 30
Removed entity human from grid at 47, 33
Added entity tree at 2, 10
Removed entity human from grid at 31, 47
Removed entity wolf from grid at 33, 16
Removed entity wolf from grid at 2, 47
Removed entity wolf from grid at 34, 7
Removed entity wolf from grid at 41, 38
Removed entity wolf from grid at 16, 45
Added entity human at 23, 7
Removed entity wolf from grid at 35, 17
Added entity wolf at 36, 7
Removed entity wolf from grid at 20, 36
Added entity wolf at 28, 18
Added entity wolf at 0, 28
House dying at 0, 37. Occupants: 1
Checking -1, 36: null
Checking -1, 37: null
Checking -1, 38: null
Checking 0, 36: [object Object]
Checking 0, 38: null
Added entity human at 0, 38
Ejected to 0, 38
Removed entity house from grid at 0, 37
House dying at 38, 47. Occupants: 1
Checking 37, 46: null
Added entity human at 37, 46
Ejected to 37, 46
Removed entity house from grid at 38, 47
House dying at 31, 41. Occupants: 1
Checking 30, 40: null
Added entity human at 30, 40
Ejected to 30, 40
Removed entity house from grid at 31, 41
House dying at 38, 30. Occupants: 2
Checking 37, 29: null
Added entity human at 37, 29
Ejected to 37, 29
Checking 37, 29: [object Object]
Checking 37, 30: null
Added entity human at 37, 30
Ejected to 37, 30
Removed entity house from grid at 38, 30
Removed entity human from grid at 37, 46
Removed entity human from grid at 0, 38
Removed entity human from grid at 23, 7
Removed entity tree from grid at 21, 7
Removed entity human from grid at 7, 40
Removed entity tree from grid at 2, 10
Removed entity wolf from grid at 38, 37
Added entity human at 11, 18
Added entity wolf at 49, 7
Added entity wolf at 14, 44
Added entity wolf at 48, 20
Added entity wolf at 30, 14
Added entity human at 17, 17
House dying at 29, 31. Occupants: 2
Checking 28, 30: [object Object]
Checking 28, 31: null
Added entity human at 28, 31
Ejected to 28, 31
Checking 28, 30: [object Object]
Checking 28, 31: [object Object]
Checking 28, 32: null
Added entity human at 28, 32
Ejected to 28, 32
Removed entity house from grid at 29, 31
Added entity tree at 27, 31
Added entity tree at 27, 30
Removed entity human from grid at 48, 26
Removed entity tree from grid at 11, 14
Added entity cow at 6, 32
Added entity house at 27, 46
Removed entity human from grid at 21, 31
Removed entity wolf from grid at 43, 34
Removed entity human from grid at 5, 45
Removed entity cow from grid at 17, 23
Removed entity wolf from grid at 14, 44
Added entity wolf at 49, 16
Added entity wolf at 23, 39
Added entity wolf at 23, 40
Added entity wolf at 41, 6
Added entity wolf at 19, 44
Added entity wolf at 28, 0
Added entity human at 20, 8
Added entity human at 30, 32
Removed entity human from grid at 30, 32
Removed entity human from grid at 28, 46
Added entity cow at 4, 31
Removed entity wolf from grid at 47, 18
Removed entity wolf from grid at 30, 29
Removed entity wolf from grid at 30, 18
Removed entity cow from grid at 13, 29
Removed entity wolf from grid at 26, 18
Removed entity wolf from grid at 32, 3
Removed entity wolf from grid at 19, 44
Added entity tree at 5, 9
Added entity wolf at 19, 26
Added entity wolf at 15, 48
Added entity human at 1, 42
House dying at 5, 1. Occupants: 0
Removed entity house from grid at 5, 1
House dying at 28, 42. Occupants: 2
Checking 27, 41: null
Added entity human at 27, 41
Ejected to 27, 41
Checking 27, 41: [object Object]
Checking 27, 42: null
Added entity human at 27, 42
Ejected to 27, 42
Removed entity house from grid at 28, 42
House dying at 10, 17. Occupants: 2
Checking 9, 16: null
Added entity human at 9, 16
Ejected to 9, 16
Checking 9, 16: [object Object]
Checking 9, 17: null
Added entity human at 9, 17
Ejected to 9, 17
Removed entity house from grid at 10, 17
House dying at 36, 26. Occupants: 2
Checking 35, 25: null
Added entity human at 35, 25
Ejected to 35, 25
Checking 35, 25: [object Object]
Checking 35, 26: null
Added entity human at 35, 26
Ejected to 35, 26
Removed entity house from grid at 36, 26
Added entity human at 10, 17
Removed entity human from grid at 1, 42
Added entity cow at 5, 32
Removed entity tree from grid at 20, 7
Removed entity tree from grid at 42, 36
Removed entity wolf from grid at 27, 14
Added entity house at 17, 13
Removed entity wolf from grid at 30, 16
Added entity house at 7, 49
Removed entity human from grid at 3, 44
Removed entity wolf from grid at 32, 3
Removed entity human from grid at 1, 38
Removed entity human from grid at 18, 21
Added entity house at 4, 16
Removed entity cow from grid at 8, 36
Removed entity wolf from grid at 35, 17
Added entity wolf at 36, 16
Added entity wolf at 37, 27
Added entity berry at 22, 18
Added entity wolf at 49, 19
Added entity human at 3, 21
House dying at 24, 45. Occupants: 2
Checking 23, 44: null
Added entity human at 23, 44
Ejected to 23, 44
Checking 23, 44: [object Object]
Checking 23, 45: null
Added entity human at 23, 45
Ejected to 23, 45
Removed entity house from grid at 24, 45
Added entity tree at 22, 44
Added entity tree at 2, 20
Added entity house at 29, 39
Added entity human at 7, 14
Removed entity wolf from grid at 48, 17
Removed entity human from grid at 15, 18
Removed entity tree from grid at 24, 31
Removed entity wolf from grid at 1, 31
Removed entity tree from grid at 2, 20
Removed entity wolf from grid at 42, 37
Removed entity tree from grid at 8, 38
Added entity wolf at 19, 33
Added entity wolf at 46, 6
Removed entity cow from grid at 9, 10
Added entity wolf at 39, 7
Added entity wolf at 30, 16
Added entity wolf at 0, 28
Added entity human at 23, 10
Added entity human at 9, 30
House dying at 15, 0. Occupants: 2
Checking 14, -1: null
Checking 14, 0: null
Added entity human at 14, 0
Ejected to 14, 0
Checking 14, -1: null
Checking 14, 0: [object Object]
Checking 14, 1: null
Added entity human at 14, 1
Ejected to 14, 1
Removed entity house from grid at 15, 0
House dying at 13, 9. Occupants: 1
Checking 12, 8: null
Added entity human at 12, 8
Ejected to 12, 8
Removed entity house from grid at 13, 9
Added entity berry at 35, 17
Removed entity cow from grid at 6, 39
Removed entity wolf from grid at 30, 16
Removed entity human from grid at 37, 41
Removed entity wolf from grid at 33, 17
Added entity tree at 5, 6
Added entity wolf at 47, 16
Added entity wolf at 19, 28
Added entity wolf at 37, 22
House dying at 49, 23. Occupants: 2
Checking 48, 22: null
Added entity human at 48, 22
Ejected to 48, 22
Checking 48, 22: [object Object]
Checking 48, 23: [object Object]
Checking 48, 24: null
Added entity human at 48, 24
Ejected to 48, 24
Removed entity house from grid at 49, 23
House dying at 48, 32. Occupants: 2
Checking 47, 31: null
Added entity human at 47, 31
Ejected to 47, 31
Checking 47, 31: [object Object]
Checking 47, 32: null
Added entity human at 47, 32
Ejected to 47, 32
Removed entity house from grid at 48, 32
Removed entity human from grid at 10, 29
Removed entity wolf from grid at 37, 26
Removed entity human from grid at 27, 45
Added entity cow at 7, 31
Added entity tree at 31, 6
Removed entity wolf from grid at 18, 41
Added entity tree at 7, 6
Added entity wolf at 15, 49
Removed entity wolf from grid at 19, 36
Added entity wolf at 28, 6
Added entity wolf at 25, 35
Added entity wolf at 20, 31
Added entity wolf at 30, 17
Added entity human at 11, 33
House dying at 19, 18. Occupants: 2
Checking 18, 17: null
Added entity human at 18, 17
Ejected to 18, 17
Checking 18, 17: [object Object]
Checking 18, 18: [object Object]
Checking 18, 19: null
Added entity human at 18, 19
Ejected to 18, 19
Removed entity house from grid at 19, 18
House dying at 13, 41. Occupants: 2
Checking 12, 40: [object Object]
Checking 12, 41: null
Added entity human at 12, 41
Ejected to 12, 41
Checking 12, 40: [object Object]
Checking 12, 41: [object Object]
Checking 12, 42: null
Added entity human at 12, 42
Ejected to 12, 42
Removed entity house from grid at 13, 41
House dying at 8, 29. Occupants: 1
Checking 7, 28: [object Object]
Checking 7, 29: [object Object]
Checking 7, 30: [object Object]
Checking 8, 28: null
Added entity human at 8, 28
Ejected to 8, 28
Removed entity house from grid at 8, 29
Removed entity human from grid at 14, 21
Removed entity human from grid at 29, 40
Removed entity human from grid at 17, 19
Removed entity human from grid at 28, 39
Removed entity human from grid at 15, 17
Removed entity human from grid at 32, 46
Removed entity wolf from grid at 49, 14
Removed entity wolf from grid at 15, 49
Removed entity wolf from grid at 44, 39
Removed entity wolf from grid at 19, 42
Removed entity human from grid at 14, 20
Removed entity wolf from grid at 19, 25
Removed entity human from grid at 1, 21
Removed entity human from grid at 8, 36
Added entity wolf at 48, 14
Added entity wolf at 41, 6
Added entity wolf at 39, 13
Added entity wolf at 31, 46
Added entity human at 25, 28
Removed entity human from grid at 25, 28
Removed entity human from grid at 16, 21
Removed entity human from grid at 17, 18
Added entity cow at 8, 32
Removed entity wolf from grid at 18, 49
Removed entity human from grid at 2, 22
Added entity cow at 4, 33
Removed entity human from grid at 23, 9
Removed entity wolf from grid at 20, 31
Removed entity human from grid at 3, 22
Added entity wolf at 17, 30
Added entity wolf at 21, 1
Added entity wolf at 18, 36
Added entity wolf at 47, 39
Added entity wolf at 48, 0
Added entity wolf at 21, 31
Added entity wolf at 38, 13
Added entity wolf at 30, 14
Added entity wolf at 21, 27
Added entity wolf at 30, 48
Added entity human at 20, 5
House dying at 14, 4. Occupants: 1
Checking 13, 3: null
Added entity human at 13, 3
Ejected to 13, 3
Removed entity house from grid at 14, 4
House dying at 31, 26. Occupants: 2
Checking 30, 25: null
Added entity human at 30, 25
Ejected to 30, 25
Checking 30, 25: [object Object]
Checking 30, 26: null
Added entity human at 30, 26
Ejected to 30, 26
Removed entity house from grid at 31, 26
Removed entity human from grid at 20, 5
Removed entity human from grid at 12, 31
Removed entity wolf from grid at 35, 22
Removed entity wolf from grid at 28, 12
Removed entity wolf from grid at 28, 18
Removed entity wolf from grid at 49, 13
Removed entity wolf from grid at 21, 31
Removed entity wolf from grid at 38, 13
Removed entity wolf from grid at 21, 27
Removed entity wolf from grid at 21, 25
Removed entity wolf from grid at 48, 38
Added entity wolf at 13, 46
Added entity wolf at 35, 13
Added entity wolf at 40, 7
Added entity human at 22, 48
Added entity human at 35, 32
Added entity human at 36, 38
House dying at 16, 7. Occupants: 2
Checking 15, 6: null
Added entity human at 15, 6
Ejected to 15, 6
Checking 15, 6: [object Object]
Checking 15, 7: null
Added entity human at 15, 7
Ejected to 15, 7
Removed entity house from grid at 16, 7
House dying at 48, 23. Occupants: 2
Checking 47, 22: [object Object]
Checking 47, 23: [object Object]
Checking 47, 24: null
Added entity human at 47, 24
Ejected to 47, 24
Checking 47, 22: [object Object]
Checking 47, 23: [object Object]
Checking 47, 24: [object Object]
Checking 48, 22: null
Added entity human at 48, 22
Ejected to 48, 22
Removed entity house from grid at 48, 23
House dying at 49, 27. Occupants: 1
Checking 48, 26: null
Added entity human at 48, 26
Ejected to 48, 26
Removed entity house from grid at 49, 27
Removed entity human from grid at 36, 38
Removed entity human from grid at 35, 32
Removed entity human from grid at 22, 48
Removed entity wolf from grid at 23, 0
Removed entity human from grid at 14, 21
Removed entity wolf from grid at 21, 38
Removed entity wolf from grid at 35, 13
Removed entity wolf from grid at 2, 30
Added entity house at 5, 3
Added entity human at 12, 17
Removed entity wolf from grid at 49, 38
Added entity wolf at 15, 30
Added entity wolf at 32, 2
Removed entity cow from grid at 14, 23
Added entity wolf at 39, 4
Added entity wolf at 32, 19
Added entity human at 43, 23
House dying at 46, 31. Occupants: 2
Checking 45, 30: null
Added entity human at 45, 30
Ejected to 45, 30
Checking 45, 30: [object Object]
Checking 45, 31: [object Object]
Checking 45, 32: null
Added entity human at 45, 32
Ejected to 45, 32
Removed entity house from grid at 46, 31
Added entity tree at 41, 12
Added entity tree at 28, 0
Removed entity wolf from grid at 49, 12
Removed entity wolf from grid at 16, 28
Removed entity berry from grid at 14, 40
Removed entity wolf from grid at 0, 30
Removed entity wolf from grid at 32, 19
Removed entity tree from grid at 6, 4
Added entity wolf at 21, 40
Added entity wolf at 20, 33
Added entity wolf at 14, 1
Added entity human at 33, 41
Removed entity human from grid at 33, 41
Removed entity human from grid at 17, 6
Added entity cow at 5, 32
Removed entity wolf from grid at 17, 33
Removed entity wolf from grid at 13, 46
Removed entity cow from grid at 16, 31
Removed entity human from grid at 6, 3
Added entity wolf at 11, 46
Added entity wolf at 30, 12
Added entity human at 36, 38
Removed entity human from grid at 36, 38
Added entity cow at 6, 33
Removed entity human from grid at 16, 3
Added entity cow at 9, 31
Removed entity wolf from grid at 19, 41
Removed entity wolf from grid at 35, 13
Added entity wolf at 28, 14
Added entity wolf at 47, 2
Added entity wolf at 16, 39
Added entity wolf at 32, 16
Added entity wolf at 1, 29
Added entity human at 38, 43
Added entity human at 21, 30
Added entity human at 12, 24
House dying at 13, 24. Occupants: 2
Checking 12, 23: null
Added entity human at 12, 23
Ejected to 12, 23
Checking 12, 23: [object Object]
Checking 12, 24: [object Object]
Checking 12, 25: [object Object]
Checking 13, 23: [object Object]
Checking 13, 25: null
Added entity human at 13, 25
Ejected to 13, 25
Removed entity house from grid at 13, 24
House dying at 34, 37. Occupants: 1
Checking 33, 36: null
Added entity human at 33, 36
Ejected to 33, 36
Removed entity house from grid at 34, 37
Removed entity human from grid at 21, 30
Removed entity human from grid at 38, 43
Removed entity human from grid at 16, 5
Removed entity wolf from grid at 12, 47
Removed entity wolf from grid at 28, 14
Removed entity wolf from grid at 32, 2
Removed entity wolf from grid at 32, 16
Removed entity wolf from grid at 28, 48
Removed entity wolf from grid at 18, 41
Added entity human at 5, 13
Added entity wolf at 21, 39
Removed entity cow from grid at 16, 41
Removed entity wolf from grid at 18, 37
Added entity wolf at 35, 13
Added entity wolf at 35, 4
Added entity human at 45, 44
Added entity human at 18, 8
Added entity human at 21, 14
Added entity human at 13, 32
House dying at 13, 23. Occupants: 1
Checking 12, 22: null
Added entity human at 12, 22
Ejected to 12, 22
Removed entity house from grid at 13, 23
House dying at 32, 38. Occupants: 0
Removed entity house from grid at 32, 38
House dying at 16, 4. Occupants: 2
Checking 15, 3: null
Added entity human at 15, 3
Ejected to 15, 3
Checking 15, 3: [object Object]
Checking 15, 4: null
Added entity human at 15, 4
Ejected to 15, 4
Removed entity house from grid at 16, 4
House dying at 24, 27. Occupants: 2
Checking 23, 26: null
Added entity human at 23, 26
Ejected to 23, 26
Checking 23, 26: [object Object]
Checking 23, 27: null
Added entity human at 23, 27
Ejected to 23, 27
Removed entity house from grid at 24, 27
House dying at 9, 24. Occupants: 2
Checking 8, 23: null
Added entity human at 8, 23
Ejected to 8, 23
Checking 8, 23: [object Object]
Checking 8, 24: null
Added entity human at 8, 24
Ejected to 8, 24
Removed entity house from grid at 9, 24
House dying at 13, 35. Occupants: 2
Checking 12, 34: null
Added entity human at 12, 34
Ejected to 12, 34
Checking 12, 34: [object Object]
Checking 12, 35: null
Added entity human at 12, 35
Ejected to 12, 35
Removed entity house from grid at 13, 35
Removed entity human from grid at 45, 44
Removed entity wolf from grid at 31, 37
Removed entity wolf from grid at 32, 16
Removed entity wolf from grid at 49, 45
Removed entity wolf from grid at 30, 1
Removed entity wolf from grid at 1, 28
Removed entity wolf from grid at 21, 41
Removed entity wolf from grid at 36, 14
Added entity wolf at 32, 2
Removed entity wolf from grid at 36, 12
Added entity wolf at 26, 47
Added entity wolf at 35, 22
Added entity wolf at 34, 19
Added entity wolf at 18, 39
House dying at 33, 40. Occupants: 1
Checking 32, 39: null
Added entity human at 32, 39
Ejected to 32, 39
Removed entity house from grid at 33, 40
Removed entity human from grid at 13, 6
Added entity human at 20, 27
Added entity human at 48, 45
Removed entity wolf from grid at 32, 2
Removed entity wolf from grid at 18, 39
Removed entity cow from grid at 0, 30
Removed entity wolf from grid at 49, 46
Added entity human at 14, 44
Added entity wolf at 47, 15
Added entity wolf at 25, 39
Added entity wolf at 42, 8
Added entity wolf at 47, 12
Added entity wolf at 29, 46
Added entity human at 21, 8
Removed entity human from grid at 9, 26
Added entity cow at 7, 32
Removed entity wolf from grid at 33, 19
Removed entity human from grid at 13, 6
Added entity human at 10, 37
Added entity wolf at 21, 1
Added entity wolf at 24, 12
Added entity wolf at 31, 5
Removed entity human from grid at 20, 7
Added entity wolf at 17, 46
House dying at 22, 31. Occupants: 2
Checking 21, 30: null
Added entity human at 21, 30
Ejected to 21, 30
Checking 21, 30: [object Object]
Checking 21, 31: [object Object]
Checking 21, 32: [object Object]
Checking 22, 30: [object Object]
Checking 22, 32: [object Object]
Checking 23, 30: null
Added entity human at 23, 30
Ejected to 23, 30
Removed entity house from grid at 22, 31
House dying at 12, 33. Occupants: 1
Checking 11, 32: [object Object]
Checking 11, 33: null
Added entity human at 11, 33
Ejected to 11, 33
Removed entity house from grid at 12, 33
House dying at 36, 41. Occupants: 2
Checking 35, 40: null
Added entity human at 35, 40
Ejected to 35, 40
Checking 35, 40: [object Object]
Checking 35, 41: null
Added entity human at 35, 41
Ejected to 35, 41
Removed entity house from grid at 36, 41
Removed entity human from grid at 35, 41
Added entity cow at 6, 31
Removed entity wolf from grid at 47, 47
Added entity house at 5, 24
Removed entity cow from grid at 7, 25
Removed entity wolf from grid at 32, 20
Removed entity wolf from grid at 33, 2
Removed entity wolf from grid at 36, 12
Removed entity wolf from grid at 29, 49
Removed entity wolf from grid at 49, 47
Removed entity human from grid at 11, 9
Added entity wolf at 19, 26
Removed entity wolf from grid at 23, 42
Added entity wolf at 32, 2
Added entity wolf at 27, 36
Added entity wolf at 47, 1
Added entity wolf at 18, 44
Added entity wolf at 19, 44
Added entity human at 26, 33
Removed entity human from grid at 23, 9
House dying at 19, 12. Occupants: 1
Checking 18, 11: null
Added entity human at 18, 11
Ejected to 18, 11
Removed entity house from grid at 19, 12
House dying at 29, 33. Occupants: 2
Checking 28, 32: null
Added entity human at 28, 32
Ejected to 28, 32
Checking 28, 32: [object Object]
Checking 28, 33: null
Added entity human at 28, 33
Ejected to 28, 33
Removed entity house from grid at 29, 33
Removed entity human from grid at 26, 33
Removed entity human from grid at 34, 41
Removed entity human from grid at 24, 31
Removed entity human from grid at 14, 43
Removed entity wolf from grid at 43, 47
Removed entity wolf from grid at 32, 2
Removed entity wolf from grid at 33, 48
Added entity human at 13, 15
Added entity wolf at 19, 45
Added entity wolf at 30, 27
Added entity wolf at 27, 15
Added entity wolf at 30, 5
Added entity wolf at 33, 10
House dying at 11, 32. Occupants: 0
Removed entity house from grid at 11, 32
House dying at 35, 37. Occupants: 2
Checking 34, 36: null
Added entity human at 34, 36
Ejected to 34, 36
Checking 34, 36: [object Object]
Checking 34, 37: null
Added entity human at 34, 37
Ejected to 34, 37
Removed entity house from grid at 35, 37
Removed entity wolf from grid at 27, 35
Removed entity wolf from grid at 12, 0
Removed entity wolf from grid at 30, 20
Removed entity wolf from grid at 18, 25
Removed entity wolf from grid at 24, 0
Removed entity human from grid at 21, 16
Removed entity wolf from grid at 39, 13
Removed entity wolf from grid at 21, 44
Removed entity wolf from grid at 19, 43
Removed entity wolf from grid at 26, 49
Removed entity wolf from grid at 27, 15
Added entity wolf at 12, 44
Added entity wolf at 28, 19
House dying at 42, 24. Occupants: 1
Checking 41, 23: null
Added entity human at 41, 23
Ejected to 41, 23
Removed entity house from grid at 42, 24
House dying at 24, 35. Occupants: 2
Checking 23, 34: null
Added entity human at 23, 34
Ejected to 23, 34
Checking 23, 34: [object Object]
Checking 23, 35: null
Added entity human at 23, 35
Ejected to 23, 35
Removed entity house from grid at 24, 35
Removed entity human from grid at 23, 34
Removed entity wolf from grid at 31, 40
Removed entity wolf from grid at 48, 49
Removed entity human from grid at 18, 26
Removed entity wolf from grid at 45, 48
Removed entity wolf from grid at 49, 47
Added entity house at 31, 35
Added entity house at 8, 13
Added entity human at 31, 31
Removed entity cow from grid at 5, 36
Removed entity wolf from grid at 49, 49
Removed entity tree from grid at 5, 9
Added entity wolf at 11, 48
Added entity wolf at 36, 8
Added entity wolf at 45, 8
Added entity wolf at 26, 48
Added entity wolf at 29, 14
Removed entity human from grid at 31, 31
Added entity house at 29, 30
Removed entity wolf from grid at 29, 14
Removed entity tree from grid at 32, 35
Removed entity tree from grid at 21, 23
Removed entity wolf from grid at 45, 48
Removed entity wolf from grid at 20, 46
Added entity wolf at 47, 15
Added entity wolf at 12, 48
Added entity wolf at 22, 13
Added entity wolf at 5, 48
Added entity wolf at 38, 3
Added entity tree at 5, 20
Added entity wolf at 18, 44
Added entity human at 41, 23
Added entity human at 38, 45
Removed entity human from grid at 38, 45
Added entity tree at 21, 33
Removed entity tree from grid at 28, 30
Removed entity tree from grid at 20, 6
Added entity cow at 5, 32
Removed entity cow from grid at 14, 25
Removed entity wolf from grid at 30, 19
Removed entity wolf from grid at 29, 7
Added entity human at 25, 35
Removed entity wolf from grid at 21, 47
Removed entity wolf from grid at 26, 48
Removed entity human from grid at 9, 39
Removed entity berry from grid at 12, 15
Added entity wolf at 24, 18
Added entity wolf at 33, 2
Added entity wolf at 38, 29
Added entity human at 22, 46
House dying at 17, 22. Occupants: 2
Checking 16, 21: [object Object]
Checking 16, 22: null
Added entity human at 16, 22
Ejected to 16, 22
Checking 16, 21: [object Object]
Checking 16, 22: [object Object]
Checking 16, 23: null
Added entity human at 16, 23
Ejected to 16, 23
Removed entity house from grid at 17, 22
House dying at 3, 47. Occupants: 2
Checking 2, 46: null
Added entity human at 2, 46
Ejected to 2, 46
Checking 2, 46: [object Object]
Checking 2, 47: null
Added entity human at 2, 47
Ejected to 2, 47
Removed entity house from grid at 3, 47
House dying at 26, 30. Occupants: 2
Checking 25, 29: null
Added entity human at 25, 29
Ejected to 25, 29
Checking 25, 29: [object Object]
Checking 25, 30: null
Added entity human at 25, 30
Ejected to 25, 30
Removed entity house from grid at 26, 30
House dying at 23, 33. Occupants: 2
Checking 22, 32: null
Added entity human at 22, 32
Ejected to 22, 32
Checking 22, 32: [object Object]
Checking 22, 33: null
Added entity human at 22, 33
Ejected to 22, 33
Removed entity house from grid at 23, 33
Removed entity human from grid at 42, 23
Added entity tree at 23, 32
Added entity tree at 21, 31
Removed entity human from grid at 22, 46
Added entity human at 24, 34
Removed entity human from grid at 29, 31
Removed entity cow from grid at 12, 30
Added entity human at 15, 38
Added entity house at 20, 1
Removed entity wolf from grid at 29, 7
Removed entity human from grid at 39, 13
Added entity house at 10, 21
Removed entity cow from grid at 12, 15
Removed entity human from grid at 6, 39
Added entity wolf at 12, 48
Added entity human at 14, 37
Added entity human at 21, 16
Added entity human at 5, 5
House dying at 5, 14. Occupants: 2
Checking 4, 13: null
Added entity human at 4, 13
Ejected to 4, 13
Checking 4, 13: [object Object]
Checking 4, 14: null
Added entity human at 4, 14
Ejected to 4, 14
Removed entity house from grid at 5, 14
House dying at 15, 22. Occupants: 2
Checking 14, 21: null
Added entity human at 14, 21
Ejected to 14, 21
Checking 14, 21: [object Object]
Checking 14, 22: null
Added entity human at 14, 22
Ejected to 14, 22
Removed entity house from grid at 15, 22
House dying at 34, 31. Occupants: 2
Checking 33, 30: null
Added entity human at 33, 30
Ejected to 33, 30
Checking 33, 30: [object Object]
Checking 33, 31: [object Object]
Checking 33, 32: [object Object]
Checking 34, 30: null
Added entity human at 34, 30
Ejected to 34, 30
Removed entity house from grid at 34, 31
Removed entity human from grid at 21, 16
Added entity human at 16, 39
Removed entity tree from grid at 21, 33
Removed entity tree from grid at 26, 31
Removed entity human from grid at 1, 48
Added entity cow at 4, 31
New Faction PINK_583 registered with traits: {
  moveSpeed: [33m0.9689985398476901[39m,
  hungerRate: [33m0.9692409893099396[39m,
  visionRadius: [33m0.9768597456222615[39m,
  aggression: [33m0.9215160162463787[39m
}
Societal Split! BLUE -> PINK_583 (Threshold: 6)
Removed entity human from grid at 15, 37
Added entity house at 8, 14
Removed entity cow from grid at 14, 24
Removed entity wolf from grid at 33, 21
Removed entity human from grid at 34, 31
Removed entity wolf from grid at 20, 48
Removed entity human from grid at 10, 11
Removed entity human from grid at 16, 48
Added entity house at 26, 25
Removed entity human from grid at 0, 40
Removed entity wolf from grid at 27, 16
Added entity house at 9, 15
Added entity wolf at 14, 48
Added entity wolf at 1, 30
House dying at 30, 45. Occupants: 2
Checking 29, 44: null
Added entity human at 29, 44
Ejected to 29, 44
Checking 29, 44: [object Object]
Checking 29, 45: null
Added entity human at 29, 45
Ejected to 29, 45
Removed entity house from grid at 30, 45
House dying at 1, 39. Occupants: 2
Checking 0, 38: null
Added entity human at 0, 38
Ejected to 0, 38
Checking 0, 38: [object Object]
Checking 0, 39: null
Added entity human at 0, 39
Ejected to 0, 39
Removed entity house from grid at 1, 39
House dying at 25, 34. Occupants: 2
Checking 24, 33: null
Added entity human at 24, 33
Ejected to 24, 33
Checking 24, 33: [object Object]
Checking 24, 34: null
Added entity human at 24, 34
Ejected to 24, 34
Removed entity house from grid at 25, 34
House dying at 27, 27. Occupants: 2
Checking 26, 26: null
Added entity human at 26, 26
Ejected to 26, 26
Checking 26, 26: [object Object]
Checking 26, 27: null
Added entity human at 26, 27
Ejected to 26, 27
Removed entity house from grid at 27, 27
Added entity tree at 25, 25
Added entity tree at 25, 33
Removed entity cow from grid at 4, 7
Removed entity tree from grid at 23, 32
Removed entity human from grid at 23, 32
Removed entity human from grid at 1, 48
Removed entity wolf from grid at 32, 49
Removed entity human from grid at 13, 22
Removed entity human from grid at 6, 24
Removed entity cow from grid at 12, 24
Added entity human at 6, 18
Removed entity tree from grid at 25, 25
Added entity human at 32, 29
Removed entity wolf from grid at 31, 17
Added entity wolf at 30, 5
Removed entity wolf from grid at 16, 46
Added entity wolf at 41, 5
Added entity wolf at 22, 31
Added entity wolf at 32, 16
Added entity human at 19, 10
Removed entity human from grid at 32, 29
Added entity tree at 5, 17
Removed entity human from grid at 26, 26
Added entity tree at 24, 31
Added entity cow at 3, 30
Added entity human at 16, 39
Added entity house at 1, 10
Removed entity tree from grid at 5, 6
Removed entity human from grid at 29, 29
Removed entity wolf from grid at 43, 10
Removed entity human from grid at 31, 34
Removed entity tree from grid at 5, 20
Removed entity tree from grid at 22, 44
Removed entity human from grid at 26, 24
Removed entity wolf from grid at 30, 18
Added entity house at 11, 14
Added entity wolf at 21, 42
Added entity wolf at 49, 11
Added entity wolf at 30, 18
Added entity wolf at 10, 27
Added entity wolf at 33, 16
Added entity cow at 2, 29
Removed entity wolf from grid at 36, 29
Added entity tree at 3, 5
Removed entity wolf from grid at 19, 30
Added entity berry at 26, 6
Removed entity human from grid at 11, 32
Removed entity human from grid at 11, 22
Removed entity wolf from grid at 30, 19
Removed entity wolf from grid at 32, 3
Removed entity wolf from grid at 16, 49
Removed entity wolf from grid at 46, 48
Added entity wolf at 22, 39
Added entity wolf at 10, 48
Added entity wolf at 21, 24
Added entity wolf at 32, 12
House dying at 19, 4. Occupants: 2
Checking 18, 3: [object Object]
Checking 18, 4: null
Added entity human at 18, 4
Ejected to 18, 4
Checking 18, 3: [object Object]
Checking 18, 4: [object Object]
Checking 18, 5: null
Added entity human at 18, 5
Ejected to 18, 5
Removed entity house from grid at 19, 4
Added entity tree at 17, 3
Added entity cow at 1, 30
Added entity tree at 19, 40
Removed entity cow from grid at 8, 18
Removed entity human from grid at 28, 30
Removed entity tree from grid at 21, 31
Removed entity human from grid at 10, 20
Removed entity human from grid at 23, 34
Removed entity wolf from grid at 11, 26
Added entity human at 45, 47
Removed entity tree from grid at 21, 6
Removed entity human from grid at 40, 44
Removed entity human from grid at 27, 37
Removed entity cow from grid at 12, 27
Removed entity wolf from grid at 21, 41
Removed entity cow from grid at 10, 37
Added entity wolf at 47, 47
Added entity wolf at 33, 10
Added entity wolf at 40, 47
Added entity tree at 2, 6
Removed entity wolf from grid at 23, 25
Removed entity wolf from grid at 48, 48
Added entity tree at 7, 10
Removed entity wolf from grid at 30, 8
Removed entity wolf from grid at 36, 12
Removed entity wolf from grid at 43, 48
Removed entity tree from grid at 7, 10
Removed entity wolf from grid at 12, 47
Added entity wolf at 29, 16
Added entity wolf at 30, 46
Added entity human at 46, 45
Added entity human at 21, 21
House dying at 6, 6. Occupants: 0
Removed entity house from grid at 6, 6
House dying at 17, 21. Occupants: 2
Checking 16, 20: null
Added entity human at 16, 20
Ejected to 16, 20
Checking 16, 20: [object Object]
Checking 16, 21: null
Added entity human at 16, 21
Ejected to 16, 21
Removed entity house from grid at 17, 21
Added entity tree at 15, 20
Removed entity tree from grid at 15, 20
Removed entity human from grid at 46, 45
Added entity human at 47, 49
Removed entity tree from grid at 19, 40
Removed entity human from grid at 22, 34
Removed entity human from grid at 25, 31
Added entity house at 22, 30
Removed entity wolf from grid at 43, 10
Added entity human at 13, 39
Added entity human at 9, 13
Removed entity wolf from grid at 23, 41
Added entity human at 11, 18
Added entity human at 21, 7
Added entity wolf at 30, 27
Added entity wolf at 43, 10
Added entity wolf at 33, 8
Added entity wolf at 30, 0
Added entity wolf at 35, 20
Added entity wolf at 31, 16
House dying at 18, 16. Occupants: 0
Removed entity house from grid at 18, 16
House dying at 10, 32. Occupants: 2
Checking 9, 31: [object Object]
Checking 9, 32: [object Object]
Checking 9, 33: [object Object]
Checking 10, 31: [object Object]
Checking 10, 33: [object Object]
Checking 11, 31: [object Object]
Checking 11, 32: null
Added entity human at 11, 32
Ejected to 11, 32
Checking 9, 31: [object Object]
Checking 9, 32: [object Object]
Checking 9, 33: [object Object]
Checking 10, 31: [object Object]
Checking 10, 33: [object Object]
Checking 11, 31: [object Object]
Checking 11, 32: [object Object]
Checking 11, 33: null
Added entity human at 11, 33
Ejected to 11, 33
Removed entity house from grid at 10, 32
Added entity tree at 8, 12
Added entity cow at 2, 31
Added entity tree at 1, 6
Removed entity tree from grid at 6, 8
Added entity cow at 8, 32
Removed entity wolf from grid at 31, 16
Removed entity wolf from grid at 29, 16
Removed entity wolf from grid at 33, 2
Removed entity wolf from grid at 32, 7
Added entity human at 5, 11
Added entity wolf at 23, 40
Added entity wolf at 34, 10
Added entity wolf at 37, 24
Removed entity berry from grid at 14, 10
Added entity wolf at 2, 20
Added entity wolf at 18, 44
Added entity human at 45, 17
House dying at 37, 45. Occupants: 2
Checking 36, 44: null
Added entity human at 36, 44
Ejected to 36, 44
Checking 36, 44: [object Object]
Checking 36, 45: null
Added entity human at 36, 45
Ejected to 36, 45
Removed entity house from grid at 37, 45
House dying at 3, 6. Occupants: 0
Removed entity house from grid at 3, 6
House dying at 34, 42. Occupants: 2
Checking 33, 41: null
Added entity human at 33, 41
Ejected to 33, 41
Checking 33, 41: [object Object]
Checking 33, 42: null
Added entity human at 33, 42
Ejected to 33, 42
Removed entity house from grid at 34, 42
Added entity berry at 46, 22
Removed entity human from grid at 45, 17
Added entity cow at 9, 33
Added entity cow at 1, 32
Removed entity human from grid at 2, 13
Removed entity human from grid at 4, 15
Removed entity human from grid at 22, 29
Removed entity human from grid at 6, 17
Removed entity human from grid at 6, 23
Removed entity wolf from grid at 43, 10
Removed entity wolf from grid at 35, 18
Removed entity wolf from grid at 32, 3
Removed entity wolf from grid at 19, 45
Removed entity wolf from grid at 32, 7
Added entity human at 8, 21
Removed entity wolf from grid at 34, 10
Added entity wolf at 23, 44
Added entity wolf at 21, 39
Added entity wolf at 20, 38
Added entity wolf at 40, 19
Removed entity wolf from grid at 21, 39
Added entity wolf at 36, 14
Added entity wolf at 32, 7
Added entity wolf at 18, 34
Added entity wolf at 20, 39
Added entity wolf at 36, 6
Added entity wolf at 13, 1
Added entity human at 16, 35
House dying at 20, 15. Occupants: 2
Checking 19, 14: [object Object]
Checking 19, 15: null
Added entity human at 19, 15
Ejected to 19, 15
Checking 19, 14: [object Object]
Checking 19, 15: [object Object]
Checking 19, 16: null
Added entity human at 19, 16
Ejected to 19, 16
Removed entity house from grid at 20, 15
House dying at 10, 30. Occupants: 2
Checking 9, 29: null
Added entity human at 9, 29
Ejected to 9, 29
Checking 9, 29: [object Object]
Checking 9, 30: [object Object]
Checking 9, 31: [object Object]
Checking 10, 29: null
Added entity human at 10, 29
Ejected to 10, 29
Removed entity house from grid at 10, 30
Removed entity human from grid at 8, 21
Added entity cow at 0, 33
Removed entity human from grid at 3, 13
Removed entity human from grid at 7, 15
Removed entity wolf from grid at 42, 49
Removed entity wolf from grid at 23, 41
Removed entity wolf from grid at 4, 45
Removed entity wolf from grid at 29, 44
Removed entity wolf from grid at 36, 26
Removed entity wolf from grid at 20, 33
Removed entity wolf from grid at 37, 44
Removed entity wolf from grid at 10, 46
Added entity tree at 44, 47
Removed entity wolf from grid at 21, 40
Added entity human at 9, 11
Added entity human at 31, 31
Removed entity wolf from grid at 32, 7
Removed entity wolf from grid at 34, 10
Removed entity wolf from grid at 22, 45
Removed entity human from grid at 2, 11
Removed entity wolf from grid at 10, 49
Added entity wolf at 12, 48
Removed entity cow from grid at 13, 10
Added entity human at 21, 21
Removed entity human from grid at 31, 31
Removed entity tree from grid at 9, 32
Added entity human at 46, 48
Removed entity human from grid at 18, 5
Removed entity human from grid at 20, 2
Removed entity human from grid at 23, 43
Removed entity human from grid at 3, 17
Removed entity human from grid at 7, 48
Removed entity tree from grid at 34, 17
Removed entity human from grid at 3, 11
Removed entity cow from grid at 11, 29
Removed entity wolf from grid at 29, 26
Removed entity wolf from grid at 25, 43
Removed entity human from grid at 21, 13
Added entity wolf at 30, 29
Removed entity human from grid at 19, 2
Added entity wolf at 17, 41
Added entity wolf at 21, 27
Added entity wolf at 39, 7
Added entity wolf at 18, 49
Added entity tree at 45, 47
Removed entity human from grid at 19, 19
Added entity tree at 8, 9
Removed entity human from grid at 19, 20
Removed entity cow from grid at 17, 19
Removed entity human from grid at 21, 31
Removed entity wolf from grid at 5, 44
Removed entity human from grid at 2, 11
Removed entity human from grid at 14, 37
Removed entity human from grid at 11, 46
Removed entity cow from grid at 7, 42
Removed entity wolf from grid at 36, 16
Removed entity wolf from grid at 38, 13
Added entity human at 7, 41
Added entity human at 14, 19
Removed entity tree from grid at 5, 17
Removed entity human from grid at 10, 46
Added entity wolf at 35, 8
Removed entity wolf from grid at 20, 39
House dying at 0, 41. Occupants: 2
Checking -1, 40: null
Checking -1, 41: null
Checking -1, 42: null
Checking 0, 40: null
Added entity human at 0, 40
Ejected to 0, 40
Checking -1, 40: null
Checking -1, 41: null
Checking -1, 42: null
Checking 0, 40: [object Object]
Checking 0, 42: null
Added entity human at 0, 42
Ejected to 0, 42
Removed entity house from grid at 0, 41
House dying at 16, 10. Occupants: 0
Removed entity house from grid at 16, 10
House dying at 17, 9. Occupants: 0
Removed entity house from grid at 17, 9
Added entity tree at 0, 41
Removed entity tree from grid at 0, 41
Removed entity tree from grid at 6, 40
Removed entity tree from grid at 45, 47
Removed entity wolf from grid at 19, 25
Removed entity cow from grid at 16, 20
Removed entity human from grid at 32, 35
Removed entity wolf from grid at 17, 48
Removed entity tree from grid at 12, 7
Removed entity cow from grid at 13, 35
Added entity wolf at 20, 33
Added entity wolf at 3, 19
Added entity wolf at 0, 26
Added entity wolf at 29, 16
Added entity human at 44, 21
House dying at 0, 12. Occupants: 0
Removed entity house from grid at 0, 12
Added entity tree at 0, 41
Added entity tree at 0, 39
Added entity tree at 14, 19
Added entity tree at 6, 40
Added entity house at 9, 8
Added entity cow at 10, 32
Removed entity human from grid at 36, 45
Removed entity human from grid at 9, 42
Removed entity cow from grid at 19, 25
Removed entity wolf from grid at 12, 49
Added entity house at 47, 40
Removed entity tree from grid at 6, 45
Removed entity tree from grid at 22, 23
Added entity human at 11, 21
Removed entity wolf from grid at 34, 10
Removed entity wolf from grid at 33, 13
Added entity wolf at 20, 34
Added entity tree at 46, 17
Added entity tree at 10, 20
Added entity cow at 11, 33
Removed entity tree from grid at 39, 39
Removed entity cow from grid at 6, 41
Removed entity wolf from grid at 29, 16
Added entity human at 13, 37
Added entity human at 8, 16
Removed entity tree from grid at 15, 35
Removed entity human from grid at 3, 15
Added entity wolf at 21, 33
Added entity wolf at 29, 20
House dying at 44, 45. Occupants: 2
Checking 43, 44: null
Added entity human at 43, 44
Ejected to 43, 44
Checking 43, 44: [object Object]
Checking 43, 45: null
Added entity human at 43, 45
Ejected to 43, 45
Removed entity house from grid at 44, 45
Added entity tree at 42, 44
Removed entity human from grid at 8, 16
Removed entity human from grid at 13, 37
Added entity cow at 12, 34
Removed entity human from grid at 11, 21
Added entity tree at 0, 42
Removed entity wolf from grid at 28, 33
Removed entity wolf from grid at 20, 38
Removed entity wolf from grid at 3, 32
Removed entity tree from grid at 8, 33
Removed entity human from grid at 4, 44
Added entity house at 45, 41
Removed entity human from grid at 27, 32
Removed entity cow from grid at 12, 18
Added entity house at 14, 21
Added entity human at 6, 19
Added entity human at 4, 9
Added entity wolf at 12, 44
Added entity wolf at 28, 48
Added entity wolf at 33, 13
Added entity wolf at 29, 3
Added entity wolf at 21, 48
House dying at 15, 34. Occupants: 2
Checking 14, 33: null
Added entity human at 14, 33
Ejected to 14, 33
Checking 14, 33: [object Object]
Checking 14, 34: null
Added entity human at 14, 34
Ejected to 14, 34
Removed entity house from grid at 15, 34
House dying at 39, 44. Occupants: 2
Checking 38, 43: null
Added entity human at 38, 43
Ejected to 38, 43
Checking 38, 43: [object Object]
Checking 38, 44: null
Added entity human at 38, 44
Ejected to 38, 44
Removed entity house from grid at 39, 44
House dying at 20, 20. Occupants: 2
Checking 19, 19: null
Added entity human at 19, 19
Ejected to 19, 19
Checking 19, 19: [object Object]
Checking 19, 20: null
Added entity human at 19, 20
Ejected to 19, 20
Removed entity house from grid at 20, 20
Added entity tree at 18, 19
Removed entity tree from grid at 42, 44
Added entity human at 45, 46
Removed entity tree from grid at 8, 9
Removed entity human from grid at 6, 17
Removed entity human from grid at 14, 22
Removed entity human from grid at 13, 37
Removed entity wolf from grid at 18, 36
Removed entity wolf from grid at 38, 16
Added entity berry at 9, 32
Removed entity human from grid at 12, 17
Removed entity wolf from grid at 38, 14
Added entity house at 29, 49
Removed entity wolf from grid at 8, 46
Added entity wolf at 48, 49
Added entity wolf at 33, 8
Added entity wolf at 17, 44
Removed entity human from grid at 8, 15
Added entity human at 44, 19
Removed entity human from grid at 44, 20
House dying at 13, 28. Occupants: 2
Checking 12, 27: null
Added entity human at 12, 27
Ejected to 12, 27
Checking 12, 27: [object Object]
Checking 12, 28: null
Added entity human at 12, 28
Ejected to 12, 28
Removed entity house from grid at 13, 28
Added entity tree at 11, 27
Added entity tree at 11, 26
Removed entity wolf from grid at 5, 19
Removed entity human from grid at 45, 21
Removed entity berry from grid at 9, 32
Removed entity human from grid at 23, 7
Removed entity human from grid at 39, 49
Removed entity tree from grid at 45, 37
Removed entity wolf from grid at 30, 16
Removed entity human from grid at 28, 49
Removed entity human from grid at 10, 11
Removed entity wolf from grid at 19, 33
Added entity cow at 5, 27
Added entity wolf at 17, 41
House dying at 23, 47. Occupants: 2
Checking 22, 46: [object Object]
Checking 22, 47: [object Object]
Checking 22, 48: null
Added entity human at 22, 48
Ejected to 22, 48
Checking 22, 46: [object Object]
Checking 22, 47: [object Object]
Checking 22, 48: [object Object]
Checking 23, 46: null
Added entity human at 23, 46
Ejected to 23, 46
Removed entity house from grid at 23, 47
House dying at 20, 9. Occupants: 1
Checking 19, 8: null
Added entity human at 19, 8
Ejected to 19, 8
Removed entity house from grid at 20, 9
House dying at 11, 31. Occupants: 2
Checking 10, 30: [object Object]
Checking 10, 31: [object Object]
Checking 10, 32: [object Object]
Checking 11, 30: null
Added entity human at 11, 30
Ejected to 11, 30
Checking 10, 30: [object Object]
Checking 10, 31: [object Object]
Checking 10, 32: [object Object]
Checking 11, 30: [object Object]
Checking 11, 32: null
Added entity human at 11, 32
Ejected to 11, 32
Removed entity house from grid at 11, 31
Added entity tree at 11, 31
Removed entity cow from grid at 10, 30
Added entity cow at 6, 28
Added entity human at 45, 48
Removed entity human from grid at 40, 41
Removed entity human from grid at 8, 5
Removed entity cow from grid at 5, 19
Added entity cow at 12, 34
Removed entity human from grid at 45, 42
Removed entity human from grid at 7, 11
Removed entity cow from grid at 13, 11
Removed entity tree from grid at 25, 33
Removed entity tree from grid at 41, 39
Removed entity wolf from grid at 48, 48
Added entity wolf at 26, 47
Added entity wolf at 25, 35
Added entity wolf at 34, 10
Added entity wolf at 30, 16
House dying at 21, 10. Occupants: 2
Checking 20, 9: null
Added entity human at 20, 9
Ejected to 20, 9
Checking 20, 9: [object Object]
Checking 20, 10: null
Added entity human at 20, 10
Ejected to 20, 10
Removed entity house from grid at 21, 10
Added entity tree at 21, 9
Added entity tree at 19, 8
Added entity human at 44, 49
Removed entity tree from grid at 11, 31
Removed entity cow from grid at 12, 29
Removed entity human from grid at 45, 46
Added entity house at 29, 27
Removed entity cow from grid at 12, 24
Removed entity cow from grid at 4, 47
Removed entity human from grid at 39, 48
Removed entity cow from grid at 1, 29
Added entity human at 29, 36
Added entity wolf at 20, 23
Added entity wolf at 21, 31
Added entity wolf at 24, 16
Removed entity human from grid at 29, 36
Added entity tree at 43, 48
Added entity cow at 11, 35
Removed entity wolf from grid at 24, 49
Added entity house at 2, 47
Removed entity human from grid at 28, 27
Added entity house at 12, 22
Removed entity human from grid at 29, 48
Removed entity human from grid at 28, 28
Removed entity human from grid at 8, 4
Added entity house at 27, 32
Removed entity wolf from grid at 1, 29
Removed entity cow from grid at 3, 48
Added entity house at 48, 36
Removed entity human from grid at 28, 32
Removed entity tree from grid at 7, 36
Added entity human at 7, 41
Removed entity wolf from grid at 27, 15
Added entity wolf at 33, 4
Added entity wolf at 16, 48
Added entity human at 41, 23
Added entity human at 5, 23
Added entity human at 20, 8
House dying at 44, 18. Occupants: 2
Checking 43, 17: null
Added entity human at 43, 17
Ejected to 43, 17
Checking 43, 17: [object Object]
Checking 43, 18: [object Object]
Checking 43, 19: [object Object]
Checking 44, 17: null
Added entity human at 44, 17
Ejected to 44, 17
Removed entity house from grid at 44, 18
House dying at 2, 0. Occupants: 0
Removed entity house from grid at 2, 0
House dying at 47, 44. Occupants: 2
Checking 46, 43: null
Added entity human at 46, 43
Ejected to 46, 43
Checking 46, 43: [object Object]
Checking 46, 44: null
Added entity human at 46, 44
Ejected to 46, 44
Removed entity house from grid at 47, 44
Added entity tree at 45, 43
Added entity cow at 7, 29
Added entity house at 15, 24
Removed entity human from grid at 9, 13
Added entity house at 33, 30
Removed entity human from grid at 26, 32
Removed entity tree from grid at 47, 37
Removed entity cow from grid at 1, 46
Removed entity wolf from grid at 27, 19
Removed entity wolf from grid at 37, 13
Removed entity wolf from grid at 17, 48
Added entity house at 3, 48
Removed entity wolf from grid at 16, 35
Added entity wolf at 47, 16
Removed entity cow from grid at 11, 39
Added entity wolf at 42, 11
Added entity wolf at 37, 25
Added entity wolf at 30, 1
Added entity wolf at 45, 10
Added entity wolf at 34, 3
Added entity wolf at 28, 12
Added entity human at 19, 6
Removed entity cow from grid at 6, 23
Removed entity wolf from grid at 23, 25
Removed entity human from grid at 33, 29
Removed entity wolf from grid at 28, 3
Removed entity wolf from grid at 34, 10
Removed entity cow from grid at 13, 35
Removed entity wolf from grid at 18, 48
Removed entity wolf from grid at 20, 41
Added entity wolf at 30, 0
Added entity wolf at 20, 46
Added entity wolf at 29, 7
House dying at 38, 49. Occupants: 2
Checking 37, 48: null
Added entity human at 37, 48
Ejected to 37, 48
Checking 37, 48: [object Object]
Checking 37, 49: null
Added entity human at 37, 49
Ejected to 37, 49
Removed entity house from grid at 38, 49
House dying at 22, 9. Occupants: 2
Checking 21, 8: null
Added entity human at 21, 8
Ejected to 21, 8
Checking 21, 8: [object Object]
Checking 21, 9: [object Object]
Checking 21, 10: null
Added entity human at 21, 10
Ejected to 21, 10
Removed entity house from grid at 22, 9
House dying at 19, 7. Occupants: 1
Checking 18, 6: [object Object]
Checking 18, 7: [object Object]
Checking 18, 8: null
Added entity human at 18, 8
Ejected to 18, 8
Removed entity house from grid at 19, 7
Added entity tree at 20, 7
Added entity cow at 8, 30
Removed entity human from grid at 41, 22
Added entity cow at 10, 36
Added entity house at 4, 48
Added entity cow at 1, 34
Removed entity wolf from grid at 27, 38
Added entity house at 28, 33
Removed entity cow from grid at 12, 23
Removed entity tree from grid at 7, 37
Added entity human at 10, 48
Removed entity human from grid at 6, 18
Added entity human at 8, 37
Added entity wolf at 11, 48
Removed entity wolf from grid at 17, 46
Added entity wolf at 42, 47
House dying at 45, 20. Occupants: 2
Checking 44, 19: null
Added entity human at 44, 19
Ejected to 44, 19
Checking 44, 19: [object Object]
Checking 44, 20: null
Added entity human at 44, 20
Ejected to 44, 20
Removed entity house from grid at 45, 20
Added entity tree at 7, 37
Removed entity human from grid at 10, 48
Added entity cow at 0, 35
Added entity cow at 9, 37
Removed entity tree from grid at 21, 9
Removed entity wolf from grid at 37, 47
Removed entity human from grid at 5, 47
Removed entity tree from grid at 27, 31
Removed entity human from grid at 27, 4
Removed entity wolf from grid at 19, 49
Added entity human at 14, 43
Added entity wolf at 23, 40
Added entity wolf at 40, 19
Added entity tree at 13, 42
Added entity tree at 8, 36
Removed entity wolf from grid at 39, 49
Removed entity wolf from grid at 42, 11
Removed entity human from grid at 7, 43
Added entity human at 46, 47
Removed entity tree from grid at 11, 27
Removed entity tree from grid at 6, 40
Removed entity tree from grid at 8, 36
Removed entity tree from grid at 11, 26
Added entity house at 29, 32
Removed entity tree from grid at 31, 25
Removed entity human from grid at 4, 23
Added entity house at 4, 43
Removed entity human from grid at 34, 30
Removed entity human from grid at 4, 44
Added entity wolf at 24, 40
Added entity house at 8, 40
Added entity human at 33, 48
House dying at 15, 36. Occupants: 2
Checking 14, 35: null
Added entity human at 14, 35
Ejected to 14, 35
Checking 14, 35: [object Object]
Checking 14, 36: null
Added entity human at 14, 36
Ejected to 14, 36
Removed entity house from grid at 15, 36
House dying at 4, 22. Occupants: 2
Checking 3, 21: null
Added entity human at 3, 21
Ejected to 3, 21
Checking 3, 21: [object Object]
Checking 3, 22: null
Added entity human at 3, 22
Ejected to 3, 22
Removed entity house from grid at 4, 22
House dying at 18, 7. Occupants: 1
Checking 17, 6: null
Added entity human at 17, 6
Ejected to 17, 6
Removed entity house from grid at 18, 7
House dying at 5, 7. Occupants: 0
Removed entity house from grid at 5, 7
House dying at 13, 7. Occupants: 2
Checking 12, 6: null
Added entity human at 12, 6
Ejected to 12, 6
Checking 12, 6: [object Object]
Checking 12, 7: null
Added entity human at 12, 7
Ejected to 12, 7
Removed entity house from grid at 13, 7
Added entity tree at 16, 5
Added entity tree at 2, 20
Added entity tree at 13, 35
Added entity tree at 13, 34
Added entity tree at 47, 46
Removed entity human from grid at 43, 41
Removed entity tree from grid at 10, 40
Added entity house at 27, 29
Added entity house at 8, 34
Removed entity tree from grid at 30, 33
Removed entity human from grid at 5, 43
Removed entity wolf from grid at 37, 24
Added entity tree at 42, 24
Added entity human at 30, 29
Removed entity human from grid at 9, 40
Added entity wolf at 28, 17
Added entity wolf at 21, 29
Added entity wolf at 2, 26
Added entity tree at 30, 28
Removed entity human from grid at 11, 7
Removed entity wolf from grid at 4, 21
Removed entity tree from grid at 13, 35
Removed entity tree from grid at 47, 46
Added entity cow at 8, 36
Removed entity human from grid at 26, 41
Removed entity tree from grid at 27, 30
Removed entity wolf from grid at 20, 42
Removed entity tree from grid at 4, 41
Added entity house at 5, 35
Removed entity wolf from grid at 9, 46
Added entity wolf at 45, 2
Added entity wolf at 18, 25
Added entity wolf at 29, 29
House dying at 32, 47. Occupants: 1
Checking 31, 46: null
Added entity human at 31, 46
Ejected to 31, 46
Removed entity house from grid at 32, 47
House dying at 18, 6. Occupants: 2
Checking 17, 5: [object Object]
Checking 17, 6: null
Added entity human at 17, 6
Ejected to 17, 6
Checking 17, 5: [object Object]
Checking 17, 6: [object Object]
Checking 17, 7: null
Added entity human at 17, 7
Ejected to 17, 7
Removed entity house from grid at 18, 6
House dying at 42, 22. Occupants: 2
Checking 41, 21: null
Added entity human at 41, 21
Ejected to 41, 21
Checking 41, 21: [object Object]
Checking 41, 22: null
Added entity human at 41, 22
Ejected to 41, 22
Removed entity house from grid at 42, 22
Added entity tree at 18, 5
Added entity tree at 30, 45
Removed entity human from grid at 30, 29
Added entity tree at 10, 8
Added entity tree at 15, 6
Removed entity cow from grid at 3, 22
Removed entity cow from grid at 12, 35
Added entity human at 47, 46
Added entity cow at 1, 34
Added entity cow at 7, 29
Removed entity human from grid at 26, 28
Added entity house at 8, 22
Removed entity human from grid at 28, 29
Removed entity tree from grid at 10, 20
Removed entity wolf from grid at 31, 5
Removed entity human from grid at 11, 23
Added entity berry at 37, 4
Added entity wolf at 10, 45
Removed entity wolf from grid at 23, 39
Added entity wolf at 46, 48
Added entity wolf at 33, 17
Added entity wolf at 12, 46
Added entity wolf at 30, 14
Added entity cow at 8, 28
Added entity cow at 0, 33
Removed entity human from grid at 15, 25
Removed entity human from grid at 9, 40
Removed entity wolf from grid at 30, 32
Removed entity wolf from grid at 10, 48
Removed entity human from grid at 8, 4
Removed entity wolf from grid at 34, 12
Added entity human at 6, 40
Removed entity wolf from grid at 31, 8
Added entity wolf at 14, 44
Removed entity human from grid at 6, 40
Added entity tree at 31, 46
Removed entity human from grid at 11, 8
Removed entity tree from grid at 13, 34
Removed entity human from grid at 12, 21
Removed entity wolf from grid at 0, 28
Added entity house at 46, 38
Removed entity wolf from grid at 29, 18
Removed entity wolf from grid at 41, 20
Removed entity wolf from grid at 14, 44
Added entity wolf at 33, 10
Added entity wolf at 18, 39
Added entity wolf at 1, 26
Added entity wolf at 43, 49
Removed entity naturereserve from grid at 18, 43
Removed entity naturereserve from grid at 23, 29
Removed entity human from grid at 45, 42
Added entity tree at 32, 46
Added entity cow at 9, 35
Removed entity human from grid at 11, 35
Removed entity human from grid at 11, 23
Added entity house at 46, 36
Removed entity human from grid at 8, 33
Removed entity wolf from grid at 46, 48
Added entity house at 35, 32
Removed entity tree from grid at 45, 36
Added entity house at 47, 38
Removed entity human from grid at 6, 35
Removed entity wolf from grid at 12, 47
Removed entity wolf from grid at 32, 2
Removed entity cow from grid at 5, 41
Added entity wolf at 23, 14
Removed entity wolf from grid at 19, 39
Added entity wolf at 25, 34
Added entity tree at 33, 46
Added entity house at 15, 11
Removed entity tree from grid at 2, 20
Removed entity wolf from grid at 25, 34
Added entity house at 6, 46
Added entity house at 27, 27
Added entity house at 10, 40
Removed entity cow from grid at 16, 33
Added entity human at 28, 45
Removed entity wolf from grid at 36, 12
Added entity human at 23, 31
Removed entity wolf from grid at 31, 18
Added entity house at 2, 45
Added entity wolf at 29, 14
Added entity wolf at 34, 19
Added entity wolf at 30, 16
Added entity tree at 27, 44
Removed entity tree from grid at 32, 46
Added entity house at 12, 5
Removed entity cow from grid at 12, 36
Removed entity tree from grid at 45, 35
Removed entity human from grid at 5, 34
Removed entity tree from grid at 8, 39
Removed entity wolf from grid at 34, 10
Added entity human at 14, 20
Removed entity wolf from grid at 32, 7
Added entity wolf at 19, 28
Removed entity human from grid at 12, 6
Added entity wolf at 34, 21
Removed entity naturereserve from grid at 18, 42
Removed entity human from grid at 14, 20
Added entity tree at 28, 44
Added entity cow at 1, 34
Added entity cow at 7, 29
Added entity tree at 32, 46
Added entity tree at 12, 10
Removed entity human from grid at 18, 14
Removed entity human from grid at 12, 4
Removed entity wolf from grid at 10, 1
Removed entity human from grid at 8, 33
Removed entity human from grid at 18, 13
Added entity house at 5, 45
Removed entity human from grid at 25, 29
Removed entity tree from grid at 44, 35
Added entity human at 26, 47
Removed entity wolf from grid at 30, 11
Removed entity human from grid at 15, 25
Added entity human at 11, 21
Added entity human at 16, 21
Removed entity tree from grid at 10, 39
Added entity wolf at 25, 38
Added entity wolf at 12, 48
Added entity wolf at 19, 45
Added entity wolf at 26, 17
Added entity wolf at 26, 12
Removed entity naturereserve from grid at 41, 48
Added entity tree at 46, 16
Removed entity human from grid at 16, 21
Removed entity human from grid at 26, 47
Added entity cow at 6, 30
Added entity cow at 2, 33
Removed entity human from grid at 28, 45
Removed entity wolf from grid at 1, 29
Removed entity wolf from grid at 39, 48
Removed entity wolf from grid at 43, 15
Added entity tree at 0, 16
Removed entity wolf from grid at 23, 39
Added entity house at 43, 39
Removed entity wolf from grid at 21, 27
Removed entity wolf from grid at 32, 4
Removed entity human from grid at 10, 41
Removed entity wolf from grid at 38, 17
Removed entity wolf from grid at 30, 16
Removed entity wolf from grid at 31, 17
Added entity wolf at 18, 25
Added entity wolf at 48, 12
Added entity wolf at 18, 37
Added entity wolf at 3, 18
Removed entity naturereserve from grid at 44, 48
Added entity cow at 3, 34
Added entity cow at 5, 29
Added entity human at 20, 30
Added entity cow at 10, 36
Added entity house at 33, 49
Added entity house at 6, 44
Removed entity tree from grid at 19, 8
Removed entity human from grid at 13, 21
Added entity house at 5, 39
Removed entity human from grid at 6, 45
Removed entity tree from grid at 43, 37
Removed entity human from grid at 46, 34
Removed entity tree from grid at 14, 19
Removed entity wolf from grid at 17, 44
Removed entity wolf from grid at 28, 3
Removed entity human from grid at 10, 41
Added entity wolf at 19, 44
Removed entity cow from grid at 9, 39
Added entity cow at 9, 37
Added entity tree at 13, 23
Added entity tree at 21, 28
Added entity tree at 12, 4
Added entity house at 12, 12
Removed entity human from grid at 7, 44
Removed entity wolf from grid at 12, 47
Added entity house at 45, 23
Added entity human at 30, 38
Removed entity human from grid at 45, 22
Added entity wolf at 23, 44
Added entity wolf at 19, 35
Added entity wolf at 21, 44
Removed entity naturereserve from grid at 19, 0
Added entity cow at 10, 38
Removed entity tree from grid at 33, 46
Removed entity human from grid at 15, 17
Removed entity human from grid at 8, 16
Removed entity tree from grid at 7, 37
Added entity house at 43, 36
Removed entity wolf from grid at 17, 37
Removed entity human from grid at 44, 22
Removed entity tree from grid at 0, 42
Removed entity wolf from grid at 20, 48
Removed entity cow from grid at 15, 27
Added entity wolf at 17, 34
Added entity wolf at 28, 18
Added entity wolf at 48, 19
Added entity wolf at 31, 5
Added entity wolf at 12, 1
Added entity wolf at 32, 14
Removed entity naturereserve from grid at 28, 38
Added entity cow at 2, 35
Added entity tree at 41, 48
Added entity tree at 40, 45
Removed entity wolf from grid at 26, 14
Added entity tree at 40, 44
Removed entity wolf from grid at 42, 14
Removed entity wolf from grid at 1, 19
Removed entity wolf from grid at 13, 1
Removed entity wolf from grid at 21, 42
Removed entity wolf from grid at 38, 20
Removed entity wolf from grid at 17, 27
Added entity human at 6, 21
Added entity human at 8, 39
Added entity wolf at 26, 19
Added entity wolf at 12, 47
Removed entity wolf from grid at 23, 17
Added entity wolf at 34, 7
Added entity wolf at 1, 26
Removed entity human from grid at 6, 21
Added entity cow at 1, 34
Added entity tree at 14, 6
Removed entity tree from grid at 12, 10
Removed entity human from grid at 10, 36
Removed entity wolf from grid at 21, 42
Removed entity human from grid at 8, 38
Removed entity tree from grid at 43, 35
Removed entity cow from grid at 11, 25
Removed entity human from grid at 28, 40
Removed entity wolf from grid at 38, 16
Removed entity wolf from grid at 17, 34
Removed entity wolf from grid at 26, 17
Added entity wolf at 35, 8
Added entity wolf at 35, 13
Added entity wolf at 18, 46
Added entity wolf at 11, 27
Added entity wolf at 32, 5
Added entity wolf at 48, 25
Removed entity naturereserve from grid at 27, 0
Added entity cow at 0, 35
Added entity cow at 11, 39
Added entity tree at 18, 29
Added entity house at 33, 47
Added entity house at 10, 43
Removed entity tree from grid at 13, 42
Added entity house at 41, 35
Removed entity cow from grid at 16, 31
Removed entity human from grid at 10, 44
Removed entity human from grid at 10, 42
Removed entity wolf from grid at 31, 2
Removed entity human from grid at 4, 40
Removed entity human from grid at 7, 46
Added entity human at 14, 17
Added entity wolf at 25, 20
Removed entity human from grid at 11, 20
Added entity wolf at 15, 46
Removed entity human from grid at 14, 17
Added entity tree at 41, 44
Added entity cow at 4, 30
Removed entity human from grid at 32, 42
Removed entity wolf from grid at 22, 25
Added entity house at 43, 34
Added entity human at 6, 4
Added entity wolf at 32, 4
Added entity wolf at 14, 48
Removed entity naturereserve from grid at 29, 13
Removed entity naturereserve from grid at 2, 27
Removed entity wolf from grid at 1, 26
Removed entity wolf from grid at 18, 46
Removed entity human from grid at 11, 43
Removed entity human from grid at 14, 17
Removed entity cow from grid at 14, 43
Removed entity wolf from grid at 26, 16
Removed entity wolf from grid at 19, 42
Removed entity wolf from grid at 24, 18
Added entity wolf at 49, 2
Removed entity naturereserve from grid at 0, 20
Added entity house at 6, 6
Added entity cow at 3, 29
Removed entity tree from grid at 44, 36
Added entity wolf at 21, 41
Added entity wolf at 20, 36
Added entity wolf at 27, 14
Added entity wolf at 32, 16
Removed entity naturereserve from grid at 30, 47
Removed entity naturereserve from grid at 0, 29
Removed entity naturereserve from grid at 30, 13
Removed entity naturereserve from grid at 29, 15
Added entity tree at 45, 17
Added entity cow at 4, 28
Removed entity tree from grid at 7, 6
Added entity house at 4, 5
Removed entity wolf from grid at 20, 41
Removed entity wolf from grid at 35, 15
Removed entity wolf from grid at 31, 18
Removed entity cow from grid at 15, 29
Added entity human at 14, 42
Added entity wolf at 23, 43
Added entity berry at 19, 11
Added entity wolf at 19, 29
Added entity wolf at 32, 14
Removed entity human from grid at 14, 42
Added entity tree at 46, 18
Added entity cow at 1, 36
Removed entity wolf from grid at 21, 42
Removed entity wolf from grid at 12, 29
Removed entity wolf from grid at 19, 39
Removed entity cow from grid at 11, 31
Removed entity wolf from grid at 32, 19
Removed entity wolf from grid at 48, 20
Removed entity wolf from grid at 12, 47
Removed entity naturereserve from grid at 3, 31
Removed entity naturereserve from grid at 33, 15
Removed entity naturereserve from grid at 29, 17
Removed entity naturereserve from grid at 17, 29
Added entity cow at 2, 37
Added entity cow at 10, 37
Removed entity tree from grid at 30, 45
Removed entity human from grid at 44, 34
Removed entity human from grid at 44, 33
Removed entity human from grid at 48, 35
Removed entity wolf from grid at 21, 22
Removed entity human from grid at 47, 35
Removed entity human from grid at 21, 48
Removed entity wolf from grid at 33, 16
Added entity wolf at 34, 13
Added entity wolf at 16, 46
Removed entity naturereserve from grid at 17, 40
Removed entity naturereserve from grid at 15, 47
Added entity cow at 11, 36
Added entity tree at 3, 6
Added entity human at 21, 22
Removed entity wolf from grid at 27, 13
Added entity human at 14, 29
Removed entity tree from grid at 30, 28
Removed entity wolf from grid at 48, 19
Added entity human at 3, 20
Removed entity wolf from grid at 17, 29
Added entity tree at 8, 1
Added entity wolf at 25, 20
Added entity wolf at 34, 3
Removed entity human from grid at 14, 29
Added entity wolf at 42, 8
Removed entity naturereserve from grid at 14, 45
Removed entity naturereserve from grid at 33, 12
Removed entity naturereserve from grid at 30, 15
Added entity human at 20, 42
Added entity house at 6, 14
Removed entity cow from grid at 12, 14
Added entity wolf at 28, 48
Added entity wolf at 44, 9
Added entity wolf at 11, 27
Added entity wolf at 31, 5
Added entity wolf at 39, 19
Removed entity naturereserve from grid at 3, 26
Removed entity naturereserve from grid at 13, 49
Removed entity naturereserve from grid at 31, 15
Removed entity naturereserve from grid at 1, 27
Added entity cow at 5, 27
Removed entity human from grid at 32, 47
Removed entity cow from grid at 12, 31
Removed entity tree from grid at 18, 29
Removed entity cow from grid at 11, 39
Added entity human at 18, 22
Removed entity wolf from grid at 35, 18
Removed entity wolf from grid at 21, 47
Removed entity cow from grid at 10, 38
Removed entity wolf from grid at 29, 3
Added entity wolf at 49, 14
Added entity wolf at 33, 12
Added entity wolf at 39, 2
Added entity tree at 17, 21
Added entity cow at 6, 26
Added entity cow at 10, 37
Added entity house at 0, 8
Added entity house at 0, 19
Removed entity human from grid at 34, 47
Added entity house at 25, 48
Removed entity tree from grid at 8, 12
Removed entity human from grid at 25, 49
Added entity human at 14, 18
Removed entity cow from grid at 19, 19
Added entity wolf at 45, 10
Removed entity naturereserve from grid at 13, 2
Removed entity naturereserve from grid at 16, 44
Removed entity naturereserve from grid at 30, 7
Added entity cow at 7, 27
Added entity tree at 0, 7
Removed entity wolf from grid at 12, 30
Removed entity human from grid at 26, 49
Removed entity wolf from grid at 18, 49
Removed entity wolf from grid at 32, 11
Added entity wolf at 37, 7
Added entity wolf at 13, 49
Removed entity cow from grid at 12, 37
Removed entity wolf from grid at 25, 17
Removed entity naturereserve from grid at 26, 3
Removed entity tree from grid at 17, 21
Added entity human at 21, 45
Added entity human at 25, 17
Removed entity tree from grid at 0, 7
Removed entity human from grid at 24, 16
Removed entity wolf from grid at 27, 47
Removed entity wolf from grid at 49, 30
Added entity human at 10, 37
Added entity human at 3, 13
Added entity human at 32, 29
Added entity wolf at 31, 12
Added entity wolf at 48, 9
Added entity wolf at 39, 6
Removed entity naturereserve from grid at 38, 18
Removed entity naturereserve from grid at 25, 13
Removed entity naturereserve from grid at 47, 25
Added entity tree at 32, 28
Added entity tree at 3, 12
Added entity cow at 6, 26
Added entity cow at 10, 39
Added entity human at 17, 21
Removed entity cow from grid at 19, 19
Removed entity wolf from grid at 31, 12
Added entity house at 26, 27
Added entity house at 38, 34
Added entity human at 32, 34
Added entity berry at 14, 28
Removed entity tree from grid at 20, 18
Removed entity cow from grid at 11, 39
Added entity human at 23, 7
Added entity wolf at 22, 39
Added entity wolf at 18, 36
Added entity wolf at 11, 44
Added entity wolf at 32, 5
Added entity wolf at 2, 18
Added entity wolf at 29, 7
Removed entity human from grid at 23, 7
Added entity cow at 9, 40
Removed entity human from grid at 3, 13
Removed entity wolf from grid at 19, 45
Removed entity wolf from grid at 15, 49
Removed entity human from grid at 1, 21
Added entity tree at 44, 48
Removed entity cow from grid at 15, 37
Removed entity human from grid at 6, 11
Added entity human at 30, 29
Removed entity human from grid at 7, 13
Removed entity cow from grid at 10, 11
Added entity wolf at 38, 5
Added entity wolf at 27, 19
Added entity wolf at 18, 41
Added entity wolf at 36, 6
Removed entity naturereserve from grid at 18, 45
Removed entity naturereserve from grid at 30, 6
Added entity cow at 7, 25
Removed entity wolf from grid at 46, 15
Removed entity wolf from grid at 34, 10
Added entity wolf at 18, 35
Added entity wolf at 39, 17
Added entity wolf at 41, 2
Added entity wolf at 34, 21
Added entity cow at 8, 26
Added entity cow at 8, 41
Removed entity human from grid at 32, 27
Removed entity wolf from grid at 26, 16
Removed entity wolf from grid at 21, 41
Removed entity wolf from grid at 17, 37
Removed entity wolf from grid at 19, 42
Removed entity wolf from grid at 46, 15
Removed entity human from grid at 10, 13
Added entity wolf at 19, 49
Added entity wolf at 39, 23
Removed entity wolf from grid at 18, 36
Added entity wolf at 34, 13
Removed entity naturereserve from grid at 19, 46
Removed entity naturereserve from grid at 31, 13
Removed entity naturereserve from grid at 20, 26
Removed entity naturereserve from grid at 41, 10
Removed entity naturereserve from grid at 12, 45
Added entity cow at 9, 27
Added entity cow at 1, 36
Added entity berry at 30, 7
Removed entity human from grid at 10, 15
Removed entity wolf from grid at 21, 47
Removed entity wolf from grid at 47, 15
Added entity human at 6, 40
Removed entity wolf from grid at 29, 13
Added entity cow at 7, 40
Removed entity wolf from grid at 15, 46
Added entity human at 29, 36
Added entity wolf at 18, 34
Added entity wolf at 46, 11
Added entity wolf at 49, 7
Removed entity naturereserve from grid at 37, 6
Added entity cow at 8, 39
Added entity cow at 10, 26
Removed entity wolf from grid at 48, 14
Added entity human at 2, 48
Added entity wolf at 30, 11
Added entity wolf at 23, 40
Removed entity wolf from grid at 16, 35
Added entity wolf at 43, 47
Added entity wolf at 47, 1
Added entity wolf at 22, 15
Removed entity naturereserve from grid at 30, 4
Removed entity naturereserve from grid at 33, 9
Removed entity naturereserve from grid at 20, 47
Removed entity naturereserve from grid at 17, 49
Removed entity naturereserve from grid at 49, 20
Added entity cow at 0, 37
Removed entity wolf from grid at 30, 11
Removed entity wolf from grid at 33, 13
Removed entity wolf from grid at 1, 18
Added entity human at 27, 26
Added entity human at 8, 48
Added entity human at 33, 31
Removed entity wolf from grid at 33, 10
Removed entity human from grid at 16, 11
Added entity wolf at 30, 27
Removed entity naturereserve from grid at 36, 11
Removed entity naturereserve from grid at 34, 20
Removed entity naturereserve from grid at 15, 45
Removed entity naturereserve from grid at 16, 26
Removed entity human from grid at 27, 26
Added entity cow at 11, 27
Removed entity human from grid at 36, 33
Removed entity wolf from grid at 33, 13
Added entity house at 2, 16
Removed entity wolf from grid at 22, 42
Added entity human at 21, 0
Removed entity human from grid at 29, 33
Added entity human at 3, 17
Removed entity wolf from grid at 46, 13
Added entity human at 10, 39
Added entity wolf at 40, 7
Added entity wolf at 28, 6
Removed entity naturereserve from grid at 35, 2
Removed entity naturereserve from grid at 31, 9
Removed entity naturereserve from grid at 2, 19
Removed entity wolf from grid at 24, 18
Removed entity wolf from grid at 42, 46
Removed entity cow from grid at 14, 11
Removed entity wolf from grid at 39, 21
Removed entity human from grid at 37, 34
Removed entity human from grid at 18, 44
Added entity human at 17, 17
Added entity human at 10, 48
Added entity wolf at 39, 2
Added entity wolf at 10, 45
Removed entity naturereserve from grid at 36, 4
Removed entity naturereserve from grid at 40, 14
Removed entity human from grid at 10, 48
Removed entity cow from grid at 9, 20
Removed entity tree from grid at 0, 16
Removed entity wolf from grid at 29, 6
Removed entity human from grid at 6, 40
Removed entity wolf from grid at 36, 17
Removed entity wolf from grid at 31, 8
Added entity human at 6, 23
Added entity human at 23, 29
Added entity human at 0, 48
Added entity human at 23, 31
Added entity wolf at 42, 5
Added entity wolf at 36, 8
Added entity wolf at 34, 10
Removed entity wolf from grid at 34, 13
Added entity tree at 5, 22
Added entity cow at 12, 26
Removed entity wolf from grid at 35, 25
Removed entity wolf from grid at 31, 9
Removed entity wolf from grid at 38, 18
Added entity human at 12, 11
Added entity human at 6, 18
Added entity human at 33, 31
Added entity wolf at 15, 48
Added entity wolf at 27, 36
Removed entity naturereserve from grid at 32, 15
Removed entity naturereserve from grid at 19, 38
Removed entity naturereserve from grid at 33, 5
Removed entity human from grid at 25, 29
Added entity cow at 7, 37
Removed entity human from grid at 30, 34
Removed entity human from grid at 23, 31
Removed entity human from grid at 29, 36
Removed entity wolf from grid at 36, 17
Added entity human at 28, 40
Added entity wolf at 36, 13
Removed entity wolf from grid at 35, 13
Removed entity naturereserve from grid at 34, 5
Removed entity naturereserve from grid at 11, 28
Removed entity naturereserve from grid at 17, 43
Removed entity naturereserve from grid at 29, 4
Removed entity naturereserve from grid at 42, 7
Removed entity naturereserve from grid at 40, 9
Removed entity naturereserve from grid at 20, 37
Removed entity naturereserve from grid at 14, 47
Removed entity human from grid at 31, 33
Added entity cow at 13, 27
Added entity human at 31, 13
Added entity human at 5, 18
Added entity house at 4, 18
Removed entity cow from grid at 13, 41
Removed entity human from grid at 27, 34
Added entity human at 27, 24
Removed entity wolf from grid at 16, 49
Added entity wolf at 17, 40
Added entity wolf at 44, 9
Removed entity naturereserve from grid at 14, 46
Removed entity naturereserve from grid at 17, 45
Removed entity naturereserve from grid at 35, 10
Removed entity naturereserve from grid at 18, 47
Added entity human at 4, 17
Removed entity human from grid at 29, 40
Removed entity cow from grid at 4, 20
Added entity tree at 46, 19
Removed entity wolf from grid at 13, 46
Added entity human at 7, 41
Added entity human at 21, 5
Added entity wolf at 13, 44
Added entity wolf at 34, 10
Added entity wolf at 20, 37
Added entity wolf at 14, 47
Removed entity wolf from grid at 36, 13
Added entity wolf at 36, 11
Removed entity naturereserve from grid at 28, 13
Removed entity naturereserve from grid at 31, 0
Removed entity naturereserve from grid at 38, 12
Removed entity naturereserve from grid at 40, 8
Removed entity naturereserve from grid at 33, 20
Removed entity naturereserve from grid at 34, 6
Removed entity naturereserve from grid at 13, 47
Removed entity human from grid at 7, 41
Removed entity cow from grid at 5, 19
Added entity cow at 6, 36
Removed entity wolf from grid at 13, 46
Removed entity wolf from grid at 16, 48
Added entity human at 9, 13
Added entity wolf at 38, 1
Added entity wolf at 23, 42
Added entity wolf at 12, 46
Added entity wolf at 38, 3
Added entity wolf at 42, 47
Added entity human at 4, 17
Removed entity human from grid at 3, 46
Removed entity tree from grid at 5, 22
Added entity human at 44, 42
Added entity human at 19, 2
Added entity wolf at 47, 14
Added entity wolf at 39, 2
Removed entity naturereserve from grid at 35, 21
Removed entity human from grid at 44, 42
Added entity human at 5, 16
Removed entity wolf from grid at 34, 10
Removed entity wolf from grid at 14, 44
Removed entity wolf from grid at 16, 39
Removed entity wolf from grid at 39, 14
Added entity tree at 27, 33
Added entity wolf at 25, 44
Removed entity human from grid at 23, 5
Added entity wolf at 27, 19
Removed entity wolf from grid at 19, 39
Added entity wolf at 23, 41
Added entity human at 4, 15
Removed entity human from grid at 34, 49
Added entity human at 28, 26
Added entity human at 30, 48
Removed entity wolf from grid at 38, 13
Removed entity wolf from grid at 21, 41
Added entity human at 9, 16
Added entity human at 3, 11
Removed entity wolf from grid at 20, 38
Added entity wolf at 39, 6
Added entity wolf at 32, 14
Removed entity naturereserve from grid at 37, 11
Removed entity naturereserve from grid at 34, 16
Removed entity naturereserve from grid at 35, 12
Removed entity naturereserve from grid at 49, 8
Removed entity naturereserve from grid at 39, 11
Removed entity human from grid at 28, 26
Removed entity berry from grid at 14, 28
Removed entity wolf from grid at 23, 40
Removed entity wolf from grid at 32, 14
Removed entity wolf from grid at 19, 43
Removed entity human from grid at 18, 39
Removed entity human from grid at 27, 24
Added entity human at 7, 13
Added entity wolf at 23, 42
Removed entity cow from grid at 7, 15
Removed entity cow from grid at 6, 19
Added entity cow at 5, 36
Removed entity wolf from grid at 36, 8
Added entity cow at 12, 26
Added entity cow at 1, 38
Added entity house at 9, 24
Added entity human at 28, 28
Removed entity wolf from grid at 21, 44
Added entity human at 3, 17
Removed entity human from grid at 26, 24
Added entity wolf at 16, 30
Added entity wolf at 14, 44
Added entity wolf at 40, 1
Added entity wolf at 18, 34
Added entity cow at 13, 25
Added entity berry at 6, 19
Removed entity tree from grid at 3, 12
Removed entity wolf from grid at 30, 5
Added entity human at 21, 29
Removed entity wolf from grid at 38, 11
Added entity human at 11, 37
Removed entity naturereserve from grid at 43, 12
Removed entity naturereserve from grid at 29, 19
Removed entity human from grid at 11, 37
Removed entity human from grid at 21, 29
Removed entity wolf from grid at 13, 32
Removed entity cow from grid at 12, 46
Removed entity wolf from grid at 30, 3
Removed entity wolf from grid at 40, 14
Removed entity wolf from grid at 18, 47
Removed entity wolf from grid at 37, 11
Removed entity wolf from grid at 31, 16
Added entity human at 8, 3
Added entity human at 11, 20
Added entity wolf at 28, 17
Added entity wolf at 41, 18
Added entity wolf at 48, 0
Removed entity naturereserve from grid at 48, 11
Added entity house at 9, 4
Added entity cow at 14, 24
Added entity cow at 2, 37
Removed entity wolf from grid at 30, 15
Removed entity tree from grid at 3, 9
Added entity human at 32, 29
Removed entity wolf from grid at 39, 13
Removed entity wolf from grid at 31, 2
Added entity wolf at 27, 14
Removed entity naturereserve from grid at 33, 14
Added entity cow at 15, 25
Added entity tree at 13, 20
Removed entity tree from grid at 9, 2
Removed entity tree from grid at 31, 24
Added entity cow at 6, 35
Removed entity wolf from grid at 16, 34
Removed entity human from grid at 17, 43
Added entity human at 16, 45
Added entity human at 26, 33
Added entity berry at 2, 35
Added entity human at 9, 13
Removed entity wolf from grid at 39, 15
Removed entity human from grid at 18, 34
Removed entity wolf from grid at 31, 0
Added entity human at 13, 37
Added entity human at 9, 6
Removed entity berry from grid at 2, 35
Added entity wolf at 13, 49
Added entity cow at 5, 21
Added entity tree at 12, 36
Added entity tree at 8, 12
Added entity cow at 14, 26
Removed entity human from grid at 33, 48
Removed entity cow from grid at 1, 19
Removed entity human from grid at 17, 35
Removed entity tree from grid at 44, 16
Removed entity cow from grid at 8, 45
Removed entity human from grid at 21, 45
Added entity wolf at 17, 30
Added entity wolf at 18, 48
Added entity wolf at 21, 0
Added entity wolf at 33, 8
Removed entity wolf from grid at 38, 11
Removed entity human from grid at 13, 37
Added entity tree at 9, 12
Removed entity wolf from grid at 15, 31
Removed entity tree from grid at 18, 19
Removed entity tree from grid at 28, 2
Removed entity cow from grid at 20, 21
Removed entity human from grid at 19, 1
Removed entity cow from grid at 15, 34
Added entity human at 11, 11
Added entity human at 29, 36
Removed entity cow from grid at 13, 33
Removed entity wolf from grid at 26, 13
Added entity wolf at 23, 42
Added entity wolf at 40, 9
Added entity wolf at 46, 11
Added entity wolf at 33, 14
Added entity wolf at 36, 22
Removed entity wolf from grid at 38, 10
Removed entity naturereserve from grid at 44, 0
Removed entity human from grid at 29, 36
Removed entity wolf from grid at 19, 47
Added entity cow at 7, 36
Added entity cow at 1, 38
Added entity tree at 9, 19
Added entity tree at 12, 21
Removed entity wolf from grid at 39, 10
Removed entity wolf from grid at 17, 48
Added entity house at 0, 12
Removed entity wolf from grid at 32, 3
Removed entity human from grid at 21, 1
Removed entity wolf from grid at 43, 14
Added entity wolf at 27, 16
Added entity wolf at 33, 8
Added entity cow at 15, 27
Removed entity human from grid at 26, 33
Added entity human at 18, 45
Added entity house at 10, 22
Removed entity tree from grid at 13, 20
Removed entity tree from grid at 29, 2
Added entity human at 29, 7
Removed entity wolf from grid at 26, 15
Added entity human at 3, 42
Removed entity human from grid at 17, 41
Removed entity cow from grid at 20, 20
Added entity human at 20, 22
Removed entity human from grid at 42, 40
Added entity human at 1, 11
Added entity human at 6, 17
Added entity human at 3, 15
Removed entity wolf from grid at 41, 47
Added entity cow at 17, 28
Added entity cow at 3, 34
Added entity wolf at 35, 20
Added entity wolf at 47, 1
Added entity wolf at 22, 15
Added entity cow at 18, 29
Added entity tree at 3, 14
Added entity tree at 5, 16
Added entity human at 19, 21
Added entity human at 19, 44
Added entity cow at 16, 28
Added entity cow at 2, 37
Removed entity human from grid at 13, 17
Removed entity tree from grid at 12, 21
Removed entity wolf from grid at 31, 8
Removed entity human from grid at 17, 17
Removed entity tree from grid at 13, 23
Removed entity human from grid at 30, 33
Removed entity wolf from grid at 31, 5
Removed entity human from grid at 26, 5
Removed entity cow from grid at 16, 39
Added entity human at 16, 23
Added entity human at 16, 21
Removed entity berry from grid at 6, 19
Added entity wolf at 33, 8
Added entity wolf at 41, 2
Removed entity human from grid at 18, 19
Removed entity human from grid at 35, 31
Added entity tree at 15, 20
Added entity tree at 15, 22
Added entity human at 20, 45
Added entity house at 4, 14
Removed entity human from grid at 10, 9
Removed entity tree from grid at 8, 12
Added entity house at 0, 17
Removed entity cow from grid at 13, 33
Removed entity wolf from grid at 24, 40
Added entity house at 13, 40
Added entity human at 26, 31
Removed entity human from grid at 34, 29
Removed entity wolf from grid at 32, 11
Added entity wolf at 26, 3
Added entity wolf at 32, 3
Added entity wolf at 41, 47
Added entity wolf at 19, 40
Removed entity wolf from grid at 40, 7
Added entity cow at 6, 21
Removed entity wolf from grid at 25, 14
Removed entity human from grid at 14, 41
Removed entity human from grid at 13, 41
Removed entity wolf from grid at 40, 28
Added entity human at 16, 14
Removed entity cow from grid at 16, 24
Added entity human at 13, 21
Added entity tree at 13, 20
Removed entity human from grid at 16, 14
Added entity human at 19, 44
Added entity cow at 4, 33
Removed entity human from grid at 10, 10
Removed entity tree from grid at 9, 12
Removed entity tree from grid at 5, 16
Removed entity tree from grid at 3, 14
Removed entity cow from grid at 13, 30
Removed entity wolf from grid at 21, 39
Removed entity tree from grid at 12, 36
Added entity human at 11, 6
Removed entity human from grid at 15, 36
Added entity house at 11, 36
Removed entity human from grid at 11, 7
Added entity wolf at 26, 17
Added entity wolf at 40, 8
Added entity tree at 19, 43
Added entity tree at 14, 20
Added entity cow at 7, 22
Added entity tree at 23, 32
Added entity tree at 17, 42
Added entity house at 10, 17
Added entity house at 1, 7
Removed entity tree from grid at 0, 41
Added entity house at 17, 16
Added entity house at 17, 22
Removed entity human from grid at 27, 5
Removed entity wolf from grid at 18, 4
Added entity house at 12, 40
Added entity human at 11, 6
Added entity house at 25, 34
Added entity human at 23, 29
Removed entity cow from grid at 18, 25
Added entity human at 10, 48
Added entity wolf at 38, 5
Added entity wolf at 45, 12
Added entity wolf at 36, 9
Added entity wolf at 35, 16
Added entity wolf at 27, 14
Added entity wolf at 19, 41
Added entity cow at 6, 23
Added entity cow at 15, 29
Removed entity wolf from grid at 21, 42
Added entity tree at 3, 7
Added entity cow at 6, 37
Removed entity human from grid at 18, 16
Removed entity wolf from grid at 33, 9
Removed entity tree from grid at 3, 7
Added entity human at 7, 33
Removed entity wolf from grid at 26, 15
Removed entity cow from grid at 9, 35
Added entity human at 25, 31
Added entity wolf at 37, 13
Removed entity cow from grid at 14, 24
Added entity cow at 5, 18
Added entity wolf at 29, 14
Removed entity naturereserve from grid at 45, 9
Removed entity naturereserve from grid at 37, 10
Removed entity naturereserve from grid at 20, 25
Added entity tree at 7, 32
Removed entity tree from grid at 19, 43
Removed entity tree from grid at 2, 6
Removed entity wolf from grid at 32, 3
Removed entity cow from grid at 9, 45
Removed entity human from grid at 17, 17
Removed entity wolf from grid at 34, 7
Removed entity wolf from grid at 24, 16
Removed entity wolf from grid at 44, 12
Removed entity wolf from grid at 28, 14
Removed entity wolf from grid at 36, 9
Added entity wolf at 26, 18
Added entity cow at 6, 17
Added entity tree at 25, 29
Added entity tree at 6, 32
Added entity cow at 16, 30
Removed entity human from grid at 21, 44
Removed entity tree from grid at 23, 32
Added entity cow at 16, 27
Removed entity cow from grid at 12, 15
Removed entity cow from grid at 2, 42
Removed entity cow from grid at 14, 28
Added entity human at 7, 43
Removed entity cow from grid at 6, 41
Removed entity wolf from grid at 35, 16
Added entity human at 16, 25
Removed entity cow from grid at 18, 31
Added entity human at 28, 31
Removed entity cow from grid at 8, 44
Removed entity cow from grid at 8, 37
Added entity human at 28, 45
Removed entity cow from grid at 14, 33
Added entity wolf at 39, 4
Added entity wolf at 21, 1
Added entity wolf at 45, 10
Removed entity naturereserve from grid at 47, 0
Removed entity naturereserve from grid at 28, 7
Removed entity naturereserve from grid at 23, 15
Added entity tree at 6, 42
Added entity cow at 17, 26
Added entity cow at 5, 32
Added entity house at 4, 41
Removed entity human from grid at 14, 37
Added entity human at 44, 22
Added entity human at 9, 41
Removed entity wolf from grid at 40, 49
Added entity human at 11, 21
Removed entity wolf from grid at 44, 12
Removed entity wolf from grid at 37, 7
Added entity human at 32, 29
Added entity wolf at 27, 15
Added entity wolf at 31, 13
Added entity house at 31, 29
Removed entity human from grid at 44, 22
Added entity cow at 4, 31
Removed entity tree from grid at 6, 42
Added entity cow at 17, 29
Removed entity human from grid at 27, 26
Added entity cow at 1, 38
Removed entity human from grid at 16, 22
Added entity human at 14, 11
Added entity house at 10, 33
Added entity human at 15, 9
Added entity human at 26, 28
Removed entity tree from grid at 17, 42
Added entity human at 19, 32
Removed entity tree from grid at 25, 29
Removed entity wolf from grid at 42, 12
Added entity human at 7, 12
Removed entity wolf from grid at 37, 7
Added entity human at 30, 38
Added entity human at 13, 36
Added entity human at 3, 13
Added entity wolf at 35, 15
Added entity wolf at 31, 0
Removed entity naturereserve from grid at 32, 10
Removed entity naturereserve from grid at 18, 33
Added entity tree at 3, 12
Added entity tree at 13, 35
Added entity tree at 6, 11
Added entity human at 16, 8
Added entity human at 15, 12
Added entity cow at 18, 30
Removed entity human from grid at 32, 29
Removed entity tree from grid at 13, 20
Removed entity cow from grid at 17, 26
Added entity human at 18, 22
Removed entity cow from grid at 16, 25
Removed entity wolf from grid at 25, 16
Added entity house at 2, 5
Removed entity cow from grid at 17, 27
Removed entity cow from grid at 14, 12
Removed entity wolf from grid at 35, 6
Removed entity cow from grid at 11, 35
Added entity house at 3, 4
Removed entity cow from grid at 18, 30
Added entity human at 11, 20
Removed entity wolf from grid at 44, 12
Added entity human at 23, 31
Added entity wolf at 17, 30
Added entity wolf at 35, 8
Removed entity human from grid at 22, 29
Added entity wolf at 21, 44
Removed entity human from grid at 11, 33
Added entity wolf at 33, 8
Added entity wolf at 35, 20
Added entity wolf at 29, 14
Removed entity human from grid at 32, 27
Removed entity human from grid at 23, 31
Added entity tree at 2, 13
Added entity cow at 0, 37
Added entity cow at 5, 32
Added entity cow at 5, 22
Removed entity human from grid at 17, 23
Removed entity human from grid at 16, 24
Removed entity tree from grid at 1, 6
Removed entity human from grid at 14, 23
Removed entity wolf from grid at 33, 8
Removed entity human from grid at 12, 36
Added entity house at 0, 5
Removed entity wolf from grid at 39, 15
Removed entity human from grid at 11, 34
Removed entity wolf from grid at 19, 42
Added entity house at 27, 49
Removed entity wolf from grid at 37, 7
Removed entity human from grid at 12, 35
Added entity human at 2, 9
Removed entity wolf from grid at 35, 16
Added entity human at 12, 19
Added entity wolf at 16, 28
Added entity tree at 1, 8
Added entity cow at 6, 31
Removed entity human from grid at 18, 22
Added entity human at 8, 9
Added entity human at 20, 31
Removed entity tree from grid at 15, 22
Added entity cow at 7, 19
Removed entity human from grid at 32, 25
Added entity house at 31, 26
Removed entity tree from grid at 10, 8
Removed entity tree from grid at 15, 20
Removed entity tree from grid at 0, 39
Removed entity tree from grid at 31, 6
Removed entity wolf from grid at 23, 1
Removed entity wolf from grid at 16, 28
Removed entity tree from grid at 38, 15
Removed entity cow from grid at 13, 22
Removed entity human from grid at 30, 26
Added entity human at 7, 41
Added entity human at 11, 21
Added entity wolf at 35, 15
Added entity tree at 6, 40
Added entity tree at 8, 8
Added entity tree at 1, 9
Added entity cow at 4, 23
Added entity berry at 35, 11
Added entity tree at 12, 19
Added entity tree at 16, 11
Added entity tree at 18, 7
Added entity cow at 7, 36
Added entity human at 29, 7
Removed entity wolf from grid at 36, 4
Removed entity tree from grid at 1, 8
Added entity human at 11, 41
Removed entity tree from grid at 8, 1
Removed entity tree from grid at 31, 46
Removed entity cow from grid at 8, 41
Removed entity wolf from grid at 37, 7
Added entity human at 1, 20
Removed entity tree from grid at 13, 35
Added entity wolf at 32, 2
Added entity wolf at 10, 48
Added entity wolf at 46, 11
Added entity tree at 1, 19
Removed entity human from grid at 11, 41
Added entity tree at 28, 6
Added entity cow at 8, 35
Added entity cow at 3, 24
Removed entity human from grid at 11, 21
Removed entity human from grid at 7, 41
Added entity cow at 8, 18
Removed entity cow from grid at 4, 37
Removed entity cow from grid at 14, 29
Removed entity cow from grid at 1, 40
Removed entity cow from grid at 3, 38
Removed entity cow from grid at 11, 16
Added entity tree at 38, 29
Removed entity cow from grid at 14, 26
Removed entity cow from grid at 16, 25
Removed entity human from grid at 9, 39
Added entity tree at 39, 14
Removed entity cow from grid at 2, 39
Removed entity cow from grid at 17, 27
Removed entity human from grid at 32, 25
Removed entity cow from grid at 10, 37
Removed entity cow from grid at 18, 32
Added entity human at 14, 44
Removed entity naturereserve from grid at 34, 14
Removed entity naturereserve from grid at 41, 7
Removed entity naturereserve from grid at 40, 5
Removed entity naturereserve from grid at 21, 32
Removed entity human from grid at 14, 44
Added entity cow at 7, 34
Removed entity tree from grid at 28, 8
Added entity human at 18, 8
Removed entity tree from grid at 32, 28
Removed entity human from grid at 13, 22
Removed entity wolf from grid at 14, 28
Added entity house at 39, 31
Removed entity wolf from grid at 25, 1
Added entity house at 12, 24
Added entity house at 20, 16
Added entity house at 8, 45
Removed entity human from grid at 14, 25
Removed entity human from grid at 16, 27
Added entity tree at 17, 7
Added entity cow at 2, 23
Added entity tree at 2, 19
Added entity human at 30, 8
Added entity human at 13, 35
Removed entity human from grid at 9, 46
Removed entity human from grid at 10, 10
Added entity house at 10, 15
Removed entity tree from grid at 40, 31
Removed entity human from grid at 9, 45
Added entity house at 12, 7
Added entity human at 42, 35
Removed entity wolf from grid at 39, 15
Removed entity cow from grid at 13, 27
Removed entity wolf from grid at 36, 16
Added entity human at 47, 35
Added entity human at 32, 34
Removed entity cow from grid at 16, 26
Removed entity wolf from grid at 29, 17
Added entity wolf at 17, 28
Added entity wolf at 35, 8
Added entity wolf at 36, 16
Removed entity naturereserve from grid at 46, 4
Removed entity naturereserve from grid at 20, 28
Added entity tree at 31, 33
Added entity cow at 1, 22
Removed entity wolf from grid at 18, 29
Added entity cow at 5, 31
Removed entity cow from grid at 8, 18
Added entity cow at 1, 36
Added entity human at 15, 12
Removed entity cow from grid at 4, 15
Added entity house at 3, 40
Removed entity human from grid at 15, 27
Removed entity human from grid at 41, 16
Added entity human at 15, 27
Removed entity wolf from grid at 36, 16
Added entity human at 13, 23
Added entity house at 31, 47
Removed entity wolf from grid at 30, 18
Removed entity tree from grid at 21, 28
Added entity wolf at 37, 11
Added entity wolf at 23, 39
Added entity wolf at 12, 44
Added entity wolf at 47, 49
Added entity tree at 13, 22
Removed entity tree from grid at 16, 11
Added entity human at 14, 34
Added entity human at 16, 10
Added entity cow at 8, 33
Added entity human at 8, 9
Removed entity cow from grid at 13, 33
Removed entity wolf from grid at 29, 4
Removed entity tree from grid at 13, 22
Removed entity human from grid at 9, 40
Removed entity tree from grid at 18, 18
Removed entity tree from grid at 10, 5
Removed entity cow from grid at 13, 28
Removed entity human from grid at 21, 29
Removed entity cow from grid at 15, 23
Removed entity wolf from grid at 31, 13
Added entity tree at 9, 9
Added entity tree at 15, 9
Added entity tree at 13, 33
Added entity tree at 13, 22
Added entity cow at 0, 35
Added entity cow at 0, 21
Added entity human at 21, 28
Removed entity tree from grid at 13, 33
Removed entity tree from grid at 3, 12
Removed entity human from grid at 28, 46
Removed entity tree from grid at 12, 19
Added entity house at 6, 1
Added entity house at 19, 15
Added entity berry at 20, 10
Removed entity cow from grid at 12, 27
Removed entity human from grid at 15, 27
Removed entity tree from grid at 27, 44
Removed entity tree from grid at 32, 46
Removed entity human from grid at 5, 43
Removed entity human from grid at 30, 48
Added entity wolf at 19, 36
Added entity wolf at 36, 1
Removed entity naturereserve from grid at 48, 1
Added entity tree at 40, 33
Added entity tree at 20, 27
Added entity tree at 7, 10
Added entity tree at 16, 9
Added entity tree at 12, 23
Added entity house at 0, 7
Removed entity wolf from grid at 10, 46
Added entity human at 22, 16
Removed entity human from grid at 9, 43
Added entity human at 24, 49
Added entity human at 9, 44
Added entity human at 34, 48
Added entity human at 34, 46
Added entity human at 9, 41
Removed entity human from grid at 2, 40
Added entity human at 49, 35
Added entity human at 28, 47
Added entity human at 16, 21
Removed entity human from grid at 26, 47
Added entity wolf at 36, 11
Added entity wolf at 39, 7
Added entity wolf at 39, 25
Removed entity naturereserve from grid at 32, 0
Removed entity naturereserve from grid at 36, 2
Removed entity human from grid at 24, 49
Removed entity tree from grid at 8, 8
Removed entity tree from grid at 16, 9
Added entity human at 16, 36
Removed entity tree from grid at 13, 22
Added entity house at 19, 14
Added entity cow at 4, 32
Added entity house at 36, 35
Added entity human at 8, 15
Added entity house at 7, 2
Added entity house at 26, 36
Removed entity tree from grid at 7, 32
Removed entity human from grid at 25, 35
Removed entity cow from grid at 6, 15
Removed entity cow from grid at 12, 30
Removed entity human from grid at 40, 30
Removed entity human from grid at 24, 34
Removed entity cow from grid at 3, 38
Added entity house at 29, 45
Removed entity cow from grid at 17, 31
Added entity house at 5, 47
Added entity house at 27, 23
Added entity human at 8, 37
Added entity tree at 7, 36
Added entity tree at 7, 14
Added entity tree at 16, 35
Added entity tree at 16, 19
Added entity human at 17, 9
Removed entity cow from grid at 4, 15
Removed entity human from grid at 27, 35
Removed entity human from grid at 39, 30
Removed entity cow from grid at 7, 41
Removed entity tree from grid at 6, 40
Added entity berry at 5, 41
Removed entity tree from grid at 9, 1
Added entity house at 14, 9
Added entity human at 46, 24
Removed entity cow from grid at 11, 28
Added entity house at 28, 24
Added entity human at 6, 16
Added entity human at 6, 21
Added entity human at 14, 44
Added entity wolf at 18, 49
Added entity wolf at 32, 12
Added entity wolf at 37, 25
Added entity wolf at 32, 7
Added entity wolf at 46, 49
Removed entity human from grid at 14, 44
Added entity tree at 5, 21
Added entity tree at 5, 15
Removed entity human from grid at 46, 24
Removed entity tree from grid at 7, 14
Added entity cow at 1, 22
Removed entity tree from grid at 5, 15
Removed entity wolf from grid at 29, 2
Added entity house at 10, 2
Removed entity wolf from grid at 20, 41
Added entity berry at 20, 15
Added entity human at 14, 17
Added entity wolf at 32, 2
Added entity wolf at 23, 41
Added entity wolf at 46, 47
Removed entity naturereserve from grid at 48, 8
Removed entity naturereserve from grid at 31, 11
Removed entity naturereserve from grid at 18, 40
Added entity tree at 48, 20
Added entity tree at 5, 22
Added entity cow at 1, 34
Added entity cow at 9, 34
Removed entity tree from grid at 10, 4
Removed entity human from grid at 29, 38
Removed entity human from grid at 26, 33
Removed entity tree from grid at 11, 4
Removed entity berry from grid at 5, 41
Added entity human at 7, 47
Added entity human at 26, 30
Added entity human at 34, 29
Added entity human at 13, 22
Removed entity human from grid at 43, 33
Removed entity human from grid at 29, 23
Added entity human at 16, 21
Added entity human at 5, 13
Added entity wolf at 21, 45
Removed entity naturereserve from grid at 46, 40
Added entity tree at 5, 12
Removed entity human from grid at 34, 29
Added entity cow at 8, 35
Added entity tree at 6, 22
Added entity human at 6, 17
Removed entity cow from grid at 6, 19
Added entity human at 7, 47
Removed entity wolf from grid at 45, 48
Removed entity human from grid at 28, 22
Removed entity human from grid at 29, 23
Added entity human at 11, 15
Added entity wolf at 23, 12
Added entity cow at 2, 23
Added entity cow at 3, 31
Removed entity human from grid at 18, 12
Removed entity wolf from grid at 18, 40
Removed entity human from grid at 18, 15
Removed entity cow from grid at 16, 17
Removed entity human from grid at 11, 40
Removed entity human from grid at 19, 17
Added entity house at 0, 3
Removed entity wolf from grid at 37, 13
Added entity human at 6, 36
Removed entity human from grid at 10, 49
Removed entity wolf from grid at 32, 12
Added entity cow at 1, 16
Added entity wolf at 26, 1
Added entity wolf at 46, 7
Added entity wolf at 37, 16
Added entity wolf at 21, 41
Added entity wolf at 25, 35
Removed entity naturereserve from grid at 40, 2
Removed entity naturereserve from grid at 33, 6
Removed entity human from grid at 30, 33
Added entity cow at 0, 15
Removed entity wolf from grid at 16, 48
Removed entity cow from grid at 11, 32
Removed entity human from grid at 19, 13
Removed entity wolf from grid at 19, 41
Removed entity wolf from grid at 26, 1
Removed entity tree from grid at 2, 4
Removed entity human from grid at 26, 37
Removed entity human from grid at 28, 30
Removed entity human from grid at 21, 16
Added entity wolf at 34, 1
Removed entity human from grid at 27, 30
Added entity cow at 1, 14
Added entity cow at 0, 33
Added entity tree at 7, 22
Removed entity wolf from grid at 19, 41
Removed entity human from grid at 19, 13
Removed entity human from grid at 11, 43
Added entity human at 24, 49
Added entity human at 3, 42
Added entity human at 15, 20
Added entity human at 11, 6
Added entity wolf at 33, 10
Added entity wolf at 39, 7
Added entity wolf at 33, 8
Removed entity human from grid at 24, 49
Added entity cow at 4, 30
Removed entity wolf from grid at 20, 43
Removed entity wolf from grid at 43, 47
Added entity wolf at 28, 49
Added entity wolf at 39, 4
Removed entity naturereserve from grid at 32, 8
Removed entity wolf from grid at 17, 49
Removed entity wolf from grid at 22, 38
Added entity human at 3, 7
Added entity house at 0, 2
Removed entity wolf from grid at 38, 15
Added entity human at 34, 31
Added entity human at 8, 5
Removed entity wolf from grid at 35, 12
Added entity wolf at 21, 42
Added entity wolf at 5, 49
Added entity wolf at 39, 2
Removed entity naturereserve from grid at 40, 4
Removed entity naturereserve from grid at 38, 28
Removed entity naturereserve from grid at 34, 9
Removed entity naturereserve from grid at 26, 35
Removed entity human from grid at 6, 45
Added entity cow at 0, 13
Added entity cow at 3, 24
Removed entity wolf from grid at 28, 13
Removed entity wolf from grid at 19, 39
Removed entity human from grid at 4, 47
Removed entity wolf from grid at 37, 16
Added entity human at 16, 12
Added entity human at 29, 34
Added entity wolf at 23, 43
Added entity wolf at 12, 47
Added entity cow at 5, 29
Added entity cow at 1, 32
Removed entity cow from grid at 11, 33
Removed entity wolf from grid at 33, 6
Added entity house at 2, 1
Removed entity wolf from grid at 12, 45
Removed entity wolf from grid at 30, 0
Added entity tree at 13, 7
Added entity wolf at 31, 15
Added entity wolf at 33, 16
Added entity cow at 4, 28
Added entity human at 4, 8
Added entity cow at 7, 34
Removed entity wolf from grid at 19, 43
Removed entity wolf from grid at 34, 5
Removed entity tree from grid at 9, 9
Removed entity human from grid at 4, 40
Added entity human at 44, 42
Removed entity human from grid at 42, 6
Removed entity wolf from grid at 35, 13
Added entity wolf at 30, 14
Removed entity naturereserve from grid at 34, 15
Removed entity naturereserve from grid at 38, 9
Removed entity naturereserve from grid at 47, 48
Added entity cow at 2, 33
Added entity cow at 1, 14
Removed entity wolf from grid at 39, 22
Removed entity wolf from grid at 35, 6
Added entity house at 4, 0
Removed entity wolf from grid at 32, 2
Removed entity wolf from grid at 33, 13
Added entity human at 37, 33
Added entity human at 44, 33
Added entity house at 3, 2
Removed entity human from grid at 46, 42
Added entity human at 9, 7
Removed entity wolf from grid at 33, 14
Added entity human at 21, 5
Added entity human at 25, 33
Removed entity human from grid at 28, 22
Removed entity naturereserve from grid at 41, 1
Removed entity naturereserve from grid at 28, 15
Removed entity naturereserve from grid at 22, 41
Added entity cow at 8, 33
Added entity cow at 3, 29
Added entity cow at 2, 23
Removed entity wolf from grid at 30, 15
Removed entity cow from grid at 12, 29
Removed entity cow from grid at 8, 19
Removed entity wolf from grid at 24, 47
Removed entity cow from grid at 9, 35
Removed entity cow from grid at 2, 17
Removed entity human from grid at 23, 6
Added entity wolf at 41, 4
Added entity wolf at 42, 9
Added entity cow at 4, 30
Added entity cow at 2, 15
Added entity cow at 3, 34
Removed entity cow from grid at 12, 19
Removed entity cow from grid at 9, 34
Removed entity cow from grid at 3, 18
Removed entity tree from grid at 28, 9
Added entity human at 29, 34
Added entity human at 16, 17
Added entity wolf at 30, 11
Added entity wolf at 18, 26
Added entity wolf at 41, 11
Removed entity naturereserve from grid at 36, 0
Removed entity naturereserve from grid at 36, 21
Added entity cow at 3, 16
Added entity cow at 1, 24
Added entity cow at 9, 32
Removed entity wolf from grid at 37, 7
Removed entity wolf from grid at 29, 6
Removed entity cow from grid at 4, 17
Removed entity wolf from grid at 35, 13
Added entity human at 8, 21
Added entity berry at 41, 11
Removed entity human from grid at 42, 3
Added entity wolf at 31, 13
Added entity wolf at 47, 5
Added entity wolf at 31, 9
Removed entity naturereserve from grid at 42, 48
Added entity cow at 3, 29
Removed entity human from grid at 13, 21
Removed entity wolf from grid at 31, 13
Removed entity human from grid at 23, 32
Removed entity cow from grid at 1, 12
Removed entity wolf from grid at 28, 4
Removed entity wolf from grid at 30, 11
Removed entity wolf from grid at 48, 49
Added entity human at 6, 25
Added entity human at 10, 39
Added entity wolf at 34, 12
Added entity wolf at 19, 25
Added entity wolf at 32, 7
Removed entity naturereserve from grid at 33, 7
Removed entity naturereserve from grid at 31, 4
Removed entity human from grid at 17, 19
Added entity tree at 47, 36
Removed entity human from grid at 4, 44
Removed entity human from grid at 7, 47
Removed entity human from grid at 15, 22
Removed entity human from grid at 7, 48
Removed entity human from grid at 25, 27
Removed entity wolf from grid at 30, 8
Added entity human at 46, 40
Added entity human at 28, 40
Removed entity human from grid at 47, 13
Removed entity wolf from grid at 32, 10
Added entity wolf at 14, 45
Added entity wolf at 35, 2
Added entity wolf at 46, 1
Removed entity naturereserve from grid at 33, 3
Added entity cow at 4, 28
Added entity cow at 8, 33
Added entity human at 46, 44
Removed entity wolf from grid at 32, 12
Removed entity human from grid at 13, 24
Removed entity wolf from grid at 20, 26
Removed entity wolf from grid at 36, 5
Removed entity human from grid at 25, 27
Added entity human at 3, 46
Added entity human at 10, 16
Removed entity human from grid at 24, 29
Added entity wolf at 48, 11
Added entity human at 23, 5
Added entity wolf at 41, 2
Removed entity human from grid at 23, 5
Removed entity human from grid at 3, 46
Added entity human at 47, 43
Added entity cow at 5, 29
Removed entity cow from grid at 1, 13
Removed entity wolf from grid at 17, 27
Removed entity wolf from grid at 31, 6
Removed entity cow from grid at 6, 19
Added entity human at 32, 48
Added entity human at 30, 26
Added entity human at 18, 12
Removed entity human from grid at 47, 11
Added entity human at 7, 13
Added entity wolf at 30, 1
Added entity cow at 4, 30
Added entity cow at 7, 34
Removed entity cow from grid at 10, 29
Removed entity cow from grid at 7, 21
Removed entity wolf from grid at 31, 4
Removed entity wolf from grid at 39, 15
Added entity human at 27, 26
Added entity human at 32, 34
Removed entity cow from grid at 19, 25
Added entity wolf at 36, 14
Removed entity naturereserve from grid at 32, 6
Removed entity naturereserve from grid at 29, 5
Added entity human at 47, 42
Added entity human at 20, 24
Removed entity tree from grid at 16, 35
Added entity human at 34, 12
Added entity human at 17, 32
Added entity human at 26, 10
Removed entity tree from grid at 1, 9
Removed entity tree from grid at 29, 10
Removed entity wolf from grid at 38, 16
Added entity human at 25, 26
Added entity human at 6, 38
Added entity wolf at 23, 42
Added entity wolf at 36, 9
Removed entity naturereserve from grid at 31, 14
Added entity tree at 6, 37
Added entity tree at 25, 9
Added entity tree at 16, 31
Removed entity human from grid at 48, 43
Removed entity tree from grid at 12, 23
Added entity cow at 2, 23
Removed entity cow from grid at 1, 14
Removed entity wolf from grid at 16, 48
Added entity human at 30, 4
Removed entity cow from grid at 6, 42
Removed entity cow from grid at 8, 20
Removed entity cow from grid at 5, 14
Removed entity human from grid at 31, 4
Added entity human at 9, 33
Removed entity human from grid at 44, 13
Added entity wolf at 25, 18
Added entity wolf at 32, 0
Added entity wolf at 42, 5
Removed entity human from grid at 25, 25
Added entity tree at 46, 41
Added entity cow at 8, 35
Removed entity wolf from grid at 33, 14
Removed entity wolf from grid at 45, 13
Removed entity wolf from grid at 29, 2
Removed entity tree from grid at 3, 6
Removed entity human from grid at 27, 25
Added entity wolf at 20, 25
Added entity wolf at 31, 8
Added entity wolf at 30, 1
Removed entity wolf from grid at 32, 5
Removed entity wolf from grid at 22, 26
Added entity tree at 47, 41
Added entity house at 4, 21
Removed entity tree from grid at 2, 13
Removed entity cow from grid at 1, 15
Removed entity wolf from grid at 47, 12
Removed entity wolf from grid at 30, 1
Removed entity wolf from grid at 30, 0
Removed entity wolf from grid at 31, 9
Removed entity wolf from grid at 20, 41
Added entity berry at 9, 29
Added entity wolf at 17, 28
Added entity wolf at 32, 2
Removed entity naturereserve from grid at 33, 0
Removed entity naturereserve from grid at 43, 9
Added entity tree at 10, 34
Removed entity human from grid at 3, 41
Added entity human at 35, 15
Removed entity human from grid at 18, 35
Removed entity wolf from grid at 47, 13
Added entity human at 28, 4
Removed entity tree from grid at 3, 5
Added entity human at 29, 36
Added entity wolf at 12, 49
Added entity wolf at 12, 47
Added entity tree at 28, 35
Added entity cow at 9, 34
Removed entity tree from grid at 10, 34
Added entity human at 20, 33
Removed entity cow from grid at 13, 20
Added entity cow at 4, 15
Removed entity human from grid at 17, 18
Removed entity wolf from grid at 18, 29
Added entity human at 17, 37
Added entity human at 22, 21
Removed entity human from grid at 23, 10
Removed entity cow from grid at 1, 16
Removed entity human from grid at 16, 32
Added entity house at 7, 13
Added entity human at 9, 16
Added entity wolf at 46, 13
Removed entity wolf from grid at 37, 10
Added entity wolf at 39, 8
Removed entity naturereserve from grid at 40, 11
Added entity tree at 8, 15
Added entity cow at 3, 14
Added entity human at 21, 34
Added entity cow at 10, 35
Added entity human at 27, 4
Removed entity tree from grid at 37, 14
Removed entity tree from grid at 25, 9
Added entity house at 26, 32
Added entity cow at 5, 29
Added entity human at 1, 14
Removed entity tree from grid at 5, 12
Removed entity wolf from grid at 34, 5
Removed entity tree from grid at 8, 15
Removed entity human from grid at 14, 38
Removed entity human from grid at 12, 41
Added entity human at 25, 29
Removed entity human from grid at 45, 2
Removed entity human from grid at 45, 13
Removed entity naturereserve from grid at 29, 0
Added entity tree at 24, 28
Added entity tree at 0, 13
Added entity tree at 26, 3
Added entity tree at 21, 33
Added entity cow at 2, 13
Removed entity cow from grid at 11, 35
Removed entity cow from grid at 4, 22
Removed entity cow from grid at 10, 25
Added entity cow at 2, 35
Removed entity cow from grid at 3, 15
Removed entity cow from grid at 14, 31
Added entity human at 34, 3
Removed entity cow from grid at 2, 17
Removed entity cow from grid at 8, 38
Removed entity cow from grid at 10, 25
Added entity human at 3, 47
Added entity human at 21, 0
Added entity human at 21, 2
Added entity wolf at 47, 1
Removed entity cow from grid at 11, 20
Added entity wolf at 39, 6
Removed entity naturereserve from grid at 31, 1
Removed entity naturereserve from grid at 36, 15
Removed entity human from grid at 3, 47
Added entity cow at 3, 36
Added entity cow at 1, 12
Removed entity tree from grid at 24, 28
Removed entity tree from grid at 0, 13
Removed entity tree from grid at 26, 3
Added entity cow at 1, 24
Added entity human at 22, 28
Removed entity tree from grid at 24, 31
Removed entity wolf from grid at 37, 7
Removed entity wolf from grid at 48, 11
Removed entity tree from grid at 21, 33
Removed entity wolf from grid at 25, 18
Removed entity human from grid at 11, 25
Removed entity wolf from grid at 30, 0
Added entity human at 42, 40
Removed entity human from grid at 21, 30
Added entity human at 13, 22
Added entity human at 30, 27
Added entity wolf at 36, 13
Added entity wolf at 36, 2
Added entity wolf at 30, 3
Added entity wolf at 29, 16
Added entity tree at 29, 26
Added entity tree at 13, 21
Added entity tree at 21, 27
Added entity cow at 0, 13
Removed entity wolf from grid at 35, 3
Added entity tree at 24, 28
Added entity tree at 1, 13
Removed entity tree from grid at 9, 19
Removed entity human from grid at 15, 35
Added entity house at 12, 34
Removed entity wolf from grid at 38, 11
Removed entity cow from grid at 10, 35
Removed entity cow from grid at 11, 32
Removed entity cow from grid at 9, 23
Added entity house at 12, 2
Added entity human at 34, 33
Removed entity tree from grid at 6, 11
Added entity human at 10, 48
Added entity human at 11, 37
Added entity human at 16, 21
Added entity wolf at 40, 4
Removed entity naturereserve from grid at 39, 3
Removed entity naturereserve from grid at 48, 4
Removed entity naturereserve from grid at 30, 9
Added entity cow at 7, 28
Added entity tree at 10, 36
Removed entity human from grid at 10, 48
Added entity tree at 30, 26
Added entity human at 14, 23
Removed entity tree from grid at 21, 27
Removed entity human from grid at 21, 1
Added entity cow at 6, 30
Added entity human at 26, 3
Added entity human at 26, 12
Removed entity human from grid at 15, 30
Added entity house at 7, 24
Removed entity tree from grid at 1, 19
Removed entity cow from grid at 9, 35
Added entity human at 7, 5
Added entity human at 32, 48
Added entity human at 28, 31
Added entity human at 34, 31
Removed entity human from grid at 23, 32
Removed entity cow from grid at 8, 20
Added entity human at 27, 36
Removed entity human from grid at 47, 8
Removed entity human from grid at 20, 2
Removed entity naturereserve from grid at 38, 24
Added entity tree at 26, 35
Added entity tree at 6, 4
Added entity human at 25, 4
Added entity cow at 6, 27
Added entity cow at 4, 37
Removed entity wolf from grid at 41, 15
Removed entity tree from grid at 10, 36
Added entity house at 4, 9
Removed entity tree from grid at 20, 13
Removed entity tree from grid at 7, 22
Added entity house at 2, 18
Removed entity cow from grid at 10, 32
Added entity human at 12, 41
Removed entity cow from grid at 11, 30
Removed entity tree from grid at 12, 4
Removed entity human from grid at 22, 27
Added entity human at 16, 13
Added entity wolf at 35, 15
Added entity wolf at 18, 47
Added entity wolf at 34, 9
Removed entity naturereserve from grid at 42, 10
Removed entity naturereserve from grid at 34, 8
Added entity cow at 5, 38
Added entity tree at 27, 35
Added entity tree at 6, 5
Added entity tree at 26, 2
Added entity cow at 7, 29
Added entity tree at 16, 24
Added entity cow at 0, 23
Removed entity wolf from grid at 34, 5
Added entity human at 2, 13
Added entity human at 24, 14
Removed entity wolf from grid at 43, 14
Removed entity wolf from grid at 36, 7
Removed entity tree from grid at 16, 31
Removed entity tree from grid at 2, 19
Added entity house at 11, 0
Removed entity wolf from grid at 30, 14
Added entity house at 13, 36
Removed entity human from grid at 26, 28
Removed entity human from grid at 43, 1
Added entity human at 33, 31
Removed entity human from grid at 47, 3
Added entity human at 11, 6
Added entity tree at 32, 30
Added entity tree at 23, 13
Removed entity tree from grid at 1, 13
Added entity cow at 8, 30
Removed entity tree from grid at 27, 35
Removed entity tree from grid at 6, 5
Added entity human at 28, 13
Removed entity human from grid at 33, 28
Removed entity cow from grid at 0, 14
Removed entity cow from grid at 6, 16
Removed entity human from grid at 11, 28
Added entity house at 19, 19
Added entity house at 10, 29
Added entity human at 13, 37
Added entity wolf at 47, 10
Added entity human at 8, 38
Removed entity cow from grid at 5, 18
Added entity wolf at 23, 11
Added entity wolf at 15, 48
Removed entity naturereserve from grid at 19, 27
Removed entity naturereserve from grid at 13, 48
Removed entity naturereserve from grid at 18, 28
Removed entity cow from grid at 9, 26
Added entity tree at 8, 37
Added entity tree at 12, 36
Added entity tree at 27, 12
Removed entity human from grid at 16, 13
Added entity human at 16, 27
Removed entity cow from grid at 10, 36
Removed entity wolf from grid at 35, 2
Removed entity human from grid at 18, 15
Removed entity tree from grid at 16, 19
Removed entity wolf from grid at 33, 15
Added entity human at 21, 31
Removed entity human from grid at 47, 13
Removed entity human from grid at 47, 9
Added entity wolf at 24, 18
Added entity wolf at 13, 44
Added entity wolf at 12, 46
Added entity tree at 20, 30
Added entity human at 15, 28
Removed entity tree from grid at 23, 13
Added entity cow at 4, 39
Added entity cow at 5, 26
Added entity human at 24, 5
Added entity cow at 0, 11
Removed entity cow from grid at 9, 27
Removed entity human from grid at 28, 28
Removed entity cow from grid at 10, 32
Removed entity wolf from grid at 10, 48
Removed entity human from grid at 16, 11
Added entity house at 31, 45
Removed entity tree from grid at 28, 44
Added entity house at 15, 4
Added entity house at 9, 0
Removed entity tree from grid at 13, 4
Removed entity tree from grid at 12, 36
Added entity human at 30, 48
Removed entity human from grid at 28, 26
Removed entity human from grid at 18, 19
Added entity human at 9, 41
Added entity wolf at 47, 14
Added entity wolf at 48, 8
Removed entity naturereserve from grid at 11, 45
Removed entity naturereserve from grid at 14, 49
Removed entity naturereserve from grid at 32, 13
Removed entity human from grid at 9, 41
Removed entity human from grid at 6, 40
Removed entity wolf from grid at 27, 11
Added entity cow at 9, 31
Removed entity cow from grid at 7, 41
Added entity tree at 9, 2
Removed entity cow from grid at 9, 28
Removed entity wolf from grid at 37, 3
Added entity tree at 2, 11
Removed entity wolf from grid at 30, 3
Added entity tree at 48, 45
Added entity tree at 40, 48
Removed entity human from grid at 18, 20
Removed entity human from grid at 15, 20
Removed entity human from grid at 12, 37
Removed entity wolf from grid at 33, 12
Added entity human at 7, 41
Added entity human at 11, 20
Removed entity human from grid at 15, 18
Removed entity human from grid at 49, 13
Added entity wolf at 40, 9
Added entity cow at 10, 32
Added entity cow at 4, 27
Added entity cow at 5, 40
Removed entity human from grid at 23, 29
Added entity human at 27, 10
Added entity human at 11, 26
Added entity human at 12, 31
Removed entity wolf from grid at 45, 14
Removed entity human from grid at 29, 29
Removed entity tree from grid at 5, 21
Added entity human at 5, 19
Removed entity tree from grid at 7, 10
Removed entity berry from grid at 9, 29
Removed entity wolf from grid at 35, 8
Removed entity human from grid at 14, 40
Removed entity cow from grid at 10, 32
Added entity human at 16, 17
Removed entity tree from grid at 7, 36
Removed entity human from grid at 20, 19
Removed entity cow from grid at 3, 9
Added entity human at 46, 24
Removed entity human from grid at 22, 29
Added entity human at 10, 9
Added entity human at 9, 11
Added entity wolf at 38, 5
Added entity wolf at 19, 38
Removed entity naturereserve from grid at 38, 7
Removed entity human from grid at 30, 28
Added entity tree at 9, 10
Added entity tree at 10, 8
Added entity tree at 16, 16
Added entity human at 6, 18
Added entity cow at 6, 41
Added entity cow at 3, 28
Removed entity cow from grid at 9, 28
Removed entity tree from grid at 8, 37
Added entity house at 17, 11
Removed entity cow from grid at 10, 32
Removed entity tree from grid at 18, 5
Removed entity wolf from grid at 23, 23
Removed entity naturereserve from grid at 40, 18
Removed entity naturereserve from grid at 36, 10
Added entity cow at 2, 27
Added entity cow at 7, 42
Added entity tree at 5, 17
Added entity tree at 10, 10
Removed entity tree from grid at 10, 8
Added entity human at 13, 30
Added entity human at 14, 23
Removed entity tree from grid at 27, 12
Added entity cow at 1, 24
Removed entity human from grid at 5, 44
Removed entity tree from grid at 6, 22
Removed entity human from grid at 23, 28
Removed entity cow from grid at 9, 27
Removed entity wolf from grid at 15, 48
Removed entity human from grid at 13, 35
Removed entity human from grid at 14, 36
Removed entity wolf from grid at 33, 4
Removed entity human from grid at 6, 40
Added entity human at 23, 31
Added entity human at 17, 17
Added entity human at 30, 29
Added entity wolf at 23, 43
Added entity wolf at 35, 8
Added entity wolf at 45, 10
Removed entity human from grid at 44, 22
Added entity human at 13, 23
Added entity tree at 13, 22
Added entity tree at 18, 16
Added entity tree at 14, 22
Added entity human at 14, 31
Added entity cow at 8, 41
Removed entity tree from grid at 5, 17
Removed entity cow from grid at 3, 18
Added entity human at 28, 12
Removed entity human from grid at 30, 44
Added entity cow at 1, 12
Removed entity human from grid at 30, 39
Added entity house at 7, 11
Added entity human at 29, 4
Removed entity human from grid at 26, 30
Removed entity cow from grid at 4, 22
Removed entity wolf from grid at 15, 49
Removed entity tree from grid at 9, 2
Removed entity tree from grid at 16, 24
Added entity house at 14, 7
Added entity human at 11, 42
Added entity human at 26, 28
Added entity human at 9, 12
Added entity house at 17, 14
Added entity wolf at 39, 6
Added entity wolf at 19, 0
Added entity tree at 8, 11
Added entity tree at 25, 27
Removed entity human from grid at 11, 42
Added entity tree at 29, 3
Removed entity tree from grid at 13, 22
Removed entity human from grid at 22, 31
Removed entity tree from grid at 14, 22
Added entity cow at 3, 26
Removed entity cow from grid at 9, 32
Removed entity human from grid at 13, 5
Removed entity human from grid at 13, 3
Removed entity tree from grid at 15, 9
Removed entity tree from grid at 5, 22
Removed entity human from grid at 4, 46
Removed entity wolf from grid at 38, 0
Removed entity tree from grid at 15, 6
Removed entity human from grid at 13, 33
Removed entity human from grid at 18, 1
Added entity house at 5, 13
Removed entity human from grid at 41, 2
Added entity human at 6, 19
Added entity human at 25, 31
Added entity wolf at 12, 45
Added entity wolf at 37, 5
Removed entity naturereserve from grid at 31, 7
Removed entity naturereserve from grid at 40, 3
Removed entity naturereserve from grid at 29, 28
Added entity tree at 25, 30
Added entity tree at 5, 18
Added entity tree at 9, 11
Added entity tree at 25, 28
Added entity tree at 30, 3
Removed entity tree from grid at 5, 18
Removed entity cow from grid at 6, 25
Removed entity tree from grid at 21, 11
Removed entity human from grid at 26, 33
Removed entity wolf from grid at 47, 14
Removed entity human from grid at 28, 45
Removed entity wolf from grid at 20, 37
Added entity house at 0, 15
Removed entity human from grid at 15, 5
Removed entity human from grid at 26, 49
Added entity human at 11, 20
Removed entity tree from grid at 16, 16
Removed entity naturereserve from grid at 45, 11
Added entity tree at 26, 30
Added entity tree at 5, 18
Added entity tree at 10, 11
Removed entity tree from grid at 25, 28
Added entity human at 30, 9
Removed entity human from grid at 14, 5
Added entity house at 19, 21
Removed entity cow from grid at 9, 31
Removed entity cow from grid at 8, 27
Added entity human at 22, 27
Added entity human at 30, 22
Added entity house at 22, 33
Removed entity wolf from grid at 17, 49
Added entity house at 18, 24
Added entity house at 23, 17
Added entity human at 6, 38
Added entity wolf at 40, 2
Removed entity naturereserve from grid at 27, 48
Removed entity naturereserve from grid at 27, 18
Added entity tree at 5, 37
Removed entity tree from grid at 25, 30
Added entity cow at 0, 13
Added entity human at 11, 24
Removed entity wolf from grid at 23, 4
Removed entity cow from grid at 8, 30
Removed entity human from grid at 2, 44
Added entity house at 6, 22
Added entity human at 11, 32
Removed entity wolf from grid at 13, 47
Removed entity wolf from grid at 34, 10
Removed entity tree from grid at 2, 11
Removed entity human from grid at 42, 3
Added entity human at 3, 15
Added entity tree at 3, 14
Added entity tree at 10, 31
Added entity human at 19, 26
Added entity cow at 2, 27
Removed entity human from grid at 11, 32
Removed entity cow from grid at 9, 33
Added entity human at 5, 17
Removed entity tree from grid at 10, 31
Removed entity wolf from grid at 36, 5
Removed entity tree from grid at 20, 30
Removed entity human from grid at 21, 34
Added entity human at 16, 21
Added entity human at 12, 37
Removed entity wolf from grid at 38, 14
Removed entity cow from grid at 0, 10
Removed entity wolf from grid at 20, 40
Removed entity naturereserve from grid at 38, 2
Removed entity naturereserve from grid at 19, 24
Added entity tree at 12, 36
Added entity tree at 15, 20
Removed entity tree from grid at 5, 18
Removed entity tree from grid at 20, 27
Removed entity tree from grid at 3, 14
Removed entity human from grid at 28, 23
Added entity human at 29, 10
Added entity human at 6, 9
Removed entity tree from grid at 6, 32
Added entity house at 9, 21
Added entity human at 24, 12
Added entity human at 18, 21
Added entity human at 9, 41
Added entity wolf at 44, 1
Removed entity naturereserve from grid at 20, 44
Removed entity naturereserve from grid at 4, 49
Removed entity cow from grid at 9, 29
Added entity tree at 9, 40
Added entity tree at 19, 20
Added entity tree at 23, 11
Added entity tree at 6, 8
Removed entity cow from grid at 11, 37
Removed entity tree from grid at 15, 20
Added entity cow at 1, 26
Added entity cow at 1, 14
Added entity cow at 6, 43
Removed entity cow from grid at 7, 26
Removed entity cow from grid at 6, 21
Removed entity human from grid at 18, 21
Removed entity wolf from grid at 37, 8
Added entity house at 12, 30
Removed entity wolf from grid at 37, 6
Removed entity wolf from grid at 49, 15
Removed entity cow from grid at 9, 44
Added entity human at 32, 25
Added entity human at 10, 39
Added entity wolf at 23, 12
Added entity tree at 10, 38
Added entity cow at 7, 44
Added entity cow at 2, 13
Added entity human at 5, 19
Removed entity cow from grid at 4, 13
Removed entity cow from grid at 8, 28
Removed entity wolf from grid at 34, 10
Added entity human at 38, 28
Removed entity tree from grid at 12, 36
Removed entity human from grid at 18, 11
Added entity house at 14, 38
Removed entity human from grid at 18, 23
Removed entity tree from grid at 18, 16
Added entity human at 26, 26
Added entity wolf at 44, 1
Removed entity naturereserve from grid at 41, 9
Removed entity naturereserve from grid at 34, 11
Added entity tree at 25, 25
Added entity tree at 37, 27
Removed entity tree from grid at 6, 8
Removed entity human from grid at 5, 38
Removed entity wolf from grid at 25, 12
Added entity cow at 2, 23
Added entity human at 21, 30
Removed entity tree from grid at 13, 21
Added entity human at 32, 25
Added entity house at 16, 9
Added entity human at 24, 47
Added entity human at 16, 25
Added entity human at 26, 45
Removed entity human from grid at 42, 4
Added entity wolf at 26, 3
Added entity tree at 16, 24
Removed entity human from grid at 24, 47
Added entity tree at 31, 24
Added entity human at 22, 29
Removed entity tree from grid at 38, 29
Added entity cow at 3, 12
Removed entity cow from grid at 8, 38
Added entity human at 22, 13
Added entity human at 13, 23
Added entity human at 9, 31
Added entity house at 10, 31
Removed entity tree from grid at 19, 20
Removed entity tree from grid at 14, 20
Added entity house at 8, 47
Removed entity tree from grid at 17, 7
Added entity house at 19, 12
Added entity house at 17, 0
Removed entity wolf from grid at 37, 6
Added entity house at 27, 43
Added entity house at 24, 24
Removed entity naturereserve from grid at 38, 4
Removed entity naturereserve from grid at 19, 37
Removed entity naturereserve from grid at 45, 0
Added entity tree at 9, 30
Added entity tree at 13, 22
Added entity tree at 21, 13
Added entity cow at 4, 13
Added entity tree at 21, 28
Added entity cow at 6, 45
Removed entity cow from grid at 6, 21
Added entity human at 38, 11
Removed entity cow from grid at 7, 31
Removed entity tree from grid at 9, 30
Added entity berry at 29, 36
Removed entity tree from grid at 10, 38
Added entity house at 14, 26
Added entity house at 11, 18
Added entity house at 8, 32
Removed entity tree from grid at 9, 11
Removed entity tree from grid at 21, 13
Removed entity wolf from grid at 36, 7
Removed entity naturereserve from grid at 45, 7
Removed entity naturereserve from grid at 28, 16
Added entity tree at 38, 10
Added entity cow at 5, 46
Added entity cow at 5, 12
Added entity tree at 9, 30
Added entity tree at 12, 23
Added entity tree at 21, 12
Added entity human at 23, 28
Added entity human at 4, 20
Removed entity human from grid at 7, 42
New Faction PINK_278 registered with traits: {
  moveSpeed: [33m0.90235717400369[39m,
  hungerRate: [33m0.9009969060411644[39m,
  visionRadius: [33m0.9014459374924679[39m,
  aggression: [33m0.9716164673868384[39m
}
Societal Split! BLUE -> PINK_278 (Threshold: 6)
Added entity human at 9, 17
Removed entity human from grid at 9, 33
Removed entity tree from grid at 9, 40
Removed entity wolf from grid at 15, 49
Added entity human at 30, 40
Added entity wolf at 14, 46
Removed entity naturereserve from grid at 35, 7
Removed entity naturereserve from grid at 32, 1
Added entity tree at 8, 16
Added entity human at 3, 21
Added entity cow at 4, 47
Removed entity wolf from grid at 39, 11
Added entity cow at 3, 22
Removed entity human from grid at 30, 28
Removed entity cow from grid at 5, 18
Added entity human at 23, 6
Removed entity human from grid at 3, 39
Added entity house at 25, 45
Removed entity wolf from grid at 13, 49
Removed entity human from grid at 17, 1
Removed entity naturereserve from grid at 24, 13
Added entity human at 22, 5
Removed entity tree from grid at 8, 16
Added entity house at 7, 36
Removed entity human from grid at 21, 25
Removed entity cow from grid at 9, 28
Removed entity wolf from grid at 39, 16
Removed entity human from grid at 11, 31
Removed entity human from grid at 7, 33
Removed entity wolf from grid at 40, 7
Added entity human at 42, 35
Added entity wolf at 42, 8
Added entity wolf at 40, 4
Added entity wolf at 32, 3
Removed entity naturereserve from grid at 20, 0
Added entity tree at 21, 4
Added entity cow at 4, 23
Added entity cow at 3, 46
Added entity human at 2, 20
Removed entity tree from grid at 9, 30
Added entity human at 10, 24
Added entity human at 22, 15
Added entity human at 15, 25
Removed entity wolf from grid at 36, 6
Removed entity human from grid at 7, 33
Added entity house at 15, 37
Added entity human at 28, 22
Removed entity human from grid at 6, 43
Added entity human at 19, 17
Removed entity cow from grid at 6, 31
Added entity tree at 14, 24
Added entity human at 21, 16
Added entity human at 3, 19
Added entity human at 23, 6
Removed entity cow from grid at 3, 22
Removed entity tree from grid at 24, 28
Removed entity wolf from grid at 38, 14
Added entity human at 10, 30
Added entity house at 13, 28
Removed entity cow from grid at 6, 31
Added entity house at 22, 25
Removed entity cow from grid at 9, 33
Removed entity human from grid at 30, 29
Removed entity tree from grid at 12, 23
Removed entity human from grid at 9, 40
Added entity human at 21, 15
Added entity house at 21, 10
Added entity house at 15, 36
Added entity human at 26, 33
Removed entity wolf from grid at 38, 7
Added entity human at 11, 44
Added entity human at 11, 41
Added entity human at 30, 33
Removed entity tree from grid at 25, 27
Added entity wolf at 35, 8
Added entity tree at 11, 40
Added entity tree at 11, 43
Added entity tree at 25, 32
Removed entity tree from grid at 16, 24
Removed entity cow from grid at 1, 20
Added entity human at 10, 20
Removed entity wolf from grid at 36, 14
Removed entity cow from grid at 9, 28
Added entity house at 41, 33
Removed entity cow from grid at 3, 16
Added entity house at 12, 26
Removed entity tree from grid at 14, 24
Removed entity wolf from grid at 34, 6
Removed entity cow from grid at 10, 46
Removed entity human from grid at 21, 9
Added entity house at 4, 7
Added entity human at 31, 44
Added entity tree at 32, 43
Added entity tree at 11, 19
Removed entity human from grid at 10, 28
New Faction PINK_473 registered with traits: {
  moveSpeed: [33m1.027447460244162[39m,
  hungerRate: [33m1.0516020797651242[39m,
  visionRadius: [33m1.0209640260757833[39m,
  aggression: [33m1.0031306472463033[39m
}
Societal Split! BLUE -> PINK_473 (Threshold: 6)
Added entity human at 10, 28
Added entity cow at 4, 47
Removed entity cow from grid at 3, 22
Added entity cow at 4, 11
Removed entity cow from grid at 9, 29
Removed entity human from grid at 42, 31
Removed entity wolf from grid at 26, 3
Removed entity human from grid at 12, 28
Removed entity human from grid at 7, 35
Removed entity human from grid at 6, 35
Removed entity cow from grid at 4, 23
Removed entity wolf from grid at 31, 1
Removed entity cow from grid at 8, 27
Added entity house at 4, 31
Removed entity naturereserve from grid at 31, 3
Added entity cow at 5, 10
Removed entity tree from grid at 31, 43
Removed entity human from grid at 10, 42
Added entity human at 26, 3
Added entity human at 16, 24
Removed entity cow from grid at 8, 27
Removed entity wolf from grid at 35, 13
Removed entity cow from grid at 5, 33
Removed entity tree from grid at 21, 28
Removed entity human from grid at 9, 29
Removed entity human from grid at 4, 38
Removed entity human from grid at 29, 29
Removed entity naturereserve from grid at 11, 47
Added entity tree at 15, 23
Added entity tree at 10, 26
Removed entity tree from grid at 11, 19
Removed entity tree from grid at 11, 43
Removed entity tree from grid at 10, 26
Added entity human at 23, 27
Removed entity cow from grid at 7, 28
Removed entity cow from grid at 8, 29
Removed entity tree from grid at 15, 23
Removed entity human from grid at 5, 33
Removed entity cow from grid at 7, 7
Removed entity tree from grid at 6, 4
Removed entity naturereserve from grid at 39, 5
Added entity tree at 22, 26
Added entity tree at 15, 23
Added entity cow at 5, 48
Added entity tree at 11, 26
Added entity tree at 32, 41
Added entity tree at 9, 19
Removed entity tree from grid at 9, 19
Removed entity tree from grid at 21, 12
Removed entity human from grid at 10, 26
Removed entity tree from grid at 13, 22
Added entity human at 13, 2
Removed entity cow from grid at 4, 34
Removed entity human from grid at 44, 16
Removed entity tree from grid at 32, 43
Removed entity naturereserve from grid at 34, 2
Added entity tree at 12, 1
Added entity cow at 6, 49
Added entity tree at 23, 26
Added entity tree at 16, 23
Added entity tree at 10, 27
Added entity human at 34, 41
Removed entity tree from grid at 10, 27
Removed entity human from grid at 2, 44
Removed entity tree from grid at 11, 26
Removed entity tree from grid at 15, 23
Removed entity wolf from grid at 3, 42
New Faction PURPLE_531 registered with traits: {
  moveSpeed: [33m0.9646846716224009[39m,
  hungerRate: [33m1.0406997068584405[39m,
  visionRadius: [33m0.9765527612701037[39m,
  aggression: [33m1.023416168253558[39m
}
Societal Split! BLUE -> PURPLE_531 (Threshold: 6)
Removed entity cow from grid at 5, 10
Removed entity tree from grid at 11, 40
Added entity human at 9, 32
Added entity human at 12, 11
Added entity human at 3, 20
Added entity wolf at 44, 5
Removed entity naturereserve from grid at 35, 9
Added entity tree at 2, 19
Added entity tree at 12, 10
Added entity tree at 8, 31
Added entity tree at 33, 40
Added entity cow at 7, 48
Added entity human at 12, 3
Added entity human at 24, 26
Removed entity tree from grid at 16, 23
Removed entity tree from grid at 28, 1
Added entity human at 7, 19
New Faction INDIGO_540 registered with traits: {
  moveSpeed: [33m1.012776154914933[39m,
  hungerRate: [33m1.0379620472458178[39m,
  visionRadius: [33m0.9944395147427629[39m,
  aggression: [33m1.009547835989476[39m
}
Societal Split! BLUE -> INDIGO_540 (Threshold: 6)
Removed entity wolf from grid at 42, 15
Added entity human at 44, 22
Added entity human at 6, 34
Added entity human at 46, 42
Removed entity naturereserve from grid at 34, 0
Removed entity naturereserve from grid at 41, 8
Removed entity naturereserve from grid at 22, 12
Added entity tree at 7, 33
Removed entity human from grid at 44, 22
Added entity tree at 6, 18
Removed entity tree from grid at 23, 26
Added entity human at 13, 4
Removed entity tree from grid at 2, 19
Removed entity tree from grid at 8, 31
Removed entity tree from grid at 33, 40
Added entity human at 11, 19
Removed entity cow from grid at 6, 28
Removed entity tree from grid at 8, 11
Removed entity human from grid at 8, 28
Removed entity cow from grid at 6, 20
Added entity cow at 2, 27
Added entity house at 21, 8
Added entity human at 28, 22
Removed entity tree from grid at 6, 37
Added entity human at 12, 35
Added entity wolf at 36, 13
Removed entity naturereserve from grid at 22, 43
New Faction PINK_157 registered with traits: {
  moveSpeed: [33m0.9284867338565996[39m,
  hungerRate: [33m1.046325939092283[39m,
  visionRadius: [33m0.9039772415699439[39m,
  aggression: [33m1.0452366836122131[39m
}
Societal Split! BLUE -> PINK_157 (Threshold: 6)
Added entity tree at 11, 34
Added entity tree at 10, 18
Added entity tree at 13, 3
Added entity tree at 6, 33
Added entity tree at 8, 18
Added entity tree at 24, 25
Removed entity human from grid at 9, 31
Added entity human at 33, 40
Added entity house at 6, 41
Removed entity human from grid at 6, 34
Removed entity human from grid at 21, 28
Removed entity human from grid at 23, 10
Added entity human at 27, 37
Removed entity human from grid at 26, 23
Removed entity tree from grid at 10, 18
Removed entity tree from grid at 6, 18
Added entity human at 23, 25
Added entity cow at 8, 49
Removed entity human from grid at 3, 34
Removed entity human from grid at 6, 25
Removed entity cow from grid at 6, 36
Removed entity human from grid at 3, 39
Removed entity human from grid at 24, 27
Removed entity wolf from grid at 42, 16
Removed entity human from grid at 5, 38
Removed entity cow from grid at 9, 41
Added entity house at 0, 0
Added entity human at 9, 41
Added entity human at 23, 33
Removed entity naturereserve from grid at 11, 49
Added entity tree at 22, 32
Added entity tree at 9, 40
Added entity cow at 9, 48
Removed entity tree from grid at 33, 38
Added entity human at 6, 18
Added entity human at 30, 6
Removed entity cow from grid at 4, 33
Removed entity cow from grid at 6, 25
Removed entity human from grid at 13, 30
Removed entity cow from grid at 4, 37
Removed entity tree from grid at 11, 34
Removed entity cow from grid at 6, 38
Added entity house at 35, 45
Added entity human at 7, 47
Added entity human at 8, 48
Added entity human at 12, 42
Removed entity naturereserve from grid at 13, 45
Added entity tree at 11, 41
Added entity tree at 9, 47
Added entity human at 5, 17
Added entity cow at 10, 47
Removed entity tree from grid at 9, 40
Added entity human at 33, 38
Added entity cow at 1, 26
Removed entity tree from grid at 5, 37
Removed entity tree from grid at 11, 41
Removed entity human from grid at 12, 32
Removed entity tree from grid at 9, 10
Added entity human at 16, 19
Added entity wolf at 36, 11
Removed entity human from grid at 28, 25
Added entity tree at 15, 18
Added entity tree at 32, 37
Added entity cow at 11, 48
Added entity tree at 5, 16
Added entity tree at 11, 41
Added entity human at 28, 5
Removed entity human from grid at 6, 36
Removed entity cow from grid at 6, 21
Removed entity cow from grid at 4, 23
New Faction PINK_817 registered with traits: {
  moveSpeed: [33m0.9391286083383855[39m,
  hungerRate: [33m1.0536049164612102[39m,
  visionRadius: [33m0.9854520227674521[39m,
  aggression: [33m0.9810748530767881[39m
}
Societal Split! BLUE -> PINK_817 (Threshold: 6)
Removed entity cow from grid at 11, 34
Added entity house at 17, 32
Added entity human at 8, 8
Added entity human at 26, 33
Added entity human at 23, 7
Removed entity naturereserve from grid at 37, 1
Added entity human at 7, 7
Removed entity tree from grid at 24, 25
Removed entity cow from grid at 8, 35
Removed entity cow from grid at 8, 33
Added entity human at 25, 17
Removed entity cow from grid at 6, 27
Added entity house at 12, 32
Removed entity human from grid at 13, 33
Added entity tree at 9, 12
Removed entity human from grid at 2, 41
Removed entity tree from grid at 10, 10
Removed entity wolf from grid at 43, 13
Added entity house at 16, 6
Removed entity cow from grid at 6, 24
Added entity human at 13, 23
Removed entity naturereserve from grid at 43, 4
Added entity tree at 13, 22
Added entity cow at 12, 49
Removed entity tree from grid at 35, 36
Added entity house at 11, 46
Added entity human at 24, 25
Removed entity human from grid at 6, 36
Added entity human at 9, 26
Removed entity tree from grid at 14, 6
Removed entity human from grid at 9, 31
Removed entity human from grid at 9, 32
Removed entity cow from grid at 0, 41
Added entity human at 38, 30
Removed entity human from grid at 39, 2
Removed entity naturereserve from grid at 48, 7
Added entity tree at 37, 29
Added entity tree at 8, 25
Removed entity tree from grid at 25, 25
Added entity cow at 13, 48
Removed entity human from grid at 11, 47
Removed entity cow from grid at 6, 34
Removed entity cow from grid at 7, 32
Removed entity tree from grid at 7, 33
Removed entity human from grid at 9, 41
Added entity tree at 39, 29
Added entity tree at 9, 25
Added entity house at 11, 24
Added entity human at 33, 38
Removed entity cow from grid at 2, 19
Removed entity human from grid at 8, 36
Removed entity wolf from grid at 38, 2
Removed entity cow from grid at 8, 37
Removed entity tree from grid at 40, 44
Added entity human at 30, 28
Added entity human at 14, 39
Removed entity naturereserve from grid at 33, 1
Added entity cow at 14, 47
Added entity cow at 2, 25
Added entity human at 25, 35
Added entity human at 18, 15
Removed entity human from grid at 24, 16
Added entity human at 25, 26
Added entity human at 27, 26
Added entity wolf at 28, 3
Removed entity naturereserve from grid at 33, 11
Removed entity naturereserve from grid at 19, 34
Removed entity naturereserve from grid at 19, 48
Removed entity naturereserve from grid at 18, 27
Added entity tree at 27, 24
Added entity cow at 15, 48
Removed entity human from grid at 31, 25
Added entity human at 9, 26
Removed entity human from grid at 23, 25
Removed entity tree from grid at 13, 22
Removed entity human from grid at 25, 16
Removed entity human from grid at 23, 7
Removed entity tree from grid at 5, 16
Removed entity cow from grid at 9, 29
Added entity house at 1, 43
Removed entity cow from grid at 9, 42
Added entity human at 7, 46
Added entity human at 18, 14
Removed entity naturereserve from grid at 24, 39
Removed entity naturereserve from grid at 22, 40
Removed entity naturereserve from grid at 16, 29
Added entity tree at 18, 13
Added entity tree at 6, 45
Removed entity tree from grid at 9, 25
Added entity cow at 16, 47
Removed entity human from grid at 21, 16
Added entity human at 35, 41
Added entity human at 7, 7
Removed entity tree from grid at 26, 2
Added entity human at 25, 30
Removed entity cow from grid at 8, 38
Removed entity cow from grid at 11, 21
Added entity house at 0, 43
Removed entity tree from grid at 6, 33
Added entity house at 47, 25
Removed entity tree from grid at 20, 7
Removed entity naturereserve from grid at 37, 12
Removed entity naturereserve from grid at 45, 1
Removed entity naturereserve from grid at 25, 19
Final population: 788

 [32m✓[39m src/engine/LongRun.test.js [2m([22m[2m1 test[22m[2m)[22m[33m 10859[2mms[22m[39m
     [33m[2m✓[22m[39m should run for 1000 ticks without crashing or exploding [33m 10856[2mms[22m[39m

[31m⎯⎯⎯⎯⎯⎯⎯[39m[1m[41m Failed Tests 1 [49m[22m[31m⎯⎯⎯⎯⎯⎯⎯[39m

[41m[1m FAIL [22m[49m src/engine/StatsDrift.test.js[2m > [22mStats Drift[2m > [22mHuman count should decrease when House containing Human is destroyed
[31m[1mAssertionError[22m: expected null not to be null[39m
[36m [2m❯[22m src/engine/StatsDrift.test.js:[2m46:39[22m[39m
    [90m 44| [39m        [90m// So count should be 1, and human should be on grid.[39m
    [90m 45| [39m        [34mexpect[39m(world[33m.[39mentityCounts[33m.[39mhuman)[33m.[39m[34mtoBe[39m([34m1[39m)[33m;[39m
    [90m 46| [39m        [34mexpect[39m(world[33m.[39m[34mgetAt[39m([34m0[39m[33m,[39m [34m0[39m))[33m.[39mnot[33m.[39m[34mtoBeNull[39m()[33m;[39m
    [90m   | [39m                                      [31m^[39m
    [90m 47| [39m        [34mexpect[39m(world[33m.[39m[34mgetAt[39m([34m0[39m[33m,[39m [34m0[39m)[33m.[39mtype)[33m.[39m[34mtoBe[39m([32m'human'[39m)[33m;[39m
    [90m 48| [39m    })[33m;[39m

[31m[2m⎯⎯⎯⎯⎯⎯⎯⎯⎯⎯⎯⎯⎯⎯⎯⎯⎯⎯⎯⎯⎯⎯⎯⎯[1/1]⎯[22m[39m


[2m Test Files [22m [1m[31m1 failed[39m[22m[2m | [22m[1m[32m1 passed[39m[22m[90m (2)[39m
[2m      Tests [22m [1m[31m1 failed[39m[22m[2m | [22m[1m[32m3 passed[39m[22m[90m (4)[39m
[2m   Start at [22m 21:06:23
[2m   Duration [22m 12.65s

[1m[41m FAIL [49m[22m [31mTests failed. Watching for file changes...[39m
       [2mpress [22m[1mh[22m[2m to show help[22m[2m, [22m[2mpress [22m[1mq[22m[2m to quit[22m
c[3J[1m[44m RERUN [49m[22m [34m[2msrc/engine/World.js [22m[39m
       [2m Filename pattern: [22m[34msrc/engine/StatsDrift.test.js, run[39m

[90mstdout[2m | src/engine/StatsDrift.test.js[2m > [22m[2mStats Drift[2m > [22m[2mHuman count should decrease when House containing Human is destroyed
[22m[39mAdded entity human at 0, 0
Added entity house at 0, 1
Removed entity human from grid at 0, 0
House dying at 0, 1. Occupants: 1
Checking -1, 0: null
Checking -1, 1: null
Checking -1, 2: null
Checking 0, 0: null
Added entity human at 0, 0
Ejected to 0, 0
Removed entity house from grid at 0, 1

[90mstdout[2m | src/engine/StatsDrift.test.js[2m > [22m[2mStats Drift[2m > [22m[2mHuman count should decrease if House is destroyed and occupant cannot be ejected
[22m[39mAdded entity human at 5, 5
Added entity house at 5, 5
Added entity house at 4, 4
Added entity house at 5, 4
Added entity house at 6, 4
Added entity house at 4, 5
Added entity house at 6, 5
Added entity house at 4, 6
Added entity house at 5, 6
Added entity house at 6, 6
House dying at 5, 5. Occupants: 1
Checking 4, 4: [object Object]
Checking 4, 5: [object Object]
Checking 4, 6: [object Object]
Checking 5, 4: [object Object]
Checking 5, 6: [object Object]
Checking 6, 4: [object Object]
Checking 6, 5: [object Object]
Checking 6, 6: [object Object]
Failed to eject
Removed entity house from grid at 5, 5

 [31m❯[39m src/engine/StatsDrift.test.js [2m([22m[2m3 tests[22m[2m | [22m[31m1 failed[39m[2m)[22m[32m 34[2mms[22m[39m
[31m     [31m×[31m Human count should decrease when House containing Human is destroyed[39m[32m 28[2mms[22m[39m
     [32m✓[39m Human count should decrease if House is destroyed and occupant cannot be ejected[32m 3[2mms[22m[39m
     [32m✓[39m Recalculate stats should correct any drift[32m 1[2mms[22m[39m
[90mstdout[2m | src/engine/LongRun.test.js[2m > [22m[2mLong Run Stability[2m > [22m[2mshould run for 1000 ticks without crashing or exploding
[22m[39mAdded entity human at 26, 10
Added entity human at 23, 46
Added entity human at 12, 4
Added entity human at 13, 4
Added entity human at 48, 0
Added entity human at 2, 42
Added entity human at 15, 16
Added entity human at 33, 30
Added entity human at 35, 47
Added entity human at 39, 5
Added entity human at 28, 36
Added entity human at 5, 6
Added entity human at 29, 11
Added entity human at 21, 3
Added entity human at 44, 22
Added entity human at 26, 31
Added entity human at 30, 49
Added entity human at 43, 34
Added entity human at 6, 41
Added entity human at 27, 35
Added entity human at 15, 46
Added entity human at 13, 46
Added entity human at 5, 47
Added entity human at 19, 28
Added entity human at 5, 36
Added entity human at 11, 40
Added entity human at 41, 0
Added entity human at 35, 1
Added entity human at 26, 45
Added entity human at 20, 21
Added entity human at 7, 40
Added entity human at 15, 3
Added entity human at 40, 5
Added entity human at 19, 29
Added entity human at 42, 23
Added entity human at 17, 45
Added entity human at 49, 13
Added entity human at 16, 9
Added entity human at 35, 23
Added entity human at 44, 37
Added entity human at 31, 37
Added entity human at 6, 33
Added entity human at 40, 16
Added entity human at 5, 34
Added entity human at 31, 3
Added entity human at 21, 5
Added entity human at 11, 33
Added entity human at 44, 16
Added entity human at 1, 37
Added entity human at 38, 31
Added entity wolf at 21, 33
Added entity wolf at 19, 47
Added entity wolf at 47, 32
Added entity wolf at 46, 7
Added entity wolf at 41, 7
Added entity wolf at 45, 49
Added entity wolf at 6, 5
Added entity wolf at 15, 32
Added entity wolf at 18, 5
Added entity wolf at 21, 24
Added entity wolf at 17, 2
Added entity wolf at 5, 7
Added entity wolf at 37, 31
Added entity wolf at 41, 11
Added entity wolf at 14, 17
Added entity wolf at 48, 40
Added entity wolf at 3, 45
Added entity wolf at 27, 23
Added entity wolf at 49, 25
Added entity wolf at 37, 24
Added entity wolf at 21, 44
Added entity wolf at 37, 9
Added entity wolf at 3, 44
Added entity wolf at 30, 16
Added entity wolf at 13, 33
Added entity wolf at 4, 48
Added entity wolf at 0, 1
Added entity wolf at 6, 12
Added entity wolf at 5, 7
Added entity wolf at 15, 43
Added entity wolf at 5, 10
Added entity wolf at 38, 11
Added entity wolf at 9, 13
Added entity wolf at 22, 49
Added entity wolf at 17, 15
Added entity wolf at 29, 43
Added entity wolf at 34, 44
Added entity wolf at 2, 20
Added entity wolf at 8, 3
Added entity wolf at 18, 27
Added entity wolf at 4, 14
Added entity wolf at 23, 45
Added entity wolf at 20, 47
Added entity wolf at 37, 7
Added entity wolf at 42, 8
Added entity wolf at 17, 27
Added entity wolf at 15, 3
Added entity wolf at 30, 37
Added entity wolf at 26, 14
Added entity wolf at 36, 17
Added entity cow at 18, 41
Added entity cow at 18, 6
Added entity cow at 35, 30
Added entity cow at 1, 30
Added entity cow at 48, 0
Added entity cow at 19, 25
Added entity cow at 19, 48
Added entity cow at 40, 5
Added entity cow at 42, 25
Added entity cow at 8, 36
Added entity cow at 20, 7
Added entity cow at 47, 13
Added entity cow at 34, 49
Added entity cow at 27, 19
Added entity cow at 8, 6
Added entity cow at 48, 49
Added entity cow at 48, 19
Added entity cow at 9, 24
Added entity cow at 45, 24
Added entity cow at 21, 2
Added entity cow at 16, 14
Added entity cow at 21, 46
Added entity cow at 14, 4
Added entity cow at 46, 26
Added entity cow at 1, 11
Added entity cow at 34, 40
Added entity cow at 20, 22
Added entity cow at 34, 47
Added entity cow at 6, 23
Added entity cow at 22, 11
Added entity cow at 48, 21
Added entity cow at 18, 10
Added entity cow at 43, 14
Added entity cow at 12, 12
Added entity cow at 48, 45
Added entity cow at 29, 33
Added entity cow at 16, 0
Added entity cow at 36, 11
Added entity cow at 31, 8
Added entity cow at 33, 10
Added entity cow at 42, 6
Added entity cow at 35, 19
Added entity cow at 25, 21
Added entity cow at 0, 38
Added entity cow at 1, 18
Added entity cow at 12, 0
Added entity cow at 24, 2
Added entity cow at 14, 7
Added entity cow at 8, 15
Added entity cow at 45, 3
Added entity tree at 3, 20
Added entity tree at 7, 22
Added entity tree at 23, 35
Added entity tree at 48, 2
Added entity tree at 42, 24
Added entity tree at 0, 4
Added entity tree at 17, 32
Added entity tree at 28, 17
Added entity tree at 5, 36
Added entity tree at 38, 6
Added entity tree at 19, 13
Added entity tree at 7, 34
Added entity tree at 43, 29
Added entity tree at 1, 32
Added entity tree at 32, 23
Added entity tree at 48, 14
Added entity tree at 42, 15
Added entity tree at 13, 46
Added entity tree at 9, 13
Added entity tree at 7, 48
Added entity tree at 46, 20
Added entity tree at 28, 46
Added entity tree at 28, 16
Added entity tree at 2, 32
Added entity tree at 46, 40
Added entity tree at 38, 2
Added entity tree at 12, 49
Added entity tree at 19, 29
Added entity tree at 48, 39
Added entity tree at 0, 0
Added entity tree at 6, 42
Added entity tree at 8, 24
Added entity tree at 11, 20
Added entity tree at 8, 10
Added entity tree at 31, 3
Added entity tree at 8, 34
Added entity tree at 33, 8
Added entity tree at 22, 10
Added entity tree at 45, 13
Added entity tree at 14, 47
Added entity tree at 22, 13
Added entity tree at 26, 27
Added entity tree at 38, 13
Added entity tree at 0, 4
Added entity tree at 49, 2
Added entity tree at 46, 19
Added entity tree at 24, 16
Added entity tree at 27, 10
Added entity tree at 43, 47
Added entity tree at 25, 13
Added entity berry at 18, 15
Added entity berry at 12, 25
Added entity berry at 23, 48
Added entity berry at 48, 31
Added entity berry at 28, 27
Added entity berry at 30, 36
Added entity berry at 41, 24
Added entity berry at 25, 8
Added entity berry at 40, 2
Added entity berry at 20, 36
Added entity berry at 19, 9
Added entity berry at 44, 43
Added entity berry at 11, 29
Added entity berry at 24, 4
Added entity berry at 6, 48
Added entity berry at 32, 0
Added entity berry at 39, 19
Added entity berry at 9, 30
Added entity berry at 20, 18
Added entity berry at 22, 10
Added entity water at 21, 12
Added entity water at 34, 6
Added entity water at 24, 33
Added entity water at 49, 38
Added entity water at 27, 43
Added entity water at 29, 35
Added entity water at 30, 47
Added entity water at 14, 47
Added entity water at 9, 8
Added entity water at 44, 25
Added entity cow at 32, 7
Cow Endangered Reproduction!
Removed entity berry from grid at 19, 9
Added entity cow at 49, 20
Cow Endangered Reproduction!
Added entity cow at 26, 18
Cow Endangered Reproduction!
Added entity cow at 41, 6
Cow Endangered Reproduction!
Added entity cow at 19, 5
Cow Endangered Reproduction!
Removed entity wolf from grid at 15, 4
Added entity naturereserve at 14, 46
Human Pip built Nature Reserve for COW
Removed entity wolf from grid at 3, 43
Removed entity wolf from grid at 24, 47
Added entity cow at 20, 6
Cow Endangered Reproduction!
Added entity cow at 25, 19
Cow Endangered Reproduction!
Added entity cow at 47, 3
Cow Endangered Reproduction!
Added entity cow at 15, 7
Cow Endangered Reproduction!
Added entity cow at 24, 3
Cow Endangered Reproduction!
Added entity cow at 42, 6
Cow Endangered Reproduction!
Added entity cow at 33, 10
Cow Endangered Reproduction!
Added entity cow at 14, 1
Cow Endangered Reproduction!
Added entity cow at 49, 19
Cow Endangered Reproduction!
Added entity cow at 20, 9
Cow Endangered Reproduction!
Added entity cow at 33, 49
Cow Endangered Reproduction!
Added entity cow at 20, 22
Cow Endangered Reproduction!
Added entity cow at 44, 26
Cow Endangered Reproduction!
Added entity cow at 15, 4
Cow Endangered Reproduction!
Added entity cow at 23, 1
Cow Endangered Reproduction!
Added entity cow at 46, 23
Cow Endangered Reproduction!
Added entity cow at 47, 49
Cow Endangered Reproduction!
Added entity cow at 33, 48
Cow Endangered Reproduction!
Added entity cow at 20, 5
Cow Endangered Reproduction!
Added entity cow at 20, 25
Cow Endangered Reproduction!
Added entity cow at 46, 0
Cow Endangered Reproduction!
Removed entity wolf from grid at 12, 31
Removed entity wolf from grid at 16, 4
Removed entity wolf from grid at 17, 27
Removed entity wolf from grid at 5, 47
Added entity naturereserve at 45, 32
Human Hank built Nature Reserve for COW
Removed entity wolf from grid at 5, 6
Removed entity wolf from grid at 38, 5
Removed entity wolf from grid at 24, 45
Added entity cow at 45, 1
Cow Endangered Reproduction!
Added entity cow at 21, 24
Cow Endangered Reproduction!
Added entity cow at 34, 47
Cow Endangered Reproduction!
Added entity cow at 47, 24
Cow Endangered Reproduction!
Added entity cow at 24, 0
Added entity cow at 16, 3
Added entity cow at 21, 23
Added entity cow at 21, 8
Added entity cow at 13, 2
Added entity cow at 34, 9
Added entity cow at 43, 5
Added entity cow at 23, 4
Added entity cow at 16, 6
Added entity cow at 21, 5
Added entity cow at 40, 5
Added entity cow at 8, 13
Added entity cow at 33, 11
Added entity cow at 49, 46
Added entity cow at 11, 13
Added entity cow at 21, 11
Added entity cow at 20, 49
Added entity cow at 32, 32
Added entity tree at 2, 38
Added entity tree at 11, 31
Added entity tree at 28, 4
Added entity tree at 6, 31
Added entity tree at 5, 32
Added entity tree at 45, 38
Added entity tree at 36, 21
Added entity tree at 15, 8
Added entity tree at 18, 44
Added entity tree at 39, 21
Added entity tree at 18, 29
Added entity tree at 39, 6
Added entity tree at 14, 2
Added entity tree at 4, 39
Added entity tree at 19, 22
Added entity tree at 36, 2
Added entity tree at 8, 32
Added entity tree at 17, 26
Added entity tree at 4, 47
Removed entity wolf from grid at 15, 43
Added entity tree at 13, 44
Added entity tree at 26, 32
Added entity tree at 43, 32
Added entity tree at 26, 12
Added entity tree at 38, 3
Added entity tree at 33, 44
Removed entity wolf from grid at 37, 32
Added entity tree at 1, 42
Added entity tree at 16, 4
Added entity tree at 23, 45
Added entity tree at 27, 11
Added entity cow at 31, 31
Added entity cow at 10, 12
Added entity cow at 9, 12
Added entity cow at 44, 6
Added entity cow at 14, 3
Added entity cow at 22, 24
Added entity cow at 48, 25
Added entity cow at 35, 48
Added entity cow at 44, 0
Added entity cow at 21, 4
Added entity cow at 45, 27
Removed entity berry from grid at 24, 4
Added entity cow at 24, 20
Added entity cow at 48, 21
Added entity cow at 2, 16
Added entity cow at 31, 32
Added entity cow at 0, 15
Added entity cow at 19, 46
Added entity cow at 42, 26
Added entity cow at 18, 45
Added entity cow at 47, 22
Added entity cow at 23, 21
Added entity cow at 20, 3
Added entity cow at 36, 49
Added entity cow at 49, 24
Added entity cow at 13, 4
Added entity cow at 45, 5
Added entity cow at 10, 11
Added entity cow at 30, 32
Added entity cow at 22, 12
Added entity cow at 32, 12
Added entity cow at 39, 4
Added entity cow at 15, 7
Added entity cow at 35, 8
Added entity cow at 22, 7
Added entity cow at 17, 4
Added entity cow at 20, 25
Added entity cow at 47, 49
Added entity cow at 34, 48
Added entity cow at 48, 20
Added entity cow at 46, 4
Added entity tree at 42, 7
Added entity cow at 30, 9
Added entity cow at 1, 34
Added entity cow at 11, 14
Removed entity cow from grid at 17, 4
Removed entity wolf from grid at 38, 22
Removed entity wolf from grid at 15, 42
Removed entity wolf from grid at 38, 9
Removed entity wolf from grid at 21, 45
Removed entity cow from grid at 18, 26
Removed entity wolf from grid at 16, 16
Removed entity cow from grid at 16, 6
Added entity cow at 10, 15
Added entity cow at 29, 8
Added entity cow at 49, 21
Added entity cow at 33, 47
Added entity cow at 21, 6
Added entity cow at 16, 6
Added entity cow at 31, 13
Added entity cow at 23, 11
Added entity cow at 29, 33
Added entity cow at 9, 10
Added entity cow at 14, 5
Added entity cow at 48, 23
Added entity cow at 19, 2
Added entity cow at 22, 20
Added entity cow at 46, 23
Added entity cow at 17, 44
Added entity cow at 41, 25
Added entity cow at 32, 33
Added entity cow at 3, 17
Added entity cow at 23, 25
Added entity cow at 11, 13
Added entity cow at 48, 45
Added entity cow at 22, 5
Added entity cow at 26, 19
Added entity cow at 14, 6
Removed entity berry from grid at 40, 2
Added entity cow at 1, 33
Removed entity cow from grid at 6, 37
Removed entity cow from grid at 18, 9
Removed entity cow from grid at 43, 25
Removed entity wolf from grid at 23, 27
Removed entity cow from grid at 17, 44
Removed entity cow from grid at 20, 25
Removed entity wolf from grid at 18, 46
Removed entity cow from grid at 29, 33
Removed entity wolf from grid at 27, 14
Removed entity cow from grid at 16, 6
Removed entity cow from grid at 19, 45
Removed entity cow from grid at 31, 13
Added entity cow at 25, 18
Added entity cow at 23, 6
Added entity cow at 49, 44
Added entity cow at 12, 12
Added entity cow at 24, 26
Added entity cow at 4, 16
Added entity cow at 31, 34
Added entity cow at 45, 24
Added entity cow at 21, 21
Added entity cow at 20, 1
Added entity cow at 15, 6
Added entity cow at 28, 7
Added entity cow at 2, 33
Added entity cow at 36, 9
Added entity cow at 40, 3
Added entity cow at 2, 14
Added entity cow at 21, 48
Added entity cow at 34, 47
Removed entity cow from grid at 44, 13
Removed entity cow from grid at 20, 3
Removed entity cow from grid at 29, 8
Removed entity wolf from grid at 34, 38
Removed entity cow from grid at 43, 25
Removed entity wolf from grid at 39, 8
Removed entity wolf from grid at 4, 44
Removed entity cow from grid at 23, 25
Removed entity cow from grid at 20, 46
Removed entity cow from grid at 18, 45
Removed entity wolf from grid at 44, 31
Removed entity cow from grid at 24, 26
Removed entity cow from grid at 19, 2
Removed entity cow from grid at 31, 34
Removed entity cow from grid at 32, 33
Removed entity cow from grid at 16, 6
Removed entity cow from grid at 17, 2
Added entity cow at 22, 49
Added entity cow at 41, 4
Added entity cow at 35, 10
Added entity cow at 22, 22
Added entity cow at 5, 17
Added entity cow at 48, 43
Added entity cow at 0, 32
Added entity cow at 15, 5
Added entity cow at 10, 9
Added entity cow at 22, 7
Added entity cow at 34, 46
Added entity cow at 45, 3
Added entity cow at 46, 48
Added entity cow at 46, 6
Added entity cow at 44, 27
Added entity cow at 44, 0
Added entity cow at 29, 19
Removed entity cow from grid at 36, 31
Removed entity cow from grid at 20, 4
Removed entity cow from grid at 31, 7
Removed entity cow from grid at 41, 25
Removed entity cow from grid at 42, 26
Removed entity cow from grid at 15, 1
Removed entity cow from grid at 20, 47
Removed entity wolf from grid at 36, 7
Removed entity wolf from grid at 46, 9
Removed entity wolf from grid at 18, 0
Removed entity cow from grid at 32, 11
Added entity cow at 30, 20
Added entity cow at 43, 1
Added entity cow at 43, 28
Added entity cow at 45, 49
Added entity cow at 46, 2
Added entity cow at 23, 8
Added entity cow at 1, 31
Added entity cow at 47, 42
Added entity cow at 6, 16
Added entity cow at 42, 5
Added entity cow at 1, 13
Added entity cow at 16, 5
Added entity cow at 20, 1
Added entity cow at 46, 25
Added entity cow at 13, 13
Added entity cow at 47, 24
Added entity cow at 24, 10
Added entity cow at 9, 16
Added entity cow at 20, 6
Added entity tree at 5, 37
Removed entity wolf from grid at 17, 31
Removed entity cow from grid at 37, 9
Removed entity cow from grid at 15, 3
Removed entity cow from grid at 23, 24
Removed entity cow from grid at 34, 8
Removed entity cow from grid at 2, 33
Removed entity cow from grid at 30, 32
Removed entity cow from grid at 34, 46
Removed entity cow from grid at 20, 1
Removed entity cow from grid at 32, 32
Removed entity cow from grid at 18, 6
Removed entity cow from grid at 20, 48
Removed entity cow from grid at 30, 10
Added entity cow at 19, 5
Added entity cow at 25, 11
Added entity cow at 14, 14
Added entity cow at 17, 6
Added entity cow at 0, 14
Added entity cow at 43, 6
Added entity cow at 5, 15
Added entity cow at 46, 43
Added entity cow at 0, 30
Added entity cow at 24, 7
Added entity cow at 42, 29
Added entity cow at 44, 2
Added entity cow at 31, 21
Added entity cow at 11, 10
Added entity cow at 16, 6
Added entity cow at 23, 21
Added entity cow at 30, 8
Added entity cow at 22, 5
Added entity cow at 26, 20
Added entity cow at 24, 0
Added entity cow at 12, 2
Removed entity cow from grid at 35, 30
Removed entity cow from grid at 20, 4
Removed entity cow from grid at 29, 9
Removed entity cow from grid at 47, 42
Removed entity cow from grid at 37, 8
Removed entity cow from grid at 18, 49
Removed entity cow from grid at 28, 34
Removed entity cow from grid at 45, 28
Removed entity cow from grid at 34, 45
Removed entity cow from grid at 33, 31
Removed entity cow from grid at 40, 5
Removed entity cow from grid at 18, 6
Removed entity cow from grid at 21, 2
Removed entity cow from grid at 32, 12
Added entity cow at 25, 1
Added entity cow at 32, 20
Added entity cow at 45, 1
Added entity cow at 43, 30
Added entity cow at 1, 29
Added entity cow at 4, 14
Added entity cow at 1, 15
Added entity cow at 16, 7
Added entity cow at 15, 13
Added entity cow at 18, 6
Added entity cow at 45, 26
Added entity cow at 47, 6
Added entity cow at 48, 20
Removed entity cow from grid at 1, 35
Removed entity wolf from grid at 42, 12
Removed entity cow from grid at 21, 3
Removed entity cow from grid at 29, 9
Removed entity cow from grid at 3, 35
Removed entity cow from grid at 19, 10
Removed entity cow from grid at 48, 17
Removed entity cow from grid at 25, 22
Removed entity cow from grid at 21, 49
Removed entity cow from grid at 34, 9
Removed entity cow from grid at 40, 3
Removed entity cow from grid at 47, 27
Removed entity cow from grid at 36, 47
Removed entity cow from grid at 26, 21
Removed entity cow from grid at 21, 2
Removed entity cow from grid at 28, 18
Removed entity wolf from grid at 9, 7
Removed entity cow from grid at 31, 46
Removed entity cow from grid at 12, 12
Removed entity cow from grid at 46, 5
Removed entity cow from grid at 19, 5
Added entity cow at 46, 27
Added entity cow at 19, 7
Added entity cow at 16, 12
Added entity cow at 0, 16
Added entity cow at 5, 13
Added entity cow at 44, 31
Added entity cow at 24, 2
Added entity cow at 27, 21
Added entity cow at 24, 20
Added entity cow at 25, 6
Added entity cow at 44, 7
Added entity cow at 24, 12
Added entity cow at 8, 14
Added entity cow at 46, 23
Removed entity berry from grid at 23, 48
Added entity tree at 37, 3
Removed entity cow from grid at 21, 4
Removed entity wolf from grid at 44, 12
Removed entity cow from grid at 0, 33
Removed entity cow from grid at 20, 10
Removed entity cow from grid at 46, 27
Removed entity cow from grid at 36, 45
Removed entity wolf from grid at 26, 19
Removed entity cow from grid at 42, 5
Removed entity cow from grid at 46, 5
Removed entity cow from grid at 18, 6
Removed entity cow from grid at 22, 1
Removed entity cow from grid at 32, 9
Added entity cow at 45, 24
Added entity cow at 43, 8
Added entity cow at 25, 3
Added entity cow at 6, 12
Added entity cow at 17, 11
Added entity cow at 33, 21
Added entity cow at 11, 1
Added entity cow at 21, 4
Added entity cow at 17, 7
Added entity cow at 10, 11
Added entity cow at 49, 41
Added entity cow at 37, 48
Removed entity cow from grid at 21, 3
Removed entity cow from grid at 27, 7
Removed entity cow from grid at 0, 33
Removed entity wolf from grid at 48, 38
Removed entity cow from grid at 44, 26
Removed entity cow from grid at 41, 8
Removed entity wolf from grid at 30, 20
Removed entity cow from grid at 28, 20
Removed entity cow from grid at 17, 5
Removed entity cow from grid at 24, 47
Added entity cow at 38, 47
Added entity cow at 11, 12
Added entity cow at 18, 6
Added entity cow at 18, 10
Added entity cow at 26, 4
Added entity cow at 23, 13
Added entity cow at 23, 21
Added entity cow at 26, 22
Added entity cow at 1, 17
Added entity cow at 17, 8
Added entity cow at 0, 30
Added entity cow at 45, 48
Added entity cow at 33, 46
Removed entity cow from grid at 20, 4
Removed entity cow from grid at 1, 31
Removed entity cow from grid at 45, 25
Removed entity cow from grid at 11, 5
Removed entity wolf from grid at 41, 0
Removed entity cow from grid at 18, 24
Removed entity wolf from grid at 33, 47
Removed entity cow from grid at 29, 21
Removed entity cow from grid at 21, 4
Removed entity cow from grid at 43, 4
Removed entity cow from grid at 45, 5
Removed entity cow from grid at 18, 6
Removed entity cow from grid at 23, 1
Added entity cow at 32, 45
Added entity cow at 44, 49
Added entity cow at 18, 9
Added entity cow at 24, 14
Added entity cow at 27, 3
Added entity cow at 17, 9
Added entity cow at 10, 13
Added entity cow at 37, 46
Added entity cow at 32, 22
Added entity cow at 7, 11
Added entity cow at 26, 5
Added entity cow at 18, 6
Added entity cow at 47, 19
Added entity cow at 47, 3
Removed entity berry from grid at 22, 10
Removed entity cow from grid at 26, 9
Removed entity cow from grid at 1, 30
Removed entity cow from grid at 35, 44
Removed entity cow from grid at 49, 41
Removed entity cow from grid at 42, 25
Removed entity cow from grid at 45, 27
Removed entity cow from grid at 19, 25
Removed entity cow from grid at 42, 8
Removed entity cow from grid at 12, 4
Removed entity cow from grid at 32, 20
Removed entity cow from grid at 40, 2
Removed entity cow from grid at 16, 23
Removed entity cow from grid at 28, 21
Removed entity cow from grid at 43, 22
Removed entity cow from grid at 26, 19
Removed entity cow from grid at 43, 5
Removed entity cow from grid at 11, 14
Removed entity cow from grid at 19, 5
Removed entity cow from grid at 23, 2
Removed entity cow from grid at 34, 13
Added entity cow at 17, 5
Added entity cow at 27, 6
Added entity cow at 31, 21
Added entity cow at 36, 47
Added entity cow at 11, 14
Added entity cow at 18, 8
Added entity cow at 19, 8
Added entity cow at 31, 46
Added entity cow at 25, 21
Added entity cow at 10, 0
Added entity cow at 7, 13
Added entity cow at 44, 2
Removed entity cow from grid at 43, 8
Removed entity cow from grid at 19, 2
Removed entity cow from grid at 0, 30
Removed entity cow from grid at 21, 11
Removed entity cow from grid at 49, 20
Removed entity cow from grid at 20, 25
Removed entity cow from grid at 41, 0
Removed entity cow from grid at 29, 25
Removed entity cow from grid at 35, 47
Removed entity cow from grid at 22, 3
Removed entity cow from grid at 25, 19
Removed entity cow from grid at 11, 12
Removed entity cow from grid at 44, 6
Removed entity cow from grid at 18, 6
Added entity cow at 45, 3
Added entity cow at 9, 1
Added entity cow at 20, 7
Added entity cow at 12, 13
Added entity cow at 37, 48
Added entity cow at 30, 22
Added entity cow at 26, 7
Added entity cow at 46, 4
Added entity cow at 26, 4
Added entity cow at 25, 15
Removed entity berry from grid at 18, 15
Removed entity cow from grid at 25, 9
Removed entity cow from grid at 20, 10
Removed entity cow from grid at 46, 24
Removed entity cow from grid at 40, 7
Removed entity cow from grid at 10, 2
Removed entity cow from grid at 31, 21
Removed entity wolf from grid at 48, 24
Removed entity cow from grid at 30, 22
Removed entity cow from grid at 44, 23
Removed entity cow from grid at 23, 4
Removed entity cow from grid at 42, 6
Removed entity cow from grid at 11, 12
Removed entity cow from grid at 44, 6
Removed entity cow from grid at 23, 1
Removed entity cow from grid at 32, 14
Added entity cow at 25, 5
Added entity cow at 47, 5
Added entity cow at 25, 6
Added entity cow at 36, 49
Added entity cow at 21, 8
Added entity cow at 8, 2
Added entity cow at 24, 22
Added entity cow at 32, 45
Added entity cow at 19, 9
Added entity cow at 22, 22
Added entity cow at 42, 29
Added entity cow at 15, 46
Removed entity cow from grid at 17, 5
Removed entity cow from grid at 49, 43
Removed entity cow from grid at 21, 10
Removed entity cow from grid at 47, 25
Removed entity wolf from grid at 11, 3
Removed entity cow from grid at 31, 19
Removed entity cow from grid at 30, 46
Removed entity cow from grid at 39, 3
Removed entity cow from grid at 48, 26
Removed entity cow from grid at 24, 23
Removed entity cow from grid at 41, 5
Removed entity cow from grid at 45, 5
Added entity cow at 41, 28
Added entity cow at 21, 21
Added entity cow at 20, 10
Added entity cow at 48, 6
Added entity cow at 24, 4
Added entity cow at 44, 4
Added entity cow at 6, 12
Added entity cow at 0, 16
Removed entity cow from grid at 44, 24
Removed entity cow from grid at 25, 11
Removed entity cow from grid at 48, 43
Removed entity cow from grid at 42, 27
Removed entity cow from grid at 48, 17
Removed entity cow from grid at 45, 24
Removed entity cow from grid at 49, 24
Removed entity cow from grid at 32, 22
Removed entity cow from grid at 24, 6
Removed entity cow from grid at 46, 5
Removed entity cow from grid at 16, 3
Removed entity cow from grid at 24, 4
Added entity cow at 1, 15
Added entity cow at 45, 5
Added entity cow at 19, 11
Added entity cow at 22, 20
Added entity cow at 9, 3
Added entity cow at 20, 9
Added entity cow at 35, 48
Added entity cow at 23, 16
Added entity cow at 44, 32
Added entity berry at 43, 23
Removed entity cow from grid at 44, 4
Removed entity wolf from grid at 13, 28
Removed entity cow from grid at 17, 5
Removed entity cow from grid at 24, 9
Removed entity wolf from grid at 36, 42
Removed entity cow from grid at 31, 45
Removed entity cow from grid at 22, 22
Removed entity cow from grid at 30, 46
Removed entity cow from grid at 31, 43
Removed entity cow from grid at 46, 21
Removed entity cow from grid at 23, 6
Removed entity cow from grid at 10, 6
Removed entity cow from grid at 26, 22
Removed entity wolf from grid at 8, 8
Removed entity cow from grid at 45, 5
Removed entity cow from grid at 16, 3
Removed entity cow from grid at 34, 18
Added entity cow at 22, 17
Added entity cow at 36, 47
Added entity cow at 10, 4
Added entity cow at 5, 11
Added entity cow at 40, 27
Added entity cow at 25, 21
Added entity cow at 12, 11
Added entity cow at 6, 14
Added entity cow at 44, 48
Removed entity cow from grid at 44, 4
Removed entity cow from grid at 19, 6
Removed entity cow from grid at 1, 25
Removed entity cow from grid at 47, 42
Removed entity cow from grid at 41, 28
Removed entity cow from grid at 21, 14
Removed entity cow from grid at 47, 20
Removed entity cow from grid at 32, 45
Removed entity cow from grid at 47, 27
Removed entity cow from grid at 42, 1
Removed entity cow from grid at 49, 23
Removed entity cow from grid at 46, 23
Removed entity cow from grid at 26, 19
Removed entity cow from grid at 11, 7
Removed entity cow from grid at 26, 22
Removed entity cow from grid at 46, 5
Removed entity cow from grid at 16, 5
Removed entity cow from grid at 26, 3
Added entity cow at 43, 49
Added entity cow at 13, 12
Added entity cow at 24, 20
Added entity cow at 4, 12
Added entity cow at 11, 3
Added entity cow at 21, 18
Added entity cow at 20, 10
Added entity cow at 15, 45
Removed entity cow from grid at 3, 26
Removed entity cow from grid at 44, 3
Removed entity cow from grid at 19, 6
Removed entity cow from grid at 41, 28
Removed entity cow from grid at 49, 20
Removed entity cow from grid at 46, 3
Removed entity cow from grid at 32, 47
Removed entity cow from grid at 38, 47
Removed entity cow from grid at 28, 19
Removed entity cow from grid at 22, 5
Removed entity cow from grid at 25, 19
Removed entity cow from grid at 25, 22
Removed entity cow from grid at 24, 23
Removed entity cow from grid at 5, 7
Added entity cow at 5, 13
Added entity cow at 23, 21
Added entity cow at 14, 11
Added entity cow at 37, 46
Added entity cow at 23, 19
Added entity cow at 2, 14
Added entity cow at 24, 5
Removed entity berry from grid at 25, 8
Removed entity cow from grid at 47, 23
Removed entity cow from grid at 18, 6
Removed entity cow from grid at 28, 8
Removed entity cow from grid at 38, 44
Removed entity cow from grid at 49, 45
Removed entity cow from grid at 18, 14
Removed entity cow from grid at 48, 20
Removed entity cow from grid at 44, 2
Removed entity cow from grid at 8, 4
Removed entity cow from grid at 44, 1
Removed entity cow from grid at 35, 46
Removed entity cow from grid at 33, 49
Removed entity cow from grid at 49, 22
Removed entity cow from grid at 37, 46
Removed entity cow from grid at 21, 7
Removed entity cow from grid at 47, 4
Removed entity cow from grid at 16, 6
Removed entity cow from grid at 27, 2
Added entity cow at 21, 11
Added entity cow at 20, 17
Removed entity cow from grid at 46, 2
Removed entity cow from grid at 9, 24
Removed entity cow from grid at 18, 4
Removed entity cow from grid at 26, 9
Removed entity cow from grid at 18, 13
Removed entity cow from grid at 48, 20
Removed entity cow from grid at 9, 6
Removed entity cow from grid at 38, 47
Removed entity cow from grid at 11, 6
Removed entity cow from grid at 26, 21
Removed entity cow from grid at 8, 9
Removed entity cow from grid at 15, 6
Removed entity cow from grid at 26, 2
Added entity cow at 19, 18
Added entity cow at 22, 10
Added entity cow at 24, 18
Added entity cow at 13, 10
Added entity cow at 4, 12
Added entity cow at 10, 4
Added entity cow at 7, 13
Added entity cow at 21, 10
Added entity cow at 14, 49
Removed entity cow from grid at 47, 1
Removed entity cow from grid at 42, 30
Removed entity cow from grid at 47, 20
Removed entity cow from grid at 20, 20
Removed entity cow from grid at 35, 49
Removed entity cow from grid at 45, 0
Removed entity wolf from grid at 21, 16
Removed entity cow from grid at 25, 20
Removed entity cow from grid at 20, 6
Removed entity cow from grid at 24, 18
Removed entity cow from grid at 25, 22
Removed entity cow from grid at 46, 0
Removed entity cow from grid at 23, 21
Removed entity cow from grid at 48, 3
Removed entity cow from grid at 26, 4
Added entity cow at 8, 12
Added entity cow at 9, 3
Added entity cow at 3, 13
Added entity cow at 23, 11
Removed entity berry from grid at 20, 18
Added entity cow at 14, 48
Removed entity wolf from grid at 2, 21
Removed entity cow from grid at 46, 45
Removed entity cow from grid at 21, 16
Removed entity cow from grid at 36, 47
Removed entity cow from grid at 21, 19
Removed entity cow from grid at 35, 46
Removed entity cow from grid at 22, 18
Removed entity cow from grid at 25, 21
Removed entity cow from grid at 20, 8
Removed entity cow from grid at 24, 18
Removed entity cow from grid at 23, 19
Removed entity cow from grid at 10, 12
Added entity cow at 22, 12
Added entity cow at 10, 2
Added entity cow at 15, 48
Added entity cow at 22, 9
Added entity cow at 12, 11
Added entity cow at 20, 17
Added entity cow at 42, 48
Added entity cow at 15, 45
Removed entity cow from grid at 24, 8
Removed entity cow from grid at 49, 0
Removed entity cow from grid at 47, 45
Removed entity cow from grid at 20, 18
Removed entity cow from grid at 35, 49
Removed entity cow from grid at 22, 17
Removed entity cow from grid at 49, 1
Removed entity wolf from grid at 38, 41
Removed entity cow from grid at 22, 21
Removed entity cow from grid at 14, 7
Removed entity cow from grid at 27, 1
Added entity cow at 23, 10
Added entity cow at 9, 1
Added entity cow at 21, 13
Added entity cow at 3, 15
Added entity cow at 5, 21
Removed entity cow from grid at 21, 9
Removed entity cow from grid at 5, 21
Removed entity cow from grid at 48, 44
Removed entity cow from grid at 20, 17
Removed entity wolf from grid at 5, 7
Removed entity cow from grid at 5, 22
Removed entity cow from grid at 6, 22
Removed entity cow from grid at 22, 9
Removed entity cow from grid at 23, 15
Removed entity cow from grid at 6, 10
Removed entity cow from grid at 15, 7
Added entity cow at 4, 16
Added entity cow at 22, 11
Added entity cow at 41, 49
Added entity cow at 13, 49
Added entity cow at 4, 12
Added entity cow at 9, 11
Added entity cow at 22, 9
Added entity cow at 12, 48
Added entity cow at 5, 17
Added entity cow at 10, 0
Added entity cow at 14, 45
Added entity cow at 11, 10
Removed entity cow from grid at 18, 9
Removed entity cow from grid at 39, 31
Removed entity cow from grid at 22, 15
Removed entity cow from grid at 37, 48
Removed entity cow from grid at 21, 9
Removed entity cow from grid at 15, 6
Added entity cow at 12, 9
Added entity cow at 6, 18
Added entity cow at 11, 49
Added entity cow at 5, 11
Added entity cow at 22, 14
Added entity cow at 16, 49
Removed entity cow from grid at 8, 17
Removed entity cow from grid at 19, 10
Removed entity cow from grid at 25, 8
Removed entity cow from grid at 22, 14
Removed entity cow from grid at 18, 18
Removed entity wolf from grid at 5, 18
Removed entity cow from grid at 20, 22
Removed entity cow from grid at 20, 9
Removed entity cow from grid at 24, 13
Removed entity cow from grid at 7, 11
Removed entity cow from grid at 14, 6
Removed entity cow from grid at 25, 0
Added entity cow at 4, 10
Added entity cow at 43, 48
Added entity cow at 21, 10
Removed entity wolf from grid at 7, 17
Added entity naturereserve at 21, 14
Human Luna built Nature Reserve for WOLF
Added entity naturereserve at 19, 19
Human Ruby built Nature Reserve for WOLF
Added entity naturereserve at 7, 6
Human Frank built Nature Reserve for WOLF
Added entity cow at 42, 47
Added entity cow at 3, 9
Added entity cow at 10, 48
Added entity cow at 5, 19
Added entity cow at 11, 8
Added entity cow at 14, 45
Added entity cow at 21, 8
Added entity cow at 8, 12
Removed entity cow from grid at 18, 9
Removed entity cow from grid at 3, 19
Removed entity cow from grid at 40, 46
Removed entity cow from grid at 5, 19
Removed entity cow from grid at 24, 10
Removed entity cow from grid at 9, 11
Removed entity cow from grid at 8, 22
Removed entity cow from grid at 16, 9
Added entity cow at 9, 11
Added entity cow at 20, 9
Added entity cow at 9, 49
Added entity cow at 2, 8
Added entity cow at 41, 46
Added entity cow at 20, 11
Added entity cow at 17, 48
Removed entity cow from grid at 6, 18
Removed entity cow from grid at 18, 9
Removed entity cow from grid at 44, 46
Removed entity cow from grid at 20, 14
Removed entity cow from grid at 1, 19
Removed entity cow from grid at 41, 46
Removed entity cow from grid at 7, 19
Removed entity cow from grid at 40, 48
Removed entity cow from grid at 22, 10
Removed entity cow from grid at 23, 12
Removed entity cow from grid at 7, 5
Removed entity cow from grid at 16, 16
Removed entity cow from grid at 8, 12
Removed entity cow from grid at 17, 9
Added entity cow at 18, 49
Added entity cow at 1, 9
Added entity cow at 19, 8
Added entity cow at 12, 9
Added entity cow at 9, 1
Added entity cow at 19, 10
Added entity cow at 14, 44
Added entity naturereserve at 28, 7
Human Charlie built Nature Reserve for WOLF
Added entity cow at 13, 43
Added entity cow at 11, 10
Added entity cow at 18, 9
Added entity naturereserve at 15, 13
Human Sam built Nature Reserve for WOLF
Added entity cow at 12, 11
Added entity cow at 10, 12
Removed entity cow from grid at 15, 11
Removed entity cow from grid at 44, 45
Added entity berry at 21, 24
Removed entity cow from grid at 3, 9
Removed entity cow from grid at 13, 15
Added entity cow at 14, 42
Added entity cow at 20, 9
Added entity cow at 8, 0
Added entity cow at 46, 33
Removed entity cow from grid at 2, 21
Removed entity cow from grid at 5, 19
Removed entity cow from grid at 17, 11
Removed entity cow from grid at 25, 5
Removed entity cow from grid at 29, 7
Removed entity cow from grid at 14, 16
Removed entity cow from grid at 12, 13
Removed entity cow from grid at 13, 7
Removed entity cow from grid at 22, 9
Added entity cow at 11, 13
Added entity wolf at 14, 14
Added entity cow at 17, 8
Added entity cow at 9, 47
Removed entity wolf from grid at 1, 10
Added entity cow at 10, 46
Added entity cow at 18, 7
Added entity cow at 12, 14
Added entity cow at 9, 1
Added entity cow at 15, 43
Added entity cow at 11, 12
Removed entity cow from grid at 22, 12
Removed entity cow from grid at 34, 33
Removed entity cow from grid at 3, 10
Removed entity cow from grid at 47, 45
Removed entity cow from grid at 41, 47
Removed entity wolf from grid at 14, 13
Added entity naturereserve at 48, 8
Human Quinn built Nature Reserve for WOLF
Removed entity cow from grid at 11, 5
Removed entity cow from grid at 21, 10
Added entity cow at 16, 44
Added entity cow at 11, 47
Added entity cow at 43, 34
Added entity cow at 19, 8
Added entity cow at 2, 6
Added entity naturereserve at 47, 44
Human Frank built Nature Reserve for WOLF
Added entity cow at 3, 5
Added entity cow at 17, 43
Added entity cow at 10, 11
Added entity cow at 8, 2
Added entity cow at 13, 15
Added entity cow at 17, 6
Added entity cow at 16, 49
Removed entity cow from grid at 17, 12
Removed entity cow from grid at 21, 5
Removed entity cow from grid at 20, 13
Added entity naturereserve at 48, 7
Human Tina built Nature Reserve for WOLF
Removed entity cow from grid at 3, 10
Removed entity cow from grid at 2, 20
Removed entity cow from grid at 13, 20
Removed entity cow from grid at 5, 14
Removed entity cow from grid at 42, 46
Removed entity cow from grid at 11, 14
Removed entity cow from grid at 12, 14
Removed entity cow from grid at 12, 6
Added entity cow at 16, 5
Added entity cow at 18, 42
Added entity cow at 20, 7
Added entity cow at 10, 46
Added entity cow at 9, 45
Added entity cow at 21, 6
Added entity cow at 15, 4
Added entity cow at 13, 15
Added entity cow at 9, 10
Added entity cow at 2, 6
Added entity cow at 43, 35
Removed entity berry from grid at 6, 48
Removed entity cow from grid at 18, 9
Removed entity cow from grid at 20, 3
Removed entity cow from grid at 4, 13
Removed entity cow from grid at 25, 10
Removed entity cow from grid at 47, 45
Removed entity cow from grid at 11, 19
Removed entity cow from grid at 5, 15
Removed entity cow from grid at 9, 18
Removed entity cow from grid at 13, 15
Removed entity cow from grid at 10, 8
Added entity cow at 42, 34
Added entity cow at 3, 7
Added entity cow at 8, 11
Added entity cow at 22, 5
Added entity cow at 8, 46
Added entity cow at 15, 48
Removed entity cow from grid at 4, 19
Removed entity cow from grid at 18, 9
Removed entity cow from grid at 22, 5
Removed entity cow from grid at 3, 12
Removed entity cow from grid at 24, 12
Removed entity cow from grid at 5, 17
Removed entity cow from grid at 11, 17
Removed entity cow from grid at 21, 10
Added entity cow at 7, 45
Added entity cow at 7, 10
Added entity cow at 2, 8
Added entity cow at 43, 33
Added entity cow at 16, 3
Added entity cow at 16, 42
Added entity tree at 6, 37
Added entity naturereserve at 12, 17
Human Quinn built Nature Reserve for WOLF
Added entity cow at 15, 43
Added entity cow at 44, 32
Added entity cow at 6, 44
Added entity cow at 7, 1
Removed entity cow from grid at 20, 9
Removed entity cow from grid at 10, 10
Added entity cow at 7, 43
Added entity cow at 45, 33
Added entity cow at 14, 44
Added entity cow at 17, 4
Added entity cow at 1, 9
Added entity cow at 8, 9
Added entity wolf at 16, 14
Removed entity cow from grid at 20, 7
Removed entity cow from grid at 41, 34
Removed entity cow from grid at 4, 15
Removed entity cow from grid at 22, 10
Removed entity cow from grid at 45, 46
Removed entity cow from grid at 44, 49
Removed entity cow from grid at 6, 14
Removed entity cow from grid at 45, 47
Removed entity cow from grid at 14, 15
Added entity naturereserve at 42, 11
Human Quinn built Nature Reserve for WOLF
Added entity cow at 13, 45
Added entity cow at 8, 42
Added entity cow at 6, 2
Added entity cow at 14, 49
Added entity berry at 2, 4
Removed entity cow from grid at 2, 20
Removed entity cow from grid at 19, 7
Removed entity cow from grid at 17, 3
Removed entity cow from grid at 11, 16
Removed entity cow from grid at 42, 34
Removed entity cow from grid at 3, 15
Removed entity cow from grid at 1, 19
Removed entity cow from grid at 9, 15
Removed entity cow from grid at 45, 46
Removed entity cow from grid at 6, 8
Added entity cow at 9, 43
Added entity cow at 9, 10
Added entity cow at 46, 34
Added entity naturereserve at 19, 3
Human Charlie built Nature Reserve for WOLF
Removed entity wolf from grid at 16, 15
Added entity cow at 47, 35
Added entity cow at 10, 11
Added entity cow at 13, 48
Added entity cow at 7, 3
Added entity cow at 14, 44
Removed entity cow from grid at 22, 6
Removed entity cow from grid at 18, 4
Removed entity cow from grid at 10, 14
Removed entity cow from grid at 41, 35
Removed entity cow from grid at 5, 16
Removed entity cow from grid at 14, 13
Added entity cow at 15, 45
Added entity cow at 8, 2
Added entity cow at 11, 12
Added entity cow at 46, 36
Added entity cow at 0, 9
Added entity cow at 16, 5
Removed entity cow from grid at 42, 30
Removed entity cow from grid at 17, 4
Removed entity cow from grid at 1, 19
Removed entity cow from grid at 23, 10
Removed entity cow from grid at 14, 14
Removed entity cow from grid at 11, 13
Removed entity cow from grid at 5, 8
Added entity cow at 15, 4
Added entity cow at 9, 3
Added entity cow at 16, 44
Added entity wolf at 20, 4
Added entity cow at 8, 44
Removed entity berry from grid at 2, 4
Added entity cow at 9, 45
Added entity cow at 10, 2
Added entity cow at 11, 3
Added entity cow at 17, 43
Added entity cow at 16, 3
Added entity cow at 1, 7
Added entity cow at 45, 36
Added entity cow at 10, 11
Removed entity cow from grid at 13, 13
Added entity cow at 9, 12
Added entity cow at 44, 37
Added entity cow at 2, 8
Added entity cow at 17, 4
Added entity wolf at 29, 7
Removed entity cow from grid at 3, 14
Removed entity cow from grid at 48, 45
Removed entity cow from grid at 42, 33
Removed entity cow from grid at 7, 14
Removed entity wolf from grid at 29, 7
Removed entity cow from grid at 11, 13
Removed entity cow from grid at 15, 12
Added entity cow at 18, 3
Added entity cow at 1, 9
Added entity cow at 8, 11
Added entity cow at 18, 42
Added entity cow at 12, 2
Added entity cow at 10, 44
Added entity cow at 12, 47
Added entity tree at 5, 44
Removed entity cow from grid at 14, 13
Removed entity cow from grid at 2, 14
Removed entity cow from grid at 13, 12
Removed entity cow from grid at 19, 9
Added entity cow at 0, 10
Removed entity cow from grid at 46, 32
Removed entity cow from grid at 4, 17
Removed entity wolf from grid at 22, 2
Removed entity cow from grid at 2, 14
Removed entity cow from grid at 18, 10
Removed entity cow from grid at 10, 12
Removed entity cow from grid at 46, 42
Removed entity cow from grid at 4, 10
Added entity cow at 11, 48
Added entity cow at 11, 45
Added entity cow at 11, 1
Added entity cow at 19, 41
Added entity cow at 9, 12
Added entity cow at 17, 2
Added entity cow at 46, 36
Removed entity cow from grid at 2, 17
Removed entity cow from grid at 44, 35
Removed entity cow from grid at 11, 10
Removed entity cow from grid at 20, 6
Removed entity wolf from grid at 3, 12
Removed entity cow from grid at 9, 12
Added entity cow at 16, 3
Added entity cow at 20, 42
Added entity cow at 10, 46
Added entity cow at 10, 49
Added entity tree at 45, 20
Removed entity cow from grid at 48, 33
Removed entity cow from grid at 9, 9
Removed entity cow from grid at 9, 12
Removed entity cow from grid at 45, 37
Removed entity cow from grid at 3, 12
Removed entity cow from grid at 17, 6
Added entity cow at 9, 47
Added entity cow at 19, 43
Added entity cow at 12, 0
Removed entity cow from grid at 48, 33
Removed entity cow from grid at 0, 17
Removed entity cow from grid at 47, 38
Removed entity cow from grid at 48, 34
Removed entity cow from grid at 11, 10
Removed entity cow from grid at 2, 12
Removed entity cow from grid at 19, 6
Removed entity cow from grid at 18, 3
Removed entity cow from grid at 8, 11
Removed entity cow from grid at 6, 11
Added entity cow at 20, 44
Added entity cow at 8, 48
Added entity cow at 17, 4
Added entity cow at 1, 11
Added entity cow at 2, 10
Added entity cow at 7, 49
Added entity cow at 19, 45
Added entity cow at 18, 46
Added entity cow at 6, 48
Added entity cow at 3, 11
Added entity cow at 16, 5
Removed entity cow from grid at 5, 14
Removed entity cow from grid at 45, 35
Removed entity cow from grid at 6, 8
Added entity cow at 15, 4
Added entity cow at 4, 10
Added entity cow at 5, 47
Added entity cow at 13, 1
Added entity wolf at 11, 16
Removed entity cow from grid at 0, 16
Removed entity cow from grid at 16, 7
Removed entity cow from grid at 13, 8
Removed entity wolf from grid at 11, 16
Removed entity cow from grid at 17, 5
Removed entity cow from grid at 8, 12
Removed entity cow from grid at 7, 7
Removed entity cow from grid at 3, 11
Added entity cow at 14, 0
Added entity cow at 17, 47
Added entity wolf at 18, 4
Removed entity wolf from grid at 18, 4
Added entity naturereserve at 5, 12
Human Ivy built Nature Reserve for WOLF
Added entity cow at 4, 48
Added entity cow at 14, 5
Removed entity cow from grid at 5, 5
Added entity cow at 3, 49
Added entity cow at 18, 48
Added entity wolf at 48, 43
Added entity wolf at 49, 9
Removed entity cow from grid at 17, 2
Removed entity cow from grid at 15, 5
Removed entity cow from grid at 17, 3
Removed entity cow from grid at 5, 7
Removed entity cow from grid at 2, 9
Removed entity cow from grid at 15, 4
Added entity cow at 15, 6
Added entity wolf at 8, 5
Added entity cow at 16, 5
Added entity cow at 17, 49
Added entity cow at 2, 48
Added entity cow at 3, 9
Added entity naturereserve at 47, 25
Human Wendy built Nature Reserve for WOLF
Added entity naturereserve at 48, 23
Human Ivy built Nature Reserve for WOLF
Removed entity cow from grid at 2, 14
Added entity naturereserve at 44, 30
Human Pip built Nature Reserve for WOLF
Removed entity cow from grid at 4, 8
Removed entity cow from grid at 16, 5
Added entity cow at 16, 48
Removed entity wolf from grid at 9, 6
Added entity cow at 2, 8
Removed entity cow from grid at 14, 5
Removed entity cow from grid at 11, 5
Removed entity cow from grid at 18, 1
Removed entity cow from grid at 9, 9
Added entity naturereserve at 44, 33
Human Pip built Nature Reserve for WOLF
Removed entity cow from grid at 7, 11
Removed entity cow from grid at 4, 3
Removed entity cow from grid at 4, 8
Removed entity cow from grid at 11, 4
Added entity cow at 1, 9
Added entity cow at 3, 47
Added entity cow at 9, 48
Added entity cow at 2, 46
Added entity cow at 15, 47
Added entity naturereserve at 40, 23
Human Luna built Nature Reserve for WOLF
Added entity naturereserve at 35, 36
Human Ruby built Nature Reserve for WOLF
Added entity naturereserve at 38, 22
Human Luna built Nature Reserve for WOLF
Added entity naturereserve at 32, 21
Human Quinn built Nature Reserve for WOLF
Added entity wolf at 39, 24
Added entity cow at 10, 47
Added entity cow at 0, 10
Added entity cow at 13, 1
Added entity tree at 49, 3
Removed entity wolf from grid at 39, 24
Removed entity cow from grid at 3, 1
Added entity cow at 12, 0
Added entity cow at 1, 47
Added entity naturereserve at 41, 22
Human Wendy built Nature Reserve for WOLF
Removed entity cow from grid at 3, 14
Removed entity cow from grid at 12, 5
Removed entity cow from grid at 13, 5
Removed entity cow from grid at 2, 1
Removed entity cow from grid at 4, 9
Added entity cow at 11, 1
Added entity cow at 9, 46
Added entity wolf at 37, 21
Added entity wolf at 13, 16
Added entity wolf at 46, 43
Added entity naturereserve at 33, 37
Human Frank built Nature Reserve for WOLF
Added entity wolf at 43, 11
Added entity wolf at 49, 8
Added entity naturereserve at 23, 2
Human Sam built Nature Reserve for WOLF
Added entity cow at 10, 45
Added entity cow at 0, 48
Added entity cow at 1, 11
Added entity naturereserve at 45, 34
Human Ivy built Nature Reserve for WOLF
Removed entity cow from grid at 4, 4
Added entity cow at 0, 12
Added entity cow at 11, 44
Added entity wolf at 33, 21
Removed entity cow from grid at 23, 44
Removed entity cow from grid at 12, 5
Removed entity cow from grid at 17, 3
Removed entity cow from grid at 5, 13
Removed entity cow from grid at 2, 4
Removed entity cow from grid at 3, 12
Removed entity cow from grid at 13, 4
Added entity cow at 1, 13
Added entity cow at 10, 43
Added entity cow at 12, 2
Added entity cow at 16, 48
Removed entity wolf from grid at 12, 15
Added entity naturereserve at 23, 40
Human Charlie built Nature Reserve for WOLF
Removed entity wolf from grid at 25, 26
Added entity naturereserve at 30, 38
Human Charlie built Nature Reserve for WOLF
Added entity cow at 13, 3
Added entity cow at 1, 49
Added entity wolf at 13, 16
Removed entity wolf from grid at 39, 22
Removed entity cow from grid at 27, 48
Removed entity wolf from grid at 13, 16
Removed entity cow from grid at 23, 42
Removed entity cow from grid at 2, 7
Added entity cow at 11, 42
Added entity cow at 0, 14
Added entity berry at 3, 17
Removed entity cow from grid at 13, 5
Removed entity cow from grid at 23, 42
Removed entity cow from grid at 2, 8
Added entity cow at 12, 43
Added entity cow at 12, 2
Added entity naturereserve at 30, 19
Human Luna built Nature Reserve for WOLF
Added entity naturereserve at 35, 29
Human Pip built Nature Reserve for WOLF
Added entity naturereserve at 11, 6
Human Yara built Nature Reserve for WOLF
Removed entity wolf from grid at 27, 23
Added entity cow at 11, 3
Added entity cow at 13, 42
Removed entity cow from grid at 7, 9
Removed entity cow from grid at 2, 7
Added entity cow at 10, 2
Added entity cow at 17, 47
Added entity wolf at 44, 34
Added entity cow at 44, 31
Added entity tree at 21, 10
Removed entity cow from grid at 2, 13
Removed entity wolf from grid at 44, 42
Removed entity cow from grid at 0, 14
Removed entity cow from grid at 22, 38
Removed entity cow from grid at 11, 3
Removed entity cow from grid at 24, 44
Removed entity cow from grid at 2, 9
Added entity cow at 9, 3
Added entity cow at 12, 43
Added entity tree at 32, 45
Added entity cow at 10, 4
Added entity wolf at 15, 12
Added entity cow at 9, 5
Added entity cow at 11, 42
Added entity cow at 18, 48
Added entity wolf at 33, 20
Removed entity cow from grid at 4, 12
Removed entity cow from grid at 8, 7
Removed entity cow from grid at 9, 5
Removed entity cow from grid at 4, 9
Added entity wolf at 22, 41
Added entity wolf at 22, 1
Added entity wolf at 20, 15
Removed entity wolf from grid at 15, 11
Removed entity wolf from grid at 42, 18
Added entity cow at 19, 49
Added entity cow at 12, 41
Removed entity cow from grid at 4, 10
Removed entity cow from grid at 8, 36
Removed entity wolf from grid at 20, 15
Removed entity wolf from grid at 23, 0
Added entity wolf at 27, 6
Added entity wolf at 44, 35
Added entity tree at 48, 4
Added entity wolf at 43, 33
Removed entity wolf from grid at 47, 43
Added entity naturereserve at 36, 27
Human Victor built Nature Reserve for WOLF
Added entity naturereserve at 46, 18
Human Xander built Nature Reserve for WOLF
Added entity cow at 11, 42
Added entity naturereserve at 17, 25
Human Quinn built Nature Reserve for WOLF
Added entity cow at 12, 43
Added entity cow at 0, 48
Removed entity cow from grid at 10, 33
Removed entity cow from grid at 24, 46
Removed entity wolf from grid at 44, 11
Removed entity cow from grid at 5, 9
Removed entity cow from grid at 16, 38
Removed entity cow from grid at 16, 1
Added entity cow at 18, 48
Added entity wolf at 31, 37
Added entity berry at 8, 37
Added entity wolf at 41, 11
Added entity wolf at 47, 8
Added entity naturereserve at 37, 35
Human Wendy built Nature Reserve for WOLF
Removed entity wolf from grid at 34, 21
Added entity naturereserve at 17, 0
Human Grace built Nature Reserve for WOLF
Added entity wolf at 38, 23
Added entity naturereserve at 27, 7
Human Sam built Nature Reserve for WOLF
Added entity naturereserve at 20, 19
Human Luna built Nature Reserve for WOLF
Added entity berry at 30, 34
Removed entity wolf from grid at 42, 12
Added entity cow at 17, 47
Added entity wolf at 17, 24
Added entity wolf at 49, 6
Added entity naturereserve at 28, 10
Human Yara built Nature Reserve for WOLF
Removed entity wolf from grid at 25, 42
Added entity naturereserve at 30, 27
Human Hank built Nature Reserve for WOLF
Added entity wolf at 38, 36
Added entity cow at 11, 44
Added entity wolf at 36, 28
Removed entity wolf from grid at 30, 7
Added entity naturereserve at 5, 15
Human Yara built Nature Reserve for WOLF
Added entity wolf at 29, 11
Added entity wolf at 16, 14
Removed entity wolf from grid at 16, 14
Removed entity wolf from grid at 45, 10
Added entity cow at 12, 45
Added entity cow at 16, 46
Added entity wolf at 19, 20
Added entity wolf at 16, 26
Added entity wolf at 29, 19
Added entity wolf at 37, 22
Removed entity berry from grid at 8, 37
Removed entity cow from grid at 10, 37
Removed entity wolf from grid at 37, 27
Removed entity wolf from grid at 19, 20
Removed entity cow from grid at 9, 3
Added entity cow at 17, 45
Removed entity wolf from grid at 27, 9
Removed entity wolf from grid at 44, 36
Removed entity wolf from grid at 27, 38
Removed entity wolf from grid at 17, 24
Removed entity wolf from grid at 16, 27
Removed entity wolf from grid at 44, 36
Removed entity cow from grid at 20, 3
Removed entity cow from grid at 8, 1
Added entity wolf at 16, 25
Added entity naturereserve at 33, 2
Human Tina built Nature Reserve for WOLF
Added entity berry at 19, 7
Added entity wolf at 33, 38
Added entity wolf at 33, 21
Added entity tree at 25, 28
Removed entity wolf from grid at 29, 21
Added entity naturereserve at 6, 2
Human Victor built Nature Reserve for WOLF
Added entity cow at 18, 46
Added entity wolf at 19, 18
Added entity wolf at 24, 3
Removed entity wolf from grid at 42, 34
Removed entity wolf from grid at 42, 37
Added entity naturereserve at 28, 31
Human Luna built Nature Reserve for WOLF
Added entity cow at 19, 45
Added entity cow at 1, 46
Added entity wolf at 37, 26
Added entity wolf at 32, 37
Added entity wolf at 4, 11
Removed entity cow from grid at 26, 48
Removed entity wolf from grid at 30, 23
Added entity cow at 20, 46
Added entity cow at 44, 31
Removed entity cow from grid at 9, 37
Removed entity wolf from grid at 36, 25
Removed entity cow from grid at 19, 40
Removed entity wolf from grid at 19, 23
Removed entity cow from grid at 7, 2
Added entity cow at 21, 45
Added entity wolf at 24, 41
Removed entity wolf from grid at 31, 16
Removed entity wolf from grid at 34, 24
Added entity cow at 22, 46
Added entity cow at 41, 27
Added entity wolf at 31, 20
Removed entity cow from grid at 15, 33
Removed entity cow from grid at 8, 1
Added entity cow at 43, 28
Added entity cow at 2, 45
Added entity cow at 11, 46
Added entity wolf at 37, 26
Removed entity cow from grid at 42, 29
Removed entity cow from grid at 6, 40
Removed entity wolf from grid at 25, 2
Removed entity wolf from grid at 25, 41
Removed entity wolf from grid at 37, 26
Removed entity cow from grid at 19, 42
Removed entity cow from grid at 20, 0
Added entity cow at 12, 47
Added entity cow at 40, 28
Added entity berry at 21, 46
Added entity wolf at 11, 16
Removed entity cow from grid at 5, 38
Removed entity cow from grid at 18, 34
Removed entity cow from grid at 15, 7
Removed entity cow from grid at 5, 0
Added entity cow at 3, 46
Added entity cow at 43, 28
Removed entity berry from grid at 21, 46
Added entity wolf at 18, 25
Added entity wolf at 35, 37
Added entity wolf at 39, 23
Added entity wolf at 47, 9
Removed entity wolf from grid at 5, 13
Added entity cow at 44, 29
Added entity cow at 39, 29
Added entity cow at 11, 46
Added entity cow at 23, 47
Added entity wolf at 15, 14
Added entity cow at 46, 32
Removed entity cow from grid at 43, 28
Removed entity cow from grid at 2, 15
Removed entity cow from grid at 24, 47
Removed entity cow from grid at 40, 28
Removed entity cow from grid at 19, 42
Added entity cow at 24, 46
Added entity cow at 10, 45
Added entity cow at 38, 28
Added entity cow at 4, 45
Added entity wolf at 36, 29
Removed entity cow from grid at 7, 10
Removed entity cow from grid at 3, 39
Removed entity cow from grid at 41, 26
Removed entity cow from grid at 24, 46
Removed entity cow from grid at 0, 34
Removed entity wolf from grid at 16, 15
Removed entity wolf from grid at 32, 22
Removed entity cow from grid at 15, 36
Removed entity cow from grid at 6, 3
Added entity cow at 37, 29
Added entity cow at 11, 44
Added entity cow at 44, 32
Added entity cow at 44, 29
Added entity wolf at 31, 27
Added entity wolf at 33, 36
Added entity wolf at 41, 23
Removed entity cow from grid at 2, 40
Removed entity wolf from grid at 41, 23
Removed entity wolf from grid at 37, 23
Removed entity cow from grid at 18, 41
Removed entity cow from grid at 11, 35
Removed entity cow from grid at 5, 4
Added entity cow at 38, 30
Added entity wolf at 36, 36
Added entity berry at 21, 47
Removed entity wolf from grid at 29, 24
Removed entity wolf from grid at 17, 10
Removed entity wolf from grid at 35, 31
Added entity cow at 43, 28
Added entity cow at 12, 45
Added entity wolf at 29, 28
Removed entity wolf from grid at 7, 14
Added entity berry at 44, 28
Added entity cow at 44, 27
Added entity cow at 39, 29
Added entity cow at 3, 44
Added entity wolf at 32, 2
Added entity wolf at 47, 45
Added entity wolf at 20, 15
Removed entity cow from grid at 40, 31
Removed entity cow from grid at 42, 27
Added entity cow at 4, 43
Removed entity berry from grid at 44, 28
Added entity wolf at 27, 32
Added entity wolf at 32, 3
Added entity wolf at 30, 28
Removed entity berry from grid at 21, 47
Removed entity cow from grid at 0, 39
Removed entity cow from grid at 44, 27
Removed entity cow from grid at 17, 38
Removed entity cow from grid at 25, 47
Removed entity cow from grid at 36, 28
Added entity wolf at 28, 11
Added entity wolf at 48, 22
Removed entity wolf from grid at 37, 36
Removed entity wolf from grid at 37, 26
Removed entity wolf from grid at 21, 16
Removed entity wolf from grid at 18, 23
Added entity cow at 5, 42
Added entity cow at 38, 30
Added entity cow at 11, 46
Added entity wolf at 38, 34
Removed entity wolf from grid at 33, 27
Added entity naturereserve at 19, 24
Human Ivy built Nature Reserve for WOLF
Added entity cow at 37, 29
Added entity cow at 4, 41
Added entity wolf at 29, 28
Added entity wolf at 12, 6
Removed entity cow from grid at 43, 27
Removed entity cow from grid at 15, 37
Removed entity wolf from grid at 33, 39
Removed entity wolf from grid at 31, 33
Added entity cow at 36, 30
Added entity cow at 47, 32
Removed entity cow from grid at 1, 38
Removed entity cow from grid at 17, 39
Removed entity wolf from grid at 31, 2
Removed entity cow from grid at 21, 43
Added entity cow at 37, 31
Added entity cow at 10, 45
Added entity wolf at 19, 20
Added entity wolf at 47, 22
Removed entity cow from grid at 37, 29
Removed entity wolf from grid at 31, 31
Removed entity cow from grid at 34, 29
Removed entity cow from grid at 18, 40
Removed entity wolf from grid at 15, 5
Added entity cow at 9, 44
Added entity cow at 38, 32
Added entity cow at 5, 40
Added entity wolf at 20, 2
Removed entity cow from grid at 4, 40
Removed entity wolf from grid at 38, 34
Removed entity cow from grid at 16, 41
Removed entity cow from grid at 37, 27
Removed entity cow from grid at 8, 38
Added entity cow at 6, 39
Added entity cow at 10, 43
Added entity naturereserve at 16, 42
Human Hank built Nature Reserve for WOLF
Added entity naturereserve at 31, 29
Human Frank built Nature Reserve for WOLF
Removed entity wolf from grid at 35, 35
Removed entity wolf from grid at 27, 1
Added entity cow at 9, 42
Added entity cow at 45, 30
Added entity wolf at 24, 3
Added entity wolf at 20, 18
Added entity cow at 15, 47
Added entity tree at 9, 9
Removed entity cow from grid at 36, 30
Added entity berry at 17, 40
Removed entity cow from grid at 15, 41
Removed entity wolf from grid at 19, 2
Removed entity cow from grid at 14, 6
Added entity cow at 14, 48
Added entity cow at 7, 38
Added entity wolf at 27, 30
Added entity wolf at 37, 23
Removed entity cow from grid at 46, 25
Removed entity wolf from grid at 37, 23
Removed entity wolf from grid at 40, 39
Removed entity wolf from grid at 24, 3
Removed entity cow from grid at 4, 11
Removed entity cow from grid at 6, 39
Removed entity cow from grid at 15, 42
Removed entity cow from grid at 22, 45
Added entity cow at 6, 39
Added entity cow at 44, 31
Added entity cow at 10, 41
Added entity wolf at 30, 30
Added entity cow at 37, 29
Added entity wolf at 36, 37
Added entity wolf at 28, 6
Added entity wolf at 19, 20
Removed entity wolf from grid at 45, 25
Added entity naturereserve at 15, 40
Human Hank built Nature Reserve for WOLF
Removed entity wolf from grid at 19, 20
Added entity cow at 38, 28
Added entity cow at 9, 40
Added entity wolf at 30, 29
Added entity wolf at 15, 42
Added entity wolf at 20, 18
Added entity tree at 33, 23
Removed entity wolf from grid at 45, 23
Removed entity cow from grid at 35, 30
Removed entity cow from grid at 15, 4
Added entity berry at 15, 28
Added entity cow at 8, 41
Added entity cow at 37, 27
Added entity cow at 7, 40
Added entity wolf at 31, 28
Removed entity cow from grid at 46, 25
Removed entity wolf from grid at 30, 29
Removed entity cow from grid at 24, 47
Removed entity cow from grid at 6, 39
Removed entity cow from grid at 26, 46
Removed entity cow from grid at 15, 9
Removed entity cow from grid at 36, 30
Removed entity wolf from grid at 31, 28
Removed entity cow from grid at 0, 11
Removed entity wolf from grid at 25, 9
Removed entity cow from grid at 7, 1
Removed entity cow from grid at 11, 36
Added entity cow at 36, 28
Added entity wolf at 27, 32
Added entity wolf at 22, 1
Added entity cow at 35, 27
Added entity cow at 7, 42
Added entity wolf at 12, 5
Added entity tree at 30, 2
Removed entity wolf from grid at 30, 25
Removed entity wolf from grid at 34, 38
Removed entity wolf from grid at 17, 20
Added entity cow at 34, 28
Added entity cow at 6, 39
Added entity cow at 15, 47
Added entity wolf at 32, 29
Added entity naturereserve at 43, 21
Human Wendy built Nature Reserve for WOLF
Removed entity wolf from grid at 22, 31
Removed entity wolf from grid at 32, 29
Removed entity wolf from grid at 21, 17
Removed entity wolf from grid at 13, 6
Added entity naturereserve at 25, 41
Human Quinn built Nature Reserve for WOLF
Added entity cow at 7, 38
Added entity cow at 33, 27
Added entity cow at 8, 41
Added entity cow at 46, 32
Removed entity berry from grid at 48, 31
Added entity wolf at 46, 24
Added entity cow at 14, 45
Removed entity wolf from grid at 46, 24
Removed entity cow from grid at 17, 42
Removed entity wolf from grid at 22, 5
Removed entity cow from grid at 34, 28
Removed entity cow from grid at 33, 27
Added entity cow at 47, 33
Added entity cow at 8, 39
Added entity wolf at 16, 0
Added entity wolf at 6, 7
Added entity wolf at 20, 15
Removed entity cow from grid at 35, 21
Removed entity wolf from grid at 30, 10
Added entity cow at 46, 34
Added entity wolf at 6, 1
Added entity wolf at 6, 12
Added entity cow at 46, 31
Removed entity cow from grid at 3, 39
Removed entity cow from grid at 15, 41
Removed entity cow from grid at 17, 44
Removed entity cow from grid at 21, 43
Removed entity cow from grid at 12, 2
Added entity cow at 45, 30
Added entity cow at 45, 35
Added entity wolf at 42, 22
Added entity cow at 16, 46
Added entity wolf at 29, 9
Added entity wolf at 45, 17
Added entity wolf at 37, 27
Added entity wolf at 44, 34
Added entity wolf at 23, 3
Removed entity cow from grid at 34, 24
Removed entity cow from grid at 16, 44
Removed entity cow from grid at 20, 40
Removed entity cow from grid at 6, 38
Removed entity wolf from grid at 6, 14
Removed entity cow from grid at 21, 44
Added entity cow at 17, 45
Added entity cow at 44, 34
Added entity cow at 44, 31
Added entity cow at 9, 38
Added entity wolf at 22, 1
Removed entity cow from grid at 41, 27
Removed entity cow from grid at 1, 10
Removed entity cow from grid at 3, 40
Removed entity cow from grid at 44, 34
Removed entity cow from grid at 14, 42
Removed entity cow from grid at 14, 0
Removed entity cow from grid at 7, 38
Removed entity wolf from grid at 16, 0
Added entity wolf at 10, 7
Added entity wolf at 31, 19
Added entity cow at 13, 47
Added entity cow at 8, 37
Added entity cow at 7, 42
Added entity wolf at 5, 2
Added entity wolf at 4, 11
Added entity tree at 25, 31
Removed entity wolf from grid at 4, 11
Removed entity wolf from grid at 37, 25
Added entity cow at 15, 44
Added entity wolf at 46, 43
Added entity naturereserve at 23, 29
Human Luna built Nature Reserve for WOLF
Added entity naturereserve at 25, 35
Human Luna built Nature Reserve for WOLF
Added entity naturereserve at 35, 10
Human Tina built Nature Reserve for WOLF
Added entity naturereserve at 10, 9
Human Frank built Nature Reserve for WOLF
Added entity naturereserve at 9, 26
Human Ivy built Nature Reserve for WOLF
Added entity cow at 16, 43
Added entity cow at 8, 41
Added entity cow at 7, 38
Added entity cow at 16, 44
Added entity wolf at 27, 31
Added entity wolf at 44, 35
Added entity wolf at 34, 36
Removed entity cow from grid at 45, 35
Removed entity cow from grid at 16, 46
Removed entity cow from grid at 20, 48
Removed entity cow from grid at 37, 26
Removed entity wolf from grid at 11, 9
Removed entity cow from grid at 18, 43
Removed entity wolf from grid at 39, 25
Removed entity cow from grid at 19, 45
Added entity cow at 17, 43
Added entity cow at 6, 39
Added entity wolf at 17, 1
Added entity wolf at 20, 4
Removed entity wolf from grid at 20, 4
Removed entity wolf from grid at 44, 35
Added entity naturereserve at 32, 9
Human Grace built Nature Reserve for WOLF
Added entity cow at 18, 42
Added entity cow at 15, 42
Added entity wolf at 26, 36
Added entity wolf at 26, 41
Added entity wolf at 27, 9
Added entity wolf at 26, 6
Added entity wolf at 46, 17
Added entity wolf at 37, 21
Added entity wolf at 47, 43
Removed entity cow from grid at 16, 46
Removed entity wolf from grid at 20, 1
Removed entity cow from grid at 18, 46
Added entity cow at 14, 43
Added entity cow at 19, 43
Added entity cow at 9, 40
Added entity cow at 43, 30
Added entity wolf at 45, 35
Removed entity wolf from grid at 22, 32
Removed entity cow from grid at 19, 47
Removed entity wolf from grid at 32, 12
Removed entity cow from grid at 3, 9
Removed entity cow from grid at 15, 0
Removed entity cow from grid at 40, 26
Removed entity cow from grid at 1, 13
Removed entity wolf from grid at 11, 5
Added entity cow at 10, 41
Added entity cow at 20, 42
Added entity cow at 7, 38
Added entity wolf at 35, 28
Added entity wolf at 47, 9
Removed entity wolf from grid at 18, 3
Removed entity cow from grid at 5, 38
Removed entity wolf from grid at 27, 29
Removed entity cow from grid at 20, 49
Removed entity cow from grid at 16, 45
Removed entity cow from grid at 16, 0
Removed entity cow from grid at 38, 27
Removed entity wolf from grid at 17, 1
Added entity cow at 21, 41
Added entity cow at 44, 29
Added entity wolf at 7, 2
Added entity wolf at 19, 2
Removed entity wolf from grid at 40, 33
Removed entity wolf from grid at 40, 20
Removed entity wolf from grid at 47, 35
Removed entity wolf from grid at 19, 2
Added entity cow at 43, 28
Added entity cow at 22, 40
Added entity cow at 9, 42
Added entity wolf at 10, 5
Removed entity wolf from grid at 25, 32
Removed entity wolf from grid at 26, 30
Removed entity cow from grid at 16, 45
Removed entity wolf from grid at 38, 26
Removed entity wolf from grid at 20, 11
Removed entity cow from grid at 17, 47
Added entity cow at 21, 39
Added entity cow at 44, 27
Added entity cow at 8, 39
Added entity wolf at 19, 18
Added entity wolf at 5, 11
Removed entity cow from grid at 42, 33
Removed entity wolf from grid at 19, 49
Removed entity wolf from grid at 3, 5
Removed entity cow from grid at 17, 44
Removed entity cow from grid at 7, 37
Removed entity cow from grid at 17, 48
Removed entity wolf from grid at 8, 3
Added entity cow at 7, 40
Added entity cow at 45, 26
Added entity cow at 8, 43
Removed entity berry from grid at 17, 40
Added entity wolf at 14, 39
Added entity wolf at 38, 34
Added entity wolf at 23, 41
Added entity wolf at 39, 24
Removed entity cow from grid at 6, 39
Removed entity cow from grid at 46, 37
Removed entity cow from grid at 20, 48
Removed entity cow from grid at 17, 48
Removed entity wolf from grid at 39, 24
Removed entity cow from grid at 21, 39
Added entity naturereserve at 35, 3
Human Uma built Nature Reserve for WOLF
Added entity cow at 46, 27
Added entity cow at 6, 39
Added entity wolf at 10, 26
Added entity wolf at 21, 20
Added entity wolf at 47, 23
Added entity wolf at 4, 12
Added entity wolf at 14, 12
Added entity wolf at 20, 13
Removed entity wolf from grid at 4, 12
Added entity naturereserve at 10, 2
Human Ivy built Nature Reserve for WOLF
Removed entity wolf from grid at 16, 31
Added entity cow at 47, 26
Added entity wolf at 37, 21
Added entity wolf at 48, 22
Added entity wolf at 16, 12
Removed entity wolf from grid at 18, 13
Removed entity wolf from grid at 24, 39
Removed entity wolf from grid at 26, 5
Added entity cow at 5, 40
Added entity cow at 9, 44
Added entity cow at 12, 46
Added entity wolf at 7, 2
Removed entity wolf from grid at 46, 24
Removed entity cow from grid at 19, 41
Removed entity cow from grid at 8, 37
Removed entity cow from grid at 4, 8
Removed entity wolf from grid at 38, 1
Removed entity wolf from grid at 20, 43
Added entity cow at 14, 43
Added entity wolf at 20, 23
Added entity wolf at 34, 3
Added entity wolf at 31, 27
Added entity wolf at 37, 26
Added entity wolf at 33, 20
Added entity cow at 46, 25
Removed entity wolf from grid at 38, 25
Removed entity wolf from grid at 19, 15
Removed entity cow from grid at 23, 49
Removed entity cow from grid at 46, 25
Removed entity wolf from grid at 8, 3
Removed entity cow from grid at 8, 36
Removed entity wolf from grid at 36, 23
Added entity cow at 13, 42
Added entity wolf at 18, 26
Removed entity wolf from grid at 37, 32
Removed entity wolf from grid at 6, 12
Added entity cow at 14, 41
Added entity berry at 15, 42
Added entity wolf at 20, 24
Added entity wolf at 29, 28
Added entity wolf at 22, 1
Added entity berry at 3, 2
Removed entity berry from grid at 43, 23
Added entity wolf at 33, 9
Added entity wolf at 32, 28
Added entity wolf at 37, 28
Removed entity wolf from grid at 29, 24
Added entity cow at 11, 45
Added entity cow at 4, 41
Removed entity berry from grid at 15, 42
Added entity wolf at 43, 33
Removed entity wolf from grid at 0, 1
Removed entity wolf from grid at 24, 12
Removed entity wolf from grid at 49, 21
Removed entity wolf from grid at 32, 26
Added entity cow at 5, 42
Added entity cow at 10, 45
Added entity wolf at 48, 24
Removed entity cow from grid at 1, 2
Removed entity cow from grid at 37, 26
Removed entity wolf from grid at 17, 17
Removed entity cow from grid at 46, 35
Removed entity cow from grid at 16, 41
Removed entity wolf from grid at 34, 34
Removed entity cow from grid at 25, 44
Added entity cow at 15, 42
Added entity wolf at 9, 2
Added entity wolf at 20, 3
Removed entity wolf from grid at 36, 26
Added entity cow at 14, 43
Added entity cow at 9, 46
Added entity cow at 4, 43
Removed entity cow from grid at 1, 2
Removed entity cow from grid at 48, 34
Removed entity cow from grid at 25, 42
Removed entity wolf from grid at 28, 5
Removed entity wolf from grid at 15, 36
Added entity cow at 8, 47
Added entity cow at 10, 44
Added entity wolf at 32, 8
Added entity wolf at 10, 25
Added entity wolf at 31, 39
Added entity wolf at 47, 43
Removed entity wolf from grid at 34, 9
Removed entity wolf from grid at 49, 40
Removed entity cow from grid at 2, 37
Removed entity cow from grid at 25, 47
Removed entity cow from grid at 4, 38
Removed entity wolf from grid at 30, 28
Removed entity wolf from grid at 28, 44
Removed entity cow from grid at 39, 29
Added entity cow at 3, 44
Added entity cow at 13, 42
Removed entity wolf from grid at 49, 33
Removed entity wolf from grid at 48, 24
Removed entity wolf from grid at 12, 13
Removed entity wolf from grid at 7, 1
Added entity cow at 12, 43
Added entity cow at 9, 48
Added entity wolf at 24, 29
Added entity wolf at 19, 23
Added entity wolf at 47, 17
Removed entity cow from grid at 44, 23
Removed entity cow from grid at 49, 33
Removed entity cow from grid at 48, 25
Added entity cow at 11, 42
Added entity cow at 4, 45
Removed entity wolf from grid at 48, 41
Removed entity cow from grid at 15, 41
Removed entity wolf from grid at 31, 28
Removed entity cow from grid at 42, 23
Removed entity wolf from grid at 25, 29
Removed entity cow from grid at 7, 38
Added entity wolf at 28, 11
Added entity wolf at 29, 18
Added entity wolf at 24, 41
Removed entity wolf from grid at 47, 42
Removed entity wolf from grid at 9, 24
Added entity cow at 3, 46
Added entity cow at 10, 43
Added entity wolf at 34, 2
Removed entity wolf from grid at 43, 23
Added entity naturereserve at 28, 29
Human Ruby built Nature Reserve for WOLF
Added entity wolf at 19, 20
Added entity wolf at 36, 28
Added entity wolf at 39, 22
Removed entity wolf from grid at 11, 18
Removed entity wolf from grid at 32, 5
Removed entity wolf from grid at 32, 41
Added entity naturereserve at 4, 12
Human Yara built Nature Reserve for WOLF
Removed entity wolf from grid at 36, 28
Removed entity wolf from grid at 39, 22
Added entity wolf at 29, 39
Removed entity wolf from grid at 32, 19
Removed entity wolf from grid at 14, 23
Removed entity wolf from grid at 12, 3
Added entity wolf at 24, 42
Added entity wolf at 43, 22
Added entity wolf at 31, 20
Added entity wolf at 18, 18
Removed entity wolf from grid at 32, 6
Added entity naturereserve at 44, 44
Human Ivy built Nature Reserve for WOLF
Added entity naturereserve at 3, 30
Human Tina built Nature Reserve for WOLF
Added entity naturereserve at 42, 21
Human Frank built Nature Reserve for WOLF
Added entity naturereserve at 4, 32
Human Yara built Nature Reserve for WOLF
Added entity naturereserve at 31, 40
Human Hank built Nature Reserve for WOLF
Removed entity wolf from grid at 26, 41
Added entity naturereserve at 11, 0
Human Frank built Nature Reserve for WOLF
Removed entity wolf from grid at 31, 20
Added entity wolf at 27, 30
Added entity cow at 2, 45
Added entity wolf at 22, 30
Removed entity wolf from grid at 43, 22
Removed entity wolf from grid at 42, 16
Removed entity cow from grid at 26, 46
Removed entity wolf from grid at 28, 39
Removed entity wolf from grid at 22, 0
Removed entity wolf from grid at 18, 23
Added entity cow at 1, 44
Added entity wolf at 44, 45
Added entity wolf at 9, 2
Added entity wolf at 22, 2
Removed entity cow from grid at 7, 33
Removed entity cow from grid at 26, 38
Removed entity cow from grid at 21, 41
Added entity tree at 33, 24
Added entity wolf at 30, 30
Added entity wolf at 7, 2
Added entity naturereserve at 32, 7
Human Charlie built Nature Reserve for WOLF
Added entity cow at 11, 43
Added entity wolf at 18, 24
Added entity wolf at 46, 17
Added entity wolf at 37, 27
Added entity wolf at 29, 8
Added entity naturereserve at 5, 25
Human Frank built Nature Reserve for WOLF
Removed entity wolf from grid at 18, 24
Added entity naturereserve at 2, 31
Human Luna built Nature Reserve for WOLF
Removed entity wolf from grid at 26, 28
Added entity cow at 11, 44
Added entity wolf at 43, 12
Added entity naturereserve at 27, 41
Human Wendy built Nature Reserve for WOLF
Removed entity wolf from grid at 42, 30
Removed entity wolf from grid at 21, 42
Added entity naturereserve at 30, 35
Human Diana built Nature Reserve for WOLF
Added entity cow at 12, 42
Added entity cow at 2, 43
Added entity wolf at 32, 10
Added entity wolf at 42, 22
Removed entity cow from grid at 12, 38
Removed entity wolf from grid at 31, 32
Added entity cow at 3, 42
Added entity cow at 11, 41
Added entity wolf at 22, 1
Added entity wolf at 40, 24
Added entity wolf at 11, 16
Added entity wolf at 48, 9
Removed entity cow from grid at 20, 39
Removed entity cow from grid at 39, 26
Removed entity cow from grid at 10, 37
Removed entity wolf from grid at 17, 15
Removed entity cow from grid at 11, 39
Removed entity wolf from grid at 10, 4
Removed entity wolf from grid at 0, 27
Removed entity cow from grid at 19, 31
Removed entity wolf from grid at 18, 19
Added entity cow at 12, 45
Added entity wolf at 32, 6
Added entity cow at 10, 49
Added entity wolf at 10, 27
Added entity wolf at 25, 40
Added entity wolf at 45, 33
Removed entity wolf from grid at 45, 22
Removed entity wolf from grid at 33, 25
Removed entity wolf from grid at 10, 17
Removed entity wolf from grid at 31, 32
Added entity naturereserve at 1, 25
Human Yara built Nature Reserve for WOLF
Added entity wolf at 4, 31
Added entity wolf at 4, 13
Added entity wolf at 28, 8
Added entity naturereserve at 19, 17
Human Ivy built Nature Reserve for WOLF
Removed entity wolf from grid at 38, 24
Added entity naturereserve at 24, 25
Human Tina built Nature Reserve for WOLF
Added entity cow at 10, 42
Added entity wolf at 9, 10
Added entity wolf at 25, 42
Added entity wolf at 37, 36
Added entity wolf at 48, 6
Removed entity wolf from grid at 46, 42
Removed entity cow from grid at 46, 21
Removed entity cow from grid at 11, 38
Removed entity cow from grid at 15, 37
Removed entity cow from grid at 20, 43
Removed entity wolf from grid at 4, 30
Removed entity wolf from grid at 23, 17
Added entity cow at 11, 48
Added entity wolf at 3, 11
Added entity wolf at 7, 2
Added entity naturereserve at 5, 30
Human Luna built Nature Reserve for WOLF
Added entity wolf at 18, 16
Added entity wolf at 0, 26
Added entity wolf at 11, 8
Added entity wolf at 30, 30
Removed entity wolf from grid at 5, 11
Removed entity wolf from grid at 26, 2
Removed entity cow from grid at 39, 27
Removed entity wolf from grid at 21, 38
Added entity cow at 2, 41
Added entity wolf at 30, 30
Added entity wolf at 36, 29
Added entity wolf at 47, 9
Removed entity wolf from grid at 20, 21
Added entity naturereserve at 25, 26
Human Hank built Nature Reserve for WOLF
Removed entity wolf from grid at 36, 29
Removed entity wolf from grid at 11, 8
Added entity naturereserve at 5, 31
Human Charlie built Nature Reserve for WOLF
Removed entity wolf from grid at 24, 41
Added entity wolf at 25, 25
Added entity berry at 16, 16
Added entity wolf at 41, 21
Added entity wolf at 31, 19
Added entity wolf at 49, 7
Added entity naturereserve at 3, 37
Human Luna built Nature Reserve for WOLF
Removed entity wolf from grid at 42, 30
Added entity naturereserve at 31, 23
Human Luna built Nature Reserve for WOLF
Removed entity wolf from grid at 5, 29
Added entity naturereserve at 39, 47
Human Charlie built Nature Reserve for WOLF
Added entity cow at 1, 40
Added entity wolf at 20, 23
Added entity wolf at 23, 41
Added entity wolf at 42, 23
Added entity wolf at 12, 16
Added entity naturereserve at 22, 24
Human Frank built Nature Reserve for WOLF
Removed entity wolf from grid at 23, 41
Removed entity wolf from grid at 39, 16
Added entity wolf at 6, 30
Added entity cow at 9, 41
Added entity wolf at 16, 0
Added entity wolf at 34, 37
Added entity wolf at 47, 6
Added entity wolf at 7, 7
Added entity tree at 9, 33
Added entity naturereserve at 29, 48
Human Zane built Nature Reserve for WOLF
Removed entity wolf from grid at 25, 25
Added entity wolf at 31, 22
Added entity wolf at 43, 43
Added entity wolf at 7, 2
Added entity wolf at 18, 3
Added entity cow at 46, 33
Removed entity cow from grid at 5, 35
Removed entity cow from grid at 14, 44
Added entity naturereserve at 22, 4
Human Victor built Nature Reserve for WOLF
Added entity wolf at 35, 2
Added entity wolf at 15, 41
Added entity wolf at 16, 25
Added entity wolf at 45, 18
Added entity tree at 29, 41
Added entity tree at 3, 10
Added entity tree at 8, 22
Removed entity cow from grid at 46, 33
Removed entity wolf from grid at 45, 18
Removed entity wolf from grid at 32, 17
Added entity tree at 26, 47
Added entity tree at 36, 10
Added entity tree at 26, 45
Added entity tree at 3, 28
Added entity tree at 17, 23
Added entity tree at 41, 42
Removed entity wolf from grid at 14, 14
Added entity tree at 20, 15
Added entity tree at 36, 35
Added entity tree at 19, 23
Added entity tree at 19, 34
Added entity tree at 28, 37
Added entity tree at 40, 16
Added entity tree at 10, 7
Added entity tree at 5, 26
Added entity tree at 13, 30
Added entity tree at 28, 38
Removed entity wolf from grid at 16, 25
Added entity tree at 20, 3
Added entity tree at 12, 23
Added entity tree at 27, 14
Added entity cow at 10, 40
Added entity wolf at 24, 27
Added entity wolf at 24, 40
Added entity wolf at 18, 19
Added entity tree at 29, 16
Added entity tree at 4, 10
Added entity tree at 38, 17
Added entity tree at 9, 22
Added entity tree at 31, 21
Added entity tree at 31, 15
Added entity tree at 27, 47
Removed entity wolf from grid at 4, 30
Removed entity wolf from grid at 41, 43
Added entity human at 22, 26
Removed entity wolf from grid at 20, 23
Removed entity tree from grid at 28, 38
Added entity human at 4, 28
Removed entity tree from grid at 13, 30
Added entity cow at 11, 39
Added entity wolf at 36, 4
Added entity wolf at 33, 36
Added entity tree at 5, 10
Removed entity wolf from grid at 40, 19
Added entity tree at 7, 23
Removed entity wolf from grid at 14, 41
Removed entity tree from grid at 27, 47
Removed entity wolf from grid at 35, 9
Removed entity tree from grid at 26, 45
Removed entity wolf from grid at 39, 34
Removed entity wolf from grid at 30, 23
Removed entity wolf from grid at 9, 5
Added entity cow at 10, 38
Removed entity wolf from grid at 22, 27
Added entity cow at 12, 47
Added entity wolf at 2, 26
Added entity wolf at 24, 34
Added entity wolf at 32, 29
Added entity wolf at 35, 37
Removed entity cow from grid at 41, 27
Removed entity cow from grid at 13, 40
Removed entity wolf from grid at 4, 29
Removed entity cow from grid at 14, 42
Removed entity wolf from grid at 33, 36
Removed entity wolf from grid at 22, 40
Removed entity wolf from grid at 18, 6
Added entity cow at 11, 37
Added entity wolf at 9, 27
Removed entity wolf from grid at 32, 38
Removed entity wolf from grid at 41, 20
Removed entity wolf from grid at 19, 16
Removed entity cow from grid at 3, 32
Removed entity wolf from grid at 34, 37
Added entity cow at 12, 38
Added entity wolf at 29, 36
Added entity wolf at 15, 41
Added entity wolf at 32, 20
Removed entity wolf from grid at 46, 14
Removed entity wolf from grid at 13, 13
Added entity naturereserve at 13, 16
Human Quinn built Nature Reserve for WOLF
Added entity cow at 13, 37
Added entity cow at 2, 39
Added entity cow at 11, 44
Added entity wolf at 45, 43
Added entity wolf at 31, 30
Removed entity wolf from grid at 2, 26
Removed entity wolf from grid at 47, 15
Removed entity wolf from grid at 32, 20
Removed entity wolf from grid at 31, 36
Added entity cow at 12, 36
Removed entity wolf from grid at 6, 28
Added entity wolf at 27, 29
Added entity wolf at 49, 8
Removed entity wolf from grid at 16, 38
Removed entity cow from grid at 35, 38
Removed entity cow from grid at 17, 37
Added entity cow at 13, 48
Added entity wolf at 40, 46
Added entity wolf at 31, 35
Added entity berry at 14, 40
Added entity wolf at 33, 7
Added entity wolf at 24, 42
Added entity wolf at 7, 3
Added entity wolf at 32, 22
Added entity wolf at 48, 25
Removed entity wolf from grid at 24, 38
Removed entity cow from grid at 10, 31
Added entity cow at 11, 35
Added entity cow at 3, 38
Added entity wolf at 27, 30
Added entity wolf at 45, 35
Added entity wolf at 39, 23
Added entity wolf at 43, 33
Added entity wolf at 45, 30
Added entity tree at 5, 11
Removed entity wolf from grid at 36, 29
Removed entity cow from grid at 49, 35
Removed entity cow from grid at 13, 38
Removed entity wolf from grid at 32, 28
Added entity tree at 16, 11
Added entity cow at 10, 36
Removed entity berry from grid at 14, 40
Added entity wolf at 5, 3
Added entity wolf at 47, 23
Removed entity cow from grid at 13, 39
Removed entity cow from grid at 20, 40
Removed entity wolf from grid at 28, 28
Removed entity cow from grid at 10, 34
Removed entity cow from grid at 13, 37
Added entity wolf at 30, 48
Added entity wolf at 32, 41
Added entity wolf at 40, 22
Added entity wolf at 32, 20
Added entity wolf at 47, 45
Removed entity tree from grid at 3, 28
Added entity human at 15, 39
Removed entity wolf from grid at 33, 7
Added entity house at 26, 44
Removed entity wolf from grid at 32, 30
Removed entity cow from grid at 10, 36
Removed entity wolf from grid at 5, 9
Removed entity tree from grid at 11, 31
Removed entity tree from grid at 9, 33
Added entity human at 14, 39
Added entity tree at 15, 38
Added entity tree at 16, 38
Added entity tree at 12, 32
Added entity wolf at 29, 30
Removed entity wolf from grid at 33, 35
Removed entity cow from grid at 12, 37
Removed entity human from grid at 25, 44
Removed entity cow from grid at 40, 32
Removed entity human from grid at 26, 43
Added entity human at 11, 31
Removed entity cow from grid at 12, 38
Removed entity wolf from grid at 30, 11
Removed entity tree from grid at 12, 32
Removed entity tree from grid at 15, 38
Removed entity tree from grid at 16, 38
Added entity wolf at 18, 17
Added entity wolf at 9, 1
Added entity wolf at 8, 27
Removed entity cow from grid at 11, 33
Removed entity wolf from grid at 45, 35
Removed entity wolf from grid at 34, 24
Added entity human at 25, 42
Added entity human at 24, 41
Removed entity cow from grid at 13, 34
Removed entity wolf from grid at 29, 26
Added entity tree at 24, 40
Added entity tree at 26, 41
Added entity wolf at 14, 15
Added entity tree at 27, 29
Added entity wolf at 2, 36
Added entity wolf at 4, 30
Removed entity wolf from grid at 9, 28
Removed entity tree from grid at 24, 40
Added entity human at 24, 43
Added entity cow at 2, 37
Added entity cow at 10, 45
Added entity berry at 7, 4
Added entity wolf at 22, 29
Added entity human at 4, 6
Added entity human at 12, 31
Removed entity tree from grid at 45, 38
Removed entity wolf from grid at 32, 5
Removed entity wolf from grid at 17, 19
Added entity human at 10, 34
Removed entity wolf from grid at 19, 39
Added entity tree at 9, 33
Added entity tree at 12, 30
Added entity human at 5, 5
Added entity cow at 3, 36
Added entity human at 25, 40
Added entity human at 15, 38
Added entity human at 16, 40
Removed entity wolf from grid at 30, 28
Added entity wolf at 11, 3
Added entity wolf at 26, 40
Added entity wolf at 29, 37
Added entity wolf at 20, 2
Added entity wolf at 43, 10
Removed entity wolf from grid at 43, 30
Removed entity cow from grid at 18, 38
Removed entity wolf from grid at 20, 29
Removed entity wolf from grid at 32, 36
Removed entity cow from grid at 6, 36
Removed entity wolf from grid at 6, 4
Removed entity tree from grid at 12, 30
Added entity human at 13, 33
Added entity human at 5, 34
Added entity wolf at 5, 14
Added entity wolf at 20, 20
Added entity wolf at 30, 20
Added entity wolf at 8, 5
Removed entity cow from grid at 44, 29
Removed entity cow from grid at 12, 34
Removed entity wolf from grid at 31, 27
Removed entity tree from grid at 7, 34
Removed entity wolf from grid at 43, 33
Added entity human at 31, 38
Added entity tree at 30, 37
Added entity tree at 4, 33
Added entity human at 18, 40
Added entity cow at 2, 35
Added entity human at 6, 4
Removed entity tree from grid at 9, 33
Added entity human at 11, 32
Removed entity cow from grid at 14, 42
Removed entity cow from grid at 15, 41
Added entity wolf at 31, 8
Added entity wolf at 29, 39
Added entity human at 6, 32
Added entity human at 33, 39
Removed entity cow from grid at 8, 35
Removed entity cow from grid at 17, 42
Added entity tree at 33, 38
Removed entity tree from grid at 6, 31
Added entity human at 10, 31
Added entity cow at 3, 34
Added entity human at 17, 39
Removed entity tree from grid at 30, 37
Added entity human at 9, 33
Removed entity wolf from grid at 4, 4
Added entity wolf at 34, 9
Added entity wolf at 27, 30
Added entity wolf at 21, 13
Added entity tree at 27, 15
Added entity human at 5, 28
Removed entity wolf from grid at 47, 13
Removed entity tree from grid at 46, 40
Removed entity cow from grid at 15, 41
Removed entity cow from grid at 45, 28
Removed entity wolf from grid at 32, 37
Removed entity tree from grid at 8, 34
Added entity human at 3, 31
Added entity tree at 4, 27
Added entity tree at 9, 32
Added entity tree at 16, 38
Added entity human at 12, 33
Removed entity cow from grid at 15, 44
Added entity human at 25, 37
Added entity cow at 9, 46
Removed entity cow from grid at 28, 45
Added entity wolf at 28, 32
Added entity wolf at 19, 20
Added entity house at 49, 39
Added entity human at 45, 27
Removed entity tree from grid at 19, 34
Added entity human at 17, 41
Removed entity cow from grid at 46, 30
Added entity tree at 16, 40
Added entity human at 24, 36
Added entity human at 13, 32
Removed entity tree from grid at 4, 27
Removed entity tree from grid at 16, 38
Added entity cow at 2, 33
Added entity human at 7, 28
Added entity human at 31, 38
Added entity human at 17, 36
Added entity wolf at 28, 48
Added entity wolf at 4, 11
Added entity wolf at 28, 30
Added entity wolf at 27, 6
Removed entity tree from grid at 8, 32
Removed entity human from grid at 49, 40
Removed entity tree from grid at 16, 40
Removed entity cow from grid at 16, 45
Removed entity wolf from grid at 49, 26
Removed entity wolf from grid at 31, 18
Added entity tree at 16, 35
Added entity tree at 30, 37
Added entity tree at 12, 31
Added entity tree at 16, 40
Added entity human at 4, 27
Added entity human at 8, 32
Removed entity tree from grid at 13, 44
Removed entity cow from grid at 11, 39
Removed entity cow from grid at 5, 39
Added entity wolf at 31, 26
Removed entity wolf from grid at 28, 32
Removed entity wolf from grid at 35, 22
Removed entity wolf from grid at 30, 31
Removed entity wolf from grid at 14, 13
Added entity house at 19, 31
Added entity tree at 8, 31
Added entity human at 18, 37
Added entity human at 30, 39
Removed entity tree from grid at 16, 40
Added entity human at 47, 23
Added entity human at 20, 42
Removed entity tree from grid at 30, 37
Added entity human at 3, 6
Removed entity tree from grid at 5, 37
Added entity wolf at 29, 18
Added entity wolf at 20, 18
Removed entity wolf from grid at 33, 21
Added entity human at 27, 38
Removed entity tree from grid at 17, 32
Added entity house at 22, 31
Added entity tree at 26, 37
Added entity tree at 2, 5
Added entity tree at 20, 41
Removed entity wolf from grid at 29, 38
Added entity tree at 18, 36
Added entity cow at 3, 34
Added entity human at 3, 29
Removed entity cow from grid at 13, 38
Removed entity human from grid at 15, 42
Added entity wolf at 45, 29
Removed entity cow from grid at 3, 34
Removed entity human from grid at 20, 30
Removed entity cow from grid at 14, 42
Removed entity human from grid at 18, 31
Removed entity human from grid at 21, 31
Removed entity cow from grid at 3, 33
Removed entity tree from grid at 28, 37
Added entity human at 19, 43
Removed entity wolf from grid at 49, 22
Added entity human at 8, 30
Removed entity wolf from grid at 6, 31
Added entity human at 6, 36
Removed entity cow from grid at 11, 40
Removed entity human from grid at 22, 30
Added entity wolf at 18, 17
Removed entity wolf from grid at 36, 5
Removed entity wolf from grid at 45, 30
Added entity human at 47, 32
Removed entity wolf from grid at 2, 34
Added entity human at 48, 26
Removed entity tree from grid at 2, 32
Removed entity cow from grid at 2, 33
Added entity tree at 47, 31
Added entity tree at 6, 35
Removed entity tree from grid at 8, 31
Added entity human at 18, 42
Added entity human at 0, 30
Added entity human at 47, 21
Removed entity tree from grid at 18, 36
Added entity human at 7, 30
Added entity human at 11, 34
Added entity human at 19, 39
Removed entity human from grid at 1, 33
Removed entity wolf from grid at 30, 32
Removed entity cow from grid at 4, 36
Removed entity cow from grid at 15, 45
Removed entity cow from grid at 8, 40
Added entity house at 23, 47
Added entity wolf at 30, 48
Added entity wolf at 18, 18
Added entity wolf at 36, 4
Added entity wolf at 27, 9
Added entity human at 48, 31
Added entity tree at 48, 30
Added entity tree at 19, 38
Added entity human at 19, 41
Added entity human at 48, 33
Added entity human at 7, 37
Added entity human at 16, 36
Removed entity tree from grid at 5, 26
Removed entity cow from grid at 10, 41
Removed entity cow from grid at 3, 36
Removed entity wolf from grid at 33, 47
Removed entity tree from grid at 5, 36
Removed entity cow from grid at 13, 42
Removed entity wolf from grid at 31, 49
Added entity wolf at 31, 38
Added entity wolf at 46, 43
Removed entity wolf from grid at 49, 11
Removed entity wolf from grid at 31, 25
Removed entity tree from grid at 13, 46
Added entity tree at 17, 35
Added entity tree at 8, 36
Added entity tree at 48, 32
Added entity human at 20, 42
Added entity human at 49, 30
Removed entity tree from grid at 5, 32
Added entity human at 45, 21
Removed entity tree from grid at 1, 32
Added entity human at 44, 24
Added entity human at 8, 29
Removed entity cow from grid at 16, 46
Removed entity wolf from grid at 32, 37
Added entity human at 3, 28
Removed entity cow from grid at 11, 42
Added entity cow at 8, 45
Removed entity tree from grid at 16, 35
Removed entity tree from grid at 26, 41
Removed entity tree from grid at 23, 45
Added entity wolf at 7, 2
Added entity wolf at 31, 26
Added entity cow at 15, 45
Removed entity wolf from grid at 31, 26
Removed entity wolf from grid at 18, 5
Added entity tree at 2, 27
Added entity tree at 7, 28
Added entity tree at 44, 23
Added entity tree at 48, 29
Added entity tree at 21, 41
Removed entity tree from grid at 17, 35
Removed entity tree from grid at 6, 37
Added entity human at 49, 34
Added entity human at 18, 39
Added entity human at 1, 31
Removed entity tree from grid at 18, 44
Added entity human at 29, 40
Added entity human at 0, 11
Added entity human at 25, 29
Removed entity cow from grid at 15, 45
Removed entity cow from grid at 1, 36
Removed entity wolf from grid at 2, 10
Removed entity cow from grid at 13, 44
Removed entity cow from grid at 8, 38
Added entity wolf at 28, 30
Added entity wolf at 34, 2
Added entity wolf at 34, 36
Removed entity human from grid at 49, 40
Removed entity wolf from grid at 28, 18
Added entity tree at 24, 28
Added entity tree at 0, 10
Added entity tree at 0, 30
Added entity human at 17, 40
Removed entity tree from grid at 2, 27
Added entity human at 43, 25
Added entity human at 45, 21
Removed entity tree from grid at 20, 41
Added entity human at 6, 32
Removed entity tree from grid at 4, 33
Added entity house at 20, 34
Added entity wolf at 26, 41
Added entity wolf at 30, 28
Added entity wolf at 36, 26
Added entity wolf at 4, 11
Added entity house at 15, 32
Added entity tree at 6, 31
Added entity tree at 44, 20
Added entity tree at 16, 39
Removed entity tree from grid at 25, 28
Added entity human at 30, 37
Added entity human at 2, 30
Added entity human at 9, 31
Removed entity wolf from grid at 45, 25
Added entity human at 12, 33
Removed entity cow from grid at 7, 38
Removed entity human from grid at 9, 31
Added entity house at 30, 46
Added entity cow at 14, 49
Added entity wolf at 22, 23
Added entity wolf at 18, 25
Added entity wolf at 21, 20
Added entity wolf at 12, 7
Added entity wolf at 27, 6
Removed entity wolf from grid at 20, 17
Removed entity human from grid at 29, 45
Removed entity wolf from grid at 20, 4
Added entity cow at 15, 48
Added entity tree at 11, 32
Added entity human at 3, 31
Added entity human at 7, 31
Removed entity tree from grid at 45, 20
Removed entity tree from grid at 16, 39
Removed entity wolf from grid at 1, 11
Added entity human at 45, 30
Added entity cow at 9, 46
Added entity human at 22, 44
Added entity human at 9, 35
Removed entity cow from grid at 13, 44
Removed entity tree from grid at 8, 36
Removed entity cow from grid at 1, 38
Removed entity wolf from grid at 33, 35
Removed entity cow from grid at 8, 40
Added entity human at 29, 31
Removed entity human from grid at 31, 45
Removed entity tree from grid at 6, 35
Removed entity wolf from grid at 28, 39
Added entity wolf at 29, 34
Removed entity tree from grid at 12, 31
Added entity house at 23, 43
Added entity tree at 28, 30
Added entity tree at 8, 34
Added entity tree at 22, 43
Added entity cow at 10, 45
Added entity tree at 44, 29
Added entity tree at 6, 30
Added entity human at 13, 32
Removed entity human from grid at 32, 36
Added entity human at 46, 22
Removed entity tree from grid at 0, 10
Added entity human at 3, 28
Added entity human at 47, 29
Removed entity cow from grid at 4, 36
Removed entity tree from grid at 2, 38
Removed entity cow from grid at 15, 48
Removed entity cow from grid at 11, 43
Removed entity cow from grid at 9, 39
Removed entity cow from grid at 12, 45
Removed entity human from grid at 21, 34
Added entity wolf at 38, 46
Added entity wolf at 1, 26
Added entity wolf at 8, 26
Added entity wolf at 39, 22
Removed entity wolf from grid at 29, 29
Removed entity tree from grid at 22, 43
Added entity house at 23, 44
Removed entity human from grid at 10, 35
Added entity tree at 46, 28
Added entity tree at 9, 34
Added entity tree at 22, 43
Added entity human at 17, 42
Added entity human at 1, 10
Removed entity tree from grid at 6, 42
Removed entity cow from grid at 1, 39
New Faction INDIGO_408 registered with traits: {
  moveSpeed: [33m1.076011524204277[39m,
  hungerRate: [33m1.0785215956452359[39m,
  visionRadius: [33m1.0633426149254226[39m,
  aggression: [33m1.0317128566102365[39m
}
Societal Split! RED -> INDIGO_408 (Threshold: 6)
Removed entity cow from grid at 3, 38
Removed entity cow from grid at 7, 38
Removed entity tree from grid at 19, 38
Added entity wolf at 34, 3
Added entity wolf at 31, 8
Added entity wolf at 14, 41
Added entity wolf at 36, 34
Added entity wolf at 28, 6
Removed entity human from grid at 14, 32
Removed entity wolf from grid at 37, 28
Added entity tree at 47, 28
Added entity tree at 44, 21
Added entity cow at 11, 46
Added entity tree at 8, 35
Removed entity human from grid at 22, 44
Removed entity tree from grid at 0, 30
Removed entity human from grid at 14, 31
Added entity human at 39, 27
Removed entity wolf from grid at 2, 29
Removed entity human from grid at 20, 33
Removed entity cow from grid at 7, 40
Removed entity cow from grid at 3, 38
Removed entity tree from grid at 5, 44
Added entity house at 25, 42
Removed entity human from grid at 23, 42
Added entity house at 13, 38
Removed entity wolf from grid at 18, 1
Removed entity wolf from grid at 3, 9
Added entity tree at 48, 28
Added entity tree at 1, 27
Added entity human at 46, 21
Removed entity cow from grid at 15, 49
Added entity human at 5, 34
Removed entity human from grid at 22, 44
Removed entity human from grid at 12, 38
Added entity wolf at 4, 38
Added entity wolf at 9, 27
Added entity wolf at 39, 23
Added entity wolf at 7, 5
Removed entity human from grid at 12, 37
Removed entity wolf from grid at 30, 33
Removed entity wolf from grid at 39, 23
Removed entity wolf from grid at 42, 22
Removed entity wolf from grid at 4, 40
Added entity naturereserve at 43, 23
Human Zane built Nature Reserve for COW
Added entity naturereserve at 5, 35
Human Grace built Nature Reserve for COW
Added entity wolf at 39, 48
Added entity wolf at 16, 40
Added entity wolf at 31, 20
Added entity cow at 12, 45
Cow Endangered Reproduction!
Removed entity tree from grid at 8, 35
Removed entity tree from grid at 7, 28
Removed entity human from grid at 5, 38
Removed entity wolf from grid at 35, 34
Removed entity tree from grid at 4, 39
Removed entity tree from grid at 8, 34
Removed entity wolf from grid at 18, 38
Added entity tree at 49, 1
Added entity tree at 43, 18
Added entity tree at 39, 24
Added entity tree at 1, 7
Added entity human at 46, 32
Added entity human at 4, 27
Added entity human at 33, 28
Removed entity cow from grid at 3, 40
Removed entity wolf from grid at 6, 27
Removed entity cow from grid at 4, 40
Added entity human at 27, 39
Added entity house at 18, 35
Added entity wolf at 21, 5
Added entity wolf at 26, 42
Added entity wolf at 11, 8
Added entity wolf at 20, 24
Added entity wolf at 31, 39
Removed entity wolf from grid at 8, 25
Removed entity wolf from grid at 34, 30
Removed entity tree from grid at 22, 43
Added entity cow at 6, 34
Removed entity wolf from grid at 17, 43
Added entity naturereserve at 42, 26
Human Pip built Nature Reserve for COW
Added entity wolf at 30, 49
Added entity wolf at 11, 1
Added entity wolf at 9, 25
Added entity wolf at 29, 31
Added entity wolf at 29, 19
Added entity wolf at 49, 8
Removed entity human from grid at 26, 41
Removed entity human from grid at 22, 43
Added entity cow at 4, 35
Added entity tree at 1, 28
Removed entity tree from grid at 42, 24
Added entity human at 21, 42
Removed entity cow from grid at 1, 38
Added entity house at 11, 42
Removed entity cow from grid at 4, 35
Removed entity cow from grid at 4, 40
Added entity wolf at 27, 32
Added entity wolf at 34, 3
Added entity wolf at 41, 23
Removed entity human from grid at 24, 42
Removed entity wolf from grid at 31, 30
Removed entity wolf from grid at 30, 42
Added entity wolf at 4, 30
Added entity wolf at 24, 41
Removed entity wolf from grid at 24, 24
Added entity cow at 4, 36
Removed entity wolf from grid at 4, 6
Removed entity human from grid at 19, 36
Removed entity wolf from grid at 9, 25
Removed entity wolf from grid at 6, 32
Removed entity wolf from grid at 22, 40
Removed entity wolf from grid at 37, 49
Added entity wolf at 1, 24
Added entity wolf at 26, 42
Added entity wolf at 35, 30
Added entity wolf at 30, 20
Added entity tree at 15, 3
Removed entity wolf from grid at 41, 23
Added entity naturereserve at 42, 30
Human Victor built Nature Reserve for COW
Removed entity wolf from grid at 8, 6
Removed entity wolf from grid at 28, 21
Added entity naturereserve at 1, 35
Human Bob built Nature Reserve for COW
Removed entity human from grid at 24, 46
Added entity wolf at 20, 18
Added entity cow at 41, 27
Added entity cow at 7, 37
Cow Endangered Reproduction!
Removed entity tree from grid at 28, 46
Added entity human at 5, 23
Added entity cow at 13, 46
Removed entity wolf from grid at 5, 6
Added entity human at 31, 32
Removed entity wolf from grid at 28, 42
Removed entity tree from grid at 21, 41
Added entity berry at 16, 19
Added entity wolf at 26, 25
Added entity wolf at 24, 41
Added entity wolf at 31, 19
Added entity cow at 4, 35
Added entity tree at 23, 41
Added entity tree at 5, 23
Added entity human at 44, 31
Added entity human at 7, 25
Removed entity cow from grid at 13, 43
Removed entity wolf from grid at 23, 38
Removed entity human from grid at 22, 47
Removed entity tree from grid at 9, 34
Removed entity cow from grid at 4, 35
Removed entity tree from grid at 6, 31
Removed entity cow from grid at 2, 38
Removed entity wolf from grid at 40, 45
Removed entity tree from grid at 23, 35
Added entity wolf at 20, 17
Added entity berry at 3, 48
Added entity wolf at 49, 8
Removed entity wolf from grid at 32, 35
Added entity cow at 14, 45
Cow Endangered Reproduction!
Added entity tree at 3, 23
Added entity tree at 24, 41
Added entity tree at 34, 30
Added entity human at 40, 24
Added entity human at 7, 39
Removed entity wolf from grid at 36, 20
Added entity house at 28, 46
Removed entity wolf from grid at 32, 37
Removed entity human from grid at 4, 33
Removed entity tree from grid at 12, 49
Added entity wolf at 31, 8
Added entity wolf at 3, 11
Removed entity wolf from grid at 33, 29
Removed entity wolf from grid at 26, 24
Added entity tree at 7, 38
Added entity human at 41, 23
Removed entity tree from grid at 8, 24
Added entity human at 43, 34
Removed entity tree from grid at 24, 41
Added entity human at 35, 32
Removed entity tree from grid at 1, 27
Removed entity cow from grid at 6, 39
Removed entity tree from grid at 36, 21
Added entity human at 7, 33
Added entity house at 14, 42
Removed entity tree from grid at 9, 32
Removed entity tree from grid at 7, 38
Removed entity cow from grid at 6, 35
Removed entity human from grid at 10, 36
Removed entity human from grid at 28, 47
Added entity wolf at 32, 41
Added entity wolf at 16, 41
Added entity wolf at 20, 23
Added entity wolf at 29, 26
Added entity wolf at 47, 18
Added entity wolf at 32, 38
Added entity wolf at 6, 6
Added entity cow at 13, 44
Cow Endangered Reproduction!
Removed entity wolf from grid at 5, 5
Removed entity human from grid at 13, 43
Removed entity human from grid at 15, 42
Removed entity wolf from grid at 32, 36
Removed entity wolf from grid at 43, 48
Added entity wolf at 18, 23
Added entity wolf at 6, 15
Added entity wolf at 16, 0
Added entity wolf at 45, 35
Added entity wolf at 46, 26
Added entity cow at 3, 43
Cow Endangered Reproduction!
Removed entity human from grid at 28, 47
Removed entity wolf from grid at 0, 25
Removed entity human from grid at 18, 36
Removed entity human from grid at 10, 43
Removed entity wolf from grid at 41, 49
Added entity wolf at 10, 1
Added entity wolf at 22, 28
Added entity wolf at 16, 41
Added entity tree at 48, 15
Removed entity wolf from grid at 44, 35
Added entity cow at 8, 38
Added entity cow at 4, 34
Removed entity wolf from grid at 19, 41
Removed entity wolf from grid at 36, 19
Removed entity wolf from grid at 18, 41
Removed entity wolf from grid at 28, 48
Added entity tree at 12, 46
Removed entity wolf from grid at 43, 45
Added entity wolf at 14, 15
Added entity wolf at 26, 40
Added entity wolf at 34, 10
Added entity wolf at 24, 34
Added entity wolf at 26, 7
Added entity wolf at 24, 41
Added entity wolf at 6, 12
Removed entity berry from grid at 3, 48
Removed entity wolf from grid at 36, 39
Removed entity cow from grid at 41, 29
Removed entity wolf from grid at 6, 20
Added entity cow at 42, 29
Removed entity wolf from grid at 5, 6
Removed entity wolf from grid at 49, 25
Removed entity wolf from grid at 42, 49
Added entity wolf at 20, 17
Added entity wolf at 23, 30
Removed entity wolf from grid at 32, 19
Added entity cow at 7, 37
Added entity cow at 4, 42
Removed entity wolf from grid at 43, 11
Removed entity wolf from grid at 22, 38
Added entity wolf at 29, 49
Added entity wolf at 4, 25
Added entity wolf at 33, 6
Added entity wolf at 28, 9
Added entity cow at 4, 49
Removed entity wolf from grid at 27, 39
Added entity cow at 5, 48
Added entity cow at 3, 41
Removed entity wolf from grid at 31, 26
Removed entity wolf from grid at 43, 11
Removed entity wolf from grid at 15, 23
Added entity wolf at 23, 24
Added entity wolf at 31, 39
Added entity wolf at 3, 31
Added entity wolf at 32, 8
Added entity wolf at 34, 29
Added entity wolf at 16, 13
Added entity tree at 37, 13
Removed entity wolf from grid at 31, 34
Removed entity cow from grid at 42, 28
Added entity cow at 6, 49
Added entity cow at 8, 38
Added entity cow at 4, 37
Added entity cow at 12, 43
Added entity cow at 41, 27
Removed entity wolf from grid at 8, 5
Removed entity wolf from grid at 6, 17
Removed entity cow from grid at 41, 27
Removed entity wolf from grid at 46, 48
Added entity wolf at 22, 5
Added entity wolf at 28, 11
Added entity wolf at 16, 25
Added entity wolf at 45, 18
Added entity wolf at 40, 24
Added entity tree at 19, 30
Added entity cow at 9, 37
Removed entity wolf from grid at 4, 27
Removed entity wolf from grid at 11, 17
Removed entity wolf from grid at 45, 20
Added entity cow at 44, 24
Removed entity wolf from grid at 44, 10
Removed entity wolf from grid at 9, 3
Removed entity wolf from grid at 28, 49
Removed entity wolf from grid at 34, 38
Removed entity wolf from grid at 15, 23
Added entity tree at 17, 45
Added entity tree at 19, 44
Added entity wolf at 40, 47
Added entity wolf at 41, 21
Added entity wolf at 47, 18
Added entity wolf at 20, 14
Added entity tree at 37, 5
Removed entity wolf from grid at 28, 22
Added entity cow at 13, 44
Added entity cow at 4, 42
Removed entity wolf from grid at 42, 20
Added entity cow at 42, 22
Removed entity wolf from grid at 34, 28
Removed entity wolf from grid at 21, 23
Removed entity wolf from grid at 13, 22
Removed entity wolf from grid at 26, 25
Added entity wolf at 4, 30
Added entity wolf at 4, 29
Added entity wolf at 1, 31
Added entity wolf at 39, 22
Removed entity wolf from grid at 39, 22
Added entity cow at 14, 43
Added entity cow at 10, 36
Added entity cow at 3, 38
Removed entity wolf from grid at 5, 28
Removed entity wolf from grid at 27, 24
Added entity berry at 20, 20
Removed entity wolf from grid at 47, 17
Removed entity wolf from grid at 42, 46
Removed entity wolf from grid at 6, 33
Removed entity tree from grid at 32, 45
Removed entity cow from grid at 1, 34
Removed entity cow from grid at 5, 36
Added entity cow at 2, 39
Added entity human at 5, 27
Added entity human at 10, 32
Removed entity wolf from grid at 45, 8
Removed entity wolf from grid at 37, 23
Added entity house at 28, 44
Added entity house at 24, 35
Added entity house at 16, 43
Added entity wolf at 30, 23
Added entity wolf at 2, 36
Added entity wolf at 5, 24
Added entity wolf at 36, 28
Added entity wolf at 24, 2
Added entity wolf at 16, 14
Removed entity wolf from grid at 36, 28
Added entity human at 9, 31
Added entity cow at 1, 40
Added entity cow at 9, 37
Added entity cow at 15, 42
Added entity human at 48, 21
Added entity human at 30, 49
Removed entity cow from grid at 3, 36
Removed entity cow from grid at 16, 47
Removed entity tree from grid at 19, 44
Added entity wolf at 34, 1
Added entity wolf at 38, 23
Added entity wolf at 47, 7
Removed entity wolf from grid at 2, 34
Added entity tree at 30, 48
Added entity cow at 16, 41
Added entity cow at 8, 36
Added entity cow at 2, 41
Removed entity wolf from grid at 31, 22
Removed entity wolf from grid at 3, 13
Removed entity wolf from grid at 36, 25
Removed entity tree from grid at 26, 47
Removed entity wolf from grid at 6, 31
Added entity wolf at 4, 33
Added entity wolf at 34, 4
Added entity wolf at 33, 10
Added entity cow at 44, 31
Added entity cow at 17, 40
Added entity tree at 31, 48
Removed entity wolf from grid at 2, 30
Added entity human at 42, 40
Added entity cow at 43, 25
Added entity cow at 6, 34
Removed entity wolf from grid at 13, 2
Removed entity wolf from grid at 5, 34
Removed entity wolf from grid at 45, 15
Removed entity cow from grid at 44, 24
Removed entity tree from grid at 17, 45
Added entity wolf at 20, 23
Added entity wolf at 48, 26
Added entity tree at 37, 12
Added entity human at 43, 39
Added entity cow at 3, 40
Removed entity cow from grid at 6, 34
Removed entity cow from grid at 19, 44
Removed entity wolf from grid at 25, 19
Removed entity cow from grid at 9, 33
Added entity wolf at 29, 36
Added entity wolf at 30, 41
Added entity wolf at 41, 11
Added entity cow at 2, 39
Added entity cow at 7, 37
Removed entity wolf from grid at 16, 17
Removed entity wolf from grid at 7, 25
Removed entity wolf from grid at 44, 6
Added entity tree at 24, 6
Removed entity wolf from grid at 20, 21
Removed entity wolf from grid at 15, 24
Added entity wolf at 20, 16
Added entity wolf at 4, 11
Added entity wolf at 41, 10
Added entity cow at 1, 38
Added entity cow at 41, 23
Added entity human at 30, 45
Added entity human at 7, 31
Added entity cow at 43, 22
Added entity human at 34, 31
Added entity human at 8, 25
Added entity cow at 2, 36
Added entity human at 7, 25
Removed entity cow from grid at 19, 42
Removed entity human from grid at 25, 34
Removed entity human from grid at 28, 43
Removed entity human from grid at 25, 36
Added entity wolf at 1, 30
Added entity wolf at 44, 34
Added entity wolf at 32, 38
Added entity cow at 45, 31
Removed entity wolf from grid at 33, 16
Removed entity human from grid at 29, 44
Added entity cow at 40, 22
Added entity cow at 0, 39
Added entity cow at 6, 36
Removed entity wolf from grid at 47, 24
Added entity cow at 5, 41
Added entity berry at 1, 43
Removed entity wolf from grid at 14, 19
Added entity cow at 43, 26
Removed entity wolf from grid at 42, 6
Removed entity cow from grid at 0, 35
Removed entity wolf from grid at 32, 39
Removed entity wolf from grid at 19, 21
Added entity wolf at 22, 15
Added entity cow at 6, 42
Added entity cow at 39, 23
Added entity human at 6, 26
Added entity cow at 3, 36
Removed entity tree from grid at 6, 30
Added entity human at 49, 24
Removed entity cow from grid at 8, 33
Removed entity wolf from grid at 40, 12
Removed entity tree from grid at 23, 41
Removed entity cow from grid at 18, 42
Removed entity tree from grid at 31, 21
Added entity tree at 49, 23
Added entity cow at 2, 35
Added entity tree at 6, 25
Added entity cow at 5, 37
Added entity human at 41, 41
Added entity cow at 42, 24
Removed entity wolf from grid at 42, 6
Removed entity cow from grid at 9, 34
Removed entity cow from grid at 41, 26
Removed entity wolf from grid at 36, 39
Added entity house at 23, 35
Added entity house at 12, 32
Added entity house at 32, 46
Added entity human at 25, 45
Added entity wolf at 30, 23
Added entity wolf at 33, 7
Added entity wolf at 15, 43
Removed entity berry from grid at 1, 43
Removed entity cow from grid at 39, 23
Added entity human at 8, 33
Added entity human at 7, 34
Added entity cow at 41, 25
Added entity human at 40, 42
Added entity cow at 4, 36
Added entity cow at 1, 36
Added entity cow at 7, 43
Added entity cow at 43, 28
Removed entity berry from grid at 41, 24
Removed entity wolf from grid at 18, 17
Added entity cow at 42, 29
Removed entity wolf from grid at 42, 4
Removed entity tree from grid at 31, 15
Removed entity tree from grid at 11, 32
Added entity wolf at 42, 20
Added entity wolf at 41, 23
Removed entity cow from grid at 42, 29
Added entity cow at 0, 37
Added entity tree at 6, 33
Added entity tree at 7, 33
Added entity human at 47, 26
Added entity cow at 44, 27
Removed entity cow from grid at 44, 27
Added entity cow at 5, 36
Removed entity cow from grid at 10, 38
Removed entity wolf from grid at 29, 14
Removed entity cow from grid at 43, 28
Removed entity wolf from grid at 40, 11
Removed entity wolf from grid at 43, 31
Removed entity cow from grid at 13, 34
Removed entity human from grid at 33, 45
Added entity wolf at 10, 27
Removed entity wolf from grid at 28, 23
Added entity human at 46, 27
Added entity cow at 40, 26
Removed entity wolf from grid at 35, 37
Added entity human at 30, 43
Removed entity wolf from grid at 19, 21
Removed entity tree from grid at 43, 29
Removed entity tree from grid at 43, 32
Removed entity tree from grid at 26, 32
Added entity wolf at 5, 13
Added entity human at 40, 29
Removed entity human from grid at 17, 43
Removed entity human from grid at 11, 32
Removed entity tree from grid at 32, 23
Added entity tree at 39, 28
Added entity tree at 29, 42
Added entity cow at 39, 25
Added entity tree at 46, 25
Added entity cow at 3, 35
Added entity tree at 37, 43
Added entity cow at 41, 24
Removed entity wolf from grid at 41, 19
Removed entity human from grid at 11, 31
Removed entity wolf from grid at 39, 12
Removed entity cow from grid at 42, 27
Removed entity wolf from grid at 34, 12
Removed entity cow from grid at 45, 31
Removed entity human from grid at 22, 35
Added entity human at 25, 45
Added entity wolf at 29, 38
Removed entity cow from grid at 39, 25
Added entity cow at 42, 25
Added entity cow at 2, 36
Added entity human at 31, 44
Removed entity tree from grid at 46, 28
Added entity cow at 1, 36
Removed entity wolf from grid at 12, 6
Removed entity human from grid at 11, 41
Removed entity wolf from grid at 3, 32
Removed entity wolf from grid at 32, 12
Removed entity human from grid at 22, 36
Removed entity cow from grid at 42, 22
Added entity wolf at 12, 6
Added entity wolf at 47, 24
Added entity wolf at 11, 16
Removed entity cow from grid at 40, 26
Removed entity cow from grid at 39, 22
Removed entity cow from grid at 13, 39
Added entity cow at 0, 35
Added entity tree at 24, 44
Added entity human at 41, 29
Added entity human at 45, 26
Added entity cow at 8, 44
Added entity human at 40, 42
Removed entity cow from grid at 6, 35
Added entity human at 10, 33
Removed entity tree from grid at 6, 33
Added entity cow at 42, 29
Added entity house at 11, 38
Removed entity tree from grid at 44, 23
Removed entity tree from grid at 26, 37
Removed entity human from grid at 27, 45
Added entity wolf at 34, 35
Added entity wolf at 43, 30
Added entity wolf at 49, 7
Removed entity tree from grid at 39, 28
Removed entity wolf from grid at 41, 20
Removed entity cow from grid at 42, 27
Added entity tree at 10, 32
Added entity tree at 39, 41
Added entity tree at 40, 29
Added entity tree at 25, 44
Removed entity cow from grid at 41, 28
Added entity cow at 4, 35
Removed entity wolf from grid at 48, 24
Removed entity human from grid at 17, 43
Removed entity tree from grid at 33, 38
Added entity human at 11, 33
Removed entity tree from grid at 44, 21
Removed entity cow from grid at 8, 36
Added entity human at 12, 31
Removed entity cow from grid at 41, 26
Removed entity tree from grid at 7, 33
Removed entity wolf from grid at 19, 38
Added entity house at 22, 29
Added entity wolf at 31, 39
Added entity wolf at 42, 23
Removed entity tree from grid at 39, 21
Added entity house at 15, 36
Added entity tree at 11, 30
Added entity tree at 12, 33
Added entity cow at 5, 34
Added entity tree at 9, 32
Added entity tree at 40, 41
Added entity human at 42, 28
Removed entity tree from grid at 25, 44
Removed entity tree from grid at 40, 29
Removed entity cow from grid at 1, 33
Removed entity cow from grid at 7, 35
Removed entity wolf from grid at 31, 39
Removed entity cow from grid at 42, 24
Removed entity wolf from grid at 4, 27
Removed entity wolf from grid at 33, 35
Added entity house at 23, 37
Added entity wolf at 31, 10
Added entity wolf at 43, 11
Removed entity human from grid at 4, 31
Added entity tree at 43, 27
Added entity tree at 12, 30
Added entity human at 12, 34
Removed entity tree from grid at 10, 32
Added entity cow at 7, 45
Added entity cow at 41, 26
Added entity cow at 1, 40
Removed entity cow from grid at 8, 36
Removed entity cow from grid at 2, 32
Removed entity wolf from grid at 42, 23
Removed entity cow from grid at 42, 25
Added entity house at 28, 37
Added entity house at 44, 24
Added entity house at 15, 39
Removed entity human from grid at 28, 36
Added entity house at 15, 31
Removed entity tree from grid at 19, 29
Added entity wolf at 14, 15
Added entity wolf at 42, 20
Added entity berry at 3, 48
Added entity cow at 2, 39
Added entity cow at 40, 27
Added entity tree at 11, 34
Added entity tree at 13, 30
Added entity cow at 1, 33
Added entity cow at 3, 35
Removed entity human from grid at 45, 25
Removed entity human from grid at 43, 25
Removed entity tree from grid at 9, 32
Removed entity cow from grid at 5, 34
Removed entity wolf from grid at 32, 10
Added entity berry at 43, 6
Removed entity tree from grid at 12, 33
Removed entity human from grid at 28, 38
Added entity wolf at 1, 26
Added entity wolf at 2, 30
Added entity wolf at 32, 8
Added entity wolf at 17, 43
Added entity berry at 33, 1
Added entity cow at 41, 28
Added entity tree at 12, 33
Added entity tree at 43, 25
Removed entity cow from grid at 40, 25
Removed entity human from grid at 25, 45
Removed entity tree from grid at 11, 34
Removed entity tree from grid at 43, 27
Removed entity cow from grid at 40, 27
Removed entity wolf from grid at 17, 13
Removed entity tree from grid at 43, 25
Removed entity wolf from grid at 17, 18
Removed entity wolf from grid at 44, 31
Added entity house at 26, 30
Removed entity human from grid at 15, 38
Added entity house at 22, 37
Removed entity tree from grid at 18, 29
Removed entity human from grid at 22, 38
Removed entity cow from grid at 19, 47
Added entity wolf at 12, 0
Added entity wolf at 10, 27
Added entity wolf at 6, 14
Added entity wolf at 6, 7
Removed entity cow from grid at 42, 25
Removed entity cow from grid at 41, 28
Removed entity tree from grid at 12, 33
Added entity cow at 2, 32
Added entity cow at 8, 44
Added entity tree at 12, 33
Added entity tree at 43, 25
Added entity tree at 10, 31
Added entity tree at 11, 35
Added entity tree at 12, 35
Added entity human at 37, 41
Added entity human at 9, 32
Removed entity wolf from grid at 0, 28
Added entity cow at 5, 48
Removed entity berry from grid at 3, 48
Removed entity wolf from grid at 15, 17
Removed entity human from grid at 14, 40
Removed entity tree from grid at 24, 44
Removed entity tree from grid at 25, 31
Added entity house at 22, 33
Added entity house at 24, 31
Added entity house at 48, 37
Removed entity tree from grid at 29, 41
Removed entity wolf from grid at 18, 45
Added entity house at 24, 27
Added entity wolf at 47, 7
Added entity wolf at 47, 45
Added entity human at 42, 25
Added entity tree at 9, 31
Added entity tree at 36, 40
Added entity cow at 9, 45
Added entity cow at 3, 33
Added entity cow at 4, 36
Added entity tree at 11, 33
Added entity human at 45, 27
Removed entity cow from grid at 12, 37
Added entity human at 14, 37
Removed entity tree from grid at 39, 24
Removed entity cow from grid at 2, 32
Removed entity tree from grid at 24, 28
Added entity wolf at 4, 24
Added entity wolf at 11, 7
Added entity tree at 48, 1
Removed entity tree from grid at 44, 29
Added entity tree at 14, 36
Added entity tree at 45, 26
Added entity cow at 8, 46
Removed entity tree from grid at 43, 25
Added entity cow at 4, 49
Removed entity tree from grid at 36, 40
Added entity human at 12, 31
Removed entity tree from grid at 12, 35
Added entity house at 46, 24
Removed entity cow from grid at 7, 37
Added entity house at 43, 28
Removed entity cow from grid at 19, 47
Removed entity wolf from grid at 1, 32
Removed entity wolf from grid at 31, 10
Removed entity cow from grid at 41, 24
Removed entity tree from grid at 48, 39
Added entity house at 15, 45
Removed entity human from grid at 27, 30
Added entity wolf at 40, 46
Added entity wolf at 12, 0
Added entity wolf at 43, 10
Added entity tree at 13, 36
Added entity tree at 44, 26
Added entity cow at 2, 32
Added entity tree at 41, 25
Added entity tree at 13, 33
Removed entity human from grid at 45, 25
Removed entity tree from grid at 9, 31
Added entity cow at 41, 30
Removed entity human from grid at 45, 27
Removed entity tree from grid at 41, 25
Added entity house at 27, 32
Removed entity tree from grid at 44, 20
Removed entity human from grid at 27, 33
Added entity wolf at 11, 7
Added entity wolf at 13, 18
Removed entity human from grid at 27, 30
Added entity cow at 1, 40
Removed entity human from grid at 33, 45
Added entity tree at 17, 42
Added entity tree at 18, 45
Added entity human at 29, 47
Added entity tree at 16, 47
Removed entity tree from grid at 16, 47
Removed entity tree from grid at 18, 45
Removed entity wolf from grid at 43, 46
Removed entity human from grid at 46, 23
Removed entity cow from grid at 40, 24
Added entity cow at 3, 33
Added entity tree at 8, 27
Added entity cow at 3, 48
Added entity tree at 11, 34
Added entity human at 8, 28
Added entity human at 9, 33
Removed entity tree from grid at 8, 27
Removed entity tree from grid at 1, 28
Removed entity human from grid at 42, 28
Removed entity wolf from grid at 40, 45
Removed entity human from grid at 42, 29
Added entity human at 29, 45
Added entity human at 21, 33
Removed entity cow from grid at 41, 29
Added entity house at 27, 35
Added entity house at 45, 37
Removed entity tree from grid at 28, 30
Removed entity tree from grid at 19, 30
Removed entity tree from grid at 27, 29
Added entity house at 28, 35
Added entity wolf at 35, 37
Added entity tree at 20, 32
Added entity tree at 29, 44
Added entity tree at 9, 32
Added entity tree at 7, 27
Added entity cow at 2, 34
Added entity tree at 8, 27
Removed entity cow from grid at 9, 39
Removed entity human from grid at 47, 24
Removed entity tree from grid at 9, 32
Added entity house at 16, 49
Added entity wolf at 13, 15
Added entity wolf at 4, 31
Added entity wolf at 4, 29
Added entity wolf at 3, 13
Added entity wolf at 24, 41
Added entity wolf at 44, 34
Added entity wolf at 11, 18
Removed entity wolf from grid at 39, 13
Removed entity human from grid at 21, 33
Removed entity wolf from grid at 28, 12
Removed entity wolf from grid at 5, 29
Removed entity human from grid at 19, 34
Removed entity human from grid at 28, 32
Removed entity human from grid at 44, 36
Added entity human at 18, 30
Removed entity human from grid at 26, 35
Added entity wolf at 40, 21
Removed entity wolf from grid at 7, 25
Removed entity wolf from grid at 49, 16
Removed entity wolf from grid at 6, 23
Removed entity human from grid at 45, 36
Added entity human at 18, 32
Removed entity human from grid at 22, 34
Added entity wolf at 1, 24
Added entity wolf at 43, 30
Added entity wolf at 47, 9
Added entity wolf at 19, 18
Removed entity wolf from grid at 33, 28
Removed entity human from grid at 18, 32
Added entity cow at 9, 45
Removed entity wolf from grid at 20, 42
Added entity tree at 18, 46
Added entity wolf at 2, 30
Added entity wolf at 13, 17
Removed entity wolf from grid at 41, 11
Added entity berry at 14, 18
Added entity cow at 2, 47
Added entity cow at 5, 37
Added entity tree at 47, 27
Added entity human at 24, 45
Removed entity cow from grid at 17, 46
Added entity wolf at 2, 26
Added entity wolf at 32, 40
Added entity wolf at 49, 22
Removed entity wolf from grid at 2, 33
Removed entity wolf from grid at 37, 19
Removed entity wolf from grid at 2, 24
Removed entity wolf from grid at 41, 34
Removed entity wolf from grid at 2, 26
Removed entity cow from grid at 4, 31
Removed entity wolf from grid at 11, 24
Removed entity wolf from grid at 38, 31
Added entity wolf at 45, 17
Added entity wolf at 43, 10
Removed entity wolf from grid at 45, 17
Added entity cow at 1, 48
Removed entity human from grid at 30, 45
Removed entity wolf from grid at 9, 21
Removed entity human from grid at 29, 47
Added entity cow at 2, 39
Removed entity wolf from grid at 49, 21
Removed entity wolf from grid at 33, 41
Removed entity wolf from grid at 3, 31
Removed entity wolf from grid at 22, 14
Added entity human at 12, 37
Added entity human at 22, 42
Added entity wolf at 13, 15
Added entity wolf at 27, 30
Added entity wolf at 14, 12
Removed entity human from grid at 23, 26
Removed entity human from grid at 25, 27
Added entity cow at 3, 40
Added entity human at 38, 18
Added entity human at 37, 36
Removed entity cow from grid at 7, 36
Removed entity wolf from grid at 37, 34
Removed entity human from grid at 27, 34
Removed entity human from grid at 29, 34
Removed entity cow from grid at 15, 41
Added entity wolf at 48, 24
Removed entity wolf from grid at 43, 9
Removed entity tree from grid at 36, 35
Removed entity tree from grid at 38, 17
Added entity cow at 4, 39
Added entity cow at 10, 44
Removed entity cow from grid at 4, 33
Removed entity wolf from grid at 13, 20
Removed entity cow from grid at 10, 39
Removed entity cow from grid at 7, 36
Removed entity cow from grid at 0, 29
Removed entity cow from grid at 7, 35
Removed entity cow from grid at 12, 40
Removed entity cow from grid at 16, 45
Removed entity cow from grid at 4, 33
Added entity cow at 5, 38
Added entity tree at 36, 35
Added entity human at 37, 17
Added entity cow at 2, 49
Added entity cow at 6, 36
Added entity cow at 1, 33
Added entity human at 8, 34
Removed entity tree from grid at 3, 23
Added entity wolf at 5, 29
Added entity wolf at 33, 9
Added entity wolf at 8, 5
Removed entity wolf from grid at 33, 28
Added entity tree at 8, 33
Added entity human at 36, 16
Added entity human at 38, 37
Added entity human at 30, 40
Removed entity tree from grid at 34, 30
Removed entity tree from grid at 29, 42
Added entity house at 32, 35
Removed entity wolf from grid at 49, 22
Added entity tree at 30, 39
Added entity tree at 38, 36
Added entity cow at 7, 35
Added entity human at 21, 42
Removed entity tree from grid at 11, 35
Removed entity wolf from grid at 3, 28
Removed entity tree from grid at 17, 42
Added entity human at 22, 44
Added entity house at 27, 42
Added entity wolf at 4, 13
Added entity human at 42, 9
Added entity human at 34, 33
Removed entity tree from grid at 33, 24
Removed entity tree from grid at 37, 13
Added entity tree at 33, 32
Added entity tree at 43, 8
Added entity tree at 21, 43
Added entity tree at 20, 41
Added entity cow at 6, 34
Removed entity tree from grid at 38, 36
Removed entity cow from grid at 7, 35
Added entity cow at 2, 34
Added entity cow at 6, 37
Removed entity cow from grid at 6, 34
Removed entity cow from grid at 4, 33
Removed entity cow from grid at 0, 32
Removed entity cow from grid at 7, 37
Removed entity cow from grid at 14, 43
Removed entity cow from grid at 9, 38
Removed entity cow from grid at 13, 41
Removed entity cow from grid at 16, 44
Added entity cow at 41, 27
Removed entity cow from grid at 12, 44
Removed entity cow from grid at 15, 48
Added entity wolf at 6, 26
Removed entity wolf from grid at 41, 7
Removed entity cow from grid at 5, 34
Removed entity cow from grid at 41, 27
Added entity tree at 34, 32
Added entity human at 41, 10
Added entity human at 37, 38
Added entity human at 35, 13
Added entity cow at 11, 45
Added entity human at 5, 34
Added entity human at 3, 23
Removed entity human from grid at 13, 44
Removed entity tree from grid at 18, 46
Added entity wolf at 4, 31
Added entity wolf at 24, 24
Added entity wolf at 29, 34
Added entity wolf at 43, 20
Added entity cow at 5, 36
Removed entity wolf from grid at 15, 18
Removed entity wolf from grid at 1, 19
Removed entity human from grid at 31, 35
Removed entity wolf from grid at 47, 13
Removed entity wolf from grid at 6, 29
Removed entity human from grid at 31, 36
Added entity wolf at 36, 11
Added entity wolf at 33, 22
Added entity wolf at 43, 12
Removed entity wolf from grid at 34, 11
Removed entity human from grid at 28, 41
Removed entity wolf from grid at 1, 19
Added entity human at 15, 43
Added entity cow at 5, 34
Added entity human at 24, 43
Removed entity human from grid at 29, 34
Added entity berry at 13, 42
Removed entity human from grid at 22, 28
Added entity wolf at 4, 36
Added entity wolf at 31, 39
Added entity wolf at 29, 29
Added entity wolf at 40, 24
Added entity wolf at 47, 8
Added entity cow at 6, 33
Added entity cow at 6, 35
Added entity cow at 10, 44
Removed entity wolf from grid at 37, 10
Removed entity wolf from grid at 46, 6
Removed entity human from grid at 24, 41
Removed entity wolf from grid at 16, 15
Removed entity human from grid at 28, 41
Removed entity wolf from grid at 31, 39
Removed entity wolf from grid at 4, 25
Removed entity wolf from grid at 40, 24
Removed entity wolf from grid at 17, 20
Removed entity wolf from grid at 29, 32
Added entity wolf at 15, 41
Removed entity wolf from grid at 25, 21
Added entity cow at 7, 36
Added entity tree at 25, 40
Added entity human at 34, 39
Removed entity human from grid at 37, 10
Added entity cow at 1, 33
Removed entity human from grid at 23, 38
Removed entity human from grid at 14, 37
Removed entity human from grid at 22, 43
Removed entity human from grid at 10, 37
Removed entity human from grid at 21, 38
Removed entity tree from grid at 33, 32
Added entity wolf at 20, 16
Added entity wolf at 6, 16
Added entity wolf at 18, 25
Added entity wolf at 45, 35
Removed entity wolf from grid at 31, 25
Added entity tree at 33, 38
Added entity cow at 7, 34
Removed entity wolf from grid at 39, 9
Added entity human at 31, 32
Added entity cow at 1, 48
Removed entity wolf from grid at 16, 13
Removed entity human from grid at 11, 37
Removed entity human from grid at 15, 41
Added entity berry at 33, 39
Removed entity berry from grid at 13, 42
Removed entity cow from grid at 6, 37
Removed entity human from grid at 22, 42
Removed entity cow from grid at 5, 32
Removed entity human from grid at 21, 29
Removed entity cow from grid at 14, 40
Removed entity cow from grid at 11, 43
Added entity wolf at 38, 47
Added entity tree at 41, 8
Removed entity wolf from grid at 4, 36
Added entity human at 32, 31
Added entity cow at 8, 35
Added entity cow at 0, 32
Removed entity tree from grid at 33, 38
Added entity cow at 11, 43
Added entity human at 8, 30
Removed entity wolf from grid at 35, 21
Removed entity cow from grid at 3, 34
Removed entity wolf from grid at 43, 13
Removed entity tree from grid at 6, 25
Removed entity tree from grid at 7, 27
Added entity cow at 4, 34
Removed entity cow from grid at 6, 33
Removed entity cow from grid at 6, 34
Removed entity cow from grid at 12, 41
Removed entity cow from grid at 11, 43
Added entity wolf at 12, 0
Added entity wolf at 28, 11
Added entity wolf at 16, 25
Removed entity naturereserve from grid at 14, 46
Removed entity human from grid at 15, 30
Added entity tree at 8, 29
Added entity tree at 31, 30
Added entity human at 35, 38
Added entity cow at 6, 37
Removed entity tree from grid at 10, 31
Removed entity wolf from grid at 38, 7
Removed entity human from grid at 23, 38
Added entity human at 29, 45
Removed entity human from grid at 22, 44
Added entity wolf at 49, 7
Removed entity naturereserve from grid at 45, 32
Added entity tree at 28, 45
Added entity cow at 7, 38
Added entity human at 34, 37
Added entity cow at 1, 31
Added entity cow at 9, 36
Removed entity wolf from grid at 1, 16
Removed entity wolf from grid at 18, 21
Added entity human at 22, 46
Added entity house at 29, 33
Added entity house at 31, 44
Added entity wolf at 19, 2
Added entity wolf at 8, 7
Removed entity wolf from grid at 41, 30
Removed entity human from grid at 22, 46
Added entity cow at 8, 37
Added entity human at 30, 31
Removed entity wolf from grid at 18, 39
Removed entity wolf from grid at 5, 17
Removed entity cow from grid at 6, 34
Removed entity cow from grid at 4, 33
Removed entity cow from grid at 7, 35
Removed entity cow from grid at 9, 40
Added entity human at 19, 36
Removed entity cow from grid at 8, 35
Removed entity cow from grid at 13, 44
Added entity wolf at 27, 28
Removed entity cow from grid at 7, 36
Added entity human at 41, 18
Added entity house at 20, 37
Added entity cow at 9, 38
Added entity cow at 2, 30
Added entity human at 8, 32
Removed entity human from grid at 29, 34
Added entity human at 8, 31
Removed entity wolf from grid at 38, 5
Removed entity wolf from grid at 48, 10
Removed entity human from grid at 7, 34
Added entity house at 13, 44
Removed entity tree from grid at 29, 44
Removed entity tree from grid at 21, 43
Added entity wolf at 26, 40
Added entity wolf at 43, 31
Removed entity wolf from grid at 32, 20
Added entity tree at 7, 30
Added entity tree at 7, 32
Added entity cow at 3, 31
Added entity cow at 8, 39
Removed entity human from grid at 19, 36
Removed entity human from grid at 29, 32
Removed entity wolf from grid at 26, 39
Added entity house at 15, 42
Removed entity wolf from grid at 34, 7
Removed entity tree from grid at 8, 33
Removed entity tree from grid at 25, 40
Added entity wolf at 41, 21
Added entity wolf at 22, 15
Added entity tree at 8, 30
Added entity tree at 7, 31
Added entity cow at 3, 33
Removed entity cow from grid at 6, 35
Removed entity tree from grid at 7, 30
Removed entity wolf from grid at 40, 20
Removed entity human from grid at 32, 44
Removed entity wolf from grid at 42, 33
Added entity human at 16, 31
Added entity human at 19, 33
Removed entity human from grid at 28, 38
Added entity house at 26, 46
Added entity tree at 18, 32
Removed entity human from grid at 16, 31
Added entity cow at 4, 30
Added entity human at 9, 31
Added entity human at 43, 19
Removed entity cow from grid at 4, 30
Added entity cow at 2, 49
Removed entity cow from grid at 6, 36
Added entity human at 24, 43
Added entity house at 42, 24
Removed entity tree from grid at 28, 45
Added entity house at 15, 47
Added entity wolf at 22, 5
Added entity wolf at 26, 6
Removed entity wolf from grid at 31, 24
Added entity tree at 23, 42
Added entity human at 44, 20
Removed entity tree from grid at 8, 30
Added entity cow at 9, 38
Added entity human at 32, 40
Removed entity human from grid at 30, 44
Removed entity wolf from grid at 40, 3
Removed entity cow from grid at 4, 34
Added entity house at 20, 46
Added entity human at 22, 45
Removed entity tree from grid at 44, 26
Removed entity tree from grid at 31, 30
Added entity house at 46, 27
Added entity wolf at 14, 17
Added entity wolf at 28, 28
Added entity wolf at 43, 34
Added entity tree at 21, 44
Added entity tree at 32, 39
Added entity tree at 44, 19
Added entity human at 10, 32
Added entity cow at 2, 32
Added entity cow at 6, 39
Removed entity tree from grid at 7, 31
Removed entity tree from grid at 20, 41
Removed entity wolf from grid at 4, 11
Added entity house at 14, 49
Added entity house at 44, 22
Added entity cow at 42, 29
Removed entity cow from grid at 11, 44
Removed entity cow from grid at 13, 47
Added entity wolf at 43, 44
Added entity cow at 5, 40
Added entity cow at 3, 31
Added entity cow at 10, 39
Added entity cow at 1, 48
Removed entity cow from grid at 10, 38
Removed entity wolf from grid at 42, 31
Removed entity wolf from grid at 30, 26
Removed entity wolf from grid at 13, 24
Added entity cow at 43, 27
Removed entity cow from grid at 42, 29
Added entity human at 23, 32
Removed entity cow from grid at 8, 36
Removed entity cow from grid at 12, 45
Removed entity cow from grid at 13, 47
Added entity tree at 23, 31
Added entity cow at 11, 40
Added entity tree at 7, 33
Removed entity tree from grid at 7, 33
Removed entity cow from grid at 4, 34
Added entity berry at 35, 6
Removed entity tree from grid at 45, 26
Removed entity tree from grid at 12, 46
Added entity wolf at 34, 10
Removed entity wolf from grid at 33, 20
Added entity cow at 10, 41
Added entity tree at 22, 32
Added entity cow at 4, 30
Added entity cow at 6, 41
Removed entity cow from grid at 4, 35
Removed entity cow from grid at 9, 38
Removed entity wolf from grid at 33, 10
Removed entity cow from grid at 10, 39
Removed entity cow from grid at 13, 45
Added entity human at 27, 45
Removed entity cow from grid at 10, 43
Removed entity cow from grid at 43, 27
Added entity tree at 39, 23
Added entity tree at 40, 28
Added entity house at 40, 25
Removed entity cow from grid at 11, 44
Added entity wolf at 25, 36
Added entity cow at 3, 29
Removed entity human from grid at 23, 32
New Faction TEAL_485 registered with traits: {
  moveSpeed: [33m1.0859985131689986[39m,
  hungerRate: [33m1.0682891910257133[39m,
  visionRadius: [33m0.9034464416165837[39m,
  aggression: [33m0.907168647104562[39m
}
Societal Split! BLUE -> TEAL_485 (Threshold: 6)
Added entity human at 45, 19
Added entity human at 8, 33
Removed entity wolf from grid at 43, 3
Removed entity human from grid at 26, 42
Removed entity human from grid at 18, 47
Added entity human at 27, 45
Removed entity human from grid at 12, 46
Removed entity tree from grid at 40, 28
Removed entity human from grid at 19, 38
Added entity wolf at 24, 26
Added entity wolf at 31, 39
Added entity tree at 27, 44
Removed entity tree from grid at 7, 32
Removed entity tree from grid at 46, 19
Added entity cow at 9, 42
Added entity cow at 0, 47
Added entity human at 8, 34
Removed entity human from grid at 22, 44
Removed entity human from grid at 31, 43
Removed entity human from grid at 10, 34
Removed entity wolf from grid at 10, 21
Removed entity cow from grid at 19, 49
Removed entity tree from grid at 46, 25
Removed entity cow from grid at 11, 46
Removed entity tree from grid at 39, 23
Added entity wolf at 2, 24
Added entity wolf at 34, 36
Added entity house at 14, 28
Added entity tree at 7, 34
Added entity tree at 8, 32
Added entity tree at 44, 18
Added entity cow at 2, 28
Added entity tree at 6, 34
Removed entity human from grid at 22, 45
Removed entity cow from grid at 5, 29
Removed entity cow from grid at 8, 36
Removed entity tree from grid at 8, 32
Removed entity human from grid at 24, 37
Removed entity tree from grid at 8, 29
Added entity human at 25, 36
Added entity human at 19, 36
Removed entity human from grid at 28, 45
Added entity wolf at 22, 30
Added entity wolf at 32, 3
Added entity wolf at 36, 34
Added entity wolf at 33, 36
Added entity wolf at 46, 26
Removed entity human from grid at 39, 26
Removed entity human from grid at 19, 36
Removed entity human from grid at 25, 36
Added entity cow at 1, 27
Removed entity human from grid at 44, 21
Removed entity wolf from grid at 26, 38
Removed entity wolf from grid at 35, 33
Removed entity human from grid at 42, 25
Added entity tree at 13, 46
Removed entity human from grid at 47, 26
Removed entity wolf from grid at 2, 11
Added entity tree at 13, 47
Removed entity human from grid at 45, 26
Removed entity human from grid at 41, 26
Added entity wolf at 18, 18
Added entity wolf at 32, 2
Removed entity human from grid at 14, 29
Added entity cow at 2, 26
Added entity human at 8, 34
Removed entity tree from grid at 27, 44
Removed entity cow from grid at 4, 34
Added entity house at 17, 40
Removed entity tree from grid at 13, 47
Removed entity wolf from grid at 32, 37
Removed entity human from grid at 44, 21
Added entity house at 47, 22
Added entity human at 39, 30
Added entity house at 24, 40
Added entity wolf at 3, 32
Added entity wolf at 24, 34
Removed entity wolf from grid at 27, 25
Added entity tree at 8, 33
Added entity tree at 8, 32
Added entity cow at 10, 43
Removed entity human from grid at 48, 22
Removed entity wolf from grid at 41, 44
Removed entity wolf from grid at 36, 12
Added entity house at 10, 45
Removed entity tree from grid at 21, 44
Removed entity human from grid at 47, 23
Added entity human at 23, 32
Removed entity tree from grid at 13, 46
Removed entity human from grid at 25, 39
Added entity house at 30, 49
Added entity wolf at 25, 24
Added entity wolf at 35, 2
Added entity cow at 1, 41
Added entity wolf at 18, 0
Removed entity wolf from grid at 25, 24
Removed entity human from grid at 23, 32
Added entity tree at 9, 33
Added entity cow at 3, 25
Added entity tree at 6, 32
Removed entity wolf from grid at 38, 38
Removed entity human from grid at 13, 27
Removed entity human from grid at 25, 40
Added entity house at 13, 46
Removed entity tree from grid at 30, 48
Added entity wolf at 27, 8
Added entity wolf at 34, 28
Added entity wolf at 4, 13
Added entity cow at 2, 24
Added entity cow at 9, 44
Removed entity wolf from grid at 9, 20
Added entity human at 13, 31
Removed entity wolf from grid at 34, 30
Added entity human at 48, 38
Added entity wolf at 24, 24
Added entity wolf at 32, 1
Removed entity human from grid at 48, 38
Removed entity human from grid at 20, 38
Removed entity wolf from grid at 2, 7
Removed entity human from grid at 16, 35
Added entity human at 33, 45
Removed entity wolf from grid at 18, 25
Added entity cow at 42, 31
Removed entity wolf from grid at 49, 27
Removed entity human from grid at 16, 40
Removed entity human from grid at 33, 46
Added entity wolf at 13, 17
Added entity wolf at 34, 29
Removed entity wolf from grid at 21, 34
Removed entity wolf from grid at 0, 7
Removed entity cow from grid at 14, 44
Removed entity cow from grid at 1, 29
Removed entity cow from grid at 6, 36
Removed entity cow from grid at 10, 46
Removed entity wolf from grid at 2, 9
Removed entity cow from grid at 12, 40
Removed entity cow from grid at 43, 31
Added entity tree at 41, 36
Added entity human at 9, 35
Added entity cow at 5, 40
Added entity human at 21, 37
Removed entity wolf from grid at 38, 15
Added entity cow at 43, 22
Removed entity human from grid at 17, 44
Added entity house at 32, 48
Added entity wolf at 32, 37
Added entity wolf at 40, 22
Added entity cow at 8, 45
Added entity human at 9, 37
Removed entity wolf from grid at 2, 28
Removed entity tree from grid at 6, 34
Added entity human at 22, 36
Removed entity tree from grid at 31, 48
Added entity wolf at 30, 23
Added entity wolf at 34, 2
Added entity wolf at 47, 43
Removed entity wolf from grid at 34, 30
Removed entity wolf from grid at 30, 23
Added entity tree at 21, 35
Added entity tree at 9, 36
Added entity human at 20, 38
Removed entity tree from grid at 9, 36
Added entity human at 38, 29
Added entity cow at 1, 46
Removed entity cow from grid at 7, 37
Added entity house at 17, 46
Removed entity wolf from grid at 38, 11
Added entity human at 45, 25
Removed entity cow from grid at 20, 47
Added entity house at 18, 49
Added entity house at 25, 49
Added entity house at 18, 43
Added entity wolf at 23, 23
Added entity wolf at 5, 29
Added entity wolf at 10, 10
Added entity wolf at 28, 9
Removed entity wolf from grid at 22, 19
Added entity cow at 3, 25
Removed entity human from grid at 29, 44
Added entity human at 23, 38
Removed entity human from grid at 33, 49
Added entity cow at 4, 34
Removed entity cow from grid at 45, 20
Removed entity wolf from grid at 22, 21
Added entity cow at 5, 33
Added entity cow at 4, 26
Added entity tree at 38, 27
Removed entity cow from grid at 7, 36
Added entity cow at 9, 46
Removed entity cow from grid at 8, 47
Removed entity tree from grid at 46, 20
Removed entity wolf from grid at 39, 42
Added entity house at 46, 39
Removed entity human from grid at 42, 23
Removed entity human from grid at 49, 40
Added entity wolf at 35, 4
Added entity tree at 39, 27
Removed entity human from grid at 13, 31
Removed entity wolf from grid at 6, 30
Removed entity human from grid at 25, 39
Removed entity cow from grid at 6, 26
Removed entity tree from grid at 7, 48
Added entity cow at 42, 27
Added entity human at 48, 38
Added entity tree at 47, 37
Added entity human at 40, 27
Added entity human at 18, 41
Removed entity tree from grid at 7, 34
Added entity cow at 6, 39
Added entity cow at 0, 40
Removed entity cow from grid at 5, 33
Removed entity wolf from grid at 6, 7
Removed entity cow from grid at 42, 27
Removed entity cow from grid at 5, 33
Added entity human at 27, 38
Removed entity cow from grid at 8, 49
Added entity wolf at 42, 20
Added entity wolf at 5, 13
Added entity wolf at 17, 24
Added entity wolf at 45, 35
Added entity wolf at 18, 19
Removed entity wolf from grid at 18, 19
Added entity cow at 1, 39
Removed entity human from grid at 48, 38
Removed entity wolf from grid at 17, 24
Added entity tree at 17, 45
Removed entity human from grid at 45, 39
Added entity human at 31, 45
Added entity human at 27, 45
Removed entity human from grid at 45, 23
Added entity wolf at 39, 48
Added entity wolf at 4, 30
Added entity wolf at 4, 13
Added entity wolf at 46, 17
Removed entity wolf from grid at 4, 30
Removed entity wolf from grid at 5, 6
Added entity human at 45, 23
Added entity house at 11, 48
Removed entity tree from grid at 17, 45
Added entity human at 14, 33
Removed entity human from grid at 45, 40
Removed entity human from grid at 46, 23
Removed entity cow from grid at 13, 49
Removed entity human from grid at 33, 46
Added entity wolf at 32, 8
Added entity wolf at 42, 20
Added entity wolf at 38, 36
Removed entity naturereserve from grid at 7, 6
Removed entity naturereserve from grid at 19, 19
Removed entity naturereserve from grid at 21, 14
Removed entity wolf from grid at 42, 20
Removed entity human from grid at 29, 43
Added entity cow at 0, 38
Added entity cow at 5, 27
Removed entity cow from grid at 14, 40
Added entity cow at 2, 47
Removed entity wolf from grid at 38, 41
Removed entity cow from grid at 18, 48
Removed entity cow from grid at 9, 48
Added entity human at 22, 34
Added entity wolf at 0, 24
Added entity wolf at 43, 22
Added entity wolf at 41, 21
Removed entity wolf from grid at 18, 20
Removed entity wolf from grid at 28, 18
Removed entity wolf from grid at 41, 21
Added entity cow at 4, 28
Added entity cow at 5, 40
Added entity tree at 14, 40
Added entity house at 18, 44
Removed entity human from grid at 33, 48
Removed entity wolf from grid at 37, 36
Added entity wolf at 31, 41
Added entity cow at 3, 27
Removed entity wolf from grid at 0, 26
Removed entity cow from grid at 8, 47
Added entity human at 19, 35
Added entity wolf at 36, 11
Added entity wolf at 15, 41
Removed entity wolf from grid at 16, 20
Removed entity wolf from grid at 41, 21
Added entity cow at 1, 39
Removed entity wolf from grid at 32, 40
Removed entity human from grid at 16, 40
Removed entity wolf from grid at 48, 34
Removed entity wolf from grid at 0, 24
Removed entity human from grid at 17, 45
Removed entity human from grid at 19, 42
Removed entity human from grid at 16, 45
Added entity wolf at 28, 42
Removed entity naturereserve from grid at 28, 7
Added entity cow at 6, 41
Added entity cow at 1, 48
Added entity cow at 8, 47
Removed entity human from grid at 19, 45
Removed entity human from grid at 19, 43
Removed entity human from grid at 10, 46
Removed entity human from grid at 28, 47
Added entity human at 27, 45
Added entity wolf at 43, 31
Added entity wolf at 18, 4
Removed entity naturereserve from grid at 15, 13
Removed entity wolf from grid at 16, 18
Removed entity human from grid at 27, 45
Added entity cow at 7, 48
Added entity cow at 5, 42
Added entity cow at 4, 26
Removed entity human from grid at 27, 37
Removed entity human from grid at 16, 41
Removed entity wolf from grid at 28, 43
Removed entity wolf from grid at 41, 46
Added entity wolf at 25, 25
Added entity wolf at 9, 10
Added entity wolf at 36, 37
Removed entity wolf from grid at 24, 14
Removed entity human from grid at 16, 36
Added entity human at 26, 31
Added entity human at 21, 32
Added entity human at 29, 45
Added entity wolf at 42, 22
Removed entity wolf from grid at 13, 17
Removed entity human from grid at 20, 35
Removed entity human from grid at 15, 41
Removed entity wolf from grid at 43, 32
Added entity human at 28, 33
Added entity human at 23, 28
Added entity human at 25, 28
Removed entity wolf from grid at 34, 18
Added entity human at 14, 37
Added entity tree at 41, 16
Added entity wolf at 22, 23
Added entity wolf at 49, 22
Removed entity human from grid at 14, 37
Removed entity human from grid at 25, 28
Removed entity human from grid at 20, 33
Removed entity wolf from grid at 18, 40
Removed entity wolf from grid at 38, 39
Removed entity cow from grid at 11, 39
Removed entity wolf from grid at 0, 18
Added entity cow at 42, 31
Removed entity naturereserve from grid at 48, 8
Removed entity wolf from grid at 21, 16
Removed entity human from grid at 24, 26
Removed entity wolf from grid at 35, 15
Added entity cow at 4, 43
Added entity cow at 6, 47
Added entity cow at 0, 38
Removed entity cow from grid at 1, 29
Removed entity cow from grid at 43, 32
Removed entity cow from grid at 2, 26
Removed entity cow from grid at 0, 31
Removed entity cow from grid at 1, 28
Removed entity cow from grid at 2, 22
Removed entity cow from grid at 3, 24
Removed entity human from grid at 43, 37
Added entity wolf at 32, 23
Added entity wolf at 10, 10
Removed entity naturereserve from grid at 47, 44
Removed entity wolf from grid at 16, 15
Added entity cow at 5, 46
Added entity cow at 3, 44
Added entity cow at 3, 25
Removed entity cow from grid at 1, 29
Removed entity cow from grid at 3, 27
Removed entity cow from grid at 1, 31
Removed entity cow from grid at 0, 28
Added entity wolf at 6, 16
Removed entity naturereserve from grid at 48, 7
Added entity cow at 2, 45
Added entity human at 32, 19
Removed entity cow from grid at 3, 25
Removed entity cow from grid at 3, 28
Removed entity cow from grid at 4, 26
Removed entity cow from grid at 9, 39
Added entity human at 45, 25
Added entity human at 25, 31
Added entity human at 13, 41
Added entity wolf at 24, 24
Removed entity wolf from grid at 16, 14
Removed entity wolf from grid at 23, 20
Removed entity tree from grid at 14, 40
Added entity cow at 6, 45
Added entity human at 3, 25
Removed entity tree from grid at 41, 36
Added entity human at 27, 29
Added entity human at 18, 30
Added entity wolf at 41, 23
Added entity tree at 17, 29
Removed entity human from grid at 27, 29
Added entity human at 4, 24
Added entity human at 33, 17
Removed entity tree from grid at 5, 23
Added entity human at 27, 34
Added entity wolf at 3, 33
Added entity wolf at 35, 4
Added entity wolf at 36, 28
Added entity tree at 34, 8
Removed entity human from grid at 46, 23
Removed entity human from grid at 27, 29
Removed entity cow from grid at 12, 44
Added entity human at 12, 41
Added entity wolf at 6, 29
Added entity wolf at 25, 24
Added entity wolf at 38, 34
Removed entity naturereserve from grid at 12, 17
Removed entity wolf from grid at 25, 24
Removed entity wolf from grid at 40, 46
Added entity cow at 1, 44
Removed entity wolf from grid at 5, 27
Removed entity wolf from grid at 39, 34
Added entity human at 31, 34
Added entity wolf at 35, 4
Added entity wolf at 18, 0
Added entity wolf at 34, 37
Removed entity wolf from grid at 24, 14
Removed entity human from grid at 31, 34
Removed entity wolf from grid at 35, 38
Removed entity wolf from grid at 4, 33
Added entity human at 31, 36
Added entity human at 28, 34
Added entity human at 44, 27
Added entity human at 14, 40
Added entity human at 21, 30
Added entity cow at 41, 29
Removed entity naturereserve from grid at 42, 11
Removed entity cow from grid at 9, 38
Removed entity wolf from grid at 34, 18
Removed entity cow from grid at 8, 40
Removed entity wolf from grid at 34, 23
Removed entity wolf from grid at 34, 14
Removed entity cow from grid at 8, 40
Added entity human at 28, 41
Removed entity human from grid at 42, 27
Removed entity wolf from grid at 10, 15
Removed entity wolf from grid at 42, 49
Added entity wolf at 25, 36
Added entity wolf at 5, 16
Removed entity human from grid at 28, 41
Removed entity human from grid at 28, 34
Added entity cow at 2, 43
Added entity human at 36, 16
Added entity human at 4, 23
Removed entity cow from grid at 7, 27
Added entity human at 42, 29
Removed entity wolf from grid at 8, 16
Removed entity tree from grid at 14, 36
Removed entity human from grid at 32, 36
Added entity cow at 9, 29
Removed entity naturereserve from grid at 19, 3
Added entity cow at 10, 28
Added entity tree at 41, 28
Added entity human at 3, 24
Added entity human at 37, 17
Removed entity tree from grid at 13, 36
Removed entity tree from grid at 26, 27
Added entity cow at 0, 47
Removed entity cow from grid at 9, 29
Removed entity cow from grid at 5, 33
Removed entity cow from grid at 3, 32
Removed entity cow from grid at 8, 28
Removed entity cow from grid at 15, 48
Removed entity cow from grid at 40, 31
Removed entity cow from grid at 10, 28
Removed entity cow from grid at 7, 30
Added entity human at 21, 30
Removed entity wolf from grid at 28, 20
Added entity tree at 20, 29
Added entity tree at 2, 23
Added entity house at 12, 40
Removed entity tree from grid at 11, 30
Added entity human at 27, 34
Added entity human at 28, 36
Added entity human at 14, 30
Added entity human at 27, 38
Added entity human at 12, 39
Added entity human at 25, 34
Added entity wolf at 21, 23
Removed entity human from grid at 25, 34
Added entity tree at 12, 38
Removed entity human from grid at 27, 38
Removed entity human from grid at 14, 30
Removed entity human from grid at 27, 34
Added entity cow at 3, 44
Removed entity human from grid at 20, 30
Added entity house at 17, 41
Removed entity cow from grid at 8, 30
Removed entity wolf from grid at 8, 15
Added entity human at 14, 40
Added entity human at 43, 25
Added entity wolf at 43, 20
Removed entity human from grid at 43, 25
Removed entity human from grid at 27, 36
Removed entity wolf from grid at 41, 14
Removed entity human from grid at 16, 39
Removed entity wolf from grid at 47, 12
Removed entity wolf from grid at 34, 25
Removed entity tree from grid at 12, 38
Added entity human at 5, 34
Added entity house at 11, 30
Added entity house at 17, 31
Added entity human at 15, 44
Added entity human at 22, 48
Added entity wolf at 41, 20
Added entity wolf at 45, 31
Added entity tree at 21, 47
Added entity human at 6, 33
Removed entity cow from grid at 6, 29
Removed entity tree from grid at 8, 27
Removed entity cow from grid at 3, 34
Removed entity human from grid at 8, 31
Removed entity cow from grid at 17, 48
Removed entity wolf from grid at 11, 15
Added entity wolf at 26, 26
Added entity wolf at 32, 40
Added entity tree at 5, 32
Removed entity cow from grid at 6, 35
Removed entity human from grid at 21, 29
Removed entity human from grid at 42, 27
Removed entity wolf from grid at 46, 31
Added entity house at 26, 37
Removed entity wolf from grid at 6, 15
Removed entity tree from grid at 18, 32
Added entity house at 12, 36
Added entity cow at 1, 34
Added entity human at 29, 47
Removed entity human from grid at 29, 47
Added entity cow at 2, 33
Added entity tree at 5, 33
Removed entity human from grid at 24, 46
Added entity cow at 4, 45
Added entity human at 42, 14
Added entity human at 9, 16
Removed entity human from grid at 26, 36
Added entity house at 29, 41
Removed entity human from grid at 19, 45
Added entity house at 46, 35
Removed entity tree from grid at 11, 34
Added entity human at 23, 34
Added entity human at 24, 36
Added entity human at 24, 48
Added entity wolf at 2, 30
Removed entity wolf from grid at 26, 23
Removed entity human from grid at 24, 48
Removed entity human from grid at 23, 34
Added entity tree at 42, 13
Removed entity human from grid at 18, 41
Added entity tree at 21, 30
Removed entity human from grid at 30, 40
Removed entity human from grid at 10, 30
Removed entity human from grid at 19, 48
Removed entity human from grid at 21, 28
Added entity tree at 41, 17
Added entity wolf at 21, 4
Added entity wolf at 29, 34
Added entity wolf at 28, 6
Added entity wolf at 35, 37
Removed entity human from grid at 24, 37
Added entity cow at 5, 46
Added entity cow at 1, 32
Removed entity tree from grid at 21, 47
Added entity cow at 1, 46
Removed entity human from grid at 14, 39
Added entity house at 47, 35
Removed entity human from grid at 29, 40
Removed entity wolf from grid at 36, 38
Removed entity tree from grid at 47, 37
Removed entity human from grid at 10, 31
Removed entity human from grid at 31, 46
Added entity human at 25, 45
Added entity wolf at 38, 48
Added entity wolf at 26, 34
Removed entity human from grid at 25, 45
Removed entity wolf from grid at 3, 29
Removed entity human from grid at 18, 30
Added entity human at 32, 45
Added entity human at 24, 43
Added entity wolf at 5, 16
Added entity cow at 2, 45
Added entity human at 8, 30
Removed entity tree from grid at 48, 32
Removed entity wolf from grid at 35, 38
Removed entity wolf from grid at 39, 12
Removed entity tree from grid at 11, 33
Added entity house at 32, 32
Removed entity tree from grid at 8, 32
Removed entity human from grid at 45, 35
Removed entity wolf from grid at 13, 10
Added entity tree at 7, 29
Added entity tree at 30, 44
Added entity tree at 9, 12
Removed entity tree from grid at 8, 33
Removed entity human from grid at 10, 35
Removed entity human from grid at 32, 31
Added entity house at 41, 27
Removed entity human from grid at 21, 41
Added entity house at 17, 27
Added entity house at 17, 33
Added entity wolf at 13, 17
Added entity tree at 8, 29
Removed entity human from grid at 31, 45
Added entity human at 11, 12
Removed entity tree from grid at 12, 30
Removed entity tree from grid at 41, 28
Removed entity wolf from grid at 36, 15
Added entity human at 28, 34
Removed entity wolf from grid at 11, 10
Removed entity human from grid at 28, 33
Added entity wolf at 23, 23
Added entity wolf at 6, 31
Added entity wolf at 43, 33
Removed entity human from grid at 28, 34
Added entity cow at 6, 47
Added entity tree at 37, 13
Added entity tree at 8, 28
Removed entity human from grid at 40, 28
Removed entity human from grid at 27, 31
Removed entity human from grid at 18, 28
Removed entity human from grid at 23, 33
Added entity house at 21, 27
Added entity human at 28, 43
Added entity human at 46, 36
Removed entity human from grid at 18, 26
Added entity wolf at 45, 29
Removed entity human from grid at 46, 36
Removed entity wolf from grid at 21, 40
Removed entity cow from grid at 2, 30
Added entity cow at 5, 44
Removed entity cow from grid at 7, 32
Removed entity wolf from grid at 48, 13
Removed entity human from grid at 22, 38
Removed entity human from grid at 10, 30
Removed entity human from grid at 20, 27
Removed entity tree from grid at 13, 33
Removed entity wolf from grid at 9, 7
Added entity house at 18, 33
Added entity berry at 21, 19
Added entity wolf at 26, 40
Added entity wolf at 26, 6
Added entity wolf at 16, 1
Removed entity wolf from grid at 40, 47
Removed entity human from grid at 44, 37
Added entity tree at 26, 42
Added entity human at 7, 31
Added entity cow at 3, 44
Removed entity wolf from grid at 46, 32
Added entity human at 10, 39
Removed entity tree from grid at 20, 32
Added entity wolf at 49, 22
Removed entity naturereserve from grid at 5, 12
Added entity tree at 10, 38
Removed entity tree from grid at 6, 32
Removed entity cow from grid at 8, 31
Removed entity tree from grid at 12, 33
Removed entity wolf from grid at 27, 33
Removed entity cow from grid at 9, 31
Removed entity wolf from grid at 10, 6
Removed entity human from grid at 33, 32
Added entity human at 22, 36
Removed entity wolf from grid at 18, 18
Removed entity wolf from grid at 37, 44
Added entity tree at 22, 35
Added entity tree at 9, 39
Added entity human at 6, 30
Removed entity tree from grid at 8, 29
Added entity human at 14, 32
Removed entity wolf from grid at 7, 8
Added entity wolf at 2, 24
Added entity tree at 13, 31
Removed entity tree from grid at 10, 38
Added entity cow at 7, 48
Added entity human at 45, 23
Added entity house at 19, 28
Removed entity human from grid at 23, 36
Removed entity wolf from grid at 17, 19
Added entity cow at 42, 23
Removed entity human from grid at 43, 22
Removed entity wolf from grid at 27, 37
Added entity wolf at 28, 41
Added entity tree at 45, 22
Added entity cow at 6, 49
Added entity human at 5, 29
Removed entity human from grid at 10, 39
Added entity cow at 4, 45
Removed entity wolf from grid at 36, 9
Removed entity cow from grid at 8, 33
Added entity house at 18, 37
Removed entity tree from grid at 17, 29
Added entity human at 44, 36
Added entity wolf at 32, 24
Removed entity human from grid at 26, 7
Added entity wolf at 35, 11
Added entity wolf at 14, 39
Added entity wolf at 11, 7
Removed entity naturereserve from grid at 44, 30
Removed entity naturereserve from grid at 48, 23
Removed entity naturereserve from grid at 47, 25
Removed entity human from grid at 44, 36
Added entity tree at 46, 22
Removed entity human from grid at 25, 37
Removed entity human from grid at 11, 35
Removed entity human from grid at 17, 37
Removed entity wolf from grid at 3, 34
Removed entity wolf from grid at 45, 10
Added entity cow at 1, 37
Added entity berry at 2, 30
Removed entity human from grid at 17, 38
Added entity house at 19, 29
Added entity human at 22, 42
Removed entity wolf from grid at 28, 40
Added entity wolf at 12, 17
Added entity wolf at 23, 26
Added entity wolf at 41, 20
Removed entity human from grid at 22, 27
Added entity cow at 2, 36
Removed entity human from grid at 13, 35
Removed entity wolf from grid at 14, 15
Removed entity wolf from grid at 37, 9
Removed entity human from grid at 12, 39
Removed entity tree from grid at 20, 29
Removed entity human from grid at 27, 39
Added entity wolf at 21, 23
Removed entity berry from grid at 9, 30
Removed entity naturereserve from grid at 44, 33
Added entity tree at 20, 40
Removed entity cow from grid at 9, 31
Removed entity cow from grid at 11, 34
Removed entity tree from grid at 9, 33
Removed entity tree from grid at 5, 33
Added entity house at 16, 34
Added entity human at 33, 45
Removed entity cow from grid at 9, 30
Added entity wolf at 28, 47
Added entity wolf at 27, 6
Removed entity human from grid at 33, 45
Added entity tree at 47, 25
Added entity tree at 7, 30
Removed entity tree from grid at 10, 7
Added entity cow at 0, 31
Removed entity human from grid at 26, 33
Removed entity human from grid at 16, 41
Removed entity human from grid at 15, 33
Added entity human at 48, 21
Removed entity human from grid at 20, 29
Added entity human at 22, 45
Removed entity naturereserve from grid at 32, 21
Removed entity naturereserve from grid at 38, 22
Removed entity naturereserve from grid at 35, 36
Removed entity naturereserve from grid at 40, 23
Removed entity human from grid at 22, 45
Removed entity human from grid at 48, 21
Added entity tree at 21, 41
Removed entity wolf from grid at 49, 26
Removed entity tree from grid at 7, 30
Removed entity wolf from grid at 38, 7
Added entity house at 21, 43
Added entity human at 45, 26
Removed entity cow from grid at 44, 21
Added entity wolf at 24, 26
Added entity wolf at 27, 40
Added entity wolf at 34, 9
Removed entity berry from grid at 11, 29
Added entity tree at 45, 25
Removed entity human from grid at 22, 42
Removed entity human from grid at 20, 43
Added entity human at 18, 41
Added entity human at 41, 23
Added entity cow at 41, 31
Removed entity human from grid at 41, 24
Added entity wolf at 31, 8
Added entity wolf at 44, 21
Added entity wolf at 36, 36
Removed entity naturereserve from grid at 41, 22
Removed entity human from grid at 45, 26
Removed entity wolf from grid at 10, 6
Removed entity wolf from grid at 36, 9
Removed entity wolf from grid at 27, 39
Removed entity wolf from grid at 3, 15
Removed entity wolf from grid at 38, 38
Removed entity wolf from grid at 2, 13
Removed entity wolf from grid at 27, 48
Added entity human at 29, 45
Added entity wolf at 12, 15
Added entity wolf at 32, 6
Removed entity human from grid at 26, 6
Removed entity naturereserve from grid at 33, 37
Added entity cow at 1, 30
Added entity cow at 3, 35
Removed entity wolf from grid at 3, 24
Removed entity human from grid at 11, 37
Added entity human at 33, 47
Added entity human at 46, 23
Added entity house at 27, 48
Removed entity cow from grid at 40, 30
Added entity human at 17, 34
Added entity wolf at 25, 25
Added entity cow at 11, 29
Removed entity naturereserve from grid at 23, 2
Removed entity wolf from grid at 37, 44
Removed entity human from grid at 17, 34
Added entity house at 30, 37
Added entity wolf at 22, 3
Removed entity naturereserve from grid at 45, 34
Added entity cow at 12, 28
Added entity cow at 4, 34
Removed entity cow from grid at 15, 43
Added entity cow at 7, 48
Added entity cow at 2, 45
Added entity berry at 17, 47
Removed entity human from grid at 48, 23
Added entity human at 48, 40
Added entity wolf at 31, 35
Added entity wolf at 28, 41
Added entity cow at 13, 27
Removed entity human from grid at 29, 43
Removed entity cow from grid at 14, 43
Removed entity cow from grid at 9, 37
Removed entity human from grid at 26, 47
Removed entity cow from grid at 16, 39
Removed entity wolf from grid at 6, 34
Removed entity human from grid at 28, 42
Removed entity human from grid at 27, 47
Added entity human at 16, 37
Removed entity cow from grid at 11, 33
Added entity human at 23, 30
Added entity wolf at 28, 8
Added entity wolf at 17, 1
Removed entity wolf from grid at 23, 17
Added entity cow at 12, 26
Added entity cow at 0, 29
Removed entity cow from grid at 14, 44
Removed entity cow from grid at 7, 36
Removed entity cow from grid at 13, 27
Removed entity wolf from grid at 28, 38
Removed entity cow from grid at 6, 36
Added entity human at 47, 40
Added entity human at 47, 38
Added entity house at 48, 26
Added entity wolf at 32, 24
Added entity cow at 4, 30
Removed entity naturereserve from grid at 23, 40
Removed entity berry from grid at 15, 28
Added entity cow at 5, 29
Removed entity berry from grid at 2, 30
Removed entity wolf from grid at 33, 11
Added entity human at 28, 34
Removed entity cow from grid at 15, 28
Added entity human at 15, 44
Added entity cow at 43, 30
Removed entity cow from grid at 12, 34
Added entity wolf at 6, 32
Removed entity naturereserve from grid at 30, 38
Added entity cow at 6, 28
Added entity cow at 6, 49
Removed entity cow from grid at 14, 46
Removed entity cow from grid at 13, 25
Removed entity human from grid at 31, 37
Added entity human at 23, 39
Removed entity cow from grid at 14, 30
Added entity wolf at 3, 36
Added entity wolf at 32, 40
Added entity wolf at 16, 40
Removed entity human from grid at 15, 44
Added entity cow at 1, 28
Added entity cow at 11, 27
Removed entity human from grid at 18, 39
Added entity cow at 5, 44
Removed entity wolf from grid at 14, 40
Added entity human at 21, 36
Removed entity cow from grid at 12, 28
Removed entity human from grid at 40, 28
Added entity wolf at 32, 6
Added entity wolf at 27, 30
Added entity cow at 10, 28
Added entity cow at 2, 27
Removed entity human from grid at 25, 32
Added entity cow at 3, 35
Added entity human at 19, 38
Added entity human at 45, 23
Removed entity wolf from grid at 14, 13
Added entity human at 12, 43
Added entity human at 19, 36
Removed entity naturereserve from grid at 11, 6
Removed entity naturereserve from grid at 35, 29
Removed entity naturereserve from grid at 30, 19
Added entity cow at 2, 34
Added entity cow at 3, 26
Added entity cow at 11, 29
Added entity cow at 5, 48
Added entity cow at 5, 27
Removed entity human from grid at 30, 32
Removed entity wolf from grid at 17, 2
Removed entity wolf from grid at 45, 14
Removed entity wolf from grid at 34, 37
Removed entity human from grid at 30, 38
Added entity human at 13, 43
Added entity wolf at 31, 8
Added entity wolf at 9, 1
Added entity wolf at 22, 28
Added entity cow at 6, 26
Added entity cow at 10, 30
Added entity cow at 4, 25
Removed entity human from grid at 25, 32
Added entity cow at 1, 46
Removed entity wolf from grid at 0, 31
Removed entity wolf from grid at 17, 4
Removed entity wolf from grid at 3, 32
Added entity human at 33, 49
Added entity human at 23, 36
Removed entity wolf from grid at 37, 34
Added entity cow at 0, 45
Added entity cow at 5, 26
Added entity cow at 9, 29
Removed entity cow from grid at 12, 42
Removed entity cow from grid at 8, 39
Removed entity cow from grid at 1, 31
Removed entity cow from grid at 4, 34
Removed entity cow from grid at 12, 37
Added entity human at 41, 26
Added entity human at 43, 25
Added entity human at 27, 38
Removed entity cow from grid at 11, 29
Removed entity wolf from grid at 16, 13
Added entity human at 27, 45
Removed entity cow from grid at 10, 30
Added entity wolf at 25, 36
Removed entity cow from grid at 4, 25
Removed entity human from grid at 27, 38
Added entity cow at 10, 30
Added entity cow at 6, 25
Removed entity human from grid at 21, 38
Removed entity cow from grid at 10, 42
Removed entity cow from grid at 2, 30
Removed entity cow from grid at 4, 34
Removed entity wolf from grid at 17, 2
Removed entity cow from grid at 3, 33
Added entity human at 47, 40
Removed entity cow from grid at 12, 26
Removed entity cow from grid at 8, 32
Added entity human at 19, 35
Removed entity berry from grid at 12, 25
Removed entity human from grid at 19, 35
Added entity cow at 11, 29
Removed entity human from grid at 21, 34
Removed entity cow from grid at 8, 39
Added entity cow at 6, 43
Removed entity cow from grid at 48, 32
Added entity human at 49, 24
Removed entity cow from grid at 2, 30
Removed entity cow from grid at 2, 32
Added entity human at 19, 44
Added entity human at 23, 26
Removed entity cow from grid at 10, 30
Added entity wolf at 38, 48
Removed entity human from grid at 23, 26
Removed entity tree from grid at 49, 23
Added entity cow at 7, 24
Added entity cow at 7, 27
Removed entity cow from grid at 10, 43
Removed entity cow from grid at 7, 40
Removed entity human from grid at 24, 34
Removed entity cow from grid at 0, 31
Removed entity cow from grid at 3, 35
Removed entity cow from grid at 8, 37
Removed entity cow from grid at 2, 33
Removed entity human from grid at 39, 24
Removed entity cow from grid at 11, 26
Added entity human at 25, 28
Removed entity cow from grid at 8, 33
Added entity wolf at 24, 29
Removed entity cow from grid at 3, 26
Removed entity human from grid at 25, 28
Added entity cow at 8, 26
Added entity tree at 19, 42
Added entity cow at 7, 44
Added entity cow at 3, 33
Removed entity berry from grid at 17, 47
Added entity human at 14, 35
Removed entity tree from grid at 13, 30
Added entity wolf at 28, 40
Added entity tree at 13, 34
Added entity cow at 2, 32
Added entity cow at 6, 45
Added entity cow at 6, 23
Removed entity tree from grid at 19, 42
Added entity cow at 11, 29
Added entity house at 10, 40
Added entity human at 46, 30
Added entity house at 18, 24
Removed entity human from grid at 24, 39
Removed entity wolf from grid at 29, 22
Removed entity tree from grid at 47, 31
Added entity wolf at 25, 24
Added entity wolf at 10, 1
Added entity cow at 12, 30
Added entity cow at 5, 24
Removed entity human from grid at 23, 45
Removed entity human from grid at 20, 38
Removed entity human from grid at 33, 48
Removed entity cow from grid at 3, 33
Removed entity wolf from grid at 15, 1
Removed entity wolf from grid at 45, 14
Added entity human at 27, 45
Removed entity human from grid at 25, 46
Added entity wolf at 23, 24
Added entity tree at 44, 28
Added entity cow at 3, 31
Added entity cow at 7, 27
Removed entity human from grid at 21, 42
Added entity tree at 46, 25
Removed entity cow from grid at 12, 41
Removed entity wolf from grid at 41, 14
Removed entity cow from grid at 15, 44
Removed entity cow from grid at 3, 33
Removed entity human from grid at 18, 23
Removed entity cow from grid at 3, 35
Added entity human at 14, 41
Removed entity cow from grid at 12, 30
Removed entity naturereserve from grid at 46, 18
Removed entity naturereserve from grid at 36, 27
Removed entity cow from grid at 5, 22
Removed entity wolf from grid at 23, 24
Removed entity cow from grid at 3, 22
Added entity cow at 6, 26
Added entity cow at 4, 23
Added entity human at 46, 30
Added entity human at 46, 23
Added entity cow at 1, 44
Added entity human at 16, 41
Added entity human at 13, 27
Removed entity wolf from grid at 27, 26
Added entity house at 26, 40
Added entity wolf at 29, 36
Removed entity naturereserve from grid at 17, 25
Removed entity tree from grid at 46, 22
Added entity human at 47, 29
Added entity cow at 3, 24
Added entity cow at 7, 25
Removed entity cow from grid at 11, 40
Removed entity wolf from grid at 29, 21
Added entity human at 31, 45
Removed entity cow from grid at 6, 22
Removed entity human from grid at 26, 39
Removed entity cow from grid at 7, 24
Added entity tree at 32, 44
Added entity cow at 2, 25
Removed entity tree from grid at 48, 29
Added entity cow at 2, 43
Removed entity cow from grid at 15, 44
Added entity cow at 2, 32
Removed entity human from grid at 46, 40
Removed entity cow from grid at 9, 43
Removed entity cow from grid at 3, 32
Removed entity cow from grid at 6, 39
Removed entity cow from grid at 11, 43
Removed entity cow from grid at 4, 37
Removed entity cow from grid at 11, 27
Added entity human at 33, 34
Added entity human at 47, 23
Added entity human at 25, 31
Removed entity human from grid at 33, 36
Added entity human at 14, 39
Removed entity cow from grid at 3, 22
Added entity wolf at 30, 23
Added entity wolf at 6, 14
Removed entity naturereserve from grid at 17, 0
Removed entity naturereserve from grid at 37, 35
Removed entity cow from grid at 8, 25
Removed entity cow from grid at 5, 24
Added entity tree at 14, 38
Added entity cow at 3, 42
Added entity cow at 1, 26
Added entity cow at 6, 24
Removed entity human from grid at 12, 28
Removed entity tree from grid at 9, 39
Added entity house at 9, 42
Removed entity human from grid at 26, 39
Added entity human at 44, 29
Removed entity human from grid at 26, 29
Added entity house at 41, 22
Removed entity cow from grid at 15, 25
Removed entity naturereserve from grid at 20, 19
Removed entity naturereserve from grid at 27, 7
Added entity cow at 5, 23
Added entity cow at 2, 27
Added entity cow at 4, 43
Added entity tree at 15, 38
Removed entity wolf from grid at 27, 30
Removed entity human from grid at 44, 23
Removed entity human from grid at 13, 41
Removed entity tree from grid at 15, 38
Added entity house at 49, 34
Removed entity human from grid at 46, 40
Removed entity human from grid at 41, 21
Added entity human at 27, 29
Added entity human at 24, 41
Removed entity tree from grid at 7, 22
Removed entity tree from grid at 3, 20
Added entity cow at 11, 27
Removed entity naturereserve from grid at 30, 27
Removed entity naturereserve from grid at 28, 10
Added entity human at 7, 24
Added entity tree at 8, 23
Added entity cow at 12, 26
Added entity tree at 23, 40
Removed entity human from grid at 27, 29
Added entity cow at 5, 42
Added entity cow at 3, 28
Added entity tree at 15, 38
Removed entity wolf from grid at 25, 32
Added entity cow at 1, 31
Removed entity cow from grid at 10, 28
Removed entity cow from grid at 9, 41
Removed entity cow from grid at 6, 37
Removed entity cow from grid at 6, 42
Removed entity cow from grid at 12, 26
Removed entity cow from grid at 5, 23
Removed entity naturereserve from grid at 5, 15
Removed entity cow from grid at 11, 25
Removed entity cow from grid at 6, 24
Added entity cow at 2, 30
Added entity cow at 2, 29
Removed entity tree from grid at 7, 23
Removed entity tree from grid at 14, 38
Removed entity cow from grid at 13, 43
Added entity cow at 7, 44
Removed entity human from grid at 41, 21
Added entity cow at 43, 25
Removed entity human from grid at 12, 26
Added entity cow at 3, 29
Added entity cow at 6, 43
Added entity tree at 6, 23
Added entity tree at 25, 43
Removed entity tree from grid at 13, 31
Removed entity tree from grid at 48, 30
Added entity house at 6, 39
Added entity human at 14, 32
Removed entity cow from grid at 11, 27
Added entity human at 18, 30
Removed entity cow from grid at 4, 25
Removed entity tree from grid at 6, 23
Added entity cow at 2, 28
Added entity tree at 6, 23
Added entity tree at 25, 44
Added entity tree at 14, 38
Added entity human at 41, 24
Removed entity human from grid at 42, 29
Added entity human at 22, 44
Removed entity human from grid at 41, 24
Added entity cow at 5, 42
Added entity cow at 1, 28
Removed entity tree from grid at 14, 38
Added entity human at 7, 39
Added entity house at 7, 43
Removed entity wolf from grid at 18, 2
Added entity human at 21, 38
Added entity human at 29, 43
Added entity house at 44, 20
Added entity wolf at 23, 23
Added entity wolf at 3, 31
Added entity tree at 28, 42
Added entity cow at 1, 27
Added entity house at 34, 46
Added entity house at 45, 29
Removed entity cow from grid at 5, 41
Added entity human at 23, 28
Removed entity tree from grid at 45, 22
Removed entity human from grid at 18, 25
Removed entity naturereserve from grid at 33, 2
Removed entity human from grid at 19, 27
Removed entity cow from grid at 1, 24
Removed entity human from grid at 23, 28
Added entity tree at 29, 42
Added entity human at 8, 38
Added entity cow at 0, 27
Added entity cow at 4, 41
Added entity house at 18, 47
Added entity cow at 6, 45
Removed entity cow from grid at 7, 44
Removed entity cow from grid at 6, 42
Removed entity wolf from grid at 17, 1
Removed entity cow from grid at 5, 42
Removed entity wolf from grid at 37, 28
Removed entity human from grid at 35, 47
Added entity human at 25, 39
Removed entity wolf from grid at 13, 12
Added entity human at 26, 43
Removed entity cow from grid at 3, 25
Added entity wolf at 5, 33
Added entity wolf at 17, 42
Removed entity naturereserve from grid at 6, 2
Removed entity cow from grid at 8, 39
Removed entity human from grid at 19, 47
Removed entity human from grid at 13, 39
Removed entity human from grid at 20, 38
Removed entity tree from grid at 32, 44
Removed entity tree from grid at 44, 28
Removed entity human from grid at 13, 43
Added entity cow at 6, 49
Removed entity human from grid at 14, 43
Removed entity human from grid at 43, 20
Added entity human at 25, 34
Removed entity tree from grid at 2, 23
Removed entity naturereserve from grid at 28, 31
Added entity tree at 25, 33
Added entity cow at 7, 48
Added entity tree at 29, 43
Added entity tree at 24, 38
Removed entity human from grid at 7, 39
Added entity human at 6, 25
Added entity house at 31, 42
Removed entity cow from grid at 44, 26
Added entity house at 14, 34
Added entity human at 19, 45
Added entity house at 42, 20
Added entity human at 27, 45
Added entity wolf at 22, 3
Added entity wolf at 39, 48
Removed entity human from grid at 19, 45
Added entity cow at 8, 49
Removed entity tree from grid at 33, 44
Removed entity human from grid at 43, 19
Added entity human at 30, 40
Added entity human at 17, 48
Added entity human at 13, 31
Removed entity tree from grid at 45, 25
Added entity human at 14, 37
Added entity human at 14, 29
Added entity human at 20, 32
Added entity wolf at 11, 9
Added entity wolf at 22, 28
Removed entity human from grid at 20, 28
Removed entity human from grid at 20, 32
Removed entity human from grid at 14, 29
Removed entity human from grid at 17, 48
Added entity cow at 0, 28
Removed entity human from grid at 34, 45
Removed entity human from grid at 33, 48
Removed entity wolf from grid at 20, 2
Added entity human at 22, 48
Removed entity wolf from grid at 4, 28
Added entity wolf at 14, 40
Removed entity human from grid at 22, 48
Removed entity human from grid at 14, 30
Added entity tree at 24, 46
Added entity tree at 5, 23
Removed entity human from grid at 26, 45
Removed entity human from grid at 23, 32
Removed entity human from grid at 15, 37
Removed entity cow from grid at 3, 27
Removed entity human from grid at 7, 39
Removed entity human from grid at 7, 44
Added entity human at 32, 45
Added entity human at 11, 31
Added entity human at 22, 36
Removed entity tree from grid at 22, 35
Added entity cow at 5, 42
Added entity house at 42, 22
Removed entity wolf from grid at 20, 26
Removed entity human from grid at 28, 48
Removed entity human from grid at 7, 44
Added entity human at 26, 36
Added entity house at 44, 26
Removed entity tree from grid at 43, 18
Removed entity tree from grid at 5, 23
Added entity tree at 26, 35
Added entity tree at 22, 35
Added entity tree at 32, 44
Added entity cow at 5, 46
Removed entity human from grid at 42, 23
Removed entity tree from grid at 1, 42
Added entity human at 31, 33
Removed entity human from grid at 41, 20
Removed entity tree from grid at 46, 25
Added entity wolf at 11, 9
Added entity wolf at 17, 42
Removed entity human from grid at 41, 19
Removed entity human from grid at 48, 40
Added entity cow at 6, 47
Removed entity human from grid at 13, 40
Removed entity wolf from grid at 32, 20
Removed entity wolf from grid at 32, 19
Removed entity wolf from grid at 30, 20
Added entity human at 19, 44
Removed entity cow from grid at 17, 19
Added entity human at 28, 32
Added entity wolf at 22, 28
Added entity tree at 27, 31
Removed entity human from grid at 19, 44
Added entity tree at 29, 31
Removed entity wolf from grid at 22, 28
Removed entity human from grid at 25, 40
Added entity cow at 1, 26
Removed entity cow from grid at 3, 27
Removed entity human from grid at 14, 35
Removed entity wolf from grid at 43, 46
Removed entity cow from grid at 0, 41
Added entity human at 41, 24
Added entity human at 19, 47
Added entity human at 33, 34
Added entity human at 44, 38
Added entity human at 29, 45
Removed entity human from grid at 18, 45
Removed entity cow from grid at 4, 30
Added entity wolf at 3, 12
Added entity wolf at 36, 11
Added entity wolf at 15, 41
Removed entity human from grid at 19, 47
Added entity cow at 0, 25
Removed entity tree from grid at 29, 31
Added entity human at 14, 43
Removed entity cow from grid at 10, 16
Added entity cow at 0, 34
Added entity house at 7, 32
Removed entity human from grid at 14, 43
Added entity tree at 31, 46
Added entity house at 30, 31
Added entity cow at 4, 43
Added entity cow at 1, 29
Added entity house at 49, 23
Removed entity cow from grid at 3, 38
Added entity human at 20, 28
Added entity human at 31, 31
Removed entity wolf from grid at 21, 17
Removed entity human from grid at 6, 31
Removed entity human from grid at 6, 33
Added entity cow at 2, 28
Removed entity cow from grid at 6, 30
Removed entity wolf from grid at 41, 48
Removed entity cow from grid at 2, 39
Added entity human at 10, 29
Removed entity wolf from grid at 28, 21
Removed entity wolf from grid at 10, 15
Added entity house at 41, 29
Added entity cow at 43, 27
Added entity wolf at 31, 35
Added entity cow at 3, 29
Removed entity human from grid at 31, 31
Added entity cow at 1, 34
Removed entity human from grid at 33, 36
Removed entity human from grid at 27, 36
Removed entity cow from grid at 3, 27
Removed entity wolf from grid at 0, 31
Removed entity cow from grid at 3, 31
Removed entity human from grid at 19, 33
Removed entity cow from grid at 4, 39
Added entity human at 18, 42
Added entity human at 45, 21
Removed entity human from grid at 32, 33
Removed entity human from grid at 35, 2
Added entity wolf at 30, 24
Removed entity cow from grid at 3, 29
Removed entity cow from grid at 2, 29
Removed entity human from grid at 18, 42
Removed entity tree from grid at 8, 28
Removed entity tree from grid at 21, 30
Added entity cow at 3, 42
Removed entity wolf from grid at 19, 39
Added entity cow at 9, 48
Removed entity human from grid at 20, 45
Added entity human at 5, 27
Removed entity wolf from grid at 32, 18
Removed entity human from grid at 33, 31
Removed entity tree from grid at 47, 25
Added entity human at 30, 40
Added entity human at 27, 36
Removed entity human from grid at 30, 30
Added entity tree at 26, 36
Added entity tree at 31, 39
Added entity tree at 4, 26
Added entity cow at 2, 41
Added entity cow at 2, 33
Removed entity cow from grid at 9, 27
Removed entity cow from grid at 2, 32
Removed entity cow from grid at 10, 20
Removed entity wolf from grid at 32, 17
Added entity tree at 43, 12
Removed entity wolf from grid at 30, 23
Added entity human at 23, 34
Added entity human at 21, 33
Added entity wolf at 29, 47
Removed entity cow from grid at 2, 28
Added entity cow at 3, 34
Removed entity tree from grid at 30, 39
Added entity human at 6, 26
Added entity cow at 8, 47
Added entity cow at 7, 46
Removed entity wolf from grid at 8, 35
Removed entity cow from grid at 2, 27
Removed entity tree from grid at 11, 20
Removed entity human from grid at 40, 30
Added entity human at 47, 34
Added entity human at 13, 37
Removed entity human from grid at 39, 26
Removed entity cow from grid at 42, 28
Removed entity wolf from grid at 34, 31
Removed entity human from grid at 13, 37
Added entity tree at 46, 33
Added entity cow at 7, 48
Added entity human at 7, 27
Added entity cow at 4, 33
Added entity cow at 1, 42
Removed entity human from grid at 25, 48
Removed entity cow from grid at 8, 37
Removed entity cow from grid at 2, 33
Removed entity cow from grid at 6, 41
Added entity human at 40, 28
Added entity human at 29, 36
Added entity human at 33, 47
Added entity cow at 4, 35
Removed entity wolf from grid at 26, 17
Removed entity human from grid at 33, 47
Added entity cow at 5, 34
Added entity human at 6, 28
Added entity cow at 6, 45
Removed entity cow from grid at 6, 25
Removed entity cow from grid at 11, 28
Removed entity human from grid at 30, 42
Removed entity cow from grid at 2, 29
Removed entity cow from grid at 2, 33
Removed entity cow from grid at 11, 23
Removed entity cow from grid at 5, 34
Added entity house at 45, 41
Removed entity cow from grid at 7, 41
Added entity human at 13, 27
Added entity human at 47, 38
Removed entity human from grid at 45, 8
Removed entity human from grid at 44, 2
Removed entity cow from grid at 6, 22
Added entity wolf at 30, 24
Added entity wolf at 4, 30
Removed entity naturereserve from grid at 19, 24
Removed entity tree from grid at 7, 29
Added entity human at 24, 37
Removed entity tree from grid at 22, 35
Removed entity wolf from grid at 10, 38
Removed entity human from grid at 33, 46
Removed entity wolf from grid at 23, 45
Added entity house at 45, 31
Added entity house at 7, 41
Added entity human at 23, 36
Added entity house at 17, 21
Removed entity cow from grid at 4, 24
Removed entity human from grid at 3, 27
Added entity tree at 22, 35
Added entity tree at 24, 36
Added entity house at 46, 36
Added entity cow at 5, 36
Removed entity tree from grid at 4, 26
Removed entity wolf from grid at 34, 17
Added entity human at 20, 44
Added entity human at 17, 36
Added entity human at 43, 25
Added entity wolf at 42, 1
Removed entity tree from grid at 17, 23
Added entity wolf at 31, 35
Added entity wolf at 6, 25
Removed entity cow from grid at 2, 26
Added entity tree at 43, 24
Added entity tree at 16, 35
Removed entity human from grid at 24, 37
Added entity cow at 7, 44
Removed entity cow from grid at 19, 36
Removed entity human from grid at 25, 36
Removed entity human from grid at 30, 40
Removed entity tree from grid at 41, 42
Removed entity tree from grid at 47, 28
Removed entity wolf from grid at 14, 11
Added entity human at 41, 25
Added entity human at 22, 38
Removed entity cow from grid at 13, 29
Added entity wolf at 45, 4
Removed entity wolf from grid at 33, 15
Added entity wolf at 34, 2
Added entity tree at 21, 37
Added entity cow at 8, 45
Added entity tree at 42, 25
Removed entity tree from grid at 16, 35
Added entity cow at 6, 35
Removed entity human from grid at 13, 27
Added entity human at 3, 25
Added entity cow at 2, 41
Removed entity human from grid at 10, 30
Added entity house at 47, 41
Removed entity tree from grid at 21, 35
Removed entity human from grid at 28, 33
Added entity human at 25, 38
Added entity human at 10, 29
Added entity human at 18, 45
Added entity human at 26, 34
Added entity human at 22, 34
Removed entity human from grid at 34, 1
Removed entity wolf from grid at 1, 27
Added entity tree at 21, 33
Removed entity human from grid at 26, 34
Added entity tree at 17, 44
Removed entity human from grid at 10, 29
Removed entity human from grid at 25, 38
Added entity human at 2, 24
Added entity cow at 7, 36
Removed entity human from grid at 23, 39
Removed entity tree from grid at 21, 41
Added entity cow at 8, 47
Removed entity tree from grid at 13, 34
Added entity human at 48, 23
Added entity human at 29, 36
Added entity human at 23, 30
Removed entity wolf from grid at 5, 22
Added entity wolf at 3, 31
Removed entity naturereserve from grid at 31, 29
Removed entity naturereserve from grid at 16, 42
Added entity tree at 24, 29
Removed entity human from grid at 29, 36
Added entity cow at 8, 37
Added entity tree at 23, 33
Removed entity tree from grid at 17, 44
Added entity house at 22, 40
Added entity house at 16, 20
Removed entity cow from grid at 14, 30
Added entity human at 11, 39
Added entity human at 26, 43
Removed entity human from grid at 42, 33
Removed entity human from grid at 39, 8
Removed entity human from grid at 4, 27
Added entity tree at 10, 38
Added entity cow at 7, 38
Added entity cow at 1, 40
Added entity cow at 9, 44
Removed entity tree from grid at 23, 42
Added entity house at 32, 30
Removed entity wolf from grid at 29, 21
Added entity human at 44, 27
Added entity house at 19, 26
Removed entity wolf from grid at 3, 29
Added entity tree at 43, 26
Added entity cow at 8, 43
Added entity cow at 2, 39
Added entity cow at 6, 37
Removed entity cow from grid at 10, 39
Removed entity cow from grid at 19, 45
Removed entity human from grid at 40, 28
Removed entity tree from grid at 34, 32
Removed entity cow from grid at 3, 32
Removed entity cow from grid at 4, 44
Added entity wolf at 38, 8
Added entity human at 21, 30
Removed entity cow from grid at 3, 25
Removed entity naturereserve from grid at 15, 40
Removed entity cow from grid at 2, 25
Removed entity cow from grid at 2, 28
Added entity tree at 20, 29
Added entity cow at 7, 42
Removed entity human from grid at 43, 27
Removed entity cow from grid at 18, 48
Removed entity human from grid at 40, 29
Added entity human at 22, 28
Removed entity human from grid at 33, 29
Removed entity tree from grid at 3, 10
Removed entity cow from grid at 10, 34
Added entity wolf at 6, 30
Removed entity wolf from grid at 6, 30
Added entity tree at 22, 27
Added entity cow at 6, 43
Removed entity tree from grid at 20, 29
Added entity cow at 3, 38
Added entity cow at 9, 48
Removed entity human from grid at 3, 25
Removed entity cow from grid at 16, 42
Removed entity human from grid at 45, 32
Removed entity cow from grid at 9, 34
Removed entity cow from grid at 12, 35
Removed entity tree from grid at 5, 32
Removed entity human from grid at 44, 37
Added entity human at 16, 32
Removed entity wolf from grid at 1, 10
Removed entity human from grid at 44, 31
Added entity house at 17, 29
Added entity human at 27, 45
Added entity human at 24, 42
Removed entity tree from grid at 17, 26
Added entity human at 31, 45
Removed entity tree from grid at 6, 23
Added entity wolf at 34, 9
Removed entity human from grid at 31, 45
Removed entity human from grid at 24, 42
Added entity tree at 27, 44
Added entity tree at 16, 31
Added entity cow at 4, 39
Added entity tree at 23, 27
Added entity tree at 20, 29
Added entity cow at 7, 36
Added entity house at 28, 39
Removed entity cow from grid at 1, 30
Removed entity human from grid at 44, 29
Removed entity tree from grid at 36, 35
Removed entity human from grid at 18, 22
Added entity cow at 1, 27
Removed entity tree from grid at 12, 23
Added entity human at 26, 49
Added entity human at 19, 38
Added entity human at 42, 28
Added entity human at 47, 26
Added entity human at 44, 38
Added entity tree at 5, 9
Added entity wolf at 6, 25
Removed entity human from grid at 44, 38
Added entity tree at 46, 25
Removed entity human from grid at 26, 49
Added entity cow at 0, 28
Added entity cow at 6, 35
Added entity cow at 5, 40
Removed entity tree from grid at 16, 31
Removed entity human from grid at 20, 39
Removed entity cow from grid at 14, 40
Removed entity wolf from grid at 6, 24
Removed entity human from grid at 42, 27
Removed entity tree from grid at 4, 47
Added entity human at 16, 46
Removed entity human from grid at 40, 13
Added entity tree at 16, 45
Added entity tree at 47, 25
Removed entity tree from grid at 26, 36
Removed entity cow from grid at 0, 26
Removed entity human from grid at 46, 41
Removed entity human from grid at 18, 20
Added entity house at 19, 39
Removed entity human from grid at 44, 41
Added entity human at 29, 36
Removed entity human from grid at 33, 10
Removed entity naturereserve from grid at 25, 41
Removed entity naturereserve from grid at 43, 21
Added entity tree at 28, 36
Removed entity tree from grid at 16, 45
Added entity cow at 5, 36
Added entity cow at 7, 44
Removed entity human from grid at 25, 29
Added entity house at 18, 38
Added entity house at 30, 39
Added entity human at 18, 30
Removed entity tree from grid at 20, 29
Removed entity human from grid at 45, 35
Added entity house at 7, 8
Removed entity human from grid at 17, 19
Removed entity human from grid at 37, 15
Added entity human at 22, 46
Added entity wolf at 3, 11
Added entity wolf at 9, 3
Removed entity berry from grid at 20, 36
Added entity house at 8, 29
Removed entity human from grid at 22, 46
Added entity tree at 18, 29
Added entity cow at 4, 37
Added entity tree at 29, 37
Removed entity tree from grid at 29, 37
Removed entity cow from grid at 20, 36
Added entity house at 34, 36
Removed entity tree from grid at 10, 38
Removed entity tree from grid at 20, 40
Added entity human at 45, 23
Removed entity human from grid at 8, 8
Added entity human at 25, 30
Removed entity human from grid at 31, 11
Removed entity human from grid at 44, 28
Added entity wolf at 32, 41
Added entity house at 11, 28
Added entity tree at 25, 29
Added entity tree at 45, 22
Added entity tree at 17, 30
Added entity cow at 1, 29
Added entity cow at 10, 47
Removed entity cow from grid at 11, 47
Removed entity human from grid at 31, 41
Removed entity human from grid at 35, 36
Removed entity cow from grid at 5, 46
Added entity human at 16, 28
Removed entity cow from grid at 12, 35
Added entity wolf at 31, 9
Added entity human at 19, 34
Removed entity human from grid at 8, 8
Removed entity tree from grid at 45, 22
Removed entity tree from grid at 31, 39
Removed entity human from grid at 29, 47
Removed entity tree from grid at 15, 38
Added entity house at 9, 30
Added entity human at 46, 23
Added entity human at 26, 31
Added entity human at 23, 28
Removed entity human from grid at 17, 19
Added entity tree at 28, 15
Added entity wolf at 6, 32
Removed entity human from grid at 9, 29
Removed entity human from grid at 7, 29
Added entity tree at 25, 30
Added entity tree at 45, 22
Added entity cow at 11, 46
Added entity cow at 5, 36
Added entity house at 48, 32
Removed entity human from grid at 28, 41
Removed entity tree from grid at 8, 23
Added entity house at 20, 49
Removed entity human from grid at 33, 30
Added entity human at 39, 24
Removed entity human from grid at 34, 11
Removed entity human from grid at 46, 28
Removed entity human from grid at 39, 24
Added entity tree at 27, 30
Removed entity tree from grid at 45, 22
Added entity human at 4, 26
Removed entity human from grid at 27, 49
Added entity house at 21, 44
Removed entity human from grid at 27, 46
Removed entity wolf from grid at 32, 20
Added entity house at 43, 38
Added entity house at 7, 47
Added entity human at 25, 28
Removed entity human from grid at 11, 33
Removed entity human from grid at 42, 38
Added entity tree at 3, 25
Added entity cow at 6, 37
Added entity cow at 8, 43
Removed entity tree from grid at 46, 33
Removed entity cow from grid at 10, 43
Removed entity human from grid at 30, 40
Removed entity cow from grid at 11, 47
Removed entity cow from grid at 6, 36
Removed entity cow from grid at 6, 30
Removed entity wolf from grid at 7, 30
Removed entity wolf from grid at 31, 20
Removed entity human from grid at 43, 37
Removed entity cow from grid at 7, 46
Added entity human at 16, 42
Added entity human at 31, 47
Added entity human at 14, 38
Added entity human at 10, 37
Added entity wolf at 6, 25
Added entity tree at 9, 36
Removed entity human from grid at 31, 47
Added entity house at 20, 41
Removed entity wolf from grid at 6, 25
Removed entity human from grid at 21, 45
Removed entity wolf from grid at 11, 15
Added entity human at 23, 36
Added entity wolf at 41, 21
Added entity wolf at 4, 29
Removed entity naturereserve from grid at 9, 26
Removed entity naturereserve from grid at 10, 9
Removed entity naturereserve from grid at 35, 10
Removed entity naturereserve from grid at 25, 35
Removed entity naturereserve from grid at 23, 29
Added entity tree at 46, 14
Added entity cow at 7, 36
Added entity human at 4, 26
Removed entity human from grid at 47, 26
Removed entity tree from grid at 18, 29
Removed entity human from grid at 48, 22
Removed entity human from grid at 20, 48
Removed entity human from grid at 21, 25
Removed entity human from grid at 35, 36
Added entity human at 31, 38
Added entity house at 26, 27
Added entity cow at 0, 34
Added entity house at 17, 16
Removed entity human from grid at 31, 38
Removed entity tree from grid at 3, 25
Added entity cow at 8, 37
Added entity house at 39, 23
Added entity human at 16, 46
Removed entity human from grid at 16, 17
Added entity human at 16, 33
Removed entity human from grid at 17, 17
Removed entity naturereserve from grid at 32, 9
Added entity tree at 16, 32
Removed entity tree from grid at 9, 36
Added entity house at 22, 41
Added entity cow at 9, 44
Added entity cow at 10, 47
Added entity cow at 2, 29
Removed entity human from grid at 40, 23
Removed entity cow from grid at 14, 46
Removed entity cow from grid at 12, 45
Removed entity cow from grid at 3, 26
Removed entity cow from grid at 13, 47
Removed entity cow from grid at 3, 33
Removed entity cow from grid at 10, 35
Removed entity cow from grid at 8, 43
Added entity human at 47, 40
Added entity human at 25, 32
Added entity human at 24, 45
Added entity tree at 8, 23
Added entity wolf at 23, 24
Removed entity human from grid at 24, 45
Removed entity tree from grid at 16, 32
Added entity cow at 9, 38
Added entity cow at 1, 33
Added entity human at 4, 26
Removed entity cow from grid at 2, 29
Removed entity human from grid at 21, 28
Removed entity cow from grid at 13, 40
Removed entity human from grid at 21, 48
Removed entity human from grid at 9, 35
Added entity human at 16, 26
Removed entity human from grid at 24, 28
Added entity human at 27, 47
Added entity human at 33, 34
Removed entity human from grid at 18, 29
Removed entity human from grid at 24, 43
Added entity wolf at 3, 31
Removed entity human from grid at 33, 34
Removed entity human from grid at 16, 26
Added entity cow at 10, 39
Added entity tree at 26, 33
Removed entity human from grid at 47, 39
Added entity cow at 9, 48
Removed entity cow from grid at 14, 45
Removed entity tree from grid at 23, 40
Removed entity wolf from grid at 34, 12
Removed entity human from grid at 20, 26
Added entity human at 25, 41
Removed entity human from grid at 26, 26
Added entity human at 45, 40
Removed entity human from grid at 38, 23
Removed entity wolf from grid at 1, 17
Added entity human at 25, 31
Removed entity human from grid at 35, 12
Removed entity wolf from grid at 12, 11
Added entity tree at 27, 47
Added entity cow at 0, 32
Added entity human at 42, 23
Added entity human at 26, 31
Added entity wolf at 35, 12
Added entity cow at 1, 34
Added entity wolf at 43, 43
Removed entity human from grid at 47, 38
Added entity cow at 10, 49
Added entity human at 2, 29
Added entity cow at 10, 43
Removed entity cow from grid at 13, 43
Removed entity cow from grid at 11, 44
Removed entity cow from grid at 12, 45
Removed entity cow from grid at 10, 43
Removed entity cow from grid at 12, 48
Removed entity cow from grid at 1, 31
Removed entity cow from grid at 10, 37
Removed entity cow from grid at 12, 38
Added entity human at 24, 41
Added entity cow at 2, 35
Removed entity cow from grid at 2, 28
Added entity human at 11, 43
Removed entity wolf from grid at 1, 27
Removed entity tree from grid at 21, 37
Removed entity human from grid at 29, 44
Removed entity wolf from grid at 38, 33
Added entity house at 19, 19
Added entity human at 40, 23
Added entity tree at 10, 42
Added entity house at 18, 48
Added entity berry at 25, 35
Removed entity human from grid at 18, 18
Added entity house at 6, 26
Removed entity wolf from grid at 33, 18
Added entity human at 42, 29
Removed entity wolf from grid at 1, 19
Added entity house at 34, 34
Removed entity naturereserve from grid at 35, 3
Removed entity tree from grid at 10, 42
Removed entity human from grid at 30, 48
Removed entity cow from grid at 11, 40
Added entity house at 33, 42
Added entity house at 26, 25
Added entity house at 10, 33
Added entity human at 39, 32
Added entity human at 11, 39
Removed entity human from grid at 12, 39
Removed entity naturereserve from grid at 10, 2
Added entity tree at 10, 38
Added entity human at 38, 31
Added entity cow at 11, 40
Removed entity cow from grid at 1, 27
Added entity house at 20, 44
Added entity human at 27, 38
Added entity cow at 12, 39
Added entity human at 37, 30
Removed entity tree from grid at 10, 38
Added entity cow at 1, 36
Added entity cow at 1, 31
Removed entity tree from grid at 32, 44
Added entity house at 32, 37
Removed entity tree from grid at 23, 27
Added entity house at 28, 30
Removed entity cow from grid at 12, 39
Removed entity tree from grid at 8, 23
Added entity human at 18, 27
Removed entity human from grid at 20, 18
Added entity cow at 2, 32
Added entity tree at 36, 29
Added entity tree at 29, 37
Added entity tree at 38, 30
Added entity tree at 11, 40
Added entity human at 7, 25
Removed entity tree from grid at 11, 40
Removed entity tree from grid at 27, 31
Added entity cow at 4, 39
Removed entity human from grid at 9, 44
Added entity human at 33, 45
Added entity tree at 26, 43
Removed entity cow from grid at 12, 39
Removed entity tree from grid at 28, 36
Added entity wolf at 21, 5
Added entity tree at 7, 24
Added entity tree at 37, 29
Removed entity tree from grid at 8, 22
Removed entity tree from grid at 24, 46
Removed entity human from grid at 9, 41
Added entity human at 43, 19
Removed entity human from grid at 35, 46
Removed entity human from grid at 43, 19
Added entity tree at 6, 24
Added entity tree at 38, 29
Removed entity tree from grid at 9, 22
Added entity house at 30, 29
Removed entity human from grid at 32, 38
Added entity wolf at 28, 47
Added entity tree at 8, 24
Removed entity human from grid at 25, 41
Added entity human at 43, 21
Added entity human at 20, 29
Added entity human at 32, 45
Added entity human at 12, 37
Added entity human at 20, 30
Added entity cow at 5, 38
Removed entity tree from grid at 7, 24
Added entity cow at 1, 33
Added entity human at 14, 36
Removed entity human from grid at 27, 46
Removed entity cow from grid at 1, 28
Added entity house at 6, 22
Removed entity tree from grid at 6, 24
Removed entity tree from grid at 17, 30
Added entity house at 31, 28
Added entity human at 14, 38
Added entity human at 16, 35
Added entity tree at 14, 37
Added entity tree at 13, 35
Added entity tree at 10, 35
Added entity cow at 2, 37
Added entity human at 41, 28
Removed entity human from grid at 33, 48
Added entity human at 28, 49
Added entity human at 19, 45
Removed entity human from grid at 28, 49
Added entity human at 42, 27
Added entity human at 15, 35
Added entity human at 10, 22
Removed entity cow from grid at 11, 37
Removed entity tree from grid at 8, 24
Removed entity tree from grid at 25, 44
Removed entity tree from grid at 27, 30
Removed entity tree from grid at 14, 37
Added entity human at 14, 43
Added entity tree at 13, 42
Added entity tree at 9, 21
Added entity tree at 15, 34
Added entity tree at 41, 26
Added entity house at 17, 17
Added entity human at 43, 19
Added entity house at 13, 14
Removed entity tree from grid at 21, 33
Added entity human at 48, 38
Removed entity human from grid at 43, 19
Added entity tree at 13, 43
Added entity human at 11, 23
Removed entity cow from grid at 11, 39
Removed entity human from grid at 27, 30
Removed entity wolf from grid at 1, 39
Added entity house at 15, 46
Added entity human at 41, 21
Added entity human at 8, 44
Added entity human at 23, 41
Added entity human at 45, 28
Removed entity human from grid at 41, 21
Added entity human at 12, 22
Removed entity cow from grid at 8, 26
Added entity house at 34, 39
Removed entity tree from grid at 25, 29
Added entity human at 17, 45
Removed entity human from grid at 44, 21
Added entity human at 25, 29
Added entity human at 21, 30
Added entity human at 24, 45
Added entity tree at 24, 44
Added entity human at 13, 21
Removed entity human from grid at 43, 29
Added entity cow at 3, 36
Removed entity tree from grid at 13, 35
Removed entity tree from grid at 9, 21
Removed entity human from grid at 27, 25
Added entity human at 25, 39
Added entity tree at 25, 38
Added entity cow at 2, 35
Added entity tree at 12, 20
Added entity house at 19, 41
Added entity human at 12, 35
Added entity house at 22, 39
Removed entity cow from grid at 12, 33
Removed entity human from grid at 25, 46
Removed entity tree from grid at 32, 39
Removed entity tree from grid at 20, 15
Added entity house at 6, 29
Removed entity tree from grid at 9, 13
Removed entity human from grid at 24, 28
Added entity human at 13, 39
Added entity wolf at 28, 49
Added entity wolf at 4, 31
Added entity tree at 41, 14
Added entity tree at 12, 38
Added entity tree at 11, 34
Added entity human at 14, 20
Added entity house at 28, 28
Added entity human at 40, 32
Added entity cow at 2, 32
Added entity human at 12, 33
Added entity house at 5, 12
Added entity house at 7, 45
Removed entity human from grid at 33, 43
Removed entity human from grid at 9, 31
Removed entity human from grid at 34, 42
Removed entity human from grid at 6, 30
Added entity human at 31, 30
Removed entity human from grid at 27, 24
Removed entity cow from grid at 0, 25
Added entity human at 10, 39
Added entity human at 15, 41
Removed entity human from grid at 13, 13
Removed entity tree from grid at 11, 34
Added entity human at 15, 19
Removed entity human from grid at 12, 35
Removed entity cow from grid at 11, 36
Removed entity human from grid at 13, 32
Removed entity human from grid at 9, 34
Added entity cow at 9, 48
Removed entity human from grid at 8, 40
Added entity house at 14, 19
Added entity human at 6, 31
Removed entity human from grid at 6, 31
Added entity cow at 10, 47
Added entity tree at 15, 18
Removed entity tree from grid at 25, 30
Removed entity tree from grid at 12, 38
Removed entity tree from grid at 24, 38
Added entity cow at 4, 37
Removed entity human from grid at 9, 34
Removed entity human from grid at 21, 20
Removed entity tree from grid at 12, 20
Added entity human at 29, 32
Added entity house at 42, 31
Added entity human at 19, 44
Added entity human at 19, 38
Added entity human at 14, 32
Removed entity human from grid at 13, 13
Removed entity naturereserve from grid at 28, 29
Added entity tree at 13, 31
Added entity tree at 19, 37
Removed entity human from grid at 19, 44
Added entity cow at 11, 46
Added entity tree at 14, 20
Added entity tree at 16, 40
Added entity cow at 1, 31
Added entity human at 38, 31
Added entity human at 15, 43
Removed entity cow from grid at 11, 37
Removed entity human from grid at 29, 49
Added entity house at 19, 14
Added entity human at 33, 47
Removed entity human from grid at 40, 21
Removed entity human from grid at 31, 27
Added entity wolf at 4, 24
Removed entity naturereserve from grid at 4, 12
Added entity human at 16, 44
Removed entity tree from grid at 38, 30
Added entity cow at 0, 32
Removed entity tree from grid at 19, 37
Removed entity tree from grid at 15, 18
Removed entity human from grid at 15, 40
Added entity cow at 3, 36
Removed entity tree from grid at 16, 40
Removed entity human from grid at 5, 28
Added entity house at 8, 37
Removed entity human from grid at 35, 47
Removed entity human from grid at 18, 13
Added entity house at 35, 30
Added entity human at 9, 46
Added entity human at 25, 45
Added entity tree at 17, 11
Added entity tree at 9, 45
Added entity tree at 17, 43
Added entity tree at 33, 47
Added entity human at 39, 30
Added entity cow at 12, 45
Removed entity cow from grid at 9, 36
Removed entity cow from grid at 13, 41
Removed entity cow from grid at 9, 44
Removed entity cow from grid at 9, 35
Removed entity cow from grid at 8, 38
Removed entity cow from grid at 1, 45
Removed entity cow from grid at 8, 41
Removed entity human from grid at 46, 21
Removed entity cow from grid at 8, 42
Removed entity human from grid at 18, 13
Removed entity tree from grid at 43, 26
Added entity human at 13, 33
Added entity human at 32, 41
Added entity human at 31, 47
Removed entity naturereserve from grid at 11, 0
Removed entity naturereserve from grid at 31, 40
Removed entity naturereserve from grid at 4, 32
Removed entity naturereserve from grid at 42, 21
Removed entity naturereserve from grid at 3, 30
Removed entity naturereserve from grid at 44, 44
Added entity tree at 13, 32
Removed entity tree from grid at 38, 29
Removed entity human from grid at 25, 46
Removed entity tree from grid at 9, 45
Removed entity tree from grid at 17, 43
Added entity human at 14, 22
Removed entity human from grid at 25, 40
Removed entity human from grid at 8, 43
Added entity human at 9, 35
Added entity house at 2, 44
Removed entity tree from grid at 29, 37
Removed entity tree from grid at 36, 29
Removed entity human from grid at 5, 22
Removed entity human from grid at 26, 41
Added entity tree at 10, 34
Added entity tree at 14, 21
Added entity tree at 14, 32
Added entity tree at 39, 29
Added entity tree at 8, 45
Added entity human at 17, 45
Removed entity cow from grid at 12, 42
Removed entity cow from grid at 9, 44
Removed entity cow from grid at 3, 31
Removed entity cow from grid at 12, 45
Removed entity cow from grid at 8, 35
Removed entity tree from grid at 10, 35
Added entity house at 36, 47
Added entity human at 8, 31
Added entity human at 19, 32
Added entity human at 15, 29
Added entity human at 28, 34
Removed entity human from grid at 41, 20
Removed entity human from grid at 35, 48
Added entity tree at 27, 33
Removed entity human from grid at 9, 32
Removed entity tree from grid at 10, 34
Removed entity tree from grid at 13, 32
Removed entity tree from grid at 13, 42
Added entity cow at 5, 36
Removed entity human from grid at 16, 46
Removed entity human from grid at 18, 40
Removed entity human from grid at 19, 45
Removed entity tree from grid at 13, 43
Removed entity human from grid at 37, 47
Added entity human at 22, 38
Added entity wolf at 22, 25
Removed entity naturereserve from grid at 32, 7
Added entity tree at 21, 37
Added entity cow at 6, 35
Added entity tree at 28, 33
Added entity tree at 15, 28
Removed entity human from grid at 20, 31
Added entity tree at 7, 30
Removed entity tree from grid at 14, 21
Removed entity cow from grid at 9, 34
Removed entity cow from grid at 10, 43
Removed entity human from grid at 17, 43
Removed entity tree from grid at 8, 45
Removed entity human from grid at 23, 32
Added entity house at 17, 18
Removed entity human from grid at 26, 38
Removed entity human from grid at 25, 27
Added entity human at 25, 36
Removed entity naturereserve from grid at 2, 31
Removed entity naturereserve from grid at 5, 25
Added entity tree at 26, 36
Added entity cow at 7, 34
Removed entity human from grid at 22, 38
Added entity tree at 27, 34
Added entity human at 16, 42
Added entity human at 12, 23
Removed entity human from grid at 8, 32
Removed entity human from grid at 25, 39
Removed entity human from grid at 47, 42
Added entity human at 21, 30
Added entity wolf at 28, 47
Removed entity naturereserve from grid at 30, 35
Removed entity naturereserve from grid at 27, 41
Removed entity human from grid at 21, 30
Added entity house at 10, 26
Removed entity human from grid at 15, 19
Added entity house at 21, 15
Removed entity human from grid at 13, 41
Added entity house at 10, 8
Added entity human at 22, 44
Added entity human at 21, 47
Removed entity human from grid at 21, 47
Removed entity human from grid at 22, 44
Removed entity tree from grid at 14, 20
Added entity cow at 8, 33
Added entity human at 14, 30
Removed entity cow from grid at 4, 32
Removed entity cow from grid at 12, 46
Added entity human at 37, 33
Added entity cow at 4, 35
Removed entity human from grid at 6, 41
Removed entity human from grid at 18, 28
Removed entity human from grid at 21, 14
Removed entity human from grid at 11, 8
Removed entity human from grid at 26, 29
Added entity human at 25, 36
Added entity human at 24, 48
Added entity human at 41, 24
Added entity wolf at 4, 29
Added entity tree at 40, 23
Removed entity tree from grid at 24, 36
Removed entity tree from grid at 13, 31
Added entity human at 13, 22
Added entity cow at 1, 31
Removed entity wolf from grid at 39, 48
Added entity house at 14, 12
Removed entity cow from grid at 11, 41
Added entity house at 30, 35
Removed entity human from grid at 41, 20
Removed entity naturereserve from grid at 1, 25
Removed entity human from grid at 11, 8
Added entity tree at 12, 21
Added entity tree at 41, 23
Removed entity human from grid at 25, 47
Added entity human at 13, 40
Removed entity human from grid at 32, 47
Added entity house at 23, 49
Removed entity wolf from grid at 1, 28
Removed entity tree from grid at 16, 11
Added entity house at 12, 9
Removed entity human from grid at 21, 16
Added entity house at 46, 33
Added entity human at 13, 35
Added entity human at 10, 29
Added entity human at 24, 48
Removed entity naturereserve from grid at 24, 25
Removed entity naturereserve from grid at 19, 17
Removed entity human from grid at 24, 48
Added entity tree at 10, 28
Added entity human at 14, 39
Added entity cow at 0, 30
Added entity human at 14, 21
Added entity human at 36, 30
Added entity cow at 8, 35
Added entity house at 28, 40
Removed entity human from grid at 7, 36
Removed entity human from grid at 15, 19
Removed entity tree from grid at 10, 28
Added entity human at 31, 31
Removed entity wolf from grid at 22, 21
Added entity human at 47, 36
Added entity human at 44, 36
Removed entity human from grid at 49, 22
Added entity wolf at 6, 31
Added entity tree at 48, 35
Added entity cow at 9, 34
Removed entity tree from grid at 37, 29
Added entity human at 15, 22
Added entity cow at 1, 29
Removed entity human from grid at 10, 29
Removed entity cow from grid at 14, 40
Added entity human at 15, 29
Removed entity tree from grid at 28, 42
Removed entity cow from grid at 13, 47
Removed entity human from grid at 8, 36
Removed entity wolf from grid at 4, 30
Added entity human at 15, 27
Added entity human at 28, 36
Removed entity naturereserve from grid at 5, 30
Added entity tree at 27, 36
Added entity tree at 14, 26
Removed entity tree from grid at 15, 28
Added entity cow at 0, 28
Added entity human at 37, 29
Removed entity wolf from grid at 24, 46
Removed entity cow from grid at 4, 32
Removed entity tree from grid at 15, 34
Added entity cow at 44, 23
Added entity human at 24, 43
Added entity tree at 23, 42
Added entity tree at 37, 28
Added entity human at 12, 19
Added entity human at 16, 39
Added entity cow at 3, 34
Removed entity cow from grid at 12, 39
Removed entity human from grid at 30, 43
Removed entity tree from grid at 21, 37
Removed entity human from grid at 13, 10
Removed entity tree from grid at 48, 35
Added entity human at 44, 32
Added entity human at 44, 30
Added entity human at 30, 32
Removed entity naturereserve from grid at 5, 31
Removed entity naturereserve from grid at 25, 26
Added entity tree at 29, 31
Added entity tree at 43, 31
Added entity human at 11, 20
Removed entity wolf from grid at 41, 48
Removed entity tree from grid at 14, 32
Removed entity wolf from grid at 28, 11
Removed entity human from grid at 12, 8
Added entity human at 40, 30
Added entity human at 19, 25
Added entity human at 33, 31
Added entity human at 12, 29
Added entity human at 29, 38
Removed entity naturereserve from grid at 39, 47
Removed entity naturereserve from grid at 31, 23
Removed entity naturereserve from grid at 3, 37
Added entity tree at 29, 37
Removed entity tree from grid at 12, 21
Added entity house at 31, 33
Added entity cow at 4, 33
Removed entity tree from grid at 37, 28
Removed entity tree from grid at 27, 47
Removed entity tree from grid at 29, 37
Added entity human at 15, 21
Added entity human at 47, 36
Removed entity naturereserve from grid at 22, 24
Added entity cow at 5, 34
Added entity tree at 29, 37
Added entity tree at 10, 30
Added entity tree at 33, 32
Added entity tree at 18, 23
Removed entity tree from grid at 29, 31
Added entity cow at 10, 35
Removed entity human from grid at 14, 31
Added entity human at 25, 34
Added entity tree at 14, 4
Removed entity naturereserve from grid at 29, 48
Added entity cow at 9, 36
Removed entity tree from grid at 19, 23
Added entity human at 11, 21
Added entity human at 43, 32
Added entity human at 18, 36
Removed entity human from grid at 39, 25
Removed entity wolf from grid at 34, 47
Added entity human at 6, 9
Removed entity human from grid at 32, 34
Added entity house at 44, 34
Removed entity naturereserve from grid at 22, 4
Added entity tree at 19, 35
Added entity human at 44, 31
Added entity human at 10, 20
Added entity cow at 10, 37
Removed entity cow from grid at 8, 33
Added entity cow at 1, 29
Removed entity cow from grid at 11, 34
Added entity house at 35, 43
Removed entity tree from grid at 19, 35
Added entity human at 15, 21
Added entity human at 30, 40
Added entity cow at 2, 28
Added entity tree at 9, 19
Added entity human at 43, 30
Added entity house at 28, 42
Added entity human at 36, 33
Added entity house at 43, 26
Removed entity cow from grid at 14, 44
Removed entity cow from grid at 9, 35
Added entity human at 44, 42
Added entity human at 41, 24
Added entity human at 15, 41
Added entity cow at 43, 25
Added entity tree at 1, 8
Removed entity human from grid at 7, 7
Removed entity human from grid at 44, 42
Removed entity tree from grid at 43, 31
Added entity cow at 9, 36
Added entity human at 11, 21
Removed entity tree from grid at 29, 42
Removed entity tree from grid at 37, 43
Added entity human at 42, 39
Added entity human at 33, 29
Added entity tree at 11, 20
Added entity tree at 16, 39
Removed entity tree from grid at 33, 32
Added entity human at 22, 34
Added entity cow at 6, 33
Added entity human at 16, 22
Removed entity tree from grid at 42, 25
Removed entity tree from grid at 10, 30
Removed entity cow from grid at 9, 36
Removed entity human from grid at 5, 25
Added entity house at 15, 26
Removed entity human from grid at 6, 43
Added entity human at 8, 9
Added entity tree at 45, 25
Removed entity human from grid at 42, 29
Removed entity human from grid at 6, 7
Added entity human at 31, 45
Added entity tree at 8, 8
Added entity tree at 15, 21
Added entity cow at 7, 34
Removed entity tree from grid at 22, 35
Added entity human at 12, 20
Added entity human at 33, 32
Added entity human at 40, 27
Added entity cow at 1, 29
Removed entity cow from grid at 9, 37
Added entity berry at 8, 35
Added entity human at 17, 48
Added entity house at 23, 14
Added entity human at 46, 21
Added entity human at 25, 45
Added entity tree at 25, 44
Added entity human at 39, 28
Added entity human at 32, 31
Removed entity tree from grid at 11, 20
Removed entity tree from grid at 8, 10
Added entity human at 15, 23
Added entity house at 17, 38
Removed entity human from grid at 7, 25
Added entity house at 32, 39
Removed entity tree from grid at 16, 39
Added entity house at 24, 25
Added entity house at 33, 44
Removed entity wolf from grid at 0, 36
Added entity human at 40, 30
Added entity human at 30, 43
Removed entity human from grid at 22, 14
Removed entity naturereserve from grid at 13, 16
Added entity tree at 29, 42
Added entity tree at 14, 22
Added entity tree at 31, 30
Added entity human at 40, 29
Added entity cow at 2, 28
Added entity cow at 8, 33
Added entity house at 7, 10
Removed entity human from grid at 7, 23
Added entity house at 28, 26
Removed entity tree from grid at 7, 30
Removed entity tree from grid at 14, 26
Added entity house at 4, 30
Added entity human at 19, 46
Added entity human at 18, 41
Added entity tree at 19, 40
Added entity tree at 19, 45
Added entity cow at 9, 32
Added entity cow at 3, 29
Removed entity cow from grid at 9, 36
Removed entity cow from grid at 9, 32
Removed entity cow from grid at 6, 31
Removed entity cow from grid at 8, 44
Removed entity cow from grid at 4, 47
Removed entity human from grid at 4, 29
Removed entity cow from grid at 2, 34
Removed entity cow from grid at 2, 38
Added entity human at 22, 28
Added entity human at 25, 28
Added entity human at 19, 35
Removed entity tree from grid at 24, 29
Added entity cow at 4, 28
Removed entity tree from grid at 19, 40
Removed entity tree from grid at 39, 29
Added entity human at 14, 26
Removed entity tree from grid at 31, 30
Removed entity tree from grid at 19, 45
Added entity human at 10, 21
Removed entity tree from grid at 5, 11
Removed entity human from grid at 41, 24
Added entity house at 34, 48
Removed entity human from grid at 28, 25
Removed entity human from grid at 24, 14
Removed entity tree from grid at 33, 47
Added entity human at 42, 37
Added entity human at 22, 45
Added entity human at 33, 37
Added entity human at 47, 40
Added entity human at 33, 34
Added entity human at 26, 34
Added entity human at 47, 23
Added entity human at 24, 42
Added entity tree at 46, 22
Added entity tree at 25, 34
Added entity tree at 32, 36
Added entity tree at 22, 44
Added entity tree at 41, 36
Added entity tree at 9, 20
Added entity tree at 15, 25
Removed entity tree from grid at 22, 32
Added entity house at 16, 48
Added entity human at 39, 30
Added entity human at 33, 32
Removed entity cow from grid at 43, 25
Removed entity human from grid at 36, 44
Removed entity human from grid at 29, 31
Removed entity wolf from grid at 41, 47
Removed entity tree from grid at 22, 27
Added entity human at 40, 22
Added entity human at 27, 28
Removed entity human from grid at 32, 45
Added entity human at 7, 38
Removed entity human from grid at 39, 25
Added entity human at 13, 31
Added entity human at 27, 47
Added entity human at 12, 39
Added entity tree at 12, 38
Added entity tree at 27, 46
Added entity human at 34, 33
Added entity human at 38, 29
Removed entity tree from grid at 41, 36
Added entity human at 9, 22
Removed entity human from grid at 19, 44
Removed entity tree from grid at 43, 24
Added entity house at 15, 48
Removed entity human from grid at 13, 25
Removed entity human from grid at 47, 21
Added entity tree at 8, 21
Added entity tree at 39, 28
Added entity house at 48, 25
Added entity cow at 3, 27
Removed entity cow from grid at 9, 29
Added entity house at 29, 49
Added entity house at 9, 6
Removed entity tree from grid at 12, 38
Added entity house at 16, 25
Removed entity cow from grid at 10, 34
Removed entity berry from grid at 8, 35
Removed entity tree from grid at 4, 10
Added entity human at 22, 43
Added entity tree at 21, 42
Added entity cow at 2, 26
Added entity tree at 9, 21
Added entity human at 37, 30
Removed entity human from grid at 34, 32
Removed entity tree from grid at 47, 25
Added entity house at 29, 30
Added entity house at 35, 49
Removed entity cow from grid at 4, 25
Removed entity cow from grid at 44, 23
Removed entity tree from grid at 15, 25
Removed entity cow from grid at 6, 25
Removed entity human from grid at 29, 26
Added entity human at 31, 38
Added entity human at 43, 25
Removed entity human from grid at 8, 6
House dying at 26, 44. Occupants: 1
Checking 25, 43: [object Object]
Checking 25, 44: [object Object]
Checking 25, 45: [object Object]
Checking 26, 43: [object Object]
Checking 26, 45: null
Added entity human at 26, 45
Ejected to 26, 45
Removed entity house from grid at 26, 44
Added entity tree at 26, 44
Added entity tree at 31, 37
Added entity human at 36, 31
Removed entity tree from grid at 22, 44
Removed entity human from grid at 39, 22
Added entity human at 21, 31
Removed entity tree from grid at 27, 46
Removed entity human from grid at 43, 25
Removed entity tree from grid at 9, 9
Added entity house at 10, 36
Added entity human at 33, 36
Added entity tree at 33, 35
Added entity tree at 21, 30
Added entity tree at 36, 30
Added entity human at 27, 46
Added entity cow at 1, 25
Added entity human at 7, 24
Removed entity cow from grid at 11, 41
Removed entity tree from grid at 31, 46
Removed entity tree from grid at 41, 23
Removed entity cow from grid at 15, 44
Added entity human at 16, 22
Added entity human at 20, 30
Added entity human at 33, 47
Added entity human at 29, 48
Removed entity human from grid at 18, 0
Added entity human at 49, 36
Added entity berry at 42, 6
Added entity tree at 28, 47
Added entity tree at 34, 47
Removed entity tree from grid at 21, 30
Added entity cow at 0, 26
Removed entity tree from grid at 28, 47
Added entity human at 35, 32
Removed entity tree from grid at 28, 33
Removed entity human from grid at 47, 42
Removed entity cow from grid at 4, 25
Removed entity tree from grid at 23, 42
Added entity house at 5, 8
Removed entity wolf from grid at 1, 23
Removed entity human from grid at 9, 5
Removed entity cow from grid at 5, 28
Added entity house at 13, 30
Added entity house at 13, 22
Added entity human at 20, 18
Added entity human at 22, 48
Added entity tree at 21, 47
Added entity tree at 19, 17
Added entity tree at 34, 31
Added entity tree at 28, 47
Added entity human at 5, 22
Added entity human at 26, 45
Removed entity cow from grid at 14, 44
Removed entity cow from grid at 2, 26
Removed entity human from grid at 42, 29
Removed entity cow from grid at 7, 30
Removed entity tree from grid at 14, 22
Removed entity tree from grid at 8, 21
Added entity human at 40, 22
Added entity house at 9, 10
Added entity human at 9, 28
Added entity human at 29, 38
Added entity human at 18, 22
Added entity wolf at 19, 2
Added entity human at 32, 43
Added entity human at 31, 45
Added entity tree at 32, 44
Added entity tree at 32, 42
Removed entity tree from grid at 40, 23
Removed entity tree from grid at 26, 44
Removed entity tree from grid at 19, 17
Added entity house at 36, 45
Added entity house at 36, 38
Removed entity human from grid at 13, 42
Added entity house at 33, 28
Removed entity tree from grid at 5, 9
Added entity human at 21, 37
Added entity house at 21, 20
Removed entity cow from grid at 14, 40
Removed entity tree from grid at 21, 42
Removed entity tree from grid at 9, 12
Added entity tree at 20, 36
Added entity tree at 32, 45
Added entity tree at 31, 43
Added entity tree at 19, 20
Added entity tree at 8, 26
Added entity tree at 39, 21
Added entity human at 27, 46
Added entity human at 37, 30
Added entity human at 26, 31
Removed entity human from grid at 27, 39
Removed entity cow from grid at 11, 41
Added entity house at 5, 36
Added entity house at 6, 49
Removed entity human from grid at 15, 12
Added entity house at 23, 16
Added entity human at 18, 18
Added entity human at 35, 47
Added entity human at 25, 32
Removed entity tree from grid at 36, 30
Removed entity tree from grid at 28, 47
Added entity human at 22, 36
Removed entity human from grid at 33, 33
Removed entity tree from grid at 8, 26
Added entity human at 8, 21
Removed entity tree from grid at 34, 47
Removed entity cow from grid at 6, 27
Added entity house at 47, 30
Removed entity tree from grid at 15, 21
Removed entity human from grid at 38, 24
Removed entity tree from grid at 19, 22
Removed entity wolf from grid at 46, 49
Removed entity tree from grid at 24, 16
Added entity human at 24, 43
Added entity tree at 8, 20
Added entity tree at 21, 35
Added entity tree at 25, 31
Added entity tree at 25, 30
Added entity tree at 36, 29
Added entity tree at 26, 45
Added entity tree at 21, 36
Removed entity tree from grid at 48, 28
Removed entity tree from grid at 34, 31
Removed entity human from grid at 40, 28
Added entity human at 10, 29
Removed entity cow from grid at 9, 33
Removed entity human from grid at 23, 17
Added entity human at 33, 45
Added entity tree at 34, 44
Added entity tree at 10, 28
Removed entity tree from grid at 9, 21
Removed entity tree from grid at 21, 36
Removed entity tree from grid at 25, 33
Added entity human at 38, 29
Added entity cow at 1, 25
Removed entity tree from grid at 32, 36
Added entity house at 48, 28
Added entity house at 9, 12
Removed entity cow from grid at 15, 41
Removed entity tree from grid at 9, 19
Removed entity tree from grid at 25, 43
Removed entity tree from grid at 10, 28
Added entity house at 19, 16
Removed entity human from grid at 24, 43
Removed entity human from grid at 30, 27
House dying at 49, 39. Occupants: 0
Removed entity house from grid at 49, 39
Added entity cow at 2, 26
Added entity tree at 38, 28
Added entity tree at 34, 45
Added entity tree at 9, 29
Added entity tree at 7, 20
Added entity tree at 22, 35
Added entity tree at 24, 32
Added entity tree at 27, 30
Added entity human at 30, 43
Added entity house at 21, 13
Removed entity cow from grid at 3, 25
Added entity house at 36, 36
Removed entity human from grid at 33, 27
Removed entity human from grid at 34, 27
Removed entity human from grid at 43, 21
Removed entity human from grid at 15, 11
Added entity house at 13, 26
Added entity human at 45, 21
Added entity human at 8, 44
Added entity human at 28, 47
Added entity human at 27, 47
Removed entity tree from grid at 30, 44
Added entity cow at 3, 25
Added entity human at 37, 30
Added entity human at 9, 28
Removed entity tree from grid at 22, 13
Removed entity tree from grid at 47, 27
Removed entity cow from grid at 6, 30
Added entity house at 24, 15
Removed entity human from grid at 36, 40
Added entity house at 11, 6
House dying at 19, 31. Occupants: 1
Checking 18, 30: null
Added entity human at 18, 30
Ejected to 18, 30
Removed entity house from grid at 19, 31
Added entity tree at 18, 29
Added entity tree at 8, 27
Added entity tree at 37, 29
Added entity cow at 4, 26
Removed entity human from grid at 43, 19
Removed entity human from grid at 20, 12
Removed entity tree from grid at 8, 27
Added entity house at 39, 48
Removed entity tree from grid at 5, 10
Removed entity human from grid at 25, 15
Removed entity human from grid at 24, 16
Removed entity wolf from grid at 31, 19
Removed entity human from grid at 12, 6
Added entity human at 43, 21
House dying at 22, 31. Occupants: 2
Checking 21, 30: null
Added entity human at 21, 30
Ejected to 21, 30
Checking 21, 30: [object Object]
Checking 21, 31: null
Added entity human at 21, 31
Ejected to 21, 31
Removed entity house from grid at 22, 31
Added entity tree at 20, 30
Added entity tree at 20, 29
Added entity human at 10, 29
Removed entity tree from grid at 37, 29
Removed entity cow from grid at 7, 31
Removed entity cow from grid at 2, 25
Removed entity human from grid at 20, 13
Removed entity tree from grid at 20, 36
Added entity house at 8, 22
Added entity human at 20, 27
Added entity human at 30, 40
Added entity cow at 43, 22
Added entity tree at 29, 39
Added entity tree at 20, 26
Removed entity tree from grid at 9, 29
Added entity house at 22, 31
Added entity house at 43, 40
Removed entity tree from grid at 39, 41
Added entity house at 25, 33
Removed entity cow from grid at 10, 35
Removed entity tree from grid at 18, 23
Added entity house at 20, 11
Removed entity human from grid at 45, 20
Removed entity wolf from grid at 31, 20
Added entity house at 11, 11
Added entity house at 23, 19
Added entity human at 42, 28
Added entity tree at 42, 27
Added entity tree at 31, 39
Added entity tree at 21, 26
Removed entity tree from grid at 20, 30
Added entity cow at 5, 26
Added entity human at 37, 32
Removed entity cow from grid at 13, 37
Removed entity human from grid at 19, 24
Removed entity tree from grid at 26, 33
Removed entity tree from grid at 34, 45
Added entity house at 5, 14
Added entity house at 7, 6
Removed entity cow from grid at 43, 22
Removed entity wolf from grid at 33, 19
Removed entity tree from grid at 8, 20
Removed entity human from grid at 20, 10
Added entity house at 21, 11
Added entity house at 8, 14
Added entity human at 27, 24
Added entity human at 45, 21
House dying at 23, 47. Occupants: 1
Checking 22, 46: null
Added entity human at 22, 46
Ejected to 22, 46
Removed entity house from grid at 23, 47
Added entity tree at 21, 45
Added entity tree at 36, 31
Added entity cow at 6, 27
Added entity tree at 43, 27
Added entity tree at 29, 40
Removed entity cow from grid at 7, 29
Added entity human at 36, 41
Added entity human at 10, 16
Removed entity human from grid at 24, 20
Removed entity tree from grid at 40, 41
Added entity house at 38, 46
Removed entity tree from grid at 8, 8
Removed entity tree from grid at 19, 13
Added entity human at 42, 23
Added entity tree at 9, 15
Added entity tree at 36, 40
Added entity tree at 22, 45
Added entity human at 36, 33
Added entity human at 14, 29
Added entity house at 19, 31
Added entity house at 40, 31
Removed entity tree from grid at 7, 20
Removed entity human from grid at 39, 30
Removed entity cow from grid at 12, 42
Added entity house at 49, 21
Added entity house at 31, 26
Added entity house at 11, 24
Removed entity tree from grid at 9, 15
Removed entity human from grid at 30, 25
Added entity house at 49, 42
Added entity human at 9, 44
Removed entity cow from grid at 3, 21
Added entity tree at 8, 43
Added entity tree at 15, 28
Added entity human at 37, 34
Removed entity human from grid at 40, 21
Added entity human at 9, 15
Added entity human at 37, 42
Added entity cow at 7, 28
Removed entity human from grid at 45, 21
Removed entity human from grid at 27, 24
Added entity human at 16, 31
Added entity house at 48, 39
Removed entity tree from grid at 9, 20
Removed entity tree from grid at 34, 44
Added entity house at 18, 12
Removed entity human from grid at 30, 26
Removed entity human from grid at 19, 11
Removed entity cow from grid at 7, 28
Added entity human at 11, 34
Added entity human at 9, 32
Added entity human at 25, 26
Added entity human at 14, 30
Added entity human at 18, 15
Added entity human at 17, 23
Added entity human at 47, 27
Added entity human at 40, 26
Added entity human at 33, 49
Added entity cow at 0, 35
Added entity tree at 28, 9
Added entity cow at 1, 36
Added entity tree at 33, 48
Added entity human at 13, 31
Added entity human at 17, 32
Added entity human at 38, 43
Added entity human at 8, 16
Added entity human at 38, 35
Removed entity tree from grid at 15, 28
Removed entity tree from grid at 20, 29
Added entity house at 22, 11
Added entity berry at 25, 14
Removed entity tree from grid at 17, 11
Removed entity human from grid at 43, 25
Removed entity cow from grid at 9, 33
Added entity human at 12, 13
Added entity human at 27, 41
House dying at 15, 32. Occupants: 0
Removed entity house from grid at 15, 32
House dying at 20, 34. Occupants: 0
Removed entity house from grid at 20, 34
Added entity human at 4, 21
Added entity tree at 4, 20
Added entity tree at 27, 40
Added entity tree at 39, 35
Added entity house at 34, 49
Removed entity tree from grid at 8, 43
Removed entity tree from grid at 36, 31
Removed entity human from grid at 22, 12
Removed entity tree from grid at 21, 35
Removed entity human from grid at 9, 32
Added entity human at 32, 27
Added entity human at 42, 21
House dying at 30, 46. Occupants: 0
Removed entity house from grid at 30, 46
Removed entity human from grid at 32, 27
Added entity tree at 3, 20
Added entity tree at 26, 41
Added entity tree at 38, 34
Added entity human at 35, 42
Removed entity tree from grid at 33, 48
Added entity house at 47, 29
Removed entity cow from grid at 8, 35
Added entity house at 12, 17
Removed entity human from grid at 8, 43
Added entity house at 8, 3
Added entity house at 11, 14
Added entity house at 47, 19
Added entity human at 46, 21
Added entity human at 46, 38
House dying at 23, 43. Occupants: 0
Removed entity house from grid at 23, 43
Removed entity cow from grid at 1, 22
Added entity tree at 46, 37
Removed entity tree from grid at 4, 20
Removed entity tree from grid at 39, 35
Added entity human at 8, 17
Added entity cow at 2, 35
Added entity house at 5, 45
Added entity human at 13, 28
Removed entity cow from grid at 8, 31
Removed entity human from grid at 46, 20
Removed entity tree from grid at 22, 35
Removed entity human from grid at 38, 29
Removed entity tree from grid at 18, 29
Added entity house at 5, 10
Removed entity cow from grid at 2, 25
Removed entity human from grid at 47, 20
Added entity human at 13, 37
House dying at 23, 44. Occupants: 1
Checking 22, 43: null
Added entity human at 22, 43
Ejected to 22, 43
Removed entity house from grid at 23, 44
Removed entity tree from grid at 3, 20
Added entity tree at 21, 42
Added entity tree at 13, 36
Added entity tree at 12, 27
Added entity cow at 1, 34
Added entity tree at 7, 16
Added entity tree at 47, 37
Added entity human at 36, 39
Added entity human at 39, 36
Added entity human at 16, 28
Removed entity tree from grid at 45, 25
Added entity house at 49, 40
Removed entity human from grid at 25, 16
Removed entity tree from grid at 12, 27
Removed entity human from grid at 22, 36
Removed entity cow from grid at 6, 43
Removed entity tree from grid at 1, 8
Removed entity cow from grid at 8, 34
Added entity human at 5, 30
Added entity human at 35, 37
Removed entity tree from grid at 43, 47
Added entity human at 24, 48
Added entity human at 25, 39
Added entity tree at 24, 38
Added entity tree at 23, 47
Added entity tree at 35, 36
Added entity tree at 4, 29
Added entity human at 15, 27
Added entity human at 40, 37
Added entity human at 37, 38
Removed entity tree from grid at 13, 36
Added entity human at 7, 18
Removed entity tree from grid at 46, 37
Added entity human at 5, 21
Added entity human at 15, 30
Removed entity tree from grid at 15, 8
Added entity human at 9, 35
Added entity house at 15, 22
Removed entity cow from grid at 6, 24
Removed entity cow from grid at 11, 37
Removed entity human from grid at 22, 12
Removed entity tree from grid at 20, 26
Added entity human at 35, 48
Added entity human at 43, 19
Added entity human at 35, 47
Added entity human at 16, 47
House dying at 13, 38. Occupants: 0
Removed entity house from grid at 13, 38
House dying at 25, 42. Occupants: 0
Removed entity house from grid at 25, 42
Added entity tree at 35, 46
Added entity tree at 8, 35
Added entity tree at 14, 29
Added entity tree at 4, 20
Added entity human at 14, 26
Removed entity tree from grid at 23, 47
Removed entity tree from grid at 35, 36
Removed entity tree from grid at 4, 29
Removed entity human from grid at 41, 21
Removed entity cow from grid at 7, 34
Removed entity cow from grid at 9, 34
Added entity house at 16, 23
Added entity house at 3, 12
Removed entity tree from grid at 21, 42
Removed entity naturereserve from grid at 5, 35
Removed entity naturereserve from grid at 43, 23
Added entity tree at 13, 25
Added entity tree at 36, 46
Added entity tree at 9, 34
Added entity tree at 15, 29
Removed entity tree from grid at 4, 20
Added entity human at 6, 16
Added entity human at 34, 41
Added entity human at 37, 34
Removed entity cow from grid at 3, 24
Removed entity tree from grid at 8, 35
Removed entity tree from grid at 9, 34
Removed entity human from grid at 12, 29
Removed entity tree from grid at 21, 26
Removed entity wolf from grid at 33, 17
Removed entity tree from grid at 47, 37
Added entity house at 38, 26
Added entity house at 23, 11
Removed entity human from grid at 11, 5
Removed entity human from grid at 19, 32
Added entity house at 46, 19
Added entity human at 34, 43
Added entity tree at 34, 42
Added entity tree at 36, 33
Added entity tree at 33, 40
Added entity tree at 6, 15
Added entity tree at 14, 25
Added entity human at 4, 22
Removed entity cow from grid at 7, 27
Removed entity tree from grid at 14, 25
Removed entity human from grid at 15, 25
Added entity human at 23, 36
Removed entity tree from grid at 6, 15
Added entity house at 20, 35
Removed entity tree from grid at 38, 27
Added entity house at 46, 44
Added entity berry at 5, 33
Removed entity berry from grid at 5, 33
Removed entity human from grid at 24, 11
Removed entity human from grid at 30, 43
Removed entity tree from grid at 7, 16
Removed entity tree from grid at 1, 7
Removed entity human from grid at 45, 19
Added entity human at 48, 42
Added entity human at 6, 42
Added entity house at 5, 16
Added entity tree at 5, 41
Added entity tree at 3, 21
Added entity tree at 35, 42
Added entity tree at 38, 33
Added entity tree at 34, 40
Added entity human at 7, 17
Removed entity tree from grid at 13, 25
Removed entity tree from grid at 14, 29
Added entity house at 49, 44
Removed entity human from grid at 28, 45
Removed entity human from grid at 43, 31
Added entity house at 20, 9
Removed entity human from grid at 19, 8
Added entity human at 34, 18
Added entity house at 1, 11
Removed entity human from grid at 6, 42
Removed entity human from grid at 25, 27
Removed entity human from grid at 21, 9
Removed entity tree from grid at 21, 45
Added entity house at 22, 47
Removed entity naturereserve from grid at 42, 26
House dying at 18, 35. Occupants: 0
Removed entity house from grid at 18, 35
Added entity tree at 27, 16
Added entity tree at 33, 17
Added entity tree at 7, 16
Removed entity tree from grid at 3, 21
Removed entity tree from grid at 38, 34
Removed entity tree from grid at 34, 42
Removed entity cow from grid at 5, 23
Added entity house at 8, 26
Removed entity cow from grid at 1, 25
Added entity house at 12, 34
Removed entity tree from grid at 15, 29
Removed entity tree from grid at 36, 46
Removed entity human from grid at 42, 19
Removed entity cow from grid at 6, 41
Removed entity human from grid at 6, 6
Removed entity human from grid at 46, 20
Removed entity tree from grid at 19, 20
Removed entity cow from grid at 6, 32
Removed entity human from grid at 21, 45
Added entity human at 18, 41
Added entity tree at 18, 40
Added entity tree at 35, 17
Added entity tree at 8, 16
Added entity tree at 25, 37
Added entity tree at 3, 21
Added entity tree at 34, 42
Added entity human at 11, 9
Added entity human at 37, 48
Added entity human at 41, 21
Added entity human at 19, 43
Removed entity human from grid at 34, 16
Added entity human at 33, 45
House dying at 11, 42. Occupants: 0
Removed entity house from grid at 11, 42
Removed entity tree from grid at 7, 16
Added entity tree at 18, 42
Removed entity tree from grid at 33, 17
Removed entity tree from grid at 8, 16
Removed entity tree from grid at 24, 38
Added entity human at 40, 35
Added entity human at 37, 44
Added entity human at 14, 26
Removed entity cow from grid at 12, 46
Added entity human at 8, 35
Removed entity cow from grid at 5, 34
Added entity house at 31, 46
Removed entity cow from grid at 5, 29
Added entity house at 42, 36
Removed entity tree from grid at 21, 47
Removed entity tree from grid at 46, 22
Removed entity human from grid at 41, 20
Removed entity human from grid at 5, 7
Removed entity tree from grid at 3, 21
Added entity tree at 9, 34
Added entity tree at 13, 25
Added entity tree at 38, 43
Added entity tree at 39, 34
Added entity tree at 19, 42
Added entity tree at 37, 47
Added entity human at 6, 18
Added entity human at 25, 36
Removed entity cow from grid at 1, 25
Removed entity human from grid at 29, 46
Added entity house at 31, 48
Added entity human at 19, 34
Removed entity human from grid at 24, 36
Added entity house at 40, 20
Removed entity cow from grid at 6, 36
Added entity house at 14, 7
Removed entity human from grid at 11, 7
Removed entity naturereserve from grid at 1, 35
Removed entity naturereserve from grid at 42, 30
Removed entity tree from grid at 26, 36
Removed entity tree from grid at 38, 43
Added entity human at 39, 36
Removed entity tree from grid at 19, 42
Removed entity tree from grid at 37, 47
Added entity human at 1, 20
Removed entity human from grid at 30, 41
Removed entity human from grid at 10, 28
Removed entity tree from grid at 9, 34
Removed entity tree from grid at 5, 41
Removed entity tree from grid at 32, 45
Added entity house at 15, 15
Added entity house at 47, 45
Removed entity tree from grid at 39, 21
Removed entity human from grid at 25, 22
Added entity human at 20, 16
Removed entity tree from grid at 27, 14
Added entity human at 9, 28
Added entity human at 48, 24
Added entity human at 27, 47
Added entity tree at 27, 46
Added entity tree at 10, 27
Added entity tree at 19, 15
Added entity tree at 0, 19
Added entity tree at 38, 36
Added entity tree at 20, 31
Added entity tree at 24, 36
Added entity tree at 7, 18
Added entity tree at 8, 34
Removed entity cow from grid at 8, 36
Added entity human at 15, 30
Removed entity tree from grid at 8, 34
Removed entity tree from grid at 10, 27
Added entity cow at 2, 33
Removed entity cow from grid at 4, 28
Added entity house at 43, 43
Removed entity human from grid at 22, 34
Added entity house at 16, 13
Removed entity tree from grid at 20, 31
Removed entity human from grid at 14, 6
Added entity wolf at 35, 15
Added entity tree at 15, 29
Added entity tree at 26, 47
Added entity tree at 8, 27
Added entity human at 40, 37
Removed entity tree from grid at 7, 18
Removed entity human from grid at 22, 46
Removed entity cow from grid at 3, 26
Removed entity human from grid at 15, 7
Removed entity human from grid at 30, 43
Removed entity cow from grid at 5, 32
Removed entity tree from grid at 39, 34
Added entity human at 16, 26
Added entity human at 12, 29
Removed entity human from grid at 4, 7
Added entity cow at 3, 34
Cow Endangered Reproduction!
Added entity human at 13, 8
Added entity human at 18, 13
Removed entity human from grid at 24, 11
Added entity human at 18, 17
Added entity naturereserve at 39, 41
Human Jack built Nature Reserve for COW
Added entity cow at 1, 43
Cow Endangered Reproduction!
Removed entity human from grid at 31, 12
Added entity human at 11, 31
House dying at 28, 46. Occupants: 0
Removed entity house from grid at 28, 46
Added entity tree at 11, 7
Added entity tree at 10, 30
Added entity cow at 4, 33
Added entity human at 39, 38
Removed entity human from grid at 38, 44
Added entity house at 20, 24
Added entity house at 4, 24
Removed entity cow from grid at 1, 27
Removed entity tree from grid at 19, 15
Added entity house at 13, 6
Removed entity tree from grid at 2, 5
Removed entity human from grid at 43, 45
Added entity house at 23, 43
Removed entity tree from grid at 10, 30
Added entity house at 21, 25
Added entity house at 1, 13
Removed entity human from grid at 13, 5
Added entity human at 32, 41
House dying at 14, 42. Occupants: 0
Removed entity house from grid at 14, 42
Added entity tree at 31, 40
Added entity tree at 38, 37
Added entity cow at 3, 32
Added entity tree at 10, 30
Removed entity tree from grid at 23, 31
Removed entity tree from grid at 10, 30
Added entity human at 36, 39
Removed entity cow from grid at 12, 44
Removed entity cow from grid at 4, 27
Removed entity tree from grid at 27, 46
Removed entity tree from grid at 38, 37
Removed entity tree from grid at 8, 27
Removed entity cow from grid at 6, 35
Removed entity human from grid at 39, 20
Added entity house at 14, 17
Removed entity tree from grid at 27, 15
Removed entity human from grid at 40, 21
Added entity house at 43, 42
Removed entity tree from grid at 25, 30
Added entity human at 22, 14
Added entity human at 15, 18
Added entity human at 44, 32
Added entity cow at 4, 31
Cow Endangered Reproduction!
Removed entity human from grid at 24, 19
Added entity human at 12, 13
Added entity human at 25, 41
Added entity cow at 4, 41
Cow Endangered Reproduction!
Added entity human at 32, 45
Removed entity human from grid at 14, 5
Added entity tree at 33, 45
Added entity cow at 3, 40
Added entity tree at 24, 41
Added entity tree at 11, 12
Added entity tree at 43, 30
Added entity tree at 12, 19
Added entity tree at 22, 12
Added entity tree at 34, 37
Added entity human at 37, 38
Added entity cow at 0, 44
Added entity human at 25, 28
Added entity human at 38, 18
Added entity house at 21, 18
Removed entity tree from grid at 26, 42
Removed entity tree from grid at 35, 46
Added entity house at 26, 17
Added entity tree at 45, 25
Added entity wolf at 30, 8
Added entity human at 23, 39
Added entity tree at 22, 38
Added entity human at 39, 17
Added entity cow at 4, 39
Removed entity tree from grid at 12, 19
Removed entity tree from grid at 22, 12
Removed entity tree from grid at 34, 37
Added entity human at 2, 25
Removed entity cow from grid at 3, 30
Added entity house at 18, 10
Removed entity wolf from grid at 17, 1
Removed entity tree from grid at 27, 10
Added entity house at 13, 38
Added entity human at 8, 9
Added entity tree at 2, 24
Added entity tree at 38, 16
Added entity tree at 23, 38
Added entity berry at 28, 25
Added entity tree at 27, 25
Added entity house at 14, 16
Added entity cow at 5, 30
Removed entity tree from grid at 16, 4
Removed entity tree from grid at 2, 24
Removed entity tree from grid at 18, 42
Added entity house at 11, 43
Removed entity tree from grid at 0, 19
Added entity house at 10, 17
Removed entity human from grid at 8, 24
Removed entity tree from grid at 38, 36
Removed entity human from grid at 6, 6
Added entity house at 10, 22
Removed entity human from grid at 27, 17
Added entity human at 7, 27
Added entity tree at 7, 26
Added entity cow at 6, 31
Added entity tree at 1, 24
Added entity cow at 5, 40
Added entity tree at 24, 39
Added entity tree at 26, 26
Added entity tree at 38, 36
Added entity human at 36, 37
Added entity house at 17, 32
Added entity human at 16, 27
Added entity human at 2, 22
Added entity human at 9, 15
Removed entity cow from grid at 13, 45
Removed entity cow from grid at 3, 29
Removed entity cow from grid at 14, 36
Added entity house at 16, 11
Removed entity tree from grid at 1, 24
Removed entity tree from grid at 13, 25
Removed entity tree from grid at 15, 29
Removed entity human from grid at 29, 45
Removed entity human from grid at 35, 28
Removed entity human from grid at 33, 48
Removed entity human from grid at 13, 39
Removed entity wolf from grid at 36, 13
Added entity human at 9, 9
Removed entity tree from grid at 26, 26
Added entity human at 6, 7
Added entity human at 7, 38
Added entity tree at 6, 37
Added entity tree at 8, 8
Added entity tree at 9, 14
Added entity tree at 2, 21
Removed entity tree from grid at 7, 26
Added entity human at 1, 26
Added entity human at 36, 16
Removed entity tree from grid at 27, 25
Removed entity tree from grid at 11, 12
Removed entity cow from grid at 5, 30
Added entity human at 9, 28
Removed entity human from grid at 20, 43
Added entity berry at 44, 27
Added entity house at 6, 24
Added entity house at 25, 43
Added entity human at 3, 26
Added entity human at 11, 10
Added entity human at 18, 27
Added entity human at 19, 43
Added entity tree at 18, 42
Added entity tree at 17, 26
Added entity tree at 10, 9
Added entity tree at 3, 25
Added entity human at 0, 27
Added entity house at 8, 38
Removed entity tree from grid at 10, 9
Removed entity tree from grid at 9, 14
Removed entity tree from grid at 38, 36
Added entity cow at 7, 30
Removed entity wolf from grid at 37, 14
Added entity cow at 1, 43
Added entity house at 23, 9
Added entity house at 35, 48
Removed entity human from grid at 23, 8
Added entity house at 4, 18
Removed entity tree from grid at 27, 44
Removed entity human from grid at 36, 30
Removed entity human from grid at 18, 27
Removed entity tree from grid at 3, 25
Added entity house at 0, 24
Removed entity tree from grid at 21, 10
Removed entity human from grid at 35, 39
Removed entity wolf from grid at 16, 0
Removed entity human from grid at 22, 8
Removed entity human from grid at 30, 10
Removed entity cow from grid at 1, 29
Added entity cow at 0, 42
Added entity tree at 0, 28
Added entity tree at 19, 42
Added entity tree at 10, 9
Added entity tree at 4, 26
Added entity tree at 8, 25
Removed entity wolf from grid at 34, 13
Added entity tree at 0, 25
Removed entity tree from grid at 6, 37
Added entity human at 8, 16
Removed entity human from grid at 7, 26
Removed entity human from grid at 34, 47
Removed entity cow from grid at 13, 36
Added entity house at 2, 27
Removed entity cow from grid at 3, 30
Removed entity cow from grid at 7, 30
Removed entity tree from grid at 4, 26
Removed entity cow from grid at 11, 41
Added entity human at 9, 38
Added entity human at 0, 29
Removed entity wolf from grid at 34, 13
Added entity naturereserve at 1, 22
Human Victor built Nature Reserve for COW
Removed entity human from grid at 26, 18
Added entity human at 6, 44
Added entity cow at 4, 47
Cow Endangered Reproduction!
Removed entity human from grid at 18, 0
Added entity tree at 2, 28
Added entity tree at 1, 4
Added entity cow at 3, 48
Added entity human at 1, 26
Removed entity human from grid at 2, 26
Removed entity wolf from grid at 36, 14
Removed entity human from grid at 33, 34
Removed entity tree from grid at 24, 32
Removed entity human from grid at 3, 24
Removed entity tree from grid at 8, 25
Removed entity tree from grid at 0, 28
Removed entity human from grid at 2, 25
Removed entity tree from grid at 2, 21
Added entity house at 7, 12
Removed entity human from grid at 25, 41
Added entity house at 36, 22
House dying at 16, 43. Occupants: 1
Checking 15, 42: [object Object]
Checking 15, 43: null
Added entity human at 15, 43
Ejected to 15, 43
Removed entity house from grid at 16, 43
House dying at 24, 35. Occupants: 0
Removed entity house from grid at 24, 35
House dying at 28, 44. Occupants: 1
Checking 27, 43: [object Object]
Checking 27, 44: null
Added entity human at 27, 44
Ejected to 27, 44
Removed entity house from grid at 28, 44
Added entity tree at 1, 25
Added entity cow at 2, 49
Added entity tree at 4, 42
Added entity cow at 2, 21
Added entity tree at 0, 14
Added entity naturereserve at 25, 6
Human Quinn built Nature Reserve for WOLF
Removed entity wolf from grid at 30, 8
Added entity human at 36, 42
Added entity tree at 29, 36
Added entity human at 8, 31
Removed entity human from grid at 35, 12
Added entity cow at 1, 48
Added entity naturereserve at 28, 7
Human Frank built Nature Reserve for WOLF
Removed entity wolf from grid at 26, 0
Added entity naturereserve at 1, 33
Human Luna built Nature Reserve for WOLF
Added entity naturereserve at 0, 23
Human Uma built Nature Reserve for WOLF
Added entity naturereserve at 40, 44
Human Sam built Nature Reserve for WOLF
Added entity human at 5, 29
Added entity human at 27, 25
Added entity human at 7, 30
Added entity human at 46, 40
Added entity human at 46, 21
Added entity human at 21, 36
Added entity cow at 0, 49
Removed entity human from grid at 8, 4
Added entity naturereserve at 31, 22
Human Sam built Nature Reserve for WOLF
Removed entity wolf from grid at 31, 6
Added entity human at 41, 24
Added entity human at 47, 26
Added entity wolf at 32, 13
Removed entity wolf from grid at 33, 12
Added entity cow at 6, 41
Removed entity wolf from grid at 40, 13
Removed entity wolf from grid at 31, 6
Added entity human at 10, 5
Removed entity wolf from grid at 32, 8
Added entity human at 29, 27
Added entity human at 40, 24
Added entity cow at 7, 40
Added entity cow at 1, 43
Removed entity wolf from grid at 34, 13
Added entity cow at 40, 41
Added entity naturereserve at 0, 16
Human Wendy built Nature Reserve for WOLF
Added entity naturereserve at 4, 21
Human Jack built Nature Reserve for WOLF
Removed entity wolf from grid at 32, 10
Added entity naturereserve at 22, 24
Human Eve built Nature Reserve for WOLF
Removed entity human from grid at 29, 2
Added entity human at 25, 26
Added entity cow at 8, 41
Removed entity wolf from grid at 33, 11
Removed entity human from grid at 6, 7
Added entity naturereserve at 38, 42
Human Eve built Nature Reserve for WOLF
Added entity naturereserve at 28, 20
Human Victor built Nature Reserve for WOLF
Removed entity human from grid at 7, 3
Added entity wolf at 30, 0
Added entity human at 19, 45
Added entity human at 17, 48
Removed entity wolf from grid at 33, 7
Removed entity wolf from grid at 31, 10
Added entity naturereserve at 32, 12
Human Oscar built Nature Reserve for WOLF
Added entity human at 8, 5
Removed entity cow from grid at 40, 42
Removed entity human from grid at 8, 5
Added entity cow at 1, 48
Added entity naturereserve at 21, 1
Human Alice built Nature Reserve for WOLF
Added entity human at 7, 21
Removed entity wolf from grid at 29, 4
Added entity naturereserve at 43, 49
Human Yara built Nature Reserve for WOLF
Added entity naturereserve at 41, 38
Human Oscar built Nature Reserve for WOLF
Removed entity wolf from grid at 31, 5
Removed entity wolf from grid at 36, 7
Added entity naturereserve at 20, 33
Human Ruby built Nature Reserve for WOLF
Added entity human at 27, 47
House dying at 32, 46. Occupants: 0
Removed entity house from grid at 32, 46
House dying at 12, 32. Occupants: 0
Removed entity house from grid at 12, 32
House dying at 23, 35. Occupants: 0
Removed entity house from grid at 23, 35
Added entity cow at 6, 27
Removed entity wolf from grid at 41, 12
Added entity naturereserve at 45, 8
Human Ruby built Nature Reserve for WOLF
Added entity human at 15, 13
Added entity naturereserve at 31, 16
Human Pip built Nature Reserve for WOLF
Added entity naturereserve at 47, 15
Human Diana built Nature Reserve for WOLF
Added entity wolf at 28, 1
Added entity cow at 7, 28
Added entity cow at 2, 47
Added entity wolf at 3, 22
Removed entity human from grid at 3, 28
Removed entity human from grid at 3, 29
Removed entity human from grid at 2, 26
Removed entity human from grid at 4, 29
Added entity naturereserve at 25, 1
Human Ruby built Nature Reserve for WOLF
Removed entity human from grid at 5, 28
Removed entity wolf from grid at 33, 6
Added entity naturereserve at 1, 9
Human Victor built Nature Reserve for WOLF
Added entity naturereserve at 34, 10
Human Tina built Nature Reserve for WOLF
Removed entity human from grid at 1, 24
Added entity cow at 9, 40
Added entity naturereserve at 45, 49
Human Diana built Nature Reserve for WOLF
Removed entity human from grid at 5, 13
Removed entity wolf from grid at 29, 2
Removed entity human from grid at 4, 13
Removed entity human from grid at 3, 18
Added entity naturereserve at 38, 7
Human Milo built Nature Reserve for WOLF
Removed entity wolf from grid at 30, 3
Added entity human at 7, 25
Added entity human at 33, 33
Added entity berry at 31, 35
Removed entity human from grid at 7, 25
Removed entity human from grid at 9, 17
Removed entity cow from grid at 11, 49
Added entity naturereserve at 0, 37
Human Ruby built Nature Reserve for WOLF
Added entity cow at 0, 22
Added entity naturereserve at 23, 2
Human Milo built Nature Reserve for WOLF
Removed entity wolf from grid at 26, 4
Added entity naturereserve at 19, 0
Human Eve built Nature Reserve for WOLF
Removed entity cow from grid at 7, 35
Removed entity tree from grid at 18, 40
Removed entity wolf from grid at 34, 12
Removed entity human from grid at 25, 2
Added entity wolf at 24, 7
Removed entity wolf from grid at 27, 3
Removed entity wolf from grid at 34, 5
Removed entity wolf from grid at 40, 9
Added entity human at 32, 27
Added entity naturereserve at 36, 27
Human Victor built Nature Reserve for WOLF
Added entity cow at 0, 42
Added entity naturereserve at 42, 46
Human Diana built Nature Reserve for WOLF
Added entity wolf at 0, 22
Removed entity human from grid at 3, 24
Added entity naturereserve at 32, 9
Human Wendy built Nature Reserve for WOLF
Removed entity wolf from grid at 27, 6
Removed entity wolf from grid at 44, 11
Added entity human at 19, 38
House dying at 11, 38. Occupants: 0
Removed entity house from grid at 11, 38
Added entity cow at 8, 27
Added entity naturereserve at 43, 47
Human Diana built Nature Reserve for WOLF
Removed entity human from grid at 7, 24
Added entity naturereserve at 0, 7
Human Luna built Nature Reserve for WOLF
Added entity tree at 0, 9
Added entity human at 22, 15
Removed entity wolf from grid at 39, 8
Added entity naturereserve at 49, 11
Human Nina built Nature Reserve for WOLF
Removed entity wolf from grid at 31, 1
House dying at 15, 36. Occupants: 0
Removed entity house from grid at 15, 36
House dying at 22, 29. Occupants: 0
Removed entity house from grid at 22, 29
Added entity cow at 7, 26
Added entity cow at 1, 43
Added entity cow at 8, 41
Added entity wolf at 35, 10
Added entity wolf at 19, 34
Removed entity human from grid at 15, 35
Removed entity human from grid at 18, 27
Added entity naturereserve at 15, 4
Human Zane built Nature Reserve for WOLF
Removed entity human from grid at 21, 39
Added entity naturereserve at 29, 0
Human Quinn built Nature Reserve for WOLF
Added entity naturereserve at 33, 7
Human Wendy built Nature Reserve for WOLF
Removed entity wolf from grid at 33, 0
Added entity human at 20, 13
Added entity human at 10, 29
Added entity human at 43, 21
Added entity human at 45, 21
House dying at 23, 37. Occupants: 0
Removed entity house from grid at 23, 37
Added entity cow at 6, 25
Added entity wolf at 48, 10
Removed entity human from grid at 21, 36
Added entity wolf at 41, 45
Added entity naturereserve at 29, 10
Human Hank built Nature Reserve for WOLF
Removed entity wolf from grid at 35, 9
Removed entity human from grid at 35, 40
Removed entity human from grid at 13, 28
Removed entity human from grid at 43, 39
Removed entity human from grid at 22, 36
Removed entity wolf from grid at 36, 4
Removed entity wolf from grid at 1, 0
Added entity naturereserve at 27, 12
Human Pip built Nature Reserve for WOLF
Removed entity human from grid at 45, 43
Removed entity human from grid at 40, 49
Added entity naturereserve at 32, 10
Human Eve built Nature Reserve for WOLF
Added entity human at 22, 13
Removed entity human from grid at 35, 47
Removed entity human from grid at 42, 44
Added entity naturereserve at 28, 21
Human Bob built Nature Reserve for WOLF
Removed entity wolf from grid at 32, 6
Removed entity wolf from grid at 25, 0
Added entity human at 13, 11
Removed entity human from grid at 46, 42
Removed entity human from grid at 34, 47
Added entity human at 46, 40
Removed entity wolf from grid at 48, 10
Removed entity human from grid at 42, 40
Added entity human at 25, 36
House dying at 15, 31. Occupants: 0
Removed entity house from grid at 15, 31
House dying at 15, 39. Occupants: 0
Removed entity house from grid at 15, 39
House dying at 44, 24. Occupants: 0
Removed entity house from grid at 44, 24
House dying at 28, 37. Occupants: 0
Removed entity house from grid at 28, 37
Removed entity human from grid at 25, 36
Removed entity human from grid at 46, 40
Added entity cow at 7, 24
Added entity cow at 5, 26
Added entity cow at 3, 46
Removed entity human from grid at 43, 44
Added entity wolf at 39, 45
Added entity wolf at 24, 5
Removed entity human from grid at 33, 41
Added entity naturereserve at 2, 1
Human Charlie built Nature Reserve for WOLF
Added entity naturereserve at 19, 3
Human Wendy built Nature Reserve for WOLF
Removed entity human from grid at 32, 43
Removed entity human from grid at 0, 12
Removed entity wolf from grid at 29, 2
Added entity naturereserve at 31, 10
Human Ivy built Nature Reserve for WOLF
Removed entity wolf from grid at 34, 3
Removed entity human from grid at 33, 48
Added entity naturereserve at 48, 5
Human Wendy built Nature Reserve for WOLF
Added entity human at 41, 24
Added entity cow at 4, 47
Added entity cow at 6, 27
Added entity cow at 8, 23
Added entity cow at 9, 40
Removed entity human from grid at 30, 44
Added entity wolf at 20, 0
Removed entity human from grid at 36, 43
Added entity wolf at 40, 43
Added entity wolf at 28, 6
Removed entity wolf from grid at 28, 6
Removed entity human from grid at 32, 41
Removed entity human from grid at 43, 36
Removed entity human from grid at 40, 48
Removed entity human from grid at 42, 40
Added entity human at 24, 20
Removed entity human from grid at 34, 38
Removed entity human from grid at 47, 36
Added entity naturereserve at 15, 17
Human Frank built Nature Reserve for WOLF
Added entity naturereserve at 24, 45
Human Oscar built Nature Reserve for WOLF
Added entity naturereserve at 36, 9
Human Charlie built Nature Reserve for WOLF
Added entity naturereserve at 32, 22
Human Jack built Nature Reserve for WOLF
Removed entity human from grid at 37, 37
Removed entity human from grid at 37, 38
House dying at 22, 37. Occupants: 2
Checking 21, 36: null
Added entity human at 21, 36
Ejected to 21, 36
Checking 21, 36: [object Object]
Checking 21, 37: null
Added entity human at 21, 37
Ejected to 21, 37
Removed entity house from grid at 22, 37
House dying at 26, 30. Occupants: 1
Checking 25, 29: null
Added entity human at 25, 29
Ejected to 25, 29
Removed entity house from grid at 26, 30
Removed entity human from grid at 21, 37
Removed entity human from grid at 21, 36
Added entity cow at 10, 41
Added entity cow at 7, 28
Added entity wolf at 30, 17
Removed entity wolf from grid at 30, 17
Removed entity human from grid at 30, 41
Added entity naturereserve at 48, 11
Human Jack built Nature Reserve for WOLF
Removed entity wolf from grid at 23, 6
Removed entity wolf from grid at 29, 1
Added entity naturereserve at 33, 18
Human Ruby built Nature Reserve for WOLF
Removed entity human from grid at 1, 10
Removed entity human from grid at 41, 36
Added entity naturereserve at 4, 2
Human Yara built Nature Reserve for WOLF
Added entity human at 27, 26
Added entity human at 40, 21
Added entity human at 43, 21
House dying at 24, 27. Occupants: 0
Removed entity house from grid at 24, 27
House dying at 48, 37. Occupants: 0
Removed entity house from grid at 48, 37
House dying at 24, 31. Occupants: 0
Removed entity house from grid at 24, 31
House dying at 22, 33. Occupants: 0
Removed entity house from grid at 22, 33
Added entity cow at 11, 40
Added entity cow at 9, 24
Removed entity human from grid at 26, 48
Removed entity human from grid at 27, 38
Added entity wolf at 40, 45
Removed entity human from grid at 42, 42
Removed entity human from grid at 32, 41
Removed entity human from grid at 5, 25
Removed entity human from grid at 27, 39
Removed entity human from grid at 43, 34
Removed entity wolf from grid at 21, 2
Removed entity human from grid at 28, 49
Removed entity human from grid at 25, 41
Removed entity human from grid at 27, 46
Removed entity human from grid at 32, 36
Added entity human at 34, 27
Added entity naturereserve at 35, 8
Human Eve built Nature Reserve for WOLF
Removed entity wolf from grid at 39, 2
Removed entity human from grid at 37, 36
Removed entity human from grid at 49, 35
Added entity cow at 8, 27
Added entity cow at 5, 46
Added entity wolf at 37, 7
Added entity berry at 36, 14
Removed entity wolf from grid at 39, 39
Removed entity human from grid at 28, 36
Removed entity wolf from grid at 47, 2
Added entity naturereserve at 39, 1
Human Bob built Nature Reserve for WOLF
Removed entity wolf from grid at 45, 2
Removed entity wolf from grid at 41, 1
House dying at 15, 45. Occupants: 0
Removed entity house from grid at 15, 45
House dying at 43, 28. Occupants: 1
Checking 42, 27: [object Object]
Checking 42, 28: null
Added entity human at 42, 28
Ejected to 42, 28
Removed entity house from grid at 43, 28
House dying at 46, 24. Occupants: 0
Removed entity house from grid at 46, 24
Added entity cow at 4, 45
Added entity cow at 8, 25
Added entity wolf at 31, 21
Removed entity human from grid at 27, 24
Removed entity human from grid at 3, 24
Added entity naturereserve at 21, 3
Human Wendy built Nature Reserve for WOLF
Removed entity human from grid at 37, 25
Removed entity human from grid at 38, 23
Removed entity human from grid at 37, 22
Added entity human at 30, 27
House dying at 27, 32. Occupants: 0
Removed entity house from grid at 27, 32
Removed entity human from grid at 30, 27
Removed entity human from grid at 35, 22
Added entity wolf at 32, 21
Added entity wolf at 26, 6
Removed entity wolf from grid at 37, 40
Added entity naturereserve at 35, 4
Human Pip built Nature Reserve for WOLF
Added entity naturereserve at 12, 0
Human Luna built Nature Reserve for WOLF
Added entity naturereserve at 42, 10
Human Frank built Nature Reserve for WOLF
Added entity naturereserve at 13, 1
Human Zane built Nature Reserve for WOLF
Removed entity wolf from grid at 27, 1
Added entity human at 10, 7
Removed entity human from grid at 37, 26
Removed entity wolf from grid at 26, 6
Removed entity wolf from grid at 37, 6
Added entity wolf at 39, 0
Added entity cow at 10, 39
Removed entity human from grid at 27, 26
Added entity wolf at 2, 34
Removed entity wolf from grid at 30, 18
Added entity human at 46, 20
Removed entity wolf from grid at 39, 0
Removed entity human from grid at 2, 13
Added entity naturereserve at 41, 0
Human Diana built Nature Reserve for WOLF
House dying at 28, 35. Occupants: 1
Checking 27, 34: [object Object]
Checking 27, 35: [object Object]
Checking 27, 36: [object Object]
Checking 28, 34: null
Added entity human at 28, 34
Ejected to 28, 34
Removed entity house from grid at 28, 35
House dying at 45, 37. Occupants: 0
Removed entity house from grid at 45, 37
House dying at 27, 35. Occupants: 0
Removed entity house from grid at 27, 35
Added entity wolf at 13, 0
Added entity cow at 9, 24
Added entity cow at 5, 46
Added entity cow at 7, 26
Added entity wolf at 31, 9
Added entity wolf at 1, 16
Removed entity human from grid at 9, 43
Added entity naturereserve at 20, 0
Human Zane built Nature Reserve for WOLF
Removed entity human from grid at 6, 21
Added entity human at 30, 27
Added entity human at 19, 10
Added entity naturereserve at 16, 2
Human Zane built Nature Reserve for WOLF
Added entity human at 20, 12
Added entity naturereserve at 43, 2
Human Sam built Nature Reserve for WOLF
Added entity naturereserve at 32, 3
Human Quinn built Nature Reserve for WOLF
Added entity human at 9, 36
Added entity naturereserve at 46, 12
Human Victor built Nature Reserve for WOLF
House dying at 16, 49. Occupants: 0
Removed entity house from grid at 16, 49
Removed entity human from grid at 9, 36
Removed entity human from grid at 30, 27
Added entity cow at 4, 47
Added entity cow at 10, 25
Added entity cow at 11, 38
Removed entity cow from grid at 5, 41
Removed entity human from grid at 10, 5
Added entity wolf at 0, 33
Removed entity wolf from grid at 34, 2
Added entity human at 46, 18
Removed entity human from grid at 8, 11
Added entity naturereserve at 31, 6
Human Victor built Nature Reserve for WOLF
Added entity naturereserve at 39, 5
Human Tina built Nature Reserve for WOLF
Added entity naturereserve at 42, 0
Human Zane built Nature Reserve for WOLF
Added entity human at 40, 23
Added entity human at 28, 47
Added entity cow at 10, 37
Removed entity human from grid at 22, 14
Added entity wolf at 33, 10
Added entity cow at 2, 42
Removed entity wolf from grid at 33, 10
Added entity wolf at 26, 1
Removed entity cow from grid at 5, 40
Added entity wolf at 38, 43
Added entity wolf at 3, 20
Added entity naturereserve at 47, 8
Human Victor built Nature Reserve for WOLF
Removed entity wolf from grid at 33, 19
Removed entity human from grid at 6, 8
Removed entity wolf from grid at 30, 11
Removed entity cow from grid at 1, 29
Added entity naturereserve at 38, 0
Human Nina built Nature Reserve for WOLF
Removed entity human from grid at 12, 7
Added entity naturereserve at 33, 4
Human Grace built Nature Reserve for WOLF
Added entity cow at 3, 41
Added entity cow at 11, 36
Added entity wolf at 14, 0
Added entity wolf at 45, 48
Added entity wolf at 2, 10
Added entity wolf at 22, 0
Removed entity cow from grid at 4, 40
Removed entity human from grid at 10, 23
Removed entity human from grid at 45, 34
Removed entity human from grid at 9, 11
Removed entity wolf from grid at 0, 31
Added entity naturereserve at 30, 5
Human Victor built Nature Reserve for WOLF
Added entity naturereserve at 46, 6
Human Quinn built Nature Reserve for WOLF
Added entity naturereserve at 44, 1
Human Diana built Nature Reserve for WOLF
Added entity berry at 4, 39
Removed entity berry from grid at 4, 39
Added entity cow at 9, 26
Added entity wolf at 31, 4
Removed entity cow from grid at 3, 41
Added entity wolf at 4, 22
Added entity wolf at 25, 7
Removed entity wolf from grid at 31, 4
Removed entity wolf from grid at 13, 0
Removed entity wolf from grid at 25, 7
Removed entity wolf from grid at 2, 31
Added entity naturereserve at 48, 10
Human Eve built Nature Reserve for WOLF
Added entity naturereserve at 38, 8
Human Quinn built Nature Reserve for WOLF
Added entity naturereserve at 42, 9
Human Victor built Nature Reserve for WOLF
Added entity human at 19, 48
Added entity cow at 10, 27
Added entity cow at 10, 35
Removed entity wolf from grid at 9, 1
Added entity wolf at 31, 9
Removed entity cow from grid at 5, 42
Added entity wolf at 32, 23
Removed entity wolf from grid at 31, 9
Added entity naturereserve at 45, 1
Human Quinn built Nature Reserve for WOLF
Removed entity human from grid at 11, 22
Added entity naturereserve at 35, 9
Human Wendy built Nature Reserve for WOLF
Added entity naturereserve at 36, 0
Human Charlie built Nature Reserve for WOLF
Added entity naturereserve at 43, 0
Human Xander built Nature Reserve for WOLF
Added entity human at 43, 21
Added entity cow at 6, 25
Removed entity cow from grid at 4, 40
Added entity naturereserve at 31, 7
Human Yara built Nature Reserve for WOLF
Removed entity human from grid at 8, 11
Added entity human at 47, 20
Added entity naturereserve at 38, 4
Human Ruby built Nature Reserve for WOLF
Removed entity cow from grid at 15, 45
Removed entity human from grid at 13, 25
Added entity naturereserve at 35, 11
Human Jack built Nature Reserve for WOLF
Added entity cow at 7, 24
Added entity cow at 11, 34
Added entity cow at 11, 26
Added entity wolf at 12, 2
Removed entity human from grid at 10, 7
Removed entity wolf from grid at 25, 0
Removed entity cow from grid at 4, 40
Removed entity human from grid at 12, 24
Removed entity human from grid at 11, 8
Removed entity human from grid at 35, 37
Added entity naturereserve at 29, 3
Human Victor built Nature Reserve for WOLF
Added entity naturereserve at 40, 6
Human Zane built Nature Reserve for WOLF
Added entity cow at 12, 25
Added entity cow at 8, 25
Added entity wolf at 33, 22
Added entity wolf at 2, 0
Removed entity cow from grid at 11, 23
Removed entity cow from grid at 3, 40
Added entity naturereserve at 39, 12
Human Sam built Nature Reserve for WOLF
Removed entity human from grid at 17, 24
Removed entity cow from grid at 9, 23
Added entity naturereserve at 46, 10
Human Victor built Nature Reserve for WOLF
Removed entity human from grid at 39, 25
Removed entity cow from grid at 1, 32
Removed entity human from grid at 23, 20
Removed entity human from grid at 15, 25
Removed entity wolf from grid at 30, 19
Added entity human at 46, 40
Added entity cow at 13, 24
Added entity cow at 12, 35
Removed entity cow from grid at 12, 48
Added entity wolf at 16, 18
Removed entity human from grid at 12, 23
Removed entity human from grid at 33, 27
Removed entity cow from grid at 5, 42
Added entity wolf at 29, 19
Added entity naturereserve at 34, 0
Human Alice built Nature Reserve for WOLF
Removed entity cow from grid at 2, 32
Removed entity human from grid at 17, 13
Removed entity human from grid at 14, 21
Added entity naturereserve at 47, 4
Human Frank built Nature Reserve for WOLF
Removed entity human from grid at 22, 28
Removed entity human from grid at 18, 17
Removed entity wolf from grid at 23, 0
Removed entity human from grid at 32, 29
Removed entity cow from grid at 13, 47
Removed entity wolf from grid at 48, 0
Removed entity human from grid at 45, 39
Added entity cow at 9, 24
Added entity wolf at 41, 5
Removed entity human from grid at 9, 21
Removed entity human from grid at 21, 35
Added entity wolf at 47, 6
Added entity cow at 0, 22
Added entity naturereserve at 34, 2
Human Milo built Nature Reserve for WOLF
Removed entity cow from grid at 0, 32
Removed entity wolf from grid at 41, 5
Removed entity cow from grid at 13, 45
Added entity human at 15, 18
Added entity naturereserve at 17, 3
Human Yara built Nature Reserve for WOLF
House dying at 32, 35. Occupants: 1
Checking 31, 34: null
Added entity human at 31, 34
Ejected to 31, 34
Removed entity house from grid at 32, 35
Removed entity human from grid at 15, 18
Added entity cow at 13, 34
Added entity cow at 14, 23
Added entity wolf at 36, 11
Removed entity cow from grid at 13, 47
Added entity wolf at 44, 0
Added entity cow at 3, 48
Added entity wolf at 42, 1
Added entity wolf at 34, 17
Removed entity human from grid at 13, 20
Added entity wolf at 35, 26
Removed entity cow from grid at 3, 40
Added entity wolf at 21, 23
Removed entity human from grid at 40, 24
Removed entity wolf from grid at 47, 6
Added entity naturereserve at 24, 1
Human Hank built Nature Reserve for WOLF
Removed entity cow from grid at 2, 31
Removed entity human from grid at 36, 30
Added entity naturereserve at 47, 6
Human Zane built Nature Reserve for WOLF
Removed entity wolf from grid at 36, 11
House dying at 27, 42. Occupants: 0
Removed entity house from grid at 27, 42
Added entity cow at 12, 33
Removed entity human from grid at 24, 17
Added entity naturereserve at 31, 0
Human Zane built Nature Reserve for WOLF
Added entity wolf at 0, 10
Removed entity wolf from grid at 33, 16
Removed entity wolf from grid at 28, 19
Removed entity wolf from grid at 45, 0
Added entity human at 22, 12
Added entity human at 6, 7
Removed entity human from grid at 37, 35
Added entity naturereserve at 39, 0
Human Wendy built Nature Reserve for WOLF
Added entity cow at 11, 32
Removed entity human from grid at 34, 35
Added entity wolf at 32, 19
Added entity wolf at 40, 37
Added entity wolf at 1, 15
Added entity wolf at 25, 7
Removed entity human from grid at 26, 24
Removed entity wolf from grid at 17, 2
Removed entity cow from grid at 3, 29
Added entity naturereserve at 49, 6
Human Victor built Nature Reserve for WOLF
Removed entity wolf from grid at 42, 1
Removed entity cow from grid at 12, 45
Added entity cow at 14, 25
Added entity cow at 1, 24
Removed entity cow from grid at 11, 46
Added entity wolf at 33, 2
Added entity wolf at 49, 10
Removed entity cow from grid at 3, 38
Added entity wolf at 1, 17
Added entity human at 22, 10
Removed entity cow from grid at 2, 29
Removed entity wolf from grid at 27, 6
Added entity cow at 15, 24
Removed entity human from grid at 5, 7
Added entity wolf at 41, 9
Removed entity human from grid at 40, 27
Added entity wolf at 36, 5
Added entity naturereserve at 34, 1
Human Alice built Nature Reserve for WOLF
Added entity naturereserve at 25, 0
Human Xander built Nature Reserve for WOLF
Removed entity wolf from grid at 36, 5
Added entity human at 15, 6
Removed entity wolf from grid at 48, 9
Added entity naturereserve at 19, 4
Human Zane built Nature Reserve for WOLF
Added entity human at 25, 16
Added entity naturereserve at 34, 12
Human Zane built Nature Reserve for WOLF
Added entity naturereserve at 37, 1
Human Wendy built Nature Reserve for WOLF
Removed entity wolf from grid at 41, 9
Removed entity human from grid at 25, 16
Added entity wolf at 18, 4
Removed entity human from grid at 15, 6
Added entity cow at 10, 23
Removed entity human from grid at 31, 25
Added entity wolf at 32, 2
Added entity wolf at 15, 1
Removed entity human from grid at 28, 32
Removed entity wolf from grid at 32, 5
Added entity naturereserve at 45, 11
Human Milo built Nature Reserve for WOLF
Added entity human at 39, 21
Added entity human at 21, 8
Added entity human at 24, 20
Removed entity human from grid at 22, 32
Added entity naturereserve at 40, 12
Human Sam built Nature Reserve for WOLF
Removed entity human from grid at 24, 20
Removed entity human from grid at 21, 8
Removed entity human from grid at 39, 21
Added entity cow at 12, 31
Added entity wolf at 44, 48
Removed entity cow from grid at 0, 35
Removed entity human from grid at 15, 21
Removed entity wolf from grid at 32, 2
Added entity naturereserve at 23, 1
Human Yara built Nature Reserve for WOLF
Added entity naturereserve at 48, 12
Human Ivy built Nature Reserve for WOLF
Added entity human at 41, 21
Added entity cow at 14, 25
Removed entity cow from grid at 13, 41
Added entity wolf at 29, 21
Removed entity cow from grid at 1, 35
Added entity human at 12, 7
Removed entity wolf from grid at 21, 2
Removed entity wolf from grid at 17, 0
Added entity human at 40, 22
Removed entity human from grid at 40, 22
Added entity cow at 13, 24
Added entity cow at 9, 22
Added entity naturereserve at 36, 4
Human Bob built Nature Reserve for WOLF
Added entity wolf at 44, 48
Added entity wolf at 42, 39
Added entity naturereserve at 28, 2
Human Xander built Nature Reserve for WOLF
Removed entity wolf from grid at 33, 11
Added entity naturereserve at 41, 11
Human Sam built Nature Reserve for WOLF
Removed entity cow from grid at 15, 39
Added entity naturereserve at 41, 10
Human Bob built Nature Reserve for WOLF
Removed entity human from grid at 38, 22
Removed entity human from grid at 41, 21
Added entity wolf at 41, 12
Added entity cow at 4, 47
Added entity wolf at 40, 5
Added entity wolf at 30, 8
Removed entity wolf from grid at 41, 12
Added entity wolf at 15, 16
Added entity wolf at 33, 9
Added entity wolf at 20, 32
Removed entity cow from grid at 0, 34
Removed entity wolf from grid at 30, 8
Removed entity wolf from grid at 33, 9
Removed entity wolf from grid at 40, 5
Removed entity human from grid at 18, 39
Removed entity wolf from grid at 32, 21
Added entity tree at 47, 13
Added entity cow at 8, 21
Added entity cow at 13, 32
Removed entity human from grid at 13, 39
Added entity wolf at 15, 5
Added entity wolf at 21, 33
Added entity wolf at 41, 37
Added entity naturereserve at 43, 16
Human Xander built Nature Reserve for WOLF
Added entity naturereserve at 49, 7
Human Zane built Nature Reserve for WOLF
Removed entity human from grid at 11, 10
Added entity human at 19, 48
Added entity berry at 2, 31
House dying at 31, 44. Occupants: 2
Checking 30, 43: null
Added entity human at 30, 43
Ejected to 30, 43
Checking 30, 43: [object Object]
Checking 30, 44: null
Added entity human at 30, 44
Ejected to 30, 44
Removed entity house from grid at 31, 44
House dying at 29, 33. Occupants: 1
Checking 28, 32: null
Added entity human at 28, 32
Ejected to 28, 32
Removed entity house from grid at 29, 33
Added entity cow at 14, 23
Added entity cow at 2, 23
Added entity wolf at 28, 3
Removed entity cow from grid at 9, 40
Added entity wolf at 31, 5
Added entity wolf at 23, 46
Added entity wolf at 1, 10
Removed entity cow from grid at 1, 36
Added entity wolf at 37, 41
Removed entity human from grid at 28, 49
Removed entity human from grid at 25, 48
Removed entity wolf from grid at 17, 5
Removed entity wolf from grid at 28, 3
Removed entity human from grid at 26, 34
Added entity cow at 15, 24
Removed entity human from grid at 28, 31
Removed entity human from grid at 28, 41
Removed entity human from grid at 17, 48
Added entity cow at 14, 31
Added entity cow at 7, 20
Added entity wolf at 46, 2
Removed entity cow from grid at 7, 42
Added entity wolf at 29, 22
Removed entity cow from grid at 2, 36
Removed entity human from grid at 13, 37
Added entity cow at 2, 32
House dying at 13, 44. Occupants: 0
Removed entity house from grid at 13, 44
House dying at 20, 37. Occupants: 2
Checking 19, 36: null
Added entity human at 19, 36
Ejected to 19, 36
Checking 19, 36: [object Object]
Checking 19, 37: null
Added entity human at 19, 37
Ejected to 19, 37
Removed entity house from grid at 20, 37
Removed entity human from grid at 19, 37
Removed entity human from grid at 19, 36
Added entity cow at 8, 19
Added entity cow at 15, 30
Added entity cow at 3, 24
Added entity cow at 5, 48
Removed entity human from grid at 22, 18
Removed entity cow from grid at 7, 42
Removed entity wolf from grid at 46, 2
Added entity naturereserve at 33, 13
Human Yara built Nature Reserve for WOLF
Added entity naturereserve at 49, 0
Human Alice built Nature Reserve for WOLF
House dying at 15, 42. Occupants: 0
Removed entity house from grid at 15, 42
Added entity cow at 16, 29
Added entity cow at 9, 18
Added entity wolf at 36, 3
Added entity wolf at 43, 46
Added entity wolf at 24, 2
Removed entity cow from grid at 3, 35
Added entity human at 25, 16
Removed entity wolf from grid at 36, 3
House dying at 26, 46. Occupants: 1
Checking 25, 45: null
Added entity human at 25, 45
Ejected to 25, 45
Removed entity house from grid at 26, 46
Added entity cow at 17, 30
Added entity cow at 4, 47
Added entity cow at 4, 25
Added entity cow at 1, 31
Removed entity cow from grid at 10, 41
Removed entity wolf from grid at 30, 6
Removed entity cow from grid at 2, 36
Added entity tree at 1, 26
Removed entity human from grid at 24, 24
Removed entity human from grid at 26, 18
Added entity human at 32, 27
Added entity human at 43, 19
House dying at 15, 47. Occupants: 0
Removed entity house from grid at 15, 47
House dying at 42, 24. Occupants: 0
Removed entity house from grid at 42, 24
Added entity cow at 5, 26
Added entity cow at 16, 31
Added entity cow at 8, 17
Removed entity human from grid at 8, 13
Removed entity human from grid at 10, 13
Added entity wolf at 33, 22
Added entity wolf at 35, 28
Added entity wolf at 1, 10
Added entity wolf at 22, 1
Removed entity cow from grid at 2, 36
Added entity wolf at 4, 20
Removed entity wolf from grid at 31, 15
Added entity naturereserve at 42, 8
Human Milo built Nature Reserve for WOLF
Removed entity wolf from grid at 24, 0
Added entity human at 9, 2
Added entity human at 30, 27
House dying at 46, 27. Occupants: 0
Removed entity house from grid at 46, 27
House dying at 20, 46. Occupants: 1
Checking 19, 45: null
Added entity human at 19, 45
Ejected to 19, 45
Removed entity house from grid at 20, 46
Removed entity human from grid at 19, 45
Removed entity human from grid at 9, 2
Added entity cow at 7, 18
Added entity cow at 6, 25
Removed entity human from grid at 32, 26
Added entity wolf at 44, 9
Removed entity cow from grid at 2, 36
Removed entity wolf from grid at 22, 1
Added entity naturereserve at 42, 1
Human Tina built Nature Reserve for WOLF
House dying at 44, 22. Occupants: 0
Removed entity house from grid at 44, 22
House dying at 14, 49. Occupants: 0
Removed entity house from grid at 14, 49
Added entity cow at 8, 19
Removed entity human from grid at 29, 28
Added entity cow at 5, 48
Removed entity cow from grid at 10, 38
Added entity wolf at 35, 26
Added entity wolf at 22, 3
Removed entity cow from grid at 3, 35
Removed entity wolf from grid at 46, 7
Added entity naturereserve at 44, 3
Human Victor built Nature Reserve for WOLF
Added entity naturereserve at 41, 2
Human Tina built Nature Reserve for WOLF
Added entity cow at 5, 26
Added entity cow at 15, 30
Removed entity human from grid at 20, 21
Added entity cow at 14, 25
Added entity wolf at 48, 6
Removed entity human from grid at 9, 38
Removed entity cow from grid at 3, 35
Added entity human at 12, 5
Added entity naturereserve at 38, 10
Human Ruby built Nature Reserve for WOLF
Removed entity human from grid at 43, 20
Added entity human at 8, 9
Removed entity human from grid at 8, 9
Added entity cow at 14, 29
Added entity cow at 9, 18
Added entity cow at 2, 32
Removed entity human from grid at 30, 46
Added entity wolf at 23, 44
Removed entity cow from grid at 2, 34
Added entity naturereserve at 49, 4
Human Wendy built Nature Reserve for WOLF
Removed entity wolf from grid at 31, 18
Added entity naturereserve at 37, 10
Human Nina built Nature Reserve for WOLF
Removed entity human from grid at 32, 29
Added entity berry at 0, 38
Added entity naturereserve at 36, 6
Human Bob built Nature Reserve for WOLF
House dying at 40, 25. Occupants: 2
Checking 39, 24: null
Added entity human at 39, 24
Ejected to 39, 24
Checking 39, 24: [object Object]
Checking 39, 25: null
Added entity human at 39, 25
Ejected to 39, 25
Removed entity house from grid at 40, 25
Added entity cow at 8, 17
Added entity cow at 6, 27
Added entity wolf at 41, 1
Removed entity human from grid at 43, 20
Added entity wolf at 43, 45
Removed entity cow from grid at 3, 36
Added entity human at 14, 5
Added entity human at 46, 16
Removed entity wolf from grid at 20, 2
Added entity human at 8, 5
Removed entity tree from grid at 38, 2
Removed entity human from grid at 8, 5
Added entity cow at 7, 26
Added entity cow at 9, 16
Added entity cow at 3, 33
Added entity cow at 13, 28
Added entity wolf at 40, 0
Added entity wolf at 3, 0
Removed entity human from grid at 10, 14
Added entity wolf at 26, 6
Removed entity wolf from grid at 48, 6
Removed entity wolf from grid at 40, 2
House dying at 14, 28. Occupants: 1
Checking 13, 27: null
Added entity human at 13, 27
Ejected to 13, 27
Removed entity house from grid at 14, 28
Removed entity human from grid at 13, 27
Added entity cow at 12, 27
Added entity cow at 10, 15
Removed entity tree from grid at 45, 13
Removed entity human from grid at 40, 26
Removed entity human from grid at 9, 9
Added entity cow at 4, 49
Added entity wolf at 27, 3
Added entity wolf at 33, 0
Added entity wolf at 17, 2
Removed entity human from grid at 41, 20
Added entity wolf at 16, 18
Added entity wolf at 33, 9
Removed entity cow from grid at 2, 33
Added entity human at 36, 1
Removed entity human from grid at 13, 5
Removed entity wolf from grid at 27, 3
Removed entity human from grid at 42, 21
Removed entity human from grid at 45, 30
Removed entity human from grid at 43, 31
Added entity cow at 8, 25
Added entity human at 43, 13
Added entity wolf at 49, 10
Added entity wolf at 32, 16
Added entity wolf at 20, 34
Removed entity cow from grid at 2, 33
Removed entity wolf from grid at 24, 20
Removed entity wolf from grid at 32, 16
Removed entity tree from grid at 34, 8
Removed entity human from grid at 35, 0
Removed entity wolf from grid at 33, 9
Added entity cow at 9, 14
Added entity cow at 2, 32
Added entity cow at 15, 24
Added entity tree at 46, 8
Removed entity berry from grid at 3, 17
Added entity wolf at 16, 5
Added entity wolf at 19, 32
Removed entity cow from grid at 3, 33
Removed entity wolf from grid at 31, 17
Removed entity human from grid at 12, 8
Removed entity wolf from grid at 49, 10
Removed entity wolf from grid at 40, 1
Removed entity berry from grid at 0, 38
House dying at 24, 40. Occupants: 1
Checking 23, 39: null
Added entity human at 23, 39
Ejected to 23, 39
Removed entity house from grid at 24, 40
House dying at 47, 22. Occupants: 0
Removed entity house from grid at 47, 22
House dying at 17, 40. Occupants: 0
Removed entity house from grid at 17, 40
Added entity cow at 2, 39
Removed entity human from grid at 23, 39
Added entity cow at 3, 33
Removed entity tree from grid at 46, 14
Added entity cow at 11, 26
Added entity wolf at 48, 0
Added entity wolf at 48, 6
Added entity wolf at 33, 17
Added entity wolf at 35, 27
Removed entity cow from grid at 3, 33
Removed entity wolf from grid at 35, 0
Removed entity wolf from grid at 29, 2
Removed entity wolf from grid at 48, 6
Added entity human at 4, 13
House dying at 30, 49. Occupants: 1
Checking 29, 48: null
Added entity human at 29, 48
Ejected to 29, 48
Removed entity house from grid at 30, 49
House dying at 10, 45. Occupants: 0
Removed entity house from grid at 10, 45
Removed entity human from grid at 4, 13
Added entity cow at 10, 25
Added entity cow at 1, 40
Added entity cow at 14, 23
Added entity cow at 8, 15
Added entity tree at 44, 14
Removed entity human from grid at 12, 7
Added entity wolf at 0, 10
Removed entity cow from grid at 2, 33
Added entity human at 22, 10
Added entity human at 25, 18
Removed entity human from grid at 14, 5
Removed entity wolf from grid at 18, 2
Added entity cow at 1, 37
House dying at 13, 46. Occupants: 0
Removed entity house from grid at 13, 46
Removed entity human from grid at 25, 18
Added entity cow at 7, 16
Added entity cow at 0, 41
Added entity wolf at 33, 14
Removed entity cow from grid at 2, 35
Added entity human at 6, 7
Removed entity berry from grid at 2, 31
Added entity cow at 6, 15
Added entity cow at 0, 36
Added entity cow at 9, 26
Added entity wolf at 41, 12
Added entity wolf at 27, 3
Added entity wolf at 4, 3
Added entity wolf at 41, 46
Removed entity cow from grid at 3, 35
Removed entity human from grid at 23, 8
Added entity human at 45, 18
Removed entity human from grid at 45, 18
Added entity cow at 10, 27
Added entity cow at 1, 35
Removed entity human from grid at 27, 47
Added entity human at 45, 18
Added entity cow at 9, 24
Added entity wolf at 33, 19
Removed entity cow from grid at 1, 35
Removed entity wolf from grid at 39, 10
Removed entity wolf from grid at 27, 1
Removed entity wolf from grid at 33, 12
Added entity human at 4, 7
Removed entity human from grid at 4, 7
Removed entity tree from grid at 44, 18
Added entity cow at 11, 26
Removed entity wolf from grid at 3, 4
Removed entity human from grid at 18, 14
Added entity wolf at 37, 27
Removed entity wolf from grid at 31, 15
Added entity human at 9, 4
Added entity human at 23, 10
Removed entity human from grid at 40, 5
Added entity human at 37, 48
Added entity human at 7, 21
Added entity human at 44, 39
Added entity human at 46, 42
House dying at 32, 48. Occupants: 1
Checking 31, 47: null
Added entity human at 31, 47
Ejected to 31, 47
Removed entity house from grid at 32, 48
Removed entity human from grid at 31, 47
Removed entity human from grid at 46, 42
Removed entity human from grid at 44, 39
Removed entity human from grid at 7, 21
Removed entity human from grid at 37, 48
Removed entity human from grid at 9, 4
Added entity tree at 44, 17
Added entity cow at 15, 24
Added entity wolf at 41, 9
Added entity wolf at 27, 13
Removed entity human from grid at 13, 10
Added entity wolf at 43, 45
Removed entity cow from grid at 3, 32
Removed entity human from grid at 18, 22
Removed entity wolf from grid at 48, 0
Added entity human at 44, 39
Removed entity human from grid at 23, 26
Added entity human at 8, 41
Removed entity cow from grid at 8, 42
Removed entity human from grid at 44, 39
Removed entity human from grid at 23, 10
Added entity cow at 5, 48
Added entity wolf at 23, 0
Added entity wolf at 40, 13
Removed entity berry from grid at 14, 18
Added entity wolf at 20, 2
Removed entity cow from grid at 4, 33
Removed entity wolf from grid at 29, 12
Removed entity wolf from grid at 40, 13
Removed entity wolf from grid at 33, 15
Added entity human at 42, 39
Removed entity wolf from grid at 40, 8
Added entity human at 35, 40
House dying at 18, 43. Occupants: 0
Removed entity house from grid at 18, 43
House dying at 25, 49. Occupants: 1
Checking 24, 48: null
Added entity human at 24, 48
Ejected to 24, 48
Removed entity house from grid at 25, 49
House dying at 18, 49. Occupants: 0
Removed entity house from grid at 18, 49
House dying at 17, 46. Occupants: 0
Removed entity house from grid at 17, 46
Removed entity human from grid at 24, 48
Removed entity human from grid at 35, 40
Removed entity cow from grid at 7, 40
Added entity cow at 1, 42
Removed entity cow from grid at 3, 34
Added entity wolf at 27, 21
Added entity wolf at 39, 43
Added entity wolf at 41, 44
Removed entity human from grid at 18, 9
Removed entity human from grid at 19, 17
Added entity human at 35, 37
Removed entity human from grid at 43, 25
Added entity human at 35, 38
Removed entity human from grid at 35, 38
Removed entity human from grid at 44, 41
Added entity cow at 6, 47
Added entity cow at 12, 25
Added entity cow at 10, 23
Added entity human at 46, 23
Added entity cow at 6, 16
Added entity wolf at 37, 11
Added entity wolf at 32, 11
Added entity wolf at 1, 7
Removed entity wolf from grid at 30, 20
Removed entity human from grid at 22, 21
Added entity human at 42, 41
Added entity human at 41, 35
Removed entity human from grid at 34, 27
Removed entity human from grid at 11, 10
Removed entity wolf from grid at 29, 22
Added entity human at 48, 35
House dying at 46, 39. Occupants: 2
Checking 45, 38: null
Added entity human at 45, 38
Ejected to 45, 38
Checking 45, 38: [object Object]
Checking 45, 39: null
Added entity human at 45, 39
Ejected to 45, 39
Removed entity house from grid at 46, 39
Removed entity human from grid at 41, 35
Removed entity human from grid at 42, 41
Added entity cow at 5, 15
Added entity human at 45, 24
Removed entity human from grid at 34, 38
Removed entity cow from grid at 7, 42
Added entity wolf at 44, 11
Added entity wolf at 18, 4
Removed entity human from grid at 46, 18
Added entity wolf at 20, 4
Added entity wolf at 46, 14
Removed entity cow from grid at 4, 31
Removed entity human from grid at 48, 20
Removed entity wolf from grid at 46, 14
Added entity human at 40, 49
Added entity human at 37, 35
Added entity human at 28, 48
Removed entity wolf from grid at 37, 11
Added entity human at 27, 38
Removed entity human from grid at 27, 38
Removed entity human from grid at 37, 35
Removed entity human from grid at 40, 49
Removed entity tree from grid at 45, 25
Removed entity human from grid at 44, 40
Added entity cow at 11, 22
Added entity cow at 7, 48
Removed entity wolf from grid at 44, 12
Added entity wolf at 33, 5
Removed entity cow from grid at 2, 31
Added entity wolf at 0, 32
Added entity human at 5, 23
Added entity human at 2, 12
Removed entity human from grid at 21, 16
Removed entity wolf from grid at 33, 5
Added entity human at 6, 5
Removed entity human from grid at 20, 15
Added entity human at 38, 47
Added entity human at 25, 26
Added entity human at 38, 24
Added entity human at 32, 43
Added entity human at 35, 45
Removed entity human from grid at 35, 45
Removed entity human from grid at 32, 43
Removed entity human from grid at 38, 24
Removed entity human from grid at 25, 26
Removed entity human from grid at 38, 47
Removed entity human from grid at 6, 5
Removed entity human from grid at 2, 12
Removed entity cow from grid at 6, 23
Added entity cow at 8, 47
Removed entity wolf from grid at 28, 48
Added entity tree at 44, 23
Added entity cow at 4, 16
Removed entity human from grid at 47, 39
Added entity wolf at 44, 15
Added entity wolf at 38, 1
Added entity wolf at 48, 8
Removed entity human from grid at 42, 23
Added entity wolf at 16, 18
Added entity wolf at 27, 22
Added entity wolf at 30, 11
Added entity wolf at 32, 11
Removed entity human from grid at 48, 19
Added entity wolf at 32, 23
Added entity human at 37, 23
Added entity cow at 2, 23
Removed entity wolf from grid at 30, 11
Removed entity wolf from grid at 33, 14
Removed entity wolf from grid at 44, 15
Removed entity wolf from grid at 38, 1
Added entity human at 32, 29
Added entity human at 6, 31
Removed entity human from grid at 6, 31
Removed entity human from grid at 37, 23
Added entity cow at 9, 46
Added entity cow at 12, 23
Added entity cow at 14, 25
Removed entity wolf from grid at 2, 6
Added entity wolf at 22, 2
Added entity wolf at 37, 0
Removed entity human from grid at 17, 11
Removed entity wolf from grid at 33, 9
Removed entity wolf from grid at 47, 7
Added entity human at 29, 25
Added entity human at 45, 35
Removed entity wolf from grid at 28, 1
House dying at 11, 48. Occupants: 0
Removed entity house from grid at 11, 48
Removed entity human from grid at 45, 35
Removed entity human from grid at 29, 25
Added entity cow at 8, 45
Added entity cow at 3, 15
Removed entity human from grid at 5, 24
Added entity wolf at 41, 7
Added entity wolf at 43, 46
Removed entity human from grid at 26, 24
Added entity wolf at 26, 6
Added entity cow at 2, 14
Added entity cow at 9, 44
Removed entity human from grid at 43, 25
Removed entity cow from grid at 6, 45
Added entity wolf at 37, 4
Added entity wolf at 46, 7
Added entity wolf at 15, 5
Added entity wolf at 32, 15
Added entity human at 22, 8
Removed entity wolf from grid at 46, 7
Removed entity wolf from grid at 38, 1
Added entity human at 10, 5
Removed entity human from grid at 42, 23
Removed entity wolf from grid at 37, 4
House dying at 18, 44. Occupants: 1
Checking 17, 43: null
Added entity human at 17, 43
Ejected to 17, 43
Removed entity house from grid at 18, 44
Removed entity human from grid at 10, 5
Removed entity human from grid at 22, 8
Removed entity cow from grid at 5, 43
Removed entity wolf from grid at 0, 5
Added entity wolf at 43, 45
Added entity wolf at 41, 37
Removed entity cow from grid at 1, 32
Removed entity wolf from grid at 30, 8
Removed entity wolf from grid at 31, 18
Added entity human at 28, 47
Added entity human at 30, 42
Removed entity human from grid at 17, 42
Added entity cow at 3, 24
Added entity cow at 2, 43
Added entity wolf at 24, 2
Added entity wolf at 31, 4
Removed entity wolf from grid at 0, 34
Added entity cow at 2, 22
Added entity human at 8, 9
Removed entity human from grid at 17, 11
Added entity human at 43, 33
Removed entity human from grid at 43, 33
Added entity cow at 3, 44
Added entity cow at 4, 25
Added entity cow at 10, 45
Added entity cow at 2, 15
Removed entity human from grid at 48, 38
Removed entity cow from grid at 6, 46
Added entity wolf at 48, 13
Added entity human at 2, 12
Added entity human at 6, 11
Removed entity human from grid at 6, 11
Removed entity human from grid at 2, 12
Added entity cow at 3, 16
Added entity cow at 9, 46
Added entity cow at 13, 24
Removed entity human from grid at 48, 18
Removed entity wolf from grid at 49, 12
Added entity wolf at 49, 5
Added entity wolf at 32, 17
Added entity human at 42, 44
Removed entity wolf from grid at 37, 16
Added entity human at 37, 37
Removed entity wolf from grid at 41, 7
Added entity human at 32, 27
Added entity tree at 25, 12
Removed entity human from grid at 32, 27
Removed entity human from grid at 37, 37
Removed entity human from grid at 42, 44
Added entity cow at 4, 17
Added entity cow at 5, 26
Added entity cow at 4, 43
Removed entity cow from grid at 10, 13
Added entity cow at 3, 23
Removed entity cow from grid at 5, 46
Added entity wolf at 36, 8
Removed entity cow from grid at 2, 32
Added entity wolf at 39, 43
Added entity human at 1, 23
Removed entity human from grid at 35, 29
Removed entity wolf from grid at 33, 19
Added entity human at 8, 9
Added entity human at 8, 42
Removed entity cow from grid at 8, 41
Removed entity human from grid at 1, 23
Added entity cow at 6, 25
Added entity cow at 10, 45
Removed entity cow from grid at 6, 47
Added entity wolf at 36, 11
Added entity wolf at 49, 10
Added entity wolf at 34, 18
Added entity wolf at 36, 28
Removed entity wolf from grid at 30, 4
Removed entity wolf from grid at 29, 2
Added entity human at 36, 44
Removed entity human from grid at 46, 28
Added entity human at 35, 35
Added entity human at 10, 43
Removed entity human from grid at 35, 35
Removed entity human from grid at 36, 44
Added entity cow at 11, 44
Removed entity human from grid at 8, 10
Added entity cow at 3, 18
Removed entity wolf from grid at 12, 10
Added entity berry at 14, 18
Added entity wolf at 34, 11
Added entity wolf at 47, 10
Added entity wolf at 30, 10
Removed entity human from grid at 22, 13
Removed entity wolf from grid at 48, 9
Added entity human at 19, 10
Added entity human at 45, 45
Removed entity wolf from grid at 36, 8
Added entity human at 19, 12
Removed entity wolf from grid at 36, 11
Removed entity human from grid at 19, 12
Removed entity human from grid at 45, 45
Removed entity human from grid at 19, 10
Added entity cow at 4, 19
Added entity cow at 10, 43
Removed entity cow from grid at 10, 41
Added entity cow at 7, 24
Removed entity cow from grid at 11, 38
Added entity cow at 14, 23
Added entity wolf at 41, 1
Added entity wolf at 46, 9
Added entity wolf at 42, 2
Added entity wolf at 21, 23
Removed entity wolf from grid at 32, 16
Removed entity wolf from grid at 49, 8
Removed entity wolf from grid at 32, 19
Added entity human at 39, 21
Removed entity wolf from grid at 46, 9
Removed entity wolf from grid at 34, 11
Removed entity wolf from grid at 32, 17
Added entity human at 33, 29
Added entity human at 20, 26
Removed entity human from grid at 20, 26
Removed entity human from grid at 39, 21
Added entity cow at 9, 44
Removed entity cow from grid at 10, 43
Added entity cow at 3, 42
Added entity cow at 11, 22
Removed entity cow from grid at 4, 46
Added entity wolf at 40, 11
Added entity wolf at 16, 18
Removed entity cow from grid at 2, 26
Added entity wolf at 37, 43
Removed entity wolf from grid at 31, 9
Removed entity wolf from grid at 41, 3
Added entity human at 17, 12
Removed entity wolf from grid at 27, 0
Added entity human at 34, 29
Removed entity cow from grid at 20, 22
Added entity human at 5, 31
Removed entity human from grid at 5, 31
Removed entity human from grid at 17, 12
Added entity cow at 8, 43
Removed entity human from grid at 34, 28
Removed entity cow from grid at 14, 36
Added entity cow at 2, 23
Removed entity human from grid at 10, 13
Added entity berry at 20, 1
Removed entity cow from grid at 4, 45
Removed entity berry from grid at 14, 18
Added entity wolf at 41, 9
Added entity wolf at 42, 12
Added entity wolf at 44, 7
Removed entity wolf from grid at 40, 11
Removed entity wolf from grid at 33, 10
Removed entity wolf from grid at 49, 5
Removed entity human from grid at 19, 8
Removed entity wolf from grid at 42, 12
Added entity human at 5, 21
Added entity human at 29, 38
Removed entity human from grid at 29, 38
Removed entity human from grid at 5, 21
Added entity cow at 2, 41
Added entity cow at 8, 23
Added entity cow at 3, 20
Removed entity cow from grid at 4, 47
Added entity wolf at 44, 2
Added entity wolf at 48, 16
Added entity wolf at 21, 0
Removed entity cow from grid at 3, 26
Added entity wolf at 4, 22
Removed entity wolf from grid at 40, 0
Removed entity wolf from grid at 44, 5
Added entity human at 24, 17
Removed entity wolf from grid at 22, 22
Removed entity wolf from grid at 36, 20
Added entity human at 11, 9
Added entity human at 34, 29
Removed entity human from grid at 34, 29
Removed entity human from grid at 24, 17
Added entity cow at 1, 42
Removed entity human from grid at 33, 31
Removed entity cow from grid at 8, 44
Removed entity human from grid at 11, 35
Removed entity human from grid at 40, 29
Removed entity cow from grid at 6, 47
Removed entity wolf from grid at 39, 20
Removed entity berry from grid at 16, 16
Added entity wolf at 33, 9
Added entity wolf at 37, 26
Added entity human at 9, 23
Added entity human at 11, 18
Removed entity wolf from grid at 43, 9
Removed entity human from grid at 21, 17
Removed entity human from grid at 20, 23
Removed entity wolf from grid at 33, 9
Removed entity human from grid at 48, 21
Added entity human at 35, 35
Removed entity human from grid at 20, 10
Added entity human at 9, 35
Added entity human at 7, 30
Added entity human at 25, 24
Added entity human at 46, 34
Removed entity human from grid at 46, 34
Removed entity human from grid at 25, 24
Removed entity human from grid at 7, 30
Removed entity human from grid at 9, 35
Removed entity human from grid at 11, 18
Removed entity human from grid at 9, 23
Added entity cow at 0, 41
Removed entity human from grid at 10, 10
Added entity cow at 3, 24
Added entity cow at 12, 21
Added entity wolf at 32, 5
Removed entity human from grid at 43, 31
Added entity wolf at 28, 10
Added entity wolf at 46, 49
Added entity wolf at 48, 16
Added entity wolf at 20, 32
Removed entity human from grid at 20, 23
Added entity human at 22, 13
Removed entity human from grid at 22, 13
Added entity cow at 13, 20
Removed entity human from grid at 35, 34
Added entity cow at 9, 24
Removed entity wolf from grid at 37, 24
Added entity wolf at 46, 9
Removed entity wolf from grid at 46, 9
Added entity human at 4, 7
Added entity human at 40, 28
Removed entity human from grid at 40, 28
Removed entity human from grid at 4, 7
Added entity cow at 12, 19
Added entity cow at 15, 24
Removed entity human from grid at 23, 44
Added entity cow at 11, 26
Removed entity cow from grid at 9, 45
Added entity wolf at 37, 11
Added entity wolf at 29, 4
Added entity wolf at 45, 7
Removed entity wolf from grid at 1, 23
Removed entity wolf from grid at 45, 7
Added entity human at 41, 35
Added entity human at 39, 25
Removed entity wolf from grid at 24, 2
Removed entity wolf from grid at 44, 0
Added entity human at 6, 7
Removed entity human from grid at 6, 7
Removed entity human from grid at 39, 25
Removed entity human from grid at 41, 35
Added entity cow at 10, 27
Added entity cow at 11, 18
Added entity cow at 2, 23
Removed entity cow from grid at 12, 42
Removed entity cow from grid at 8, 45
Removed entity cow from grid at 5, 11
Added entity wolf at 41, 9
Removed entity human from grid at 48, 22
Added entity wolf at 39, 7
Removed entity wolf from grid at 1, 23
Added entity wolf at 22, 25
Added entity human at 5, 17
Removed entity wolf from grid at 41, 9
Removed entity wolf from grid at 35, 25
Added entity human at 39, 21
Removed entity wolf from grid at 30, 10
Added entity human at 22, 20
Removed entity wolf from grid at 23, 0
Removed entity wolf from grid at 30, 6
Removed entity human from grid at 5, 17
Added entity cow at 14, 23
Added entity cow at 1, 40
Added entity wolf at 40, 13
Added entity wolf at 43, 1
Removed entity cow from grid at 3, 24
Added entity wolf at 29, 21
Added entity human at 19, 10
Removed entity wolf from grid at 43, 1
Removed entity wolf from grid at 39, 7
Removed entity wolf from grid at 30, 6
Added entity cow at 2, 41
Added entity cow at 1, 24
Added entity cow at 12, 19
Added entity cow at 2, 19
Removed entity human from grid at 11, 40
Removed entity cow from grid at 7, 46
Removed entity human from grid at 21, 10
Added entity wolf at 19, 2
Removed entity cow from grid at 2, 25
Added entity human at 14, 21
Removed entity wolf from grid at 39, 10
Added entity human at 40, 24
Removed entity human from grid at 14, 21
Added entity cow at 3, 40
Added entity cow at 13, 24
Removed entity human from grid at 23, 44
Added entity wolf at 33, 11
Added entity wolf at 35, 1
Added entity wolf at 22, 2
Added entity wolf at 30, 11
Added entity wolf at 44, 49
Removed entity wolf from grid at 2, 23
Added entity wolf at 25, 7
Removed entity wolf from grid at 30, 11
Removed entity wolf from grid at 49, 16
Removed entity human from grid at 38, 24
Removed entity human from grid at 20, 8
Added entity human at 20, 38
House dying at 12, 40. Occupants: 1
Checking 11, 39: null
Added entity human at 11, 39
Ejected to 11, 39
Removed entity house from grid at 12, 40
Removed entity human from grid at 11, 39
Removed entity human from grid at 20, 38
Added entity cow at 9, 26
Removed entity cow from grid at 10, 46
Added entity wolf at 47, 10
Added entity wolf at 45, 2
Added entity wolf at 27, 21
Added entity wolf at 46, 9
Removed entity human from grid at 22, 19
Removed entity wolf from grid at 30, 20
Removed entity wolf from grid at 32, 11
Removed entity wolf from grid at 45, 2
Removed entity wolf from grid at 47, 10
Added entity human at 23, 40
Added entity human at 7, 25
House dying at 17, 41. Occupants: 1
Checking 16, 40: null
Added entity human at 16, 40
Ejected to 16, 40
Removed entity house from grid at 17, 41
Removed entity human from grid at 7, 25
Removed entity human from grid at 23, 40
Added entity cow at 1, 20
Added entity cow at 11, 20
Removed entity human from grid at 15, 14
Removed entity human from grid at 19, 23
Removed entity cow from grid at 10, 47
Removed entity human from grid at 7, 13
Added entity wolf at 47, 5
Added entity wolf at 42, 48
Removed entity human from grid at 1, 23
Removed entity wolf from grid at 45, 10
Added entity human at 22, 12
Added entity human at 23, 30
Removed entity wolf from grid at 21, 0
Removed entity wolf from grid at 28, 19
House dying at 17, 31. Occupants: 0
Removed entity house from grid at 17, 31
House dying at 11, 30. Occupants: 0
Removed entity house from grid at 11, 30
Removed entity human from grid at 23, 30
Removed entity human from grid at 22, 12
Removed entity human from grid at 17, 39
Removed entity human from grid at 28, 43
Removed entity cow from grid at 10, 47
Added entity wolf at 46, 9
Added entity wolf at 19, 32
Added entity wolf at 41, 43
Removed entity wolf from grid at 38, 1
Removed entity wolf from grid at 46, 9
Removed entity wolf from grid at 45, 5
Added entity human at 5, 31
Removed entity human from grid at 5, 31
Added entity cow at 10, 19
Added entity cow at 2, 39
Removed entity human from grid at 29, 25
Added entity wolf at 41, 9
Added entity wolf at 29, 2
Added entity wolf at 20, 5
Added entity wolf at 43, 1
Added entity wolf at 36, 28
Removed entity wolf from grid at 20, 5
Removed entity human from grid at 20, 10
Removed entity human from grid at 17, 13
Removed entity wolf from grid at 41, 9
Removed entity wolf from grid at 42, 11
House dying at 12, 36. Occupants: 1
Checking 11, 35: null
Added entity human at 11, 35
Ejected to 11, 35
Removed entity house from grid at 12, 36
House dying at 26, 37. Occupants: 2
Checking 25, 36: null
Added entity human at 25, 36
Ejected to 25, 36
Checking 25, 36: [object Object]
Checking 25, 37: [object Object]
Checking 25, 38: [object Object]
Checking 26, 36: null
Added entity human at 26, 36
Ejected to 26, 36
Removed entity house from grid at 26, 37
Removed entity human from grid at 11, 35
Added entity cow at 10, 23
Removed entity human from grid at 40, 21
Added entity wolf at 45, 3
Added entity wolf at 18, 2
Removed entity wolf from grid at 27, 4
Added entity human at 12, 39
Removed entity wolf from grid at 18, 0
House dying at 46, 35. Occupants: 2
Checking 45, 34: null
Added entity human at 45, 34
Ejected to 45, 34
Checking 45, 34: [object Object]
Checking 45, 35: null
Added entity human at 45, 35
Ejected to 45, 35
Removed entity house from grid at 46, 35
House dying at 29, 41. Occupants: 1
Checking 28, 40: [object Object]
Checking 28, 41: null
Added entity human at 28, 41
Ejected to 28, 41
Removed entity house from grid at 29, 41
Removed entity human from grid at 28, 41
Removed entity human from grid at 45, 35
Removed entity human from grid at 45, 34
Removed entity human from grid at 12, 39
Removed entity human from grid at 24, 34
Added entity cow at 12, 25
Removed entity cow from grid at 10, 49
Added entity wolf at 33, 12
Added entity wolf at 35, 10
Added entity wolf at 18, 3
Added entity wolf at 23, 24
Removed entity wolf from grid at 18, 3
Added entity human at 25, 16
Removed entity wolf from grid at 18, 0
Removed entity human from grid at 26, 26
Removed entity wolf from grid at 45, 3
Added entity wolf at 29, 9
Added entity wolf at 28, 0
Added entity wolf at 0, 6
Added entity wolf at 2, 9
Added entity wolf at 32, 15
Added entity wolf at 0, 32
Added entity wolf at 24, 7
Removed entity wolf from grid at 43, 1
Removed entity wolf from grid at 0, 20
Added entity human at 23, 12
Added entity human at 7, 21
Removed entity wolf from grid at 19, 2
Removed entity human from grid at 17, 13
Added entity human at 9, 7
Removed entity wolf from grid at 23, 24
Removed entity wolf from grid at 36, 12
House dying at 47, 35. Occupants: 0
Removed entity house from grid at 47, 35
Removed entity wolf from grid at 7, 22
Removed entity human from grid at 23, 12
Added entity cow at 3, 40
Added entity cow at 9, 20
Added entity cow at 2, 19
Added entity wolf at 18, 4
Removed entity wolf from grid at 29, 4
Added entity wolf at 0, 10
Added entity wolf at 48, 16
Added entity wolf at 1, 34
Removed entity wolf from grid at 36, 26
Added entity human at 13, 8
Added entity human at 9, 4
Added entity human at 10, 7
Removed entity wolf from grid at 35, 12
Added entity human at 19, 49
Removed entity human from grid at 10, 7
Removed entity human from grid at 9, 4
Added entity cow at 3, 18
Added entity wolf at 35, 5
Added entity wolf at 33, 2
Added entity wolf at 42, 11
Removed entity berry from grid at 16, 19
Removed entity wolf from grid at 27, 3
Removed entity wolf from grid at 17, 1
Removed entity cow from grid at 19, 15
Removed entity wolf from grid at 1, 20
Removed entity wolf from grid at 42, 11
House dying at 32, 32. Occupants: 1
Checking 31, 31: null
Added entity human at 31, 31
Ejected to 31, 31
Removed entity house from grid at 32, 32
Removed entity human from grid at 31, 31
Removed entity human from grid at 20, 48
Removed entity wolf from grid at 8, 20
Added entity wolf at 49, 10
Added entity wolf at 32, 17
Added entity wolf at 16, 5
Added entity wolf at 30, 15
Removed entity wolf from grid at 19, 1
Added entity human at 44, 42
Removed entity human from grid at 20, 14
Removed entity wolf from grid at 33, 12
Added entity human at 43, 19
Added entity human at 19, 36
House dying at 17, 33. Occupants: 0
Removed entity house from grid at 17, 33
House dying at 17, 27. Occupants: 1
Checking 16, 26: null
Added entity human at 16, 26
Ejected to 16, 26
Removed entity house from grid at 17, 27
House dying at 41, 27. Occupants: 2
Checking 40, 26: null
Added entity human at 40, 26
Ejected to 40, 26
Checking 40, 26: [object Object]
Checking 40, 27: null
Added entity human at 40, 27
Ejected to 40, 27
Removed entity house from grid at 41, 27
Removed entity human from grid at 16, 26
Removed entity human from grid at 19, 36
Removed entity human from grid at 43, 19
Removed entity human from grid at 44, 42
Removed entity human from grid at 15, 8
Added entity cow at 4, 41
Removed entity wolf from grid at 8, 20
Added entity cow at 8, 27
Removed entity human from grid at 1, 44
Added entity wolf at 42, 16
Removed entity wolf from grid at 26, 3
Removed entity human from grid at 45, 27
Removed entity wolf from grid at 0, 30
Removed entity wolf from grid at 16, 5
Added entity human at 8, 13
Removed entity wolf from grid at 35, 12
Added entity human at 8, 7
Added entity human at 31, 31
Added entity human at 17, 36
Removed entity cow from grid at 17, 35
Removed entity human from grid at 31, 31
Removed entity human from grid at 8, 7
Removed entity human from grid at 8, 13
Added entity cow at 9, 28
Added entity cow at 3, 42
Removed entity human from grid at 41, 28
Added entity cow at 13, 24
Removed entity human from grid at 23, 31
Added entity cow at 1, 23
Removed entity human from grid at 19, 25
Added entity wolf at 41, 1
Added entity wolf at 30, 23
Added entity human at 3, 28
Added entity tree at 24, 35
Removed entity human from grid at 22, 26
Removed entity wolf from grid at 34, 5
Added entity human at 18, 18
Added entity human at 35, 37
Removed entity human from grid at 22, 25
Added entity human at 45, 21
House dying at 21, 27. Occupants: 1
Checking 20, 26: null
Added entity human at 20, 26
Ejected to 20, 26
Removed entity house from grid at 21, 27
Removed entity cow from grid at 20, 27
Removed entity human from grid at 45, 21
Removed entity human from grid at 35, 37
Removed entity cow from grid at 19, 17
Removed entity human from grid at 3, 28
Added entity cow at 10, 27
Removed entity human from grid at 17, 36
Added entity cow at 2, 17
Added entity cow at 8, 19
Added entity wolf at 44, 0
Added entity wolf at 43, 9
Added entity wolf at 31, 9
Removed entity wolf from grid at 15, 0
Added entity cow at 39, 40
Removed entity wolf from grid at 20, 27
Added entity human at 12, 13
Added entity human at 10, 7
Removed entity wolf from grid at 32, 11
Removed entity wolf from grid at 49, 18
Removed entity wolf from grid at 41, 3
Added entity human at 29, 38
House dying at 18, 33. Occupants: 0
Removed entity house from grid at 18, 33
Removed entity human from grid at 29, 38
Removed entity human from grid at 10, 7
Removed entity human from grid at 12, 13
Added entity cow at 7, 18
Removed entity cow from grid at 17, 19
Added entity cow at 9, 22
Added entity wolf at 39, 11
Added entity wolf at 43, 1
Removed entity wolf from grid at 29, 5
Removed entity wolf from grid at 15, 0
Removed entity human from grid at 20, 27
Added entity human at 21, 34
Removed entity wolf from grid at 31, 5
Added entity human at 27, 27
Added entity human at 43, 21
Added entity human at 41, 21
Added entity human at 44, 30
Removed entity human from grid at 44, 30
Removed entity human from grid at 21, 34
Removed entity human from grid at 18, 18
Added entity cow at 0, 22
Added entity cow at 4, 41
Removed entity cow from grid at 6, 19
Added entity wolf at 37, 9
Added entity wolf at 49, 10
Added entity wolf at 0, 8
Added entity human at 27, 18
Added entity human at 12, 5
Removed entity cow from grid at 1, 30
Removed entity human from grid at 25, 17
Removed entity wolf from grid at 31, 13
Added entity human at 41, 32
Removed entity human from grid at 41, 32
Removed entity human from grid at 12, 5
Removed entity wolf from grid at 27, 19
Added entity cow at 6, 19
Added entity cow at 3, 16
Added entity cow at 14, 23
Removed entity cow from grid at 6, 21
Added entity wolf at 28, 0
Added entity wolf at 43, 46
Added entity wolf at 37, 42
Removed entity human from grid at 41, 19
Removed entity wolf from grid at 35, 0
Added entity cow at 4, 15
Removed entity human from grid at 1, 10
Removed entity cow from grid at 7, 20
Added entity wolf at 3, 1
Removed entity wolf from grid at 32, 6
Removed entity human from grid at 13, 5
Added entity berry at 4, 32
Added entity human at 19, 25
House dying at 19, 28. Occupants: 1
Checking 18, 27: null
Added entity human at 18, 27
Ejected to 18, 27
Removed entity house from grid at 19, 28
Added entity cow at 5, 20
Added entity cow at 5, 40
Removed entity human from grid at 42, 19
Added entity cow at 8, 23
Removed entity human from grid at 18, 22
Added entity wolf at 47, 12
Added entity wolf at 32, 2
Added entity wolf at 31, 21
Removed entity wolf from grid at 40, 0
Removed entity wolf from grid at 49, 9
Removed entity wolf from grid at 18, 2
Removed entity human from grid at 32, 27
Added entity human at 2, 12
Added entity human at 37, 27
Removed entity human from grid at 48, 30
Added entity human at 32, 41
Added entity human at 40, 23
House dying at 18, 37. Occupants: 2
Checking 17, 36: null
Added entity human at 17, 36
Ejected to 17, 36
Checking 17, 36: [object Object]
Checking 17, 37: null
Added entity human at 17, 37
Ejected to 17, 37
Removed entity house from grid at 18, 37
Removed entity human from grid at 17, 37
Removed entity cow from grid at 17, 35
Removed entity human from grid at 37, 27
Removed entity cow from grid at 1, 12
Added entity cow at 7, 22
Added entity cow at 4, 19
Added entity cow at 15, 24
Added entity cow at 11, 26
Removed entity human from grid at 5, 19
Added entity wolf at 47, 7
Added entity wolf at 20, 4
Removed entity wolf from grid at 49, 9
House dying at 19, 29. Occupants: 0
Removed entity house from grid at 19, 29
Added entity berry at 45, 44
Added entity cow at 10, 25
Removed entity human from grid at 19, 24
Removed entity wolf from grid at 21, 30
Added entity wolf at 16, 1
Removed entity wolf from grid at 48, 8
Removed entity wolf from grid at 1, 31
Added entity human at 12, 10
Added entity human at 25, 26
Removed entity wolf from grid at 42, 2
Added entity cow at 5, 32
Added entity cow at 6, 31
Added entity cow at 6, 21
Removed entity human from grid at 19, 34
Removed entity human from grid at 30, 40
Removed entity cow from grid at 19, 27
Removed entity berry from grid at 4, 32
Added entity wolf at 30, 4
Added entity human at 24, 10
Removed entity cow from grid at 0, 31
House dying at 16, 34. Occupants: 1
Checking 15, 33: null
Added entity human at 15, 33
Ejected to 15, 33
Removed entity house from grid at 16, 34
Removed entity human from grid at 15, 33
Added entity cow at 7, 30
Removed entity cow from grid at 9, 13
Added entity cow at 6, 41
Removed entity wolf from grid at 23, 29
Added entity wolf at 36, 1
Added entity wolf at 49, 10
Added entity wolf at 37, 9
Added entity wolf at 29, 22
Added entity wolf at 24, 2
Removed entity wolf from grid at 17, 2
Added entity human at 7, 13
Added entity tree at 24, 32
Removed entity wolf from grid at 38, 11
Removed entity human from grid at 7, 13
Added entity cow at 7, 40
Added entity cow at 5, 20
Added entity cow at 9, 24
Removed entity human from grid at 2, 13
Removed entity wolf from grid at 25, 22
Added entity wolf at 34, 19
Added entity wolf at 0, 8
Added entity wolf at 44, 46
Added entity wolf at 37, 27
Added entity wolf at 30, 16
Removed entity human from grid at 24, 9
Added entity human at 12, 5
Removed entity wolf from grid at 44, 7
Removed entity wolf from grid at 38, 11
Added entity human at 35, 46
Added entity human at 21, 40
Added entity human at 44, 39
Added entity human at 44, 42
Added entity human at 30, 43
House dying at 21, 43. Occupants: 0
Removed entity house from grid at 21, 43
Removed entity human from grid at 30, 43
Removed entity human from grid at 44, 42
Removed entity human from grid at 44, 39
Removed entity human from grid at 21, 40
Removed entity human from grid at 35, 46
Removed entity human from grid at 12, 5
Added entity cow at 8, 31
Removed entity wolf from grid at 37, 27
Removed entity human from grid at 19, 30
Added entity cow at 3, 14
Added entity wolf at 3, 1
Added entity wolf at 30, 11
Added entity wolf at 18, 4
Added entity wolf at 42, 47
Added entity human at 12, 7
Removed entity wolf from grid at 30, 11
Added entity human at 44, 37
Removed entity human from grid at 44, 37
Added entity cow at 4, 13
Added entity cow at 8, 25
Added entity cow at 8, 39
Added entity cow at 3, 20
Removed entity human from grid at 21, 26
Added entity wolf at 39, 9
Added entity wolf at 38, 1
Added entity wolf at 46, 7
Added entity wolf at 47, 7
Added entity wolf at 21, 0
Added entity wolf at 37, 9
Added entity human at 22, 19
Added entity human at 22, 12
Added entity human at 8, 9
Removed entity wolf from grid at 38, 1
Added entity human at 33, 38
Removed entity human from grid at 33, 38
Added entity cow at 7, 38
Added entity cow at 9, 26
Removed entity human from grid at 14, 5
Added entity cow at 6, 19
Removed entity wolf from grid at 28, 19
Added entity wolf at 40, 1
Added entity wolf at 16, 18
Added entity wolf at 45, 9
Added entity wolf at 31, 12
Added entity human at 19, 11
Added entity human at 25, 18
Removed entity wolf from grid at 33, 6
Added entity human at 12, 10
Added entity human at 22, 21
Removed entity wolf from grid at 44, 5
Removed entity wolf from grid at 37, 9
Added entity human at 42, 25
Added entity human at 22, 48
Added entity human at 44, 42
House dying at 27, 48. Occupants: 1
Checking 26, 47: [object Object]
Checking 26, 48: null
Added entity human at 26, 48
Ejected to 26, 48
Removed entity house from grid at 27, 48
Removed entity human from grid at 22, 48
Removed entity human from grid at 22, 21
Removed entity human from grid at 25, 18
Added entity cow at 7, 20
Removed entity wolf from grid at 21, 23
Added entity wolf at 30, 0
Removed entity wolf from grid at 47, 9
Added entity wolf at 0, 10
Added entity human at 43, 35
Added entity human at 30, 25
Added entity human at 48, 20
Added entity human at 44, 39
Removed entity wolf from grid at 37, 9
Removed entity wolf from grid at 49, 9
Removed entity wolf from grid at 44, 10
Removed entity wolf from grid at 29, 2
Added entity human at 35, 38
House dying at 30, 37. Occupants: 2
Checking 29, 36: [object Object]
Checking 29, 37: [object Object]
Checking 29, 38: null
Added entity human at 29, 38
Ejected to 29, 38
Checking 29, 36: [object Object]
Checking 29, 37: [object Object]
Checking 29, 38: [object Object]
Checking 30, 36: [object Object]
Checking 30, 38: null
Added entity human at 30, 38
Ejected to 30, 38
Removed entity house from grid at 30, 37
Removed entity human from grid at 30, 38
Removed entity human from grid at 29, 38
Removed entity human from grid at 30, 25
Removed entity human from grid at 43, 41
Removed entity human from grid at 43, 25
Removed entity human from grid at 17, 9
Added entity cow at 3, 14
Added entity cow at 7, 30
Added entity cow at 14, 25
Removed entity human from grid at 39, 30
Removed entity human from grid at 47, 26
Added entity wolf at 22, 1
Added entity wolf at 26, 13
Added entity wolf at 42, 37
Removed entity human from grid at 25, 15
Added entity human at 35, 37
Added entity cow at 6, 31
Removed entity cow from grid at 35, 36
Removed entity human from grid at 43, 36
Added entity cow at 8, 19
Removed entity human from grid at 24, 49
Removed entity wolf from grid at 3, 4
Removed entity wolf from grid at 30, 19
Added entity wolf at 43, 3
Added entity wolf at 48, 8
Removed entity human from grid at 3, 18
Added entity human at 46, 18
Removed entity wolf from grid at 40, 9
Removed entity wolf from grid at 48, 8
Added entity human at 20, 14
Added entity human at 38, 24
Added entity human at 27, 26
Added entity human at 18, 22
Added entity human at 41, 21
Added entity human at 30, 41
Removed entity human from grid at 30, 41
Removed entity human from grid at 18, 22
Removed entity human from grid at 38, 24
Removed entity human from grid at 45, 40
Removed entity wolf from grid at 3, 5
Removed entity human from grid at 19, 20
Removed entity human from grid at 18, 19
Removed entity wolf from grid at 2, 8
Added entity wolf at 32, 8
Added entity wolf at 34, 17
Added entity wolf at 27, 20
Added entity human at 35, 23
Added entity human at 37, 47
Removed entity wolf from grid at 33, 15
Removed entity human from grid at 24, 14
Added entity human at 11, 8
Added entity human at 15, 20
Added entity human at 6, 13
House dying at 48, 26. Occupants: 1
Checking 47, 25: null
Added entity human at 47, 25
Ejected to 47, 25
Removed entity house from grid at 48, 26
Removed entity human from grid at 6, 13
Removed entity human from grid at 15, 20
Removed entity human from grid at 37, 47
Removed entity human from grid at 35, 23
Removed entity human from grid at 26, 26
Added entity cow at 5, 32
Added entity cow at 13, 24
Removed entity wolf from grid at 30, 20
Added entity wolf at 33, 9
Removed entity wolf from grid at 43, 5
Added entity human at 27, 27
Added entity cow at 4, 33
Removed entity human from grid at 20, 16
Removed entity human from grid at 34, 38
Added entity cow at 4, 13
Added entity cow at 8, 27
Removed entity human from grid at 24, 11
Removed entity wolf from grid at 1, 6
Removed entity wolf from grid at 30, 21
Added entity wolf at 22, 2
Added entity wolf at 28, 13
Added entity wolf at 30, 1
Added entity wolf at 30, 17
Added entity human at 30, 48
Added entity human at 41, 21
Removed entity human from grid at 30, 48
Added entity cow at 7, 28
Removed entity wolf from grid at 38, 37
Added entity wolf at 11, 1
Added entity human at 32, 47
Added entity human at 44, 41
Added entity human at 10, 5
Added entity tree at 1, 5
Removed entity human from grid at 10, 5
Removed entity human from grid at 44, 41
Removed entity human from grid at 32, 47
Added entity cow at 3, 34
Removed entity wolf from grid at 19, 2
Added entity cow at 6, 38
Removed entity wolf from grid at 18, 1
Added entity berry at 7, 19
Added entity berry at 20, 30
Added entity wolf at 35, 1
Added entity wolf at 26, 6
Added entity human at 37, 23
Removed entity human from grid at 27, 29
Removed entity wolf from grid at 39, 40
Removed entity wolf from grid at 2, 3
Removed entity human from grid at 35, 22
Added entity wolf at 0, 8
Added entity wolf at 39, 45
Added entity human at 17, 12
Removed entity human from grid at 40, 22
Added entity human at 47, 38
Added entity human at 8, 7
Added entity human at 26, 32
Added entity human at 45, 33
Removed entity human from grid at 45, 33
Removed entity human from grid at 26, 32
Removed entity human from grid at 47, 38
Added entity cow at 5, 39
Added entity cow at 14, 23
Removed entity wolf from grid at 39, 39
Removed entity wolf from grid at 2, 3
Added entity wolf at 17, 4
Added entity wolf at 45, 10
Added entity human at 47, 20
Added entity human at 20, 19
Removed entity wolf from grid at 45, 10
Added entity human at 13, 10
Removed entity human from grid at 13, 10
Removed entity human from grid at 6, 5
Removed entity wolf from grid at 34, 18
Added entity cow at 4, 33
Removed entity wolf from grid at 15, 0
Added entity cow at 7, 18
Removed entity wolf from grid at 38, 40
Removed entity wolf from grid at 1, 3
Added entity cow at 2, 21
Added entity wolf at 41, 44
Removed entity wolf from grid at 40, 2
Added entity human at 36, 31
Removed entity human from grid at 36, 31
Added entity cow at 8, 17
Added entity cow at 6, 38
Removed entity wolf from grid at 15, 1
Removed entity berry from grid at 7, 19
Removed entity wolf from grid at 2, 5
Added entity wolf at 43, 46
Added entity wolf at 27, 8
Added entity human at 2, 13
Added entity human at 12, 25
Added entity human at 44, 28
Removed entity human from grid at 44, 28
Removed entity human from grid at 2, 13
Added entity cow at 7, 39
Added entity cow at 3, 34
Removed entity wolf from grid at 19, 21
Added entity cow at 15, 24
Removed entity wolf from grid at 17, 1
Removed entity wolf from grid at 36, 16
Added entity wolf at 44, 0
Added entity wolf at 39, 9
Added entity wolf at 35, 10
Added entity wolf at 23, 24
Added entity human at 20, 14
Added entity human at 35, 39
Added entity human at 7, 25
Removed entity human from grid at 7, 25
Removed entity human from grid at 35, 39
Added entity cow at 2, 33
Added entity cow at 9, 18
Removed entity wolf from grid at 1, 1
Added entity wolf at 23, 0
Added entity wolf at 45, 2
Added entity wolf at 34, 8
Removed entity human from grid at 29, 25
Added entity human at 17, 13
Added entity human at 22, 20
Removed entity wolf from grid at 38, 5
Added entity human at 18, 15
Added entity human at 29, 29
Added entity human at 33, 37
Added entity cow at 21, 30
Added entity cow at 20, 29
Removed entity human from grid at 33, 37
Removed entity human from grid at 29, 29
Removed entity human from grid at 22, 20
Removed entity wolf from grid at 19, 2
Removed entity wolf from grid at 1, 1
Added entity wolf at 21, 23
Added entity human at 22, 10
Added entity human at 25, 16
Removed entity human from grid at 24, 9
Added entity human at 18, 27
Removed entity human from grid at 18, 27
Removed entity human from grid at 22, 10
Added entity cow at 19, 28
Removed entity berry from grid at 20, 30
Removed entity human from grid at 20, 15
Removed entity human from grid at 12, 25
Removed entity wolf from grid at 21, 21
Removed entity human from grid at 37, 38
Added entity wolf at 27, 20
Added entity wolf at 37, 41
Added entity human at 19, 11
Added entity human at 30, 27
Added entity human at 34, 29
Added entity human at 6, 9
Added entity human at 40, 21
House dying at 18, 24. Occupants: 2
Checking 17, 23: null
Added entity human at 17, 23
Ejected to 17, 23
Checking 17, 23: [object Object]
Checking 17, 24: null
Added entity human at 17, 24
Ejected to 17, 24
Removed entity house from grid at 18, 24
House dying at 10, 40. Occupants: 1
Checking 9, 39: null
Added entity human at 9, 39
Ejected to 9, 39
Removed entity house from grid at 10, 40
Removed entity human from grid at 9, 39
Removed entity human from grid at 17, 24
Removed entity human from grid at 17, 23
Removed entity human from grid at 23, 18
Added entity cow at 1, 32
Added entity cow at 14, 25
Removed entity wolf from grid at 2, 3
Removed entity wolf from grid at 0, 1
Added entity wolf at 44, 15
Removed entity human from grid at 31, 25
Added entity wolf at 32, 6
Added entity wolf at 13, 0
Added entity wolf at 22, 3
Added entity wolf at 16, 5
Added entity wolf at 1, 36
Added entity wolf at 26, 1
Added entity human at 18, 17
Added entity human at 35, 46
Added entity human at 15, 18
Removed entity human from grid at 35, 46
Removed entity human from grid at 18, 17
Added entity cow at 0, 31
Added entity cow at 20, 27
Added entity cow at 8, 19
Added entity cow at 3, 20
Removed entity human from grid at 45, 18
Removed entity wolf from grid at 33, 11
Removed entity wolf from grid at 21, 2
Removed entity wolf from grid at 2, 0
Added entity wolf at 31, 23
Added entity human at 22, 17
Added entity human at 34, 31
Added entity human at 40, 30
Added entity human at 8, 31
Removed entity human from grid at 40, 30
Removed entity human from grid at 34, 31
Removed entity human from grid at 22, 17
Added entity cow at 21, 26
Removed entity human from grid at 16, 19
Removed entity human from grid at 32, 29
Removed entity wolf from grid at 25, 22
Added entity cow at 6, 40
Removed entity wolf from grid at 34, 11
Removed entity wolf from grid at 18, 3
Added entity berry at 14, 43
Added entity wolf at 41, 9
Added entity wolf at 35, 1
Added entity wolf at 40, 43
Added entity human at 20, 17
Added entity human at 34, 29
Added entity human at 41, 30
Added entity human at 25, 26
House dying at 26, 40. Occupants: 0
Removed entity house from grid at 26, 40
Removed entity human from grid at 41, 30
Added entity cow at 22, 25
Added entity cow at 9, 18
Removed entity wolf from grid at 30, 23
Removed entity wolf from grid at 23, 0
Added entity berry at 13, 17
Removed entity human from grid at 47, 18
Added entity wolf at 48, 7
Added entity wolf at 32, 15
Added entity wolf at 2, 32
Removed entity cow from grid at 19, 20
Added entity human at 21, 23
Added entity human at 47, 18
Removed entity human from grid at 25, 16
Added entity human at 47, 38
Added entity human at 21, 10
Added entity human at 40, 49
Added entity human at 35, 39
Added entity human at 35, 35
Removed entity human from grid at 35, 35
Removed entity human from grid at 40, 49
Removed entity human from grid at 47, 38
Removed entity human from grid at 25, 25
Removed entity human from grid at 8, 31
Added entity cow at 1, 32
Removed entity human from grid at 6, 6
Removed entity human from grid at 24, 24
Added entity wolf at 21, 2
Added entity human at 6, 9
Removed entity human from grid at 45, 18
Removed entity wolf from grid at 41, 5
Added entity human at 7, 23
Removed entity human from grid at 7, 23
Removed entity cow from grid at 19, 23
Removed entity cow from grid at 17, 19
Removed entity human from grid at 12, 13
Added entity cow at 3, 14
Removed entity wolf from grid at 5, 2
Removed entity wolf from grid at 21, 0
Removed entity wolf from grid at 34, 11
Added entity wolf at 17, 4
Added entity wolf at 43, 1
Added entity wolf at 12, 1
Added entity wolf at 34, 7
Added entity wolf at 28, 10
Added entity wolf at 33, 12
Added entity wolf at 23, 24
Added entity human at 39, 25
Removed entity human from grid at 17, 12
Added entity human at 48, 20
Removed entity wolf from grid at 41, 7
House dying at 41, 22. Occupants: 1
Checking 40, 21: null
Added entity human at 40, 21
Ejected to 40, 21
Removed entity house from grid at 41, 22
House dying at 9, 42. Occupants: 0
Removed entity house from grid at 9, 42
Removed entity human from grid at 36, 42
Removed entity human from grid at 18, 13
Removed entity human from grid at 20, 23
Added entity cow at 20, 25
Added entity berry at 31, 20
Added entity cow at 1, 23
Added entity wolf at 29, 6
Added entity wolf at 14, 1
Added entity wolf at 2, 2
Added entity wolf at 1, 37
Added entity wolf at 42, 39
Removed entity wolf from grid at 2, 21
Added entity human at 35, 44
House dying at 49, 34. Occupants: 0
Removed entity house from grid at 49, 34
Removed entity human from grid at 35, 44
Added entity cow at 19, 24
Removed entity human from grid at 35, 34
Added entity cow at 2, 21
Added entity cow at 15, 24
Removed entity wolf from grid at 31, 21
Removed entity wolf from grid at 34, 11
Added entity berry at 3, 36
Removed entity wolf from grid at 22, 22
Added entity cow at 40, 42
Added entity human at 15, 8
Removed entity human from grid at 33, 27
Added entity human at 22, 10
Removed entity wolf from grid at 41, 7
Added entity human at 48, 24
Removed entity human from grid at 15, 8
Added entity cow at 20, 23
Added entity cow at 4, 13
Added entity cow at 8, 17
Removed entity wolf from grid at 43, 10
Added entity wolf at 29, 4
Removed entity berry from grid at 3, 36
Added entity wolf at 37, 6
Added entity wolf at 47, 16
Added entity wolf at 22, 2
Added entity human at 22, 44
Added entity human at 45, 43
Removed entity human from grid at 48, 20
Added entity human at 25, 26
Added entity human at 40, 22
Removed entity human from grid at 45, 43
Removed entity human from grid at 21, 10
Removed entity human from grid at 48, 21
Removed entity wolf from grid at 27, 1
Removed entity wolf from grid at 18, 0
Added entity wolf at 22, 1
Added entity wolf at 29, 4
Added entity wolf at 14, 5
Added entity human at 3, 28
Added entity human at 44, 44
Added entity human at 19, 10
Added entity human at 24, 18
Removed entity wolf from grid at 39, 3
Added entity human at 7, 23
Added entity human at 18, 40
House dying at 6, 39. Occupants: 0
Removed entity house from grid at 6, 39
Removed entity human from grid at 18, 40
Removed entity human from grid at 7, 23
Removed entity human from grid at 44, 44
Removed entity human from grid at 3, 28
Removed entity human from grid at 22, 44
Removed entity human from grid at 48, 22
Removed entity cow from grid at 5, 9
Added entity cow at 0, 33
Removed entity human from grid at 48, 31
Removed entity wolf from grid at 26, 1
Removed entity wolf from grid at 10, 1
Removed entity wolf from grid at 18, 1
Added entity wolf at 22, 4
Added entity wolf at 16, 18
Added entity wolf at 28, 10
Added entity wolf at 0, 8
Removed entity human from grid at 27, 29
Added entity cow at 19, 22
Added entity cow at 14, 25
Added entity wolf at 47, 7
Removed entity berry from grid at 13, 17
Added entity wolf at 34, 19
Added entity wolf at 34, 9
Added entity wolf at 46, 7
House dying at 44, 20. Occupants: 2
Checking 43, 19: null
Added entity human at 43, 19
Ejected to 43, 19
Checking 43, 19: [object Object]
Checking 43, 20: null
Added entity human at 43, 20
Ejected to 43, 20
Removed entity house from grid at 44, 20
House dying at 7, 43. Occupants: 0
Removed entity house from grid at 7, 43
Added entity cow at 13, 24
Added entity cow at 18, 21
Removed entity human from grid at 4, 7
Removed entity wolf from grid at 45, 9
Removed entity wolf from grid at 44, 12
Removed entity wolf from grid at 32, 19
Added entity wolf at 44, 15
Added entity wolf at 41, 5
Added entity wolf at 26, 11
Removed entity human from grid at 17, 19
Added entity human at 22, 44
Added entity human at 19, 12
Added entity human at 23, 30
Added entity human at 14, 23
Added entity human at 9, 37
Added entity human at 20, 16
House dying at 45, 29. Occupants: 2
Checking 44, 28: null
Added entity human at 44, 28
Ejected to 44, 28
Checking 44, 28: [object Object]
Checking 44, 29: null
Added entity human at 44, 29
Ejected to 44, 29
Removed entity house from grid at 45, 29
House dying at 34, 46. Occupants: 2
Checking 33, 45: [object Object]
Checking 33, 46: null
Added entity human at 33, 46
Ejected to 33, 46
Checking 33, 45: [object Object]
Checking 33, 46: [object Object]
Checking 33, 47: null
Added entity human at 33, 47
Ejected to 33, 47
Removed entity house from grid at 34, 46
Removed entity human from grid at 33, 47
Removed entity human from grid at 20, 16
Removed entity human from grid at 9, 37
Removed entity human from grid at 14, 23
Removed entity human from grid at 23, 30
Removed entity human from grid at 22, 44
Added entity cow at 19, 20
Added entity cow at 12, 25
Removed entity cow from grid at 20, 23
Removed entity wolf from grid at 17, 20
Added entity cow at 5, 41
Removed entity wolf from grid at 43, 14
Added entity human at 12, 37
Removed entity cow from grid at 4, 11
Added entity human at 17, 12
Added entity human at 41, 19
Added entity human at 6, 17
House dying at 18, 47. Occupants: 0
Removed entity house from grid at 18, 47
Removed entity human from grid at 6, 17
Removed entity human from grid at 12, 37
Added entity cow at 6, 42
Added entity cow at 20, 21
Added entity cow at 2, 24
Removed entity human from grid at 40, 21
Added entity wolf at 26, 11
Added entity human at 26, 32
Added entity human at 21, 41
Removed entity human from grid at 21, 41
Removed entity human from grid at 26, 32
Added entity cow at 7, 43
Removed entity cow from grid at 14, 15
Removed entity wolf from grid at 43, 11
Removed entity wolf from grid at 33, 14
Removed entity wolf from grid at 16, 0
Added entity wolf at 44, 11
Added entity wolf at 40, 5
Added entity wolf at 31, 8
Added entity wolf at 31, 4
Added entity human at 7, 37
Added entity human at 22, 15
House dying at 42, 20. Occupants: 2
Checking 41, 19: null
Added entity human at 41, 19
Ejected to 41, 19
Checking 41, 19: [object Object]
Checking 41, 20: null
Added entity human at 41, 20
Ejected to 41, 20
Removed entity house from grid at 42, 20
House dying at 14, 34. Occupants: 1
Checking 13, 33: null
Added entity human at 13, 33
Ejected to 13, 33
Removed entity house from grid at 14, 34
House dying at 31, 42. Occupants: 2
Checking 30, 41: null
Added entity human at 30, 41
Ejected to 30, 41
Checking 30, 41: [object Object]
Checking 30, 42: null
Added entity human at 30, 42
Ejected to 30, 42
Removed entity house from grid at 31, 42
Removed entity human from grid at 13, 33
Removed entity human from grid at 22, 15
Removed entity human from grid at 7, 37
Added entity cow at 3, 23
Added entity cow at 21, 22
Removed entity cow from grid at 15, 16
Removed entity human from grid at 20, 30
Removed entity human from grid at 15, 23
Removed entity wolf from grid at 36, 13
Removed entity wolf from grid at 36, 12
Added entity cow at 6, 27
Removed entity human from grid at 39, 26
Removed entity berry from grid at 14, 43
Added entity wolf at 33, 14
Added entity wolf at 22, 25
Added entity human at 15, 14
Added entity cow at 4, 22
Removed entity wolf from grid at 35, 12
Added entity berry at 22, 32
Added entity wolf at 41, 7
Added entity wolf at 1, 38
Added entity human at 39, 21
Added entity human at 14, 21
Added entity human at 27, 39
Removed entity human from grid at 27, 39
Removed entity human from grid at 14, 21
Removed entity human from grid at 40, 19
Removed entity human from grid at 47, 31
Added entity cow at 9, 18
Added entity wolf at 12, 1
Added entity human at 9, 2
Removed entity human from grid at 20, 8
Added entity human at 43, 35
Removed entity human from grid at 43, 35
Removed entity human from grid at 9, 2
Added entity cow at 5, 21
Removed entity cow from grid at 12, 16
Added entity cow at 22, 23
Added entity cow at 7, 43
Removed entity cow from grid at 11, 13
Removed entity wolf from grid at 37, 11
Removed entity wolf from grid at 18, 1
Added entity berry at 0, 28
Added entity wolf at 41, 47
Added entity wolf at 2, 10
Added entity wolf at 24, 0
Added entity human at 46, 20
Added entity human at 31, 32
House dying at 44, 26. Occupants: 1
Checking 43, 25: null
Added entity human at 43, 25
Ejected to 43, 25
Removed entity house from grid at 44, 26
House dying at 42, 22. Occupants: 0
Removed entity house from grid at 42, 22
Removed entity human from grid at 31, 32
Added entity cow at 23, 22
Removed entity berry from grid at 20, 20
Removed entity human from grid at 33, 27
Added entity wolf at 2, 10
Added entity human at 15, 6
Added entity berry at 24, 13
Added entity human at 6, 11
Added entity human at 8, 7
Added entity human at 40, 30
Added entity human at 31, 30
Removed entity human from grid at 31, 30
Removed entity human from grid at 8, 7
Removed entity human from grid at 6, 11
Removed entity human from grid at 15, 6
Added entity cow at 22, 21
Added entity cow at 6, 42
Removed entity berry from grid at 21, 24
Added entity cow at 7, 28
Removed entity human from grid at 8, 21
Removed entity wolf from grid at 40, 11
Added entity wolf at 45, 12
Added entity wolf at 16, 1
Added entity wolf at 41, 47
Removed entity human from grid at 3, 11
Added entity human at 23, 10
Removed entity human from grid at 47, 18
Removed entity human from grid at 41, 30
Added entity cow at 1, 34
Removed entity wolf from grid at 23, 28
Removed entity human from grid at 10, 12
Removed entity cow from grid at 11, 16
Removed entity berry from grid at 22, 32
Removed entity human from grid at 26, 44
Removed entity cow from grid at 23, 22
Added entity human at 42, 25
Added entity human at 9, 7
Added entity human at 12, 15
Removed entity human from grid at 9, 7
Added entity cow at 23, 20
Removed entity human from grid at 10, 18
Removed entity wolf from grid at 35, 10
Added entity wolf at 13, 2
Added entity wolf at 21, 23
Added entity human at 41, 35
Removed entity wolf from grid at 0, 21
Added entity human at 5, 29
Added entity human at 18, 39
Added entity human at 22, 13
Added entity human at 19, 48
Added entity human at 47, 35
House dying at 7, 32. Occupants: 1
Checking 6, 31: [object Object]
Checking 6, 32: [object Object]
Checking 6, 33: [object Object]
Checking 7, 31: [object Object]
Checking 7, 33: [object Object]
Checking 8, 31: [object Object]
Checking 8, 32: null
Added entity human at 8, 32
Ejected to 8, 32
Removed entity house from grid at 7, 32
Removed entity human from grid at 47, 35
Removed entity human from grid at 5, 29
Removed entity human from grid at 41, 35
Added entity cow at 24, 21
Added entity cow at 10, 19
Added entity wolf at 15, 2
Removed entity wolf from grid at 22, 23
Added entity human at 8, 11
Added entity human at 22, 26
Added entity human at 10, 7
Added entity human at 20, 15
Added entity human at 41, 30
House dying at 49, 23. Occupants: 1
Checking 48, 22: null
Added entity human at 48, 22
Ejected to 48, 22
Removed entity house from grid at 49, 23
House dying at 30, 31. Occupants: 0
Removed entity house from grid at 30, 31
Removed entity human from grid at 10, 7
Removed entity human from grid at 8, 11
Added entity cow at 11, 20
Added entity cow at 23, 22
Removed entity human from grid at 18, 47
Removed entity human from grid at 16, 37
Added entity cow at 13, 24
Removed entity wolf from grid at 34, 7
Removed entity wolf from grid at 41, 12
Added entity wolf at 37, 9
Removed entity berry from grid at 0, 28
Added entity wolf at 23, 0
Added entity wolf at 38, 12
Added entity wolf at 37, 8
Added entity human at 3, 29
Added entity human at 6, 7
House dying at 41, 29. Occupants: 2
Checking 40, 28: null
Added entity human at 40, 28
Ejected to 40, 28
Checking 40, 28: [object Object]
Checking 40, 29: null
Added entity human at 40, 29
Ejected to 40, 29
Removed entity house from grid at 41, 29
Removed entity human from grid at 6, 7
Removed entity human from grid at 3, 29
Added entity cow at 22, 23
Removed entity human from grid at 10, 30
Added entity cow at 5, 43
Removed entity wolf from grid at 43, 11
Added entity cow at 1, 20
Removed entity wolf from grid at 35, 7
Added entity human at 12, 5
Added entity human at 2, 10
Added entity human at 48, 29
Added entity human at 32, 29
Removed entity human from grid at 2, 10
Removed entity human from grid at 12, 5
Added entity cow at 0, 21
Added entity cow at 10, 21
Removed entity human from grid at 42, 30
Added entity cow at 0, 33
Removed entity wolf from grid at 22, 2
Removed entity wolf from grid at 35, 7
Removed entity wolf from grid at 38, 12
Added entity wolf at 43, 1
Added entity wolf at 38, 41
Added entity tree at 29, 38
Added entity human at 16, 39
Removed entity human from grid at 16, 39
Added entity cow at 21, 22
Removed entity cow from grid at 10, 15
Removed entity wolf from grid at 38, 31
Removed entity wolf from grid at 30, 4
Added entity cow at 8, 27
Added entity cow at 4, 22
Removed entity wolf from grid at 44, 11
Removed entity wolf from grid at 33, 6
Removed entity human from grid at 10, 16
Removed entity wolf from grid at 38, 11
Removed entity human from grid at 14, 5
Added entity wolf at 37, 9
Added entity wolf at 25, 46
Removed entity cow from grid at 21, 21
Added entity cow at 20, 21
Removed entity wolf from grid at 45, 13
Removed entity wolf from grid at 32, 7
Added entity wolf at 46, 9
Added entity wolf at 30, 6
Added entity wolf at 29, 7
Added entity human at 37, 27
Removed entity human from grid at 45, 30
Removed entity wolf from grid at 29, 5
Removed entity wolf from grid at 44, 11
Removed entity wolf from grid at 22, 1
Added entity wolf at 15, 1
Added entity wolf at 21, 2
Added entity wolf at 40, 39
Added entity human at 3, 45
Added entity human at 30, 27
Removed entity human from grid at 3, 45
Added entity cow at 19, 20
Added entity cow at 3, 23
Added entity cow at 1, 34
Added entity cow at 6, 44
Added entity cow at 14, 25
Removed entity wolf from grid at 31, 5
Removed entity wolf from grid at 22, 1
Removed entity berry from grid at 21, 19
Removed entity wolf from grid at 44, 8
Added entity wolf at 31, 5
Added entity wolf at 37, 41
House dying at 45, 41. Occupants: 2
Checking 44, 40: null
Added entity human at 44, 40
Ejected to 44, 40
Checking 44, 40: [object Object]
Checking 44, 41: null
Added entity human at 44, 41
Ejected to 44, 41
Removed entity house from grid at 45, 41
Removed entity human from grid at 44, 41
Added entity cow at 9, 20
Removed entity wolf from grid at 29, 5
Removed entity human from grid at 9, 15
Removed entity wolf from grid at 31, 5
Added entity wolf at 36, 3
Added entity wolf at 32, 11
Added entity wolf at 37, 27
Added entity human at 24, 10
Added entity human at 17, 10
Added entity human at 42, 43
Removed entity human from grid at 39, 22
Added entity human at 42, 39
House dying at 17, 21. Occupants: 2
Checking 16, 20: [object Object]
Checking 16, 21: [object Object]
Checking 16, 22: [object Object]
Checking 17, 20: null
Added entity human at 17, 20
Ejected to 17, 20
Checking 16, 20: [object Object]
Checking 16, 21: [object Object]
Checking 16, 22: [object Object]
Checking 17, 20: [object Object]
Checking 17, 22: [object Object]
Checking 18, 20: [object Object]
Checking 18, 21: null
Added entity human at 18, 21
Ejected to 18, 21
Removed entity house from grid at 17, 21
House dying at 7, 41. Occupants: 0
Removed entity house from grid at 7, 41
House dying at 45, 31. Occupants: 1
Checking 44, 30: null
Added entity human at 44, 30
Ejected to 44, 30
Removed entity house from grid at 45, 31
Removed entity human from grid at 42, 39
Removed entity human from grid at 42, 43
Added entity cow at 20, 19
Removed entity human from grid at 41, 32
Removed entity human from grid at 42, 25
Removed entity human from grid at 37, 36
Removed entity wolf from grid at 39, 7
Removed entity wolf from grid at 44, 7
Added entity wolf at 44, 2
Added entity wolf at 21, 2
Added entity human at 7, 23
Added entity human at 9, 35
Removed entity human from grid at 17, 25
Added entity human at 42, 37
House dying at 46, 36. Occupants: 1
Checking 45, 35: null
Added entity human at 45, 35
Ejected to 45, 35
Removed entity house from grid at 46, 36
Removed entity human from grid at 45, 35
Removed entity human from grid at 9, 35
Removed entity human from grid at 44, 42
Added entity cow at 7, 43
Added entity cow at 2, 22
Added entity wolf at 33, 12
Added entity wolf at 45, 10
Added entity wolf at 24, 2
Added entity wolf at 12, 1
Added entity wolf at 29, 9
Added entity wolf at 14, 3
Added entity wolf at 33, 10
Added entity human at 2, 11
Added entity human at 31, 36
Removed entity human from grid at 31, 36
Removed entity human from grid at 2, 11
Added entity cow at 8, 42
Removed entity human from grid at 24, 9
Removed entity wolf from grid at 44, 10
Removed entity wolf from grid at 36, 8
Added entity wolf at 27, 7
Removed entity cow from grid at 26, 23
Added entity human at 23, 46
Added entity human at 21, 36
Removed entity wolf from grid at 1, 17
Added entity human at 35, 35
House dying at 47, 41. Occupants: 0
Removed entity house from grid at 47, 41
Removed entity human from grid at 35, 35
Removed entity human from grid at 21, 36
Removed entity human from grid at 23, 46
Added entity cow at 9, 41
Removed entity human from grid at 17, 22
Added entity cow at 13, 24
Added entity cow at 9, 28
Removed entity human from grid at 39, 26
Removed entity wolf from grid at 29, 4
Removed entity wolf from grid at 21, 2
Removed entity wolf from grid at 46, 5
Added entity wolf at 32, 5
Added entity wolf at 37, 7
Added entity human at 17, 9
Added entity human at 20, 21
Removed entity cow from grid at 20, 22
Added entity cow at 2, 33
Removed entity wolf from grid at 30, 8
Removed entity wolf from grid at 29, 4
Removed entity human from grid at 26, 42
Added entity human at 8, 13
Added entity human at 30, 45
Added entity human at 32, 25
Added entity human at 42, 41
Added entity human at 23, 26
House dying at 16, 20. Occupants: 2
Checking 15, 19: null
Added entity human at 15, 19
Ejected to 15, 19
Checking 15, 19: [object Object]
Checking 15, 20: [object Object]
Checking 15, 21: null
Added entity human at 15, 21
Ejected to 15, 21
Removed entity house from grid at 16, 20
House dying at 22, 40. Occupants: 1
Checking 21, 39: null
Added entity human at 21, 39
Ejected to 21, 39
Removed entity house from grid at 22, 40
Removed entity human from grid at 21, 39
Removed entity human from grid at 15, 19
Removed entity human from grid at 23, 26
Removed entity human from grid at 42, 41
Removed entity human from grid at 32, 25
Removed entity human from grid at 30, 45
Added entity cow at 1, 32
Removed entity wolf from grid at 29, 5
Removed entity wolf from grid at 45, 4
Added entity wolf at 39, 9
Added entity wolf at 43, 1
Added entity wolf at 31, 15
Added entity human at 42, 25
Added entity human at 40, 22
House dying at 19, 26. Occupants: 2
Checking 18, 25: [object Object]
Checking 18, 26: [object Object]
Checking 18, 27: null
Added entity human at 18, 27
Ejected to 18, 27
Checking 18, 25: [object Object]
Checking 18, 26: [object Object]
Checking 18, 27: [object Object]
Checking 19, 25: null
Added entity human at 19, 25
Ejected to 19, 25
Removed entity house from grid at 19, 26
House dying at 32, 30. Occupants: 2
Checking 31, 29: null
Added entity human at 31, 29
Ejected to 31, 29
Checking 31, 29: [object Object]
Checking 31, 30: null
Added entity human at 31, 30
Ejected to 31, 30
Removed entity house from grid at 32, 30
Removed entity human from grid at 31, 30
Removed entity cow from grid at 19, 24
Removed entity human from grid at 40, 22
Removed entity human from grid at 42, 25
Removed entity human from grid at 18, 9
Added entity cow at 14, 23
Added entity cow at 8, 40
Removed entity wolf from grid at 18, 2
Removed entity cow from grid at 11, 9
Added entity human at 37, 21
Added entity human at 27, 18
Added entity human at 43, 37
Added entity human at 39, 30
Removed entity human from grid at 35, 21
Removed entity human from grid at 39, 30
Removed entity human from grid at 43, 37
Removed entity human from grid at 27, 18
Added entity cow at 9, 39
Removed entity human from grid at 31, 27
Added entity cow at 0, 31
Removed entity human from grid at 12, 24
Added entity cow at 1, 21
Removed entity wolf from grid at 18, 2
Removed entity cow from grid at 32, 32
Removed entity wolf from grid at 22, 0
Removed entity wolf from grid at 30, 4
Removed entity wolf from grid at 47, 1
Added entity wolf at 49, 5
Added entity human at 24, 12
Added entity human at 35, 38
Added entity human at 25, 28
Removed entity human from grid at 25, 28
Removed entity human from grid at 35, 38
Added entity cow at 10, 38
Added entity cow at 13, 24
Removed entity human from grid at 16, 29
Removed entity human from grid at 41, 35
Removed entity wolf from grid at 17, 2
Added entity cow at 1, 20
Removed entity wolf from grid at 32, 5
Removed entity wolf from grid at 47, 3
Removed entity wolf from grid at 46, 2
Removed entity human from grid at 11, 9
Removed entity wolf from grid at 21, 34
Added entity wolf at 43, 46
Added entity wolf at 46, 48
Added entity human at 37, 48
House dying at 17, 29. Occupants: 1
Checking 16, 28: [object Object]
Checking 16, 29: null
Added entity human at 16, 29
Ejected to 16, 29
Removed entity house from grid at 17, 29
Removed entity human from grid at 37, 48
Added entity cow at 0, 19
Added entity cow at 11, 39
Added entity cow at 0, 20
Added entity cow at 10, 29
Removed entity cow from grid at 44, 37
Removed entity wolf from grid at 33, 6
Removed entity wolf from grid at 29, 2
Removed entity wolf from grid at 46, 2
Removed entity human from grid at 46, 30
Added entity wolf at 38, 9
Added entity wolf at 47, 9
Added entity wolf at 29, 21
Added entity wolf at 41, 37
Removed entity wolf from grid at 34, 13
Added entity human at 21, 8
Added entity human at 7, 2
Added entity human at 10, 11
Added entity human at 4, 9
Added entity human at 10, 5
Removed entity human from grid at 20, 8
House dying at 28, 39. Occupants: 2
Checking 27, 38: null
Added entity human at 27, 38
Ejected to 27, 38
Checking 27, 38: [object Object]
Checking 27, 39: null
Added entity human at 27, 39
Ejected to 27, 39
Removed entity house from grid at 28, 39
Removed entity human from grid at 27, 39
Removed entity human from grid at 10, 5
Removed entity human from grid at 4, 9
Removed entity human from grid at 7, 2
Removed entity wolf from grid at 19, 1
Removed entity wolf from grid at 24, 0
Removed entity cow from grid at 21, 16
Added entity berry at 4, 41
Added entity human at 35, 23
Removed entity human from grid at 24, 10
Added entity human at 27, 29
Removed entity human from grid at 35, 23
Removed entity human from grid at 28, 39
Added entity cow at 12, 23
Removed entity human from grid at 14, 30
Removed entity wolf from grid at 45, 38
Removed entity wolf from grid at 37, 27
Removed entity wolf from grid at 33, 6
Removed entity wolf from grid at 46, 4
Removed entity berry from grid at 4, 41
Added entity tree at 36, 34
Added entity human at 22, 13
Added entity human at 47, 34
House dying at 19, 39. Occupants: 1
Checking 18, 38: [object Object]
Checking 18, 39: null
Added entity human at 18, 39
Ejected to 18, 39
Removed entity house from grid at 19, 39
Removed entity human from grid at 47, 34
Added entity cow at 1, 32
Removed entity wolf from grid at 24, 3
Removed entity wolf from grid at 34, 4
Removed entity wolf from grid at 29, 2
Removed entity wolf from grid at 44, 4
Added entity wolf at 36, 11
Added entity wolf at 44, 0
Added entity wolf at 37, 0
Added entity wolf at 22, 1
Added entity human at 47, 38
House dying at 8, 29. Occupants: 1
Checking 7, 28: null
Added entity human at 7, 28
Ejected to 7, 28
Removed entity house from grid at 8, 29
House dying at 7, 8. Occupants: 2
Checking 6, 7: null
Added entity human at 6, 7
Ejected to 6, 7
Checking 6, 7: [object Object]
Checking 6, 8: null
Added entity human at 6, 8
Ejected to 6, 8
Removed entity house from grid at 7, 8
House dying at 30, 39. Occupants: 2
Checking 29, 38: [object Object]
Checking 29, 39: [object Object]
Checking 29, 40: [object Object]
Checking 30, 38: null
Added entity human at 30, 38
Ejected to 30, 38
Checking 29, 38: [object Object]
Checking 29, 39: [object Object]
Checking 29, 40: [object Object]
Checking 30, 38: [object Object]
Checking 30, 40: null
Added entity human at 30, 40
Ejected to 30, 40
Removed entity house from grid at 30, 39
House dying at 18, 38. Occupants: 0
Removed entity house from grid at 18, 38
Removed entity human from grid at 7, 28
Removed entity human from grid at 47, 38
Removed entity cow from grid at 16, 39
Added entity cow at 12, 38
Removed entity human from grid at 14, 30
Added entity cow at 21, 21
Removed entity wolf from grid at 45, 40
Removed entity human from grid at 30, 27
Removed entity wolf from grid at 29, 4
Removed entity cow from grid at 10, 13
Added entity wolf at 49, 5
Added entity wolf at 43, 1
Added entity wolf at 41, 12
Added entity wolf at 47, 10
Added entity wolf at 16, 16
Removed entity human from grid at 21, 10
Added entity human at 34, 29
House dying at 11, 28. Occupants: 0
Removed entity house from grid at 11, 28
House dying at 34, 36. Occupants: 2
Checking 33, 35: [object Object]
Checking 33, 36: null
Added entity human at 33, 36
Ejected to 33, 36
Checking 33, 35: [object Object]
Checking 33, 36: [object Object]
Checking 33, 37: null
Added entity human at 33, 37
Ejected to 33, 37
Removed entity house from grid at 34, 36
Removed entity human from grid at 34, 29
Added entity cow at 22, 20
Removed entity human from grid at 9, 25
Added entity cow at 10, 19
Added entity cow at 3, 14
Removed entity human from grid at 18, 15
Added entity wolf at 32, 13
Added entity wolf at 35, 13
Removed entity wolf from grid at 33, 12
Removed entity human from grid at 18, 17
Added entity cow at 23, 21
Removed entity human from grid at 34, 38
Removed entity wolf from grid at 35, 3
Removed entity wolf from grid at 47, 7
Removed entity human from grid at 47, 28
Removed entity wolf from grid at 42, 5
Removed entity human from grid at 15, 19
Removed entity human from grid at 11, 13
Added entity wolf at 42, 3
Added entity human at 5, 23
Removed entity wolf from grid at 33, 11
Removed entity human from grid at 9, 25
Added entity human at 29, 27
Added entity human at 29, 41
House dying at 9, 30. Occupants: 1
Checking 8, 29: [object Object]
Checking 8, 30: [object Object]
Checking 8, 31: null
Added entity human at 8, 31
Ejected to 8, 31
Removed entity house from grid at 9, 30
Removed entity human from grid at 29, 27
Added entity cow at 24, 20
Added entity cow at 2, 13
Added entity cow at 0, 31
Removed entity wolf from grid at 19, 2
Removed entity wolf from grid at 22, 2
Removed entity wolf from grid at 35, 3
Removed entity human from grid at 17, 31
Removed entity wolf from grid at 41, 4
Added entity wolf at 36, 8
Added entity wolf at 49, 10
Added entity wolf at 31, 4
House dying at 20, 49. Occupants: 0
Removed entity house from grid at 20, 49
House dying at 48, 32. Occupants: 1
Checking 47, 31: null
Added entity human at 47, 31
Ejected to 47, 31
Removed entity house from grid at 48, 32
Removed entity wolf from grid at 3, 3
Removed entity human from grid at 13, 35
Removed entity wolf from grid at 38, 32
Removed entity wolf from grid at 22, 0
Removed entity wolf from grid at 34, 5
Removed entity wolf from grid at 48, 9
Added entity wolf at 45, 3
Added entity wolf at 29, 11
Added entity wolf at 30, 21
Added entity human at 24, 8
Removed entity wolf from grid at 33, 12
Added entity human at 7, 13
Added entity human at 26, 34
Added entity human at 22, 14
Removed entity cow from grid at 22, 17
Added entity human at 33, 36
House dying at 7, 47. Occupants: 0
Removed entity house from grid at 7, 47
House dying at 43, 38. Occupants: 2
Checking 42, 37: null
Added entity human at 42, 37
Ejected to 42, 37
Checking 42, 37: [object Object]
Checking 42, 38: null
Added entity human at 42, 38
Ejected to 42, 38
Removed entity house from grid at 43, 38
House dying at 21, 44. Occupants: 2
Checking 20, 43: [object Object]
Checking 20, 44: [object Object]
Checking 20, 45: null
Added entity human at 20, 45
Ejected to 20, 45
Checking 20, 43: [object Object]
Checking 20, 44: [object Object]
Checking 20, 45: [object Object]
Checking 21, 43: null
Added entity human at 21, 43
Ejected to 21, 43
Removed entity house from grid at 21, 44
Removed entity human from grid at 21, 43
Removed entity human from grid at 20, 45
Removed entity human from grid at 33, 36
Removed entity human from grid at 22, 14
Removed entity human from grid at 7, 13
Removed entity human from grid at 24, 8
Removed entity human from grid at 46, 32
Added entity cow at 25, 21
Removed entity human from grid at 9, 32
Added entity cow at 13, 37
Added entity cow at 11, 30
Removed entity wolf from grid at 11, 28
Removed entity wolf from grid at 40, 3
Added entity wolf at 45, 9
Added entity wolf at 30, 0
Added entity human at 32, 25
Removed entity human from grid at 32, 25
Added entity cow at 10, 31
Removed entity human from grid at 31, 34
Removed entity wolf from grid at 0, 2
Removed entity wolf from grid at 18, 0
Removed entity wolf from grid at 0, 1
Removed entity wolf from grid at 41, 40
Removed entity wolf from grid at 38, 35
Removed entity wolf from grid at 35, 5
Removed entity wolf from grid at 27, 2
Removed entity wolf from grid at 33, 10
Added entity human at 15, 24
Removed entity human from grid at 23, 17
House dying at 20, 41. Occupants: 1
Checking 19, 40: null
Added entity human at 19, 40
Ejected to 19, 40
Removed entity house from grid at 20, 41
Removed entity cow from grid at 15, 23
Added entity cow at 14, 36
Added entity cow at 1, 32
Removed entity human from grid at 23, 15
Removed entity cow from grid at 23, 18
Removed entity cow from grid at 27, 19
Removed entity wolf from grid at 1, 1
Removed entity wolf from grid at 39, 40
Removed entity wolf from grid at 38, 34
Added entity wolf at 23, 0
Added entity wolf at 43, 1
Added entity wolf at 31, 21
Removed entity wolf from grid at 33, 12
Added entity human at 41, 32
Added entity human at 22, 12
Added entity human at 37, 37
Added entity human at 34, 31
House dying at 17, 16. Occupants: 1
Checking 16, 15: null
Added entity human at 16, 15
Ejected to 16, 15
Removed entity house from grid at 17, 16
House dying at 26, 27. Occupants: 2
Checking 25, 26: null
Added entity human at 25, 26
Ejected to 25, 26
Checking 25, 26: [object Object]
Checking 25, 27: [object Object]
Checking 25, 28: null
Added entity human at 25, 28
Ejected to 25, 28
Removed entity house from grid at 26, 27
Removed entity human from grid at 25, 26
Removed entity human from grid at 16, 15
Removed entity human from grid at 34, 31
Removed entity human from grid at 37, 37
Added entity cow at 2, 33
Removed entity human from grid at 19, 40
Removed entity cow from grid at 16, 24
Added entity cow at 11, 32
Added entity cow at 26, 22
Removed entity human from grid at 3, 25
Removed entity cow from grid at 26, 27
Removed entity wolf from grid at 17, 2
Removed entity cow from grid at 27, 19
Removed entity cow from grid at 17, 23
Removed entity cow from grid at 11, 29
Removed entity human from grid at 10, 32
Added entity berry at 23, 3
Removed entity wolf from grid at 44, 9
Removed entity cow from grid at 26, 19
Removed entity wolf from grid at 40, 1
Added entity wolf at 40, 1
Added entity wolf at 24, 2
Added entity wolf at 14, 1
Added entity wolf at 47, 10
Added entity wolf at 32, 21
Added entity human at 48, 20
Added entity human at 14, 25
Added entity human at 22, 19
House dying at 39, 23. Occupants: 2
Checking 38, 22: null
Added entity human at 38, 22
Ejected to 38, 22
Checking 38, 22: [object Object]
Checking 38, 23: null
Added entity human at 38, 23
Ejected to 38, 23
Removed entity house from grid at 39, 23
Removed entity human from grid at 22, 19
Added entity cow at 27, 23
Added entity cow at 3, 32
Removed entity human from grid at 27, 26
Removed entity human from grid at 27, 27
Removed entity wolf from grid at 16, 1
Removed entity wolf from grid at 39, 40
Removed entity wolf from grid at 31, 4
Removed entity human from grid at 48, 18
Added entity wolf at 47, 5
Added entity wolf at 41, 47
Removed entity wolf from grid at 35, 12
Removed entity cow from grid at 26, 20
Added entity human at 20, 15
House dying at 22, 41. Occupants: 0
Removed entity house from grid at 22, 41
Added entity berry at 32, 1
Added entity cow at 4, 33
Removed entity cow from grid at 14, 24
Removed entity cow from grid at 15, 25
Removed entity cow from grid at 4, 4
Removed entity cow from grid at 4, 6
Added entity cow at 13, 24
Removed entity cow from grid at 25, 18
Removed entity human from grid at 40, 32
Added entity wolf at 35, 2
Added entity wolf at 39, 7
Added entity wolf at 47, 11
Added entity wolf at 40, 37
Added entity human at 47, 18
Added entity human at 22, 15
Removed entity human from grid at 45, 18
Added entity human at 12, 15
Added entity human at 25, 24
Removed entity human from grid at 25, 24
Removed entity human from grid at 12, 15
Added entity cow at 28, 24
Added entity cow at 3, 14
Removed entity human from grid at 17, 23
Removed entity wolf from grid at 39, 39
Added entity wolf at 23, 25
Added entity human at 5, 19
Added entity human at 17, 13
Added entity human at 47, 38
Removed entity wolf from grid at 30, 22
Added entity human at 8, 11
Removed entity human from grid at 47, 38
Removed entity human from grid at 17, 13
Removed entity human from grid at 5, 19
Added entity cow at 27, 25
Removed entity human from grid at 21, 16
Removed entity human from grid at 17, 14
Removed entity human from grid at 22, 18
Added entity cow at 13, 35
Removed entity wolf from grid at 38, 37
Removed entity wolf from grid at 46, 5
Added entity wolf at 3, 0
Removed entity human from grid at 11, 36
Added entity wolf at 1, 37
Added entity human at 19, 36
Added entity human at 19, 13
Removed entity cow from grid at 26, 23
Added entity cow at 12, 36
Added entity cow at 4, 13
Added entity cow at 12, 25
Removed entity wolf from grid at 37, 37
Removed entity wolf from grid at 22, 0
Removed entity wolf from grid at 29, 2
Added entity wolf at 40, 10
Added entity wolf at 47, 10
Added entity wolf at 27, 21
Added entity wolf at 47, 16
Added entity human at 21, 23
Added entity human at 25, 16
Added entity human at 34, 29
Removed entity wolf from grid at 27, 21
Added entity human at 29, 28
Removed entity human from grid at 25, 16
Removed entity human from grid at 21, 23
Added entity cow at 13, 37
Removed entity cow from grid at 18, 13
Added entity cow at 5, 34
Removed entity wolf from grid at 29, 22
Removed entity wolf from grid at 45, 5
Added entity wolf at 48, 6
Added entity human at 12, 5
Added entity human at 48, 20
Added entity human at 20, 12
House dying at 19, 19. Occupants: 2
Checking 18, 18: null
Added entity human at 18, 18
Ejected to 18, 18
Checking 18, 18: [object Object]
Checking 18, 19: null
Added entity human at 18, 19
Ejected to 18, 19
Removed entity house from grid at 19, 19
Removed entity human from grid at 48, 20
Added entity cow at 14, 38
Removed entity human from grid at 12, 15
Removed entity cow from grid at 29, 24
Removed entity human from grid at 33, 43
Added entity cow at 9, 18
Removed entity wolf from grid at 39, 36
Removed entity human from grid at 34, 28
Removed entity wolf from grid at 43, 1
Added entity wolf at 32, 13
Added entity wolf at 24, 0
Removed entity wolf from grid at 33, 12
Added entity human at 14, 21
Added entity human at 48, 22
Added entity human at 38, 47
Added entity human at 27, 29
House dying at 34, 34. Occupants: 1
Checking 33, 33: null
Added entity human at 33, 33
Ejected to 33, 33
Removed entity house from grid at 34, 34
House dying at 6, 26. Occupants: 2
Checking 5, 25: [object Object]
Checking 5, 26: [object Object]
Checking 5, 27: [object Object]
Checking 6, 25: [object Object]
Checking 6, 27: null
Added entity human at 6, 27
Ejected to 6, 27
Checking 5, 25: [object Object]
Checking 5, 26: [object Object]
Checking 5, 27: [object Object]
Checking 6, 25: [object Object]
Checking 6, 27: [object Object]
Checking 7, 25: [object Object]
Checking 7, 26: null
Added entity human at 7, 26
Ejected to 7, 26
Removed entity house from grid at 6, 26
House dying at 18, 48. Occupants: 1
Checking 17, 47: null
Added entity human at 17, 47
Ejected to 17, 47
Removed entity house from grid at 18, 48
Added entity tree at 37, 6
Removed entity human from grid at 17, 47
Removed entity human from grid at 7, 26
Removed entity human from grid at 38, 47
Added entity cow at 8, 17
Added entity cow at 15, 37
Removed entity wolf from grid at 20, 20
Added entity cow at 6, 35
Added entity wolf at 33, 0
Added entity wolf at 31, 1
Added entity wolf at 35, 2
Added entity wolf at 35, 10
Removed entity wolf from grid at 32, 11
Added entity human at 9, 9
House dying at 10, 33. Occupants: 2
Checking 9, 32: null
Added entity human at 9, 32
Ejected to 9, 32
Checking 9, 32: [object Object]
Checking 9, 33: [object Object]
Checking 9, 34: null
Added entity human at 9, 34
Ejected to 9, 34
Removed entity house from grid at 10, 33
House dying at 26, 25. Occupants: 2
Checking 25, 24: null
Added entity human at 25, 24
Ejected to 25, 24
Checking 25, 24: [object Object]
Checking 25, 25: null
Added entity human at 25, 25
Ejected to 25, 25
Removed entity house from grid at 26, 25
House dying at 33, 42. Occupants: 1
Checking 32, 41: null
Added entity human at 32, 41
Ejected to 32, 41
Removed entity house from grid at 33, 42
Added entity cow at 14, 36
Removed entity wolf from grid at 12, 18
Added entity cow at 30, 22
Removed entity human from grid at 35, 36
Removed entity wolf from grid at 1, 0
Added entity cow at 1, 20
Added entity wolf at 33, 0
Added entity wolf at 32, 7
Added entity wolf at 46, 7
Added entity wolf at 46, 11
Added entity wolf at 32, 8
House dying at 20, 44. Occupants: 2
Checking 19, 43: null
Added entity human at 19, 43
Ejected to 19, 43
Checking 19, 43: [object Object]
Checking 19, 44: null
Added entity human at 19, 44
Ejected to 19, 44
Removed entity house from grid at 20, 44
Added entity cow at 29, 21
Removed entity human from grid at 32, 40
Added entity cow at 7, 36
Added entity cow at 9, 16
Removed entity wolf from grid at 34, 32
Removed entity cow from grid at 26, 27
Removed entity cow from grid at 21, 14
Added entity cow at 3, 14
Removed entity wolf from grid at 10, 38
Removed entity human from grid at 32, 43
Removed entity wolf from grid at 31, 1
Added entity berry at 6, 42
Added entity wolf at 39, 8
Added entity human at 12, 5
Added entity human at 4, 11
House dying at 28, 30. Occupants: 0
Removed entity house from grid at 28, 30
House dying at 32, 37. Occupants: 2
Checking 31, 36: null
Added entity human at 31, 36
Ejected to 31, 36
Checking 31, 36: [object Object]
Checking 31, 37: [object Object]
Checking 31, 38: null
Added entity human at 31, 38
Ejected to 31, 38
Removed entity house from grid at 32, 37
Removed entity cow from grid at 5, 11
Added entity cow at 8, 15
Added entity cow at 8, 35
Added entity cow at 15, 35
Removed entity human from grid at 49, 22
Removed entity wolf from grid at 40, 40
Removed entity wolf from grid at 45, 0
Removed entity berry from grid at 6, 42
Added entity wolf at 40, 10
Added entity wolf at 47, 5
Added entity wolf at 21, 2
Added entity wolf at 34, 9
Added entity wolf at 15, 18
Added entity wolf at 42, 37
Added entity wolf at 22, 0
Added entity human at 12, 39
Added entity human at 39, 21
Added entity human at 32, 45
Added entity human at 10, 25
Added entity human at 36, 44
Removed entity human from grid at 36, 44
Removed entity human from grid at 32, 45
Removed entity human from grid at 31, 38
Added entity cow at 4, 13
Removed entity human from grid at 10, 21
Removed entity human from grid at 22, 17
Added entity cow at 13, 24
Removed entity human from grid at 40, 19
Added entity cow at 10, 31
Removed entity wolf from grid at 26, 0
Added entity wolf at 37, 11
Added entity wolf at 47, 10
Removed entity wolf from grid at 33, 9
Removed entity wolf from grid at 38, 14
Added entity human at 15, 24
Removed entity human from grid at 15, 24
Added entity cow at 9, 30
Added entity cow at 16, 34
Removed entity human from grid at 31, 36
Removed entity human from grid at 3, 30
Removed entity human from grid at 21, 17
Removed entity wolf from grid at 24, 3
Added entity wolf at 35, 3
Added entity wolf at 36, 8
Added entity cow at 39, 40
Removed entity wolf from grid at 33, 9
Added entity human at 8, 5
House dying at 30, 29. Occupants: 1
Checking 29, 28: null
Added entity human at 29, 28
Ejected to 29, 28
Removed entity house from grid at 30, 29
Added entity cow at 14, 23
Removed entity human from grid at 11, 42
Removed entity wolf from grid at 22, 0
Added entity cow at 1, 19
Added entity wolf at 47, 5
Added entity wolf at 49, 9
Removed entity wolf from grid at 33, 11
Added entity human at 6, 7
Added entity cow at 17, 33
Added entity cow at 3, 14
Added entity cow at 9, 34
Added entity cow at 30, 23
Removed entity human from grid at 14, 11
Removed entity human from grid at 32, 46
Removed entity wolf from grid at 36, 12
Added entity wolf at 40, 3
Added entity wolf at 35, 2
Added entity wolf at 46, 16
Added entity wolf at 32, 16
Added entity human at 42, 41
Removed entity wolf from grid at 34, 9
Added entity human at 37, 27
Added entity human at 46, 31
Added entity human at 35, 38
House dying at 31, 28. Occupants: 2
Checking 30, 27: null
Added entity human at 30, 27
Ejected to 30, 27
Checking 30, 27: [object Object]
Checking 30, 28: null
Added entity human at 30, 28
Ejected to 30, 28
Removed entity house from grid at 31, 28
House dying at 6, 22. Occupants: 2
Checking 5, 21: [object Object]
Checking 5, 22: [object Object]
Checking 5, 23: [object Object]
Checking 6, 21: null
Added entity human at 6, 21
Ejected to 6, 21
Checking 5, 21: [object Object]
Checking 5, 22: [object Object]
Checking 5, 23: [object Object]
Checking 6, 21: [object Object]
Checking 6, 23: [object Object]
Checking 7, 21: [object Object]
Checking 7, 22: [object Object]
Checking 7, 23: [object Object]
Failed to eject
Removed entity house from grid at 6, 22
Added entity tree at 47, 0
Removed entity human from grid at 46, 31
Added entity cow at 31, 24
Added entity cow at 8, 33
Added entity cow at 2, 18
Added entity cow at 10, 31
Added entity cow at 9, 16
Removed entity wolf from grid at 34, 16
Removed entity human from grid at 8, 39
Removed entity human from grid at 11, 42
Removed entity cow from grid at 31, 23
Removed entity wolf from grid at 44, 5
Added entity wolf at 33, 3
Added entity wolf at 27, 13
Added entity berry at 3, 42
Removed entity wolf from grid at 33, 9
Added entity human at 41, 21
Added entity human at 19, 10
Added entity human at 7, 2
Removed entity human from grid at 22, 10
Added entity human at 14, 27
Added entity cow at 7, 32
Removed entity cow from grid at 14, 35
Removed entity wolf from grid at 39, 36
Removed entity human from grid at 20, 16
Removed entity human from grid at 49, 25
Removed entity human from grid at 39, 46
Removed entity wolf from grid at 31, 5
Removed entity wolf from grid at 44, 5
Removed entity berry from grid at 3, 42
Added entity wolf at 47, 11
Added entity wolf at 32, 4
Added entity human at 6, 5
Added entity human at 32, 29
Removed entity cow from grid at 32, 21
Added entity cow at 11, 30
Added entity cow at 30, 25
Removed entity human from grid at 42, 42
Added entity cow at 18, 34
Removed entity human from grid at 11, 12
Removed entity human from grid at 14, 11
Removed entity human from grid at 40, 21
Removed entity wolf from grid at 31, 4
Removed entity wolf from grid at 33, 2
Removed entity wolf from grid at 43, 4
Added entity wolf at 30, 3
Added entity human at 15, 6
Removed entity human from grid at 19, 15
Added entity human at 32, 34
House dying at 13, 14. Occupants: 2
Checking 12, 13: [object Object]
Checking 12, 14: null
Added entity human at 12, 14
Ejected to 12, 14
Checking 12, 13: [object Object]
Checking 12, 14: [object Object]
Checking 12, 15: null
Added entity human at 12, 15
Ejected to 12, 15
Removed entity house from grid at 13, 14
House dying at 17, 17. Occupants: 2
Checking 16, 16: null
Added entity human at 16, 16
Ejected to 16, 16
Checking 16, 16: [object Object]
Checking 16, 17: null
Added entity human at 16, 17
Ejected to 16, 17
Removed entity house from grid at 17, 17
Removed entity cow from grid at 15, 18
Removed entity human from grid at 12, 15
Removed entity cow from grid at 12, 13
Added entity cow at 29, 26
Removed entity human from grid at 18, 11
Removed entity cow from grid at 31, 24
Removed entity human from grid at 20, 20
Removed entity wolf from grid at 38, 41
Removed entity wolf from grid at 28, 5
Removed entity human from grid at 47, 43
Removed entity wolf from grid at 33, 2
Removed entity human from grid at 48, 24
Added entity wolf at 25, 2
Added entity wolf at 46, 48
Added entity wolf at 44, 7
Removed entity wolf from grid at 35, 7
Added entity human at 48, 18
House dying at 15, 46. Occupants: 0
Removed entity house from grid at 15, 46
Removed entity human from grid at 48, 18
Added entity cow at 30, 27
Removed entity cow from grid at 27, 22
Removed entity cow from grid at 23, 12
Removed entity wolf from grid at 31, 1
Removed entity wolf from grid at 44, 6
Added entity wolf at 45, 0
Added entity wolf at 31, 4
Added entity wolf at 34, 5
Added entity wolf at 16, 1
Added entity wolf at 20, 4
Added entity human at 20, 32
Added entity tree at 28, 41
Added entity human at 20, 17
Added entity human at 10, 5
House dying at 34, 39. Occupants: 1
Checking 33, 38: null
Added entity human at 33, 38
Ejected to 33, 38
Removed entity house from grid at 34, 39
Added entity berry at 34, 39
Removed entity human from grid at 10, 5
Removed entity human from grid at 20, 17
Added entity cow at 31, 28
Removed entity human from grid at 13, 15
Removed entity wolf from grid at 41, 43
Removed entity wolf from grid at 31, 2
Removed entity human from grid at 12, 5
Removed entity human from grid at 20, 8
Removed entity wolf from grid at 38, 12
Added entity tree at 7, 27
Added entity wolf at 38, 11
Added entity wolf at 34, 11
Added entity wolf at 45, 2
Removed entity cow from grid at 31, 23
Added entity cow at 32, 27
Added entity cow at 10, 29
Removed entity wolf from grid at 39, 43
Removed entity wolf from grid at 40, 41
Removed entity wolf from grid at 24, 2
Removed entity wolf from grid at 30, 12
Removed entity wolf from grid at 22, 13
Removed entity wolf from grid at 34, 3
Removed entity cow from grid at 31, 28
Added entity wolf at 5, 2
Added entity wolf at 37, 42
Added entity human at 11, 21
House dying at 6, 29. Occupants: 2
Checking 5, 28: [object Object]
Checking 5, 29: [object Object]
Checking 5, 30: null
Added entity human at 5, 30
Ejected to 5, 30
Checking 5, 28: [object Object]
Checking 5, 29: [object Object]
Checking 5, 30: [object Object]
Checking 6, 28: [object Object]
Checking 6, 30: [object Object]
Checking 7, 28: [object Object]
Checking 7, 29: [object Object]
Checking 7, 30: [object Object]
Failed to eject
Removed entity house from grid at 6, 29
House dying at 22, 39. Occupants: 1
Checking 21, 38: [object Object]
Checking 21, 39: null
Added entity human at 21, 39
Ejected to 21, 39
Removed entity house from grid at 22, 39
House dying at 19, 41. Occupants: 1
Checking 18, 40: null
Added entity human at 18, 40
Ejected to 18, 40
Removed entity house from grid at 19, 41
Removed entity human from grid at 6, 5
Added entity cow at 10, 15
Added entity cow at 4, 15
Added entity cow at 13, 24
Removed entity human from grid at 13, 37
Removed entity wolf from grid at 41, 44
Removed entity human from grid at 36, 43
Removed entity human from grid at 13, 7
Removed entity wolf from grid at 32, 6
Removed entity cow from grid at 30, 25
Removed entity cow from grid at 19, 13
Added entity wolf at 47, 11
Added entity wolf at 31, 4
Added entity wolf at 27, 13
Added entity human at 0, 12
Added entity human at 11, 9
House dying at 7, 45. Occupants: 0
Removed entity house from grid at 7, 45
House dying at 5, 12. Occupants: 1
Checking 4, 11: [object Object]
Checking 4, 12: null
Added entity human at 4, 12
Ejected to 4, 12
Removed entity house from grid at 5, 12
House dying at 28, 28. Occupants: 2
Checking 27, 27: null
Added entity human at 27, 27
Ejected to 27, 27
Checking 27, 27: [object Object]
Checking 27, 28: null
Added entity human at 27, 28
Ejected to 27, 28
Removed entity house from grid at 28, 28
Added entity cow at 12, 23
Removed entity human from grid at 7, 3
Removed entity wolf from grid at 40, 37
Removed entity wolf from grid at 34, 11
Removed entity cow from grid at 31, 27
Added entity berry at 13, 34
Removed entity wolf from grid at 35, 2
Added entity human at 18, 32
Added entity human at 10, 7
Removed entity wolf from grid at 41, 12
Added entity human at 7, 38
Added entity human at 41, 32
House dying at 14, 19. Occupants: 2
Checking 13, 18: null
Added entity human at 13, 18
Ejected to 13, 18
Checking 13, 18: [object Object]
Checking 13, 19: [object Object]
Checking 13, 20: [object Object]
Checking 14, 18: [object Object]
Checking 14, 20: [object Object]
Checking 15, 18: null
Added entity human at 15, 18
Ejected to 15, 18
Removed entity house from grid at 14, 19
Removed entity human from grid at 41, 32
Added entity cow at 11, 22
Removed entity wolf from grid at 1, 34
Removed entity human from grid at 22, 13
Added entity cow at 19, 33
Added entity cow at 6, 31
Removed entity cow from grid at 37, 40
Removed entity human from grid at 13, 5
Removed entity berry from grid at 13, 34
Removed entity wolf from grid at 42, 12
Removed entity wolf from grid at 36, 3
Added entity wolf at 47, 9
Added entity wolf at 12, 1
Added entity wolf at 32, 11
Added entity wolf at 1, 16
Added entity cow at 40, 40
Removed entity wolf from grid at 41, 12
House dying at 42, 31. Occupants: 2
Checking 41, 30: null
Added entity human at 41, 30
Ejected to 41, 30
Checking 41, 30: [object Object]
Checking 41, 31: null
Added entity human at 41, 31
Ejected to 41, 31
Removed entity house from grid at 42, 31
Added entity cow at 5, 30
Removed entity human from grid at 12, 5
Removed entity human from grid at 5, 9
Removed entity human from grid at 23, 42
Added entity cow at 11, 28
Removed entity wolf from grid at 17, 2
Removed entity cow from grid at 25, 23
Removed entity human from grid at 22, 43
Removed entity wolf from grid at 42, 12
Removed entity wolf from grid at 21, 0
Removed entity wolf from grid at 31, 11
Removed entity wolf from grid at 34, 4
Added entity wolf at 32, 23
Added entity cow at 6, 22
Added entity human at 14, 5
Added entity human at 45, 18
Added entity tree at 40, 27
House dying at 19, 14. Occupants: 1
Checking 18, 13: null
Added entity human at 18, 13
Ejected to 18, 13
Removed entity house from grid at 19, 14
Removed entity cow from grid at 17, 13
Removed entity human from grid at 45, 18
Removed entity human from grid at 14, 5
Added entity cow at 20, 34
Removed entity cow from grid at 16, 15
Removed entity cow from grid at 6, 39
Removed entity cow from grid at 16, 35
Removed entity human from grid at 3, 11
Added entity cow at 3, 16
Removed entity cow from grid at 1, 31
Removed entity cow from grid at 11, 20
Removed entity cow from grid at 22, 33
Removed entity cow from grid at 13, 29
Removed entity cow from grid at 5, 23
Removed entity wolf from grid at 33, 12
Removed entity wolf from grid at 33, 2
Removed entity wolf from grid at 43, 10
Removed entity cow from grid at 12, 27
Added entity wolf at 33, 2
Added entity wolf at 1, 6
Added entity wolf at 31, 8
Added entity human at 12, 27
Added entity human at 16, 27
Added entity cow at 14, 34
House dying at 35, 30. Occupants: 2
Checking 34, 29: null
Added entity human at 34, 29
Ejected to 34, 29
Checking 34, 29: [object Object]
Checking 34, 30: null
Added entity human at 34, 30
Ejected to 34, 30
Removed entity house from grid at 35, 30
House dying at 8, 37. Occupants: 1
Checking 7, 36: [object Object]
Checking 7, 37: null
Added entity human at 7, 37
Ejected to 7, 37
Removed entity house from grid at 8, 37
Removed entity human from grid at 34, 29
Removed entity cow from grid at 17, 27
Removed entity cow from grid at 12, 26
Removed entity cow from grid at 15, 34
Removed entity cow from grid at 29, 25
Added entity cow at 11, 16
Removed entity cow from grid at 12, 21
Removed entity cow from grid at 23, 34
Removed entity cow from grid at 14, 28
Removed entity cow from grid at 4, 22
Removed entity human from grid at 30, 30
Removed entity cow from grid at 24, 23
Removed entity cow from grid at 42, 41
Removed entity cow from grid at 10, 27
Removed entity human from grid at 39, 26
Added entity human at 0, 10
Removed entity human from grid at 0, 10
Removed entity cow from grid at 7, 38
Removed entity cow from grid at 15, 28
Removed entity cow from grid at 12, 28
Removed entity cow from grid at 16, 12
Removed entity cow from grid at 16, 33
Removed entity cow from grid at 25, 28
Removed entity cow from grid at 11, 44
Removed entity cow from grid at 0, 33
Removed entity cow from grid at 10, 21
Removed entity cow from grid at 22, 35
Removed entity human from grid at 30, 31
Removed entity cow from grid at 12, 29
Removed entity cow from grid at 5, 23
Removed entity wolf from grid at 41, 42
Removed entity cow from grid at 1, 31
Removed entity cow from grid at 14, 10
Removed entity cow from grid at 11, 25
Removed entity wolf from grid at 30, 41
Added entity wolf at 19, 2
Added entity wolf at 22, 2
House dying at 2, 44. Occupants: 1
Checking 1, 43: [object Object]
Checking 1, 44: null
Added entity human at 1, 44
Ejected to 1, 44
Removed entity house from grid at 2, 44
Removed entity cow from grid at 7, 36
Added entity cow at 13, 35
Removed entity cow from grid at 13, 27
Added entity cow at 10, 23
Removed entity human from grid at 46, 29
Removed entity cow from grid at 16, 35
Removed entity cow from grid at 10, 46
Removed entity cow from grid at 11, 20
Removed entity cow from grid at 22, 35
Removed entity cow from grid at 22, 16
Removed entity wolf from grid at 17, 2
Removed entity cow from grid at 12, 29
Added entity cow at 3, 17
Removed entity cow from grid at 4, 22
Removed entity cow from grid at 24, 22
Removed entity cow from grid at 18, 45
Removed entity cow from grid at 10, 27
Removed entity wolf from grid at 13, 2
Added entity berry at 24, 31
Added entity wolf at 46, 5
Added entity wolf at 31, 4
Added entity wolf at 31, 11
Added entity wolf at 49, 12
Added entity wolf at 22, 0
Added entity human at 44, 44
Removed entity wolf from grid at 39, 11
Removed entity wolf from grid at 31, 11
House dying at 36, 47. Occupants: 1
Checking 35, 46: null
Added entity human at 35, 46
Ejected to 35, 46
Removed entity house from grid at 36, 47
Removed entity human from grid at 35, 46
Removed entity human from grid at 44, 44
Added entity cow at 14, 36
Removed entity cow from grid at 16, 29
Removed entity cow from grid at 13, 27
Added entity cow at 21, 35
Removed entity cow from grid at 16, 33
Removed entity cow from grid at 25, 27
Removed entity cow from grid at 10, 44
Removed entity cow from grid at 12, 21
Removed entity cow from grid at 22, 33
Removed entity cow from grid at 14, 28
Removed entity cow from grid at 3, 23
Removed entity cow from grid at 23, 24
Removed entity wolf from grid at 2, 32
Removed entity cow from grid at 10, 25
Removed entity wolf from grid at 22, 1
Removed entity wolf from grid at 34, 23
Added entity wolf at 29, 1
Added entity wolf at 40, 7
Added entity wolf at 28, 12
Added entity human at 44, 41
Added entity human at 24, 34
Added entity human at 8, 11
Removed entity cow from grid at 23, 35
Removed entity human from grid at 4, 45
Removed entity cow from grid at 11, 28
Added entity cow at 5, 21
Removed entity cow from grid at 14, 18
Removed entity cow from grid at 13, 17
Removed entity cow from grid at 16, 33
Removed entity cow from grid at 25, 29
Removed entity cow from grid at 10, 21
Removed entity cow from grid at 22, 33
Removed entity cow from grid at 28, 30
Removed entity cow from grid at 5, 22
Removed entity cow from grid at 2, 32
Removed entity cow from grid at 28, 19
Removed entity wolf from grid at 42, 12
Removed entity cow from grid at 10, 25
Removed entity wolf from grid at 32, 8
Added entity wolf at 36, 3
Added entity human at 24, 10
Added entity human at 9, 39
Added entity human at 16, 16
House dying at 17, 18. Occupants: 2
Checking 16, 17: null
Added entity human at 16, 17
Ejected to 16, 17
Checking 16, 17: [object Object]
Checking 16, 18: null
Added entity human at 16, 18
Ejected to 16, 18
Removed entity house from grid at 17, 18
Removed entity cow from grid at 16, 19
Removed entity human from grid at 9, 39
Added entity cow at 4, 22
Removed entity cow from grid at 23, 34
Added entity cow at 9, 24
Removed entity wolf from grid at 6, 39
Removed entity cow from grid at 18, 28
Removed entity cow from grid at 14, 19
Removed entity cow from grid at 13, 19
Removed entity cow from grid at 15, 34
Removed entity cow from grid at 24, 28
Removed entity cow from grid at 13, 46
Removed entity cow from grid at 12, 21
Removed entity cow from grid at 21, 33
Removed entity cow from grid at 11, 29
Removed entity cow from grid at 5, 23
Removed entity cow from grid at 26, 30
Removed entity cow from grid at 23, 24
Removed entity cow from grid at 12, 12
Removed entity cow from grid at 16, 43
Removed entity cow from grid at 10, 25
Removed entity cow from grid at 19, 21
Added entity tree at 4, 46
Added entity wolf at 41, 1
Added entity wolf at 23, 0
Added entity wolf at 18, 5
Added entity human at 15, 6
Added entity human at 21, 48
Added entity human at 39, 25
Removed entity wolf from grid at 40, 10
Added entity human at 35, 37
Removed entity human from grid at 15, 6
Added entity cow at 5, 23
Added entity cow at 22, 36
Added entity cow at 13, 35
Removed entity cow from grid at 7, 38
Removed entity cow from grid at 17, 29
Removed entity cow from grid at 12, 25
Added entity cow at 4, 15
Removed entity cow from grid at 12, 14
Removed entity cow from grid at 12, 19
Removed entity cow from grid at 15, 34
Removed entity cow from grid at 24, 29
Removed entity cow from grid at 12, 47
Removed entity cow from grid at 12, 21
Removed entity cow from grid at 21, 35
Removed entity cow from grid at 12, 30
Removed entity cow from grid at 4, 22
Removed entity cow from grid at 17, 43
Removed entity cow from grid at 10, 25
Removed entity cow from grid at 19, 20
Added entity berry at 2, 24
Added entity wolf at 42, 12
Added entity wolf at 45, 6
Added entity wolf at 32, 6
Added entity human at 4, 17
Added entity human at 42, 25
House dying at 10, 8. Occupants: 0
Removed entity house from grid at 10, 8
House dying at 21, 15. Occupants: 2
Checking 20, 14: null
Added entity human at 20, 14
Ejected to 20, 14
Checking 20, 14: [object Object]
Checking 20, 15: null
Added entity human at 20, 15
Ejected to 20, 15
Removed entity house from grid at 21, 15
House dying at 10, 26. Occupants: 2
Checking 9, 25: null
Added entity human at 9, 25
Ejected to 9, 25
Checking 9, 25: [object Object]
Checking 9, 26: [object Object]
Checking 9, 27: [object Object]
Checking 10, 25: null
Added entity human at 10, 25
Ejected to 10, 25
Removed entity house from grid at 10, 26
Added entity cow at 12, 36
Added entity cow at 23, 37
Added entity cow at 8, 25
Removed entity human from grid at 24, 9
Removed entity human from grid at 5, 37
Removed entity human from grid at 28, 43
Removed entity wolf from grid at 41, 46
Removed entity wolf from grid at 40, 10
Added entity wolf at 42, 11
Added entity wolf at 31, 5
Added entity human at 44, 39
Added entity human at 8, 11
Removed entity cow from grid at 17, 19
Removed entity human from grid at 44, 39
Added entity cow at 24, 38
Removed entity cow from grid at 23, 27
Removed entity wolf from grid at 41, 46
Added entity cow at 0, 21
Removed entity wolf from grid at 46, 38
Removed entity wolf from grid at 22, 3
Removed entity berry from grid at 2, 24
Removed entity wolf from grid at 42, 12
Added entity wolf at 45, 12
Added entity wolf at 46, 3
Added entity wolf at 13, 0
Added entity wolf at 5, 1
Added entity wolf at 42, 48
Added entity human at 1, 28
Added entity human at 14, 39
Added entity human at 19, 11
Added entity human at 42, 25
Added entity human at 34, 44
House dying at 30, 35. Occupants: 1
Checking 29, 34: null
Added entity human at 29, 34
Ejected to 29, 34
Removed entity house from grid at 30, 35
House dying at 14, 12. Occupants: 2
Checking 13, 11: null
Added entity human at 13, 11
Ejected to 13, 11
Checking 13, 11: [object Object]
Checking 13, 12: null
Added entity human at 13, 12
Ejected to 13, 12
Removed entity house from grid at 14, 12
Added entity cow at 25, 39
Removed entity human from grid at 1, 14
Removed entity human from grid at 7, 13
Removed entity human from grid at 5, 37
Removed entity cow from grid at 23, 26
Removed entity wolf from grid at 29, 5
Removed entity cow from grid at 21, 29
Removed entity wolf from grid at 42, 11
Added entity wolf at 1, 7
Added entity human at 35, 23
Added entity human at 19, 9
Added entity human at 45, 45
Added entity human at 33, 49
House dying at 46, 33. Occupants: 2
Checking 45, 32: null
Added entity human at 45, 32
Ejected to 45, 32
Checking 45, 32: [object Object]
Checking 45, 33: null
Added entity human at 45, 33
Ejected to 45, 33
Removed entity house from grid at 46, 33
House dying at 12, 9. Occupants: 2
Checking 11, 8: null
Added entity human at 11, 8
Ejected to 11, 8
Checking 11, 8: [object Object]
Checking 11, 9: [object Object]
Checking 11, 10: null
Added entity human at 11, 10
Ejected to 11, 10
Removed entity house from grid at 12, 9
House dying at 23, 49. Occupants: 1
Checking 22, 48: null
Added entity human at 22, 48
Ejected to 22, 48
Removed entity house from grid at 23, 49
Removed entity human from grid at 33, 49
Removed entity human from grid at 45, 45
Removed entity cow from grid at 28, 36
Added entity cow at 13, 37
Added entity cow at 4, 31
Removed entity wolf from grid at 48, 35
Removed entity wolf from grid at 43, 10
Removed entity berry from grid at 25, 35
Added entity wolf at 38, 9
Added entity cow at 15, 19
Added entity human at 41, 37
Added entity human at 11, 35
Added entity human at 14, 21
Added entity human at 18, 37
House dying at 28, 40. Occupants: 2
Checking 27, 39: null
Added entity human at 27, 39
Ejected to 27, 39
Checking 27, 39: [object Object]
Checking 27, 40: [object Object]
Checking 27, 41: null
Added entity human at 27, 41
Ejected to 27, 41
Removed entity house from grid at 28, 40
Removed entity cow from grid at 18, 36
Removed entity cow from grid at 15, 21
Removed entity cow from grid at 11, 36
Removed entity human from grid at 41, 37
Added entity cow at 14, 20
Added entity cow at 14, 36
Removed entity cow from grid at 11, 10
Removed entity cow from grid at 9, 40
Removed entity cow from grid at 3, 30
Removed entity human from grid at 6, 9
Added entity cow at 9, 24
Removed entity cow from grid at 6, 20
Removed entity cow from grid at 5, 20
Removed entity cow from grid at 16, 18
Removed entity cow from grid at 19, 43
Removed entity cow from grid at 8, 15
Removed entity cow from grid at 23, 36
Removed entity cow from grid at 12, 32
Removed entity cow from grid at 9, 28
Removed entity cow from grid at 10, 15
Removed entity cow from grid at 14, 18
Removed entity cow from grid at 12, 39
Removed entity cow from grid at 8, 41
Removed entity cow from grid at 0, 33
Removed entity human from grid at 6, 16
Removed entity cow from grid at 21, 33
Removed entity cow from grid at 10, 30
Removed entity cow from grid at 2, 22
Removed entity human from grid at 40, 47
Removed entity cow from grid at 20, 31
Removed entity wolf from grid at 2, 37
Removed entity cow from grid at 11, 38
Removed entity cow from grid at 3, 34
Removed entity wolf from grid at 44, 12
Removed entity cow from grid at 6, 30
Removed entity wolf from grid at 13, 0
Removed entity cow from grid at 20, 32
Added entity human at 41, 13
Added entity wolf at 5, 2
Added entity wolf at 5, 20
Added entity human at 24, 42
Added entity human at 46, 31
Added entity human at 37, 39
Removed entity wolf from grid at 33, 6
Added entity tree at 45, 25
Removed entity human from grid at 37, 39
Removed entity human from grid at 46, 31
Removed entity cow from grid at 25, 39
Removed entity cow from grid at 19, 36
Removed entity cow from grid at 11, 36
Removed entity cow from grid at 13, 11
Removed entity cow from grid at 26, 34
Removed entity human from grid at 32, 48
Removed entity cow from grid at 10, 40
Removed entity wolf from grid at 7, 22
Removed entity human from grid at 9, 15
Removed entity cow from grid at 23, 36
Removed entity cow from grid at 12, 32
Removed entity cow from grid at 10, 27
Removed entity cow from grid at 12, 18
Removed entity cow from grid at 11, 37
Removed entity cow from grid at 6, 41
Removed entity cow from grid at 0, 31
Removed entity cow from grid at 21, 33
Removed entity cow from grid at 21, 22
Removed entity cow from grid at 11, 30
Removed entity cow from grid at 4, 36
Removed entity wolf from grid at 44, 11
Removed entity cow from grid at 7, 31
Removed entity cow from grid at 12, 13
Added entity berry at 38, 2
Added entity wolf at 30, 9
Added entity human at 19, 25
Added entity human at 41, 37
Added entity human at 19, 10
Added entity human at 24, 12
Added entity human at 41, 30
Added entity human at 8, 5
Added entity human at 29, 25
Added entity human at 25, 26
Removed entity cow from grid at 15, 19
Removed entity human from grid at 8, 5
Removed entity human from grid at 41, 30
Removed entity human from grid at 24, 12
Removed entity human from grid at 41, 37
Added entity human at 42, 14
Added entity cow at 13, 19
Removed entity cow from grid at 24, 38
Removed entity cow from grid at 13, 23
Removed entity cow from grid at 12, 36
Removed entity cow from grid at 10, 12
Removed entity cow from grid at 1, 28
Removed entity cow from grid at 4, 19
Removed entity cow from grid at 15, 20
Added entity cow at 6, 22
Removed entity human from grid at 37, 36
Removed entity cow from grid at 13, 33
Removed entity cow from grid at 9, 27
Removed entity cow from grid at 9, 14
Removed entity cow from grid at 13, 19
Removed entity cow from grid at 13, 39
Removed entity cow from grid at 22, 20
Removed entity cow from grid at 20, 22
Removed entity cow from grid at 10, 32
Removed entity human from grid at 44, 42
Removed entity cow from grid at 4, 37
Removed entity cow from grid at 10, 37
Removed entity cow from grid at 6, 30
Removed entity cow from grid at 19, 32
Added entity wolf at 19, 5
Added entity wolf at 47, 10
Added entity human at 23, 32
Removed entity cow from grid at 14, 20
Added entity cow at 7, 23
Removed entity human from grid at 21, 10
Removed entity cow from grid at 17, 25
Added entity cow at 15, 35
Removed entity cow from grid at 18, 35
Removed entity cow from grid at 13, 23
Removed entity cow from grid at 11, 13
Removed entity cow from grid at 0, 28
Removed entity cow from grid at 6, 19
Removed entity cow from grid at 3, 20
Removed entity human from grid at 19, 11
Removed entity cow from grid at 18, 40
Removed entity cow from grid at 22, 37
Removed entity cow from grid at 13, 31
Removed entity cow from grid at 9, 29
Removed entity cow from grid at 10, 16
Removed entity cow from grid at 12, 19
Removed entity cow from grid at 13, 39
Removed entity cow from grid at 18, 31
Removed entity human from grid at 12, 10
Removed entity cow from grid at 6, 42
Removed entity cow from grid at 11, 31
Removed entity cow from grid at 1, 38
Removed entity cow from grid at 8, 30
Removed entity cow from grid at 13, 14
Removed entity cow from grid at 19, 33
Added entity human at 37, 21
Added entity human at 19, 36
Removed entity cow from grid at 17, 35
Removed entity cow from grid at 13, 24
Removed entity cow from grid at 13, 34
Removed entity human from grid at 17, 11
Removed entity human from grid at 9, 13
Removed entity human from grid at 19, 12
Removed entity cow from grid at 10, 40
Removed entity cow from grid at 5, 19
Removed entity cow from grid at 14, 21
Removed entity cow from grid at 13, 31
Removed entity cow from grid at 9, 27
Removed entity cow from grid at 13, 17
Removed entity cow from grid at 6, 42
Removed entity cow from grid at 19, 34
Removed entity cow from grid at 9, 32
Removed entity cow from grid at 3, 21
Removed entity wolf from grid at 1, 38
Removed entity cow from grid at 9, 36
Removed entity cow from grid at 1, 39
Removed entity human from grid at 36, 43
Removed entity cow from grid at 7, 29
Added entity wolf at 47, 10
Added entity human at 47, 40
Added entity human at 9, 21
House dying at 31, 33. Occupants: 1
Checking 30, 32: null
Added entity human at 30, 32
Ejected to 30, 32
Removed entity house from grid at 31, 33
Removed entity cow from grid at 13, 21
Removed entity cow from grid at 9, 22
Removed entity human from grid at 47, 40
Added entity cow at 16, 34
Removed entity wolf from grid at 43, 13
Removed entity cow from grid at 17, 22
Added entity cow at 10, 25
Removed entity cow from grid at 17, 35
Removed entity cow from grid at 8, 12
Removed entity cow from grid at 1, 27
Removed entity cow from grid at 6, 20
Removed entity cow from grid at 3, 19
Removed entity cow from grid at 17, 40
Removed entity cow from grid at 11, 29
Removed entity cow from grid at 9, 17
Removed entity cow from grid at 14, 38
Removed entity cow from grid at 9, 32
Removed entity cow from grid at 2, 20
Removed entity cow from grid at 17, 34
Removed entity cow from grid at 8, 36
Removed entity cow from grid at 6, 29
Removed entity cow from grid at 9, 14
Removed entity wolf from grid at 32, 8
Added entity wolf at 45, 5
Added entity wolf at 28, 6
Added entity human at 11, 18
Added entity human at 32, 45
Added entity human at 30, 25
Added entity human at 20, 12
Added entity human at 14, 23
Removed entity human from grid at 20, 12
Removed entity cow from grid at 10, 18
Added entity cow at 15, 33
Removed entity cow from grid at 12, 21
Removed entity cow from grid at 13, 35
Removed entity cow from grid at 7, 13
Removed entity cow from grid at 1, 29
Removed entity cow from grid at 6, 21
Removed entity cow from grid at 3, 19
Removed entity cow from grid at 11, 31
Removed entity cow from grid at 10, 27
Removed entity cow from grid at 8, 17
Removed entity cow from grid at 14, 36
Removed entity cow from grid at 16, 36
Removed entity cow from grid at 0, 35
Removed entity cow from grid at 1, 39
Removed entity cow from grid at 7, 11
Added entity berry at 10, 11
Removed entity cow from grid at 8, 37
Removed entity cow from grid at 7, 31
Removed entity cow from grid at 11, 16
Removed entity cow from grid at 16, 34
Added entity berry at 2, 14
Added entity wolf at 24, 46
Added entity wolf at 18, 1
Removed entity wolf from grid at 35, 12
Added entity human at 49, 27
House dying at 44, 34. Occupants: 2
Checking 43, 33: null
Added entity human at 43, 33
Ejected to 43, 33
Checking 43, 33: [object Object]
Checking 43, 34: null
Added entity human at 43, 34
Ejected to 43, 34
Removed entity house from grid at 44, 34
Removed entity human from grid at 49, 27
Added entity cow at 14, 32
Removed entity human from grid at 32, 46
Added entity cow at 9, 26
Removed entity cow from grid at 9, 23
Removed entity cow from grid at 16, 37
Removed entity cow from grid at 17, 24
Removed entity cow from grid at 14, 34
Added entity cow at 5, 30
Removed entity human from grid at 26, 44
Removed entity cow from grid at 8, 41
Removed entity cow from grid at 0, 27
Removed entity cow from grid at 4, 19
Removed entity cow from grid at 12, 20
Removed entity cow from grid at 16, 40
Added entity cow at 4, 16
Removed entity cow from grid at 11, 28
Removed entity wolf from grid at 48, 36
Removed entity cow from grid at 8, 15
Removed entity cow from grid at 0, 35
Removed entity cow from grid at 16, 30
Removed entity cow from grid at 8, 37
Removed entity cow from grid at 6, 29
Removed entity wolf from grid at 42, 11
Added entity wolf at 42, 11
Added entity wolf at 28, 3
Added entity wolf at 14, 3
Added entity human at 4, 11
House dying at 35, 43. Occupants: 2
Checking 34, 42: [object Object]
Checking 34, 43: null
Added entity human at 34, 43
Ejected to 34, 43
Checking 34, 42: [object Object]
Checking 34, 43: [object Object]
Checking 34, 44: null
Added entity human at 34, 44
Ejected to 34, 44
Removed entity house from grid at 35, 43
Removed entity human from grid at 4, 11
Added entity cow at 10, 27
Added entity cow at 13, 33
Removed entity wolf from grid at 41, 13
Added entity berry at 16, 37
Removed entity wolf from grid at 15, 2
Removed entity human from grid at 8, 12
Added entity wolf at 37, 7
Added entity wolf at 44, 12
Added entity wolf at 33, 22
Removed entity wolf from grid at 37, 7
Added entity human at 9, 35
House dying at 43, 26. Occupants: 0
Removed entity house from grid at 43, 26
House dying at 28, 42. Occupants: 1
Checking 27, 41: null
Added entity human at 27, 41
Ejected to 27, 41
Removed entity house from grid at 28, 42
Added entity cow at 11, 28
Removed entity human from grid at 5, 15
Removed entity human from grid at 6, 13
Removed entity wolf from grid at 40, 11
Removed entity berry from grid at 2, 14
Added entity wolf at 30, 3
Added entity wolf at 32, 7
Added entity wolf at 20, 2
Added entity wolf at 32, 23
Added entity wolf at 1, 7
Added entity human at 24, 10
Added entity human at 25, 18
Added entity human at 9, 2
Removed entity human from grid at 9, 2
Removed entity human from grid at 25, 18
Added entity cow at 10, 29
Added entity cow at 6, 31
Removed entity wolf from grid at 44, 12
Added entity cow at 3, 14
Removed entity human from grid at 36, 23
Removed entity human from grid at 35, 21
Removed entity wolf from grid at 1, 41
Removed entity cow from grid at 7, 40
Removed entity cow from grid at 0, 38
Removed entity cow from grid at 17, 41
Removed entity wolf from grid at 27, 44
Removed entity human from grid at 6, 16
Removed entity human from grid at 7, 5
Removed entity cow from grid at 17, 35
Added entity wolf at 48, 13
Added entity wolf at 28, 22
Added entity human at 2, 10
Removed entity human from grid at 31, 25
Added entity human at 32, 25
Removed entity wolf from grid at 34, 4
House dying at 15, 26. Occupants: 0
Removed entity house from grid at 15, 26
Removed entity human from grid at 32, 25
Removed entity human from grid at 2, 10
Added entity cow at 12, 32
Removed entity human from grid at 21, 23
Removed entity cow from grid at 8, 39
Removed entity cow from grid at 6, 42
Added entity cow at 1, 20
Removed entity cow from grid at 2, 43
Removed entity wolf from grid at 19, 1
Removed entity wolf from grid at 1, 18
Removed entity cow from grid at 1, 41
Removed entity cow from grid at 6, 40
Removed entity human from grid at 23, 24
Removed entity wolf from grid at 49, 33
Removed entity cow from grid at 1, 31
Added entity wolf at 46, 9
Added entity wolf at 40, 4
Added entity wolf at 38, 1
Added entity wolf at 31, 21
Added entity wolf at 44, 47
Added entity human at 42, 42
Added entity human at 32, 47
Added entity human at 24, 12
Removed entity wolf from grid at 34, 21
Removed entity human from grid at 23, 8
Removed entity wolf from grid at 34, 4
House dying at 23, 14. Occupants: 2
Checking 22, 13: null
Added entity human at 22, 13
Ejected to 22, 13
Checking 22, 13: [object Object]
Checking 22, 14: null
Added entity human at 22, 14
Ejected to 22, 14
Removed entity house from grid at 23, 14
Added entity cow at 7, 30
Added entity cow at 11, 30
Removed entity cow from grid at 9, 36
Added entity cow at 3, 15
Added entity cow at 8, 24
Removed entity wolf from grid at 27, 22
Removed entity cow from grid at 7, 42
Removed entity cow from grid at 2, 26
Added entity berry at 35, 30
Removed entity cow from grid at 9, 25
Removed entity cow from grid at 7, 24
Removed entity cow from grid at 3, 44
Removed entity cow from grid at 1, 35
Removed entity wolf from grid at 18, 0
Removed entity cow from grid at 4, 34
Removed entity cow from grid at 2, 39
Removed entity cow from grid at 3, 31
Removed entity wolf from grid at 41, 6
Added entity wolf at 40, 10
Added entity wolf at 24, 0
Added entity wolf at 37, 0
Added entity human at 14, 14
Added entity human at 17, 22
House dying at 33, 44. Occupants: 2
Checking 32, 43: null
Added entity human at 32, 43
Ejected to 32, 43
Checking 32, 43: [object Object]
Checking 32, 44: [object Object]
Checking 32, 45: null
Added entity human at 32, 45
Ejected to 32, 45
Removed entity house from grid at 33, 44
House dying at 24, 25. Occupants: 2
Checking 23, 24: null
Added entity human at 23, 24
Ejected to 23, 24
Checking 23, 24: [object Object]
Checking 23, 25: null
Added entity human at 23, 25
Ejected to 23, 25
Removed entity house from grid at 24, 25
House dying at 32, 39. Occupants: 2
Checking 31, 38: null
Added entity human at 31, 38
Ejected to 31, 38
Checking 31, 38: [object Object]
Checking 31, 39: [object Object]
Checking 31, 40: [object Object]
Checking 32, 38: null
Added entity human at 32, 38
Ejected to 32, 38
Removed entity house from grid at 32, 39
House dying at 17, 38. Occupants: 1
Checking 16, 37: [object Object]
Checking 16, 38: [object Object]
Checking 16, 39: null
Added entity human at 16, 39
Ejected to 16, 39
Removed entity house from grid at 17, 38
Added entity cow at 10, 31
Removed entity human from grid at 32, 48
Added entity cow at 2, 21
Added entity cow at 13, 31
Removed entity cow from grid at 8, 35
Removed entity human from grid at 29, 48
Removed entity cow from grid at 1, 28
Removed entity wolf from grid at 42, 37
Removed entity cow from grid at 10, 24
Removed entity cow from grid at 8, 25
Removed entity cow from grid at 3, 44
Removed entity cow from grid at 1, 35
Removed entity cow from grid at 4, 32
Removed entity cow from grid at 3, 31
Removed entity wolf from grid at 40, 8
Removed entity human from grid at 29, 25
Added entity wolf at 42, 3
Added entity wolf at 30, 6
Added entity human at 46, 18
Removed entity wolf from grid at 32, 7
House dying at 4, 30. Occupants: 2
Checking 3, 29: null
Added entity human at 3, 29
Ejected to 3, 29
Checking 3, 29: [object Object]
Checking 3, 30: null
Added entity human at 3, 30
Ejected to 3, 30
Removed entity house from grid at 4, 30
House dying at 28, 26. Occupants: 2
Checking 27, 25: null
Added entity human at 27, 25
Ejected to 27, 25
Checking 27, 25: [object Object]
Checking 27, 26: null
Added entity human at 27, 26
Ejected to 27, 26
Removed entity house from grid at 28, 26
House dying at 7, 10. Occupants: 2
Checking 6, 9: null
Added entity human at 6, 9
Ejected to 6, 9
Checking 6, 9: [object Object]
Checking 6, 10: null
Added entity human at 6, 10
Ejected to 6, 10
Removed entity house from grid at 7, 10
Removed entity human from grid at 2, 12
Removed entity human from grid at 6, 10
Removed entity cow from grid at 4, 28
Added entity cow at 14, 30
Added entity cow at 9, 30
Added entity cow at 9, 25
Added entity cow at 6, 31
Removed entity human from grid at 42, 43
Removed entity cow from grid at 28, 46
Removed entity wolf from grid at 29, 23
Removed entity wolf from grid at 45, 10
Removed entity cow from grid at 4, 43
Removed entity cow from grid at 9, 25
Removed entity cow from grid at 6, 25
Removed entity cow from grid at 2, 43
Removed entity cow from grid at 5, 32
Removed entity cow from grid at 3, 39
Removed entity wolf from grid at 49, 36
Removed entity human from grid at 47, 20
Added entity wolf at 33, 12
Added entity wolf at 41, 7
Added entity wolf at 30, 4
Added entity wolf at 44, 0
Added entity wolf at 1, 24
Added entity human at 13, 16
Removed entity wolf from grid at 32, 5
Removed entity human from grid at 33, 47
Added entity cow at 4, 14
Removed entity human from grid at 24, 12
Removed entity human from grid at 2, 26
Removed entity human from grid at 10, 25
Removed entity human from grid at 7, 25
Removed entity wolf from grid at 29, 6
Removed entity wolf from grid at 33, 48
Removed entity wolf from grid at 44, 6
Added entity wolf at 38, 11
Added entity human at 11, 16
Added entity human at 47, 18
Removed entity wolf from grid at 41, 9
Added entity human at 22, 17
House dying at 34, 48. Occupants: 1
Checking 33, 47: [object Object]
Checking 33, 48: null
Added entity human at 33, 48
Ejected to 33, 48
Removed entity house from grid at 34, 48
Removed entity human from grid at 33, 48
Added entity cow at 10, 29
Added entity cow at 13, 29
Removed entity human from grid at 45, 18
Added entity cow at 1, 20
Removed entity cow from grid at 11, 18
Added entity cow at 4, 13
Removed entity cow from grid at 8, 33
Removed entity cow from grid at 7, 20
Removed entity cow from grid at 5, 17
Removed entity wolf from grid at 44, 11
Removed entity cow from grid at 6, 15
Removed entity cow from grid at 6, 33
Removed entity cow from grid at 5, 13
Removed entity cow from grid at 9, 16
Removed entity cow from grid at 2, 13
Removed entity cow from grid at 4, 43
Removed entity cow from grid at 3, 37
Removed entity cow from grid at 1, 42
Removed entity cow from grid at 1, 34
Removed entity berry from grid at 3, 2
Added entity wolf at 46, 9
Added entity berry at 35, 13
Added entity human at 5, 25
Added entity human at 17, 12
Added entity human at 47, 38
Removed entity wolf from grid at 32, 17
Removed entity wolf from grid at 32, 4
Added entity tree at 31, 36
House dying at 16, 48. Occupants: 1
Checking 15, 47: null
Added entity human at 15, 47
Ejected to 15, 47
Removed entity house from grid at 16, 48
Removed entity human from grid at 47, 38
Removed entity human from grid at 5, 25
Added entity cow at 0, 21
Added entity cow at 7, 32
Removed entity tree from grid at 1, 26
Removed entity tree from grid at 25, 12
Added entity house at 6, 34
Removed entity tree from grid at 26, 45
Removed entity tree from grid at 26, 47
Removed entity tree from grid at 28, 17
Added entity human at 25, 48
Added entity human at 4, 37
Added entity human at 1, 34
Added entity cow at 2, 25
Added entity wolf at 21, 32
Added entity human at 22, 17
House dying at 15, 48. Occupants: 0
Removed entity house from grid at 15, 48
Added entity cow at 1, 26
Removed entity tree from grid at 35, 17
Removed entity cow from grid at 1, 26
Removed entity cow from grid at 20, 42
Removed entity cow from grid at 7, 32
Removed entity human from grid at 9, 18
Removed entity cow from grid at 5, 11
Removed entity human from grid at 21, 31
Removed entity cow from grid at 8, 35
Removed entity cow from grid at 4, 20
Removed entity cow from grid at 11, 12
Removed entity cow from grid at 4, 16
Removed entity cow from grid at 3, 42
Removed entity cow from grid at 6, 19
Removed entity cow from grid at 3, 29
Removed entity cow from grid at 2, 19
Removed entity human from grid at 24, 34
Removed entity wolf from grid at 29, 4
Removed entity wolf from grid at 41, 6
Removed entity human from grid at 20, 8
Removed entity cow from grid at 3, 10
Added entity wolf at 35, 5
Added entity wolf at 37, 0
Added entity wolf at 3, 1
Added entity wolf at 33, 10
House dying at 16, 25. Occupants: 2
Checking 15, 24: null
Added entity human at 15, 24
Ejected to 15, 24
Checking 15, 24: [object Object]
Checking 15, 25: null
Added entity human at 15, 25
Ejected to 15, 25
Removed entity house from grid at 16, 25
House dying at 9, 6. Occupants: 2
Checking 8, 5: null
Added entity human at 8, 5
Ejected to 8, 5
Checking 8, 5: [object Object]
Checking 8, 6: null
Added entity human at 8, 6
Ejected to 8, 6
Removed entity house from grid at 9, 6
House dying at 29, 49. Occupants: 1
Checking 28, 48: null
Added entity human at 28, 48
Ejected to 28, 48
Removed entity house from grid at 29, 49
House dying at 48, 25. Occupants: 2
Checking 47, 24: null
Added entity human at 47, 24
Ejected to 47, 24
Checking 47, 24: [object Object]
Checking 47, 25: null
Added entity human at 47, 25
Ejected to 47, 25
Removed entity house from grid at 48, 25
Added entity cow at 5, 15
Removed entity wolf from grid at 33, 42
Removed entity human from grid at 8, 21
Removed entity human from grid at 20, 36
Removed entity human from grid at 25, 32
Removed entity wolf from grid at 2, 9
Added entity wolf at 31, 11
Added entity wolf at 37, 7
Added entity human at 23, 14
Added entity human at 32, 29
Added entity human at 14, 23
House dying at 35, 49. Occupants: 0
Removed entity house from grid at 35, 49
House dying at 29, 30. Occupants: 2
Checking 28, 29: null
Added entity human at 28, 29
Ejected to 28, 29
Checking 28, 29: [object Object]
Checking 28, 30: null
Added entity human at 28, 30
Ejected to 28, 30
Removed entity house from grid at 29, 30
Added entity cow at 4, 16
Removed entity human from grid at 22, 26
Removed entity human from grid at 21, 35
Removed entity wolf from grid at 3, 22
Removed entity tree from grid at 4, 42
Removed entity wolf from grid at 30, 3
Removed entity wolf from grid at 26, 4
Removed entity wolf from grid at 37, 11
House dying at 10, 36. Occupants: 1
Checking 9, 35: null
Added entity human at 9, 35
Ejected to 9, 35
Removed entity house from grid at 10, 36
Removed entity tree from grid at 18, 42
Added entity cow at 14, 28
Removed entity tree from grid at 29, 43
Removed entity tree from grid at 31, 40
Removed entity tree from grid at 10, 9
Added entity human at 20, 39
Removed entity cow from grid at 4, 32
Removed entity tree from grid at 29, 16
Removed entity wolf from grid at 31, 5
Added entity human at 24, 22
Added entity wolf at 40, 10
Added entity wolf at 37, 0
Added entity wolf at 46, 1
Added entity wolf at 45, 12
Added entity human at 44, 39
Removed entity human from grid at 44, 39
Added entity human at 19, 38
Removed entity human from grid at 24, 14
Removed entity human from grid at 14, 26
Added entity cow at 5, 12
Removed entity tree from grid at 2, 28
Removed entity human from grid at 4, 32
Added entity house at 27, 45
Removed entity human from grid at 40, 34
Removed entity human from grid at 34, 47
Added entity human at 33, 12
Added entity human at 3, 17
Added entity human at 48, 22
House dying at 13, 22. Occupants: 0
Removed entity house from grid at 13, 22
House dying at 13, 30. Occupants: 2
Checking 12, 29: [object Object]
Checking 12, 30: [object Object]
Checking 12, 31: null
Added entity human at 12, 31
Ejected to 12, 31
Checking 12, 29: [object Object]
Checking 12, 30: [object Object]
Checking 12, 31: [object Object]
Checking 13, 29: [object Object]
Checking 13, 31: [object Object]
Checking 14, 29: null
Added entity human at 14, 29
Ejected to 14, 29
Removed entity house from grid at 13, 30
House dying at 5, 8. Occupants: 2
Checking 4, 7: null
Added entity human at 4, 7
Ejected to 4, 7
Checking 4, 7: [object Object]
Checking 4, 8: null
Added entity human at 4, 8
Ejected to 4, 8
Removed entity house from grid at 5, 8
Added entity cow at 6, 11
Added entity cow at 15, 27
Removed entity human from grid at 11, 33
Removed entity human from grid at 15, 23
Added entity human at 3, 28
Added entity cow at 9, 30
Removed entity human from grid at 19, 30
Removed entity tree from grid at 17, 26
Added entity house at 7, 10
Removed entity berry from grid at 16, 37
Removed entity human from grid at 8, 9
Removed entity tree from grid at 27, 30
Removed entity human from grid at 18, 26
Added entity wolf at 18, 4
Added entity wolf at 36, 8
Added entity wolf at 30, 22
Added entity human at 5, 19
Added entity human at 24, 42
Removed entity wolf from grid at 32, 13
Added entity human at 48, 22
Removed entity wolf from grid at 39, 11
House dying at 9, 10. Occupants: 1
Checking 8, 9: null
Added entity human at 8, 9
Ejected to 8, 9
Removed entity house from grid at 9, 10
Removed entity human from grid at 8, 9
Added entity cow at 16, 26
Removed entity human from grid at 48, 21
Removed entity human from grid at 32, 27
Removed entity wolf from grid at 4, 1
Removed entity wolf from grid at 42, 41
Removed entity wolf from grid at 29, 2
Added entity wolf at 34, 3
Added entity wolf at 45, 12
Added entity wolf at 34, 11
Added entity wolf at 20, 32
Added entity human at 41, 19
Added entity human at 35, 35
House dying at 21, 20. Occupants: 1
Checking 20, 19: null
Added entity human at 20, 19
Ejected to 20, 19
Removed entity house from grid at 21, 20
House dying at 33, 28. Occupants: 2
Checking 32, 27: null
Added entity human at 32, 27
Ejected to 32, 27
Checking 32, 27: [object Object]
Checking 32, 28: [object Object]
Checking 32, 29: null
Added entity human at 32, 29
Ejected to 32, 29
Removed entity house from grid at 33, 28
House dying at 36, 38. Occupants: 2
Checking 35, 37: [object Object]
Checking 35, 38: null
Added entity human at 35, 38
Ejected to 35, 38
Checking 35, 37: [object Object]
Checking 35, 38: [object Object]
Checking 35, 39: null
Added entity human at 35, 39
Ejected to 35, 39
Removed entity house from grid at 36, 38
House dying at 36, 45. Occupants: 2
Checking 35, 44: null
Added entity human at 35, 44
Ejected to 35, 44
Checking 35, 44: [object Object]
Checking 35, 45: null
Added entity human at 35, 45
Ejected to 35, 45
Removed entity house from grid at 36, 45
Added entity cow at 15, 25
Removed entity wolf from grid at 34, 11
Removed entity cow from grid at 7, 9
Removed entity wolf from grid at 4, 1
Removed entity human from grid at 19, 30
Removed entity human from grid at 37, 26
Removed entity wolf from grid at 27, 2
Added entity wolf at 32, 13
Added entity wolf at 30, 22
Added entity human at 27, 18
House dying at 23, 16. Occupants: 1
Checking 22, 15: null
Added entity human at 22, 15
Ejected to 22, 15
Removed entity house from grid at 23, 16
House dying at 6, 49. Occupants: 0
Removed entity house from grid at 6, 49
House dying at 5, 36. Occupants: 2
Checking 4, 35: null
Added entity human at 4, 35
Ejected to 4, 35
Checking 4, 35: [object Object]
Checking 4, 36: null
Added entity human at 4, 36
Ejected to 4, 36
Removed entity house from grid at 5, 36
Removed entity human from grid at 27, 18
Added entity cow at 14, 26
Removed entity human from grid at 16, 31
Added entity cow at 5, 15
Removed entity wolf from grid at 23, 31
Removed entity wolf from grid at 45, 9
Added entity tree at 2, 22
Removed entity cow from grid at 17, 31
Removed entity wolf from grid at 29, 2
Added entity wolf at 35, 5
Added entity wolf at 47, 11
Added entity wolf at 31, 5
Added entity wolf at 46, 11
Added entity wolf at 49, 10
Added entity wolf at 44, 9
Removed entity wolf from grid at 39, 7
House dying at 47, 30. Occupants: 2
Checking 46, 29: null
Added entity human at 46, 29
Ejected to 46, 29
Checking 46, 29: [object Object]
Checking 46, 30: null
Added entity human at 46, 30
Ejected to 46, 30
Removed entity house from grid at 47, 30
Added entity cow at 6, 14
Added entity cow at 13, 27
Removed entity human from grid at 35, 47
Removed entity wolf from grid at 42, 45
Removed entity wolf from grid at 43, 9
Removed entity tree from grid at 2, 22
Removed entity wolf from grid at 29, 4
Added entity wolf at 38, 1
Added entity wolf at 28, 8
Removed entity human from grid at 48, 21
Added entity human at 32, 47
Added entity human at 10, 13
Added entity human at 21, 10
Added entity human at 24, 20
Removed entity wolf from grid at 39, 7
Removed entity human from grid at 24, 20
Removed entity human from grid at 21, 10
Added entity cow at 12, 28
Added entity cow at 7, 13
Removed entity human from grid at 14, 37
Removed entity wolf from grid at 29, 19
Removed entity human from grid at 21, 47
Removed entity wolf from grid at 16, 41
Added entity tree at 15, 37
Removed entity cow from grid at 16, 37
Added entity human at 15, 38
Removed entity human from grid at 12, 36
Removed entity wolf from grid at 22, 0
Removed entity human from grid at 18, 40
Added entity wolf at 48, 7
Added entity wolf at 11, 1
Added entity wolf at 44, 48
Added entity wolf at 2, 34
Removed entity human from grid at 39, 20
Added entity human at 10, 42
Removed entity wolf from grid at 40, 8
House dying at 19, 16. Occupants: 2
Checking 18, 15: null
Added entity human at 18, 15
Ejected to 18, 15
Checking 18, 15: [object Object]
Checking 18, 16: null
Added entity human at 18, 16
Ejected to 18, 16
Removed entity house from grid at 19, 16
House dying at 9, 12. Occupants: 2
Checking 8, 11: [object Object]
Checking 8, 12: null
Added entity human at 8, 12
Ejected to 8, 12
Checking 8, 11: [object Object]
Checking 8, 12: [object Object]
Checking 8, 13: null
Added entity human at 8, 13
Ejected to 8, 13
Removed entity house from grid at 9, 12
House dying at 48, 28. Occupants: 1
Checking 47, 27: [object Object]
Checking 47, 28: null
Added entity human at 47, 28
Ejected to 47, 28
Removed entity house from grid at 48, 28
Added entity cow at 13, 29
Added entity cow at 10, 31
Removed entity wolf from grid at 0, 2
Removed entity human from grid at 38, 48
Removed entity cow from grid at 4, 3
Removed entity human from grid at 6, 33
Removed entity wolf from grid at 2, 0
Removed entity wolf from grid at 44, 47
Removed entity wolf from grid at 2, 2
Removed entity wolf from grid at 0, 2
Removed entity wolf from grid at 21, 0
Added entity wolf at 34, 8
Added entity human at 19, 25
Added entity human at 9, 27
Added entity human at 23, 12
Removed entity wolf from grid at 33, 12
Added entity human at 37, 45
Added entity human at 7, 15
House dying at 13, 26. Occupants: 1
Checking 12, 25: null
Added entity human at 12, 25
Ejected to 12, 25
Removed entity house from grid at 13, 26
House dying at 36, 36. Occupants: 1
Checking 35, 35: null
Added entity human at 35, 35
Ejected to 35, 35
Removed entity house from grid at 36, 36
House dying at 21, 13. Occupants: 1
Checking 20, 12: null
Added entity human at 20, 12
Ejected to 20, 12
Removed entity house from grid at 21, 13
Removed entity human from grid at 37, 45
Removed entity cow from grid at 9, 26
Added entity cow at 9, 32
Removed entity wolf from grid at 41, 47
Removed entity cow from grid at 7, 18
Removed entity human from grid at 7, 34
Removed entity cow from grid at 1, 16
Removed entity tree from grid at 36, 10
Removed entity cow from grid at 7, 36
Removed entity cow from grid at 3, 7
Removed entity cow from grid at 4, 12
Removed entity cow from grid at 5, 7
Removed entity cow from grid at 1, 12
Removed entity wolf from grid at 44, 46
Removed entity wolf from grid at 42, 47
Removed entity cow from grid at 1, 18
Removed entity cow from grid at 0, 10
Removed entity cow from grid at 3, 21
Removed entity cow from grid at 3, 24
Removed entity cow from grid at 6, 15
Removed entity cow from grid at 12, 42
Removed entity cow from grid at 11, 34
Removed entity cow from grid at 1, 15
Removed entity cow from grid at 17, 31
Removed entity cow from grid at 3, 20
Removed entity wolf from grid at 31, 15
Removed entity cow from grid at 15, 34
Added entity human at 9, 37
Added entity human at 44, 41
House dying at 11, 6. Occupants: 2
Checking 10, 5: null
Added entity human at 10, 5
Ejected to 10, 5
Checking 10, 5: [object Object]
Checking 10, 6: null
Added entity human at 10, 6
Ejected to 10, 6
Removed entity house from grid at 11, 6
House dying at 24, 15. Occupants: 2
Checking 23, 14: null
Added entity human at 23, 14
Ejected to 23, 14
Checking 23, 14: [object Object]
Checking 23, 15: null
Added entity human at 23, 15
Ejected to 23, 15
Removed entity house from grid at 24, 15
Added entity tree at 22, 13
Added entity cow at 10, 33
Added entity cow at 14, 28
Added entity human at 16, 35
Removed entity wolf from grid at 40, 48
Removed entity human from grid at 4, 6
Added entity human at 13, 41
Removed entity cow from grid at 5, 0
Removed entity cow from grid at 9, 33
Removed entity wolf from grid at 29, 5
Removed entity tree from grid at 1, 5
Added entity wolf at 30, 6
Added entity human at 9, 23
Added entity human at 45, 45
Added entity human at 19, 11
House dying at 39, 48. Occupants: 2
Checking 38, 47: null
Added entity human at 38, 47
Ejected to 38, 47
Checking 38, 47: [object Object]
Checking 38, 48: null
Added entity human at 38, 48
Ejected to 38, 48
Removed entity house from grid at 39, 48
Added entity cow at 1, 48
Added entity cow at 2, 47
Removed entity human from grid at 45, 45
Added entity tree at 9, 22
Added entity human at 17, 34
Added entity cow at 15, 29
Added entity cow at 9, 34
Removed entity tree from grid at 11, 7
Removed entity tree from grid at 7, 27
Added entity human at 36, 11
Added entity human at 8, 35
Removed entity human from grid at 42, 42
Removed entity wolf from grid at 44, 8
Removed entity tree from grid at 0, 9
Added entity house at 27, 42
Added entity human at 3, 5
Removed entity wolf from grid at 42, 49
Removed entity tree from grid at 19, 42
Removed entity tree from grid at 15, 37
Added entity human at 20, 37
Removed entity tree from grid at 0, 14
Removed entity cow from grid at 9, 34
Removed entity wolf from grid at 34, 14
Removed entity human from grid at 48, 42
Added entity wolf at 33, 21
Added entity wolf at 42, 49
Added entity human at 46, 18
House dying at 8, 22. Occupants: 2
Checking 7, 21: null
Added entity human at 7, 21
Ejected to 7, 21
Checking 7, 21: [object Object]
Checking 7, 22: [object Object]
Checking 7, 23: null
Added entity human at 7, 23
Ejected to 7, 23
Removed entity house from grid at 8, 22
Added entity tree at 8, 22
Added entity tree at 7, 20
Added entity tree at 20, 36
Added entity tree at 2, 4
Added entity tree at 7, 34
Added entity tree at 36, 10
Added entity cow at 16, 28
Added entity human at 16, 33
Added entity cow at 3, 46
Added entity house at 11, 5
Added entity cow at 6, 12
Removed entity tree from grid at 8, 8
Removed entity human from grid at 7, 38
Removed entity tree from grid at 7, 34
Removed entity cow from grid at 18, 27
Added entity human at 5, 11
Removed entity wolf from grid at 15, 0
Removed entity tree from grid at 29, 42
Added entity human at 4, 5
Removed entity cow from grid at 9, 41
Added entity house at 14, 46
Removed entity human from grid at 12, 41
Added entity wolf at 24, 2
Added entity wolf at 13, 2
Added entity wolf at 47, 11
Added entity wolf at 15, 16
Added entity wolf at 28, 8
Added entity human at 22, 17
Added entity human at 41, 19
Removed entity human from grid at 41, 20
Added entity human at 21, 10
House dying at 23, 19. Occupants: 2
Checking 22, 18: null
Added entity human at 22, 18
Ejected to 22, 18
Checking 22, 18: [object Object]
Checking 22, 19: null
Added entity human at 22, 19
Ejected to 22, 19
Removed entity house from grid at 23, 19
House dying at 11, 11. Occupants: 2
Checking 10, 10: null
Added entity human at 10, 10
Ejected to 10, 10
Checking 10, 10: [object Object]
Checking 10, 11: [object Object]
Checking 10, 12: [object Object]
Checking 11, 10: null
Added entity human at 11, 10
Ejected to 11, 10
Removed entity house from grid at 11, 11
House dying at 20, 11. Occupants: 2
Checking 19, 10: null
Added entity human at 19, 10
Ejected to 19, 10
Checking 19, 10: [object Object]
Checking 19, 11: null
Added entity human at 19, 11
Ejected to 19, 11
Removed entity house from grid at 20, 11
House dying at 25, 33. Occupants: 2
Checking 24, 32: [object Object]
Checking 24, 33: [object Object]
Checking 24, 34: null
Added entity human at 24, 34
Ejected to 24, 34
Checking 24, 32: [object Object]
Checking 24, 33: [object Object]
Checking 24, 34: [object Object]
Checking 25, 32: null
Added entity human at 25, 32
Ejected to 25, 32
Removed entity house from grid at 25, 33
House dying at 43, 40. Occupants: 2
Checking 42, 39: null
Added entity human at 42, 39
Ejected to 42, 39
Checking 42, 39: [object Object]
Checking 42, 40: null
Added entity human at 42, 40
Ejected to 42, 40
Removed entity house from grid at 43, 40
House dying at 22, 31. Occupants: 2
Checking 21, 30: null
Added entity human at 21, 30
Ejected to 21, 30
Checking 21, 30: [object Object]
Checking 21, 31: null
Added entity human at 21, 31
Ejected to 21, 31
Removed entity house from grid at 22, 31
Added entity tree at 20, 29
Added entity tree at 26, 31
Added entity tree at 25, 33
Removed entity human from grid at 19, 11
Removed entity human from grid at 19, 10
Removed entity human from grid at 22, 19
Removed entity human from grid at 22, 17
Added entity human at 3, 6
Added entity cow at 7, 11
Added entity cow at 2, 45
Added entity human at 15, 32
Added entity cow at 17, 27
Added entity human at 19, 38
Added entity human at 4, 6
Added entity human at 35, 12
Removed entity human from grid at 39, 49
Removed entity human from grid at 9, 23
Added entity human at 15, 37
Removed entity human from grid at 11, 6
Added entity house at 26, 9
Removed entity human from grid at 25, 10
Removed entity cow from grid at 13, 33
Added entity tree at 26, 2
Removed entity cow from grid at 16, 45
Removed entity cow from grid at 4, 11
Added entity berry at 29, 45
Added entity house at 18, 8
Removed entity human from grid at 47, 46
Removed entity tree from grid at 23, 33
Removed entity human from grid at 14, 43
Removed entity human from grid at 48, 19
Removed entity human from grid at 2, 6
Added entity wolf at 39, 13
Added entity human at 3, 23
House dying at 8, 14. Occupants: 1
Checking 7, 13: [object Object]
Checking 7, 14: [object Object]
Checking 7, 15: null
Added entity human at 7, 15
Ejected to 7, 15
Removed entity house from grid at 8, 14
House dying at 21, 11. Occupants: 2
Checking 20, 10: null
Added entity human at 20, 10
Ejected to 20, 10
Checking 20, 10: [object Object]
Checking 20, 11: null
Added entity human at 20, 11
Ejected to 20, 11
Removed entity house from grid at 21, 11
House dying at 7, 6. Occupants: 2
Checking 6, 5: null
Added entity human at 6, 5
Ejected to 6, 5
Checking 6, 5: [object Object]
Checking 6, 6: null
Added entity human at 6, 6
Ejected to 6, 6
Removed entity house from grid at 7, 6
House dying at 5, 14. Occupants: 2
Checking 4, 13: [object Object]
Checking 4, 14: [object Object]
Checking 4, 15: null
Added entity human at 4, 15
Ejected to 4, 15
Checking 4, 13: [object Object]
Checking 4, 14: [object Object]
Checking 4, 15: [object Object]
Checking 5, 13: [object Object]
Checking 5, 15: [object Object]
Checking 6, 13: [object Object]
Checking 6, 14: null
Added entity human at 6, 14
Ejected to 6, 14
Removed entity house from grid at 5, 14
Removed entity cow from grid at 13, 9
Removed entity human from grid at 20, 10
Removed entity cow from grid at 4, 23
Added entity human at 14, 38
Added entity human at 18, 39
Added entity human at 14, 31
Added entity cow at 1, 44
New Faction TEAL_631 registered with traits: {
  moveSpeed: [33m1.0484554189309487[39m,
  hungerRate: [33m0.9501273482621516[39m,
  visionRadius: [33m1.0466089790238784[39m,
  aggression: [33m0.903072284947726[39m
}
Societal Split! BLUE -> TEAL_631 (Threshold: 6)
Added entity human at 8, 11
Removed entity human from grid at 21, 10
Removed entity tree from grid at 7, 20
Removed entity human from grid at 22, 12
Removed entity human from grid at 26, 8
Removed entity human from grid at 11, 13
Removed entity human from grid at 6, 7
Removed entity tree from grid at 22, 13
Removed entity tree from grid at 4, 46
Added entity cow at 5, 12
Removed entity cow from grid at 2, 10
Removed entity cow from grid at 10, 34
Removed entity human from grid at 18, 7
Removed entity human from grid at 10, 5
Removed entity wolf from grid at 44, 9
Removed entity human from grid at 16, 46
Removed entity human from grid at 12, 39
Removed entity cow from grid at 12, 44
Added entity wolf at 37, 11
Added entity wolf at 48, 6
Added entity wolf at 0, 6
Added entity wolf at 29, 19
Added entity wolf at 0, 15
Added entity human at 15, 14
Added entity human at 15, 8
House dying at 38, 46. Occupants: 2
Checking 37, 45: null
Added entity human at 37, 45
Ejected to 37, 45
Checking 37, 45: [object Object]
Checking 37, 46: null
Added entity human at 37, 46
Ejected to 37, 46
Removed entity house from grid at 38, 46
Removed entity human from grid at 14, 9
Removed entity human from grid at 15, 14
Added entity tree at 8, 10
Added entity tree at 13, 30
Added entity tree at 17, 38
Added entity human at 13, 39
Removed entity tree from grid at 37, 12
Removed entity wolf from grid at 0, 6
Removed entity cow from grid at 17, 31
Removed entity human from grid at 9, 21
Removed entity cow from grid at 14, 30
Removed entity wolf from grid at 41, 49
Removed entity cow from grid at 13, 31
Removed entity tree from grid at 25, 31
Removed entity wolf from grid at 33, 9
Removed entity tree from grid at 20, 29
Removed entity human from grid at 38, 47
Removed entity wolf from grid at 45, 10
Removed entity wolf from grid at 42, 49
Added entity house at 24, 34
Removed entity cow from grid at 11, 45
Removed entity cow from grid at 20, 30
Added entity wolf at 48, 13
Added entity wolf at 16, 3
Added entity human at 9, 2
House dying at 49, 42. Occupants: 1
Checking 48, 41: null
Added entity human at 48, 41
Ejected to 48, 41
Removed entity house from grid at 49, 42
House dying at 11, 24. Occupants: 2
Checking 10, 23: [object Object]
Checking 10, 24: null
Added entity human at 10, 24
Ejected to 10, 24
Checking 10, 23: [object Object]
Checking 10, 24: [object Object]
Checking 10, 25: null
Added entity human at 10, 25
Ejected to 10, 25
Removed entity house from grid at 11, 24
House dying at 31, 26. Occupants: 2
Checking 30, 25: null
Added entity human at 30, 25
Ejected to 30, 25
Checking 30, 25: [object Object]
Checking 30, 26: null
Added entity human at 30, 26
Ejected to 30, 26
Removed entity house from grid at 31, 26
House dying at 49, 21. Occupants: 2
Checking 48, 20: null
Added entity human at 48, 20
Ejected to 48, 20
Checking 48, 20: [object Object]
Checking 48, 21: null
Added entity human at 48, 21
Ejected to 48, 21
Removed entity house from grid at 49, 21
House dying at 40, 31. Occupants: 2
Checking 39, 30: null
Added entity human at 39, 30
Ejected to 39, 30
Checking 39, 30: [object Object]
Checking 39, 31: null
Added entity human at 39, 31
Ejected to 39, 31
Removed entity house from grid at 40, 31
House dying at 19, 31. Occupants: 2
Checking 18, 30: null
Added entity human at 18, 30
Ejected to 18, 30
Checking 18, 30: [object Object]
Checking 18, 31: null
Added entity human at 18, 31
Ejected to 18, 31
Removed entity house from grid at 19, 31
Removed entity human from grid at 14, 8
Added entity tree at 17, 30
Added entity tree at 17, 29
Added entity tree at 38, 30
Removed entity human from grid at 48, 41
Removed entity human from grid at 9, 2
Added entity human at 12, 40
Added entity human at 9, 12
Added entity cow at 2, 43
Removed entity wolf from grid at 37, 11
Added entity human at 3, 7
Added entity human at 2, 5
Removed entity human from grid at 13, 16
Removed entity human from grid at 17, 36
Removed entity human from grid at 5, 18
Removed entity human from grid at 4, 10
Removed entity human from grid at 3, 18
Removed entity human from grid at 9, 17
Added entity house at 23, 35
Removed entity wolf from grid at 14, 0
Removed entity tree from grid at 24, 35
Removed entity tree from grid at 8, 22
Added entity wolf at 36, 7
Added entity wolf at 3, 2
House dying at 18, 12. Occupants: 2
Checking 17, 11: null
Added entity human at 17, 11
Ejected to 17, 11
Checking 17, 11: [object Object]
Checking 17, 12: null
Added entity human at 17, 12
Ejected to 17, 12
Removed entity house from grid at 18, 12
House dying at 48, 39. Occupants: 2
Checking 47, 38: null
Added entity human at 47, 38
Ejected to 47, 38
Checking 47, 38: [object Object]
Checking 47, 39: null
Added entity human at 47, 39
Ejected to 47, 39
Removed entity house from grid at 48, 39
Added entity tree at 46, 38
Removed entity human from grid at 17, 12
Added entity tree at 3, 4
Added entity cow at 3, 44
Added entity human at 11, 41
Removed entity cow from grid at 19, 29
Removed entity cow from grid at 7, 11
Removed entity tree from grid at 3, 4
Added entity berry at 20, 31
Removed entity human from grid at 24, 11
Removed entity tree from grid at 13, 30
Removed entity human from grid at 14, 22
Removed entity cow from grid at 6, 11
Removed entity human from grid at 29, 23
Removed entity human from grid at 9, 14
Added entity house at 11, 8
Removed entity human from grid at 42, 49
Added entity house at 28, 48
Removed entity human from grid at 30, 18
Removed entity cow from grid at 1, 10
Added entity wolf at 32, 11
Added entity human at 24, 42
Added entity human at 12, 15
House dying at 22, 11. Occupants: 2
Checking 21, 10: null
Added entity human at 21, 10
Ejected to 21, 10
Checking 21, 10: [object Object]
Checking 21, 11: null
Added entity human at 21, 11
Ejected to 21, 11
Removed entity house from grid at 22, 11
Removed entity human from grid at 12, 15
Added entity tree at 10, 40
Added entity cow at 4, 43
Added entity tree at 3, 4
Removed entity tree from grid at 9, 22
Removed entity cow from grid at 10, 32
Removed entity wolf from grid at 38, 11
Added entity cow at 18, 28
Removed entity cow from grid at 15, 31
Removed entity tree from grid at 17, 30
Removed entity human from grid at 17, 13
Removed entity human from grid at 48, 43
Added entity house at 13, 43
Added entity cow at 1, 20
Removed entity tree from grid at 24, 36
Removed entity human from grid at 23, 32
Removed entity human from grid at 14, 43
Removed entity cow from grid at 10, 46
Added entity wolf at 31, 8
Added entity wolf at 43, 10
Added entity wolf at 16, 3
Added entity wolf at 19, 32
Added entity human at 14, 5
Added entity human at 45, 18
House dying at 34, 49. Occupants: 2
Checking 33, 48: null
Added entity human at 33, 48
Ejected to 33, 48
Checking 33, 48: [object Object]
Checking 33, 49: null
Added entity human at 33, 49
Ejected to 33, 49
Removed entity house from grid at 34, 49
Added entity tree at 32, 48
Added entity tree at 32, 47
Removed entity human from grid at 45, 18
Removed entity human from grid at 14, 5
Added entity cow at 2, 19
Added entity cow at 3, 42
Added entity tree at 11, 40
Removed entity human from grid at 48, 40
Added entity human at 1, 6
Removed entity tree from grid at 8, 10
Removed entity tree from grid at 17, 29
Removed entity wolf from grid at 4, 17
Removed entity cow from grid at 3, 10
Added entity house at 8, 16
Removed entity wolf from grid at 34, 13
Removed entity human from grid at 15, 2
Removed entity cow from grid at 18, 28
Removed entity cow from grid at 5, 12
Added entity house at 10, 1
Removed entity human from grid at 15, 21
Removed entity wolf from grid at 29, 22
Removed entity wolf from grid at 45, 47
Removed entity tree from grid at 1, 25
Removed entity human from grid at 23, 36
Removed entity cow from grid at 7, 44
Removed entity tree from grid at 22, 45
Added entity wolf at 27, 1
Added entity wolf at 30, 6
Added entity human at 13, 15
Added entity human at 14, 5
House dying at 47, 19. Occupants: 2
Checking 46, 18: [object Object]
Checking 46, 19: [object Object]
Checking 46, 20: null
Added entity human at 46, 20
Ejected to 46, 20
Checking 46, 18: [object Object]
Checking 46, 19: [object Object]
Checking 46, 20: [object Object]
Checking 47, 18: null
Added entity human at 47, 18
Ejected to 47, 18
Removed entity house from grid at 47, 19
House dying at 11, 14. Occupants: 2
Checking 10, 13: null
Added entity human at 10, 13
Ejected to 10, 13
Checking 10, 13: [object Object]
Checking 10, 14: null
Added entity human at 10, 14
Ejected to 10, 14
Removed entity house from grid at 11, 14
House dying at 8, 3. Occupants: 2
Checking 7, 2: null
Added entity human at 7, 2
Ejected to 7, 2
Checking 7, 2: [object Object]
Checking 7, 3: null
Added entity human at 7, 3
Ejected to 7, 3
Removed entity house from grid at 8, 3
House dying at 12, 17. Occupants: 0
Removed entity house from grid at 12, 17
House dying at 47, 29. Occupants: 1
Checking 46, 28: null
Added entity human at 46, 28
Ejected to 46, 28
Removed entity house from grid at 47, 29
Added entity tree at 11, 13
Added entity tree at 10, 12
Removed entity human from grid at 14, 5
Removed entity human from grid at 13, 15
Added entity cow at 3, 18
Added entity tree at 34, 48
Added entity tree at 33, 47
Removed entity tree from grid at 10, 12
Removed entity cow from grid at 9, 13
Removed entity wolf from grid at 19, 32
Removed entity wolf from grid at 19, 18
Removed entity human from grid at 48, 37
Added entity human at 18, 27
Removed entity wolf from grid at 0, 2
Added entity house at 25, 41
Added entity wolf at 24, 46
Added entity human at 37, 27
House dying at 5, 10. Occupants: 2
Checking 4, 9: null
Added entity human at 4, 9
Ejected to 4, 9
Checking 4, 9: [object Object]
Checking 4, 10: [object Object]
Checking 4, 11: null
Added entity human at 4, 11
Ejected to 4, 11
Removed entity house from grid at 5, 10
House dying at 5, 45. Occupants: 1
Checking 4, 44: [object Object]
Checking 4, 45: [object Object]
Checking 4, 46: [object Object]
Checking 5, 44: [object Object]
Checking 5, 46: null
Added entity human at 5, 46
Ejected to 5, 46
Removed entity house from grid at 5, 45
Added entity tree at 5, 45
Removed entity human from grid at 17, 28
Added entity cow at 2, 43
Removed entity tree from grid at 1, 4
Added entity human at 8, 13
Added entity human at 19, 30
Removed entity cow from grid at 8, 30
New Faction INDIGO_586 registered with traits: {
  moveSpeed: [33m1.0776240254978329[39m,
  hungerRate: [33m0.9382698600825987[39m,
  visionRadius: [33m0.9608818678455454[39m,
  aggression: [33m0.9934829960319763[39m
}
Societal Split! BLUE -> INDIGO_586 (Threshold: 6)
Removed entity wolf from grid at 39, 10
Removed entity cow from grid at 4, 12
Removed entity human from grid at 23, 36
Added entity house at 20, 12
Removed entity cow from grid at 17, 26
Removed entity cow from grid at 8, 18
Removed entity human from grid at 28, 47
Removed entity human from grid at 5, 11
Removed entity human from grid at 26, 45
Added entity house at 23, 49
Removed entity wolf from grid at 42, 49
Removed entity cow from grid at 11, 47
Removed entity human from grid at 25, 42
Removed entity wolf from grid at 31, 13
Added entity house at 11, 45
Added entity wolf at 37, 9
Added entity human at 18, 31
House dying at 49, 40. Occupants: 2
Checking 48, 39: null
Added entity human at 48, 39
Ejected to 48, 39
Checking 48, 39: [object Object]
Checking 48, 40: null
Added entity human at 48, 40
Ejected to 48, 40
Removed entity house from grid at 49, 40
Added entity tree at 47, 38
Added entity tree at 17, 30
Added entity human at 20, 29
Added entity cow at 3, 44
Removed entity cow from grid at 6, 43
Removed entity tree from grid at 17, 30
Added entity house at 22, 32
Removed entity tree from grid at 11, 13
Removed entity cow from grid at 16, 27
Added entity house at 7, 6
Added entity house at 14, 48
Removed entity human from grid at 23, 44
Added entity house at 7, 17
Removed entity human from grid at 27, 44
Removed entity cow from grid at 5, 11
Removed entity human from grid at 11, 1
Added entity wolf at 36, 5
House dying at 15, 22. Occupants: 2
Checking 14, 21: null
Added entity human at 14, 21
Ejected to 14, 21
Checking 14, 21: [object Object]
Checking 14, 22: null
Added entity human at 14, 22
Ejected to 14, 22
Removed entity house from grid at 15, 22
Added entity tree at 13, 20
Added entity tree at 19, 28
Removed entity human from grid at 19, 30
Removed entity cow from grid at 17, 25
Added entity cow at 2, 17
Added entity human at 11, 41
Removed entity human from grid at 19, 8
Added entity human at 0, 6
Added entity berry at 18, 28
Removed entity tree from grid at 20, 36
Removed entity wolf from grid at 39, 9
Removed entity cow from grid at 18, 24
Removed entity human from grid at 48, 45
Removed entity human from grid at 0, 6
Removed entity human from grid at 23, 31
Removed entity tree from grid at 19, 28
Added entity house at 10, 15
Removed entity human from grid at 17, 10
Removed entity wolf from grid at 48, 46
Added entity berry at 2, 19
Removed entity human from grid at 25, 40
Removed entity tree from grid at 10, 40
Removed entity human from grid at 2, 6
Removed entity wolf from grid at 22, 1
Added entity house at 19, 33
Added entity wolf at 34, 11
Added entity human at 42, 42
House dying at 3, 12. Occupants: 2
Checking 2, 11: [object Object]
Checking 2, 12: null
Added entity human at 2, 12
Ejected to 2, 12
Checking 2, 11: [object Object]
Checking 2, 12: [object Object]
Checking 2, 13: [object Object]
Checking 3, 11: null
Added entity human at 3, 11
Ejected to 3, 11
Removed entity house from grid at 3, 12
House dying at 16, 23. Occupants: 1
Checking 15, 22: null
Added entity human at 15, 22
Ejected to 15, 22
Removed entity house from grid at 16, 23
Removed entity wolf from grid at 34, 11
Added entity tree at 15, 21
Added entity tree at 2, 10
Added entity tree at 1, 12
Added entity human at 10, 40
Added entity cow at 1, 18
Added entity cow at 4, 43
Added entity house at 9, 9
Removed entity human from grid at 11, 1
Removed entity human from grid at 10, 7
Removed entity cow from grid at 8, 13
Removed entity human from grid at 9, 7
Removed entity cow from grid at 16, 26
Removed entity human from grid at 20, 11
Removed entity cow from grid at 15, 28
Removed entity tree from grid at 2, 4
Removed entity tree from grid at 2, 10
Removed entity cow from grid at 8, 30
Removed entity cow from grid at 16, 24
Removed entity human from grid at 6, 11
Removed entity human from grid at 28, 10
Removed entity tree from grid at 22, 38
Added entity wolf at 35, 7
Added entity wolf at 25, 46
Added entity wolf at 30, 11
House dying at 46, 19. Occupants: 2
Checking 45, 18: null
Added entity human at 45, 18
Ejected to 45, 18
Checking 45, 18: [object Object]
Checking 45, 19: null
Added entity human at 45, 19
Ejected to 45, 19
Removed entity house from grid at 46, 19
House dying at 23, 11. Occupants: 2
Checking 22, 10: null
Added entity human at 22, 10
Ejected to 22, 10
Checking 22, 10: [object Object]
Checking 22, 11: null
Added entity human at 22, 11
Ejected to 22, 11
Removed entity house from grid at 23, 11
House dying at 38, 26. Occupants: 1
Checking 37, 25: null
Added entity human at 37, 25
Ejected to 37, 25
Removed entity house from grid at 38, 26
Added entity tree at 46, 18
Added entity tree at 9, 39
Added entity tree at 14, 21
Removed entity tree from grid at 1, 12
Removed entity cow from grid at 12, 21
Added entity human at 20, 27
Removed entity human from grid at 49, 43
Added entity house at 9, 44
Removed entity cow from grid at 9, 15
Removed entity human from grid at 32, 46
Removed entity human from grid at 8, 11
Added entity house at 9, 6
Removed entity human from grid at 11, 38
Removed entity human from grid at 42, 43
Removed entity cow from grid at 11, 28
Added entity house at 11, 11
Added entity human at 25, 23
Added entity house at 18, 13
Removed entity human from grid at 28, 42
Removed entity wolf from grid at 46, 46
Removed entity cow from grid at 5, 13
Added entity house at 8, 32
Added entity wolf at 34, 9
Added entity wolf at 0, 15
Added entity human at 9, 37
Added entity berry at 43, 26
House dying at 5, 16. Occupants: 2
Checking 4, 15: [object Object]
Checking 4, 16: null
Added entity human at 4, 16
Ejected to 4, 16
Checking 4, 15: [object Object]
Checking 4, 16: [object Object]
Checking 4, 17: null
Added entity human at 4, 17
Ejected to 4, 17
Removed entity house from grid at 5, 16
House dying at 46, 44. Occupants: 2
Checking 45, 43: null
Added entity human at 45, 43
Ejected to 45, 43
Checking 45, 43: [object Object]
Checking 45, 44: [object Object]
Checking 45, 45: null
Added entity human at 45, 45
Ejected to 45, 45
Removed entity house from grid at 46, 44
House dying at 20, 35. Occupants: 2
Checking 19, 34: null
Added entity human at 19, 34
Ejected to 19, 34
Checking 19, 34: [object Object]
Checking 19, 35: null
Added entity human at 19, 35
Ejected to 19, 35
Removed entity house from grid at 20, 35
Added entity tree at 18, 34
Removed entity tree from grid at 11, 40
Removed entity tree from grid at 13, 20
Added entity human at 16, 22
Removed entity human from grid at 14, 18
Removed entity human from grid at 6, 10
Removed entity human from grid at 8, 10
Added entity human at 17, 24
Added entity house at 4, 5
Removed entity human from grid at 21, 33
Removed entity cow from grid at 13, 28
Removed entity human from grid at 21, 13
Removed entity human from grid at 7, 18
Removed entity human from grid at 23, 47
Removed entity cow from grid at 14, 27
Added entity wolf at 30, 0
Added entity human at 22, 8
House dying at 22, 47. Occupants: 2
Checking 21, 46: null
Added entity human at 21, 46
Ejected to 21, 46
Checking 21, 46: [object Object]
Checking 21, 47: [object Object]
Checking 21, 48: null
Added entity human at 21, 48
Ejected to 21, 48
Removed entity house from grid at 22, 47
House dying at 1, 11. Occupants: 2
Checking 0, 10: [object Object]
Checking 0, 11: null
Added entity human at 0, 11
Ejected to 0, 11
Checking 0, 10: [object Object]
Checking 0, 11: [object Object]
Checking 0, 12: [object Object]
Checking 1, 10: [object Object]
Checking 1, 12: [object Object]
Checking 2, 10: null
Added entity human at 2, 10
Ejected to 2, 10
Removed entity house from grid at 1, 11
House dying at 20, 9. Occupants: 2
Checking 19, 8: null
Added entity human at 19, 8
Ejected to 19, 8
Checking 19, 8: [object Object]
Checking 19, 9: null
Added entity human at 19, 9
Ejected to 19, 9
Removed entity house from grid at 20, 9
House dying at 49, 44. Occupants: 2
Checking 48, 43: null
Added entity human at 48, 43
Ejected to 48, 43
Checking 48, 43: [object Object]
Checking 48, 44: null
Added entity human at 48, 44
Ejected to 48, 44
Removed entity house from grid at 49, 44
Removed entity human from grid at 22, 8
Removed entity wolf from grid at 0, 15
Removed entity wolf from grid at 44, 49
Removed entity wolf from grid at 38, 9
Removed entity human from grid at 22, 49
Added entity cow at 5, 46
Cow Endangered Reproduction!
Added entity cow at 7, 20
Cow Endangered Reproduction!
Added entity wolf at 33, 12
House dying at 12, 34. Occupants: 2
Checking 11, 33: null
Added entity human at 11, 33
Ejected to 11, 33
Checking 11, 33: [object Object]
Checking 11, 34: null
Added entity human at 11, 34
Ejected to 11, 34
Removed entity house from grid at 12, 34
House dying at 8, 26. Occupants: 1
Checking 7, 25: null
Added entity human at 7, 25
Ejected to 7, 25
Removed entity house from grid at 8, 26
Added entity tree at 7, 24
Added entity tree at 10, 33
Removed entity tree from grid at 10, 33
Removed entity human from grid at 3, 10
Added entity human at 21, 28
Added entity cow at 3, 42
Added entity cow at 2, 17
Added entity human at 9, 41
Removed entity tree from grid at 14, 4
Removed entity human from grid at 8, 39
Removed entity wolf from grid at 32, 5
Removed entity wolf from grid at 17, 0
Removed entity human from grid at 22, 48
Removed entity human from grid at 12, 10
Added entity wolf at 38, 1
Added entity wolf at 40, 11
Added entity wolf at 37, 7
Added entity wolf at 5, 21
Added entity wolf at 29, 7
Removed entity wolf from grid at 35, 7
Added entity tree at 8, 40
Added entity cow at 2, 43
Added entity tree at 20, 27
Removed entity human from grid at 7, 25
Added entity cow at 4, 47
Added entity human at 2, 11
Removed entity tree from grid at 46, 18
Removed entity cow from grid at 6, 45
Added entity house at 18, 18
Removed entity cow from grid at 14, 26
Removed entity cow from grid at 13, 23
Removed entity cow from grid at 2, 13
Removed entity cow from grid at 11, 16
Added entity human at 19, 37
Removed entity wolf from grid at 32, 4
Added entity house at 7, 8
Added entity house at 23, 40
Removed entity tree from grid at 3, 4
Removed entity tree from grid at 15, 21
Removed entity berry from grid at 2, 19
Added entity berry at 16, 38
Removed entity tree from grid at 17, 38
Added entity house at 15, 48
Added entity wolf at 38, 11
Added entity wolf at 16, 3
House dying at 42, 36. Occupants: 2
Checking 41, 35: null
Added entity human at 41, 35
Ejected to 41, 35
Checking 41, 35: [object Object]
Checking 41, 36: null
Added entity human at 41, 36
Ejected to 41, 36
Removed entity house from grid at 42, 36
House dying at 31, 46. Occupants: 2
Checking 30, 45: null
Added entity human at 30, 45
Ejected to 30, 45
Checking 30, 45: [object Object]
Checking 30, 46: null
Added entity human at 30, 46
Ejected to 30, 46
Removed entity house from grid at 31, 46
Added entity tree at 34, 43
Removed entity wolf from grid at 35, 7
Added entity cow at 3, 44
Cow Endangered Reproduction!
Added entity tree at 8, 41
Added entity cow at 3, 18
Added entity tree at 21, 27
Added entity tree at 11, 34
Added entity human at 15, 27
Removed entity tree from grid at 14, 21
Added entity human at 2, 9
Removed entity human from grid at 9, 5
Removed entity human from grid at 28, 47
Removed entity human from grid at 11, 7
Removed entity human from grid at 8, 15
Removed entity cow from grid at 2, 15
Removed entity cow from grid at 4, 14
Removed entity cow from grid at 13, 26
Added entity human at 27, 31
Removed entity tree from grid at 11, 34
Removed entity tree from grid at 23, 38
Removed entity tree from grid at 9, 39
Removed entity wolf from grid at 47, 48
Removed entity human from grid at 10, 12
Removed entity wolf from grid at 0, 39
Added entity house at 13, 49
Added entity house at 17, 16
Added entity wolf at 26, 13
House dying at 14, 7. Occupants: 2
Checking 13, 6: [object Object]
Checking 13, 7: null
Added entity human at 13, 7
Ejected to 13, 7
Checking 13, 6: [object Object]
Checking 13, 7: [object Object]
Checking 13, 8: null
Added entity human at 13, 8
Ejected to 13, 8
Removed entity house from grid at 14, 7
House dying at 40, 20. Occupants: 2
Checking 39, 19: [object Object]
Checking 39, 20: null
Added entity human at 39, 20
Ejected to 39, 20
Checking 39, 19: [object Object]
Checking 39, 20: [object Object]
Checking 39, 21: [object Object]
Checking 40, 19: null
Added entity human at 40, 19
Ejected to 40, 19
Removed entity house from grid at 40, 20
House dying at 31, 48. Occupants: 2
Checking 30, 47: [object Object]
Checking 30, 48: null
Added entity human at 30, 48
Ejected to 30, 48
Checking 30, 47: [object Object]
Checking 30, 48: [object Object]
Checking 30, 49: null
Added entity human at 30, 49
Ejected to 30, 49
Removed entity house from grid at 31, 48
Added entity cow at 2, 45
Cow Endangered Reproduction!
Added entity cow at 8, 21
Cow Endangered Reproduction!
Added entity tree at 4, 9
Added entity tree at 22, 47
Added entity tree at 15, 26
Added entity tree at 13, 21
Removed entity tree from grid at 5, 45
Removed entity tree from grid at 15, 26
Removed entity human from grid at 15, 8
Removed entity human from grid at 11, 15
Removed entity human from grid at 1, 11
Removed entity cow from grid at 5, 44
Added entity human at 7, 35
Removed entity tree from grid at 18, 34
Removed entity human from grid at 15, 20
Removed entity tree from grid at 0, 4
Removed entity wolf from grid at 48, 48
Removed entity tree from grid at 13, 21
Removed entity wolf from grid at 31, 13
Added entity wolf at 3, 21
Added entity human at 12, 42
House dying at 47, 45. Occupants: 2
Checking 46, 44: null
Added entity human at 46, 44
Ejected to 46, 44
Checking 46, 44: [object Object]
Checking 46, 45: null
Added entity human at 46, 45
Ejected to 46, 45
Removed entity house from grid at 47, 45
House dying at 15, 15. Occupants: 1
Checking 14, 14: null
Added entity human at 14, 14
Ejected to 14, 14
Removed entity house from grid at 15, 15
Removed entity wolf from grid at 4, 20
Removed entity human from grid at 3, 24
Removed entity human from grid at 7, 16
Removed entity human from grid at 6, 17
Removed entity wolf from grid at 17, 1
Added entity cow at 4, 34
Cow Endangered Reproduction!
Added entity wolf at 39, 10
House dying at 16, 13. Occupants: 2
Checking 15, 12: null
Added entity human at 15, 12
Ejected to 15, 12
Checking 15, 12: [object Object]
Checking 15, 13: [object Object]
Checking 15, 14: null
Added entity human at 15, 14
Ejected to 15, 14
Removed entity house from grid at 16, 13
House dying at 43, 43. Occupants: 2
Checking 42, 42: null
Added entity human at 42, 42
Ejected to 42, 42
Checking 42, 42: [object Object]
Checking 42, 43: null
Added entity human at 42, 43
Ejected to 42, 43
Removed entity house from grid at 43, 43
Added entity tree at 41, 41
Added entity tree at 14, 12
Added entity tree at 46, 44
Added entity tree at 47, 44
Added entity tree at 13, 39
Added entity cow at 7, 22
Added entity cow at 3, 44
Added entity cow at 4, 19
Added entity cow at 3, 48
Added entity house at 28, 33
Removed entity cow from grid at 6, 43
Removed entity human from grid at 14, 23
Added entity house at 28, 34
Removed entity tree from grid at 14, 2
Removed entity tree from grid at 8, 40
Removed entity cow from grid at 2, 15
Added entity wolf at 37, 8
Added entity human at 0, 14
Removed entity naturereserve from grid at 39, 41
Removed entity human from grid at 0, 14
Added entity cow at 5, 20
Added entity cow at 4, 45
Added entity cow at 8, 23
Added entity tree at 42, 41
Added entity tree at 15, 12
Removed entity tree from grid at 46, 44
Removed entity tree from grid at 15, 3
Removed entity tree from grid at 4, 9
Added entity human at 7, 5
Added entity human at 8, 39
Added entity human at 21, 28
Added entity human at 13, 21
Removed entity tree from grid at 27, 33
Removed entity cow from grid at 4, 15
Removed entity cow from grid at 13, 27
Removed entity tree from grid at 8, 41
Added entity house at 25, 29
Removed entity human from grid at 19, 26
Removed entity tree from grid at 24, 32
Removed entity human from grid at 21, 31
Removed entity tree from grid at 25, 13
Added entity house at 22, 12
Added entity house at 12, 48
Removed entity human from grid at 19, 30
Removed entity tree from grid at 13, 39
Removed entity cow from grid at 11, 15
Added entity wolf at 43, 3
Added entity wolf at 23, 46
Added entity wolf at 27, 8
Added entity human at 22, 26
Added entity tree at 22, 25
Added entity tree at 12, 20
Added entity tree at 22, 28
Added entity tree at 7, 38
Added entity tree at 6, 4
Added entity cow at 5, 46
Added entity tree at 16, 12
Added entity tree at 46, 44
Added entity tree at 47, 43
Removed entity wolf from grid at 24, 49
Removed entity wolf from grid at 37, 36
Removed entity cow from grid at 2, 17
Removed entity human from grid at 26, 49
Removed entity wolf from grid at 3, 21
Removed entity cow from grid at 5, 45
Removed entity cow from grid at 0, 15
Removed entity human from grid at 9, 14
Removed entity human from grid at 5, 11
Added entity house at 5, 8
Removed entity cow from grid at 5, 40
Added entity human at 12, 39
House dying at 1, 13. Occupants: 2
Checking 0, 12: null
Added entity human at 0, 12
Ejected to 0, 12
Checking 0, 12: [object Object]
Checking 0, 13: [object Object]
Checking 0, 14: null
Added entity human at 0, 14
Ejected to 0, 14
Removed entity house from grid at 1, 13
House dying at 21, 25. Occupants: 1
Checking 20, 24: [object Object]
Checking 20, 25: null
Added entity human at 20, 25
Ejected to 20, 25
Removed entity house from grid at 21, 25
House dying at 23, 43. Occupants: 2
Checking 22, 42: null
Added entity human at 22, 42
Ejected to 22, 42
Checking 22, 42: [object Object]
Checking 22, 43: null
Added entity human at 22, 43
Ejected to 22, 43
Removed entity house from grid at 23, 43
House dying at 13, 6. Occupants: 2
Checking 12, 5: null
Added entity human at 12, 5
Ejected to 12, 5
Checking 12, 5: [object Object]
Checking 12, 6: null
Added entity human at 12, 6
Ejected to 12, 6
Removed entity house from grid at 13, 6
House dying at 4, 24. Occupants: 2
Checking 3, 23: null
Added entity human at 3, 23
Ejected to 3, 23
Checking 3, 23: [object Object]
Checking 3, 24: null
Added entity human at 3, 24
Ejected to 3, 24
Removed entity house from grid at 4, 24
House dying at 20, 24. Occupants: 1
Checking 19, 23: null
Added entity human at 19, 23
Ejected to 19, 23
Removed entity house from grid at 20, 24
Added entity cow at 4, 47
Cow Endangered Reproduction!
Removed entity tree from grid at 12, 20
Removed entity tree from grid at 21, 27
Removed entity tree from grid at 7, 38
Added entity cow at 9, 22
Added entity cow at 3, 33
Added entity house at 29, 46
Added entity human at 21, 30
Removed entity cow from grid at 13, 28
Removed entity cow from grid at 12, 24
Removed entity cow from grid at 5, 20
Removed entity human from grid at 18, 2
Removed entity cow from grid at 11, 23
Removed entity cow from grid at 9, 14
Removed entity cow from grid at 7, 42
Removed entity tree from grid at 22, 28
Removed entity cow from grid at 12, 31
Removed entity tree from grid at 20, 3
Removed entity human from grid at 19, 1
Removed entity human from grid at 22, 33
Added entity human at 1, 16
Removed entity human from grid at 16, 47
Removed entity tree from grid at 16, 12
Removed entity wolf from grid at 25, 2
House dying at 43, 42. Occupants: 2
Checking 42, 41: [object Object]
Checking 42, 42: null
Added entity human at 42, 42
Ejected to 42, 42
Checking 42, 41: [object Object]
Checking 42, 42: [object Object]
Checking 42, 43: null
Added entity human at 42, 43
Ejected to 42, 43
Removed entity house from grid at 43, 42
House dying at 14, 17. Occupants: 0
Removed entity house from grid at 14, 17
Removed entity human from grid at 23, 41
Removed entity human from grid at 15, 45
Removed entity human from grid at 12, 44
Removed entity wolf from grid at 36, 15
Removed entity human from grid at 15, 47
Removed entity wolf from grid at 34, 13
Added entity cow at 10, 26
Cow Endangered Reproduction!
Added entity cow at 5, 19
Cow Endangered Reproduction!
Added entity wolf at 11, 1
Added entity wolf at 18, 0
Added entity cow at 1, 45
Cow Endangered Reproduction!
Added entity cow at 5, 47
Cow Endangered Reproduction!
Added entity cow at 6, 48
Cow Endangered Reproduction!
Added entity cow at 11, 25
Added entity tree at 42, 42
Added entity tree at 0, 15
Added entity tree at 22, 30
Added entity cow at 10, 23
Added entity tree at 16, 24
Added entity tree at 4, 25
Added entity tree at 4, 19
Added entity human at 18, 27
Removed entity human from grid at 8, 6
Removed entity human from grid at 9, 7
Removed entity cow from grid at 2, 43
Added entity house at 20, 37
Removed entity human from grid at 1, 16
Removed entity tree from grid at 29, 36
Removed entity human from grid at 7, 5
Removed entity human from grid at 14, 45
Added entity house at 25, 32
Removed entity tree from grid at 14, 12
Removed entity wolf from grid at 18, 0
Removed entity wolf from grid at 28, 0
Removed entity wolf from grid at 27, 3
House dying at 26, 17. Occupants: 2
Checking 25, 16: null
Added entity human at 25, 16
Ejected to 25, 16
Checking 25, 16: [object Object]
Checking 25, 17: null
Added entity human at 25, 17
Ejected to 25, 17
Removed entity house from grid at 26, 17
House dying at 21, 18. Occupants: 2
Checking 20, 17: null
Added entity human at 20, 17
Ejected to 20, 17
Checking 20, 17: [object Object]
Checking 20, 18: null
Added entity human at 20, 18
Ejected to 20, 18
Removed entity house from grid at 21, 18
Added entity tree at 19, 17
Added entity tree at 19, 16
Added entity human at 17, 28
Added entity cow at 12, 24
Added entity cow at 0, 46
Added entity cow at 6, 20
Removed entity tree from grid at 4, 25
Removed entity tree from grid at 4, 19
Removed entity human from grid at 23, 41
Added entity house at 45, 39
Removed entity cow from grid at 1, 18
Removed entity human from grid at 12, 8
Removed entity human from grid at 10, 46
Removed entity cow from grid at 3, 16
Removed entity human from grid at 7, 9
Removed entity human from grid at 28, 26
Removed entity tree from grid at 25, 33
Removed entity wolf from grid at 12, 2
Removed entity human from grid at 21, 4
Removed entity cow from grid at 12, 24
Added entity house at 4, 8
Removed entity tree from grid at 28, 9
Removed entity human from grid at 14, 43
Removed entity human from grid at 14, 14
Added entity wolf at 41, 9
Added entity wolf at 33, 10
Added entity human at 1, 25
House dying at 13, 38. Occupants: 1
Checking 12, 37: null
Added entity human at 12, 37
Ejected to 12, 37
Removed entity house from grid at 13, 38
House dying at 18, 10. Occupants: 2
Checking 17, 9: null
Added entity human at 17, 9
Ejected to 17, 9
Checking 17, 9: [object Object]
Checking 17, 10: null
Added entity human at 17, 10
Ejected to 17, 10
Removed entity house from grid at 18, 10
Added entity tree at 16, 9
Added entity tree at 11, 36
Added entity tree at 1, 24
Added entity tree at 17, 27
Removed entity tree from grid at 27, 16
Added entity cow at 9, 22
Added entity cow at 3, 31
Added entity cow at 5, 48
Added entity human at 7, 41
Added entity human at 9, 32
Added entity human at 27, 35
Removed entity tree from grid at 17, 27
Added entity house at 11, 48
Removed entity tree from grid at 16, 24
Removed entity cow from grid at 11, 28
Removed entity wolf from grid at 19, 2
Removed entity human from grid at 12, 46
Removed entity cow from grid at 2, 16
Removed entity human from grid at 13, 42
Added entity wolf at 44, 16
Added entity wolf at 27, 20
Added entity human at 35, 21
Added entity human at 37, 21
House dying at 10, 22. Occupants: 2
Checking 9, 21: null
Added entity human at 9, 21
Ejected to 9, 21
Checking 9, 21: [object Object]
Checking 9, 22: [object Object]
Checking 9, 23: null
Added entity human at 9, 23
Ejected to 9, 23
Removed entity house from grid at 10, 22
House dying at 10, 17. Occupants: 2
Checking 9, 16: [object Object]
Checking 9, 17: [object Object]
Checking 9, 18: [object Object]
Checking 10, 16: null
Added entity human at 10, 16
Ejected to 10, 16
Checking 9, 16: [object Object]
Checking 9, 17: [object Object]
Checking 9, 18: [object Object]
Checking 10, 16: [object Object]
Checking 10, 18: null
Added entity human at 10, 18
Ejected to 10, 18
Removed entity house from grid at 10, 17
House dying at 11, 43. Occupants: 1
Checking 10, 42: null
Added entity human at 10, 42
Ejected to 10, 42
Removed entity house from grid at 11, 43
House dying at 14, 16. Occupants: 2
Checking 13, 15: null
Added entity human at 13, 15
Ejected to 13, 15
Checking 13, 15: [object Object]
Checking 13, 16: null
Added entity human at 13, 16
Ejected to 13, 16
Removed entity house from grid at 14, 16
Added entity tree at 12, 15
Added entity tree at 12, 14
Added entity tree at 9, 41
Removed entity human from grid at 37, 21
Added entity human at 26, 34
Added entity human at 10, 33
Added entity cow at 6, 49
Added entity cow at 4, 32
Added entity cow at 8, 23
Added entity cow at 7, 49
Removed entity human from grid at 3, 15
Added entity human at 18, 21
Added entity cow at 2, 47
Removed entity tree from grid at 24, 41
Removed entity tree from grid at 46, 38
Added entity house at 23, 11
Removed entity cow from grid at 8, 45
Added entity house at 9, 13
Removed entity human from grid at 36, 21
Removed entity cow from grid at 11, 27
Added entity house at 30, 45
Removed entity human from grid at 28, 32
Added entity wolf at 44, 12
Added entity wolf at 24, 46
House dying at 16, 11. Occupants: 1
Checking 15, 10: null
Added entity human at 15, 10
Ejected to 15, 10
Removed entity house from grid at 16, 11
House dying at 17, 32. Occupants: 1
Checking 16, 31: null
Added entity human at 16, 31
Ejected to 16, 31
Removed entity house from grid at 17, 32
Added entity tree at 15, 30
Added entity tree at 14, 9
Added entity cow at 1, 48
Added entity human at 11, 34
Added entity human at 25, 33
Added entity human at 7, 42
Added entity house at 4, 27
Added entity cow at 7, 21
Added entity cow at 1, 47
Removed entity cow from grid at 5, 16
Removed entity tree from grid at 9, 41
Removed entity cow from grid at 12, 23
Removed entity human from grid at 30, 46
Added entity house at 20, 8
Removed entity tree from grid at 6, 4
Removed entity human from grid at 30, 44
Removed entity cow from grid at 11, 27
Removed entity cow from grid at 10, 17
Removed entity human from grid at 26, 40
Removed entity wolf from grid at 39, 15
Added entity wolf at 43, 3
Added entity wolf at 31, 8
Added entity human at 22, 10
House dying at 25, 43. Occupants: 2
Checking 24, 42: null
Added entity human at 24, 42
Ejected to 24, 42
Checking 24, 42: [object Object]
Checking 24, 43: null
Added entity human at 24, 43
Ejected to 24, 43
Removed entity house from grid at 25, 43
House dying at 6, 24. Occupants: 1
Checking 5, 23: [object Object]
Checking 5, 24: null
Added entity human at 5, 24
Ejected to 5, 24
Removed entity house from grid at 6, 24
Added entity tree at 4, 23
Added entity tree at 23, 42
Removed entity tree from grid at 25, 34
Added entity human at 12, 35
Added entity cow at 0, 49
Added entity human at 19, 21
Added entity cow at 8, 48
Removed entity cow from grid at 12, 24
Removed entity cow from grid at 5, 41
Added entity house at 49, 41
Removed entity human from grid at 26, 42
Added entity house at 48, 38
Removed entity human from grid at 24, 12
Removed entity tree from grid at 20, 27
New Faction TEAL_25 registered with traits: {
  moveSpeed: [33m1.0057321790352198[39m,
  hungerRate: [33m1.0806031798970244[39m,
  visionRadius: [33m0.9498814671894343[39m,
  aggression: [33m0.9135401436715676[39m
}
Societal Split! RED -> TEAL_25 (Threshold: 6)
Removed entity human from grid at 13, 28
Removed entity human from grid at 20, 7
Removed entity human from grid at 20, 36
Removed entity tree from grid at 15, 30
Added entity berry at 47, 18
Removed entity human from grid at 22, 9
Added entity house at 25, 11
Added entity wolf at 37, 9
Added entity wolf at 42, 47
Added entity wolf at 33, 11
House dying at 0, 24. Occupants: 1
Checking -1, 23: null
Checking -1, 24: null
Checking -1, 25: null
Checking 0, 23: [object Object]
Checking 0, 25: [object Object]
Checking 1, 23: null
Added entity human at 1, 23
Ejected to 1, 23
Removed entity house from grid at 0, 24
House dying at 4, 18. Occupants: 2
Checking 3, 17: null
Added entity human at 3, 17
Ejected to 3, 17
Checking 3, 17: [object Object]
Checking 3, 18: null
Added entity human at 3, 18
Ejected to 3, 18
Removed entity house from grid at 4, 18
House dying at 35, 48. Occupants: 2
Checking 34, 47: null
Added entity human at 34, 47
Ejected to 34, 47
Checking 34, 47: [object Object]
Checking 34, 48: [object Object]
Checking 34, 49: null
Added entity human at 34, 49
Ejected to 34, 49
Removed entity house from grid at 35, 48
House dying at 23, 9. Occupants: 2
Checking 22, 8: null
Added entity human at 22, 8
Ejected to 22, 8
Checking 22, 8: [object Object]
Checking 22, 9: null
Added entity human at 22, 9
Ejected to 22, 9
Removed entity house from grid at 23, 9
House dying at 8, 38. Occupants: 2
Checking 7, 37: null
Added entity human at 7, 37
Ejected to 7, 37
Checking 7, 37: [object Object]
Checking 7, 38: null
Added entity human at 7, 38
Ejected to 7, 38
Removed entity house from grid at 8, 38
Added entity tree at 6, 37
Added entity tree at 7, 36
Added entity tree at 33, 48
Removed entity cow from grid at 2, 22
Added entity cow at 7, 47
Added entity human at 18, 22
Added entity human at 13, 34
Removed entity tree from grid at 24, 44
Added entity cow at 2, 46
Added entity cow at 8, 22
Added entity house at 26, 34
Removed entity human from grid at 17, 9
Added entity cow at 5, 48
Added entity house at 21, 14
Added entity human at 12, 39
Removed entity human from grid at 23, 13
Removed entity human from grid at 22, 13
Removed entity cow from grid at 4, 31
Added entity house at 15, 44
Removed entity tree from grid at 47, 38
Added entity house at 19, 31
Added entity house at 39, 22
Removed entity tree from grid at 11, 36
Removed entity human from grid at 23, 10
Removed entity human from grid at 38, 22
Added entity house at 13, 7
Removed entity human from grid at 39, 21
Removed entity tree from grid at 6, 37
Removed entity naturereserve from grid at 1, 22
House dying at 2, 27. Occupants: 2
Checking 1, 26: null
Added entity human at 1, 26
Ejected to 1, 26
Checking 1, 26: [object Object]
Checking 1, 27: null
Added entity human at 1, 27
Ejected to 1, 27
Removed entity house from grid at 2, 27
Removed entity human from grid at 22, 14
Removed entity human from grid at 22, 15
Added entity tree at 0, 26
Added entity tree at 2, 25
Added entity tree at 12, 38
Added entity cow at 9, 21
Added entity tree at 12, 33
Added entity human at 19, 23
Removed entity tree from grid at 1, 24
Added entity human at 7, 42
Added entity human at 26, 32
Added entity cow at 9, 24
Removed entity cow from grid at 5, 29
Removed entity tree from grid at 12, 38
Removed entity human from grid at 13, 14
Added entity berry at 28, 38
Removed entity cow from grid at 5, 30
Removed entity cow from grid at 9, 43
Removed entity tree from grid at 2, 25
Added entity human at 22, 28
Removed entity human from grid at 46, 43
Removed entity tree from grid at 7, 36
Removed entity human from grid at 16, 43
Added entity human at 35, 14
Removed entity tree from grid at 12, 14
Added entity house at 8, 3
Removed entity human from grid at 26, 28
Removed entity human from grid at 20, 7
Removed entity wolf from grid at 29, 21
Removed entity tree from grid at 14, 9
Removed entity tree from grid at 0, 0
Added entity house at 20, 10
Removed entity human from grid at 19, 19
Removed entity human from grid at 27, 9
Removed entity human from grid at 25, 12
Removed entity berry from grid at 16, 38
Added entity wolf at 32, 23
Added entity tree at 34, 14
Added entity tree at 21, 27
Added entity tree at 25, 31
Added entity tree at 7, 41
Added entity tree at 19, 22
Added entity cow at 10, 22
Added entity tree at 0, 27
Added entity tree at 1, 25
Added entity human at 11, 40
Added entity cow at 3, 47
Removed entity tree from grid at 0, 15
Removed entity human from grid at 8, 27
Removed entity tree from grid at 7, 41
Removed entity cow from grid at 11, 19
Removed entity wolf from grid at 22, 48
Removed entity tree from grid at 22, 30
Removed entity cow from grid at 10, 13
Removed entity human from grid at 9, 25
Added entity house at 29, 43
Added entity house at 30, 43
Removed entity human from grid at 26, 28
Removed entity cow from grid at 10, 22
Removed entity cow from grid at 11, 20
Removed entity wolf from grid at 27, 0
Removed entity human from grid at 16, 44
Added entity wolf at 42, 11
Added entity wolf at 27, 1
Removed entity naturereserve from grid at 25, 6
House dying at 36, 22. Occupants: 2
Checking 35, 21: null
Added entity human at 35, 21
Ejected to 35, 21
Checking 35, 21: [object Object]
Checking 35, 22: null
Added entity human at 35, 22
Ejected to 35, 22
Removed entity house from grid at 36, 22
House dying at 7, 12. Occupants: 2
Checking 6, 11: null
Added entity human at 6, 11
Ejected to 6, 11
Checking 6, 11: [object Object]
Checking 6, 12: null
Added entity human at 6, 12
Ejected to 6, 12
Removed entity house from grid at 7, 12
Added entity tree at 7, 11
Added entity tree at 5, 10
Added entity tree at 34, 21
Added entity human at 23, 29
Removed entity human from grid at 26, 32
Added entity human at 6, 41
Removed entity cow from grid at 2, 26
Added entity cow at 6, 47
Removed entity human from grid at 2, 16
Removed entity tree from grid at 19, 16
Removed entity human from grid at 12, 18
Added entity house at 49, 35
Removed entity wolf from grid at 20, 46
Removed entity cow from grid at 9, 24
Removed entity cow from grid at 6, 16
Removed entity tree from grid at 28, 41
Removed entity tree from grid at 31, 43
Removed entity human from grid at 28, 32
Removed entity tree from grid at 16, 9
Removed entity wolf from grid at 33, 3
Added entity wolf at 40, 10
Removed entity naturereserve from grid at 40, 44
Removed entity naturereserve from grid at 0, 23
Removed entity naturereserve from grid at 1, 33
Removed entity naturereserve from grid at 28, 7
Added entity tree at 48, 3
Added entity cow at 7, 48
Added entity tree at 5, 40
Added entity tree at 23, 28
Added entity tree at 5, 11
Removed entity wolf from grid at 33, 15
Removed entity tree from grid at 0, 26
Added entity cow at 8, 48
Removed entity cow from grid at 0, 17
Removed entity cow from grid at 4, 40
Removed entity cow from grid at 15, 39
Removed entity cow from grid at 12, 17
Added entity house at 11, 43
Removed entity cow from grid at 10, 12
Removed entity cow from grid at 11, 18
Added entity house at 3, 13
Added entity house at 12, 3
Removed entity tree from grid at 44, 19
Removed entity human from grid at 28, 36
Removed entity human from grid at 15, 37
Removed entity cow from grid at 9, 23
Added entity house at 15, 41
Removed entity wolf from grid at 31, 12
Added entity wolf at 36, 3
Added entity wolf at 26, 13
Removed entity naturereserve from grid at 31, 22
Added entity naturereserve at 1, 17
Human Frank built Nature Reserve for COW
Added entity naturereserve at 48, 47
Human Quinn built Nature Reserve for COW
Removed entity wolf from grid at 39, 16
Removed entity wolf from grid at 33, 3
Added entity cow at 5, 25
Cow Endangered Reproduction!
Added entity cow at 2, 18
Cow Endangered Reproduction!
Added entity cow at 2, 35
Cow Endangered Reproduction!
Added entity cow at 1, 34
Cow Endangered Reproduction!
Added entity cow at 8, 49
Added entity tree at 6, 39
Added entity tree at 7, 9
Added entity cow at 4, 46
Added entity human at 10, 38
Removed entity human from grid at 19, 20
Removed entity tree from grid at 6, 39
Added entity house at 15, 13
Added entity house at 21, 16
Added entity human at 8, 24
Removed entity human from grid at 22, 16
Removed entity human from grid at 16, 16
Removed entity human from grid at 28, 32
Removed entity tree from grid at 12, 33
Removed entity tree from grid at 4, 23
Removed entity wolf from grid at 31, 25
Removed entity wolf from grid at 33, 3
Removed entity wolf from grid at 30, 0
Removed entity naturereserve from grid at 22, 24
Removed entity naturereserve from grid at 4, 21
Removed entity naturereserve from grid at 0, 16
Added entity tree at 8, 25
Added entity tree at 9, 37
Added entity cow at 3, 45
Added entity cow at 9, 48
Added entity cow at 0, 35
Added entity cow at 3, 19
Added entity cow at 4, 26
Added entity tree at 6, 39
Removed entity tree from grid at 7, 11
Removed entity cow from grid at 8, 43
Added entity house at 30, 48
Added entity house at 8, 28
Removed entity cow from grid at 8, 23
Added entity house at 16, 44
Removed entity wolf from grid at 38, 14
Removed entity wolf from grid at 22, 1
Added entity house at 17, 10
Added entity house at 28, 36
Removed entity cow from grid at 0, 17
Added entity house at 16, 12
Added entity house at 23, 9
Added entity wolf at 29, 2
Added entity wolf at 40, 1
Removed entity naturereserve from grid at 28, 20
Removed entity naturereserve from grid at 38, 42
Added entity cow at 3, 25
Added entity cow at 10, 47
Added entity tree at 8, 23
Added entity cow at 7, 47
Added entity human at 8, 41
Removed entity human from grid at 9, 10
Removed entity cow from grid at 10, 16
Removed entity tree from grid at 12, 15
Removed entity human from grid at 28, 24
Removed entity cow from grid at 9, 17
Added entity house at 9, 26
Removed entity tree from grid at 8, 25
Removed entity tree from grid at 19, 17
Removed entity tree from grid at 8, 23
Removed entity tree from grid at 5, 11
Removed entity tree from grid at 7, 24
Removed entity tree from grid at 5, 10
Added entity house at 13, 5
Removed entity human from grid at 28, 35
Removed entity human from grid at 0, 15
Removed entity tree from grid at 15, 12
Added entity wolf at 11, 1
Added entity wolf at 47, 5
Added entity wolf at 49, 10
Removed entity naturereserve from grid at 32, 12
Added entity tree at 9, 40
Added entity cow at 9, 46
Added entity cow at 2, 26
Added entity cow at 2, 20
Added entity tree at 7, 23
Added entity tree at 8, 37
Added entity tree at 7, 39
Added entity tree at 23, 25
Added entity tree at 8, 9
Added entity tree at 12, 15
Added entity tree at 8, 42
Removed entity cow from grid at 7, 44
Removed entity cow from grid at 10, 20
Added entity human at 11, 39
Removed entity tree from grid at 26, 12
Removed entity tree from grid at 32, 48
Removed entity tree from grid at 9, 40
Removed entity cow from grid at 8, 22
Removed entity human from grid at 9, 25
Added entity house at 15, 31
Removed entity human from grid at 6, 8
Removed entity human from grid at 13, 3
Removed entity tree from grid at 9, 37
Added entity house at 5, 12
Removed entity tree from grid at 22, 47
Removed entity human from grid at 13, 6
Removed entity human from grid at 26, 11
Added entity wolf at 24, 0
Removed entity naturereserve from grid at 21, 1
Added entity tree at 10, 38
Added entity cow at 3, 21
Added entity cow at 8, 45
Added entity tree at 8, 40
Added entity cow at 6, 46
Added entity tree at 8, 23
Added entity tree at 9, 37
Added entity tree at 8, 39
Removed entity tree from grid at 8, 42
Added entity house at 32, 48
Removed entity tree from grid at 10, 38
Removed entity tree from grid at 12, 15
Added entity human at 8, 21
Removed entity tree from grid at 7, 23
Removed entity human from grid at 25, 35
Removed entity wolf from grid at 45, 18
Added entity house at 17, 48
Added entity house at 12, 41
Removed entity human from grid at 15, 11
Removed entity human from grid at 9, 4
Removed entity human from grid at 14, 5
Added entity wolf at 25, 46
Removed entity naturereserve from grid at 20, 33
Removed entity naturereserve from grid at 41, 38
Removed entity naturereserve from grid at 43, 49
Added entity tree at 7, 20
Added entity cow at 7, 46
Added entity tree at 10, 38
Added entity tree at 9, 40
Added entity cow at 0, 36
Added entity tree at 9, 23
Removed entity cow from grid at 6, 43
Removed entity wolf from grid at 33, 12
Removed entity human from grid at 13, 18
Removed entity human from grid at 28, 46
Added entity house at 4, 14
Removed entity tree from grid at 32, 47
Added entity house at 29, 41
Removed entity cow from grid at 3, 18
Added entity house at 26, 36
Removed entity tree from grid at 8, 23
Added entity house at 2, 9
Added entity wolf at 46, 5
Added entity wolf at 45, 2
Removed entity naturereserve from grid at 47, 15
Removed entity naturereserve from grid at 31, 16
Removed entity naturereserve from grid at 45, 8
Added entity cow at 1, 37
Added entity cow at 6, 47
Added entity tree at 8, 20
Added entity cow at 5, 45
Added entity cow at 2, 20
Added entity tree at 11, 38
Added entity cow at 3, 27
Removed entity tree from grid at 8, 40
Added entity human at 7, 25
Removed entity tree from grid at 21, 27
Removed entity tree from grid at 9, 37
Removed entity cow from grid at 7, 18
Removed entity human from grid at 10, 35
Added entity house at 9, 11
Removed entity tree from grid at 9, 23
Removed entity cow from grid at 7, 21
Removed entity cow from grid at 10, 28
Removed entity human from grid at 13, 4
Removed entity human from grid at 17, 44
Removed entity human from grid at 29, 44
Removed entity tree from grid at 43, 30
Removed entity human from grid at 17, 47
Removed entity tree from grid at 9, 40
Added entity house at 24, 44
Removed entity tree from grid at 29, 40
Removed entity human from grid at 6, 11
Removed entity tree from grid at 8, 9
Removed entity tree from grid at 26, 35
Added entity house at 22, 7
Removed entity human from grid at 25, 43
Removed entity naturereserve from grid at 34, 10
Removed entity naturereserve from grid at 1, 9
Removed entity naturereserve from grid at 25, 1
Added entity tree at 6, 24
Added entity cow at 2, 28
Added entity cow at 3, 19
Added entity cow at 6, 44
Added entity cow at 0, 38
Added entity tree at 9, 20
Added entity tree at 12, 38
Added entity tree at 7, 40
Added entity tree at 7, 23
Added entity tree at 9, 38
Added entity tree at 6, 41
Added entity tree at 19, 27
Added entity tree at 7, 12
Removed entity cow from grid at 7, 19
Removed entity cow from grid at 6, 44
Added entity cow at 1, 48
Added entity house at 16, 46
Removed entity tree from grid at 7, 12
Removed entity tree from grid at 7, 23
Removed entity human from grid at 17, 43
Removed entity human from grid at 10, 39
Removed entity human from grid at 23, 44
Removed entity human from grid at 22, 6
Added entity house at 31, 33
Added entity house at 13, 9
Removed entity human from grid at 22, 16
Added entity wolf at 47, 5
Removed entity naturereserve from grid at 38, 7
Removed entity naturereserve from grid at 45, 49
Added entity cow at 4, 18
Added entity cow at 1, 27
Added entity tree at 7, 24
Added entity cow at 5, 46
Added entity tree at 7, 21
Removed entity tree from grid at 11, 38
Added entity human at 7, 42
Removed entity cow from grid at 5, 42
Removed entity cow from grid at 8, 14
Removed entity tree from grid at 8, 20
Removed entity tree from grid at 5, 40
Added entity house at 7, 14
Removed entity tree from grid at 7, 40
Removed entity tree from grid at 7, 24
Added entity house at 22, 30
Removed entity human from grid at 17, 46
Removed entity wolf from grid at 29, 17
Removed entity human from grid at 16, 47
Added entity house at 46, 34
Removed entity human from grid at 21, 6
Removed entity tree from grid at 23, 42
Added entity house at 21, 28
Added entity house at 28, 40
Removed entity wolf from grid at 20, 46
Removed entity wolf from grid at 33, 10
Removed entity naturereserve from grid at 19, 0
Removed entity naturereserve from grid at 23, 2
Removed entity naturereserve from grid at 0, 37
Added entity tree at 8, 42
Added entity tree at 7, 24
Added entity tree at 8, 20
Added entity tree at 11, 38
Added entity tree at 7, 40
Added entity cow at 4, 46
Added entity tree at 7, 23
Removed entity tree from grid at 6, 41
Removed entity wolf from grid at 35, 10
Added entity human at 6, 21
Removed entity human from grid at 32, 49
Removed entity tree from grid at 7, 20
Removed entity tree from grid at 7, 21
Removed entity cow from grid at 8, 34
Added entity house at 17, 46
Added entity house at 5, 3
Removed entity cow from grid at 6, 19
Added entity human at 5, 17
Removed entity tree from grid at 33, 35
Added entity wolf at 38, 11
Removed entity naturereserve from grid at 36, 27
Added entity tree at 5, 16
Added entity tree at 7, 21
Added entity cow at 5, 47
Added entity tree at 6, 41
Added entity cow at 2, 26
Added entity cow at 3, 17
Added entity cow at 0, 49
Added entity tree at 6, 25
Added entity human at 7, 22
Removed entity cow from grid at 6, 22
Added entity house at 4, 10
Removed entity tree from grid at 10, 38
Removed entity tree from grid at 23, 28
Removed entity tree from grid at 19, 27
Removed entity cow from grid at 5, 19
Removed entity tree from grid at 26, 43
Removed entity tree from grid at 7, 9
Added entity wolf at 40, 1
Added entity wolf at 41, 9
Added entity wolf at 38, 1
Added entity wolf at 31, 4
Removed entity naturereserve from grid at 32, 9
Removed entity naturereserve from grid at 42, 46
Added entity tree at 6, 22
Added entity cow at 2, 16
Added entity tree at 4, 16
Removed entity tree from grid at 7, 21
Added entity tree at 7, 41
Added entity tree at 8, 25
Added entity tree at 7, 21
Added entity human at 19, 27
Removed entity tree from grid at 6, 22
Removed entity human from grid at 5, 17
Removed entity cow from grid at 5, 20
Removed entity human from grid at 8, 44
Removed entity human from grid at 6, 9
Added entity house at 23, 16
Removed entity human from grid at 14, 7
Added entity house at 6, 13
Added entity house at 30, 8
Added entity house at 12, 15
Removed entity tree from grid at 25, 38
Removed entity human from grid at 30, 9
Added entity wolf at 41, 9
Added entity wolf at 33, 6
Removed entity naturereserve from grid at 49, 11
Removed entity naturereserve from grid at 0, 7
Removed entity naturereserve from grid at 43, 47
Added entity berry at 46, 14
Removed entity human from grid at 29, 7
Added entity tree at 18, 26
Added entity tree at 6, 22
Added entity tree at 5, 21
Removed entity tree from grid at 8, 42
Added entity cow at 1, 39
Added entity human at 8, 26
Removed entity cow from grid at 6, 42
Removed entity cow from grid at 5, 25
Removed entity cow from grid at 8, 45
Removed entity cow from grid at 10, 45
Removed entity wolf from grid at 28, 0
Removed entity wolf from grid at 35, 14
Added entity wolf at 47, 7
Added entity wolf at 14, 2
Added entity wolf at 34, 9
Removed entity naturereserve from grid at 33, 7
Removed entity naturereserve from grid at 29, 0
Removed entity naturereserve from grid at 15, 4
Added entity tree at 9, 25
Added entity cow at 0, 40
Removed entity tree from grid at 18, 26
Removed entity tree from grid at 7, 23
Removed entity tree from grid at 6, 25
Removed entity wolf from grid at 36, 11
Added entity house at 17, 32
Added entity wolf at 38, 9
Added entity wolf at 25, 45
Added entity wolf at 1, 0
Removed entity naturereserve from grid at 28, 21
Removed entity naturereserve from grid at 32, 10
Removed entity naturereserve from grid at 27, 12
Removed entity naturereserve from grid at 29, 10
Added entity tree at 7, 26
Added entity tree at 18, 26
Added entity cow at 1, 15
Added entity tree at 8, 22
Added entity cow at 1, 27
Removed entity cow from grid at 16, 28
Removed entity wolf from grid at 37, 11
Removed entity human from grid at 32, 49
Removed entity human from grid at 8, 4
Removed entity wolf from grid at 29, 0
Removed entity human from grid at 31, 47
Removed entity wolf from grid at 32, 5
Removed entity naturereserve from grid at 48, 5
Removed entity naturereserve from grid at 31, 10
Removed entity naturereserve from grid at 19, 3
Removed entity naturereserve from grid at 2, 1
Added entity cow at 0, 28
Removed entity tree from grid at 8, 25
Added entity cow at 6, 46
Removed entity wolf from grid at 37, 12
Removed entity wolf from grid at 25, 46
Removed entity human from grid at 3, 5
Removed entity human from grid at 5, 4
Removed entity wolf from grid at 43, 14
Removed entity human from grid at 24, 29
Added entity human at 25, 10
Removed entity wolf from grid at 38, 14
Removed entity wolf from grid at 30, 1
Removed entity naturereserve from grid at 32, 22
Removed entity naturereserve from grid at 36, 9
Removed entity naturereserve from grid at 24, 45
Removed entity naturereserve from grid at 15, 17
Added entity cow at 7, 45
Added entity cow at 2, 14
Added entity tree at 7, 25
Added entity human at 11, 18
Removed entity cow from grid at 7, 28
Removed entity cow from grid at 6, 18
Removed entity tree from grid at 4, 16
Removed entity tree from grid at 27, 11
Added entity house at 16, 18
Removed entity cow from grid at 14, 49
Added entity house at 13, 11
Removed entity human from grid at 14, 9
Added entity human at 10, 6
Added entity human at 5, 33
Added entity wolf at 48, 13
Added entity wolf at 48, 7
Removed entity naturereserve from grid at 4, 2
Removed entity naturereserve from grid at 33, 18
Removed entity naturereserve from grid at 48, 11
Added entity tree at 4, 32
Added entity tree at 11, 17
Added entity cow at 1, 13
Added entity cow at 1, 29
Added entity human at 20, 30
Added entity cow at 6, 47
Removed entity tree from grid at 7, 26
Added entity house at 15, 38
Removed entity human from grid at 21, 36
Removed entity tree from grid at 25, 44
Removed entity human from grid at 13, 2
Removed entity tree from grid at 31, 3
Added entity house at 5, 14
Removed entity human from grid at 7, 15
Removed entity human from grid at 13, 14
Removed entity cow from grid at 3, 19
Removed entity wolf from grid at 30, 0
Added entity wolf at 40, 9
Added entity wolf at 40, 10
Added entity wolf at 29, 2
Added entity wolf at 37, 8
Removed entity naturereserve from grid at 35, 8
Added entity tree at 20, 29
Added entity tree at 5, 32
Removed entity human from grid at 25, 9
Added entity tree at 8, 26
Added entity human at 15, 46
Removed entity tree from grid at 8, 20
Removed entity wolf from grid at 46, 16
Removed entity human from grid at 46, 33
Added entity wolf at 41, 13
Removed entity naturereserve from grid at 39, 1
Added entity tree at 15, 45
Added entity human at 21, 29
Added entity cow at 0, 30
Added entity cow at 2, 12
Removed entity tree from grid at 5, 32
Added entity human at 20, 40
Removed entity tree from grid at 12, 38
Added entity house at 17, 37
Added entity house at 23, 37
Removed entity human from grid at 16, 9
Removed entity wolf from grid at 35, 5
Removed entity wolf from grid at 16, 1
Removed entity human from grid at 49, 34
Added entity wolf at 23, 0
Removed entity naturereserve from grid at 21, 3
Added entity tree at 20, 39
Added entity cow at 1, 31
Added entity tree at 20, 28
Removed entity wolf from grid at 15, 1
Added entity cow at 1, 39
Removed entity human from grid at 18, 38
Added entity house at 19, 35
Removed entity wolf from grid at 29, 2
Added entity house at 25, 39
Removed entity human from grid at 46, 33
Removed entity cow from grid at 10, 44
Added entity human at 10, 4
Removed entity human from grid at 48, 34
Removed entity cow from grid at 10, 46
Removed entity naturereserve from grid at 13, 1
Removed entity naturereserve from grid at 42, 10
Removed entity naturereserve from grid at 12, 0
Removed entity naturereserve from grid at 35, 4
Added entity cow at 2, 40
Added entity human at 21, 41
Added entity cow at 1, 11
Added entity berry at 38, 9
Added entity house at 18, 41
Removed entity human from grid at 15, 15
Removed entity human from grid at 18, 11
Removed entity wolf from grid at 38, 11
Removed entity tree from grid at 26, 41
Added entity house at 19, 46
Removed entity wolf from grid at 43, 14
Removed entity tree from grid at 24, 39
Removed entity wolf from grid at 48, 26
Removed entity wolf from grid at 41, 13
Removed entity naturereserve from grid at 41, 0
Added entity cow at 0, 10
Added entity tree at 21, 40
Added entity cow at 1, 41
Added entity tree at 12, 5
Added entity cow at 0, 32
Added entity human at 9, 28
Added entity cow at 1, 48
Removed entity cow from grid at 9, 45
Added entity house at 16, 19
Added entity house at 19, 15
Removed entity wolf from grid at 43, 49
Removed entity human from grid at 6, 16
Removed entity cow from grid at 9, 47
Added entity house at 20, 49
Added entity house at 33, 46
Added entity human at 7, 35
Removed entity cow from grid at 4, 19
Removed entity naturereserve from grid at 46, 12
Removed entity naturereserve from grid at 32, 3
Removed entity naturereserve from grid at 43, 2
Removed entity naturereserve from grid at 16, 2
Removed entity naturereserve from grid at 20, 0
Added entity human at 10, 29
Added entity cow at 2, 42
Added entity cow at 1, 9
Removed entity human from grid at 11, 7
Added entity cow at 8, 46
Added entity house at 9, 41
Added entity house at 27, 38
Removed entity tree from grid at 20, 29
Added entity house at 23, 15
Removed entity tree from grid at 32, 44
Removed entity human from grid at 11, 14
Removed entity cow from grid at 7, 31
Removed entity tree from grid at 33, 45
Added entity house at 30, 38
Added entity human at 26, 44
Removed entity naturereserve from grid at 42, 0
Removed entity naturereserve from grid at 39, 5
Removed entity naturereserve from grid at 31, 6
Added entity tree at 25, 43
Added entity cow at 9, 47
Added entity cow at 2, 10
Added entity tree at 10, 28
Added entity tree at 5, 35
Added entity human at 21, 42
Removed entity tree from grid at 20, 28
Added entity human at 17, 43
Added entity human at 8, 35
Removed entity cow from grid at 6, 25
Removed entity cow from grid at 5, 17
Removed entity tree from grid at 25, 37
Removed entity tree from grid at 20, 39
Added entity house at 30, 6
Added entity human at 17, 9
Added entity house at 15, 6
Added entity house at 21, 35
Removed entity tree from grid at 31, 37
Added entity house at 25, 46
Removed entity human from grid at 29, 6
Added entity wolf at 42, 11
Removed entity naturereserve from grid at 33, 4
Removed entity naturereserve from grid at 38, 0
Removed entity naturereserve from grid at 47, 8
Removed entity human from grid at 31, 5
Added entity tree at 7, 34
Added entity tree at 16, 42
Added entity tree at 21, 41
Added entity cow at 3, 11
Added entity tree at 26, 43
Added entity cow at 3, 41
Added entity human at 9, 30
Removed entity cow from grid at 5, 37
Added entity cow at 1, 33
Added entity cow at 7, 48
Added entity human at 9, 14
Added entity human at 14, 17
Removed entity tree from grid at 8, 39
Removed entity tree from grid at 11, 17
Added entity house at 15, 10
Removed entity wolf from grid at 41, 12
Removed entity wolf from grid at 21, 1
Added entity house at 23, 28
Added entity house at 21, 34
Added entity house at 28, 31
Added entity human at 9, 0
Added entity human at 19, 9
Added entity house at 32, 44
Added entity tree at 45, 18
Added entity wolf at 46, 12
Removed entity naturereserve from grid at 44, 1
Removed entity naturereserve from grid at 46, 6
Removed entity naturereserve from grid at 30, 5
Added entity tree at 19, 8
Added entity human at 13, 16
Added entity cow at 8, 49
Added entity cow at 0, 34
Added entity cow at 4, 12
Removed entity tree from grid at 16, 42
Added entity human at 22, 41
Added entity cow at 8, 48
Removed entity human from grid at 26, 45
Removed entity tree from grid at 5, 35
Removed entity cow from grid at 7, 28
Removed entity human from grid at 9, 15
Removed entity human from grid at 20, 39
Added entity house at 23, 17
Removed entity tree from grid at 24, 6
Removed entity wolf from grid at 39, 9
Added entity house at 33, 38
Added entity house at 14, 3
Added entity human at 7, 18
Added entity wolf at 24, 0
Removed entity naturereserve from grid at 42, 9
Removed entity naturereserve from grid at 38, 8
Removed entity naturereserve from grid at 48, 10
Added entity tree at 8, 17
Added entity tree at 22, 40
Added entity tree at 13, 15
Removed entity tree from grid at 19, 8
Removed entity tree from grid at 8, 17
Added entity human at 12, 29
Added entity cow at 2, 40
Added entity human at 8, 36
Added entity human at 18, 42
Removed entity tree from grid at 8, 26
Removed entity cow from grid at 5, 33
Removed entity tree from grid at 22, 25
Removed entity tree from grid at 9, 20
Removed entity tree from grid at 26, 31
Removed entity tree from grid at 15, 45
Removed entity tree from grid at 10, 28
Removed entity wolf from grid at 25, 1
Removed entity tree from grid at 34, 43
Added entity human at 28, 41
Removed entity human from grid at 32, 37
Removed entity cow from grid at 6, 18
Added entity wolf at 40, 9
Added entity wolf at 22, 0
Added entity wolf at 37, 4
Removed entity naturereserve from grid at 43, 0
Removed entity naturereserve from grid at 36, 0
Removed entity naturereserve from grid at 35, 9
Removed entity naturereserve from grid at 45, 1
Added entity tree at 17, 41
Added entity tree at 8, 35
Added entity cow at 1, 41
Added entity tree at 12, 28
Added entity tree at 8, 17
Added entity tree at 23, 41
Added entity cow at 1, 33
Added entity tree at 12, 16
Added entity tree at 19, 8
Added entity tree at 12, 17
Added entity tree at 10, 27
Removed entity tree from grid at 12, 5
Removed entity tree from grid at 28, 15
Added entity house at 32, 46
Removed entity tree from grid at 21, 40
Added entity house at 32, 6
Removed entity human from grid at 32, 7
Removed entity human from grid at 13, 6
Removed entity tree from grid at 5, 16
Added entity wolf at 16, 3
Removed entity naturereserve from grid at 35, 11
Removed entity naturereserve from grid at 38, 4
Removed entity naturereserve from grid at 31, 7
Added entity cow at 0, 32
Added entity tree at 19, 41
Added entity tree at 7, 35
Added entity tree at 13, 28
Added entity tree at 6, 18
Added entity cow at 4, 11
Removed entity human from grid at 19, 9
Removed entity human from grid at 11, 0
Added entity human at 10, 17
Removed entity human from grid at 16, 7
Removed entity human from grid at 17, 8
Added entity human at 23, 30
Removed entity human from grid at 15, 7
Added entity house at 23, 42
Removed entity human from grid at 16, 11
Removed entity tree from grid at 19, 22
Removed entity human from grid at 33, 5
Removed entity human from grid at 18, 10
Removed entity human from grid at 17, 45
Removed entity wolf from grid at 47, 20
Added entity house at 22, 37
Added entity house at 33, 32
Removed entity human from grid at 12, 6
Removed entity human from grid at 23, 8
Removed entity naturereserve from grid at 40, 6
Removed entity naturereserve from grid at 29, 3
Added entity tree at 22, 29
Added entity human at 11, 18
Added entity cow at 2, 40
Removed entity tree from grid at 8, 37
Removed entity tree from grid at 12, 28
Removed entity tree from grid at 6, 18
Removed entity tree from grid at 12, 17
Removed entity cow from grid at 5, 30
Added entity house at 17, 21
Removed entity tree from grid at 21, 41
Removed entity wolf from grid at 23, 0
Added entity house at 32, 35
Added entity house at 33, 10
Removed entity cow from grid at 5, 16
Removed entity human from grid at 15, 4
Removed entity human from grid at 34, 11
Added entity house at 34, 34
Removed entity cow from grid at 6, 17
Removed entity tree from grid at 34, 48
Removed entity human from grid at 24, 8
Removed entity human from grid at 6, 16
Added entity wolf at 35, 5
Removed entity naturereserve from grid at 46, 10
Removed entity naturereserve from grid at 39, 12
Removed entity human from grid at 32, 11
Added entity tree at 11, 17
Added entity tree at 23, 29
Added entity tree at 9, 17
Added entity tree at 15, 39
Added entity tree at 9, 35
Added entity tree at 12, 28
Added entity cow at 9, 49
Removed entity wolf from grid at 39, 8
Removed entity tree from grid at 33, 8
Added entity human at 27, 47
Added entity house at 34, 48
Added entity human at 6, 11
Removed entity wolf from grid at 35, 5
Removed entity tree from grid at 26, 2
Added entity house at 10, 18
Removed entity naturereserve from grid at 47, 4
Removed entity naturereserve from grid at 34, 0
Added entity tree at 5, 10
Added entity tree at 12, 17
Removed entity tree from grid at 23, 29
Added entity cow at 1, 31
Removed entity cow from grid at 2, 34
Removed entity cow from grid at 13, 48
Removed entity tree from grid at 4, 32
Added entity house at 15, 33
Removed entity wolf from grid at 21, 1
Removed entity tree from grid at 31, 36
Added entity house at 33, 8
Added entity house at 11, 13
Added entity house at 23, 46
Added entity human at 10, 5
Removed entity tree from grid at 33, 47
Removed entity human from grid at 34, 7
Removed entity tree from grid at 9, 17
Removed entity cow from grid at 4, 18
Added entity wolf at 34, 0
Removed entity naturereserve from grid at 17, 3
Removed entity naturereserve from grid at 34, 2
Added entity cow at 2, 32
Added entity tree at 6, 10
Added entity tree at 10, 17
Added entity tree at 24, 29
Added entity tree at 7, 19
Added entity cow at 3, 10
Added entity tree at 13, 41
Added entity human at 13, 13
Added entity cow at 0, 18
Added entity house at 22, 45
Removed entity cow from grid at 5, 24
Removed entity tree from grid at 8, 17
Removed entity tree from grid at 36, 34
Removed entity tree from grid at 36, 33
Removed entity human from grid at 34, 46
Added entity human at 8, 11
Removed entity naturereserve from grid at 47, 6
Removed entity naturereserve from grid at 24, 1
Added entity tree at 8, 10
Added entity tree at 12, 12
Added entity cow at 1, 33
Added entity tree at 5, 11
Added entity human at 11, 30
Added entity human at 25, 44
Removed entity cow from grid at 5, 20
Removed entity cow from grid at 3, 21
Removed entity tree from grid at 18, 26
Removed entity wolf from grid at 46, 16
Removed entity tree from grid at 6, 24
Added entity house at 29, 29
Removed entity human from grid at 34, 7
Removed entity tree from grid at 13, 15
Removed entity human from grid at 45, 30
Removed entity tree from grid at 22, 40
Removed entity tree from grid at 7, 19
Removed entity naturereserve from grid at 39, 0
Removed entity naturereserve from grid at 31, 0
Added entity tree at 26, 44
Added entity tree at 10, 29
Added entity tree at 9, 10
Added entity tree at 13, 12
Added entity cow at 2, 11
Added entity tree at 7, 11
Added entity cow at 10, 48
Added entity cow at 3, 41
Removed entity tree from grid at 10, 17
Added entity human at 9, 17
Added entity cow at 7, 48
Added entity house at 18, 44
Added entity cow at 2, 49
Removed entity tree from grid at 5, 21
Removed entity cow from grid at 3, 16
Added entity house at 19, 43
Added entity house at 35, 45
Added entity house at 33, 9
Removed entity cow from grid at 11, 49
Removed entity human from grid at 20, 5
Added entity house at 20, 42
Removed entity human from grid at 32, 9
Removed entity naturereserve from grid at 49, 6
Added entity tree at 10, 17
Added entity cow at 11, 47
Added entity cow at 1, 12
Added entity tree at 24, 45
Removed entity tree from grid at 8, 10
Removed entity cow from grid at 4, 30
Added entity house at 22, 19
Removed entity wolf from grid at 45, 16
Removed entity tree from grid at 25, 43
Added entity house at 27, 27
Removed entity tree from grid at 24, 45
Removed entity human from grid at 32, 41
Removed entity wolf from grid at 42, 14
Removed entity wolf from grid at 37, 2
Added entity wolf at 46, 11
Added entity wolf at 18, 5
Added entity cow at 3, 48
Added entity tree at 10, 16
Added entity tree at 25, 43
Added entity tree at 8, 31
Removed entity cow from grid at 3, 12
Removed entity tree from grid at 17, 41
Removed entity tree from grid at 33, 48
Removed entity tree from grid at 25, 31
Removed entity tree from grid at 19, 41
Added entity house at 15, 16
Removed entity human from grid at 32, 9
Removed entity naturereserve from grid at 37, 1
Removed entity naturereserve from grid at 34, 12
Removed entity naturereserve from grid at 19, 4
Removed entity naturereserve from grid at 25, 0
Removed entity naturereserve from grid at 34, 1
Added entity cow at 0, 11
Added entity cow at 6, 49
Added entity tree at 8, 17
Added entity cow at 4, 42
Added entity tree at 24, 43
Added entity tree at 9, 31
Added entity tree at 10, 8
Added entity human at 13, 14
Added entity human at 20, 29
Removed entity cow from grid at 2, 16
Added entity human at 18, 43
Removed entity human from grid at 10, 35
Added entity house at 17, 35
Removed entity human from grid at 3, 20
Added entity house at 19, 29
Added entity house at 26, 13
Removed entity tree from grid at 15, 39
Added entity house at 21, 40
Removed entity tree from grid at 23, 25
Removed entity tree from grid at 24, 29
Removed entity tree from grid at 22, 29
Added entity house at 30, 31
Added entity human at 24, 48
Added entity house at 3, 18
Added entity human at 28, 44
Added entity wolf at 47, 11
Removed entity naturereserve from grid at 40, 12
Removed entity naturereserve from grid at 45, 11
Removed entity human from grid at 15, 3
Added entity tree at 28, 43
Added entity tree at 23, 47
Added entity tree at 18, 42
Added entity tree at 20, 28
Added entity human at 8, 18
Added entity human at 10, 33
Added entity cow at 1, 16
Removed entity cow from grid at 7, 29
Removed entity tree from grid at 8, 31
Added entity house at 13, 39
Removed entity cow from grid at 2, 18
Removed entity human from grid at 7, 13
Removed entity tree from grid at 20, 28
Removed entity human from grid at 27, 31
Added entity house at 44, 37
Added entity human at 12, 10
Added entity human at 7, 15
Added entity house at 31, 31
Removed entity tree from grid at 12, 16
Added entity house at 14, 18
Removed entity naturereserve from grid at 48, 12
Removed entity naturereserve from grid at 23, 1
Added entity tree at 6, 14
Added entity tree at 11, 9
Added entity cow at 2, 15
Added entity tree at 11, 32
Removed entity tree from grid at 8, 17
Added entity cow at 2, 47
Removed entity tree from grid at 24, 43
Added entity house at 8, 8
Removed entity cow from grid at 4, 9
Removed entity tree from grid at 11, 38
Removed entity human from grid at 21, 39
Removed entity cow from grid at 10, 42
Removed entity wolf from grid at 28, 0
Added entity house at 31, 41
Added entity human at 24, 41
Added entity human at 13, 45
Removed entity human from grid at 33, 6
Removed entity tree from grid at 12, 17
Added entity tree at 12, 44
Added entity cow at 1, 48
Added entity tree at 8, 14
Added entity tree at 12, 9
Added entity tree at 9, 32
Added entity human at 9, 19
Added entity human at 20, 41
Added entity cow at 1, 13
Added entity cow at 12, 46
Removed entity tree from grid at 9, 10
Removed entity cow from grid at 3, 16
Removed entity tree from grid at 28, 16
Removed entity tree from grid at 31, 39
Removed entity wolf from grid at 35, 1
Removed entity tree from grid at 27, 34
Removed entity tree from grid at 12, 44
Added entity house at 42, 23
Removed entity naturereserve from grid at 41, 10
Removed entity naturereserve from grid at 41, 11
Removed entity naturereserve from grid at 28, 2
Removed entity naturereserve from grid at 36, 4
Removed entity human from grid at 43, 23
Added entity tree at 19, 40
Added entity tree at 9, 18
Added entity tree at 12, 44
Added entity cow at 3, 14
Added entity tree at 8, 15
Added entity tree at 11, 10
Removed entity tree from grid at 11, 32
Added entity cow at 5, 43
Removed entity tree from grid at 6, 14
Removed entity cow from grid at 9, 36
Removed entity human from grid at 6, 8
Removed entity tree from grid at 13, 41
Added entity house at 27, 29
Removed entity wolf from grid at 35, 1
Added entity house at 21, 47
Removed entity human from grid at 24, 11
Added entity house at 17, 6
Added entity human at 27, 10
Removed entity human from grid at 43, 22
Added entity tree at 28, 9
Added entity cow at 2, 13
Added entity cow at 13, 47
Added entity cow at 0, 14
Removed entity cow from grid at 12, 46
Added entity cow at 2, 34
Added entity tree at 26, 20
Added entity tree at 27, 13
Removed entity wolf from grid at 39, 9
Removed entity wolf from grid at 35, 1
Removed entity tree from grid at 42, 41
Added entity human at 16, 47
Removed entity tree from grid at 36, 29
Removed entity tree from grid at 41, 26
Added entity wolf at 37, 7
Removed entity naturereserve from grid at 49, 7
Removed entity naturereserve from grid at 43, 16
Added entity tree at 27, 9
Added entity cow at 4, 44
Removed entity cow from grid at 4, 9
Removed entity cow from grid at 3, 12
Removed entity cow from grid at 10, 42
Removed entity cow from grid at 4, 35
Added entity berry at 0, 41
Added entity tree at 27, 20
Added entity tree at 28, 13
Added entity cow at 2, 17
Added entity house at 33, 30
Added entity human at 28, 45
Added entity human at 19, 11
Added entity cow at 1, 35
Added entity cow at 11, 46
Added entity cow at 1, 12
Removed entity tree from grid at 27, 9
Removed entity cow from grid at 12, 47
Removed entity cow from grid at 3, 14
Removed entity cow from grid at 3, 34
Removed entity cow from grid at 3, 32
Removed entity cow from grid at 9, 42
Removed entity wolf from grid at 42, 10
Added entity house at 35, 37
Removed entity human from grid at 44, 42
Removed entity cow from grid at 11, 46
Added entity human at 24, 40
Added entity human at 7, 15
Added entity tree at 6, 15
Added entity cow at 2, 36
Removed entity tree from grid at 28, 43
Added entity cow at 5, 43
Removed entity cow from grid at 4, 21
Removed entity cow from grid at 2, 15
Removed entity cow from grid at 4, 36
Removed entity tree from grid at 5, 10
Added entity human at 38, 23
Added entity human at 38, 21
Added entity human at 20, 13
Added entity house at 25, 49
Added entity house at 45, 21
Removed entity tree from grid at 6, 15
Added entity wolf at 42, 3
Removed entity naturereserve from grid at 49, 0
Removed entity naturereserve from grid at 33, 13
Added entity cow at 1, 37
Added entity tree at 6, 14
Added entity cow at 0, 11
Added entity tree at 18, 9
Added entity tree at 28, 43
Added entity house at 8, 46
Removed entity cow from grid at 2, 12
Added entity house at 19, 44
Removed entity human from grid at 19, 25
Added entity human at 20, 15
Added entity house at 22, 26
Removed entity human from grid at 45, 22
Added entity human at 8, 7
Removed entity human from grid at 44, 22
Added entity cow at 0, 38
Added entity cow at 6, 44
Removed entity tree from grid at 19, 8
Added entity cow at 3, 17
Removed entity human from grid at 12, 47
Added entity human at 20, 43
Added entity cow at 0, 47
Removed entity cow from grid at 2, 14
Removed entity cow from grid at 2, 11
Removed entity cow from grid at 10, 45
Removed entity cow from grid at 2, 12
Removed entity cow from grid at 8, 39
Removed entity human from grid at 35, 28
Removed entity wolf from grid at 35, 2
Added entity human at 21, 9
Removed entity wolf from grid at 44, 11
Removed entity tree from grid at 38, 30
Removed entity cow from grid at 10, 44
Removed entity human from grid at 36, 27
Removed entity human from grid at 17, 5
Removed entity cow from grid at 11, 49
Added entity tree at 21, 8
Added entity tree at 21, 42
Added entity cow at 7, 45
Added entity cow at 1, 12
Removed entity cow from grid at 11, 47
Added entity cow at 1, 15
Added entity human at 12, 22
Added entity human at 11, 38
Added entity cow at 7, 48
Added entity human at 19, 45
Removed entity tree from grid at 7, 35
Added entity house at 2, 11
Added entity human at 8, 11
Removed entity berry from grid at 0, 41
Removed entity tree from grid at 9, 38
Removed entity tree from grid at 13, 12
Removed entity wolf from grid at 36, 0
Removed entity wolf from grid at 43, 11
Removed entity tree from grid at 10, 8
Removed entity naturereserve from grid at 42, 8
Added entity tree at 8, 10
Added entity tree at 20, 44
Added entity tree at 10, 37
Added entity tree at 11, 21
Added entity cow at 0, 13
Removed entity tree from grid at 21, 8
Removed entity human from grid at 21, 44
Added entity cow at 4, 18
Removed entity human from grid at 9, 5
Removed entity human from grid at 21, 9
Removed entity cow from grid at 3, 14
Added entity house at 11, 12
Added entity human at 11, 35
Added entity human at 14, 14
Removed entity tree from grid at 6, 14
Added entity house at 0, 9
Removed entity tree from grid at 5, 11
Removed entity tree from grid at 18, 42
Removed entity wolf from grid at 19, 1
Removed entity tree from grid at 23, 47
Removed entity wolf from grid at 43, 9
Added entity house at 17, 30
Added entity human at 6, 18
Removed entity naturereserve from grid at 42, 1
Added entity tree at 6, 17
Added entity tree at 14, 13
Added entity tree at 10, 34
Added entity cow at 3, 19
Added entity tree at 9, 10
Added entity tree at 18, 45
Removed entity tree from grid at 10, 37
Removed entity cow from grid at 4, 16
Removed entity cow from grid at 8, 42
Removed entity human from grid at 5, 36
Added entity house at 15, 15
Removed entity tree from grid at 19, 40
Removed entity cow from grid at 8, 43
Removed entity human from grid at 22, 48
Added entity house at 43, 24
Removed entity human from grid at 3, 6
Added entity wolf at 39, 11
Removed entity naturereserve from grid at 41, 2
Removed entity naturereserve from grid at 44, 3
Added entity tree at 5, 18
Added entity tree at 13, 13
Added entity human at 12, 34
Removed entity tree from grid at 7, 11
Removed entity tree from grid at 18, 45
Added entity human at 12, 39
Removed entity cow from grid at 5, 38
Added entity house at 16, 8
Removed entity tree from grid at 6, 10
Removed entity cow from grid at 6, 35
Added entity human at 21, 36
Added entity human at 29, 32
Removed entity tree from grid at 20, 44
Removed entity human from grid at 10, 44
Added entity human at 10, 44
Removed entity human from grid at 28, 42
Removed entity naturereserve from grid at 38, 10
Added entity tree at 9, 43
Added entity tree at 20, 35
Added entity tree at 12, 38
Added entity tree at 11, 33
Added entity cow at 4, 20
Added entity cow at 8, 47
Added entity cow at 1, 37
Added entity house at 8, 48
Removed entity wolf from grid at 36, 1
Added entity house at 9, 39
Added entity house at 4, 37
Added entity house at 5, 16
Removed entity cow from grid at 3, 14
Added entity house at 35, 9
Added entity house at 19, 39
Removed entity tree from grid at 13, 28
Removed entity tree from grid at 44, 23
Removed entity cow from grid at 10, 45
Added entity house at 20, 20
Added entity berry at 30, 20
Removed entity naturereserve from grid at 36, 6
Removed entity naturereserve from grid at 37, 10
Removed entity naturereserve from grid at 49, 4
Added entity cow at 5, 19
Added entity tree at 10, 43
Added entity tree at 22, 35
Added entity human at 13, 38
Added entity cow at 1, 14
Added entity house at 36, 43
Removed entity cow from grid at 6, 37
Added entity house at 16, 3
Removed entity human from grid at 4, 11
Removed entity tree from grid at 14, 13
Added entity house at 10, 38
Removed entity human from grid at 36, 9
Added entity house at 11, 34
Added entity human at 31, 44
Removed entity human from grid at 42, 24
Added entity house at 34, 41
Removed entity human from grid at 35, 10
Added entity tree at 31, 43
Removed entity tree from grid at 12, 38
Added entity cow at 0, 36
Added entity human at 5, 7
Added entity cow at 2, 16
Removed entity tree from grid at 35, 42
Removed entity cow from grid at 11, 47
Removed entity tree from grid at 7, 40
Removed entity tree from grid at 6, 39
Removed entity cow from grid at 2, 10
Removed entity human from grid at 13, 37
Removed entity tree from grid at 6, 17
Added entity human at 12, 8
Removed entity tree from grid at 10, 34
Added entity human at 26, 12
Removed entity tree from grid at 12, 28
Added entity human at 23, 13
Added entity human at 26, 30
Removed entity tree from grid at 33, 40
Added entity tree at 26, 29
Added entity tree at 23, 12
Added entity tree at 11, 7
Removed entity human from grid at 5, 7
Added entity tree at 32, 43
Added entity cow at 2, 15
Added entity tree at 12, 37
Added entity cow at 6, 20
Added entity cow at 7, 48
Added entity tree at 12, 45
Added entity tree at 22, 36
Added entity tree at 10, 39
Added entity human at 14, 32
Removed entity cow from grid at 7, 43
Removed entity tree from grid at 8, 22
Removed entity cow from grid at 3, 5
Removed entity cow from grid at 4, 26
Added entity house at 8, 6
Removed entity tree from grid at 7, 34
Removed entity human from grid at 7, 38
Removed entity human from grid at 8, 40
Added entity human at 14, 4
Removed entity human from grid at 11, 41
Removed entity cow from grid at 9, 45
Added entity berry at 42, 22
Removed entity human from grid at 40, 22
Removed entity human from grid at 44, 24
Added entity tree at 13, 31
Added entity cow at 5, 21
Added entity tree at 25, 30
Removed entity tree from grid at 31, 43
Added entity human at 14, 39
Removed entity human from grid at 5, 7
Added entity cow at 6, 46
Removed entity human from grid at 2, 10
Removed entity tree from grid at 12, 9
Removed entity tree from grid at 11, 7
Removed entity human from grid at 4, 9
Added entity house at 17, 28
Removed entity tree from grid at 21, 42
Added entity human at 17, 13
Added entity house at 24, 21
Removed entity human from grid at 44, 23
Removed entity human from grid at 39, 21
Added entity tree at 17, 12
Added entity tree at 14, 38
Added entity tree at 14, 31
Added entity cow at 3, 16
Added entity tree at 27, 30
Removed entity tree from grid at 11, 9
Added entity cow at 1, 15
Added entity cow at 1, 35
Removed entity tree from grid at 12, 45
Removed entity tree from grid at 7, 25
Removed entity tree from grid at 8, 10
Removed entity cow from grid at 5, 40
Removed entity human from grid at 8, 7
Removed entity human from grid at 6, 10
Removed entity tree from grid at 8, 35
Added entity human at 20, 17
Added entity human at 27, 34
Added entity house at 25, 27
Added entity tree at 26, 33
Added entity tree at 19, 16
Added entity cow at 2, 36
Added entity cow at 2, 17
Added entity cow at 5, 45
Added entity tree at 31, 44
Removed entity cow from grid at 10, 47
Removed entity cow from grid at 11, 46
Added entity tree at 37, 39
Added entity tree at 29, 36
Removed entity cow from grid at 7, 16
Removed entity cow from grid at 5, 38
Removed entity cow from grid at 8, 44
Added entity human at 18, 49
Removed entity tree from grid at 27, 36
Removed entity wolf from grid at 40, 3
Removed entity cow from grid at 8, 44
Added entity tree at 18, 48
Added entity cow at 4, 22
Added entity cow at 6, 47
Removed entity tree from grid at 11, 17
Added entity human at 14, 43
Added entity human at 8, 26
Added entity human at 11, 47
Removed entity human from grid at 7, 11
Removed entity human from grid at 5, 39
Removed entity cow from grid at 10, 49
Added entity house at 19, 25
Removed entity cow from grid at 7, 28
Removed entity cow from grid at 4, 38
Added entity human at 23, 6
Added entity human at 28, 47
Removed entity tree from grid at 26, 29
Removed entity wolf from grid at 41, 4
Added entity tree at 10, 47
Added entity tree at 7, 25
Added entity cow at 3, 23
Removed entity tree from grid at 18, 48
Added entity cow at 0, 16
Added entity house at 12, 27
Added entity human at 11, 17
Added entity cow at 1, 48
Removed entity wolf from grid at 41, 3
Removed entity tree from grid at 12, 44
Removed entity human from grid at 6, 7
Removed entity human from grid at 2, 8
Added entity house at 10, 37
Removed entity cow from grid at 7, 44
Removed entity human from grid at 11, 46
Removed entity human from grid at 33, 34
Removed entity human from grid at 19, 23
Added entity human at 16, 49
Added entity house at 7, 44
Added entity house at 6, 42
Removed entity tree from grid at 26, 20
Added entity cow at 2, 24
Added entity tree at 7, 43
Added entity naturereserve at 12, 26
Human Yara built Nature Reserve for WOLF
Added entity tree at 11, 39
Added entity tree at 9, 40
Added entity naturereserve at 9, 22
Human Ivy built Nature Reserve for WOLF
Added entity human at 33, 49
Removed entity wolf from grid at 41, 3
Added entity human at 11, 14
Added entity naturereserve at 44, 47
Human Quinn built Nature Reserve for WOLF
Added entity human at 24, 36
Added entity wolf at 13, 26
Added entity cow at 1, 23
Added entity cow at 1, 35
Removed entity human from grid at 11, 26
Removed entity human from grid at 7, 29
Removed entity human from grid at 11, 27
Removed entity human from grid at 10, 26
Removed entity human from grid at 3, 7
Removed entity human from grid at 8, 26
Removed entity human from grid at 18, 25
Removed entity human from grid at 20, 28
Added entity human at 29, 7
Added entity human at 30, 42
Added entity human at 14, 6
Removed entity human from grid at 16, 28
Removed entity wolf from grid at 41, 1
Added entity human at 10, 5
Added entity human at 24, 42
Added entity human at 24, 36
Added entity cow at 0, 22
Added entity wolf at 10, 22
Added entity cow at 1, 15
Removed entity human from grid at 7, 28
Added entity cow at 5, 46
Removed entity human from grid at 13, 18
Removed entity wolf from grid at 41, 5
Removed entity cow from grid at 3, 38
Removed entity human from grid at 12, 16
Removed entity human from grid at 14, 32
Removed entity human from grid at 11, 17
Removed entity human from grid at 11, 19
Added entity human at 31, 9
Added entity human at 23, 43
Removed entity human from grid at 17, 27
Added entity naturereserve at 39, 34
Human Tina built Nature Reserve for WOLF
Removed entity wolf from grid at 42, 1
Removed entity human from grid at 11, 16
Added entity naturereserve at 37, 26
Human Sam built Nature Reserve for WOLF
Removed entity human from grid at 17, 22
Added entity naturereserve at 43, 44
Human Jack built Nature Reserve for WOLF
Removed entity human from grid at 19, 24
Removed entity cow from grid at 7, 45
Removed entity cow from grid at 4, 15
Removed entity human from grid at 21, 25
Added entity cow at 4, 46
Removed entity wolf from grid at 42, 4
Removed entity cow from grid at 2, 37
Removed entity cow from grid at 4, 13
Added entity human at 15, 45
Removed entity wolf from grid at 42, 14
Added entity human at 6, 7
Added entity naturereserve at 35, 43
Human Milo built Nature Reserve for WOLF
Removed entity cow from grid at 7, 46
Added entity human at 12, 7
Removed entity human from grid at 5, 15
Removed entity human from grid at 12, 16
Added entity cow at 5, 47
Added entity cow at 2, 34
Added entity human at 29, 47
Added entity human at 3, 6
Added entity naturereserve at 47, 39
Human Diana built Nature Reserve for WOLF
Removed entity human from grid at 20, 21
Removed entity human from grid at 3, 6
Added entity cow at 3, 33
Added entity cow at 6, 46
Removed entity cow from grid at 3, 9
Removed entity cow from grid at 7, 22
Added entity cow at 2, 47
Removed entity cow from grid at 2, 35
Removed entity wolf from grid at 15, 25
Removed entity human from grid at 4, 26
Removed entity cow from grid at 4, 33
Added entity cow at 1, 18
Added entity naturereserve at 42, 33
Human Tina built Nature Reserve for WOLF
Added entity naturereserve at 36, 28
Human Diana built Nature Reserve for WOLF
Added entity naturereserve at 47, 48
Human Wendy built Nature Reserve for WOLF
Added entity human at 29, 49
Added entity tree at 44, 21
Added entity cow at 0, 17
Removed entity cow from grid at 9, 47
Removed entity wolf from grid at 1, 3
Removed entity human from grid at 5, 13
Removed entity cow from grid at 11, 49
Removed entity cow from grid at 2, 37
Removed entity human from grid at 7, 13
Removed entity cow from grid at 6, 30
Added entity naturereserve at 38, 27
Human Alice built Nature Reserve for WOLF
Removed entity cow from grid at 5, 35
Removed entity cow from grid at 4, 32
Removed entity cow from grid at 4, 35
Removed entity cow from grid at 6, 45
Added entity human at 12, 42
Removed entity cow from grid at 9, 48
Added entity cow at 1, 46
Added entity cow at 7, 47
Added entity cow at 2, 34
Added entity wolf at 39, 33
Added entity cow at 0, 14
Removed entity wolf from grid at 7, 22
Added entity cow at 3, 16
Added entity human at 33, 47
Removed entity wolf from grid at 46, 11
Removed entity human from grid at 33, 33
Removed entity human from grid at 33, 31
Removed entity human from grid at 33, 34
Added entity human at 27, 10
Removed entity human from grid at 35, 35
Added entity naturereserve at 3, 10
Human Ruby built Nature Reserve for WOLF
Added entity cow at 1, 23
Added entity naturereserve at 10, 22
Human Jack built Nature Reserve for WOLF
Added entity human at 45, 35
Added entity human at 15, 47
Removed entity wolf from grid at 46, 15
Removed entity human from grid at 47, 35
Added entity cow at 4, 17
Added entity wolf at 8, 23
Removed entity human from grid at 34, 29
Removed entity human from grid at 15, 20
Removed entity human from grid at 34, 30
Removed entity wolf from grid at 38, 0
Added entity human at 21, 9
Added entity naturereserve at 42, 48
Human Wendy built Nature Reserve for WOLF
Added entity cow at 2, 22
Added entity cow at 2, 45
Added entity cow at 6, 47
Removed entity cow from grid at 9, 46
Removed entity cow from grid at 4, 32
Removed entity cow from grid at 2, 36
Added entity human at 4, 2
Removed entity cow from grid at 2, 38
Added entity human at 14, 10
Added entity human at 48, 34
Added entity naturereserve at 41, 44
Human Yara built Nature Reserve for WOLF
Removed entity human from grid at 11, 16
Removed entity cow from grid at 3, 34
Removed entity cow from grid at 6, 43
Added entity cow at 7, 48
Added entity cow at 3, 33
Added entity cow at 6, 46
Added entity human at 48, 34
Added entity human at 26, 12
Added entity naturereserve at 39, 37
Human Quinn built Nature Reserve for WOLF
Removed entity human from grid at 30, 28
Added entity cow at 3, 21
Added entity tree at 23, 34
Added entity tree at 9, 15
Added entity human at 45, 33
Added entity naturereserve at 45, 48
Human Jack built Nature Reserve for WOLF
Removed entity wolf from grid at 36, 26
Added entity human at 6, 18
Added entity berry at 36, 15
Removed entity human from grid at 6, 18
Added entity naturereserve at 2, 5
Human Diana built Nature Reserve for WOLF
Added entity naturereserve at 40, 47
Human Grace built Nature Reserve for WOLF
Removed entity wolf from grid at 5, 23
Removed entity cow from grid at 8, 49
Added entity human at 17, 45
Added entity naturereserve at 32, 22
Human Eve built Nature Reserve for WOLF
Removed entity wolf from grid at 46, 9
Added entity human at 21, 13
Added entity naturereserve at 46, 29
Human Charlie built Nature Reserve for WOLF
Added entity cow at 4, 35
Added entity cow at 1, 16
Removed entity cow from grid at 7, 22
Removed entity cow from grid at 0, 34
Added entity human at 29, 7
Added entity human at 29, 5
Removed entity cow from grid at 9, 24
Removed entity cow from grid at 8, 37
Removed entity cow from grid at 7, 40
Removed entity cow from grid at 3, 38
Removed entity wolf from grid at 46, 11
Removed entity cow from grid at 4, 34
Added entity naturereserve at 48, 25
Human Oscar built Nature Reserve for WOLF
Added entity human at 26, 41
Added entity naturereserve at 38, 32
Human Wendy built Nature Reserve for WOLF
Added entity cow at 2, 15
Added entity cow at 3, 36
Added entity cow at 2, 20
Added entity naturereserve at 0, 4
Human Diana built Nature Reserve for WOLF
Added entity human at 23, 8
Added entity human at 24, 39
Added entity naturereserve at 41, 49
Human Yara built Nature Reserve for WOLF
Removed entity wolf from grid at 38, 0
Added entity cow at 3, 19
Added entity cow at 2, 35
Added entity cow at 6, 49
Added entity cow at 1, 13
Added entity wolf at 10, 21
Removed entity cow from grid at 8, 44
Removed entity cow from grid at 1, 32
Removed entity cow from grid at 5, 39
Removed entity cow from grid at 0, 41
Removed entity wolf from grid at 44, 10
Added entity naturereserve at 42, 49
Human Yara built Nature Reserve for WOLF
Added entity cow at 1, 34
Added entity wolf at 39, 32
Removed entity human from grid at 45, 33
Added entity wolf at 40, 43
Removed entity human from grid at 45, 36
Added entity naturereserve at 31, 19
Human Grace built Nature Reserve for WOLF
Removed entity wolf from grid at 41, 2
Removed entity human from grid at 45, 40
Removed entity human from grid at 35, 41
Removed entity human from grid at 36, 45
Removed entity human from grid at 43, 38
Removed entity human from grid at 36, 37
Added entity cow at 0, 35
Added entity cow at 2, 14
Added entity cow at 3, 44
Removed entity human from grid at 7, 18
Removed entity cow from grid at 5, 26
Removed entity human from grid at 16, 17
Added entity berry at 39, 8
Removed entity cow from grid at 9, 46
Added entity human at 33, 7
Removed entity cow from grid at 0, 31
Removed entity cow from grid at 7, 34
Removed entity cow from grid at 0, 41
Added entity human at 23, 45
Added entity human at 13, 2
Removed entity human from grid at 19, 19
Added entity human at 24, 12
Added entity human at 9, 2
Added entity cow at 3, 14
Added entity cow at 5, 45
Removed entity human from grid at 46, 39
Removed entity wolf from grid at 40, 31
Added entity wolf at 11, 27
Removed entity human from grid at 4, 26
Removed entity human from grid at 15, 30
Removed entity human from grid at 7, 32
Added entity human at 14, 5
Removed entity human from grid at 19, 20
Removed entity human from grid at 16, 32
Removed entity human from grid at 7, 33
Added entity human at 24, 10
Added entity human at 17, 11
Removed entity wolf from grid at 43, 7
Added entity naturereserve at 44, 29
Human Tina built Nature Reserve for WOLF
Added entity naturereserve at 26, 2
Human Ivy built Nature Reserve for WOLF
Added entity human at 16, 45
Removed entity human from grid at 37, 42
Removed entity human from grid at 36, 42
Removed entity human from grid at 10, 33
Added entity naturereserve at 28, 22
Human Alice built Nature Reserve for WOLF
Removed entity human from grid at 48, 41
Added entity wolf at 49, 26
Added entity naturereserve at 39, 30
Human Yara built Nature Reserve for WOLF
Added entity wolf at 38, 35
Added entity naturereserve at 27, 21
Human Frank built Nature Reserve for WOLF
Added entity naturereserve at 22, 5
Human Uma built Nature Reserve for WOLF
Removed entity human from grid at 13, 17
Added entity human at 34, 9
Added entity human at 32, 11
Removed entity human from grid at 17, 22
Added entity human at 22, 10
Removed entity human from grid at 9, 33
Added entity human at 17, 9
Removed entity human from grid at 36, 36
Added entity wolf at 1, 5
Removed entity human from grid at 36, 45
Added entity naturereserve at 19, 0
Human Bob built Nature Reserve for WOLF
Added entity wolf at 13, 26
Added entity naturereserve at 49, 24
Human Ruby built Nature Reserve for WOLF
Removed entity human from grid at 18, 31
Removed entity human from grid at 10, 33
Removed entity human from grid at 6, 3
Removed entity human from grid at 19, 30
Added entity human at 31, 7
Added entity naturereserve at 0, 29
Human Zane built Nature Reserve for WOLF
Removed entity human from grid at 48, 41
Removed entity wolf from grid at 41, 43
Added entity human at 17, 9
Added entity naturereserve at 30, 17
Human Diana built Nature Reserve for WOLF
Removed entity human from grid at 43, 2
Removed entity human from grid at 33, 11
Removed entity human from grid at 34, 10
Added entity cow at 4, 13
Added entity naturereserve at 25, 23
Human Yara built Nature Reserve for WOLF
Added entity cow at 3, 16
Removed entity wolf from grid at 49, 26
Added entity cow at 49, 46
Removed entity human from grid at 14, 33
Removed entity wolf from grid at 44, 10
Added entity wolf at 41, 0
Added entity cow at 4, 45
Added entity cow at 1, 36
Added entity cow at 4, 18
Added entity wolf at 33, 22
Removed entity cow from grid at 7, 37
Removed entity wolf from grid at 13, 26
Removed entity cow from grid at 3, 35
Removed entity cow from grid at 4, 38
Removed entity wolf from grid at 5, 25
Removed entity cow from grid at 8, 43
Removed entity human from grid at 48, 34
Added entity cow at 2, 37
Removed entity human from grid at 29, 30
Added entity wolf at 31, 23
Removed entity cow from grid at 7, 38
Removed entity cow from grid at 7, 35
Removed entity wolf from grid at 44, 4
Removed entity cow from grid at 49, 46
Removed entity cow from grid at 2, 27
Removed entity cow from grid at 4, 35
Added entity human at 14, 4
Removed entity wolf from grid at 41, 30
Removed entity cow from grid at 6, 25
Removed entity human from grid at 33, 6
Added entity cow at 5, 17
Added entity cow at 2, 15
Added entity cow at 6, 44
Added entity cow at 7, 48
Added entity wolf at 35, 28
Removed entity wolf from grid at 8, 22
Removed entity wolf from grid at 36, 16
Removed entity human from grid at 27, 26
Removed entity human from grid at 33, 5
Removed entity human from grid at 25, 21
Added entity cow at 1, 38
Added entity naturereserve at 14, 0
Human Zane built Nature Reserve for WOLF
Added entity wolf at 37, 29
Added entity naturereserve at 20, 0
Human Bob built Nature Reserve for WOLF
Removed entity wolf from grid at 43, 11
Removed entity wolf from grid at 45, 10
Removed entity human from grid at 30, 32
Added entity naturereserve at 35, 19
Human Alice built Nature Reserve for WOLF
Added entity cow at 3, 44
Removed entity human from grid at 27, 14
Removed entity human from grid at 25, 13
Added entity wolf at 43, 49
Removed entity human from grid at 24, 14
Added entity wolf at 37, 27
Removed entity human from grid at 25, 21
Removed entity wolf from grid at 45, 5
Added entity human at 34, 10
Removed entity cow from grid at 3, 25
Removed entity wolf from grid at 47, 6
Removed entity cow from grid at 4, 23
Removed entity wolf from grid at 46, 13
Added entity human at 12, 6
Added entity cow at 0, 37
Added entity wolf at 0, 30
Added entity wolf at 49, 25
Removed entity human from grid at 24, 15
Added entity wolf at 40, 35
Added entity naturereserve at 43, 14
Human Frank built Nature Reserve for WOLF
Removed entity human from grid at 7, 33
Added entity naturereserve at 49, 49
Human Frank built Nature Reserve for WOLF
Added entity human at 34, 7
Added entity human at 15, 2
Removed entity human from grid at 3, 36
Removed entity human from grid at 27, 28
Removed entity wolf from grid at 38, 31
Removed entity human from grid at 6, 3
Removed entity human from grid at 25, 28
Removed entity wolf from grid at 48, 13
Removed entity human from grid at 45, 2
Removed entity human from grid at 47, 37
Added entity cow at 8, 49
Added entity cow at 5, 43
Added entity wolf at 40, 48
Added entity wolf at 46, 39
Removed entity human from grid at 34, 46
Removed entity human from grid at 35, 48
Removed entity cow from grid at 5, 25
Removed entity cow from grid at 8, 19
Removed entity human from grid at 34, 7
Removed entity cow from grid at 5, 19
Added entity human at 12, 7
Removed entity human from grid at 48, 39
Added entity human at 13, 47
Added entity cow at 6, 18
Added entity wolf at 31, 18
Removed entity human from grid at 48, 34
Removed entity wolf from grid at 42, 36
Added entity wolf at 36, 27
Removed entity wolf from grid at 32, 17
Removed entity wolf from grid at 37, 28
Added entity naturereserve at 39, 38
Human Yara built Nature Reserve for WOLF
Removed entity human from grid at 30, 30
Added entity naturereserve at 38, 0
Human Ruby built Nature Reserve for WOLF
Added entity wolf at 39, 47
Removed entity wolf from grid at 41, 4
Removed entity human from grid at 4, 36
Added entity naturereserve at 20, 3
Human Quinn built Nature Reserve for WOLF
Added entity human at 41, 24
Added entity human at 41, 22
Removed entity wolf from grid at 48, 6
Removed entity wolf from grid at 48, 39
Removed entity wolf from grid at 49, 8
Removed entity human from grid at 35, 48
Removed entity human from grid at 41, 23
Removed entity human from grid at 43, 23
Added entity wolf at 44, 28
Removed entity human from grid at 23, 19
Added entity cow at 1, 15
Added entity wolf at 32, 18
Removed entity wolf from grid at 43, 4
Removed entity human from grid at 27, 10
Removed entity human from grid at 26, 10
Removed entity wolf from grid at 43, 49
Removed entity cow from grid at 7, 32
Removed entity cow from grid at 5, 34
Removed entity cow from grid at 9, 45
Removed entity human from grid at 24, 12
Removed entity cow from grid at 4, 17
Removed entity human from grid at 33, 45
Removed entity wolf from grid at 35, 25
Added entity cow at 5, 19
Added entity wolf at 48, 49
Added entity wolf at 36, 18
Added entity naturereserve at 45, 6
Human Nina built Nature Reserve for WOLF
Added entity naturereserve at 47, 9
Human Eve built Nature Reserve for WOLF
Added entity cow at 6, 20
Added entity naturereserve at 3, 0
Human Zane built Nature Reserve for WOLF
Removed entity wolf from grid at 41, 3
Added entity wolf at 40, 36
Removed entity wolf from grid at 45, 0
Removed entity human from grid at 22, 14
Added entity naturereserve at 23, 1
Human Bob built Nature Reserve for WOLF
Removed entity human from grid at 24, 17
Added entity human at 14, 7
Added entity naturereserve at 46, 46
Human Grace built Nature Reserve for WOLF
Removed entity human from grid at 25, 12
Added entity cow at 7, 19
Removed entity wolf from grid at 41, 1
Added entity cow at 3, 16
Removed entity human from grid at 23, 13
Removed entity cow from grid at 3, 4
Added entity wolf at 46, 40
Removed entity cow from grid at 4, 24
Removed entity cow from grid at 4, 31
Added entity naturereserve at 30, 24
Human Tina built Nature Reserve for WOLF
Removed entity cow from grid at 9, 45
Removed entity wolf from grid at 40, 30
Removed entity cow from grid at 4, 13
Removed entity wolf from grid at 34, 17
Removed entity cow from grid at 6, 38
Added entity cow at 4, 17
Added entity cow at 8, 18
Removed entity human from grid at 30, 9
Added entity wolf at 1, 5
Added entity wolf at 45, 29
Removed entity wolf from grid at 49, 9
Removed entity human from grid at 24, 26
Removed entity human from grid at 31, 32
Added entity human at 18, 11
Removed entity wolf from grid at 44, 2
Removed entity wolf from grid at 45, 41
Removed entity human from grid at 31, 9
Added entity wolf at 21, 3
Added entity naturereserve at 40, 0
Human Tina built Nature Reserve for WOLF
Removed entity human from grid at 17, 9
Removed entity human from grid at 20, 7
Removed entity human from grid at 22, 6
Removed entity human from grid at 21, 7
Added entity naturereserve at 12, 22
Human Diana built Nature Reserve for WOLF
Removed entity human from grid at 14, 5
Added entity human at 46, 22
Added entity human at 32, 10
Removed entity wolf from grid at 40, 32
Added entity naturereserve at 44, 8
Human Xander built Nature Reserve for WOLF
Added entity human at 12, 44
Removed entity wolf from grid at 33, 18
Removed entity human from grid at 46, 21
Removed entity human from grid at 16, 9
Added entity cow at 9, 19
Removed entity human from grid at 18, 5
Added entity cow at 0, 16
Removed entity wolf from grid at 1, 2
Added entity cow at 4, 43
Removed entity wolf from grid at 2, 1
Removed entity wolf from grid at 45, 0
Removed entity human from grid at 33, 44
Added entity wolf at 2, 4
Removed entity wolf from grid at 46, 0
Added entity wolf at 37, 29
Added entity berry at 19, 24
Added entity tree at 28, 42
Removed entity human from grid at 24, 16
Added entity human at 15, 2
Removed entity wolf from grid at 47, 8
Removed entity wolf from grid at 48, 6
Removed entity human from grid at 5, 10
Removed entity wolf from grid at 48, 49
Removed entity human from grid at 15, 2
Added entity wolf at 40, 39
Removed entity human from grid at 16, 2
Removed entity wolf from grid at 1, 3
Removed entity human from grid at 17, 3
Added entity naturereserve at 42, 44
Human Frank built Nature Reserve for WOLF
Added entity tree at 0, 34
Added entity wolf at 24, 0
Added entity cow at 4, 44
Removed entity cow from grid at 2, 2
Added entity wolf at 28, 21
Removed entity cow from grid at 9, 17
Added entity wolf at 30, 18
Removed entity human from grid at 21, 19
Removed entity cow from grid at 2, 26
Removed entity cow from grid at 6, 24
Removed entity cow from grid at 2, 32
Removed entity wolf from grid at 32, 19
Removed entity cow from grid at 8, 45
Removed entity wolf from grid at 28, 21
Added entity human at 5, 6
Added entity human at 6, 7
Removed entity wolf from grid at 39, 29
Removed entity wolf from grid at 0, 32
Added entity cow at 10, 20
Added entity wolf at 12, 23
Removed entity wolf from grid at 44, 0
Removed entity human from grid at 9, 16
Removed entity human from grid at 30, 5
Removed entity human from grid at 29, 6
Added entity human at 46, 22
Removed entity wolf from grid at 46, 4
Removed entity wolf from grid at 41, 30
Removed entity human from grid at 44, 22
Added entity cow at 9, 21
Added entity cow at 5, 42
Added entity wolf at 13, 23
Added entity wolf at 22, 0
Added entity wolf at 47, 10
Added entity cow at 7, 48
Removed entity human from grid at 19, 28
Removed entity wolf from grid at 39, 29
Removed entity human from grid at 15, 18
Added entity cow at 6, 43
Added entity cow at 5, 43
Added entity wolf at 15, 0
Added entity wolf at 29, 23
Added entity wolf at 1, 5
Removed entity cow from grid at 10, 20
Added entity human at 34, 10
Removed entity wolf from grid at 30, 21
Removed entity wolf from grid at 44, 48
Removed entity cow from grid at 2, 30
Removed entity human from grid at 10, 5
Removed entity cow from grid at 5, 10
Removed entity human from grid at 24, 17
Added entity wolf at 1, 6
Removed entity human from grid at 3, 4
Removed entity wolf from grid at 11, 22
Removed entity wolf from grid at 39, 39
Added entity naturereserve at 0, 30
Human Uma built Nature Reserve for WOLF
Added entity human at 6, 9
Removed entity wolf from grid at 44, 49
Removed entity human from grid at 6, 9
Added entity cow at 7, 42
Added entity cow at 9, 19
Added entity wolf at 30, 16
Added entity naturereserve at 12, 36
Human Oscar built Nature Reserve for WOLF
Removed entity human from grid at 26, 11
Added entity wolf at 21, 6
Removed entity human from grid at 21, 9
Removed entity wolf from grid at 22, 1
Added entity naturereserve at 48, 5
Human Grace built Nature Reserve for WOLF
Added entity human at 38, 21
Added entity naturereserve at 29, 23
Human Yara built Nature Reserve for WOLF
Removed entity human from grid at 40, 22
Added entity cow at 8, 43
Added entity wolf at 45, 9
Removed entity cow from grid at 11, 35
Added entity wolf at 1, 6
Added entity wolf at 37, 27
Removed entity cow from grid at 9, 21
Added entity human at 34, 10
Added entity human at 42, 25
Removed entity cow from grid at 8, 20
Added entity human at 40, 23
Removed entity cow from grid at 8, 43
Removed entity wolf from grid at 48, 11
Removed entity wolf from grid at 32, 17
Removed entity human from grid at 24, 9
Removed entity human from grid at 40, 23
Removed entity human from grid at 42, 25
Added entity cow at 6, 44
Added entity cow at 1, 37
Removed entity human from grid at 17, 17
Added entity human at 42, 25
Removed entity wolf from grid at 32, 19
Added entity human at 9, 2
Removed entity human from grid at 43, 25
Removed entity human from grid at 9, 2
Added entity cow at 10, 20
Added entity naturereserve at 33, 19
Human Ruby built Nature Reserve for WOLF
Added entity naturereserve at 0, 2
Human Yara built Nature Reserve for WOLF
Added entity wolf at 32, 20
Removed entity human from grid at 32, 33
Added entity wolf at 43, 47
Added entity naturereserve at 7, 23
Human Xander built Nature Reserve for WOLF
Removed entity human from grid at 23, 8
Added entity cow at 0, 38
Added entity cow at 7, 45
Removed entity cow from grid at 3, 9
Added entity wolf at 36, 18
Added entity wolf at 41, 46
Removed entity cow from grid at 6, 36
Removed entity cow from grid at 10, 20
Removed entity wolf from grid at 41, 46
Removed entity cow from grid at 3, 26
Removed entity cow from grid at 5, 23
Removed entity cow from grid at 7, 45
Removed entity wolf from grid at 38, 25
Added entity wolf at 4, 0
Removed entity wolf from grid at 32, 21
Removed entity wolf from grid at 35, 17
Added entity wolf at 47, 24
Removed entity wolf from grid at 49, 27
Removed entity human from grid at 15, 20
Removed entity wolf from grid at 24, 1
Removed entity wolf from grid at 12, 23
Added entity naturereserve at 2, 25
Human Uma built Nature Reserve for WOLF
Removed entity human from grid at 22, 14
Added entity human at 24, 12
Removed entity human from grid at 24, 12
Added entity wolf at 13, 23
Added entity naturereserve at 45, 12
Human Tina built Nature Reserve for WOLF
Removed entity wolf from grid at 1, 4
Added entity human at 20, 29
Added entity human at 14, 45
Removed entity human from grid at 36, 9
Added entity naturereserve at 47, 12
Human Eve built Nature Reserve for WOLF
Removed entity human from grid at 36, 8
Added entity wolf at 1, 31
Added entity cow at 6, 47
Removed entity human from grid at 5, 11
Added entity wolf at 48, 10
Added entity naturereserve at 8, 22
Human Diana built Nature Reserve for WOLF
Added entity human at 9, 0
Removed entity human from grid at 9, 0
Added entity cow at 5, 46
Removed entity human from grid at 16, 29
Added entity wolf at 40, 30
Removed entity wolf from grid at 0, 3
Added entity wolf at 41, 46
Removed entity wolf from grid at 36, 18
Added entity human at 23, 27
Removed entity wolf from grid at 40, 30
Removed entity wolf from grid at 41, 46
Added entity wolf at 38, 38
Added entity naturereserve at 30, 22
Human Eve built Nature Reserve for WOLF
Added entity wolf at 39, 31
Removed entity human from grid at 33, 41
Added entity naturereserve at 41, 30
Human Frank built Nature Reserve for WOLF
Removed entity human from grid at 32, 39
Removed entity wolf from grid at 41, 48
Removed entity human from grid at 20, 29
Added entity human at 34, 9
Added entity human at 13, 16
Removed entity human from grid at 32, 40
Added entity human at 6, 9
Added entity wolf at 48, 12
Added entity cow at 1, 37
Added entity wolf at 48, 6
Added entity wolf at 43, 28
Added entity naturereserve at 42, 3
Human Diana built Nature Reserve for WOLF
Added entity wolf at 3, 11
Removed entity wolf from grid at 48, 27
Removed entity wolf from grid at 1, 32
Added entity naturereserve at 43, 0
Human Frank built Nature Reserve for WOLF
Added entity human at 13, 26
Added entity human at 21, 19
Added entity human at 15, 17
Added entity naturereserve at 49, 21
Human Tina built Nature Reserve for WOLF
Added entity human at 5, 4
Removed entity human from grid at 15, 17
Removed entity human from grid at 13, 26
Added entity cow at 0, 36
Removed entity human from grid at 12, 16
Added entity cow at 6, 47
Added entity wolf at 3, 26
Removed entity wolf from grid at 44, 13
Removed entity human from grid at 6, 6
Removed entity wolf from grid at 16, 25
Added entity wolf at 34, 44
Removed entity human from grid at 31, 46
Removed entity cow from grid at 4, 24
Removed entity cow from grid at 10, 21
Added entity naturereserve at 42, 45
Human Charlie built Nature Reserve for WOLF
Removed entity human from grid at 8, 17
Removed entity wolf from grid at 3, 26
Removed entity cow from grid at 8, 45
Added entity human at 3, 9
Added entity berry at 46, 33
Added entity wolf at 47, 4
Added entity wolf at 40, 38
Removed entity human from grid at 3, 5
Added entity wolf at 46, 49
Added entity human at 13, 26
Added entity human at 18, 27
Added entity naturereserve at 0, 33
Human Uma built Nature Reserve for WOLF
Added entity human at 6, 7
Added entity human at 6, 11
Removed entity human from grid at 6, 11
Removed entity human from grid at 5, 7
Removed entity human from grid at 8, 11
Added entity wolf at 11, 35
Added entity wolf at 27, 22
Added entity naturereserve at 1, 31
Human Wendy built Nature Reserve for WOLF
Added entity naturereserve at 47, 17
Human Luna built Nature Reserve for WOLF
Added entity naturereserve at 46, 13
Human Eve built Nature Reserve for WOLF
Added entity human at 35, 35
Added entity human at 34, 31
Added entity human at 9, 27
Added entity cow at 2, 18
Removed entity human from grid at 33, 35
Removed entity human from grid at 34, 31
Removed entity human from grid at 35, 35
Removed entity human from grid at 8, 9
Removed entity human from grid at 24, 26
Added entity wolf at 29, 22
Added entity wolf at 2, 1
Added entity human at 15, 20
Added entity human at 18, 11
Added entity naturereserve at 43, 3
Human Ivy built Nature Reserve for WOLF
Removed entity human from grid at 8, 44
Removed entity human from grid at 29, 31
Added entity cow at 1, 35
Added entity wolf at 23, 5
Added entity wolf at 45, 28
Added entity wolf at 37, 27
Removed entity wolf from grid at 39, 32
Added entity human at 47, 33
Added entity human at 13, 4
Removed entity human from grid at 45, 33
Added entity cow at 1, 19
Removed entity cow from grid at 6, 29
Added entity cow at 7, 48
Added entity wolf at 48, 13
Added entity wolf at 33, 20
Removed entity wolf from grid at 49, 8
Removed entity wolf from grid at 47, 11
Removed entity human from grid at 20, 38
Removed entity cow from grid at 5, 25
Removed entity cow from grid at 1, 37
Removed entity cow from grid at 4, 23
Added entity human at 16, 32
Added entity berry at 3, 48
Removed entity wolf from grid at 44, 0
Removed entity human from grid at 32, 8
Removed entity human from grid at 16, 32
Added entity cow at 2, 20
Removed entity human from grid at 15, 2
Added entity cow at 2, 34
Removed entity human from grid at 15, 14
Added entity naturereserve at 11, 22
Human Yara built Nature Reserve for WOLF
Added entity wolf at 33, 20
Added entity naturereserve at 26, 21
Human Diana built Nature Reserve for WOLF
Removed entity wolf from grid at 26, 25
Added entity wolf at 18, 0
Removed entity wolf from grid at 32, 20
Added entity wolf at 47, 47
Removed entity wolf from grid at 39, 31
Added entity human at 28, 28
Added entity naturereserve at 44, 5
Human Nina built Nature Reserve for WOLF
Added entity human at 9, 16
Added entity cow at 1, 33
Added entity cow at 6, 47
Added entity wolf at 42, 4
Removed entity cow from grid at 9, 24
Added entity wolf at 8, 24
Removed entity berry from grid at 3, 48
Added entity naturereserve at 44, 10
Human Eve built Nature Reserve for WOLF
Added entity wolf at 12, 21
Added entity wolf at 19, 2
Removed entity wolf from grid at 46, 10
Removed entity wolf from grid at 42, 4
Added entity wolf at 48, 40
Removed entity cow from grid at 1, 33
Removed entity cow from grid at 6, 15
Removed entity wolf from grid at 46, 11
Removed entity wolf from grid at 36, 26
Removed entity cow from grid at 13, 46
Removed entity cow from grid at 1, 37
Removed entity wolf from grid at 33, 18
Added entity wolf at 2, 32
Removed entity human from grid at 6, 8
Added entity wolf at 32, 20
Added entity wolf at 41, 45
Removed entity wolf from grid at 2, 32
Removed entity wolf from grid at 33, 17
Removed entity wolf from grid at 6, 24
Added entity naturereserve at 47, 4
Human Nina built Nature Reserve for WOLF
Added entity cow at 7, 46
Removed entity human from grid at 15, 20
Added entity naturereserve at 2, 28
Human Uma built Nature Reserve for WOLF
Added entity naturereserve at 41, 0
Human Diana built Nature Reserve for WOLF
Added entity naturereserve at 0, 32
Human Wendy built Nature Reserve for WOLF
Removed entity human from grid at 6, 15
Added entity human at 34, 33
Added entity naturereserve at 2, 26
Human Xander built Nature Reserve for WOLF
Removed entity wolf from grid at 31, 18
Added entity cow at 8, 47
Added entity cow at 3, 21
Added entity wolf at 1, 33
Added entity naturereserve at 45, 11
Human Eve built Nature Reserve for WOLF
Removed entity wolf from grid at 1, 33
Added entity human at 15, 45
Added entity cow at 9, 48
Removed entity human from grid at 14, 19
Added entity wolf at 42, 30
Added entity wolf at 43, 47
Added entity wolf at 43, 45
Added entity human at 43, 36
Removed entity wolf from grid at 27, 0
Removed entity cow from grid at 0, 36
Added entity human at 45, 33
Removed entity human from grid at 45, 33
Removed entity human from grid at 43, 36
Added entity cow at 4, 22
Added entity cow at 3, 16
Added entity naturereserve at 41, 3
Human Eve built Nature Reserve for WOLF
Added entity wolf at 40, 30
Added entity wolf at 44, 30
Removed entity cow from grid at 1, 34
Added entity human at 34, 38
Added entity human at 34, 31
Added entity human at 45, 36
Removed entity cow from grid at 0, 36
Added entity human at 17, 19
Removed entity cow from grid at 2, 30
Added entity human at 46, 38
Removed entity human from grid at 43, 37
Removed entity human from grid at 44, 40
Removed entity human from grid at 34, 31
Removed entity human from grid at 34, 38
Removed entity human from grid at 12, 42
Removed entity human from grid at 20, 21
Added entity naturereserve at 44, 12
Human Quinn built Nature Reserve for WOLF
Added entity wolf at 28, 24
Added entity wolf at 12, 35
Added entity wolf at 40, 36
Added entity human at 16, 27
Added entity human at 36, 44
Removed entity wolf from grid at 27, 1
Added entity human at 46, 40
Added entity human at 19, 17
Added entity human at 6, 5
Removed entity human from grid at 45, 40
Removed entity human from grid at 6, 5
Removed entity human from grid at 16, 27
Added entity cow at 5, 23
Removed entity human from grid at 33, 29
Removed entity human from grid at 17, 18
Removed entity human from grid at 28, 28
Added entity wolf at 13, 22
Added entity wolf at 3, 11
Added entity naturereserve at 43, 11
Human Bob built Nature Reserve for WOLF
Added entity wolf at 35, 44
Removed entity human from grid at 11, 27
Added entity human at 37, 44
Added entity human at 19, 19
Removed entity human from grid at 37, 43
Removed entity wolf from grid at 40, 36
Added entity naturereserve at 44, 9
Human Grace built Nature Reserve for WOLF
Added entity human at 1, 10
Added entity human at 8, 27
Added entity naturereserve at 47, 1
Human Yara built Nature Reserve for WOLF
Removed entity human from grid at 8, 27
Removed entity human from grid at 1, 10
Removed entity human from grid at 19, 19
Added entity wolf at 43, 7
Added entity wolf at 39, 32
Added entity naturereserve at 44, 11
Human Bob built Nature Reserve for WOLF
Added entity wolf at 10, 23
Added entity human at 20, 24
Added entity human at 34, 36
Added entity human at 33, 33
Added entity human at 18, 30
Added entity human at 6, 16
Removed entity human from grid at 36, 45
Removed entity wolf from grid at 13, 24
Removed entity human from grid at 6, 16
Removed entity human from grid at 34, 36
Removed entity human from grid at 20, 24
Removed entity human from grid at 21, 17
Added entity cow at 4, 15
Added entity wolf at 44, 4
Added entity wolf at 0, 31
Removed entity wolf from grid at 13, 24
Removed entity wolf from grid at 44, 4
Removed entity cow from grid at 2, 32
Added entity human at 34, 31
Removed entity wolf from grid at 26, 0
Added entity human at 34, 11
Added entity human at 32, 11
Removed entity human from grid at 10, 44
Added entity human at 8, 13
Removed entity human from grid at 35, 34
Removed entity human from grid at 8, 13
Added entity naturereserve at 39, 2
Human Eve built Nature Reserve for WOLF
Removed entity human from grid at 22, 46
Removed entity human from grid at 24, 43
Removed entity human from grid at 19, 14
Removed entity human from grid at 32, 30
Removed entity human from grid at 24, 46
Added entity cow at 3, 14
Added entity cow at 5, 22
Removed entity human from grid at 23, 25
Removed entity wolf from grid at 13, 23
Added entity naturereserve at 47, 7
Human Quinn built Nature Reserve for WOLF
Added entity wolf at 43, 43
Removed entity cow from grid at 1, 35
Added entity berry at 45, 26
Removed entity human from grid at 20, 27
Removed entity cow from grid at 3, 25
Added entity wolf at 47, 14
Removed entity wolf from grid at 25, 24
Added entity wolf at 13, 22
Added entity wolf at 19, 2
Removed entity wolf from grid at 44, 7
Added entity human at 31, 5
Removed entity human from grid at 33, 48
Removed entity cow from grid at 9, 20
Added entity cow at 4, 23
Added entity wolf at 38, 1
Added entity wolf at 40, 2
Added entity wolf at 47, 8
Added entity human at 25, 20
Added entity human at 10, 35
Added entity naturereserve at 47, 11
Human Eve built Nature Reserve for WOLF
Added entity human at 33, 5
Added entity human at 4, 2
Added entity human at 48, 34
Added entity human at 7, 2
Removed entity human from grid at 49, 34
Final population: 777

 [32m✓[39m src/engine/LongRun.test.js [2m([22m[2m1 test[22m[2m)[22m[33m 11740[2mms[22m[39m
     [33m[2m✓[22m[39m should run for 1000 ticks without crashing or exploding [33m 11737[2mms[22m[39m

[31m⎯⎯⎯⎯⎯⎯⎯[39m[1m[41m Failed Tests 1 [49m[22m[31m⎯⎯⎯⎯⎯⎯⎯[39m

[41m[1m FAIL [22m[49m src/engine/StatsDrift.test.js[2m > [22mStats Drift[2m > [22mHuman count should decrease when House containing Human is destroyed
[31m[1mAssertionError[22m: expected null not to be null[39m
[36m [2m❯[22m src/engine/StatsDrift.test.js:[2m46:39[22m[39m
    [90m 44| [39m        [90m// So count should be 1, and human should be on grid.[39m
    [90m 45| [39m        [34mexpect[39m(world[33m.[39mentityCounts[33m.[39mhuman)[33m.[39m[34mtoBe[39m([34m1[39m)[33m;[39m
    [90m 46| [39m        [34mexpect[39m(world[33m.[39m[34mgetAt[39m([34m0[39m[33m,[39m [34m0[39m))[33m.[39mnot[33m.[39m[34mtoBeNull[39m()[33m;[39m
    [90m   | [39m                                      [31m^[39m
    [90m 47| [39m        [34mexpect[39m(world[33m.[39m[34mgetAt[39m([34m0[39m[33m,[39m [34m0[39m)[33m.[39mtype)[33m.[39m[34mtoBe[39m([32m'human'[39m)[33m;[39m
    [90m 48| [39m    })[33m;[39m

[31m[2m⎯⎯⎯⎯⎯⎯⎯⎯⎯⎯⎯⎯⎯⎯⎯⎯⎯⎯⎯⎯⎯⎯⎯⎯[1/1]⎯[22m[39m


[2m Test Files [22m [1m[31m1 failed[39m[22m[2m | [22m[1m[32m1 passed[39m[22m[90m (2)[39m
[2m      Tests [22m [1m[31m1 failed[39m[22m[2m | [22m[1m[32m3 passed[39m[22m[90m (4)[39m
[2m   Start at [22m 21:06:39
[2m   Duration [22m 11.99s

[1m[41m FAIL [49m[22m [31mTests failed. Watching for file changes...[39m
       [2mpress [22m[1mh[22m[2m to show help[22m[2m, [22m[2mpress [22m[1mq[22m[2m to quit[22m
c[3J[1m[44m RERUN [49m[22m [34m[2msrc/engine/StatsDrift.test.js [22m[34mx3 [34m[39m
       [2m Filename pattern: [22m[34msrc/engine/StatsDrift.test.js, run[39m

[90mstdout[2m | src/engine/StatsDrift.test.js[2m > [22m[2mStats Drift[2m > [22m[2mHuman count should decrease when House containing Human is destroyed
[22m[39mAdded entity human at 0, 0
Added entity house at 0, 1
Removed entity human from grid at 0, 0
House dying at 0, 1. Occupants: 1
Checking -1, 0: null
Checking -1, 1: null
Checking -1, 2: null
Checking 0, 0: null
Added entity human at 0, 0
Ejected to 0, 0
Removed entity house from grid at 0, 1

[90mstdout[2m | src/engine/StatsDrift.test.js[2m > [22m[2mStats Drift[2m > [22m[2mHuman count should decrease if House is destroyed and occupant cannot be ejected
[22m[39mAdded entity human at 5, 5
Added entity house at 5, 5
Added entity house at 4, 4
Added entity house at 5, 4
Added entity house at 6, 4
Added entity house at 4, 5
Added entity house at 6, 5
Added entity house at 4, 6
Added entity house at 5, 6
Added entity house at 6, 6
House dying at 5, 5. Occupants: 1
Checking 4, 4: [object Object]
Checking 4, 5: [object Object]
Checking 4, 6: [object Object]
Checking 5, 4: [object Object]
Checking 5, 6: [object Object]
Checking 6, 4: [object Object]
Checking 6, 5: [object Object]
Checking 6, 6: [object Object]
Failed to eject
Removed entity house from grid at 5, 5

 [32m✓[39m src/engine/StatsDrift.test.js [2m([22m[2m3 tests[22m[2m)[22m[32m 91[2mms[22m[39m

[2m Test Files [22m [1m[32m1 passed[39m[22m[90m (1)[39m
[2m      Tests [22m [1m[32m3 passed[39m[22m[90m (3)[39m
[2m   Start at [22m 21:11:26
[2m   Duration [22m 296ms

[1m[42m PASS [49m[22m [32mWaiting for file changes...[39m
       [2mpress [22m[1mh[22m[2m to show help[22m[2m, [22m[2mpress [22m[1mq[22m[2m to quit[22m
c[3J[1m[44m RERUN [49m[22m [34m[2msrc/entities/Resources.js [22m[39m
       [2m Filename pattern: [22m[34msrc/engine/StatsDrift.test.js, run[39m

[90mstdout[2m | src/engine/StatsDrift.test.js[2m > [22m[2mStats Drift[2m > [22m[2mHuman count should decrease when House containing Human is destroyed
[22m[39mAdded entity human at 0, 0
Added entity house at 0, 1
Removed entity human from grid at 0, 0
Added entity human at 0, 0
Removed entity house from grid at 0, 1

[90mstdout[2m | src/engine/StatsDrift.test.js[2m > [22m[2mStats Drift[2m > [22m[2mHuman count should decrease if House is destroyed and occupant cannot be ejected
[22m[39mAdded entity human at 5, 5
Added entity house at 5, 5
Added entity house at 4, 4
Added entity house at 5, 4
Added entity house at 6, 4
Added entity house at 4, 5
Added entity house at 6, 5
Added entity house at 4, 6
Added entity house at 5, 6
Added entity house at 6, 6
Removed entity house from grid at 5, 5

 [32m✓[39m src/engine/StatsDrift.test.js [2m([22m[2m3 tests[22m[2m)[22m[32m 132[2mms[22m[39m
[90mstdout[2m | src/engine/LongRun.test.js[2m > [22m[2mLong Run Stability[2m > [22m[2mshould run for 1000 ticks without crashing or exploding
[22m[39mAdded entity human at 24, 46
Added entity human at 40, 29
Added entity human at 14, 30
Added entity human at 2, 46
Added entity human at 8, 7
Added entity human at 45, 12
Added entity human at 36, 15
Added entity human at 1, 44
Added entity human at 5, 10
Added entity human at 2, 11
Added entity human at 13, 8
Added entity human at 4, 8
Added entity human at 27, 10
Added entity human at 21, 13
Added entity human at 43, 45
Added entity human at 36, 13
Added entity human at 32, 33
Added entity human at 32, 28
Added entity human at 45, 24
Added entity human at 40, 23
Added entity human at 31, 47
Added entity human at 25, 28
Added entity human at 37, 18
Added entity human at 16, 25
Added entity human at 12, 3
Added entity human at 0, 38
Added entity human at 2, 25
Added entity human at 24, 7
Added entity human at 23, 26
Added entity human at 27, 45
Added entity human at 18, 16
Added entity human at 29, 31
Added entity human at 19, 5
Added entity human at 37, 18
Added entity human at 14, 22
Added entity human at 9, 36
Added entity human at 16, 3
Added entity human at 22, 45
Added entity human at 0, 28
Added entity human at 28, 37
Added entity human at 28, 6
Added entity human at 37, 47
Added entity human at 39, 24
Added entity human at 35, 10
Added entity human at 38, 26
Added entity human at 7, 0
Added entity human at 15, 30
Added entity human at 38, 39
Added entity human at 5, 8
Added entity human at 10, 19
Added entity wolf at 3, 36
Added entity wolf at 33, 21
Added entity wolf at 6, 0
Added entity wolf at 41, 10
Added entity wolf at 13, 46
Added entity wolf at 39, 5
Added entity wolf at 24, 16
Added entity wolf at 25, 37
Added entity wolf at 4, 17
Added entity wolf at 40, 15
Added entity wolf at 29, 34
Added entity wolf at 2, 31
Added entity wolf at 18, 9
Added entity wolf at 24, 47
Added entity wolf at 14, 18
Added entity wolf at 39, 37
Added entity wolf at 18, 45
Added entity wolf at 2, 2
Added entity wolf at 11, 49
Added entity wolf at 19, 49
Added entity wolf at 36, 25
Added entity wolf at 14, 2
Added entity wolf at 46, 48
Added entity wolf at 45, 6
Added entity wolf at 5, 1
Added entity wolf at 38, 48
Added entity wolf at 16, 1
Added entity wolf at 19, 22
Added entity wolf at 2, 38
Added entity wolf at 49, 26
Added entity wolf at 3, 15
Added entity wolf at 11, 38
Added entity wolf at 15, 26
Added entity wolf at 42, 4
Added entity wolf at 32, 4
Added entity wolf at 43, 15
Added entity wolf at 8, 14
Added entity wolf at 35, 18
Added entity wolf at 44, 48
Added entity wolf at 2, 44
Added entity wolf at 41, 3
Added entity wolf at 44, 19
Added entity wolf at 15, 48
Added entity wolf at 19, 13
Added entity wolf at 4, 46
Added entity wolf at 47, 45
Added entity wolf at 33, 47
Added entity wolf at 30, 31
Added entity wolf at 5, 9
Added entity wolf at 46, 12
Added entity cow at 13, 45
Added entity cow at 40, 22
Added entity cow at 10, 39
Added entity cow at 4, 28
Added entity cow at 40, 20
Added entity cow at 39, 3
Added entity cow at 14, 17
Added entity cow at 30, 47
Added entity cow at 6, 19
Added entity cow at 26, 27
Added entity cow at 1, 48
Added entity cow at 23, 20
Added entity cow at 37, 10
Added entity cow at 42, 44
Added entity cow at 44, 12
Added entity cow at 15, 41
Added entity cow at 11, 5
Added entity cow at 8, 10
Added entity cow at 0, 42
Added entity cow at 16, 21
Added entity cow at 11, 6
Added entity cow at 23, 13
Added entity cow at 3, 44
Added entity cow at 20, 17
Added entity cow at 48, 15
Added entity cow at 38, 6
Added entity cow at 8, 31
Added entity cow at 40, 41
Added entity cow at 36, 10
Added entity cow at 17, 49
Added entity cow at 18, 43
Added entity cow at 15, 28
Added entity cow at 32, 24
Added entity cow at 37, 3
Added entity cow at 5, 37
Added entity cow at 23, 39
Added entity cow at 20, 34
Added entity cow at 44, 13
Added entity cow at 32, 12
Added entity cow at 10, 9
Added entity cow at 36, 38
Added entity cow at 0, 30
Added entity cow at 44, 12
Added entity cow at 44, 27
Added entity cow at 29, 0
Added entity cow at 29, 35
Added entity cow at 30, 6
Added entity cow at 12, 21
Added entity cow at 49, 46
Added entity cow at 28, 24
Added entity tree at 29, 1
Added entity tree at 1, 24
Added entity tree at 15, 36
Added entity tree at 25, 20
Added entity tree at 3, 31
Added entity tree at 9, 37
Added entity tree at 33, 9
Added entity tree at 16, 8
Added entity tree at 4, 22
Added entity tree at 11, 26
Added entity tree at 15, 16
Added entity tree at 27, 30
Added entity tree at 22, 3
Added entity tree at 44, 15
Added entity tree at 49, 13
Added entity tree at 0, 32
Added entity tree at 42, 45
Added entity tree at 49, 30
Added entity tree at 20, 38
Added entity tree at 1, 1
Added entity tree at 32, 34
Added entity tree at 29, 46
Added entity tree at 2, 18
Added entity tree at 41, 30
Added entity tree at 39, 48
Added entity tree at 34, 42
Added entity tree at 17, 23
Added entity tree at 15, 44
Added entity tree at 34, 10
Added entity tree at 3, 9
Added entity tree at 28, 27
Added entity tree at 47, 41
Added entity tree at 9, 23
Added entity tree at 20, 17
Added entity tree at 40, 24
Added entity tree at 25, 18
Added entity tree at 28, 22
Added entity tree at 6, 7
Added entity tree at 4, 27
Added entity tree at 9, 10
Added entity tree at 47, 29
Added entity tree at 7, 26
Added entity tree at 40, 8
Added entity tree at 29, 32
Added entity tree at 32, 19
Added entity tree at 21, 5
Added entity tree at 5, 28
Added entity tree at 48, 32
Added entity tree at 11, 34
Added entity tree at 36, 45
Added entity berry at 35, 13
Added entity berry at 6, 5
Added entity berry at 14, 16
Added entity berry at 37, 40
Added entity berry at 6, 34
Added entity berry at 15, 27
Added entity berry at 45, 8
Added entity berry at 10, 11
Added entity berry at 8, 39
Added entity berry at 7, 9
Added entity berry at 4, 24
Added entity berry at 17, 40
Added entity berry at 15, 37
Added entity berry at 13, 39
Added entity berry at 20, 14
Added entity berry at 41, 28
Added entity berry at 0, 33
Added entity berry at 24, 1
Added entity berry at 19, 25
Added entity berry at 37, 19
Added entity water at 40, 15
Added entity water at 30, 11
Added entity water at 39, 20
Added entity water at 32, 28
Added entity water at 25, 11
Added entity water at 11, 34
Added entity water at 12, 30
Added entity water at 42, 20
Added entity water at 47, 46
Added entity water at 49, 47
Added entity cow at 45, 11
Cow Endangered Reproduction!
Added entity cow at 43, 14
Cow Endangered Reproduction!
Added entity cow at 35, 11
Cow Endangered Reproduction!
Added entity cow at 10, 5
Cow Endangered Reproduction!
Added entity cow at 12, 4
Cow Endangered Reproduction!
Added entity cow at 45, 13
Cow Endangered Reproduction!
Added entity cow at 38, 9
Cow Endangered Reproduction!
Added entity cow at 38, 4
Cow Endangered Reproduction!
Added entity cow at 41, 23
Cow Endangered Reproduction!
Removed entity wolf from grid at 38, 38
Removed entity wolf from grid at 15, 2
Added entity naturereserve at 38, 19
Human Nina built Nature Reserve for COW
Added entity cow at 42, 24
Cow Endangered Reproduction!
Added entity cow at 37, 5
Cow Endangered Reproduction!
Added entity cow at 37, 8
Cow Endangered Reproduction!
Added entity cow at 13, 5
Cow Endangered Reproduction!
Added entity cow at 9, 6
Cow Endangered Reproduction!
Added entity cow at 36, 12
Cow Endangered Reproduction!
Added entity cow at 46, 10
Cow Endangered Reproduction!
Added entity cow at 28, 24
Cow Endangered Reproduction!
Added entity cow at 39, 4
Cow Endangered Reproduction!
Added entity cow at 18, 41
Cow Endangered Reproduction!
Added entity cow at 40, 41
Cow Endangered Reproduction!
Added entity cow at 37, 6
Cow Endangered Reproduction!
Added entity cow at 22, 17
Cow Endangered Reproduction!
Added entity cow at 3, 42
Cow Endangered Reproduction!
Added entity cow at 16, 20
Cow Endangered Reproduction!
Added entity cow at 0, 44
Cow Endangered Reproduction!
Added entity cow at 10, 10
Cow Endangered Reproduction!
Added entity cow at 17, 41
Cow Endangered Reproduction!
Added entity cow at 40, 42
Cow Endangered Reproduction!
Added entity cow at 21, 20
Cow Endangered Reproduction!
Added entity cow at 26, 27
Cow Endangered Reproduction!
Added entity cow at 2, 28
Removed entity wolf from grid at 6, 8
Added entity tree at 37, 38
Removed entity wolf from grid at 17, 28
Removed entity wolf from grid at 9, 1
Added entity tree at 38, 26
Added entity tree at 37, 22
Added entity tree at 37, 46
Added entity tree at 26, 6
Added entity tree at 22, 43
Added entity tree at 9, 36
Added entity tree at 11, 19
Added entity tree at 36, 17
Added entity tree at 17, 3
Added entity tree at 29, 30
Removed entity wolf from grid at 2, 38
Added entity tree at 38, 21
Added entity tree at 30, 28
Added entity tree at 31, 31
Removed entity wolf from grid at 38, 13
Added entity tree at 43, 43
Added entity tree at 25, 10
Added entity tree at 4, 7
Added entity tree at 13, 8
Added entity tree at 7, 7
Added entity tree at 1, 44
Added entity tree at 34, 15
Added entity tree at 8, 6
Added entity tree at 14, 28
Added entity tree at 38, 27
Added entity cow at 1, 29
Added entity cow at 25, 26
Added entity cow at 20, 21
Added entity cow at 39, 43
Added entity cow at 18, 40
Added entity cow at 4, 41
Added entity cow at 23, 16
Added entity cow at 38, 7
Added entity cow at 39, 42
Added entity cow at 19, 40
Added entity cow at 29, 23
Added entity cow at 47, 11
Added entity cow at 8, 5
Added entity cow at 14, 6
Added entity cow at 36, 4
Added entity cow at 44, 12
Added entity cow at 42, 13
Added entity cow at 13, 22
Added entity cow at 41, 24
Added entity cow at 1, 30
Added entity cow at 33, 12
Added entity cow at 21, 35
Added entity cow at 23, 38
Added entity cow at 29, 25
Added entity cow at 45, 14
Added entity cow at 17, 20
Added entity cow at 7, 39
Removed entity wolf from grid at 7, 16
Added entity tree at 15, 28
Added entity tree at 39, 26
Added entity tree at 35, 10
Added entity tree at 38, 22
Added entity tree at 27, 6
Removed entity wolf from grid at 27, 38
Added entity tree at 23, 43
Added entity tree at 10, 36
Added entity tree at 30, 30
Added entity tree at 16, 16
Added entity tree at 28, 44
Added entity tree at 20, 23
Added entity tree at 21, 8
Added entity tree at 0, 38
Removed entity wolf from grid at 15, 0
Added entity tree at 17, 22
Added entity tree at 38, 17
Added entity tree at 28, 30
Added entity tree at 32, 45
Removed entity wolf from grid at 48, 27
Removed entity wolf from grid at 31, 30
Added entity tree at 32, 31
Added entity tree at 18, 13
Added entity tree at 26, 10
Added entity tree at 5, 7
Removed entity wolf from grid at 5, 14
Added entity tree at 3, 44
Added entity tree at 10, 6
Added entity tree at 16, 28
Added entity tree at 40, 27
Added entity cow at 6, 38
Added entity cow at 18, 21
Added entity cow at 22, 39
Added entity cow at 20, 34
Added entity cow at 32, 11
Added entity cow at 0, 31
Added entity cow at 40, 23
Added entity cow at 43, 12
Added entity cow at 45, 11
Added entity cow at 35, 5
Added entity cow at 15, 7
Added entity cow at 9, 4
Added entity cow at 30, 22
Added entity cow at 20, 41
Added entity berry at 5, 40
Added entity cow at 19, 41
Added entity cow at 38, 42
Added entity cow at 19, 22
Added entity cow at 24, 27
Added entity cow at 0, 28
Added entity cow at 9, 9
Added entity cow at 1, 43
Added entity cow at 17, 19
Added entity cow at 40, 3
Added entity cow at 36, 7
Added entity cow at 43, 25
Added entity cow at 38, 40
Added entity cow at 6, 37
Added entity cow at 23, 14
Added entity cow at 41, 20
Added entity berry at 5, 4
Removed entity wolf from grid at 3, 30
Removed entity cow from grid at 9, 38
Removed entity cow from grid at 4, 28
Removed entity cow from grid at 19, 22
Removed entity wolf from grid at 36, 14
Removed entity wolf from grid at 46, 44
Removed entity cow from grid at 44, 14
Added entity cow at 24, 15
Added entity cow at 37, 41
Added entity cow at 35, 6
Added entity cow at 41, 4
Added entity cow at 8, 8
Added entity cow at 1, 27
Added entity cow at 18, 42
Added entity cow at 42, 11
Added entity cow at 19, 33
Added entity cow at 21, 40
Added entity cow at 19, 20
Added entity cow at 5, 39
Added entity cow at 30, 26
Added entity cow at 14, 21
Added entity cow at 39, 8
Removed entity berry from grid at 5, 40
Added entity cow at 37, 11
Added entity cow at 9, 8
Added entity cow at 5, 30
Removed entity cow from grid at 9, 4
Removed entity cow from grid at 36, 12
Removed entity cow from grid at 27, 28
Removed entity cow from grid at 16, 18
Removed entity wolf from grid at 21, 22
Removed entity cow from grid at 2, 28
Removed entity cow from grid at 29, 26
Removed entity cow from grid at 0, 45
Added entity cow at 6, 31
Added entity cow at 8, 9
Added entity cow at 38, 9
Added entity cow at 6, 40
Added entity cow at 20, 39
Added entity cow at 18, 34
Added entity cow at 17, 43
Added entity cow at 42, 3
Added entity cow at 34, 7
Added entity cow at 42, 19
Added entity cow at 7, 36
Added entity cow at 42, 26
Added entity cow at 0, 42
Added entity cow at 23, 26
Added entity cow at 37, 43
Added entity cow at 14, 8
Added entity cow at 34, 4
Added entity cow at 41, 22
Added entity cow at 31, 12
Added entity cow at 48, 10
Added entity cow at 38, 41
Added entity cow at 4, 41
Added entity cow at 26, 37
Added entity cow at 10, 23
Removed entity cow from grid at 37, 43
Removed entity cow from grid at 8, 4
Removed entity cow from grid at 36, 12
Removed entity wolf from grid at 36, 27
Removed entity cow from grid at 11, 3
Removed entity cow from grid at 25, 27
Removed entity cow from grid at 30, 26
Removed entity cow from grid at 22, 15
Removed entity cow from grid at 23, 14
Removed entity cow from grid at 0, 44
Removed entity cow from grid at 44, 12
Removed entity wolf from grid at 2, 44
Added entity cow at 11, 24
Added entity cow at 25, 36
Added entity cow at 3, 42
Added entity cow at 32, 13
Added entity cow at 40, 21
Added entity cow at 35, 3
Added entity cow at 22, 25
Added entity cow at 43, 20
Added entity cow at 33, 6
Added entity cow at 43, 2
Added entity cow at 18, 44
Added entity cow at 17, 35
Added entity cow at 7, 41
Added entity cow at 37, 10
Added entity cow at 7, 32
Added entity cow at 37, 12
Added entity cow at 13, 20
Added entity cow at 20, 21
Added entity cow at 41, 10
Added entity cow at 23, 14
Added entity cow at 21, 42
Added entity cow at 44, 10
Added entity cow at 24, 17
Added entity cow at 15, 21
Added entity cow at 18, 43
Added entity cow at 35, 42
Removed entity cow from grid at 8, 8
Removed entity cow from grid at 35, 42
Removed entity wolf from grid at 28, 36
Removed entity cow from grid at 17, 5
Removed entity cow from grid at 21, 21
Removed entity cow from grid at 11, 4
Removed entity cow from grid at 17, 21
Removed entity wolf from grid at 41, 15
Removed entity cow from grid at 25, 27
Removed entity cow from grid at 38, 42
Removed entity cow from grid at 37, 12
Removed entity cow from grid at 2, 44
Removed entity cow from grid at 45, 13
Removed entity cow from grid at 15, 23
Removed entity cow from grid at 40, 26
Removed entity wolf from grid at 22, 47
Added entity cow at 17, 42
Added entity cow at 14, 20
Added entity cow at 25, 16
Added entity cow at 40, 11
Added entity cow at 19, 22
Added entity cow at 8, 42
Added entity cow at 18, 36
Added entity cow at 19, 45
Added entity cow at 32, 7
Added entity cow at 44, 19
Added entity cow at 23, 24
Added entity cow at 34, 2
Added entity cow at 33, 12
Added entity cow at 4, 43
Added entity cow at 12, 23
Added entity cow at 49, 11
Added entity cow at 17, 19
Added entity cow at 30, 22
Added entity cow at 1, 30
Removed entity berry from grid at 8, 39
Added entity cow at 17, 41
Removed entity cow from grid at 4, 31
Removed entity wolf from grid at 38, 18
Removed entity cow from grid at 15, 6
Removed entity cow from grid at 25, 27
Removed entity cow from grid at 16, 20
Removed entity cow from grid at 23, 14
Removed entity cow from grid at 4, 29
Removed entity cow from grid at 19, 22
Removed entity cow from grid at 44, 26
Removed entity cow from grid at 24, 15
Removed entity cow from grid at 8, 10
Removed entity cow from grid at 14, 7
Removed entity wolf from grid at 43, 12
Removed entity cow from grid at 11, 5
Removed entity cow from grid at 41, 25
Added entity cow at 18, 40
Added entity cow at 2, 31
Added entity cow at 16, 20
Added entity cow at 13, 24
Added entity cow at 33, 1
Added entity cow at 24, 23
Added entity cow at 45, 20
Added entity cow at 31, 6
Added entity cow at 17, 37
Added entity cow at 7, 43
Added entity cow at 39, 10
Added entity cow at 26, 17
Added entity cow at 13, 21
Added entity cow at 12, 21
Added entity cow at 6, 31
Added entity cow at 24, 35
Added entity cow at 37, 42
Added entity cow at 1, 43
Added entity cow at 8, 37
Added entity cow at 21, 39
Added entity cow at 36, 42
Removed entity wolf from grid at 4, 17
Removed entity wolf from grid at 34, 44
Removed entity cow from grid at 39, 23
Removed entity cow from grid at 26, 37
Removed entity cow from grid at 40, 20
Removed entity cow from grid at 25, 26
Removed entity cow from grid at 36, 42
Removed entity cow from grid at 3, 30
Removed entity cow from grid at 5, 37
Removed entity cow from grid at 42, 13
Removed entity cow from grid at 37, 42
Removed entity cow from grid at 31, 25
Removed entity cow from grid at 25, 36
Removed entity cow from grid at 20, 15
Removed entity cow from grid at 8, 9
Removed entity cow from grid at 4, 43
Removed entity cow from grid at 45, 12
Removed entity cow from grid at 11, 6
Removed entity cow from grid at 14, 22
Removed entity cow from grid at 19, 45
Added entity cow at 22, 40
Added entity cow at 2, 44
Added entity cow at 25, 34
Added entity cow at 7, 30
Added entity cow at 11, 22
Added entity cow at 16, 36
Added entity cow at 32, 5
Added entity cow at 46, 19
Added entity cow at 32, 0
Added entity cow at 1, 32
Added entity cow at 29, 21
Added entity cow at 32, 13
Added entity cow at 43, 9
Added entity cow at 20, 43
Added entity cow at 41, 3
Added entity cow at 41, 22
Removed entity berry from grid at 37, 40
Added entity cow at 2, 26
Removed entity berry from grid at 0, 33
Added entity cow at 42, 42
Removed entity cow from grid at 15, 21
Removed entity wolf from grid at 8, 0
Removed entity cow from grid at 40, 23
Removed entity wolf from grid at 40, 48
Removed entity cow from grid at 29, 2
Removed entity cow from grid at 25, 39
Removed entity wolf from grid at 5, 34
Removed entity wolf from grid at 11, 36
Removed entity wolf from grid at 16, 17
Removed entity cow from grid at 22, 20
Removed entity cow from grid at 6, 36
Removed entity cow from grid at 31, 26
Removed entity cow from grid at 31, 23
Removed entity cow from grid at 8, 11
Removed entity cow from grid at 2, 44
Removed entity cow from grid at 42, 12
Removed entity cow from grid at 1, 41
Removed entity cow from grid at 13, 24
Removed entity cow from grid at 42, 25
Added entity cow at 43, 41
Added entity cow at 3, 25
Added entity cow at 42, 21
Added entity cow at 42, 4
Added entity cow at 21, 44
Added entity cow at 42, 8
Added entity cow at 33, 14
Added entity cow at 10, 21
Added entity cow at 26, 33
Added entity cow at 23, 39
Added entity cow at 12, 22
Added entity cow at 38, 11
Added entity cow at 8, 44
Added entity cow at 25, 22
Added entity cow at 15, 21
Removed entity berry from grid at 17, 40
Added entity cow at 49, 9
Added entity cow at 16, 43
Added entity cow at 38, 10
Removed entity berry from grid at 45, 8
Added entity tree at 10, 9
Removed entity cow from grid at 14, 20
Removed entity cow from grid at 40, 22
Removed entity cow from grid at 40, 12
Removed entity cow from grid at 39, 25
Removed entity cow from grid at 6, 32
Removed entity cow from grid at 13, 20
Removed entity cow from grid at 14, 18
Removed entity cow from grid at 37, 42
Removed entity cow from grid at 2, 31
Removed entity cow from grid at 20, 20
Removed entity cow from grid at 40, 10
Removed entity wolf from grid at 14, 7
Removed entity cow from grid at 9, 11
Removed entity cow from grid at 10, 4
Removed entity cow from grid at 1, 43
Removed entity cow from grid at 13, 23
Added entity cow at 37, 11
Added entity cow at 14, 20
Added entity cow at 37, 12
Added entity cow at 22, 38
Added entity cow at 25, 32
Added entity cow at 9, 22
Added entity cow at 43, 5
Added entity cow at 43, 22
Added entity cow at 42, 40
Added entity cow at 30, 22
Added entity cow at 45, 18
Added entity cow at 31, 6
Added entity cow at 6, 29
Added entity cow at 17, 41
Removed entity cow from grid at 13, 21
Removed entity cow from grid at 40, 45
Removed entity cow from grid at 24, 39
Removed entity cow from grid at 16, 46
Removed entity cow from grid at 13, 18
Removed entity cow from grid at 40, 20
Removed entity cow from grid at 24, 24
Removed entity cow from grid at 16, 18
Removed entity cow from grid at 25, 22
Removed entity cow from grid at 42, 13
Removed entity cow from grid at 35, 40
Removed entity cow from grid at 41, 9
Removed entity wolf from grid at 28, 18
Removed entity cow from grid at 42, 9
Removed entity cow from grid at 15, 22
Removed entity cow from grid at 41, 23
Added entity cow at 30, 5
Added entity cow at 44, 17
Added entity cow at 31, 21
Added entity cow at 42, 6
Added entity cow at 24, 31
Added entity cow at 21, 39
Added entity cow at 38, 13
Added entity cow at 13, 21
Added entity cow at 38, 12
Added entity cow at 17, 44
Added entity cow at 7, 36
Removed entity cow from grid at 7, 21
Removed entity cow from grid at 14, 20
Removed entity cow from grid at 3, 33
Removed entity cow from grid at 14, 19
Removed entity cow from grid at 40, 20
Removed entity cow from grid at 16, 19
Removed entity cow from grid at 22, 23
Removed entity cow from grid at 24, 23
Removed entity wolf from grid at 46, 24
Removed entity cow from grid at 23, 37
Removed entity cow from grid at 39, 9
Removed entity cow from grid at 7, 8
Removed entity cow from grid at 0, 41
Removed entity cow from grid at 42, 8
Removed entity cow from grid at 12, 1
Removed entity cow from grid at 0, 40
Removed entity cow from grid at 13, 23
Removed entity cow from grid at 43, 22
Added entity cow at 6, 37
Added entity cow at 39, 12
Added entity cow at 25, 30
Added entity cow at 41, 5
Added entity cow at 32, 22
Added entity cow at 45, 16
Added entity cow at 29, 4
Added entity cow at 41, 39
Added entity cow at 10, 21
Added entity cow at 1, 27
Added entity cow at 0, 33
Added entity cow at 31, 1
Removed entity cow from grid at 13, 21
Removed entity wolf from grid at 33, 6
Removed entity cow from grid at 36, 39
Removed entity cow from grid at 5, 30
Removed entity cow from grid at 7, 39
Removed entity wolf from grid at 28, 24
Removed entity cow from grid at 25, 15
Removed entity wolf from grid at 1, 5
Removed entity cow from grid at 18, 43
Added entity cow at 32, 0
Added entity cow at 1, 34
Added entity cow at 2, 28
Added entity cow at 11, 20
Added entity cow at 42, 38
Added entity cow at 24, 29
Added entity cow at 5, 38
Added entity cow at 16, 45
Added entity cow at 16, 42
Added entity cow at 9, 44
Added entity cow at 13, 21
Added entity cow at 19, 45
Removed entity cow from grid at 9, 21
Removed entity cow from grid at 38, 44
Removed entity cow from grid at 13, 21
Removed entity cow from grid at 9, 6
Removed entity cow from grid at 24, 38
Removed entity wolf from grid at 15, 47
Removed entity cow from grid at 12, 21
Removed entity cow from grid at 40, 21
Removed entity wolf from grid at 19, 11
Removed entity cow from grid at 29, 22
Removed entity cow from grid at 22, 41
Removed entity cow from grid at 25, 17
Removed entity cow from grid at 3, 41
Removed entity cow from grid at 12, 22
Removed entity cow from grid at 41, 21
Added entity cow at 18, 46
Added entity cow at 8, 45
Added entity cow at 15, 41
Added entity cow at 15, 46
Added entity cow at 23, 28
Added entity cow at 43, 37
Added entity cow at 10, 19
Added entity cow at 3, 29
Added entity cow at 0, 35
Added entity cow at 33, 1
Added entity cow at 28, 3
Added entity cow at 40, 6
Added entity cow at 37, 13
Added entity cow at 48, 10
Added entity cow at 32, 15
Added entity tree at 11, 35
Removed entity cow from grid at 9, 21
Removed entity cow from grid at 38, 44
Removed entity cow from grid at 1, 33
Removed entity cow from grid at 15, 46
Removed entity cow from grid at 11, 20
Removed entity cow from grid at 23, 28
Removed entity cow from grid at 18, 15
Removed entity cow from grid at 3, 29
Removed entity cow from grid at 45, 13
Removed entity cow from grid at 39, 40
Removed entity cow from grid at 30, 25
Removed entity cow from grid at 29, 22
Removed entity cow from grid at 41, 7
Removed entity cow from grid at 2, 39
Removed entity cow from grid at 20, 41
Added entity cow at 33, 16
Added entity cow at 36, 12
Added entity cow at 39, 5
Added entity cow at 34, 2
Added entity cow at 44, 38
Added entity cow at 16, 40
Added entity cow at 7, 44
Added entity cow at 17, 47
Added entity cow at 6, 37
Added entity cow at 47, 18
Added entity cow at 33, 21
Added entity cow at 22, 41
Added entity cow at 32, 1
Added entity berry at 37, 1
Removed entity cow from grid at 8, 22
Removed entity cow from grid at 16, 20
Removed entity cow from grid at 33, 6
Removed entity cow from grid at 25, 38
Removed entity cow from grid at 3, 34
Removed entity cow from grid at 42, 19
Removed entity cow from grid at 21, 40
Removed entity cow from grid at 42, 6
Removed entity cow from grid at 26, 14
Removed entity wolf from grid at 43, 7
Removed entity cow from grid at 40, 9
Removed entity cow from grid at 11, 23
Removed entity cow from grid at 21, 42
Added entity cow at 33, 2
Added entity cow at 21, 42
Added entity cow at 34, 20
Added entity cow at 16, 46
Added entity cow at 45, 37
Added entity cow at 35, 3
Added entity cow at 38, 6
Added entity cow at 34, 17
Added entity cow at 9, 19
Added entity cow at 40, 13
Removed entity cow from grid at 44, 20
Removed entity cow from grid at 44, 19
Removed entity wolf from grid at 43, 46
Removed entity cow from grid at 32, 5
Removed entity cow from grid at 24, 40
Removed entity cow from grid at 1, 34
Removed entity cow from grid at 8, 43
Removed entity cow from grid at 10, 20
Removed entity cow from grid at 26, 29
Removed entity cow from grid at 18, 18
Removed entity cow from grid at 30, 23
Removed entity cow from grid at 23, 12
Removed entity cow from grid at 6, 38
Removed entity cow from grid at 23, 17
Removed entity cow from grid at 22, 41
Removed entity cow from grid at 41, 6
Removed entity cow from grid at 42, 10
Removed entity wolf from grid at 19, 41
Added entity cow at 39, 14
Added entity cow at 35, 16
Added entity cow at 37, 5
Added entity cow at 36, 4
Added entity cow at 44, 36
Added entity cow at 15, 45
Added entity cow at 20, 43
Added entity cow at 48, 19
Added entity cow at 7, 38
Added entity cow at 6, 43
Added entity cow at 49, 9
Added entity cow at 17, 33
Removed entity berry from grid at 37, 1
Removed entity cow from grid at 9, 21
Removed entity cow from grid at 1, 33
Removed entity cow from grid at 10, 20
Removed entity cow from grid at 42, 17
Removed entity cow from grid at 41, 40
Removed entity cow from grid at 46, 12
Removed entity cow from grid at 41, 38
Removed entity cow from grid at 32, 23
Removed entity cow from grid at 31, 24
Removed entity cow from grid at 5, 41
Removed entity cow from grid at 4, 39
Removed entity cow from grid at 45, 18
Removed entity cow from grid at 19, 42
Added entity cow at 18, 32
Added entity cow at 48, 8
Added entity cow at 5, 42
Added entity cow at 6, 39
Added entity cow at 47, 20
Added entity cow at 14, 44
Added entity cow at 43, 35
Added entity cow at 35, 5
Added entity cow at 36, 15
Added entity cow at 35, 19
Added entity cow at 17, 41
Added entity cow at 10, 31
Removed entity berry from grid at 6, 34
Added entity tree at 39, 27
Removed entity cow from grid at 33, 6
Removed entity cow from grid at 24, 41
Removed entity cow from grid at 2, 32
Removed entity wolf from grid at 12, 48
Removed entity cow from grid at 7, 40
Removed entity cow from grid at 27, 29
Removed entity cow from grid at 2, 27
Removed entity cow from grid at 7, 38
Removed entity cow from grid at 47, 12
Removed entity cow from grid at 46, 22
Removed entity cow from grid at 20, 40
Removed entity wolf from grid at 40, 6
Removed entity cow from grid at 43, 42
Removed entity cow from grid at 3, 39
Added entity cow at 11, 32
Added entity cow at 18, 40
Added entity cow at 36, 20
Added entity cow at 15, 43
Added entity cow at 46, 19
Added entity cow at 4, 41
Added entity cow at 47, 9
Added entity cow at 19, 42
Added entity cow at 40, 13
Added entity cow at 36, 11
Removed entity cow from grid at 32, 5
Removed entity cow from grid at 42, 40
Removed entity cow from grid at 2, 27
Removed entity cow from grid at 7, 38
Removed entity cow from grid at 43, 39
Removed entity cow from grid at 47, 20
Removed entity cow from grid at 43, 41
Removed entity cow from grid at 29, 14
Removed entity cow from grid at 4, 41
Removed entity cow from grid at 46, 19
Removed entity cow from grid at 19, 40
Added entity cow at 39, 12
Added entity cow at 46, 10
Added entity cow at 12, 31
Added entity cow at 35, 14
Added entity cow at 42, 34
Added entity cow at 7, 38
Added entity cow at 19, 31
Added entity cow at 36, 4
Added entity cow at 32, 3
Added entity berry at 7, 35
Removed entity cow from grid at 42, 7
Removed entity cow from grid at 38, 14
Removed entity wolf from grid at 46, 48
Removed entity cow from grid at 32, 6
Removed entity cow from grid at 24, 42
Removed entity cow from grid at 2, 31
Removed entity cow from grid at 15, 48
Removed entity wolf from grid at 8, 43
Removed entity cow from grid at 27, 31
Removed entity cow from grid at 4, 26
Removed entity cow from grid at 43, 38
Removed entity cow from grid at 34, 20
Removed entity cow from grid at 35, 21
Removed entity cow from grid at 40, 6
Removed entity cow from grid at 4, 39
Removed entity cow from grid at 13, 27
Removed entity cow from grid at 46, 17
Removed entity cow from grid at 19, 42
Added entity cow at 31, 4
Added entity cow at 20, 30
Added entity cow at 8, 39
Added entity cow at 43, 33
Added entity cow at 34, 13
Added entity cow at 28, 4
Added entity tree at 43, 15
Removed entity cow from grid at 39, 14
Removed entity cow from grid at 32, 6
Removed entity cow from grid at 43, 40
Removed entity cow from grid at 33, 19
Removed entity cow from grid at 27, 13
Removed entity cow from grid at 7, 38
Removed entity cow from grid at 47, 10
Removed entity cow from grid at 19, 39
Removed entity cow from grid at 8, 39
Removed entity wolf from grid at 41, 2
Removed entity cow from grid at 18, 41
Added entity cow at 29, 3
Added entity cow at 33, 14
Removed entity berry from grid at 35, 13
Added entity cow at 45, 11
Added entity cow at 40, 13
Added entity cow at 16, 42
Added entity cow at 37, 21
Added entity cow at 19, 39
Removed entity cow from grid at 49, 19
Removed entity cow from grid at 40, 5
Removed entity cow from grid at 16, 45
Removed entity cow from grid at 34, 19
Removed entity cow from grid at 1, 28
Removed entity cow from grid at 7, 37
Removed entity cow from grid at 31, 13
Removed entity cow from grid at 48, 10
Removed entity cow from grid at 34, 18
Removed entity cow from grid at 35, 19
Removed entity cow from grid at 49, 21
Removed entity cow from grid at 36, 20
Removed entity cow from grid at 19, 39
Removed entity cow from grid at 40, 4
Removed entity cow from grid at 7, 40
Removed entity cow from grid at 42, 7
Removed entity cow from grid at 40, 3
Removed entity cow from grid at 18, 42
Added entity cow at 15, 41
Added entity cow at 44, 12
Added entity cow at 32, 15
Added entity cow at 30, 2
Added entity cow at 19, 31
Removed entity cow from grid at 38, 13
Removed entity cow from grid at 4, 34
Removed entity cow from grid at 25, 32
Removed entity cow from grid at 3, 28
Removed entity cow from grid at 48, 10
Removed entity cow from grid at 41, 36
Removed entity cow from grid at 36, 20
Removed entity cow from grid at 47, 39
Removed entity cow from grid at 41, 7
Removed entity cow from grid at 48, 17
Added entity cow at 31, 16
Added entity cow at 16, 40
Added entity cow at 41, 12
Added entity cow at 44, 33
Added entity cow at 32, 3
Added entity cow at 37, 3
Added entity cow at 37, 10
Added entity cow at 36, 6
Removed entity cow from grid at 39, 5
Removed entity cow from grid at 40, 14
Removed entity cow from grid at 32, 4
Removed entity cow from grid at 19, 38
Removed entity cow from grid at 5, 32
Removed entity cow from grid at 16, 44
Removed entity cow from grid at 9, 42
Removed entity cow from grid at 1, 28
Removed entity cow from grid at 32, 15
Removed entity cow from grid at 46, 12
Removed entity cow from grid at 35, 17
Removed entity cow from grid at 18, 36
Removed entity cow from grid at 29, 9
Removed entity cow from grid at 39, 4
Removed entity cow from grid at 11, 30
Removed entity cow from grid at 18, 38
Added entity cow at 37, 7
Added entity cow at 33, 2
Added entity cow at 43, 32
Added entity cow at 20, 32
Added entity cow at 31, 3
Added entity cow at 43, 13
Added entity cow at 12, 31
Removed entity cow from grid at 19, 34
Removed entity cow from grid at 8, 26
Removed entity cow from grid at 40, 13
Removed entity wolf from grid at 34, 4
Removed entity cow from grid at 17, 45
Removed entity cow from grid at 7, 42
Removed entity cow from grid at 25, 32
Removed entity cow from grid at 42, 35
Removed entity cow from grid at 35, 17
Removed entity cow from grid at 18, 35
Removed entity cow from grid at 37, 5
Removed entity cow from grid at 31, 10
Removed entity cow from grid at 7, 43
Added entity cow at 11, 30
Added entity cow at 44, 14
Added entity cow at 32, 4
Added entity cow at 21, 33
Added entity cow at 38, 6
Added entity cow at 38, 9
Added entity cow at 38, 4
Added entity cow at 42, 13
Added entity cow at 15, 39
Added entity berry at 12, 41
Removed entity berry from grid at 12, 41
Removed entity cow from grid at 20, 32
Removed entity cow from grid at 38, 4
Removed entity cow from grid at 34, 5
Removed entity cow from grid at 2, 32
Removed entity cow from grid at 16, 44
Removed entity cow from grid at 27, 8
Removed entity cow from grid at 42, 35
Removed entity cow from grid at 3, 26
Removed entity cow from grid at 33, 14
Removed entity cow from grid at 43, 35
Removed entity cow from grid at 36, 4
Removed entity cow from grid at 47, 36
Removed entity cow from grid at 44, 5
Removed entity cow from grid at 12, 31
Removed entity cow from grid at 15, 38
Added entity cow at 39, 10
Added entity cow at 39, 5
Added entity cow at 22, 34
Added entity cow at 42, 33
Added entity cow at 31, 17
Removed entity berry from grid at 13, 39
Removed entity cow from grid at 44, 14
Removed entity cow from grid at 39, 5
Removed entity cow from grid at 40, 12
Removed entity cow from grid at 34, 5
Removed entity cow from grid at 17, 38
Removed entity cow from grid at 31, 8
Removed entity cow from grid at 32, 9
Removed entity cow from grid at 32, 15
Removed entity cow from grid at 47, 8
Removed entity cow from grid at 32, 16
Removed entity cow from grid at 31, 17
Removed entity wolf from grid at 17, 36
Removed entity cow from grid at 37, 3
Removed entity cow from grid at 46, 36
Removed entity cow from grid at 33, 10
Removed entity cow from grid at 37, 2
Removed entity cow from grid at 28, 4
Removed entity cow from grid at 43, 13
Added entity cow at 43, 34
Added entity cow at 23, 33
Added entity cow at 40, 11
Added entity cow at 16, 38
Added entity cow at 31, 5
Added entity cow at 10, 29
Removed entity cow from grid at 10, 29
Removed entity cow from grid at 34, 5
Removed entity cow from grid at 18, 44
Removed entity cow from grid at 42, 13
Removed entity cow from grid at 22, 34
Removed entity cow from grid at 43, 34
Removed entity cow from grid at 47, 8
Removed entity cow from grid at 36, 5
Removed entity cow from grid at 33, 10
Removed entity cow from grid at 9, 43
Removed entity cow from grid at 45, 6
Removed entity cow from grid at 11, 30
Added entity cow at 17, 37
Added entity cow at 22, 34
Removed entity wolf from grid at 14, 33
Added entity berry at 7, 23
Added entity cow at 21, 35
Added entity cow at 30, 6
Added entity cow at 39, 12
Added entity naturereserve at 28, 11
Human Uma built Nature Reserve for WOLF
Added entity naturereserve at 31, 14
Human Jack built Nature Reserve for WOLF
Added entity berry at 47, 11
Added entity naturereserve at 12, 27
Human Tina built Nature Reserve for WOLF
Added entity cow at 38, 11
Added entity cow at 18, 36
Removed entity berry from grid at 15, 37
Removed entity cow from grid at 17, 31
Removed entity cow from grid at 39, 15
Removed entity cow from grid at 31, 9
Removed entity cow from grid at 15, 37
Removed entity cow from grid at 19, 43
Removed entity cow from grid at 30, 6
Removed entity cow from grid at 41, 11
Removed entity cow from grid at 31, 4
Removed entity cow from grid at 24, 31
Removed entity cow from grid at 8, 32
Removed entity cow from grid at 15, 41
Removed entity cow from grid at 32, 15
Removed entity cow from grid at 34, 13
Removed entity cow from grid at 38, 6
Removed entity cow from grid at 42, 34
Removed entity cow from grid at 11, 31
Removed entity cow from grid at 34, 4
Removed entity cow from grid at 17, 37
Added entity cow at 17, 35
Added entity wolf at 27, 11
Added entity cow at 20, 36
Added entity naturereserve at 14, 39
Human Zane built Nature Reserve for WOLF
Added entity naturereserve at 36, 14
Human Ruby built Nature Reserve for WOLF
Added entity wolf at 37, 15
Added entity cow at 21, 37
Added entity cow at 16, 36
Added entity cow at 34, 3
Added entity berry at 28, 33
Added entity tree at 43, 46
Removed entity wolf from grid at 37, 15
Removed entity wolf from grid at 27, 9
Added entity naturereserve at 46, 19
Human Zane built Nature Reserve for WOLF
Added entity cow at 17, 37
Added entity cow at 22, 36
Added entity cow at 37, 12
Added entity naturereserve at 26, 12
Human Hank built Nature Reserve for WOLF
Added entity naturereserve at 4, 41
Human Luna built Nature Reserve for WOLF
Added entity cow at 21, 35
Added entity cow at 16, 38
Added entity naturereserve at 21, 12
Human Charlie built Nature Reserve for WOLF
Added entity naturereserve at 26, 1
Human Xander built Nature Reserve for WOLF
Added entity naturereserve at 33, 20
Human Ruby built Nature Reserve for WOLF
Added entity cow at 15, 37
Added entity cow at 36, 11
Added entity naturereserve at 41, 41
Human Milo built Nature Reserve for WOLF
Added entity naturereserve at 29, 9
Human Jack built Nature Reserve for WOLF
Added entity naturereserve at 36, 41
Human Eve built Nature Reserve for WOLF
Added entity naturereserve at 37, 33
Human Wendy built Nature Reserve for WOLF
Added entity naturereserve at 7, 25
Human Xander built Nature Reserve for WOLF
Added entity wolf at 40, 41
Added entity cow at 14, 36
Added entity cow at 22, 34
Added entity cow at 35, 4
Added entity naturereserve at 16, 33
Human Oscar built Nature Reserve for WOLF
Added entity naturereserve at 31, 25
Human Oscar built Nature Reserve for WOLF
Removed entity wolf from grid at 40, 41
Added entity naturereserve at 24, 13
Human Bob built Nature Reserve for WOLF
Added entity cow at 23, 33
Added entity cow at 13, 35
Added entity wolf at 38, 33
Removed entity berry from grid at 19, 25
Added entity berry at 16, 44
Removed entity cow from grid at 15, 34
Removed entity cow from grid at 33, 16
Removed entity cow from grid at 17, 37
Removed entity cow from grid at 26, 36
Removed entity cow from grid at 35, 7
Removed entity cow from grid at 36, 3
Removed entity cow from grid at 21, 42
Removed entity cow from grid at 31, 11
Removed entity cow from grid at 37, 17
Removed entity cow from grid at 43, 8
Removed entity cow from grid at 13, 30
Removed entity cow from grid at 20, 36
Added entity cow at 14, 34
Added entity cow at 34, 3
Added entity cow at 35, 2
Added entity cow at 24, 34
Added entity cow at 37, 12
Added entity berry at 23, 16
Added entity naturereserve at 37, 0
Human Quinn built Nature Reserve for WOLF
Added entity naturereserve at 4, 47
Human Luna built Nature Reserve for WOLF
Added entity wolf at 3, 48
Added entity cow at 25, 33
Added entity cow at 34, 1
Added entity cow at 15, 35
Added entity wolf at 13, 27
Added entity naturereserve at 38, 49
Human Tina built Nature Reserve for WOLF
Added entity naturereserve at 21, 2
Human Charlie built Nature Reserve for WOLF
Added entity naturereserve at 43, 12
Human Ivy built Nature Reserve for WOLF
Added entity naturereserve at 5, 46
Human Luna built Nature Reserve for WOLF
Added entity cow at 14, 36
Added entity wolf at 3, 41
Added entity naturereserve at 20, 18
Human Wendy built Nature Reserve for WOLF
Added entity naturereserve at 30, 36
Human Uma built Nature Reserve for WOLF
Added entity naturereserve at 4, 30
Human Charlie built Nature Reserve for WOLF
Added entity naturereserve at 47, 8
Human Zane built Nature Reserve for WOLF
Removed entity wolf from grid at 38, 33
Added entity naturereserve at 30, 17
Human Jack built Nature Reserve for WOLF
Added entity naturereserve at 17, 7
Human Milo built Nature Reserve for WOLF
Added entity cow at 13, 37
Added entity cow at 36, 11
Removed entity berry from grid at 24, 1
Removed entity wolf from grid at 3, 41
Added entity naturereserve at 2, 40
Human Ivy built Nature Reserve for WOLF
Added entity naturereserve at 27, 41
Human Victor built Nature Reserve for WOLF
Added entity wolf at 20, 3
Added entity wolf at 24, 12
Added entity wolf at 22, 12
Added entity wolf at 4, 42
Added entity naturereserve at 18, 20
Human Alice built Nature Reserve for WOLF
Added entity naturereserve at 14, 8
Human Yara built Nature Reserve for WOLF
Added entity naturereserve at 35, 45
Human Tina built Nature Reserve for WOLF
Added entity naturereserve at 1, 41
Human Jack built Nature Reserve for WOLF
Added entity naturereserve at 27, 35
Human Oscar built Nature Reserve for WOLF
Added entity naturereserve at 45, 33
Human Eve built Nature Reserve for WOLF
Added entity naturereserve at 22, 21
Human Ruby built Nature Reserve for WOLF
Added entity naturereserve at 2, 20
Human Sam built Nature Reserve for WOLF
Added entity wolf at 13, 9
Added entity wolf at 48, 9
Added entity wolf at 4, 45
Added entity cow at 33, 0
Added entity wolf at 8, 25
Added entity wolf at 29, 8
Removed entity cow from grid at 14, 29
Removed entity cow from grid at 28, 34
Removed entity cow from grid at 40, 3
Removed entity cow from grid at 26, 41
Removed entity cow from grid at 38, 14
Removed entity cow from grid at 5, 32
Added entity wolf at 45, 34
Added entity cow at 12, 38
Added entity cow at 24, 35
Added entity tree at 22, 42
Removed entity wolf from grid at 15, 11
Removed entity wolf from grid at 19, 4
Added entity naturereserve at 30, 21
Human Hank built Nature Reserve for WOLF
Added entity naturereserve at 12, 10
Human Milo built Nature Reserve for WOLF
Removed entity wolf from grid at 21, 11
Added entity naturereserve at 4, 31
Human Frank built Nature Reserve for WOLF
Removed entity wolf from grid at 18, 28
Added entity wolf at 12, 9
Added entity cow at 35, 12
Added entity naturereserve at 21, 24
Human Zane built Nature Reserve for WOLF
Added entity naturereserve at 10, 7
Human Nina built Nature Reserve for WOLF
Added entity cow at 36, 13
Added entity cow at 11, 37
Added entity wolf at 0, 42
Added entity wolf at 46, 8
Added entity wolf at 16, 32
Removed entity wolf from grid at 13, 9
Added entity naturereserve at 13, 32
Human Diana built Nature Reserve for WOLF
Added entity naturereserve at 41, 17
Human Nina built Nature Reserve for WOLF
Added entity naturereserve at 12, 11
Human Charlie built Nature Reserve for WOLF
Removed entity wolf from grid at 45, 35
Added entity cow at 10, 38
Removed entity cow from grid at 39, 10
Removed entity cow from grid at 28, 38
Removed entity cow from grid at 44, 4
Removed entity cow from grid at 26, 35
Removed entity cow from grid at 37, 10
Removed entity cow from grid at 47, 4
Removed entity wolf from grid at 47, 9
Added entity cow at 37, 14
Added entity cow at 23, 34
Added entity cow at 32, 1
Added entity wolf at 27, 10
Added entity naturereserve at 32, 37
Human Yara built Nature Reserve for WOLF
Added entity naturereserve at 45, 32
Human Quinn built Nature Reserve for WOLF
Removed entity wolf from grid at 27, 10
Removed entity wolf from grid at 26, 8
Added entity naturereserve at 35, 24
Human Zane built Nature Reserve for WOLF
Added entity naturereserve at 47, 15
Human Ruby built Nature Reserve for WOLF
Added entity cow at 31, 0
Added entity cow at 24, 33
Added entity wolf at 29, 20
Added entity wolf at 3, 30
Added entity wolf at 38, 48
Added entity cow at 25, 34
Added entity cow at 36, 13
Added entity cow at 12, 39
Added entity wolf at 23, 13
Removed entity cow from grid at 35, 14
Removed entity wolf from grid at 4, 43
Removed entity cow from grid at 15, 37
Removed entity cow from grid at 39, 7
Removed entity wolf from grid at 49, 10
Removed entity wolf from grid at 4, 39
Removed entity cow from grid at 22, 30
Removed entity cow from grid at 10, 34
Removed entity cow from grid at 46, 15
Added entity cow at 24, 35
Added entity wolf at 4, 46
Added entity wolf at 7, 24
Added entity wolf at 47, 18
Removed entity wolf from grid at 27, 7
Added entity naturereserve at 37, 36
Human Tina built Nature Reserve for WOLF
Added entity naturereserve at 29, 41
Human Uma built Nature Reserve for WOLF
Added entity naturereserve at 49, 3
Human Quinn built Nature Reserve for WOLF
Added entity naturereserve at 18, 5
Human Nina built Nature Reserve for WOLF
Added entity cow at 25, 36
Added entity cow at 10, 38
Added entity cow at 32, 1
Added entity wolf at 35, 23
Removed entity cow from grid at 15, 32
Removed entity cow from grid at 28, 39
Removed entity cow from grid at 19, 38
Removed entity wolf from grid at 2, 43
Removed entity cow from grid at 36, 7
Removed entity wolf from grid at 7, 19
Removed entity cow from grid at 24, 32
Removed entity cow from grid at 8, 42
Added entity cow at 24, 37
Added entity cow at 37, 14
Added entity wolf at 42, 17
Added entity wolf at 23, 12
Added entity wolf at 34, 20
Added entity wolf at 27, 0
Added entity naturereserve at 32, 39
Human Yara built Nature Reserve for WOLF
Added entity naturereserve at 37, 30
Human Milo built Nature Reserve for WOLF
Added entity naturereserve at 35, 5
Human Jack built Nature Reserve for WOLF
Removed entity wolf from grid at 42, 17
Removed entity wolf from grid at 23, 12
Added entity cow at 36, 15
Added entity wolf at 30, 40
Added entity wolf at 46, 14
Added entity wolf at 47, 7
Removed entity berry from grid at 16, 44
Added entity berry at 17, 39
Removed entity wolf from grid at 36, 23
Added entity naturereserve at 32, 25
Human Ruby built Nature Reserve for WOLF
Removed entity wolf from grid at 46, 14
Removed entity wolf from grid at 34, 20
Added entity naturereserve at 25, 15
Human Bob built Nature Reserve for WOLF
Added entity naturereserve at 22, 8
Human Wendy built Nature Reserve for WOLF
Removed entity wolf from grid at 47, 6
Removed entity wolf from grid at 25, 19
Added entity naturereserve at 32, 21
Human Eve built Nature Reserve for WOLF
Added entity wolf at 25, 16
Added entity cow at 35, 14
Added entity wolf at 33, 39
Added entity naturereserve at 12, 0
Human Charlie built Nature Reserve for WOLF
Added entity cow at 31, 2
Added entity wolf at 46, 14
Added entity wolf at 36, 23
Added entity naturereserve at 9, 4
Human Yara built Nature Reserve for WOLF
Removed entity wolf from grid at 6, 25
Added entity naturereserve at 27, 27
Human Victor built Nature Reserve for WOLF
Added entity naturereserve at 37, 25
Human Bob built Nature Reserve for WOLF
Added entity naturereserve at 48, 24
Human Wendy built Nature Reserve for WOLF
Added entity naturereserve at 1, 37
Human Xander built Nature Reserve for WOLF
Removed entity wolf from grid at 23, 11
Added entity cow at 30, 3
Added entity cow at 34, 13
Added entity wolf at 31, 24
Added entity wolf at 33, 38
Added entity cow at 11, 37
Added entity wolf at 31, 37
Added entity wolf at 28, 40
Added entity wolf at 5, 30
Added entity wolf at 22, 12
Removed entity berry from grid at 47, 11
Removed entity cow from grid at 20, 33
Removed entity cow from grid at 21, 38
Removed entity cow from grid at 46, 8
Removed entity cow from grid at 18, 35
Removed entity cow from grid at 37, 5
Removed entity cow from grid at 40, 5
Removed entity wolf from grid at 48, 22
Removed entity wolf from grid at 2, 36
Removed entity wolf from grid at 22, 12
Added entity cow at 23, 35
Added entity wolf at 40, 16
Added entity wolf at 28, 10
Removed entity wolf from grid at 28, 39
Removed entity wolf from grid at 31, 23
Added entity cow at 22, 34
Added entity cow at 35, 12
Added entity wolf at 22, 9
Added entity wolf at 17, 5
Added entity wolf at 35, 25
Added entity wolf at 17, 8
Added entity wolf at 25, 2
Added entity naturereserve at 21, 13
Human Yara built Nature Reserve for WOLF
Removed entity wolf from grid at 35, 25
Added entity naturereserve at 19, 12
Human Xander built Nature Reserve for WOLF
Removed entity wolf from grid at 5, 45
Removed entity wolf from grid at 27, 10
Removed entity wolf from grid at 31, 36
Added entity wolf at 18, 12
Added entity cow at 34, 11
Added entity cow at 21, 35
Added entity cow at 29, 2
Added entity wolf at 23, 22
Added entity wolf at 26, 35
Added entity wolf at 18, 7
Added entity wolf at 8, 26
Added entity wolf at 28, 10
Removed entity wolf from grid at 24, 17
Removed entity cow from grid at 25, 39
Removed entity cow from grid at 23, 40
Removed entity cow from grid at 39, 4
Removed entity wolf from grid at 34, 24
Removed entity cow from grid at 38, 5
Removed entity cow from grid at 30, 14
Added entity cow at 20, 36
Added entity wolf at 36, 32
Added entity wolf at 36, 40
Added entity naturereserve at 38, 39
Human Quinn built Nature Reserve for WOLF
Removed entity wolf from grid at 18, 8
Added entity naturereserve at 38, 29
Human Luna built Nature Reserve for WOLF
Added entity naturereserve at 30, 39
Human Zane built Nature Reserve for WOLF
Added entity cow at 21, 37
Added entity cow at 12, 38
Added entity wolf at 17, 6
Added entity wolf at 5, 29
Added entity tree at 25, 6
Added entity cow at 37, 20
Removed entity wolf from grid at 6, 25
Removed entity cow from grid at 12, 28
Removed entity cow from grid at 17, 36
Removed entity cow from grid at 6, 45
Removed entity cow from grid at 41, 6
Removed entity cow from grid at 38, 6
Removed entity wolf from grid at 48, 15
Removed entity berry from grid at 37, 19
Added entity cow at 11, 39
Added entity cow at 28, 1
Added entity cow at 33, 10
Added entity wolf at 48, 23
Removed entity wolf from grid at 18, 12
Added entity naturereserve at 38, 30
Human Yara built Nature Reserve for WOLF
Added entity naturereserve at 29, 11
Human Wendy built Nature Reserve for WOLF
Removed entity wolf from grid at 5, 27
Removed entity wolf from grid at 23, 39
Removed entity wolf from grid at 17, 5
Removed entity wolf from grid at 21, 10
Added entity berry at 6, 44
Removed entity wolf from grid at 2, 33
Removed entity wolf from grid at 28, 8
Added entity wolf at 30, 12
Added entity cow at 34, 9
Added entity cow at 27, 0
Added entity cow at 22, 36
Added entity wolf at 18, 8
Added entity wolf at 13, 38
Removed entity cow from grid at 28, 36
Removed entity cow from grid at 18, 36
Removed entity cow from grid at 26, 37
Removed entity cow from grid at 36, 5
Added entity cow at 33, 8
Added entity cow at 12, 38
Removed entity wolf from grid at 38, 31
Removed entity wolf from grid at 22, 22
Removed entity cow from grid at 24, 38
Removed entity cow from grid at 23, 34
Removed entity cow from grid at 25, 36
Removed entity cow from grid at 40, 13
Removed entity cow from grid at 25, 35
Removed entity cow from grid at 25, 24
Removed entity cow from grid at 27, 21
Removed entity cow from grid at 20, 24
Removed entity cow from grid at 35, 6
Removed entity wolf from grid at 41, 16
Removed entity cow from grid at 11, 30
Removed entity wolf from grid at 34, 37
Added entity cow at 13, 37
Added entity cow at 32, 9
Added entity cow at 23, 37
Added entity cow at 36, 19
Added entity wolf at 13, 10
Added entity wolf at 32, 24
Added entity naturereserve at 35, 6
Human Zane built Nature Reserve for WOLF
Added entity wolf at 34, 7
Added entity cow at 35, 18
Added entity cow at 14, 36
Added entity cow at 28, 1
Added entity wolf at 36, 25
Added entity wolf at 40, 16
Added entity wolf at 16, 32
Added entity naturereserve at 43, 13
Human Quinn built Nature Reserve for WOLF
Added entity naturereserve at 31, 29
Human Eve built Nature Reserve for WOLF
Added entity naturereserve at 22, 22
Human Hank built Nature Reserve for WOLF
Added entity cow at 29, 0
Added entity cow at 34, 19
Added entity cow at 24, 36
Added entity wolf at 12, 31
Added entity wolf at 47, 9
Added entity wolf at 29, 8
Removed entity cow from grid at 23, 37
Removed entity cow from grid at 26, 32
Removed entity wolf from grid at 47, 9
Removed entity wolf from grid at 19, 9
Removed entity cow from grid at 45, 5
Removed entity cow from grid at 35, 8
Removed entity wolf from grid at 41, 16
Removed entity wolf from grid at 14, 9
Removed entity cow from grid at 33, 11
Added entity cow at 23, 35
Added entity cow at 30, 1
Added entity wolf at 18, 12
Added entity wolf at 20, 13
Added entity wolf at 13, 31
Removed entity wolf from grid at 11, 30
Removed entity wolf from grid at 14, 6
Added entity naturereserve at 34, 40
Human Quinn built Nature Reserve for WOLF
Removed entity wolf from grid at 15, 32
Removed entity wolf from grid at 35, 33
Added entity cow at 15, 35
Added entity wolf at 24, 16
Added entity wolf at 29, 22
Added entity wolf at 21, 20
Added entity berry at 39, 6
Added entity naturereserve at 18, 18
Human Yara built Nature Reserve for WOLF
Added entity naturereserve at 39, 28
Human Yara built Nature Reserve for WOLF
Removed entity wolf from grid at 21, 20
Removed entity wolf from grid at 26, 34
Added entity naturereserve at 25, 42
Human Milo built Nature Reserve for WOLF
Added entity naturereserve at 49, 5
Human Jack built Nature Reserve for WOLF
Removed entity wolf from grid at 15, 8
Removed entity wolf from grid at 33, 8
Added entity cow at 14, 34
Added entity cow at 33, 18
Added entity wolf at 39, 30
Added entity wolf at 33, 40
Added entity wolf at 41, 16
Added entity wolf at 37, 49
Removed entity wolf from grid at 39, 30
Removed entity cow from grid at 31, 8
Removed entity cow from grid at 22, 34
Removed entity wolf from grid at 41, 16
Removed entity cow from grid at 14, 30
Removed entity cow from grid at 8, 38
Removed entity cow from grid at 35, 9
Removed entity cow from grid at 18, 44
Added entity cow at 32, 17
Added entity wolf at 33, 39
Added entity cow at 31, 0
Added entity cow at 22, 34
Added entity wolf at 33, 21
Added entity wolf at 20, 25
Added entity wolf at 6, 45
Added entity wolf at 23, 14
Removed entity wolf from grid at 23, 17
Removed entity wolf from grid at 30, 23
Removed entity wolf from grid at 33, 11
Removed entity wolf from grid at 33, 21
Added entity wolf at 20, 13
Added entity wolf at 21, 9
Added entity wolf at 33, 26
Added entity wolf at 30, 40
Added entity wolf at 36, 36
Added entity wolf at 36, 46
Removed entity wolf from grid at 33, 40
Removed entity wolf from grid at 36, 36
Added entity cow at 23, 33
Added entity cow at 31, 16
Added entity cow at 13, 33
Added entity wolf at 31, 24
Added entity wolf at 22, 23
Added entity wolf at 6, 26
Added entity wolf at 45, 19
Removed entity cow from grid at 20, 33
Removed entity cow from grid at 19, 40
Removed entity cow from grid at 42, 16
Removed entity cow from grid at 24, 38
Removed entity cow from grid at 12, 36
Removed entity cow from grid at 44, 3
Removed entity cow from grid at 21, 26
Removed entity wolf from grid at 11, 33
Removed entity cow from grid at 33, 10
Removed entity wolf from grid at 35, 26
Removed entity cow from grid at 10, 37
Removed entity cow from grid at 36, 12
Removed entity wolf from grid at 45, 19
Added entity cow at 22, 32
Added entity cow at 30, 1
Added entity wolf at 17, 4
Added entity wolf at 3, 30
Added entity wolf at 28, 41
Added entity wolf at 20, 11
Removed entity wolf from grid at 30, 37
Removed entity wolf from grid at 22, 24
Added entity cow at 21, 33
Added entity cow at 31, 5
Added entity wolf at 31, 39
Added entity wolf at 36, 32
Removed entity wolf from grid at 25, 16
Added entity naturereserve at 22, 17
Human Bob built Nature Reserve for WOLF
Removed entity wolf from grid at 30, 27
Removed entity wolf from grid at 24, 25
Added entity cow at 32, 6
Added entity wolf at 26, 41
Added entity wolf at 28, 12
Added entity wolf at 39, 31
Added entity wolf at 8, 5
Removed entity berry from grid at 39, 6
Added entity naturereserve at 48, 3
Human Nina built Nature Reserve for WOLF
Removed entity wolf from grid at 35, 37
Removed entity wolf from grid at 47, 23
Added entity naturereserve at 46, 25
Human Ivy built Nature Reserve for WOLF
Removed entity wolf from grid at 19, 10
Added entity naturereserve at 18, 45
Human Frank built Nature Reserve for WOLF
Added entity naturereserve at 35, 36
Human Uma built Nature Reserve for WOLF
Added entity cow at 33, 5
Added entity cow at 22, 34
Added entity cow at 31, 18
Added entity wolf at 17, 19
Added entity wolf at 36, 23
Added entity wolf at 21, 17
Added entity wolf at 5, 47
Removed entity wolf from grid at 21, 9
Removed entity wolf from grid at 36, 23
Removed entity wolf from grid at 42, 23
Added entity naturereserve at 12, 28
Human Ruby built Nature Reserve for WOLF
Removed entity wolf from grid at 19, 10
Added entity cow at 21, 35
Added entity cow at 34, 6
Added entity wolf at 36, 31
Added entity wolf at 3, 47
Added entity wolf at 34, 21
Added entity wolf at 20, 13
Removed entity wolf from grid at 35, 38
Removed entity wolf from grid at 21, 17
Removed entity wolf from grid at 31, 38
Removed entity cow from grid at 16, 42
Removed entity cow from grid at 27, 5
Added entity cow at 22, 36
Removed entity wolf from grid at 22, 13
Added entity naturereserve at 5, 26
Human Zane built Nature Reserve for WOLF
Removed entity wolf from grid at 21, 40
Added entity cow at 23, 37
Added entity cow at 35, 7
Added entity cow at 29, 0
Added entity cow at 13, 36
Added entity wolf at 2, 41
Added entity wolf at 26, 11
Removed entity wolf from grid at 22, 6
Removed entity cow from grid at 18, 36
Removed entity cow from grid at 19, 38
Removed entity cow from grid at 16, 36
Removed entity cow from grid at 33, 18
Removed entity cow from grid at 40, 7
Removed entity cow from grid at 11, 31
Removed entity cow from grid at 33, 15
Removed entity wolf from grid at 34, 28
Removed entity cow from grid at 15, 38
Removed entity cow from grid at 16, 41
Added entity cow at 14, 37
Added entity cow at 28, 1
Added entity cow at 36, 6
Added entity cow at 24, 36
Added entity wolf at 29, 10
Added entity wolf at 18, 12
Added entity wolf at 40, 40
Added entity wolf at 22, 13
Added entity tree at 10, 24
Removed entity wolf from grid at 22, 7
Added entity naturereserve at 9, 8
Human Charlie built Nature Reserve for WOLF
Added entity naturereserve at 41, 9
Human Jack built Nature Reserve for WOLF
Removed entity wolf from grid at 19, 19
Added entity naturereserve at 32, 16
Human Zane built Nature Reserve for WOLF
Added entity cow at 25, 35
Added entity cow at 37, 7
Added entity cow at 13, 38
Added entity wolf at 13, 27
Added entity wolf at 22, 18
Added entity wolf at 37, 39
Added entity wolf at 12, 12
Added entity wolf at 11, 9
Removed entity cow from grid at 27, 13
Removed entity cow from grid at 30, 20
Removed entity wolf from grid at 23, 10
Removed entity cow from grid at 20, 34
Removed entity cow from grid at 34, 19
Removed entity cow from grid at 15, 34
Removed entity cow from grid at 15, 45
Removed entity wolf from grid at 28, 41
Added entity cow at 38, 6
Added entity cow at 26, 36
Added entity cow at 31, 17
Added entity wolf at 19, 45
Added entity wolf at 32, 29
Added entity wolf at 31, 40
Added entity wolf at 46, 15
Added entity wolf at 30, 26
Added entity tree at 22, 9
Removed entity wolf from grid at 6, 28
Removed entity wolf from grid at 38, 40
Added entity cow at 39, 5
Added entity cow at 12, 39
Added entity wolf at 42, 16
Added entity wolf at 37, 1
Added entity wolf at 41, 42
Removed entity wolf from grid at 43, 31
Removed entity cow from grid at 28, 9
Removed entity cow from grid at 16, 36
Removed entity wolf from grid at 9, 6
Removed entity cow from grid at 22, 41
Removed entity cow from grid at 20, 34
Removed entity wolf from grid at 30, 13
Removed entity cow from grid at 23, 2
Removed entity cow from grid at 13, 38
Removed entity cow from grid at 12, 43
Added entity cow at 40, 6
Added entity wolf at 21, 7
Removed entity berry from grid at 28, 33
Added entity wolf at 11, 10
Added entity cow at 39, 19
Removed entity wolf from grid at 28, 10
Added entity naturereserve at 36, 43
Human Luna built Nature Reserve for WOLF
Added entity cow at 38, 20
Added entity cow at 39, 7
Added entity cow at 11, 38
Added entity cow at 30, 16
Added entity cow at 27, 34
Added entity wolf at 26, 15
Added entity wolf at 20, 11
Removed entity wolf from grid at 2, 26
Removed entity cow from grid at 13, 36
Removed entity cow from grid at 36, 18
Removed entity cow from grid at 21, 31
Removed entity cow from grid at 37, 6
Removed entity cow from grid at 16, 36
Removed entity wolf from grid at 27, 42
Removed entity cow from grid at 12, 39
Removed entity wolf from grid at 42, 16
Removed entity cow from grid at 29, 44
Added entity cow at 26, 33
Added entity cow at 31, 15
Added entity cow at 12, 39
Added entity cow at 38, 8
Added entity wolf at 38, 36
Added entity wolf at 21, 21
Added entity wolf at 0, 40
Added entity wolf at 31, 24
Added entity wolf at 3, 42
Added entity naturereserve at 42, 35
Human Yara built Nature Reserve for WOLF
Removed entity wolf from grid at 31, 24
Added entity naturereserve at 5, 31
Human Oscar built Nature Reserve for WOLF
Removed entity wolf from grid at 34, 44
Removed entity cow from grid at 27, 4
Removed entity wolf from grid at 21, 21
Added entity cow at 11, 40
Added entity cow at 25, 32
Added entity cow at 39, 21
Added entity cow at 29, 2
Removed entity cow from grid at 43, 35
Removed entity cow from grid at 10, 46
Removed entity cow from grid at 31, 22
Removed entity cow from grid at 12, 39
Removed entity cow from grid at 37, 19
Removed entity cow from grid at 23, 35
Removed entity wolf from grid at 29, 24
Removed entity cow from grid at 16, 38
Removed entity cow from grid at 29, 16
Removed entity wolf from grid at 25, 4
Removed entity cow from grid at 10, 39
Removed entity cow from grid at 33, 21
Removed entity cow from grid at 26, 3
Removed entity cow from grid at 14, 43
Added entity cow at 30, 3
Added entity cow at 40, 22
Added entity cow at 24, 33
Added entity cow at 10, 41
Added entity wolf at 41, 35
Added entity cow at 39, 9
Added entity wolf at 25, 41
Added entity wolf at 28, 10
Added entity wolf at 38, 24
Added entity wolf at 17, 6
Added entity wolf at 36, 46
Added entity wolf at 47, 9
Added entity wolf at 30, 25
Added entity wolf at 13, 27
Added entity tree at 29, 12
Added entity tree at 3, 28
Added entity tree at 42, 33
Added entity tree at 2, 25
Added entity tree at 8, 8
Added entity tree at 38, 31
Added entity tree at 27, 12
Added entity tree at 27, 36
Added entity tree at 23, 5
Added entity tree at 6, 33
Added entity tree at 10, 5
Added entity tree at 13, 37
Added entity tree at 46, 9
Added entity tree at 35, 18
Added entity tree at 6, 30
Removed entity wolf from grid at 21, 47
Added entity tree at 24, 34
Removed entity wolf from grid at 30, 25
Added entity tree at 17, 34
Removed entity cow from grid at 42, 18
Added entity human at 8, 29
Removed entity wolf from grid at 30, 41
Added entity human at 7, 28
Added entity cow at 38, 10
Added entity cow at 11, 42
Added entity cow at 23, 32
Added entity wolf at 24, 43
Added entity wolf at 33, 24
Added entity wolf at 42, 11
Added entity wolf at 7, 24
Removed entity tree from grid at 29, 12
Removed entity cow from grid at 27, 38
Added entity human at 7, 47
Removed entity tree from grid at 46, 9
Removed entity tree from grid at 6, 30
Removed entity tree from grid at 27, 6
Removed entity cow from grid at 36, 22
Added entity tree at 6, 46
Added entity cow at 22, 33
Added entity cow at 12, 41
Added entity cow at 37, 11
Added entity tree at 7, 28
Added entity wolf at 34, 5
Added entity wolf at 29, 17
Added entity tree at 29, 12
Added entity tree at 9, 9
Removed entity wolf from grid at 36, 33
Removed entity tree from grid at 27, 36
Removed entity tree from grid at 16, 28
Removed entity tree from grid at 13, 37
Added entity human at 34, 21
Added entity human at 6, 32
Added entity human at 32, 23
Removed entity wolf from grid at 27, 28
Removed entity tree from grid at 17, 34
Added entity human at 14, 37
Removed entity cow from grid at 32, 33
Removed entity cow from grid at 26, 26
Added entity human at 2, 26
Removed entity wolf from grid at 22, 4
Added entity human at 41, 16
Added entity human at 23, 3
Removed entity tree from grid at 15, 44
Added entity tree at 1, 25
Added entity tree at 13, 36
Added entity tree at 6, 31
Added entity cow at 36, 10
Added entity cow at 11, 40
Added entity tree at 7, 46
Added entity tree at 9, 26
Added entity cow at 30, 14
Added entity wolf at 9, 7
Removed entity wolf from grid at 8, 26
Removed entity wolf from grid at 40, 32
Added entity human at 13, 25
Removed entity wolf from grid at 27, 10
Removed entity cow from grid at 23, 3
Removed entity wolf from grid at 17, 29
Removed entity tree from grid at 10, 6
Added entity human at 15, 39
Removed entity wolf from grid at 27, 28
Removed entity tree from grid at 43, 15
Added entity human at 6, 49
Removed entity cow from grid at 24, 5
Added entity human at 35, 22
Added entity cow at 31, 13
Added entity cow at 12, 39
Added entity cow at 37, 9
Added entity cow at 39, 23
Added entity wolf at 23, 9
Added entity tree at 29, 34
Added entity wolf at 13, 9
Added entity wolf at 38, 32
Removed entity berry from grid at 17, 39
Added entity tree at 27, 14
Removed entity wolf from grid at 25, 43
Removed entity wolf from grid at 29, 6
Removed entity wolf from grid at 39, 1
Removed entity tree from grid at 30, 28
Removed entity wolf from grid at 38, 25
Added entity cow at 38, 8
Added entity cow at 11, 38
Removed entity cow from grid at 17, 39
Removed entity wolf from grid at 32, 23
Added entity cow at 23, 34
Added entity wolf at 44, 31
Added entity wolf at 5, 42
Added entity wolf at 35, 13
Removed entity wolf from grid at 40, 32
Removed entity wolf from grid at 9, 44
Removed entity cow from grid at 12, 38
Removed entity cow from grid at 46, 13
Removed entity cow from grid at 28, 43
Removed entity cow from grid at 28, 4
Removed entity cow from grid at 25, 36
Removed entity cow from grid at 29, 21
Removed entity cow from grid at 14, 35
Removed entity wolf from grid at 43, 38
Removed entity cow from grid at 12, 34
Removed entity cow from grid at 49, 40
Removed entity cow from grid at 7, 49
Removed entity cow from grid at 26, 44
Removed entity cow from grid at 41, 12
Removed entity cow from grid at 39, 23
Removed entity cow from grid at 28, 39
Added entity cow at 24, 33
Added entity cow at 12, 37
Added entity cow at 37, 7
Added entity cow at 31, 2
Added entity wolf at 31, 22
Added entity wolf at 42, 18
Added entity wolf at 48, 8
Added entity wolf at 37, 48
Added entity tree at 25, 16
Removed entity cow from grid at 9, 43
Removed entity cow from grid at 37, 20
Removed entity tree from grid at 24, 34
Removed entity cow from grid at 27, 31
Removed entity tree from grid at 15, 36
Removed entity tree from grid at 28, 44
Removed entity tree from grid at 17, 23
Added entity cow at 32, 3
Added entity cow at 36, 8
Added entity cow at 25, 34
Added entity tree at 4, 43
Added entity tree at 16, 40
Added entity tree at 14, 24
Added entity tree at 46, 15
Added entity tree at 0, 23
Removed entity wolf from grid at 32, 23
Added entity wolf at 27, 26
Added entity wolf at 34, 24
Added entity wolf at 11, 12
Added entity wolf at 9, 7
Added entity wolf at 23, 21
Added entity wolf at 46, 9
Added entity wolf at 30, 37
Removed entity tree from grid at 25, 18
Removed entity cow from grid at 19, 24
Removed entity cow from grid at 9, 40
Removed entity wolf from grid at 13, 7
Removed entity cow from grid at 12, 37
Added entity human at 31, 43
Removed entity cow from grid at 43, 39
Removed entity tree from grid at 47, 41
Added entity cow at 33, 2
Added entity tree at 5, 43
Added entity tree at 17, 40
Removed entity tree from grid at 46, 15
Added entity human at 8, 47
Removed entity tree from grid at 10, 24
Added entity wolf at 21, 22
Added entity wolf at 20, 13
Added entity wolf at 11, 7
Added entity wolf at 30, 26
Removed entity wolf from grid at 26, 18
Removed entity wolf from grid at 11, 7
Removed entity tree from grid at 7, 46
Added entity human at 13, 30
Removed entity wolf from grid at 27, 25
Added entity human at 47, 17
Removed entity tree from grid at 37, 22
Added entity human at 15, 30
Added entity house at 40, 16
Added entity human at 26, 18
Added entity human at 28, 42
Removed entity wolf from grid at 21, 4
Added entity human at 14, 22
Added entity human at 36, 26
Added entity tree at 35, 26
Added entity tree at 27, 42
Added entity tree at 25, 17
Added entity tree at 15, 29
Added entity human at 12, 29
Added entity cow at 24, 35
Added entity cow at 30, 13
Removed entity tree from grid at 1, 25
Added entity human at 10, 33
Added entity wolf at 35, 23
Added entity wolf at 12, 32
Added entity wolf at 48, 9
Removed entity cow from grid at 28, 45
Removed entity human from grid at 41, 16
Added entity human at 43, 38
Removed entity human from grid at 40, 17
Added entity human at 6, 42
Added entity tree at 5, 41
Added entity cow at 23, 34
Removed entity tree from grid at 27, 42
Added entity human at 47, 17
Added entity cow at 35, 7
Added entity human at 13, 24
Added entity human at 46, 17
Removed entity wolf from grid at 28, 15
Removed entity wolf from grid at 11, 8
Removed entity wolf from grid at 19, 24
Added entity human at 32, 41
Removed entity wolf from grid at 25, 9
Added entity human at 6, 39
Removed entity wolf from grid at 12, 32
Added entity human at 29, 45
Removed entity tree from grid at 40, 8
Removed entity wolf from grid at 21, 22
Added entity human at 44, 39
Removed entity wolf from grid at 3, 39
Removed entity wolf from grid at 36, 22
Removed entity wolf from grid at 15, 23
Added entity human at 29, 40
Added entity tree at 29, 44
Added entity tree at 5, 38
Removed entity tree from grid at 14, 24
Added entity cow at 24, 33
Added entity human at 45, 36
Added entity human at 11, 30
Added entity cow at 34, 3
Added entity human at 19, 42
Added entity human at 16, 42
Removed entity tree from grid at 32, 19
Added entity wolf at 25, 43
Added entity wolf at 19, 13
Added entity wolf at 29, 36
Added entity wolf at 21, 1
Removed entity cow from grid at 27, 7
Removed entity cow from grid at 18, 33
Added entity house at 9, 32
Added entity house at 13, 33
Removed entity wolf from grid at 45, 37
Removed entity cow from grid at 24, 1
Removed entity wolf from grid at 4, 46
Added entity tree at 15, 41
Added entity cow at 35, 4
Added entity tree at 10, 29
Added entity cow at 25, 34
Removed entity wolf from grid at 28, 39
Removed entity wolf from grid at 32, 40
Added entity human at 46, 17
Added entity cow at 34, 8
Removed entity tree from grid at 3, 44
Added entity human at 36, 25
Added entity human at 7, 49
Added entity human at 36, 27
Added entity human at 1, 28
Added entity wolf at 36, 35
Added entity wolf at 33, 26
Added entity wolf at 30, 16
Removed entity tree from grid at 17, 22
Removed entity wolf from grid at 48, 12
Added entity house at 9, 34
Removed entity wolf from grid at 39, 9
Removed entity cow from grid at 29, 14
Removed entity wolf from grid at 31, 26
Removed entity wolf from grid at 19, 1
Added entity cow at 24, 35
Added entity cow at 34, 5
Removed entity wolf from grid at 48, 16
Removed entity wolf from grid at 26, 42
Added entity wolf at 46, 33
Added entity wolf at 16, 32
Added entity wolf at 38, 32
Added entity tree at 28, 15
Added entity tree at 42, 30
Removed entity human from grid at 9, 33
Removed entity human from grid at 10, 34
Removed entity tree from grid at 35, 26
Removed entity cow from grid at 39, 10
Removed entity cow from grid at 23, 26
Removed entity cow from grid at 25, 39
Added entity tree at 1, 28
Removed entity wolf from grid at 35, 29
Removed entity wolf from grid at 48, 11
Removed entity cow from grid at 21, 40
Removed entity human from grid at 8, 34
Added entity wolf at 33, 39
Added entity wolf at 17, 6
Removed entity tree from grid at 22, 9
Removed entity cow from grid at 49, 10
Removed entity wolf from grid at 30, 26
Removed entity human from grid at 10, 32
Removed entity wolf from grid at 31, 13
Removed entity human from grid at 13, 34
Removed entity tree from grid at 1, 44
Added entity human at 31, 28
Removed entity cow from grid at 9, 42
Added entity cow at 25, 36
Removed entity wolf from grid at 23, 40
Removed entity wolf from grid at 36, 37
Added entity cow at 31, 16
Removed entity human from grid at 14, 33
Added entity wolf at 24, 14
Added entity wolf at 17, 32
Added entity tree at 29, 14
Added entity tree at 15, 32
Removed entity wolf from grid at 26, 37
Removed entity wolf from grid at 14, 9
Removed entity cow from grid at 28, 47
Added entity human at 30, 25
Added entity cow at 32, 17
Added entity cow at 24, 37
Added entity cow at 33, 6
Removed entity wolf from grid at 4, 46
Added entity wolf at 48, 5
Added entity wolf at 19, 19
Added entity wolf at 21, 22
Added entity wolf at 2, 38
Added entity wolf at 28, 42
Added entity wolf at 29, 35
Added entity wolf at 41, 40
Removed entity cow from grid at 31, 15
Removed entity wolf from grid at 49, 12
Removed entity cow from grid at 44, 43
Added entity human at 6, 38
Removed entity wolf from grid at 27, 39
Removed entity tree from grid at 5, 38
Added entity cow at 32, 5
Added entity cow at 23, 36
Added entity cow at 33, 18
Removed entity tree from grid at 49, 13
Removed entity wolf from grid at 41, 39
Removed entity tree from grid at 13, 36
Added entity human at 31, 11
Removed entity cow from grid at 46, 10
Added entity wolf at 45, 25
Added entity wolf at 41, 18
Added entity wolf at 3, 30
Added entity wolf at 31, 24
Added entity cow at 38, 20
Added entity human at 23, 11
Removed entity cow from grid at 27, 36
Added entity human at 22, 11
Removed entity wolf from grid at 26, 48
Added entity house at 40, 13
Removed entity tree from grid at 20, 23
Added entity human at 18, 0
Removed entity cow from grid at 38, 20
Added entity tree at 17, 0
Added entity tree at 21, 10
Added entity cow at 34, 17
Added entity cow at 22, 37
Added entity tree at 28, 23
Added entity tree at 36, 30
Added entity cow at 35, 9
Added entity human at 30, 35
Removed entity wolf from grid at 40, 40
Removed entity tree from grid at 29, 46
Added entity human at 14, 30
Removed entity cow from grid at 33, 19
Removed entity wolf from grid at 29, 43
Removed entity wolf from grid at 38, 32
Removed entity tree from grid at 22, 42
Added entity human at 19, 2
Added entity wolf at 44, 14
Added entity wolf at 49, 23
Removed entity wolf from grid at 27, 37
Added entity house at 11, 31
Added entity house at 40, 19
Removed entity human from grid at 41, 12
Added entity house at 47, 45
Removed entity wolf from grid at 3, 42
Removed entity wolf from grid at 22, 28
Added entity house at 11, 37
Removed entity cow from grid at 19, 35
Removed entity cow from grid at 26, 36
Added entity cow at 36, 10
Added entity cow at 21, 38
Added entity cow at 35, 16
Added entity cow at 31, 4
Removed entity wolf from grid at 30, 25
Removed entity cow from grid at 28, 35
Added entity wolf at 36, 44
Added entity wolf at 4, 46
Added entity tree at 29, 15
Added entity tree at 43, 29
Removed entity human from grid at 41, 19
Removed entity tree from grid at 29, 44
Removed entity cow from grid at 25, 31
Added entity cow at 30, 5
Added entity cow at 20, 39
Added entity cow at 37, 11
Removed entity wolf from grid at 3, 49
Removed entity human from grid at 40, 12
Added entity naturereserve at 19, 43
Human Zane built Nature Reserve for WOLF
Added entity wolf at 8, 4
Added entity wolf at 4, 32
Added entity wolf at 26, 2
Added entity cow at 37, 20
Added entity tree at 0, 18
Removed entity cow from grid at 25, 8
Removed entity human from grid at 11, 30
Removed entity wolf from grid at 13, 13
Removed entity wolf from grid at 45, 15
Removed entity cow from grid at 24, 44
Added entity house at 31, 28
Removed entity human from grid at 39, 19
Removed entity human from grid at 10, 37
Added entity cow at 38, 10
Added entity cow at 19, 38
Removed entity wolf from grid at 18, 4
Removed entity wolf from grid at 2, 33
Added entity wolf at 22, 14
Added entity wolf at 3, 40
Added entity wolf at 4, 45
Added entity cow at 37, 19
Added entity human at 42, 31
Removed entity cow from grid at 22, 30
Removed entity wolf from grid at 44, 33
Removed entity wolf from grid at 16, 4
Added entity cow at 38, 20
Added entity cow at 39, 11
Added entity cow at 36, 21
Added entity cow at 36, 15
Removed entity cow from grid at 34, 14
Removed entity cow from grid at 11, 39
Removed entity cow from grid at 16, 38
Removed entity wolf from grid at 0, 35
Removed entity cow from grid at 32, 17
Removed entity wolf from grid at 28, 10
Removed entity wolf from grid at 45, 17
Removed entity wolf from grid at 6, 47
Added entity wolf at 48, 4
Added entity wolf at 24, 42
Added entity wolf at 17, 17
Added entity wolf at 36, 24
Added entity wolf at 28, 36
Removed entity cow from grid at 28, 17
Removed entity cow from grid at 33, 11
Removed entity human from grid at 30, 29
Removed entity cow from grid at 36, 21
Removed entity human from grid at 30, 28
Removed entity cow from grid at 33, 10
Added entity cow at 37, 16
Added entity cow at 39, 21
Removed entity wolf from grid at 16, 1
Removed entity cow from grid at 44, 17
Added entity naturereserve at 14, 43
Human Jack built Nature Reserve for WOLF
Added entity wolf at 6, 32
Added entity wolf at 26, 41
Added entity wolf at 44, 31
Added entity wolf at 17, 8
Added entity wolf at 26, 13
Added entity wolf at 32, 15
Removed entity cow from grid at 21, 33
Removed entity human from grid at 10, 38
Removed entity tree from grid at 23, 43
Removed entity tree from grid at 33, 9
Removed entity wolf from grid at 44, 31
Removed entity tree from grid at 17, 3
Added entity house at 13, 31
Added entity cow at 38, 12
Added entity tree at 45, 26
Removed entity wolf from grid at 19, 6
Added entity tree at 18, 30
Added entity tree at 14, 1
Removed entity tree from grid at 16, 8
Removed entity wolf from grid at 4, 33
Removed entity tree from grid at 32, 34
Added entity wolf at 14, 7
Added entity wolf at 20, 19
Removed entity cow from grid at 46, 26
Removed entity cow from grid at 42, 11
Removed entity tree from grid at 15, 32
Added entity cow at 40, 22
Added entity cow at 31, 6
Added entity tree at 19, 30
Added entity tree at 24, 27
Added entity tree at 15, 1
Removed entity wolf from grid at 26, 18
Removed entity wolf from grid at 6, 40
Removed entity wolf from grid at 29, 36
Added entity human at 47, 43
Removed entity wolf from grid at 32, 36
Added entity human at 12, 39
Added entity human at 10, 39
Removed entity wolf from grid at 47, 24
Removed entity tree from grid at 29, 15
Removed entity human from grid at 11, 30
Removed entity cow from grid at 28, 7
Removed entity cow from grid at 8, 43
Removed entity wolf from grid at 27, 43
Added entity human at 11, 38
Added entity wolf at 31, 17
Added entity wolf at 10, 8
Added entity wolf at 26, 43
Added entity wolf at 12, 1
Added entity wolf at 3, 30
Added entity wolf at 34, 21
Added entity house at 11, 28
Removed entity wolf from grid at 25, 12
Removed entity wolf from grid at 47, 27
Removed entity wolf from grid at 35, 22
Added entity house at 30, 10
Removed entity cow from grid at 23, 0
Removed entity cow from grid at 13, 41
Added entity tree at 12, 37
Added entity human at 9, 40
Added entity human at 48, 44
Added entity cow at 30, 7
Added entity cow at 37, 13
Added entity cow at 38, 15
Removed entity tree from grid at 15, 1
Removed entity cow from grid at 29, 35
Removed entity cow from grid at 32, 32
Removed entity wolf from grid at 27, 44
Removed entity cow from grid at 18, 42
Added entity wolf at 9, 5
Added entity wolf at 38, 0
Added entity wolf at 22, 11
Removed entity tree from grid at 10, 29
Removed entity wolf from grid at 23, 40
Removed entity human from grid at 31, 10
Added entity cow at 31, 8
Added entity tree at 49, 43
Added entity tree at 9, 39
Added entity human at 10, 37
Added entity cow at 41, 23
Added entity cow at 18, 37
Removed entity wolf from grid at 35, 17
Added entity human at 48, 11
Added entity human at 9, 41
Removed entity cow from grid at 16, 38
Removed entity cow from grid at 8, 39
Removed entity cow from grid at 41, 23
Removed entity human from grid at 10, 28
Added entity wolf at 40, 8
Added entity wolf at 21, 16
Added entity human at 24, 28
Removed entity wolf from grid at 49, 33
Removed entity wolf from grid at 10, 12
Added entity human at 17, 31
Removed entity tree from grid at 18, 30
Added entity cow at 17, 36
Removed entity tree from grid at 9, 37
Added entity cow at 32, 7
Added entity cow at 39, 14
Added entity cow at 38, 14
Removed entity tree from grid at 49, 43
Removed entity tree from grid at 9, 39
Added entity human at 16, 32
Removed entity wolf from grid at 12, 1
Removed entity tree from grid at 36, 17
Added entity human at 7, 41
Removed entity tree from grid at 24, 27
Removed entity human from grid at 27, 38
Removed entity tree from grid at 40, 24
Added entity house at 43, 21
Removed entity tree from grid at 15, 41
Removed entity cow from grid at 10, 44
Added entity wolf at 33, 25
Added entity wolf at 36, 6
Added entity wolf at 28, 42
Added entity wolf at 22, 23
Added entity wolf at 5, 30
Removed entity human from grid at 46, 44
Removed entity wolf from grid at 23, 3
Added entity house at 13, 36
Added entity tree at 16, 31
Added entity cow at 33, 6
Added entity tree at 16, 30
Added entity tree at 11, 36
Added entity tree at 48, 43
Added entity tree at 10, 38
Added entity tree at 13, 37
Added entity tree at 48, 41
Added entity tree at 19, 5
Added entity human at 24, 27
Removed entity tree from grid at 37, 38
Added entity human at 37, 37
Added entity human at 31, 33
Removed entity wolf from grid at 27, 43
Removed entity human from grid at 43, 20
Removed entity cow from grid at 19, 39
Added entity wolf at 5, 32
Added entity wolf at 42, 10
Added entity wolf at 39, 31
Added entity tree at 41, 13
Added entity wolf at 28, 34
Removed entity human from grid at 11, 29
Added entity house at 32, 29
Removed entity wolf from grid at 33, 24
Removed entity tree from grid at 16, 40
Added entity tree at 23, 26
Removed entity tree from grid at 16, 31
Added entity cow at 39, 15
Added entity cow at 16, 35
Removed entity human from grid at 7, 41
Removed entity wolf from grid at 46, 8
Added entity human at 47, 43
Removed entity cow from grid at 7, 43
Removed entity wolf from grid at 44, 9
Removed entity human from grid at 44, 21
Removed entity cow from grid at 17, 36
Removed entity cow from grid at 16, 35
Removed entity tree from grid at 4, 43
Added entity wolf at 30, 29
Added entity wolf at 29, 17
Removed entity human from grid at 33, 29
Removed entity human from grid at 46, 45
Removed entity tree from grid at 22, 3
Removed entity human from grid at 12, 35
Added entity tree at 46, 42
Added entity tree at 24, 26
Added entity cow at 34, 5
Removed entity wolf from grid at 3, 43
Added entity tree at 15, 31
Added entity cow at 38, 13
Added entity human at 6, 45
Removed entity tree from grid at 5, 43
Added entity wolf at 18, 43
Removed entity wolf from grid at 22, 24
Removed entity cow from grid at 44, 10
Removed entity human from grid at 32, 30
Added entity human at 14, 31
Removed entity wolf from grid at 4, 28
Added entity wolf at 41, 8
Added entity wolf at 47, 2
Added entity wolf at 39, 31
Added entity wolf at 49, 24
Added entity wolf at 22, 25
Added entity wolf at 25, 12
Removed entity cow from grid at 16, 35
Removed entity cow from grid at 27, 21
Added entity tree at 13, 30
Added entity cow at 37, 14
Added entity cow at 35, 4
Added entity human at 34, 32
Added entity human at 3, 43
Removed entity wolf from grid at 23, 25
Added entity human at 45, 9
Added entity human at 13, 35
Added entity human at 26, 23
Removed entity wolf from grid at 20, 9
Added entity human at 13, 24
Added entity house at 11, 33
Added entity wolf at 8, 3
Added entity wolf at 38, 33
Removed entity wolf from grid at 14, 6
Removed entity wolf from grid at 9, 11
Removed entity wolf from grid at 47, 24
Removed entity wolf from grid at 34, 22
Removed entity cow from grid at 44, 22
Added entity human at 14, 34
Added entity human at 2, 42
Added entity cow at 36, 13
Removed entity tree from grid at 15, 31
Added entity house at 13, 29
Added entity human at 15, 31
Removed entity cow from grid at 15, 37
Added entity wolf at 14, 44
Removed entity wolf from grid at 19, 10
Added entity human at 35, 20
Removed entity wolf from grid at 2, 28
Removed entity human from grid at 12, 32
Added entity wolf at 17, 44
Added entity wolf at 39, 30
Added entity wolf at 20, 11
Removed entity wolf from grid at 27, 20
Added entity tree at 34, 19
Removed entity tree from grid at 16, 30
Added entity cow at 36, 3
Added entity cow at 40, 14
Added entity human at 35, 32
Added entity human at 21, 25
Removed entity tree from grid at 13, 30
Removed entity wolf from grid at 2, 45
Removed entity human from grid at 14, 36
Removed entity wolf from grid at 26, 32
Added entity human at 33, 34
Removed entity wolf from grid at 3, 45
Removed entity tree from grid at 6, 46
Added entity wolf at 33, 40
Added entity wolf at 18, 12
Added entity wolf at 31, 22
Added entity wolf at 12, 9
Added entity wolf at 21, 17
Removed entity human from grid at 29, 10
Added entity tree at 32, 33
Added entity tree at 15, 30
Added entity cow at 35, 14
Added entity tree at 2, 42
Added entity human at 15, 35
Added entity human at 3, 46
Removed entity tree from grid at 23, 26
Removed entity cow from grid at 43, 10
Added entity wolf at 15, 43
Removed entity cow from grid at 36, 24
Removed entity cow from grid at 26, 30
Removed entity cow from grid at 24, 38
Removed entity cow from grid at 29, 18
Removed entity wolf from grid at 24, 14
Removed entity wolf from grid at 16, 20
Added entity wolf at 47, 23
Added entity wolf at 45, 31
Added entity wolf at 4, 29
Added entity house at 31, 26
Removed entity wolf from grid at 45, 31
Added entity tree at 2, 45
Added entity cow at 36, 15
Removed entity tree from grid at 32, 33
Added entity human at 38, 33
Added entity cow at 35, 2
Added entity human at 14, 30
Added entity human at 3, 44
Added entity human at 14, 31
Added entity human at 17, 29
Removed entity wolf from grid at 21, 21
Removed entity wolf from grid at 22, 9
Removed entity tree from grid at 28, 15
Removed entity wolf from grid at 1, 29
Removed entity cow from grid at 19, 35
Added entity human at 30, 18
Added entity wolf at 5, 32
Added entity wolf at 40, 29
Added entity wolf at 42, 17
Added entity wolf at 23, 21
Added entity wolf at 47, 9
Added entity wolf at 40, 42
Added entity wolf at 22, 12
Added entity tree at 15, 15
Removed entity human from grid at 30, 26
Added entity tree at 31, 17
Added entity human at 18, 28
Removed entity tree from grid at 15, 30
Added entity human at 4, 45
Removed entity tree from grid at 15, 29
Added entity cow at 34, 1
Added entity cow at 39, 15
Removed entity cow from grid at 19, 36
Removed entity tree from grid at 41, 13
Removed entity wolf from grid at 17, 42
Removed entity wolf from grid at 22, 6
Removed entity wolf from grid at 39, 36
Removed entity wolf from grid at 32, 40
Removed entity wolf from grid at 22, 39
Removed entity wolf from grid at 48, 16
Removed entity wolf from grid at 23, 13
Added entity human at 15, 21
Added entity wolf at 4, 46
Added entity tree at 15, 20
Added entity cow at 35, 0
Added entity tree at 4, 44
Added entity tree at 16, 28
Added entity human at 15, 30
Added entity house at 15, 29
Added entity cow at 37, 14
Added entity human at 13, 22
Removed entity wolf from grid at 6, 48
Added entity human at 26, 26
Added entity human at 16, 35
Removed entity wolf from grid at 42, 17
Removed entity cow from grid at 26, 34
Removed entity wolf from grid at 32, 41
Removed entity tree from grid at 17, 40
Removed entity cow from grid at 28, 9
Added entity wolf at 41, 36
Added entity wolf at 26, 43
Added entity wolf at 26, 42
Added entity human at 46, 7
Removed entity wolf from grid at 35, 20
Added entity tree at 46, 6
Added entity human at 14, 29
Removed entity tree from grid at 4, 44
Added entity human at 15, 31
Removed entity wolf from grid at 40, 33
Removed entity tree from grid at 2, 45
Added entity human at 31, 36
Removed entity wolf from grid at 42, 41
Removed entity wolf from grid at 2, 29
Removed entity wolf from grid at 26, 17
Added entity house at 10, 39
Added entity human at 22, 36
Removed entity tree from grid at 26, 10
Added entity wolf at 34, 35
Added entity wolf at 19, 17
Added entity wolf at 39, 39
Added entity wolf at 16, 34
Added entity human at 30, 15
Removed entity wolf from grid at 44, 36
Removed entity cow from grid at 40, 20
Removed entity human from grid at 13, 28
Removed entity human from grid at 11, 39
Added entity berry at 35, 21
Added entity tree at 30, 14
Added entity tree at 21, 35
Added entity tree at 13, 28
Added entity human at 29, 27
Removed entity human from grid at 15, 30
Added entity human at 3, 44
Removed entity human from grid at 16, 29
Removed entity human from grid at 14, 31
Removed entity human from grid at 14, 30
Added entity human at 2, 47
Added entity human at 16, 40
Removed entity cow from grid at 18, 37
Added entity human at 46, 8
Removed entity cow from grid at 13, 49
Removed entity cow from grid at 27, 29
Added entity human at 26, 17
Added entity house at 43, 18
Removed entity tree from grid at 21, 35
Removed entity tree from grid at 25, 10
Removed entity tree from grid at 10, 38
Removed entity cow from grid at 22, 37
Removed entity human from grid at 44, 19
Added entity house at 26, 9
Added entity wolf at 40, 29
Added entity wolf at 34, 46
Added entity wolf at 18, 19
Added entity wolf at 31, 36
Added entity tree at 16, 39
Added entity tree at 1, 46
Added entity tree at 3, 43
Added entity human at 28, 28
Removed entity wolf from grid at 29, 38
Removed entity human from grid at 14, 29
Added entity cow at 38, 13
Added entity human at 29, 25
Removed entity wolf from grid at 17, 35
Removed entity wolf from grid at 17, 18
New Faction LIME_154 registered with traits: {
  moveSpeed: [33m1.088530909758803[39m,
  hungerRate: [33m1.0810910270632617[39m,
  visionRadius: [33m1.0665884438558784[39m,
  aggression: [33m0.9020588204566149[39m
}
Societal Split! RED -> LIME_154 (Threshold: 6)
Added entity house at 42, 16
Added entity house at 33, 27
Removed entity wolf from grid at 18, 19
Removed entity wolf from grid at 0, 31
Removed entity tree from grid at 20, 38
Removed entity human from grid at 27, 9
Removed entity cow from grid at 32, 15
Added entity wolf at 27, 36
Removed entity wolf from grid at 44, 34
Removed entity cow from grid at 30, 12
Removed entity wolf from grid at 43, 5
Added entity house at 43, 19
Removed entity wolf from grid at 49, 25
Added entity tree at 27, 28
Added entity human at 44, 6
Added entity human at 15, 39
Added entity human at 4, 45
Added entity human at 14, 35
Added entity cow at 34, 1
Added entity human at 41, 33
Added entity human at 18, 32
Removed entity human from grid at 30, 26
Removed entity tree from grid at 44, 15
Removed entity cow from grid at 22, 40
Removed entity human from grid at 33, 26
Added entity house at 8, 37
Removed entity human from grid at 20, 37
Removed entity human from grid at 25, 9
Added entity house at 9, 37
Removed entity tree from grid at 13, 37
Removed entity human from grid at 10, 40
Added entity wolf at 35, 37
Added entity wolf at 33, 25
Added entity wolf at 1, 19
Added entity wolf at 15, 32
Removed entity wolf from grid at 3, 22
Removed entity wolf from grid at 35, 37
Removed entity cow from grid at 42, 4
Removed entity wolf from grid at 43, 31
Added entity tree at 18, 31
Added entity tree at 41, 32
Added entity cow at 39, 12
Added entity human at 0, 49
Added entity human at 19, 29
Removed entity tree from grid at 15, 20
Added entity cow at 38, 14
Removed entity wolf from grid at 17, 30
Removed entity wolf from grid at 39, 36
Added entity human at 49, 20
Added entity human at 27, 38
Removed entity tree from grid at 31, 17
Added entity wolf at 2, 21
Added entity tree at 37, 9
Added entity tree at 38, 48
Removed entity cow from grid at 31, 16
Removed entity wolf from grid at 33, 25
Added entity house at 25, 13
Removed entity cow from grid at 47, 19
Removed entity human from grid at 33, 26
Added entity human at 20, 28
Added entity human at 17, 33
Added entity human at 40, 34
Added entity cow at 33, 0
Removed entity tree from grid at 2, 42
Added entity human at 17, 21
Added entity human at 17, 20
Removed entity cow from grid at 22, 33
Removed entity wolf from grid at 23, 41
Added entity tree at 2, 28
Removed entity cow from grid at 26, 32
Removed entity wolf from grid at 38, 42
Removed entity tree from grid at 9, 36
Added entity house at 15, 32
Removed entity cow from grid at 28, 6
Added entity wolf at 18, 8
Removed entity human from grid at 24, 12
Added entity house at 33, 35
Added entity tree at 16, 32
Added entity human at 47, 20
Added entity cow at 37, 13
Removed entity wolf from grid at 44, 3
Removed entity tree from grid at 28, 27
Removed entity human from grid at 24, 14
Removed entity wolf from grid at 25, 18
Removed entity wolf from grid at 17, 18
Removed entity wolf from grid at 15, 45
Removed entity cow from grid at 45, 5
Added entity human at 38, 43
Removed entity wolf from grid at 25, 43
Added entity house at 7, 33
Removed entity tree from grid at 16, 32
Removed entity tree from grid at 10, 36
Added entity berry at 40, 9
Removed entity berry from grid at 40, 9
Added entity wolf at 9, 3
Added entity wolf at 6, 25
Added entity wolf at 37, 42
Removed entity human from grid at 34, 36
Removed entity tree from grid at 38, 21
Removed entity tree from grid at 45, 26
Removed entity wolf from grid at 21, 44
Removed entity wolf from grid at 38, 42
Added entity naturereserve at 1, 43
Human Charlie built Nature Reserve for WOLF
Removed entity cow from grid at 15, 49
Removed entity wolf from grid at 25, 22
Removed entity human from grid at 34, 35
Added entity wolf at 42, 9
Added entity wolf at 24, 41
Added entity wolf at 29, 8
Added entity wolf at 32, 13
Added entity tree at 23, 15
Added entity tree at 2, 45
Added entity tree at 45, 21
Added entity tree at 41, 13
Added entity tree at 16, 43
Added entity house at 38, 20
Removed entity wolf from grid at 38, 42
Added entity cow at 36, 12
Removed entity wolf from grid at 16, 19
Added entity naturereserve at 3, 46
Human Eve built Nature Reserve for WOLF
Added entity naturereserve at 43, 3
Human Yara built Nature Reserve for WOLF
Added entity naturereserve at 2, 43
Human Oscar built Nature Reserve for WOLF
Added entity naturereserve at 19, 42
Human Alice built Nature Reserve for WOLF
Added entity naturereserve at 2, 49
Human Eve built Nature Reserve for WOLF
Removed entity wolf from grid at 9, 3
Removed entity wolf from grid at 25, 40
Added entity wolf at 42, 34
Added entity wolf at 42, 9
Added entity wolf at 11, 29
Added entity wolf at 31, 24
Added entity wolf at 10, 6
Added entity wolf at 11, 10
Added entity wolf at 46, 34
Removed entity tree from grid at 45, 21
Removed entity tree from grid at 38, 22
Removed entity human from grid at 37, 19
Added entity wolf at 20, 41
Added entity cow at 35, 13
Removed entity human from grid at 44, 17
Removed entity wolf from grid at 18, 19
Added entity cow at 34, 1
Added entity tree at 38, 33
Removed entity human from grid at 15, 31
Added entity tree at 22, 24
Added entity human at 29, 38
Added entity human at 42, 3
Removed entity cow from grid at 23, 33
Removed entity wolf from grid at 20, 41
Removed entity cow from grid at 26, 37
Removed entity wolf from grid at 23, 23
Removed entity human from grid at 43, 16
Removed entity human from grid at 9, 36
Added entity house at 30, 12
Removed entity wolf from grid at 11, 30
Added entity house at 13, 38
Added entity house at 8, 29
Added entity wolf at 31, 17
Added entity wolf at 34, 24
Added entity wolf at 11, 9
Added entity wolf at 29, 35
Removed entity human from grid at 39, 21
Added entity human at 15, 19
Removed entity tree from grid at 12, 37
Added entity human at 23, 46
Removed entity cow from grid at 42, 5
Removed entity cow from grid at 45, 1
Removed entity cow from grid at 24, 32
Removed entity wolf from grid at 29, 35
Added entity human at 28, 26
Removed entity tree from grid at 46, 6
Added entity house at 15, 36
Removed entity tree from grid at 11, 35
Removed entity cow from grid at 27, 10
Removed entity human from grid at 42, 15
Removed entity human from grid at 31, 13
Removed entity human from grid at 7, 29
Added entity wolf at 31, 15
Added entity wolf at 31, 36
Added entity wolf at 40, 41
Removed entity cow from grid at 36, 20
Removed entity wolf from grid at 41, 39
Removed entity wolf from grid at 40, 31
Removed entity wolf from grid at 40, 2
Added entity tree at 28, 36
Added entity tree at 37, 43
Added entity tree at 15, 17
Removed entity cow from grid at 44, 24
Removed entity wolf from grid at 40, 33
Added entity human at 13, 35
Added entity human at 5, 44
Removed entity wolf from grid at 43, 5
Removed entity wolf from grid at 19, 45
Removed entity wolf from grid at 27, 23
Removed entity wolf from grid at 28, 41
Removed entity wolf from grid at 9, 6
Removed entity cow from grid at 29, 2
Removed entity cow from grid at 34, 17
Added entity house at 35, 27
Added entity wolf at 11, 11
Added entity wolf at 17, 8
Added entity wolf at 6, 46
Added entity wolf at 8, 26
Added entity wolf at 42, 42
Added entity wolf at 46, 18
Removed entity human from grid at 30, 13
Removed entity wolf from grid at 36, 20
Removed entity human from grid at 9, 30
Added entity human at 4, 45
Removed entity tree from grid at 16, 16
Removed entity wolf from grid at 40, 1
Added entity human at 21, 21
Removed entity tree from grid at 27, 30
Added entity human at 29, 33
Removed entity wolf from grid at 45, 4
Added entity human at 27, 25
Removed entity tree from grid at 16, 39
Added entity human at 31, 41
Removed entity wolf from grid at 23, 22
Removed entity wolf from grid at 37, 39
Added entity house at 15, 31
Added entity wolf at 31, 40
Added entity wolf at 4, 29
Removed entity tree from grid at 34, 19
Removed entity wolf from grid at 39, 39
Removed entity wolf from grid at 30, 15
Removed entity wolf from grid at 30, 41
Added entity cow at 35, 2
Added entity cow at 34, 14
Added entity wolf at 2, 44
Removed entity wolf from grid at 16, 17
Added entity cow at 38, 13
Removed entity wolf from grid at 2, 44
Removed entity wolf from grid at 33, 16
Removed entity human from grid at 35, 28
Added entity wolf at 29, 21
Removed entity human from grid at 36, 27
Added entity cow at 33, 15
Added entity cow at 34, 3
Removed entity wolf from grid at 39, 3
Removed entity wolf from grid at 6, 45
Added entity naturereserve at 4, 49
Human Victor built Nature Reserve for WOLF
Removed entity wolf from grid at 12, 5
Added entity wolf at 36, 35
Added entity wolf at 27, 11
Added entity cow at 33, 2
Removed entity wolf from grid at 46, 5
Added entity berry at 33, 11
Added entity naturereserve at 49, 4
Human Tina built Nature Reserve for WOLF
Removed entity wolf from grid at 38, 36
Removed entity wolf from grid at 28, 42
Added entity naturereserve at 23, 29
Human Pip built Nature Reserve for WOLF
Added entity wolf at 11, 29
Added entity wolf at 18, 19
Added entity cow at 32, 14
Added entity naturereserve at 2, 48
Human Victor built Nature Reserve for WOLF
Removed entity wolf from grid at 14, 14
Removed entity wolf from grid at 17, 20
Added entity naturereserve at 29, 46
Human Ruby built Nature Reserve for WOLF
Removed entity wolf from grid at 25, 18
Added entity naturereserve at 23, 38
Human Nina built Nature Reserve for WOLF
Removed entity wolf from grid at 38, 44
Added entity naturereserve at 19, 48
Human Hank built Nature Reserve for WOLF
Removed entity wolf from grid at 28, 13
Removed entity human from grid at 7, 34
Added entity wolf at 18, 7
Added entity wolf at 31, 35
Removed entity wolf from grid at 37, 22
Added entity cow at 39, 14
Removed entity wolf from grid at 14, 13
Added entity naturereserve at 10, 48
Human Eve built Nature Reserve for WOLF
Added entity naturereserve at 16, 15
Human Frank built Nature Reserve for WOLF
Removed entity wolf from grid at 47, 6
Added entity wolf at 18, 42
Added entity naturereserve at 11, 48
Human Oscar built Nature Reserve for WOLF
Removed entity wolf from grid at 10, 28
Added entity wolf at 31, 39
Added entity naturereserve at 37, 23
Human Ruby built Nature Reserve for WOLF
Added entity cow at 38, 15
Added entity cow at 31, 13
Added entity cow at 32, 3
Added entity naturereserve at 3, 49
Human Victor built Nature Reserve for WOLF
Added entity naturereserve at 0, 45
Human Oscar built Nature Reserve for WOLF
Removed entity cow from grid at 33, 18
Removed entity wolf from grid at 35, 42
Added entity naturereserve at 47, 3
Human Uma built Nature Reserve for WOLF
Added entity wolf at 31, 39
Added entity wolf at 49, 25
Added entity wolf at 3, 40
Added entity wolf at 48, 9
Added entity naturereserve at 3, 23
Human Oscar built Nature Reserve for WOLF
Added entity naturereserve at 32, 24
Human Hank built Nature Reserve for WOLF
Added entity cow at 31, 2
Added entity cow at 39, 16
Added entity wolf at 9, 47
Removed entity wolf from grid at 9, 47
Added entity naturereserve at 25, 41
Human Tina built Nature Reserve for WOLF
Added entity naturereserve at 6, 49
Human Charlie built Nature Reserve for WOLF
Removed entity wolf from grid at 48, 9
Added entity naturereserve at 24, 47
Human Tina built Nature Reserve for WOLF
Removed entity wolf from grid at 46, 1
Removed entity human from grid at 7, 37
Removed entity human from grid at 13, 39
Removed entity human from grid at 44, 19
Added entity wolf at 45, 25
Added entity wolf at 35, 39
Added entity wolf at 34, 6
Added entity wolf at 26, 2
Removed entity human from grid at 7, 34
Added entity cow at 40, 17
Removed entity wolf from grid at 31, 40
Removed entity wolf from grid at 0, 44
Added entity naturereserve at 46, 6
Human Tina built Nature Reserve for WOLF
Added entity naturereserve at 14, 47
Human Tina built Nature Reserve for WOLF
Added entity naturereserve at 48, 6
Human Uma built Nature Reserve for WOLF
Removed entity wolf from grid at 18, 7
Added entity wolf at 6, 26
Added entity wolf at 48, 2
Added entity wolf at 39, 40
Added entity wolf at 48, 14
Removed entity wolf from grid at 48, 14
Added entity cow at 39, 18
Added entity cow at 30, 1
Added entity wolf at 47, 4
Added entity naturereserve at 10, 10
Human Jack built Nature Reserve for WOLF
Removed entity wolf from grid at 27, 43
Added entity wolf at 4, 45
Removed entity human from grid at 7, 37
Added entity naturereserve at 41, 29
Human Alice built Nature Reserve for WOLF
Added entity naturereserve at 6, 17
Human Yara built Nature Reserve for WOLF
Removed entity wolf from grid at 8, 21
Removed entity wolf from grid at 47, 4
Added entity naturereserve at 19, 19
Human Uma built Nature Reserve for WOLF
Added entity naturereserve at 18, 24
Human Ivy built Nature Reserve for WOLF
Removed entity wolf from grid at 18, 9
Added entity wolf at 37, 40
Added entity wolf at 30, 41
Added entity wolf at 0, 46
Added entity cow at 32, 12
Added entity naturereserve at 23, 49
Human Quinn built Nature Reserve for WOLF
Added entity wolf at 20, 41
Added entity naturereserve at 16, 21
Human Victor built Nature Reserve for WOLF
Added entity naturereserve at 46, 12
Human Yara built Nature Reserve for WOLF
Removed entity human from grid at 15, 37
Added entity naturereserve at 9, 48
Human Alice built Nature Reserve for WOLF
Added entity naturereserve at 46, 4
Human Tina built Nature Reserve for WOLF
Added entity wolf at 39, 31
Added entity wolf at 32, 36
Added entity wolf at 32, 20
Added entity naturereserve at 48, 15
Human Nina built Nature Reserve for WOLF
Removed entity human from grid at 13, 39
Added entity cow at 31, 11
Added entity cow at 40, 17
Added entity wolf at 47, 6
Added entity wolf at 3, 24
Added entity wolf at 11, 49
Added entity tree at 19, 22
Removed entity wolf from grid at 31, 38
Removed entity wolf from grid at 16, 11
Added entity tree at 11, 46
Removed entity wolf from grid at 6, 46
Added entity tree at 35, 28
Removed entity wolf from grid at 29, 43
Added entity tree at 28, 39
Removed entity cow from grid at 42, 1
Removed entity tree from grid at 39, 26
Removed entity wolf from grid at 47, 6
Removed entity human from grid at 15, 37
Removed entity wolf from grid at 15, 6
Added entity wolf at 18, 4
Added entity wolf at 41, 16
Added entity wolf at 36, 34
Added entity wolf at 41, 40
Added entity wolf at 24, 48
Added entity tree at 20, 22
Removed entity tree from grid at 11, 46
Removed entity tree from grid at 36, 30
Removed entity wolf from grid at 13, 13
Removed entity tree from grid at 47, 29
Removed entity wolf from grid at 49, 12
Removed entity tree from grid at 13, 8
Added entity human at 30, 43
Removed entity wolf from grid at 25, 39
Removed entity wolf from grid at 24, 48
Removed entity tree from grid at 16, 43
Removed entity wolf from grid at 19, 49
Removed entity tree from grid at 37, 43
Removed entity human from grid at 21, 22
Added entity wolf at 35, 37
Added entity wolf at 37, 40
Added entity wolf at 1, 19
Added entity wolf at 2, 41
Added entity cow at 41, 18
Added entity wolf at 9, 47
Removed entity berry from grid at 33, 11
Added entity wolf at 28, 45
Added entity tree at 21, 22
Added entity tree at 30, 38
Added entity tree at 13, 11
Added entity tree at 5, 22
Removed entity wolf from grid at 12, 14
Added entity tree at 42, 4
Added entity tree at 26, 41
Removed entity wolf from grid at 10, 49
Added entity human at 45, 29
Removed entity wolf from grid at 4, 21
Removed entity wolf from grid at 41, 42
Added entity wolf at 41, 36
Added entity wolf at 38, 25
Added entity wolf at 31, 38
Added entity wolf at 28, 40
Added entity wolf at 30, 22
Added entity wolf at 35, 14
Removed entity wolf from grid at 44, 15
Added entity human at 32, 43
Removed entity tree from grid at 30, 38
Removed entity wolf from grid at 9, 47
Removed entity tree from grid at 5, 22
Removed entity cow from grid at 42, 5
Added entity wolf at 3, 42
Removed entity wolf from grid at 48, 31
Removed entity cow from grid at 46, 13
Added entity human at 27, 38
Added entity human at 46, 3
Added entity house at 28, 29
Removed entity wolf from grid at 48, 2
Added entity wolf at 14, 42
Added entity human at 8, 35
Added entity house at 17, 28
Added entity tree at 10, 27
Added entity wolf at 45, 26
Added entity wolf at 36, 25
Added entity wolf at 23, 12
Removed entity cow from grid at 22, 1
Removed entity tree from grid at 18, 31
Added entity tree at 7, 34
Added entity tree at 46, 2
Added entity human at 33, 42
Added entity human at 44, 30
Added entity cow at 30, 13
Added entity wolf at 19, 18
Added entity cow at 29, 0
Added entity wolf at 24, 48
Added entity human at 12, 12
Added entity human at 19, 36
Removed entity tree from grid at 42, 4
Removed entity wolf from grid at 38, 40
Removed entity wolf from grid at 24, 41
Removed entity tree from grid at 27, 28
Removed entity wolf from grid at 15, 44
Removed entity wolf from grid at 19, 18
Added entity human at 12, 34
Removed entity tree from grid at 16, 28
Added entity wolf at 30, 28
Added entity wolf at 18, 12
Added entity wolf at 26, 27
Removed entity cow from grid at 43, 14
Added entity tree at 12, 33
Added entity tree at 18, 35
Added entity tree at 44, 29
Added entity human at 32, 41
Removed entity tree from grid at 7, 34
Removed entity tree from grid at 46, 2
Added entity wolf at 6, 16
Removed entity wolf from grid at 23, 48
Added entity human at 30, 38
Removed entity wolf from grid at 10, 8
Removed entity cow from grid at 45, 1
Removed entity wolf from grid at 41, 31
Removed entity human from grid at 28, 28
Removed entity cow from grid at 47, 1
Removed entity wolf from grid at 39, 44
Added entity wolf at 15, 43
Removed entity cow from grid at 25, 10
Removed entity wolf from grid at 3, 45
Removed entity wolf from grid at 2, 26
Removed entity human from grid at 17, 27
Removed entity wolf from grid at 40, 42
Added entity wolf at 22, 13
Added entity wolf at 26, 26
Added entity wolf at 21, 20
Added entity wolf at 36, 46
Added entity wolf at 36, 34
Removed entity human from grid at 44, 19
Removed entity wolf from grid at 31, 41
Added entity tree at 13, 34
Added entity tree at 13, 9
Added entity human at 45, 4
Added entity human at 23, 40
Added entity wolf at 49, 14
Added entity human at 43, 4
Removed entity human from grid at 16, 28
Removed entity wolf from grid at 40, 39
Removed entity wolf from grid at 21, 14
Removed entity wolf from grid at 23, 43
Removed entity human from grid at 29, 28
Removed entity tree from grid at 22, 43
Removed entity wolf from grid at 18, 2
Added entity wolf at 37, 35
Added entity tree at 42, 3
Added entity human at 31, 40
Removed entity tree from grid at 12, 33
Added entity wolf at 38, 22
Removed entity wolf from grid at 16, 12
Removed entity cow from grid at 43, 6
Removed entity wolf from grid at 48, 29
Added entity house at 9, 30
Removed entity human from grid at 17, 43
Removed entity wolf from grid at 31, 43
Removed entity wolf from grid at 26, 20
Added entity wolf at 8, 5
Added entity wolf at 16, 8
Added entity wolf at 30, 35
Added entity wolf at 12, 26
Removed entity wolf from grid at 12, 26
Added entity tree at 31, 39
Removed entity tree from grid at 42, 3
Added entity human at 42, 3
Removed entity tree from grid at 13, 11
Added entity cow at 40, 17
Added entity wolf at 45, 3
Added entity human at 5, 21
Removed entity wolf from grid at 25, 25
Removed entity wolf from grid at 45, 3
Added entity human at 8, 35
Added entity human at 8, 33
Removed entity wolf from grid at 1, 22
Removed entity wolf from grid at 23, 25
Added entity wolf at 8, 7
Added entity wolf at 29, 37
Added entity human at 20, 1
Added entity tree at 19, 0
Added entity tree at 7, 32
Added entity human at 6, 22
Added entity cow at 30, 1
Removed entity cow from grid at 42, 7
Added entity wolf at 12, 48
Removed entity wolf from grid at 6, 19
Removed entity wolf from grid at 15, 8
Removed entity tree from grid at 7, 32
Added entity human at 41, 14
Added entity wolf at 31, 37
Added entity wolf at 16, 34
Added entity wolf at 37, 40
Removed entity human from grid at 41, 14
Added entity cow at 31, 2
Added entity tree at 6, 21
Added entity cow at 41, 16
Added entity human at 31, 43
Added entity human at 16, 10
Added entity human at 42, 32
Removed entity human from grid at 10, 30
Removed entity wolf from grid at 28, 37
Added entity wolf at 46, 13
Added entity wolf at 47, 5
Removed entity wolf from grid at 4, 19
Removed entity wolf from grid at 26, 38
Removed entity wolf from grid at 17, 45
Removed entity cow from grid at 36, 23
Removed entity tree from grid at 5, 41
Removed entity human from grid at 16, 31
Removed entity wolf from grid at 23, 21
Removed entity wolf from grid at 17, 5
Added entity wolf at 37, 44
Added entity wolf at 4, 26
Removed entity wolf from grid at 0, 43
Removed entity human from grid at 9, 33
Removed entity wolf from grid at 41, 33
Added entity tree at 16, 9
Added entity human at 28, 38
Added entity human at 41, 5
Removed entity wolf from grid at 49, 26
Removed entity human from grid at 16, 32
Added entity house at 6, 37
Removed entity cow from grid at 30, 13
Added entity human at 41, 12
Added entity human at 23, 1
Removed entity wolf from grid at 32, 18
Added entity wolf at 28, 27
Added entity wolf at 32, 38
Added entity wolf at 29, 20
Added entity wolf at 37, 42
Removed entity human from grid at 41, 12
Added entity human at 42, 4
Removed entity wolf from grid at 15, 11
Added entity human at 32, 42
Added entity cow at 32, 3
Removed entity wolf from grid at 30, 40
Removed entity cow from grid at 41, 7
Removed entity human from grid at 16, 31
Removed entity wolf from grid at 40, 24
Removed entity wolf from grid at 38, 24
Removed entity wolf from grid at 8, 48
Removed entity wolf from grid at 1, 47
Added entity human at 30, 29
Added entity wolf at 19, 44
Removed entity wolf from grid at 32, 18
Added entity human at 25, 9
Removed entity wolf from grid at 4, 25
Added entity wolf at 35, 41
Added entity wolf at 3, 40
Added entity wolf at 24, 12
Removed entity wolf from grid at 24, 12
Removed entity wolf from grid at 16, 19
Removed entity human from grid at 30, 29
Added entity naturereserve at 4, 18
Human Zane built Nature Reserve for WOLF
Removed entity wolf from grid at 27, 37
Removed entity wolf from grid at 34, 43
Added entity wolf at 22, 37
Added entity naturereserve at 15, 47
Human Luna built Nature Reserve for WOLF
Removed entity wolf from grid at 17, 36
Removed entity cow from grid at 37, 21
Added entity tree at 42, 28
Removed entity wolf from grid at 30, 16
Removed entity wolf from grid at 26, 19
Added entity wolf at 18, 19
Added entity wolf at 21, 7
Added entity wolf at 26, 16
Added entity wolf at 11, 10
Added entity wolf at 37, 40
Removed entity wolf from grid at 18, 19
Added entity cow at 31, 4
Added entity naturereserve at 43, 4
Human Wendy built Nature Reserve for WOLF
Removed entity wolf from grid at 41, 34
Removed entity human from grid at 5, 38
Removed entity human from grid at 5, 37
Removed entity wolf from grid at 25, 38
Removed entity wolf from grid at 13, 12
Added entity naturereserve at 13, 49
Human Tina built Nature Reserve for WOLF
Added entity wolf at 42, 9
Added entity wolf at 47, 14
Added entity wolf at 2, 41
Added entity wolf at 30, 26
Added entity wolf at 36, 34
Added entity naturereserve at 44, 5
Human Eve built Nature Reserve for WOLF
Removed entity wolf from grid at 42, 9
Removed entity wolf from grid at 11, 5
Removed entity wolf from grid at 42, 36
Added entity wolf at 8, 49
Added entity wolf at 19, 18
Added entity wolf at 9, 47
Removed entity wolf from grid at 48, 11
Added entity house at 33, 31
Removed entity wolf from grid at 19, 4
Removed entity cow from grid at 27, 4
Added entity human at 8, 31
Removed entity wolf from grid at 38, 43
Added entity wolf at 31, 38
Added entity wolf at 37, 1
Added entity wolf at 30, 26
Added entity wolf at 36, 32
Added entity wolf at 28, 8
Added entity naturereserve at 42, 3
Human Wendy built Nature Reserve for WOLF
Removed entity wolf from grid at 27, 38
Removed entity cow from grid at 42, 8
Added entity tree at 12, 9
Removed entity cow from grid at 37, 21
Added entity wolf at 38, 23
Added entity wolf at 12, 48
Removed entity wolf from grid at 17, 43
Removed entity wolf from grid at 6, 47
Removed entity tree from grid at 38, 26
Removed entity wolf from grid at 30, 27
Removed entity tree from grid at 32, 31
Added entity tree at 30, 8
Added entity human at 30, 27
Added entity human at 10, 38
Removed entity wolf from grid at 38, 34
Added entity wolf at 21, 9
Added entity wolf at 20, 23
Added entity wolf at 33, 21
Removed entity human from grid at 30, 27
Removed entity wolf from grid at 21, 9
Added entity cow at 42, 17
Added entity wolf at 45, 12
Removed entity wolf from grid at 13, 48
Added entity house at 43, 11
Removed entity wolf from grid at 12, 6
Removed entity wolf from grid at 26, 19
Added entity house at 27, 32
Added entity wolf at 37, 40
Removed entity cow from grid at 25, 5
Removed entity human from grid at 34, 31
Added entity cow at 32, 3
Added entity naturereserve at 34, 47
Human Alice built Nature Reserve for WOLF
Added entity naturereserve at 10, 16
Human Zane built Nature Reserve for WOLF
Added entity wolf at 22, 30
Removed entity human from grid at 43, 10
Added entity naturereserve at 33, 49
Human Tina built Nature Reserve for WOLF
Removed entity wolf from grid at 39, 31
Added entity human at 31, 9
Removed entity human from grid at 27, 33
Added entity wolf at 5, 30
Added entity wolf at 22, 16
Added entity wolf at 29, 10
Removed entity human from grid at 31, 9
Added entity cow at 31, 2
Removed entity tree from grid at 6, 33
Removed entity wolf from grid at 11, 11
Removed entity wolf from grid at 35, 42
Removed entity wolf from grid at 40, 24
Added entity wolf at 1, 49
Removed entity human from grid at 17, 16
Added entity human at 40, 25
Removed entity wolf from grid at 28, 21
Removed entity human from grid at 26, 32
Removed entity human from grid at 39, 25
Removed entity wolf from grid at 7, 49
Removed entity tree from grid at 25, 20
Removed entity cow from grid at 26, 0
Added entity wolf at 29, 35
Added entity wolf at 15, 34
Added entity house at 22, 11
Added entity cow at 30, 3
Removed entity wolf from grid at 37, 43
Removed entity wolf from grid at 0, 17
Removed entity human from grid at 44, 11
Removed entity wolf from grid at 10, 4
Removed entity human from grid at 12, 34
Added entity wolf at 14, 42
Removed entity human from grid at 9, 36
Added entity wolf at 48, 14
Added entity wolf at 3, 19
Added entity wolf at 15, 8
Added entity wolf at 16, 34
Added entity tree at 20, 29
Removed entity human from grid at 21, 11
Added entity human at 42, 25
Added entity cow at 41, 16
Removed entity tree from grid at 36, 45
Removed entity wolf from grid at 39, 3
Removed entity cow from grid at 43, 5
Removed entity wolf from grid at 15, 38
Added entity wolf at 46, 3
Removed entity cow from grid at 31, 16
Removed entity human from grid at 34, 30
Removed entity cow from grid at 30, 16
Removed entity wolf from grid at 23, 23
Added entity wolf at 36, 7
Added entity wolf at 13, 0
Added entity wolf at 33, 36
Added entity tree at 42, 24
Added entity wolf at 13, 48
Removed entity wolf from grid at 8, 9
Added entity human at 44, 11
Removed entity tree from grid at 40, 27
Added entity wolf at 11, 10
Removed entity human from grid at 12, 37
Removed entity wolf from grid at 24, 21
Removed entity tree from grid at 41, 13
Removed entity tree from grid at 26, 41
Removed entity cow from grid at 27, 0
Removed entity wolf from grid at 5, 17
Added entity wolf at 39, 30
Added entity wolf at 27, 28
Added entity wolf at 33, 22
Added entity wolf at 16, 6
Added entity wolf at 6, 46
Removed entity wolf from grid at 29, 10
Added entity tree at 45, 10
Added entity tree at 43, 24
Added entity cow at 29, 2
Added entity tree at 40, 25
Added entity wolf at 11, 16
Removed entity human from grid at 21, 11
Removed entity human from grid at 38, 42
Removed entity wolf from grid at 11, 1
Removed entity wolf from grid at 3, 13
Removed entity cow from grid at 42, 10
Added entity wolf at 20, 49
Removed entity cow from grid at 26, 8
Removed entity tree from grid at 45, 10
Removed entity wolf from grid at 49, 2
Removed entity tree from grid at 39, 27
Removed entity tree from grid at 29, 14
Added entity human at 14, 34
Removed entity wolf from grid at 24, 1
Added entity wolf at 18, 44
Added entity wolf at 22, 7
Added entity wolf at 3, 32
Removed entity human from grid at 14, 34
Added entity cow at 28, 3
Added entity tree at 45, 10
Added entity tree at 41, 24
Added entity tree at 41, 25
Removed entity wolf from grid at 39, 40
Removed entity wolf from grid at 18, 17
Added entity wolf at 42, 2
Removed entity cow from grid at 36, 18
Added entity human at 12, 36
Removed entity wolf from grid at 29, 18
Removed entity wolf from grid at 25, 25
Added entity wolf at 20, 24
Added entity wolf at 31, 20
Added entity wolf at 1, 42
Added entity wolf at 29, 8
Removed entity wolf from grid at 29, 8
Removed entity wolf from grid at 22, 7
Added entity human at 45, 12
Removed entity tree from grid at 14, 1
Removed entity wolf from grid at 39, 39
Removed entity wolf from grid at 19, 45
Removed entity wolf from grid at 6, 47
Removed entity tree from grid at 35, 18
Removed entity cow from grid at 43, 20
Removed entity tree from grid at 23, 5
Added entity human at 23, 4
Added entity wolf at 42, 10
Added entity wolf at 28, 12
Removed entity wolf from grid at 22, 29
Added entity tree at 45, 11
Added entity tree at 10, 37
Added entity cow at 29, 4
Added entity tree at 39, 22
Removed entity wolf from grid at 11, 16
Removed entity wolf from grid at 28, 40
Added entity wolf at 33, 24
Added entity wolf at 2, 23
Removed entity wolf from grid at 20, 45
Removed entity cow from grid at 41, 19
Added entity human at 25, 7
Added entity wolf at 0, 44
Removed entity wolf from grid at 22, 34
Added entity human at 27, 18
Removed entity cow from grid at 31, 15
Removed entity tree from grid at 45, 10
Added entity wolf at 25, 12
Added entity wolf at 8, 24
Removed entity cow from grid at 27, 9
Added entity tree at 27, 17
Removed entity tree from grid at 25, 6
Added entity human at 44, 11
Removed entity tree from grid at 41, 24
Added entity wolf at 41, 2
Removed entity wolf from grid at 37, 42
Removed entity wolf from grid at 37, 3
Removed entity wolf from grid at 39, 39
Added entity wolf at 16, 22
Removed entity tree from grid at 25, 17
Removed entity wolf from grid at 16, 22
Added entity human at 33, 30
Added entity human at 33, 28
Added entity wolf at 45, 26
Added entity wolf at 29, 10
Removed entity wolf from grid at 29, 10
Added entity tree at 33, 29
Added entity tree at 24, 6
Added entity tree at 22, 3
Removed entity cow from grid at 48, 14
Added entity cow at 42, 17
Removed entity wolf from grid at 35, 23
Removed entity tree from grid at 14, 28
Removed entity cow from grid at 38, 3
Removed entity wolf from grid at 15, 2
Removed entity wolf from grid at 37, 5
Removed entity tree from grid at 45, 11
Removed entity wolf from grid at 12, 46
Removed entity cow from grid at 44, 17
Removed entity wolf from grid at 8, 1
Removed entity tree from grid at 40, 25
Added entity human at 48, 46
Removed entity wolf from grid at 42, 34
Removed entity cow from grid at 27, 2
Added entity wolf at 5, 30
Added entity wolf at 22, 16
Added entity wolf at 32, 26
Added entity wolf at 11, 8
Added entity tree at 48, 45
Added entity tree at 33, 26
Added entity tree at 34, 29
Added entity human at 47, 12
Removed entity wolf from grid at 6, 45
Added entity house at 7, 39
Added entity wolf at 1, 20
Removed entity wolf from grid at 28, 13
Removed entity wolf from grid at 49, 14
Added entity wolf at 2, 23
Removed entity cow from grid at 28, 4
Added entity human at 43, 17
Added entity house at 33, 25
Removed entity human from grid at 6, 39
Removed entity human from grid at 40, 21
Removed entity human from grid at 7, 40
Removed entity wolf from grid at 32, 18
Added entity house at 24, 11
Removed entity human from grid at 46, 44
Removed entity cow from grid at 36, 19
Removed entity wolf from grid at 11, 9
Removed entity wolf from grid at 47, 7
Added entity naturereserve at 10, 49
Human Luna built Nature Reserve for WOLF
Added entity naturereserve at 33, 48
Human Tina built Nature Reserve for WOLF
Added entity wolf at 3, 47
Removed entity wolf from grid at 31, 27
Removed entity human from grid at 24, 12
Added entity human at 30, 27
Removed entity wolf from grid at 29, 15
Added entity naturereserve at 45, 37
Human Xander built Nature Reserve for WOLF
Removed entity wolf from grid at 7, 19
Added entity wolf at 48, 5
Added entity wolf at 20, 12
Added entity wolf at 36, 44
Added entity wolf at 25, 0
Added entity naturereserve at 33, 32
Human Victor built Nature Reserve for WOLF
Added entity wolf at 22, 48
Added entity wolf at 2, 47
Added entity house at 25, 7
Removed entity human from grid at 32, 26
Removed entity wolf from grid at 36, 21
Added entity berry at 37, 18
Added entity human at 31, 11
Removed entity cow from grid at 33, 16
Removed entity human from grid at 25, 8
Added entity wolf at 36, 5
Added entity wolf at 47, 23
Added entity wolf at 36, 23
Added entity wolf at 5, 32
Added entity wolf at 27, 34
Added entity wolf at 34, 21
Added entity house at 26, 11
Removed entity human from grid at 31, 11
Added entity human at 23, 11
Removed entity tree from grid at 21, 8
Removed entity human from grid at 34, 24
Removed entity wolf from grid at 41, 2
Removed entity wolf from grid at 39, 3
Removed entity wolf from grid at 18, 46
Added entity wolf at 38, 23
Removed entity human from grid at 25, 6
Removed entity wolf from grid at 48, 5
Added entity wolf at 13, 43
Added entity house at 32, 11
Added entity wolf at 22, 16
Added entity wolf at 48, 16
Added entity wolf at 27, 13
Added entity wolf at 27, 11
Removed entity cow from grid at 31, 13
Added entity tree at 29, 26
Added entity human at 48, 17
Removed entity human from grid at 34, 25
Removed entity human from grid at 24, 12
Added entity cow at 30, 3
Removed entity cow from grid at 41, 11
Removed entity wolf from grid at 37, 5
Removed entity wolf from grid at 4, 8
Added entity wolf at 1, 42
Added entity house at 30, 32
Removed entity human from grid at 32, 12
Added entity house at 23, 6
Added entity house at 24, 9
Removed entity wolf from grid at 49, 16
Added entity human at 23, 11
Added entity wolf at 9, 49
Added entity human at 45, 17
Added entity house at 9, 41
Removed entity human from grid at 10, 35
Removed entity wolf from grid at 10, 6
Added entity house at 11, 29
Removed entity wolf from grid at 17, 45
Added entity wolf at 46, 5
Removed entity wolf from grid at 48, 14
Removed entity human from grid at 30, 33
Removed entity human from grid at 23, 8
Removed entity wolf from grid at 24, 35
Removed entity cow from grid at 31, 13
Removed entity human from grid at 23, 7
Added entity wolf at 19, 6
Added entity wolf at 21, 18
Removed entity wolf from grid at 28, 13
Removed entity wolf from grid at 27, 9
Added entity human at 22, 12
Removed entity cow from grid at 45, 16
Added entity house at 33, 28
Removed entity wolf from grid at 39, 26
Removed entity cow from grid at 39, 3
Removed entity tree from grid at 13, 28
Added entity berry at 35, 2
Added entity human at 34, 34
Removed entity wolf from grid at 48, 14
Added entity human at 26, 14
Removed entity human from grid at 8, 41
Added entity human at 14, 30
Removed entity wolf from grid at 47, 4
Added entity wolf at 18, 17
Removed entity cow from grid at 27, 9
Added entity tree at 14, 29
Removed entity human from grid at 26, 14
Added entity human at 45, 19
Added entity cow at 29, 2
Removed entity tree from grid at 38, 27
Added entity wolf at 42, 5
Added entity house at 41, 21
Added entity wolf at 30, 47
Removed entity wolf from grid at 19, 18
Removed entity wolf from grid at 35, 48
Removed entity cow from grid at 32, 15
Removed entity cow from grid at 34, 19
Removed entity human from grid at 9, 42
Removed entity wolf from grid at 48, 17
Removed entity wolf from grid at 36, 22
Removed entity wolf from grid at 42, 36
Added entity house at 13, 25
Added entity human at 12, 32
Added entity human at 48, 46
Removed entity human from grid at 46, 45
Added entity wolf at 12, 29
Added entity wolf at 44, 31
Added entity tree at 49, 45
Removed entity human from grid at 14, 30
Added entity human at 23, 11
Removed entity cow from grid at 28, 9
Removed entity tree from grid at 33, 26
Removed entity cow from grid at 45, 15
Added entity human at 19, 8
Removed entity wolf from grid at 7, 3
Added entity human at 44, 46
Removed entity tree from grid at 39, 22
Removed entity wolf from grid at 22, 49
Added entity wolf at 15, 46
Added entity wolf at 11, 47
Added entity wolf at 48, 5
Removed entity human from grid at 13, 26
Removed entity cow from grid at 39, 18
Added entity wolf at 47, 23
Added entity wolf at 27, 40
Added entity wolf at 30, 24
Added entity wolf at 3, 40
Removed entity tree from grid at 26, 6
Removed entity human from grid at 27, 11
Added entity tree at 18, 7
Added entity tree at 22, 10
Added entity tree at 49, 46
Added entity human at 35, 22
Removed entity human from grid at 12, 26
Removed entity wolf from grid at 38, 47
Removed entity human from grid at 40, 22
Added entity wolf at 15, 21
Added entity wolf at 24, 41
Added entity wolf at 24, 29
Removed entity cow from grid at 44, 14
Removed entity cow from grid at 46, 13
Removed entity berry from grid at 37, 18
Added entity human at 12, 35
Added entity human at 10, 29
Removed entity berry from grid at 35, 2
Added entity wolf at 37, 29
Added entity house at 38, 16
Removed entity human from grid at 10, 29
Removed entity human from grid at 12, 35
Added entity human at 34, 23
Added entity human at 42, 48
Removed entity tree from grid at 48, 45
Added entity human at 47, 19
Removed entity cow from grid at 45, 17
Removed entity human from grid at 32, 30
Added entity wolf at 11, 47
Added entity human at 9, 28
Removed entity human from grid at 33, 36
Removed entity wolf from grid at 17, 49
Removed entity human from grid at 26, 7
Removed entity cow from grid at 34, 17
Added entity wolf at 33, 17
Added entity wolf at 29, 40
Added entity wolf at 30, 25
Removed entity tree from grid at 38, 17
Removed entity human from grid at 9, 28
Added entity tree at 46, 18
Added entity tree at 41, 47
Added entity human at 21, 11
Removed entity human from grid at 29, 24
Removed entity tree from grid at 46, 18
Removed entity human from grid at 32, 10
Added entity wolf at 23, 48
Added entity wolf at 48, 7
Removed entity cow from grid at 43, 2
Removed entity cow from grid at 28, 7
Removed entity wolf from grid at 47, 35
Added entity wolf at 15, 40
Added entity tree at 42, 47
Added entity house at 46, 48
Removed entity cow from grid at 28, 10
Removed entity wolf from grid at 29, 22
Removed entity tree from grid at 10, 37
Removed entity wolf from grid at 21, 18
Added entity human at 34, 26
Added entity human at 37, 19
Removed entity human from grid at 37, 20
Added entity human at 12, 37
Added entity human at 14, 32
Removed entity wolf from grid at 15, 18
Removed entity wolf from grid at 27, 3
Removed entity human from grid at 12, 37
Added entity cow at 41, 14
Cow Endangered Reproduction!
Added entity tree at 33, 24
Removed entity wolf from grid at 34, 17
Removed entity wolf from grid at 31, 43
Removed entity wolf from grid at 37, 2
Removed entity wolf from grid at 25, 47
Added entity wolf at 25, 46
Added entity wolf at 1, 42
Removed entity cow from grid at 35, 19
Added entity wolf at 33, 22
Added entity wolf at 26, 35
Added entity wolf at 27, 40
Added entity wolf at 31, 13
Removed entity cow from grid at 28, 4
Removed entity human from grid at 38, 17
Removed entity human from grid at 35, 26
Removed entity human from grid at 41, 22
Added entity wolf at 34, 48
Added entity wolf at 45, 5
Removed entity human from grid at 32, 30
Added entity wolf at 6, 16
Added entity wolf at 9, 11
Added entity wolf at 2, 47
Removed entity wolf from grid at 28, 18
Added entity human at 25, 10
Added entity human at 16, 30
Removed entity human from grid at 26, 8
Removed entity wolf from grid at 3, 45
Added entity wolf at 36, 31
Added entity wolf at 25, 12
Removed entity wolf from grid at 18, 19
Added entity naturereserve at 39, 44
Human Ivy built Nature Reserve for COW
Added entity wolf at 33, 47
Removed entity wolf from grid at 33, 23
Removed entity human from grid at 22, 7
Added entity wolf at 47, 11
Added entity wolf at 24, 48
Added entity wolf at 36, 22
Added entity wolf at 16, 16
Added entity wolf at 24, 30
Removed entity wolf from grid at 33, 47
Removed entity wolf from grid at 28, 19
Removed entity wolf from grid at 26, 42
Removed entity wolf from grid at 46, 26
Removed entity wolf from grid at 13, 48
Removed entity human from grid at 37, 16
Added entity human at 41, 15
Added entity wolf at 19, 18
Added entity wolf at 28, 26
Added entity wolf at 11, 7
Added entity wolf at 26, 34
Added entity cow at 39, 19
Added entity cow at 38, 18
Cow Endangered Reproduction!
Removed entity human from grid at 41, 15
Added entity cow at 40, 45
Added entity human at 16, 32
Removed entity human from grid at 23, 8
Added entity human at 21, 11
Removed entity tree from grid at 48, 43
Removed entity wolf from grid at 48, 30
Removed entity wolf from grid at 35, 25
Removed entity cow from grid at 39, 7
Removed entity wolf from grid at 30, 43
Removed entity tree from grid at 3, 9
Removed entity wolf from grid at 20, 44
Added entity wolf at 24, 48
Added entity human at 12, 32
Added entity wolf at 36, 42
Added entity wolf at 31, 15
Added entity wolf at 30, 20
Added entity wolf at 20, 2
Removed entity wolf from grid at 31, 15
Removed entity wolf from grid at 19, 20
Removed entity wolf from grid at 24, 30
Added entity tree at 12, 31
Added entity tree at 16, 31
Removed entity cow from grid at 27, 9
Removed entity wolf from grid at 46, 28
Added entity wolf at 45, 11
Added entity human at 27, 8
Added entity human at 44, 19
Removed entity wolf from grid at 47, 34
Removed entity wolf from grid at 49, 11
Added entity wolf at 41, 35
Added entity wolf at 36, 42
Added entity wolf at 38, 38
Added entity wolf at 14, 32
Added entity wolf at 22, 23
Removed entity wolf from grid at 24, 8
Added entity cow at 39, 17
Cow Endangered Reproduction!
Added entity tree at 17, 30
Added entity human at 47, 24
Added entity cow at 30, 3
Removed entity human from grid at 26, 10
Removed entity wolf from grid at 26, 26
Removed entity tree from grid at 43, 24
Removed entity tree from grid at 37, 9
Removed entity human from grid at 10, 31
Removed entity human from grid at 13, 30
Added entity human at 39, 19
Added entity human at 14, 31
Removed entity wolf from grid at 23, 19
Added entity human at 9, 36
Added entity house at 43, 23
Removed entity human from grid at 14, 36
Removed entity wolf from grid at 47, 12
Added entity wolf at 5, 30
Added entity wolf at 21, 16
Added entity wolf at 34, 19
Removed entity wolf from grid at 14, 32
Added entity tree at 43, 16
Added entity tree at 25, 6
Removed entity tree from grid at 14, 29
Added entity human at 20, 8
Removed entity tree from grid at 16, 31
Added entity cow at 42, 15
Added entity house at 47, 43
Removed entity wolf from grid at 20, 17
Removed entity human from grid at 44, 24
Added entity wolf at 14, 46
Removed entity wolf from grid at 39, 4
Added entity wolf at 3, 44
Removed entity human from grid at 44, 23
Removed entity wolf from grid at 27, 42
Removed entity wolf from grid at 18, 19
Added entity wolf at 3, 32
Added entity wolf at 30, 13
Removed entity human from grid at 10, 35
Added entity tree at 13, 30
Added entity cow at 31, 4
Added entity tree at 44, 21
Removed entity tree from grid at 43, 16
Added entity human at 15, 33
Removed entity human from grid at 37, 21
Removed entity tree from grid at 49, 45
Added entity wolf at 43, 6
Added entity wolf at 14, 48
Added entity human at 41, 3
Removed entity wolf from grid at 12, 6
Removed entity wolf from grid at 7, 11
Added entity human at 41, 20
Removed entity wolf from grid at 1, 26
Removed entity wolf from grid at 29, 17
Added entity tree at 40, 2
Added entity tree at 14, 32
Added entity cow at 32, 3
Removed entity tree from grid at 14, 32
Added entity human at 48, 28
Removed entity cow from grid at 40, 3
Removed entity wolf from grid at 33, 18
Removed entity tree from grid at 42, 24
Removed entity wolf from grid at 47, 30
Removed entity tree from grid at 15, 17
Removed entity wolf from grid at 4, 45
Removed entity wolf from grid at 5, 21
Added entity tree at 47, 27
Added entity cow at 33, 4
Added entity tree at 41, 19
Added entity tree at 14, 32
Added entity cow at 41, 16
Added entity human at 45, 22
Added entity house at 38, 22
Removed entity cow from grid at 36, 19
Removed entity cow from grid at 28, 9
Added entity human at 20, 5
Removed entity cow from grid at 42, 15
Removed entity wolf from grid at 16, 45
Removed entity human from grid at 45, 47
Added entity wolf at 15, 14
Added entity wolf at 48, 5
Removed entity wolf from grid at 17, 48
Added entity human at 16, 35
Removed entity wolf from grid at 24, 20
Removed entity wolf from grid at 23, 39
Added entity wolf at 44, 34
Removed entity wolf from grid at 20, 3
Added entity human at 19, 4
Removed entity tree from grid at 44, 21
Removed entity tree from grid at 41, 19
Added entity human at 14, 34
Added entity human at 20, 4
Added entity cow at 40, 18
Removed entity human from grid at 27, 11
Added entity house at 38, 14
Removed entity wolf from grid at 8, 14
Removed entity wolf from grid at 35, 16
Removed entity wolf from grid at 44, 6
Removed entity wolf from grid at 38, 2
Added entity wolf at 11, 47
Added entity wolf at 19, 46
Added entity wolf at 28, 28
Added entity wolf at 31, 21
Added entity wolf at 31, 24
Added entity wolf at 36, 23
Added entity tree at 14, 33
Added entity tree at 19, 4
Added entity human at 44, 21
Added entity cow at 32, 3
Added entity house at 42, 14
Removed entity human from grid at 39, 22
Removed entity tree from grid at 27, 12
Added entity house at 48, 49
Removed entity human from grid at 29, 33
Removed entity wolf from grid at 38, 1
Removed entity wolf from grid at 19, 46
Added entity wolf at 6, 16
Added entity human at 6, 32
Added entity human at 34, 26
Added entity human at 9, 38
Removed entity wolf from grid at 24, 41
Removed entity wolf from grid at 15, 18
Removed entity human from grid at 47, 42
Removed entity wolf from grid at 5, 21
Added entity wolf at 17, 34
Added entity wolf at 5, 41
Removed entity human from grid at 34, 26
Removed entity human from grid at 6, 32
Added entity tree at 43, 20
Removed entity human from grid at 16, 35
Added entity cow at 42, 17
Added entity human at 46, 32
Removed entity human from grid at 15, 33
Removed entity wolf from grid at 30, 18
Removed entity human from grid at 16, 30
Removed entity cow from grid at 45, 5
Added entity human at 14, 37
Removed entity human from grid at 14, 38
Removed entity cow from grid at 26, 6
Removed entity wolf from grid at 47, 6
Added entity wolf at 48, 5
Added entity wolf at 29, 39
Added entity wolf at 20, 19
Added entity human at 45, 20
Added entity cow at 41, 19
Added entity human at 16, 2
Added entity human at 17, 3
Removed entity cow from grid at 41, 19
Removed entity human from grid at 43, 17
Removed entity wolf from grid at 28, 18
Removed entity wolf from grid at 28, 28
Removed entity wolf from grid at 14, 2
Removed entity cow from grid at 32, 15
Removed entity wolf from grid at 19, 45
Added entity wolf at 5, 16
Added entity wolf at 20, 43
Removed entity wolf from grid at 19, 20
Added entity house at 35, 20
Removed entity human from grid at 36, 20
Removed entity human from grid at 47, 42
Removed entity wolf from grid at 23, 41
Removed entity tree from grid at 25, 6
Removed entity wolf from grid at 14, 17
Removed entity wolf from grid at 4, 21
Added entity wolf at 18, 46
Added entity wolf at 33, 22
Added entity tree at 17, 2
Added entity human at 15, 1
Added entity human at 46, 21
Removed entity human from grid at 39, 22
Removed entity cow from grid at 42, 17
Removed entity wolf from grid at 18, 17
Removed entity human from grid at 41, 18
Added entity wolf at 18, 25
Removed entity human from grid at 34, 19
Removed entity wolf from grid at 48, 5
Added entity wolf at 31, 20
Removed entity wolf from grid at 31, 24
Added entity human at 14, 2
Added entity human at 18, 4
Added entity cow at 33, 2
Removed entity wolf from grid at 30, 20
Removed entity human from grid at 42, 15
Added entity house at 22, 9
Added entity wolf at 15, 21
Added entity wolf at 47, 5
Added entity human at 16, 35
Added entity human at 12, 37
Added entity berry at 31, 6
Removed entity wolf from grid at 47, 5
Added entity wolf at 8, 3
Added entity wolf at 6, 45
Added entity cow at 32, 1
Added entity human at 17, 5
Added entity human at 13, 1
Removed entity tree from grid at 43, 20
Removed entity cow from grid at 40, 17
Added entity human at 44, 1
Removed entity cow from grid at 26, 2
Removed entity cow from grid at 27, 6
Removed entity tree from grid at 22, 10
Removed entity human from grid at 45, 48
Removed entity cow from grid at 41, 16
Removed entity cow from grid at 36, 19
Removed entity berry from grid at 31, 6
Removed entity tree from grid at 34, 15
Added entity wolf at 44, 4
Added entity human at 12, 1
Added entity wolf at 49, 16
Added entity wolf at 11, 11
Added entity wolf at 1, 42
Added entity human at 6, 34
Removed entity cow from grid at 40, 47
Added entity wolf at 2, 38
Added entity wolf at 40, 17
Added entity wolf at 13, 10
Added entity wolf at 35, 42
Removed entity human from grid at 6, 34
Added entity cow at 31, 0
Cow Endangered Reproduction!
Removed entity wolf from grid at 39, 31
Removed entity human from grid at 15, 37
Removed entity wolf from grid at 23, 22
Added entity wolf at 35, 35
Added entity wolf at 47, 2
Added entity wolf at 27, 26
Added entity wolf at 6, 45
Added entity wolf at 6, 24
Added entity cow at 35, 14
Cow Endangered Reproduction!
Added entity cow at 36, 15
Cow Endangered Reproduction!
Added entity tree at 11, 1
Added entity tree at 45, 2
Added entity tree at 10, 2
Removed entity human from grid at 16, 35
Removed entity cow from grid at 28, 5
Added entity house at 13, 27
Removed entity tree from grid at 49, 46
Removed entity human from grid at 37, 14
Removed entity tree from grid at 45, 2
Added entity wolf at 9, 47
Added entity wolf at 40, 29
Added entity human at 7, 30
Removed entity wolf from grid at 21, 20
Removed entity wolf from grid at 40, 44
Added entity wolf at 23, 7
Added entity wolf at 21, 25
Added entity wolf at 26, 41
Removed entity wolf from grid at 27, 19
Removed entity human from grid at 7, 30
Added entity cow at 37, 14
Cow Endangered Reproduction!
Removed entity wolf from grid at 45, 3
Removed entity wolf from grid at 46, 29
Removed entity wolf from grid at 23, 9
Removed entity wolf from grid at 45, 2
Added entity human at 18, 27
Added entity human at 29, 28
Added entity wolf at 49, 15
Added entity wolf at 47, 12
Added entity human at 29, 13
Removed entity human from grid at 29, 29
Removed entity wolf from grid at 38, 18
Added entity human at 8, 33
Removed entity wolf from grid at 3, 22
Added entity wolf at 49, 25
Added entity tree at 28, 12
Removed entity human from grid at 18, 27
Added entity cow at 38, 15
Added entity cow at 30, 1
Added entity tree at 11, 4
Added entity human at 45, 4
Removed entity tree from grid at 10, 5
Removed entity cow from grid at 39, 18
Added entity human at 33, 17
Removed entity human from grid at 37, 21
Removed entity tree from grid at 40, 2
Added entity human at 39, 12
Added entity wolf at 48, 2
Added entity wolf at 38, 26
Added entity wolf at 28, 41
Added entity wolf at 30, 18
Added entity wolf at 20, 2
Added entity wolf at 46, 18
Removed entity cow from grid at 38, 12
Removed entity human from grid at 29, 13
Removed entity wolf from grid at 10, 5
Removed entity wolf from grid at 42, 34
Added entity wolf at 47, 7
Removed entity human from grid at 21, 9
Removed entity wolf from grid at 39, 42
Added entity human at 32, 27
Removed entity wolf from grid at 28, 17
Added entity wolf at 0, 36
Added entity wolf at 47, 23
Added entity wolf at 13, 7
Added entity wolf at 21, 1
Added entity wolf at 37, 48
Added entity wolf at 37, 42
Removed entity wolf from grid at 19, 2
Added entity cow at 37, 16
Removed entity human from grid at 8, 32
Removed entity wolf from grid at 49, 1
Removed entity wolf from grid at 9, 6
Removed entity wolf from grid at 48, 26
Removed entity human from grid at 10, 38
Removed entity wolf from grid at 44, 35
Removed entity human from grid at 42, 18
Removed entity wolf from grid at 22, 43
Removed entity wolf from grid at 47, 0
Added entity wolf at 42, 4
Added entity wolf at 14, 48
Removed entity wolf from grid at 5, 21
Added entity wolf at 33, 22
Added entity wolf at 3, 21
Added entity wolf at 1, 40
Added entity wolf at 6, 47
Removed entity human from grid at 41, 14
Removed entity wolf from grid at 49, 24
Removed entity wolf from grid at 18, 0
Removed entity wolf from grid at 25, 40
Removed entity wolf from grid at 38, 26
Added entity human at 41, 15
Removed entity wolf from grid at 18, 17
Removed entity wolf from grid at 3, 20
Added entity wolf at 33, 40
Added entity wolf at 30, 9
Added entity cow at 36, 15
Removed entity wolf from grid at 12, 6
Removed entity wolf from grid at 24, 44
Removed entity human from grid at 42, 15
Removed entity wolf from grid at 43, 31
Removed entity wolf from grid at 41, 37
Removed entity wolf from grid at 30, 23
Removed entity wolf from grid at 41, 4
Added entity human at 29, 28
Added entity wolf at 17, 21
Removed entity human from grid at 13, 39
Added entity tree at 40, 33
Removed entity wolf from grid at 47, 6
Added entity wolf at 18, 43
Removed entity wolf from grid at 3, 20
Added entity wolf at 44, 14
Added entity wolf at 36, 37
Removed entity wolf from grid at 22, 20
Removed entity human from grid at 29, 28
Added entity tree at 40, 14
Removed entity wolf from grid at 23, 23
Added entity human at 10, 8
Removed entity wolf from grid at 24, 43
Removed entity wolf from grid at 47, 16
Removed entity wolf from grid at 23, 42
Removed entity wolf from grid at 16, 22
Removed entity tree from grid at 42, 28
Removed entity tree from grid at 21, 5
Removed entity berry from grid at 35, 21
Added entity wolf at 41, 4
Added entity wolf at 44, 3
Added entity human at 7, 36
Added entity wolf at 16, 14
Added entity wolf at 18, 48
Removed entity wolf from grid at 36, 44
Removed entity tree from grid at 22, 24
Added entity wolf at 13, 42
Added entity wolf at 31, 37
Added entity wolf at 13, 8
Added entity wolf at 14, 40
Removed entity human from grid at 7, 36
Added entity tree at 9, 7
Removed entity cow from grid at 35, 21
Added entity tree at 28, 20
Added entity tree at 47, 1
Added entity cow at 29, 0
Removed entity human from grid at 22, 23
Added entity human at 15, 11
Added entity human at 15, 9
Removed entity wolf from grid at 42, 37
Removed entity wolf from grid at 40, 40
Added entity wolf at 13, 46
Removed entity cow from grid at 27, 10
Added entity wolf at 37, 26
Added entity wolf at 4, 32
Added entity wolf at 34, 44
Added entity human at 16, 12
Removed entity tree from grid at 10, 9
Added entity cow at 35, 14
Removed entity wolf from grid at 15, 10
Added entity human at 46, 16
Removed entity cow from grid at 33, 16
Added entity wolf at 33, 47
Added entity wolf at 12, 49
Removed entity wolf from grid at 46, 8
Removed entity wolf from grid at 26, 10
Removed entity wolf from grid at 35, 43
Removed entity human from grid at 21, 9
Removed entity wolf from grid at 37, 44
Added entity wolf at 34, 5
Added entity wolf at 30, 40
Added entity wolf at 1, 39
Added entity wolf at 4, 45
Added entity cow at 34, 15
Removed entity wolf from grid at 20, 44
Removed entity wolf from grid at 40, 38
Removed entity human from grid at 43, 14
Added entity human at 28, 33
Removed entity wolf from grid at 45, 7
Removed entity wolf from grid at 37, 3
Added entity human at 41, 14
Removed entity wolf from grid at 13, 16
Removed entity wolf from grid at 5, 22
Added entity wolf at 47, 25
Added entity wolf at 2, 39
Removed entity human from grid at 28, 33
Added entity cow at 33, 16
Added entity tree at 14, 12
Removed entity wolf from grid at 27, 44
Removed entity cow from grid at 25, 0
Removed entity cow from grid at 28, 10
Removed entity tree from grid at 19, 5
Removed entity cow from grid at 41, 4
Removed entity cow from grid at 23, 8
Removed entity cow from grid at 45, 8
Removed entity cow from grid at 39, 4
Added entity wolf at 37, 24
Added entity wolf at 12, 48
Removed entity wolf from grid at 37, 44
Added entity human at 10, 38
Added entity wolf at 19, 44
Added entity wolf at 34, 19
Removed entity wolf from grid at 48, 17
Removed entity wolf from grid at 18, 41
Added entity human at 44, 10
Removed entity wolf from grid at 32, 19
Added entity wolf at 36, 23
Added entity human at 34, 34
Added entity human at 14, 31
Added entity human at 42, 19
Added entity human at 44, 22
Added entity human at 12, 36
Added entity wolf at 32, 38
Added entity wolf at 23, 21
Added entity wolf at 17, 20
Added entity cow at 30, 7
Cow Endangered Reproduction!
Added entity cow at 37, 2
Cow Endangered Reproduction!
Removed entity human from grid at 5, 37
Removed entity wolf from grid at 11, 7
Removed entity wolf from grid at 17, 20
Added entity cow at 38, 3
Cow Endangered Reproduction!
Removed entity human from grid at 44, 22
Added entity tree at 14, 30
Removed entity human from grid at 34, 34
Removed entity human from grid at 44, 10
Added entity cow at 32, 15
Removed entity wolf from grid at 11, 14
Removed entity wolf from grid at 36, 23
Added entity human at 31, 23
Removed entity wolf from grid at 21, 44
Removed entity wolf from grid at 24, 40
Removed entity tree from grid at 21, 10
Added entity wolf at 34, 32
Added entity human at 26, 33
Added entity wolf at 2, 22
Added entity wolf at 24, 39
Added entity wolf at 5, 48
Removed entity wolf from grid at 38, 45
Added entity wolf at 22, 13
Added entity wolf at 36, 37
Added entity wolf at 3, 30
Added entity wolf at 20, 1
Added entity wolf at 25, 12
Added entity cow at 37, 18
Removed entity human from grid at 26, 33
Added entity cow at 39, 2
Added entity cow at 29, 6
Removed entity human from grid at 44, 17
Added entity cow at 28, 1
Removed entity wolf from grid at 45, 0
Removed entity wolf from grid at 23, 20
Removed entity wolf from grid at 38, 26
Added entity wolf at 35, 47
Added entity human at 42, 10
Added entity wolf at 42, 5
Added entity wolf at 46, 5
Removed entity human from grid at 11, 27
Removed entity wolf from grid at 20, 16
Added entity wolf at 37, 31
Added entity berry at 24, 15
Added entity wolf at 26, 0
Removed entity human from grid at 42, 10
Added entity cow at 27, 2
Added entity cow at 28, 7
Removed entity wolf from grid at 48, 18
Removed entity wolf from grid at 9, 15
Removed entity wolf from grid at 9, 11
Removed entity wolf from grid at 20, 48
Removed entity wolf from grid at 40, 32
Removed entity wolf from grid at 47, 35
Removed entity wolf from grid at 48, 30
Added entity wolf at 13, 43
Added entity human at 14, 34
Added entity wolf at 31, 38
Added entity wolf at 33, 21
Added entity wolf at 36, 15
Added entity tree at 15, 33
Added entity cow at 27, 6
Added entity cow at 38, 1
Removed entity wolf from grid at 30, 24
Removed entity tree from grid at 12, 9
Added entity human at 11, 13
Removed entity wolf from grid at 41, 5
Removed entity wolf from grid at 19, 47
Removed entity wolf from grid at 40, 30
Removed entity wolf from grid at 24, 8
Added entity wolf at 34, 49
Added entity wolf at 45, 5
Added entity wolf at 38, 24
Added entity human at 10, 36
Removed entity wolf from grid at 49, 12
Removed entity wolf from grid at 33, 44
Added entity wolf at 30, 38
Added entity wolf at 13, 12
Removed entity human from grid at 10, 36
Added entity cow at 37, 2
Added entity tree at 15, 34
Added entity cow at 36, 19
Removed entity wolf from grid at 48, 18
Added entity human at 10, 15
Removed entity wolf from grid at 39, 24
Added entity human at 45, 1
Removed entity cow from grid at 41, 4
Removed entity wolf from grid at 18, 2
Removed entity tree from grid at 9, 10
Removed entity human from grid at 49, 14
Removed entity wolf from grid at 34, 16
Added entity human at 10, 30
Added entity wolf at 37, 31
Added entity wolf at 26, 41
Added entity tree at 9, 29
Added entity human at 9, 16
Added entity human at 11, 12
Added entity cow at 28, 5
Added entity cow at 28, 1
Added entity house at 41, 23
Removed entity cow from grid at 35, 21
Removed entity tree from grid at 19, 0
Removed entity wolf from grid at 39, 31
Removed entity cow from grid at 29, 13
Added entity wolf at 42, 4
Added entity house at 36, 23
Removed entity cow from grid at 33, 15
Added entity wolf at 45, 5
Added entity wolf at 47, 7
Removed entity cow from grid at 45, 9
Added entity wolf at 38, 40
Added entity wolf at 37, 24
Added entity wolf at 14, 40
Removed entity wolf from grid at 12, 12
Added entity cow at 33, 15
Removed entity human from grid at 40, 23
Removed entity cow from grid at 42, 1
Removed entity wolf from grid at 1, 12
Removed entity wolf from grid at 21, 46
Removed entity wolf from grid at 40, 31
Added entity wolf at 4, 19
Removed entity wolf from grid at 4, 19
Removed entity human from grid at 36, 24
Added entity wolf at 46, 3
Added entity wolf at 18, 44
Added entity wolf at 38, 40
Added entity wolf at 3, 40
Added entity wolf at 25, 0
Added entity cow at 27, 4
Removed entity wolf from grid at 46, 2
Added entity cow at 37, 18
Added entity cow at 36, 3
Removed entity wolf from grid at 40, 26
Removed entity wolf from grid at 44, 6
Removed entity wolf from grid at 27, 47
Removed entity cow from grid at 36, 19
Added entity tree at 42, 24
Added entity human at 32, 32
Removed entity wolf from grid at 41, 3
Added entity wolf at 19, 24
Added entity wolf at 2, 22
Removed entity wolf from grid at 48, 8
Added entity wolf at 35, 4
Added entity wolf at 29, 40
Added entity wolf at 27, 11
Added entity cow at 26, 3
Added entity cow at 34, 16
Added entity cow at 29, 2
Removed entity human from grid at 8, 32
Removed entity wolf from grid at 47, 6
Removed entity wolf from grid at 27, 11
Added entity human at 43, 15
Removed entity wolf from grid at 31, 47
Removed entity wolf from grid at 4, 17
Added entity wolf at 24, 41
Added entity wolf at 10, 4
Added entity wolf at 35, 40
Added entity cow at 25, 2
Added entity cow at 35, 2
Added entity human at 13, 16
Added entity human at 7, 20
Removed entity wolf from grid at 46, 1
Removed entity tree from grid at 28, 12
Added entity cow at 39, 45
Added entity human at 8, 40
Removed entity human from grid at 27, 12
Added entity human at 32, 32
Added entity wolf at 11, 11
Added entity human at 16, 30
Added entity wolf at 38, 24
Removed entity human from grid at 8, 40
Added entity cow at 24, 3
Added entity cow at 28, 1
Removed entity wolf from grid at 25, 0
Removed entity human from grid at 40, 23
Added entity wolf at 33, 47
Added entity wolf at 40, 29
Added entity wolf at 47, 6
Added entity wolf at 24, 28
Removed entity wolf from grid at 40, 29
Added entity human at 30, 25
Removed entity wolf from grid at 47, 6
Removed entity cow from grid at 24, 3
Added entity wolf at 36, 25
Added entity wolf at 25, 0
Removed entity human from grid at 30, 25
Removed entity wolf from grid at 11, 11
Removed entity wolf from grid at 40, 0
Removed entity wolf from grid at 23, 45
Removed entity wolf from grid at 25, 0
Added entity berry at 30, 41
Added entity wolf at 43, 2
Added entity human at 18, 27
Added entity wolf at 15, 46
Added entity human at 34, 26
Added entity human at 31, 11
Removed entity wolf from grid at 3, 21
Added entity wolf at 41, 35
Removed entity human from grid at 34, 26
Removed entity human from grid at 18, 27
Removed entity human from grid at 35, 23
Removed entity wolf from grid at 38, 25
Removed entity cow from grid at 24, 5
Removed entity wolf from grid at 2, 19
Removed entity wolf from grid at 39, 37
Added entity human at 26, 8
Removed entity human from grid at 16, 31
Added entity wolf at 13, 48
Added entity wolf at 46, 2
Removed entity wolf from grid at 20, 20
Added entity wolf at 27, 34
Added entity wolf at 26, 40
Added entity wolf at 38, 1
Added entity wolf at 34, 21
Removed entity cow from grid at 26, 7
Added entity cow at 29, 2
Removed entity wolf from grid at 28, 35
Removed entity wolf from grid at 25, 39
Removed entity wolf from grid at 24, 44
Removed entity cow from grid at 43, 7
Removed entity wolf from grid at 17, 44
Removed entity wolf from grid at 36, 24
Removed entity cow from grid at 28, 15
Removed entity wolf from grid at 39, 43
Added entity human at 25, 10
Removed entity wolf from grid at 41, 39
Added entity wolf at 49, 15
Added entity wolf at 18, 25
Added entity human at 14, 28
Removed entity human from grid at 16, 32
Removed entity wolf from grid at 2, 22
Added entity wolf at 34, 5
Removed entity human from grid at 14, 28
Added entity tree at 31, 10
Removed entity tree from grid at 4, 22
Removed entity human from grid at 41, 13
Added entity cow at 37, 19
Added entity human at 46, 3
Added entity human at 6, 16
Removed entity tree from grid at 47, 1
Removed entity human from grid at 26, 7
Removed entity tree from grid at 30, 14
Added entity human at 8, 40
Added entity wolf at 42, 4
Added entity wolf at 44, 4
Removed entity wolf from grid at 39, 6
Removed entity cow from grid at 40, 45
Removed entity wolf from grid at 34, 22
Added entity wolf at 47, 14
Added entity wolf at 18, 25
Added entity human at 29, 13
Added entity human at 9, 38
Removed entity wolf from grid at 42, 4
Added entity wolf at 26, 34
Added entity wolf at 33, 19
Added entity wolf at 20, 11
Removed entity human from grid at 9, 38
Removed entity human from grid at 29, 13
Added entity cow at 36, 20
Removed entity cow from grid at 27, 10
Removed entity wolf from grid at 21, 26
Added entity cow at 33, 15
Removed entity wolf from grid at 24, 40
Removed entity wolf from grid at 38, 1
Removed entity wolf from grid at 1, 23
Removed entity human from grid at 23, 8
Removed entity wolf from grid at 45, 0
Removed entity wolf from grid at 38, 43
Added entity human at 8, 42
Added entity wolf at 40, 30
Added entity wolf at 10, 9
Added entity wolf at 9, 47
Removed entity wolf from grid at 23, 25
Removed entity wolf from grid at 44, 3
Added entity human at 31, 11
Removed entity human from grid at 10, 41
Added entity wolf at 4, 32
Added entity wolf at 3, 40
Removed entity cow from grid at 39, 19
Added entity tree at 32, 10
Removed entity human from grid at 8, 42
Added entity tree at 5, 15
Added entity tree at 45, 2
Removed entity tree from grid at 29, 12
Removed entity tree from grid at 45, 2
Removed entity tree from grid at 41, 25
Removed entity cow from grid at 25, 2
Removed entity wolf from grid at 41, 35
Removed entity wolf from grid at 30, 18
Added entity wolf at 48, 7
Added entity wolf at 44, 4
Added entity human at 42, 18
Removed entity wolf from grid at 44, 4
Removed entity human from grid at 30, 29
Removed entity wolf from grid at 37, 47
Added entity wolf at 44, 13
Added entity tree at 42, 17
Added entity cow at 32, 14
Added entity cow at 35, 21
Added entity tree at 6, 15
Added entity tree at 28, 12
Removed entity wolf from grid at 25, 36
Removed entity cow from grid at 43, 1
Removed entity cow from grid at 42, 8
Removed entity tree from grid at 24, 6
Removed entity wolf from grid at 16, 45
Removed entity cow from grid at 36, 20
Removed entity wolf from grid at 37, 44
Removed entity cow from grid at 27, 15
Added entity wolf at 5, 48
Added entity wolf at 37, 22
Added entity wolf at 20, 49
Added entity human at 31, 30
Added entity human at 12, 29
Removed entity wolf from grid at 18, 19
Added entity wolf at 37, 39
Added entity wolf at 20, 12
Added entity wolf at 2, 36
Added entity tree at 7, 6
Removed entity wolf from grid at 46, 5
Removed entity wolf from grid at 21, 15
Removed entity wolf from grid at 27, 40
Removed entity wolf from grid at 0, 24
Removed entity wolf from grid at 19, 44
Removed entity cow from grid at 24, 7
Removed entity wolf from grid at 17, 45
Added entity wolf at 43, 5
Added entity human at 34, 36
Added entity wolf at 19, 44
Added entity wolf at 19, 17
Added entity wolf at 33, 22
Added entity wolf at 31, 13
Removed entity human from grid at 34, 36
Added entity house at 13, 28
Added entity cow at 35, 21
Added entity human at 8, 14
Added entity human at 1, 23
Removed entity wolf from grid at 16, 17
Added entity house at 42, 9
Removed entity tree from grid at 23, 15
Removed entity human from grid at 34, 31
Removed entity cow from grid at 33, 19
Added entity wolf at 11, 47
Removed entity wolf from grid at 40, 30
Added entity human at 26, 14
Removed entity wolf from grid at 16, 19
Added entity wolf at 19, 46
Removed entity human from grid at 26, 14
Added entity tree at 7, 13
Added entity cow at 36, 22
Removed entity tree from grid at 13, 30
Added entity cow at 33, 13
Added entity cow at 36, 3
Removed entity wolf from grid at 34, 1
Removed entity human from grid at 43, 9
Added entity human at 5, 38
Removed entity tree from grid at 42, 45
Removed entity human from grid at 42, 8
Added entity wolf at 23, 48
Added entity human at 34, 28
Removed entity human from grid at 8, 38
Removed entity cow from grid at 40, 3
Added entity human at 46, 46
Added entity human at 12, 34
Added entity wolf at 5, 32
Added entity wolf at 33, 15
Added entity wolf at 47, 2
Added entity wolf at 21, 17
Added entity wolf at 8, 4
Removed entity human from grid at 34, 28
Removed entity human from grid at 5, 38
Added entity cow at 34, 12
Removed entity human from grid at 43, 16
Added entity cow at 30, 3
Removed entity wolf from grid at 45, 3
Removed entity wolf from grid at 27, 47
Removed entity wolf from grid at 18, 46
Removed entity human from grid at 30, 9
Added entity berry at 15, 17
Added entity human at 25, 10
Added entity human at 8, 38
Removed entity wolf from grid at 31, 16
Added entity wolf at 42, 29
Added entity wolf at 31, 23
Added entity wolf at 2, 47
Added entity wolf at 47, 25
Added entity wolf at 33, 41
Added entity wolf at 35, 44
Added entity wolf at 30, 18
Removed entity wolf from grid at 0, 27
Added entity cow at 35, 4
Added entity cow at 35, 23
Removed entity human from grid at 32, 31
Removed entity human from grid at 6, 39
Removed entity wolf from grid at 21, 45
Removed entity human from grid at 35, 26
Removed entity wolf from grid at 40, 32
Removed entity wolf from grid at 40, 42
Removed entity wolf from grid at 18, 16
Added entity human at 29, 33
Added entity wolf at 5, 18
Added entity wolf at 28, 45
Removed entity human from grid at 30, 9
Removed entity cow from grid at 35, 21
Added entity wolf at 37, 29
Added entity wolf at 37, 15
Removed entity human from grid at 29, 33
Added entity cow at 34, 3
Removed entity wolf from grid at 26, 39
Removed entity wolf from grid at 31, 2
Removed entity wolf from grid at 21, 47
Added entity human at 34, 24
Added entity wolf at 45, 4
Removed entity wolf from grid at 45, 4
Added entity wolf at 4, 48
Added entity wolf at 43, 2
Removed entity wolf from grid at 43, 2
Added entity wolf at 17, 45
Added entity wolf at 45, 26
Added entity wolf at 32, 30
Added entity wolf at 26, 14
Removed entity human from grid at 34, 24
Removed entity wolf from grid at 30, 18
Removed entity wolf from grid at 1, 30
Removed entity wolf from grid at 48, 2
Removed entity wolf from grid at 30, 2
Removed entity wolf from grid at 23, 48
Removed entity wolf from grid at 28, 19
Added entity human at 9, 28
Added entity wolf at 2, 44
Removed entity wolf from grid at 40, 28
Added entity wolf at 13, 42
Added entity wolf at 20, 42
Added entity tree at 29, 24
Added entity human at 41, 15
Added entity wolf at 22, 7
Added entity wolf at 25, 12
Added entity berry at 5, 5
Removed entity human from grid at 41, 15
Added entity cow at 35, 4
Added entity cow at 35, 13
Removed entity human from grid at 7, 30
Removed entity wolf from grid at 11, 10
Removed entity wolf from grid at 41, 31
Removed entity wolf from grid at 0, 30
Removed entity wolf from grid at 0, 31
Removed entity wolf from grid at 27, 15
Added entity human at 33, 30
Added entity human at 12, 35
Removed entity wolf from grid at 28, 46
Added entity wolf at 34, 35
Added entity wolf at 11, 8
Added entity wolf at 26, 2
Removed entity wolf from grid at 35, 17
Removed entity wolf from grid at 28, 41
Removed entity wolf from grid at 36, 45
Removed entity human from grid at 31, 30
Added entity human at 23, 10
Added entity wolf at 20, 48
Added entity wolf at 35, 44
Added entity wolf at 27, 26
Added entity cow at 34, 12
Removed entity wolf from grid at 31, 12
Removed entity wolf from grid at 21, 8
Removed entity human from grid at 24, 12
Added entity human at 27, 8
Removed entity cow from grid at 25, 14
Removed entity wolf from grid at 29, 47
Added entity human at 41, 18
Added entity human at 8, 35
Added entity wolf at 47, 14
Added entity wolf at 21, 17
Added entity wolf at 37, 41
Removed entity human from grid at 27, 8
Added entity cow at 34, 23
Removed entity wolf from grid at 2, 42
Removed entity wolf from grid at 23, 43
Removed entity wolf from grid at 27, 1
Removed entity wolf from grid at 0, 31
Removed entity wolf from grid at 2, 14
Removed entity wolf from grid at 34, 45
Added entity wolf at 41, 4
Added entity wolf at 8, 47
Added entity wolf at 14, 48
Added entity human at 37, 21
Removed entity wolf from grid at 35, 34
Added entity tree at 39, 47
Added entity wolf at 9, 3
Added entity wolf at 32, 38
Added entity wolf at 12, 9
Added entity wolf at 27, 0
Removed entity wolf from grid at 32, 12
Removed entity human from grid at 46, 45
Removed entity wolf from grid at 13, 7
Added entity human at 39, 15
Removed entity wolf from grid at 14, 9
Added entity human at 24, 6
Removed entity wolf from grid at 47, 31
Added entity wolf at 42, 5
Added entity wolf at 17, 25
Removed entity wolf from grid at 27, 47
Removed entity human from grid at 16, 29
Added entity wolf at 38, 25
Added entity wolf at 29, 18
Removed entity wolf from grid at 15, 8
Added entity human at 45, 49
Added entity human at 25, 10
Added entity human at 32, 27
Added entity wolf at 6, 32
Added entity wolf at 2, 37
Added entity wolf at 5, 29
Added entity wolf at 40, 41
Removed entity human from grid at 37, 21
Added entity cow at 35, 11
Removed entity human from grid at 12, 34
Added entity cow at 36, 3
Added entity cow at 29, 4
Removed entity wolf from grid at 44, 2
Removed entity wolf from grid at 16, 4
Removed entity wolf from grid at 36, 48
Removed entity wolf from grid at 2, 37
Removed entity wolf from grid at 29, 20
Added entity human at 24, 7
Added entity human at 29, 33
Added entity wolf at 18, 47
Removed entity human from grid at 9, 36
Added entity wolf at 23, 18
Added entity wolf at 21, 14
Added entity wolf at 21, 17
Removed entity human from grid at 29, 33
Added entity cow at 35, 2
Removed entity human from grid at 25, 6
Removed entity human from grid at 10, 33
Removed entity wolf from grid at 18, 21
Removed entity wolf from grid at 28, 2
Removed entity wolf from grid at 23, 22
Added entity human at 46, 44
Added entity berry at 45, 29
Removed entity wolf from grid at 49, 14
Added entity human at 16, 35
Removed entity wolf from grid at 22, 19
Removed entity human from grid at 14, 35
Removed entity wolf from grid at 3, 30
Added entity cow at 34, 3
Added entity cow at 30, 3
Added entity cow at 36, 10
Removed entity tree from grid at 3, 43
Removed entity wolf from grid at 23, 43
Removed entity wolf from grid at 26, 20
Added entity wolf at 48, 16
Added entity wolf at 12, 47
Added entity human at 34, 28
Removed entity human from grid at 28, 21
Removed entity human from grid at 10, 34
Added entity wolf at 15, 40
Removed entity human from grid at 34, 28
Added entity cow at 37, 11
Removed entity human from grid at 15, 35
Added entity tree at 25, 3
Removed entity tree from grid at 35, 28
Removed entity tree from grid at 30, 8
Removed entity wolf from grid at 2, 42
Removed entity wolf from grid at 1, 40
Added entity human at 2, 30
Added entity human at 11, 12
Removed entity tree from grid at 22, 3
Removed entity wolf from grid at 38, 3
Added entity human at 48, 44
Removed entity cow from grid at 26, 15
Removed entity cow from grid at 48, 13
Added entity wolf at 22, 48
Added entity wolf at 24, 28
Added entity human at 12, 39
Removed entity wolf from grid at 39, 37
Added entity human at 24, 14
Removed entity wolf from grid at 26, 42
Removed entity wolf from grid at 19, 20
Added entity wolf at 5, 42
Removed entity wolf from grid at 6, 30
Removed entity human from grid at 24, 14
Removed entity human from grid at 12, 39
Added entity tree at 10, 12
Added entity tree at 1, 29
Added entity cow at 38, 10
Added entity tree at 24, 3
Added entity cow at 37, 22
Added entity human at 15, 4
Removed entity cow from grid at 24, 4
Added entity wolf at 18, 25
Added entity wolf at 16, 16
Added entity wolf at 24, 37
Removed entity tree from grid at 25, 16
Added entity wolf at 36, 37
Added entity wolf at 21, 21
Added entity wolf at 21, 3
Added entity cow at 38, 23
Removed entity human from grid at 22, 5
Removed entity wolf from grid at 3, 42
Removed entity wolf from grid at 14, 4
Removed entity wolf from grid at 38, 37
Removed entity wolf from grid at 9, 2
Removed entity wolf from grid at 25, 23
Added entity wolf at 17, 15
Added entity wolf at 17, 19
Added entity wolf at 34, 45
Added entity tree at 13, 12
Added entity cow at 29, 2
Added entity cow at 35, 2
Removed entity wolf from grid at 40, 31
Added entity house at 4, 36
Removed entity wolf from grid at 3, 44
Added entity wolf at 46, 37
Added entity human at 16, 35
Added entity human at 46, 44
Removed entity human from grid at 46, 43
Added entity wolf at 4, 25
Added entity wolf at 37, 35
Added entity wolf at 17, 20
Added entity wolf at 36, 13
Removed entity wolf from grid at 22, 20
Removed entity human from grid at 46, 44
Added entity cow at 34, 1
Added entity cow at 39, 22
Added entity cow at 39, 11
Removed entity human from grid at 3, 37
Removed entity wolf from grid at 3, 44
Removed entity wolf from grid at 13, 16
Removed entity wolf from grid at 20, 46
Removed entity wolf from grid at 49, 16
Added entity human at 27, 12
Removed entity cow from grid at 28, 18
Removed entity cow from grid at 23, 7
Removed entity wolf from grid at 20, 21
Added entity wolf at 30, 28
Removed entity human from grid at 27, 12
Added entity cow at 40, 12
Added entity cow at 40, 21
Added entity cow at 33, 0
Added entity cow at 30, 1
Removed entity wolf from grid at 12, 15
Removed entity tree from grid at 24, 3
Added entity human at 47, 14
Removed entity human from grid at 10, 28
Removed entity wolf from grid at 15, 1
Removed entity wolf from grid at 16, 18
Removed entity tree from grid at 17, 2
Removed entity cow from grid at 39, 24
Removed entity human from grid at 4, 37
Removed entity human from grid at 15, 37
Added entity house at 28, 13
Added entity wolf at 11, 10
Added entity human at 11, 40
Added entity human at 42, 22
Removed entity wolf from grid at 20, 21
Removed entity human from grid at 47, 42
Added entity wolf at 17, 4
Added entity cow at 37, 18
Removed entity human from grid at 42, 22
Removed entity human from grid at 11, 40
Added entity tree at 46, 13
Added entity cow at 41, 22
Added entity cow at 39, 13
Added entity tree at 16, 2
Added entity human at 14, 15
Removed entity human from grid at 27, 13
Removed entity tree from grid at 25, 3
Removed entity human from grid at 28, 14
Added entity human at 42, 22
Removed entity human from grid at 45, 47
Added entity human at 29, 28
Added entity wolf at 10, 47
Removed entity human from grid at 23, 8
Added entity berry at 40, 44
Added entity wolf at 33, 40
Added entity wolf at 21, 25
Removed entity human from grid at 29, 28
Added entity tree at 42, 21
Added entity human at 15, 14
Added entity human at 18, 4
Added entity human at 3, 33
Removed entity cow from grid at 39, 23
Removed entity cow from grid at 29, 15
Removed entity tree from grid at 35, 10
Added entity wolf at 33, 47
Added entity wolf at 3, 18
Added entity house at 46, 41
Added entity human at 16, 27
Added entity human at 29, 13
Added entity wolf at 19, 41
Removed entity human from grid at 46, 40
Removed entity wolf from grid at 19, 41
Added entity wolf at 17, 6
Removed entity human from grid at 16, 27
Added entity cow at 40, 23
Removed entity wolf from grid at 49, 17
Removed entity wolf from grid at 17, 17
Removed entity wolf from grid at 49, 15
Removed entity wolf from grid at 15, 4
Added entity human at 21, 10
Removed entity human from grid at 40, 12
Added entity human at 40, 22
Added entity wolf at 34, 49
Removed entity human from grid at 45, 40
Added entity wolf at 5, 16
Added entity wolf at 2, 44
Removed entity wolf from grid at 39, 41
Added entity human at 8, 33
Added entity wolf at 11, 27
Added entity wolf at 44, 14
Added entity wolf at 27, 34
Added entity cow at 39, 24
Removed entity wolf from grid at 15, 5
Removed entity wolf from grid at 45, 13
Removed entity wolf from grid at 3, 21
Removed entity wolf from grid at 22, 47
Removed entity wolf from grid at 20, 23
Removed entity human from grid at 37, 15
Added entity human at 12, 26
Added entity wolf at 9, 47
Added entity wolf at 20, 47
Removed entity wolf from grid at 40, 43
Added entity wolf at 19, 21
Removed entity human from grid at 14, 24
Removed entity wolf from grid at 12, 25
Added entity cow at 40, 25
Removed entity human from grid at 40, 22
Removed entity human from grid at 30, 13
Added entity tree at 1, 34
Added entity cow at 40, 12
Removed entity wolf from grid at 36, 16
Removed entity tree from grid at 46, 13
Removed entity cow from grid at 45, 9
Added entity house at 35, 8
Added entity human at 48, 18
Added entity human at 39, 21
Added entity wolf at 18, 23
Added entity wolf at 46, 2
Added entity wolf at 3, 42
Removed entity wolf from grid at 22, 42
Added entity wolf at 18, 21
Removed entity wolf from grid at 20, 20
Added entity tree at 40, 22
Added entity cow at 41, 11
Added entity cow at 41, 24
Added entity human at 1, 36
Removed entity tree from grid at 18, 7
Removed entity human from grid at 44, 19
Added entity cow at 38, 17
Added entity human at 47, 18
Removed entity tree from grid at 42, 24
Removed entity wolf from grid at 19, 20
Removed entity tree from grid at 43, 29
Added entity human at 44, 24
Removed entity cow from grid at 28, 19
Added entity wolf at 35, 47
Added entity house at 33, 13
Added entity human at 34, 26
Added entity human at 41, 15
Removed entity wolf from grid at 49, 20
Added entity wolf at 40, 40
Added entity tree at 41, 14
Added entity tree at 34, 25
Added entity tree at 44, 23
Added entity cow at 37, 16
Added entity human at 19, 9
Removed entity tree from grid at 27, 17
Removed entity cow from grid at 22, 1
Added entity human at 39, 23
Added entity human at 47, 47
Added entity house at 45, 21
Added entity wolf at 17, 15
Added entity wolf at 0, 44
Added entity wolf at 37, 44
Added entity wolf at 45, 24
Added entity wolf at 21, 25
Removed entity wolf from grid at 0, 41
Removed entity human from grid at 44, 24
Added entity cow at 42, 12
Added entity cow at 29, 2
Removed entity wolf from grid at 44, 34
Removed entity wolf from grid at 22, 48
Removed entity cow from grid at 41, 3
Added entity tree at 13, 30
Added entity human at 32, 26
Added entity human at 23, 10
Removed entity human from grid at 45, 20
Added entity wolf at 47, 5
Added entity human at 8, 32
Added entity wolf at 29, 22
Removed entity wolf from grid at 22, 24
Removed entity wolf from grid at 0, 41
Added entity cow at 36, 17
Added entity cow at 42, 25
Removed entity human from grid at 23, 12
Removed entity wolf from grid at 18, 21
Removed entity wolf from grid at 24, 49
Removed entity cow from grid at 29, 19
Added entity human at 23, 8
Removed entity wolf from grid at 7, 16
Removed entity wolf from grid at 22, 34
Added entity human at 31, 12
Removed entity cow from grid at 23, 5
Added entity wolf at 18, 19
Removed entity human from grid at 45, 48
Added entity wolf at 31, 16
Added entity cow at 28, 3
Added entity human at 46, 46
Removed entity cow from grid at 40, 20
Removed entity cow from grid at 31, 9
Removed entity cow from grid at 40, 12
Removed entity cow from grid at 30, 19
Removed entity cow from grid at 33, 7
Removed entity cow from grid at 38, 6
Removed entity cow from grid at 44, 13
Added entity wolf at 34, 49
Added entity human at 26, 31
Removed entity cow from grid at 34, 8
Removed entity human from grid at 46, 21
Removed entity human from grid at 24, 12
Added entity wolf at 32, 40
Removed entity wolf from grid at 1, 42
Added entity cow at 41, 26
Added entity cow at 35, 16
Removed entity human from grid at 21, 9
Added entity human at 35, 25
Removed entity tree from grid at 40, 22
Removed entity tree from grid at 19, 22
Removed entity cow from grid at 19, 0
Removed entity tree from grid at 41, 14
Removed entity tree from grid at 28, 20
Removed entity wolf from grid at 38, 41
Removed entity wolf from grid at 43, 2
Removed entity wolf from grid at 49, 27
Removed entity wolf from grid at 29, 18
Added entity wolf at 47, 11
Added entity wolf at 21, 21
Added entity tree at 34, 24
Added entity cow at 34, 15
Added entity tree at 5, 32
Added entity tree at 23, 9
Added entity tree at 32, 26
Added entity human at 49, 20
Added entity human at 48, 20
Removed entity tree from grid at 17, 0
Added entity house at 45, 18
Removed entity wolf from grid at 23, 48
Removed entity human from grid at 43, 15
Added entity wolf at 9, 49
Added entity wolf at 3, 18
Added entity human at 7, 38
Added entity wolf at 17, 24
Added entity wolf at 3, 22
Added entity wolf at 30, 46
Removed entity wolf from grid at 19, 17
Removed entity wolf from grid at 25, 21
Removed entity wolf from grid at 20, 21
Removed entity wolf from grid at 18, 17
Removed entity wolf from grid at 0, 44
Added entity tree at 47, 19
Added entity human at 48, 19
Added entity cow at 35, 14
Added entity human at 34, 26
Removed entity tree from grid at 27, 14
Removed entity tree from grid at 23, 9
Added entity cow at 42, 13
Removed entity cow from grid at 36, 25
Added entity house at 23, 13
Removed entity human from grid at 45, 19
Added entity house at 28, 25
Added entity house at 9, 1
Added entity wolf at 49, 14
Removed entity human from grid at 10, 0
Added entity wolf at 31, 17
Added entity wolf at 17, 46
Added entity wolf at 3, 29
Removed entity cow from grid at 43, 25
Removed entity wolf from grid at 0, 44
Added entity cow at 41, 14
Added entity tree at 33, 26
Removed entity human from grid at 6, 38
Added entity tree at 48, 19
Removed entity cow from grid at 36, 24
Added entity cow at 27, 4
Removed entity human from grid at 6, 33
Removed entity tree from grid at 34, 25
Removed entity wolf from grid at 16, 22
Removed entity human from grid at 8, 32
Removed entity cow from grid at 24, 12
Added entity human at 17, 21
Removed entity cow from grid at 43, 22
Removed entity human from grid at 23, 14
Removed entity human from grid at 28, 24
Removed entity tree from grid at 16, 2
Added entity house at 28, 8
Removed entity wolf from grid at 38, 44
Added entity human at 10, 30
Added entity wolf at 34, 33
Removed entity human from grid at 10, 1
Added entity human at 10, 29
Added entity wolf at 47, 5
Added entity wolf at 46, 11
Added entity wolf at 22, 49
Removed entity human from grid at 32, 27
Removed entity wolf from grid at 28, 20
Added entity human at 12, 29
Removed entity wolf from grid at 12, 3
Added entity wolf at 23, 21
Removed entity human from grid at 10, 29
Removed entity human from grid at 10, 30
Added entity cow at 26, 5
Removed entity human from grid at 35, 28
Removed entity wolf from grid at 1, 44
Added entity cow at 34, 1
Removed entity human from grid at 23, 14
Removed entity wolf from grid at 35, 44
Added entity wolf at 5, 16
Removed entity wolf from grid at 47, 1
Added entity human at 10, 35
Added entity wolf at 31, 38
Added entity wolf at 21, 11
Added entity cow at 35, 2
Removed entity human from grid at 46, 18
Added entity cow at 42, 26
Removed entity wolf from grid at 3, 43
Removed entity wolf from grid at 22, 13
Removed entity human from grid at 34, 25
Removed entity cow from grid at 26, 6
Added entity wolf at 20, 42
Added entity human at 8, 32
Added entity human at 10, 38
Added entity wolf at 36, 7
Added entity wolf at 36, 30
Added entity cow at 25, 4
Added entity cow at 34, 15
Removed entity wolf from grid at 37, 42
Removed entity wolf from grid at 3, 45
Removed entity wolf from grid at 36, 33
Removed entity wolf from grid at 49, 32
Removed entity wolf from grid at 5, 17
Added entity wolf at 34, 48
Added entity human at 44, 12
Removed entity human from grid at 27, 25
Added entity wolf at 7, 17
Added entity human at 7, 36
Removed entity cow from grid at 40, 26
Added entity wolf at 42, 34
Added entity wolf at 39, 31
Added entity wolf at 28, 40
Added entity wolf at 31, 38
Added entity wolf at 44, 33
Added entity wolf at 30, 16
Added entity wolf at 5, 40
Added entity wolf at 36, 15
Removed entity human from grid at 7, 36
Removed entity human from grid at 44, 12
Added entity cow at 33, 16
Added entity cow at 24, 5
Removed entity wolf from grid at 1, 45
Removed entity wolf from grid at 3, 43
Added entity berry at 41, 25
Removed entity wolf from grid at 23, 20
Removed entity human from grid at 28, 7
Removed entity wolf from grid at 37, 47
Removed entity human from grid at 28, 33
Added entity human at 25, 10
Added entity wolf at 29, 45
Added entity wolf at 21, 9
Added entity wolf at 18, 6
Added entity wolf at 11, 10
Added entity wolf at 32, 15
Removed entity human from grid at 7, 32
Added entity cow at 43, 26
Removed entity wolf from grid at 48, 14
Removed entity wolf from grid at 1, 45
Removed entity human from grid at 27, 8
Added entity human at 31, 12
Added entity wolf at 32, 48
Added entity human at 27, 28
Added entity wolf at 44, 4
Added entity human at 11, 38
Removed entity wolf from grid at 47, 4
Added entity wolf at 18, 17
Added entity wolf at 36, 29
Added entity wolf at 18, 6
Removed entity wolf from grid at 43, 31
Added entity cow at 44, 25
Added entity cow at 36, 3
Removed entity wolf from grid at 49, 13
Removed entity wolf from grid at 36, 48
Removed entity berry from grid at 41, 25
Removed entity human from grid at 21, 8
Removed entity wolf from grid at 45, 5
Removed entity wolf from grid at 34, 48
Added entity wolf at 40, 29
Added entity wolf at 3, 24
Added entity wolf at 44, 2
Removed entity wolf from grid at 40, 29
Added entity wolf at 35, 4
Removed entity wolf from grid at 43, 32
Added entity cow at 35, 4
Added entity cow at 45, 26
Removed entity human from grid at 33, 14
Added entity cow at 40, 12
Removed entity wolf from grid at 37, 29
Removed entity wolf from grid at 35, 44
Removed entity wolf from grid at 43, 34
Removed entity human from grid at 34, 8
Added entity human at 39, 17
Added entity wolf at 4, 19
Removed entity wolf from grid at 28, 17
Removed entity human from grid at 36, 8
Added entity wolf at 11, 47
Added entity wolf at 15, 8
Added entity wolf at 27, 12
Added entity wolf at 13, 26
Added entity cow at 44, 27
Added entity cow at 23, 4
Removed entity wolf from grid at 43, 33
Removed entity wolf from grid at 1, 45
Removed entity human from grid at 41, 19
Removed entity wolf from grid at 17, 17
Removed entity cow from grid at 23, 8
Added entity human at 42, 22
Removed entity wolf from grid at 36, 7
Removed entity wolf from grid at 33, 47
Removed entity human from grid at 14, 27
Removed entity wolf from grid at 10, 9
Added entity human at 6, 40
Added entity wolf at 3, 43
Added entity wolf at 47, 4
Added entity wolf at 44, 14
Added entity wolf at 44, 33
Added entity wolf at 31, 22
Added entity wolf at 14, 40
Removed entity wolf from grid at 44, 33
Removed entity human from grid at 6, 40
Added entity cow at 22, 3
Added entity cow at 43, 26
Added entity cow at 36, 5
Removed entity human from grid at 30, 28
Added entity cow at 32, 15
Removed entity human from grid at 11, 30
Removed entity human from grid at 11, 40
Added entity human at 44, 17
Added entity human at 41, 20
Added entity wolf at 40, 8
Added entity wolf at 33, 37
Removed entity human from grid at 41, 20
Removed entity human from grid at 44, 17
Added entity cow at 37, 6
Added entity cow at 21, 4
Removed entity human from grid at 40, 20
Removed entity wolf from grid at 36, 17
Removed entity wolf from grid at 16, 43
Removed entity wolf from grid at 4, 46
Removed entity wolf from grid at 28, 21
Removed entity wolf from grid at 1, 45
Removed entity cow from grid at 23, 5
Removed entity wolf from grid at 48, 1
Removed entity wolf from grid at 32, 48
Added entity human at 44, 22
Added entity wolf at 24, 46
Removed entity wolf from grid at 13, 7
Added entity human at 10, 31
Added entity cow at 22, 5
Added entity cow at 36, 7
Added entity cow at 31, 16
Added entity cow at 42, 25
Removed entity wolf from grid at 15, 44
Removed entity cow from grid at 26, 8
Removed entity wolf from grid at 35, 37
Removed entity wolf from grid at 1, 45
Removed entity wolf from grid at 31, 13
Removed entity wolf from grid at 16, 6
Removed entity wolf from grid at 37, 7
Removed entity wolf from grid at 14, 7
Added entity human at 23, 10
Added entity wolf at 1, 38
Added entity wolf at 21, 18
Added entity tree at 10, 30
Removed entity cow from grid at 33, 22
Added entity tree at 30, 46
Removed entity cow from grid at 29, 12
Removed entity wolf from grid at 49, 8
Removed entity cow from grid at 44, 15
Removed entity wolf from grid at 1, 45
Removed entity cow from grid at 26, 16
Removed entity wolf from grid at 0, 47
Removed entity cow from grid at 27, 10
Removed entity cow from grid at 39, 7
Removed entity wolf from grid at 49, 1
Added entity human at 34, 19
Removed entity wolf from grid at 5, 13
Removed entity cow from grid at 44, 27
Added entity wolf at 34, 49
Added entity wolf at 23, 39
Added entity human at 16, 32
Added entity human at 16, 31
Removed entity cow from grid at 39, 23
Added entity wolf at 48, 4
Removed entity human from grid at 34, 19
Added entity cow at 41, 26
Added entity cow at 37, 8
Removed entity cow from grid at 42, 22
Removed entity wolf from grid at 3, 47
Removed entity tree from grid at 30, 46
Removed entity cow from grid at 27, 10
Removed entity cow from grid at 21, 3
Removed entity cow from grid at 39, 6
Removed entity cow from grid at 40, 28
Removed entity human from grid at 27, 12
Added entity human at 31, 11
Added entity wolf at 0, 42
Removed entity cow from grid at 31, 18
Added entity human at 32, 27
Removed entity wolf from grid at 48, 4
Removed entity wolf from grid at 15, 3
Added entity wolf at 17, 45
Added entity wolf at 10, 6
Added entity wolf at 23, 12
Removed entity human from grid at 31, 11
Added entity cow at 38, 9
Added entity tree at 7, 32
Added entity cow at 39, 13
Removed entity wolf from grid at 23, 11
Removed entity wolf from grid at 17, 21
Removed entity cow from grid at 34, 21
Added entity human at 32, 46
Removed entity human from grid at 31, 13
Removed entity cow from grid at 27, 10
Removed entity cow from grid at 22, 4
Removed entity cow from grid at 38, 8
Added entity tree at 19, 5
Removed entity wolf from grid at 34, 48
Added entity human at 8, 40
Added entity human at 10, 40
Added entity wolf at 34, 48
Removed entity cow from grid at 31, 16
Added entity wolf at 8, 47
Added entity wolf at 48, 7
Added entity human at 32, 36
Removed entity human from grid at 39, 23
Added entity human at 30, 29
Added entity wolf at 35, 35
Added entity wolf at 48, 5
Removed entity human from grid at 32, 36
Removed entity wolf from grid at 33, 46
Added entity cow at 39, 10
Removed entity cow from grid at 43, 20
Added entity berry at 26, 43
Removed entity cow from grid at 34, 21
Removed entity cow from grid at 32, 17
Removed entity cow from grid at 45, 9
Removed entity cow from grid at 27, 11
Removed entity cow from grid at 32, 1
Removed entity cow from grid at 21, 3
Removed entity cow from grid at 37, 8
Added entity berry at 34, 48
Removed entity wolf from grid at 35, 48
Removed entity cow from grid at 45, 26
Added entity wolf at 4, 19
Added entity wolf at 48, 2
Removed entity cow from grid at 33, 19
Removed entity cow from grid at 34, 19
Added entity wolf at 34, 37
Added entity wolf at 48, 4
Added entity wolf at 47, 18
Added entity cow at 38, 11
Added entity cow at 42, 26
Removed entity wolf from grid at 49, 11
Removed entity wolf from grid at 4, 10
Removed entity cow from grid at 42, 26
Added entity wolf at 37, 24
Added entity human at 14, 37
Removed entity wolf from grid at 48, 4
Added entity human at 44, 22
Added entity wolf at 47, 4
Added entity wolf at 44, 12
Removed entity naturereserve from grid at 38, 19
Removed entity human from grid at 44, 22
Added entity cow at 39, 12
Removed entity human from grid at 29, 28
Removed entity human from grid at 10, 41
Removed entity wolf from grid at 30, 44
Added entity cow at 38, 12
Removed entity wolf from grid at 48, 17
Removed entity wolf from grid at 0, 43
Removed entity wolf from grid at 0, 40
Added entity wolf at 44, 37
Removed entity human from grid at 9, 42
Added entity wolf at 10, 47
Added entity human at 34, 36
Added entity wolf at 38, 28
Added entity wolf at 38, 40
Added entity wolf at 44, 32
Added entity wolf at 3, 39
Added entity wolf at 21, 3
Added entity berry at 24, 16
Removed entity human from grid at 34, 36
Added entity cow at 37, 13
Removed entity wolf from grid at 36, 26
Removed entity human from grid at 32, 14
Removed entity wolf from grid at 1, 44
Removed entity wolf from grid at 49, 8
Removed entity wolf from grid at 46, 15
Removed entity human from grid at 14, 38
Removed entity wolf from grid at 43, 31
Removed entity cow from grid at 29, 10
Removed entity wolf from grid at 48, 1
Removed entity wolf from grid at 29, 43
Removed entity human from grid at 41, 24
Removed entity wolf from grid at 16, 8
Added entity human at 24, 5
Removed entity wolf from grid at 34, 16
Removed entity human from grid at 43, 24
Added entity wolf at 17, 22
Added entity wolf at 11, 47
Removed entity human from grid at 22, 10
Removed entity wolf from grid at 48, 5
Removed entity human from grid at 8, 32
Added entity wolf at 47, 24
Added entity wolf at 19, 17
Added entity wolf at 22, 3
Added entity wolf at 38, 0
Removed entity human from grid at 11, 27
Removed entity human from grid at 24, 5
Added entity cow at 40, 11
Removed entity cow from grid at 34, 25
Added entity human at 26, 7
Added entity human at 13, 19
Removed entity human from grid at 34, 17
Added entity human at 41, 8
Removed entity cow from grid at 32, 15
Removed entity wolf from grid at 41, 39
Added entity wolf at 6, 48
Added entity human at 9, 36
Added entity wolf at 35, 40
Added entity wolf at 28, 27
Removed entity wolf from grid at 19, 21
Removed entity human from grid at 41, 8
Added entity cow at 41, 12
Removed entity cow from grid at 27, 5
Removed entity wolf from grid at 2, 47
Removed entity wolf from grid at 36, 38
Removed entity wolf from grid at 1, 42
Removed entity wolf from grid at 35, 1
Added entity human at 6, 40
Added entity human at 34, 30
Added entity wolf at 15, 20
Added entity human at 25, 8
Added entity human at 12, 35
Removed entity wolf from grid at 15, 20
Added entity wolf at 12, 29
Added entity wolf at 42, 11
Removed entity wolf from grid at 19, 20
Removed entity wolf from grid at 39, 34
Removed entity human from grid at 12, 35
Removed entity human from grid at 6, 40
Added entity cow at 42, 13
Removed entity human from grid at 10, 36
Removed entity wolf from grid at 16, 41
Removed entity cow from grid at 37, 18
Removed entity wolf from grid at 38, 0
Added entity house at 26, 15
Removed entity wolf from grid at 41, 26
Added entity wolf at 33, 47
Added entity wolf at 5, 19
Removed entity cow from grid at 40, 24
Added entity human at 31, 11
Added entity wolf at 37, 35
Added entity wolf at 46, 31
Added entity wolf at 18, 19
Added entity wolf at 21, 1
Added entity wolf at 3, 41
Removed entity human from grid at 34, 30
Removed entity human from grid at 7, 37
Removed entity wolf from grid at 32, 48
Removed entity human from grid at 14, 27
Removed entity wolf from grid at 0, 47
Removed entity wolf from grid at 35, 40
Removed entity wolf from grid at 2, 42
Removed entity wolf from grid at 19, 1
Removed entity cow from grid at 23, 2
Removed entity human from grid at 12, 34
Added entity wolf at 24, 48
Added entity human at 16, 30
Removed entity wolf from grid at 17, 0
Added entity wolf at 32, 36
Added entity wolf at 17, 21
Removed entity wolf from grid at 19, 20
Removed entity wolf from grid at 6, 18
Removed entity wolf from grid at 40, 35
Removed entity human from grid at 16, 30
Removed entity cow from grid at 32, 13
Added entity cow at 36, 12
Removed entity tree from grid at 34, 24
Removed entity tree from grid at 44, 29
Removed entity wolf from grid at 19, 2
Removed entity wolf from grid at 48, 0
Added entity human at 23, 10
Removed entity tree from grid at 28, 23
Added entity wolf at 48, 16
Added entity wolf at 3, 44
Added entity house at 36, 25
Added entity human at 12, 32
Added entity tree at 11, 32
Added entity tree at 23, 9
Added entity cow at 43, 14
Added entity human at 23, 1
Added entity human at 44, 10
Removed entity wolf from grid at 41, 11
Added entity house at 36, 30
Removed entity tree from grid at 31, 10
Removed entity wolf from grid at 5, 17
Added entity wolf at 46, 38
Added entity human at 28, 33
Removed entity wolf from grid at 26, 24
Added entity human at 33, 30
Added entity wolf at 34, 5
Added entity wolf at 10, 6
Added entity wolf at 27, 11
Added entity wolf at 32, 14
Removed entity human from grid at 28, 33
Added entity tree at 22, 0
Added entity cow at 44, 15
Added entity cow at 35, 11
Removed entity human from grid at 32, 12
Added entity human at 20, 20
Removed entity human from grid at 22, 5
Removed entity cow from grid at 41, 11
Removed entity human from grid at 29, 10
Removed entity wolf from grid at 48, 29
Removed entity human from grid at 27, 15
Added entity house at 31, 15
Removed entity wolf from grid at 35, 4
Removed entity tree from grid at 19, 4
Removed entity human from grid at 26, 16
Removed entity human from grid at 31, 16
Added entity house at 22, 13
Added entity human at 20, 3
Added entity wolf at 16, 20
Removed entity tree from grid at 33, 24
Added entity berry at 34, 44
Added entity human at 39, 15
Added entity wolf at 31, 38
Added entity wolf at 46, 33
Removed entity human from grid at 39, 15
Added entity tree at 20, 2
Added entity cow at 36, 10
Added entity cow at 43, 16
Added entity tree at 23, 0
Removed entity cow from grid at 24, 3
Removed entity tree from grid at 38, 31
Removed entity cow from grid at 43, 9
Removed entity cow from grid at 43, 0
Removed entity human from grid at 30, 16
Added entity house at 35, 30
Removed entity cow from grid at 34, 3
Added entity human at 34, 32
Added entity wolf at 44, 4
Removed entity human from grid at 24, 8
Removed entity cow from grid at 47, 7
Added entity wolf at 47, 16
Added entity tree at 34, 31
Removed entity wolf from grid at 19, 21
Removed entity tree from grid at 47, 19
Removed entity wolf from grid at 21, 43
Added entity house at 24, 4
Removed entity cow from grid at 49, 26
Removed entity wolf from grid at 27, 11
Removed entity tree from grid at 28, 12
Added entity human at 32, 27
Added entity human at 29, 33
Added entity human at 23, 10
Added entity wolf at 47, 6
Added entity human at 9, 28
Removed entity wolf from grid at 47, 6
Added entity human at 39, 14
Removed entity wolf from grid at 5, 18
Added entity tree at 38, 15
Removed entity human from grid at 9, 28
Removed entity human from grid at 29, 33
Added entity tree at 31, 27
Removed entity tree from grid at 22, 0
Added entity human at 21, 19
Removed entity tree from grid at 23, 0
Removed entity wolf from grid at 21, 43
Removed entity wolf from grid at 49, 28
Removed entity human from grid at 46, 14
Removed entity wolf from grid at 46, 2
Added entity house at 29, 29
Removed entity tree from grid at 34, 31
Removed entity human from grid at 22, 14
Added entity human at 14, 28
Added entity wolf at 14, 44
Removed entity tree from grid at 40, 14
Removed entity human from grid at 25, 10
Removed entity tree from grid at 32, 26
Added entity tree at 34, 32
Added entity cow at 44, 16
Added entity tree at 21, 0
Added entity tree at 21, 17
Added entity human at 24, 1
Removed entity wolf from grid at 3, 48
Removed entity cow from grid at 44, 9
Removed entity tree from grid at 38, 15
Removed entity wolf from grid at 48, 30
Removed entity human from grid at 22, 14
Added entity wolf at 24, 49
Added entity wolf at 9, 10
Added entity wolf at 2, 47
Added entity wolf at 42, 8
Added entity wolf at 2, 41
Added entity wolf at 1, 39
Added entity wolf at 47, 20
Added entity tree at 24, 0
Removed entity human from grid at 39, 14
Added entity tree at 32, 26
Added entity tree at 35, 32
Added entity cow at 35, 11
Removed entity human from grid at 37, 22
Removed entity tree from grid at 47, 27
Removed entity human from grid at 35, 25
Added entity house at 36, 15
Added entity house at 28, 15
Added entity human at 14, 24
Added entity human at 31, 33
Added entity human at 8, 38
Added entity human at 10, 34
Added entity human at 14, 35
Added entity human at 12, 34
Removed entity cow from grid at 27, 8
Added entity wolf at 4, 32
Removed entity human from grid at 14, 35
Removed entity human from grid at 10, 34
Removed entity human from grid at 14, 24
Added entity tree at 25, 0
Added entity cow at 45, 17
Added entity human at 22, 20
Removed entity cow from grid at 25, 1
Removed entity wolf from grid at 17, 44
Removed entity human from grid at 29, 28
Removed entity wolf from grid at 2, 41
Removed entity tree from grid at 32, 10
Removed entity human from grid at 28, 16
Removed entity wolf from grid at 15, 7
Removed entity cow from grid at 44, 6
Added entity human at 18, 29
Added entity wolf at 49, 15
Added entity human at 34, 28
Added entity human at 32, 27
Removed entity human from grid at 34, 26
Removed entity wolf from grid at 47, 10
Added entity wolf at 29, 10
Added entity tree at 34, 27
Added entity human at 21, 21
Removed entity human from grid at 12, 34
Removed entity human from grid at 30, 33
Removed entity tree from grid at 24, 0
Removed entity wolf from grid at 31, 45
Removed entity wolf from grid at 49, 18
Removed entity cow from grid at 27, 7
Removed entity tree from grid at 29, 1
Removed entity wolf from grid at 41, 6
Removed entity human from grid at 29, 15
Added entity wolf at 46, 2
Added entity human at 14, 35
Removed entity human from grid at 16, 36
Added entity human at 8, 33
Added entity wolf at 48, 4
Added entity tree at 20, 20
Removed entity human from grid at 30, 25
Added entity tree at 35, 28
Added entity cow at 46, 18
Removed entity human from grid at 9, 36
Added entity human at 25, 4
Added entity human at 40, 9
Removed entity tree from grid at 25, 0
Removed entity wolf from grid at 17, 45
Added entity house at 44, 25
Removed entity cow from grid at 40, 4
Removed entity wolf from grid at 31, 10
Removed entity wolf from grid at 2, 21
Added entity human at 25, 9
Added entity wolf at 11, 7
Added entity wolf at 2, 41
Removed entity human from grid at 17, 27
Removed entity wolf from grid at 2, 17
Removed entity cow from grid at 38, 25
Added entity tree at 24, 8
Added entity human at 24, 5
Removed entity tree from grid at 34, 29
Added entity human at 23, 0
Removed entity cow from grid at 40, 8
Removed entity wolf from grid at 48, 16
Removed entity tree from grid at 44, 23
Removed entity cow from grid at 42, 23
Added entity house at 28, 10
Removed entity wolf from grid at 14, 9
Removed entity cow from grid at 30, 15
Removed entity wolf from grid at 2, 21
Removed entity wolf from grid at 4, 45
Added entity wolf at 32, 33
Added entity wolf at 47, 4
Added entity wolf at 45, 7
Added entity wolf at 5, 49
Added entity human at 14, 37
Added entity human at 24, 14
Added entity wolf at 13, 7
Added entity wolf at 30, 8
Removed entity human from grid at 24, 14
Added entity tree at 22, 0
Removed entity human from grid at 24, 5
Added entity tree at 25, 8
Removed entity human from grid at 25, 4
Removed entity human from grid at 10, 29
Added entity human at 19, 22
Removed entity human from grid at 34, 28
Added entity cow at 34, 12
Removed entity cow from grid at 41, 25
Removed entity human from grid at 34, 30
Removed entity wolf from grid at 17, 9
Removed entity wolf from grid at 16, 19
Removed entity wolf from grid at 4, 45
Added entity cow at 40, 43
Added entity human at 42, 12
Removed entity cow from grid at 27, 0
Removed entity human from grid at 35, 29
Added entity wolf at 27, 11
Removed entity human from grid at 42, 12
Added entity cow at 33, 11
Added entity human at 18, 23
Removed entity tree from grid at 22, 0
Removed entity tree from grid at 25, 8
Added entity human at 41, 26
Removed entity cow from grid at 47, 17
Added entity human at 42, 26
Added entity human at 48, 42
Removed entity human from grid at 36, 29
Removed entity cow from grid at 27, 4
Removed entity human from grid at 46, 43
Added entity wolf at 21, 16
Added entity wolf at 42, 13
Added entity wolf at 47, 20
Added entity wolf at 29, 10
Added entity tree at 43, 25
Added entity tree at 40, 25
Added entity human at 22, 1
Added entity cow at 47, 19
Removed entity cow from grid at 28, 3
Removed entity wolf from grid at 29, 18
Removed entity human from grid at 36, 31
Removed entity wolf from grid at 17, 10
Removed entity wolf from grid at 28, 44
Removed entity wolf from grid at 1, 26
Removed entity human from grid at 27, 10
Removed entity tree from grid at 19, 5
Added entity house at 45, 23
Added entity house at 44, 14
Removed entity wolf from grid at 29, 13
Removed entity wolf from grid at 49, 18
Removed entity wolf from grid at 5, 48
Removed entity cow from grid at 40, 42
Added entity wolf at 40, 29
Added entity wolf at 7, 48
Added entity wolf at 46, 3
Added entity human at 16, 37
Added entity human at 37, 21
Added entity human at 44, 20
Added entity wolf at 46, 26
Added entity wolf at 45, 31
Added entity wolf at 44, 34
Added entity wolf at 37, 49
Added entity tree at 44, 19
Removed entity human from grid at 16, 37
Added entity cow at 46, 20
Removed entity tree from grid at 21, 0
Removed entity wolf from grid at 27, 10
Removed entity human from grid at 40, 12
Removed entity cow from grid at 28, 7
Removed entity cow from grid at 30, 18
Removed entity cow from grid at 47, 19
Added entity house at 20, 6
Removed entity human from grid at 44, 15
Removed entity wolf from grid at 45, 2
Removed entity human from grid at 44, 13
Added entity human at 48, 42
Removed entity wolf from grid at 5, 48
Added entity berry at 40, 37
Removed entity cow from grid at 25, 8
Added entity wolf at 40, 8
Added entity wolf at 39, 27
Added entity wolf at 13, 40
Removed entity human from grid at 48, 42
Added entity cow at 47, 19
Added entity tree at 43, 20
Removed entity human from grid at 44, 24
Added entity cow at 32, 10
Removed entity wolf from grid at 38, 43
Removed entity human from grid at 46, 23
Removed entity tree from grid at 28, 22
Removed entity cow from grid at 47, 19
Added entity human at 47, 47
Added entity wolf at 5, 18
Removed entity cow from grid at 26, 27
Added entity human at 27, 28
Removed entity tree from grid at 43, 43
Added entity wolf at 47, 11
Added entity human at 12, 29
Added entity human at 12, 38
Added entity wolf at 34, 41
Added entity wolf at 1, 38
Added entity wolf at 1, 42
Removed entity wolf from grid at 3, 20
Removed entity human from grid at 12, 38
Removed entity human from grid at 27, 28
Removed entity human from grid at 37, 19
Removed entity human from grid at 44, 24
Removed entity wolf from grid at 19, 21
Removed entity wolf from grid at 22, 40
Removed entity wolf from grid at 12, 41
Added entity human at 45, 42
Removed entity wolf from grid at 30, 1
Removed entity human from grid at 10, 28
Removed entity cow from grid at 28, 4
Added entity wolf at 2, 24
Added entity human at 36, 28
Added entity human at 26, 14
Removed entity wolf from grid at 40, 14
Added entity human at 44, 22
Removed entity human from grid at 10, 33
Added entity tree at 4, 29
Removed entity human from grid at 44, 22
Added entity tree at 26, 13
Removed entity human from grid at 36, 28
Removed entity human from grid at 45, 42
Removed entity tree from grid at 20, 22
Removed entity cow from grid at 26, 4
Added entity house at 30, 24
Removed entity tree from grid at 20, 2
Added entity human at 5, 35
Removed entity cow from grid at 29, 1
Added entity wolf at 8, 47
Removed entity cow from grid at 40, 14
Added entity human at 28, 6
Removed entity cow from grid at 30, 8
Added entity wolf at 37, 37
Added entity wolf at 27, 11
Removed entity human from grid at 5, 35
Removed entity wolf from grid at 23, 40
Removed entity wolf from grid at 39, 29
Added entity human at 5, 35
Removed entity wolf from grid at 49, 12
Removed entity wolf from grid at 27, 12
Added entity cow at 38, 45
Added entity human at 14, 26
Added entity wolf at 7, 17
Added entity wolf at 48, 5
Added entity wolf at 1, 48
Removed entity human from grid at 4, 35
Added entity wolf at 25, 14
Added entity wolf at 28, 42
Added entity wolf at 27, 12
Removed entity wolf from grid at 2, 19
Removed entity wolf from grid at 7, 48
Removed entity wolf from grid at 40, 28
Removed entity human from grid at 27, 10
Removed entity wolf from grid at 27, 14
Added entity wolf at 23, 22
Added entity wolf at 29, 12
Removed entity wolf from grid at 5, 35
Removed entity wolf from grid at 23, 18
Removed entity wolf from grid at 28, 12
Removed entity human from grid at 35, 15
Removed entity wolf from grid at 30, 16
Removed entity wolf from grid at 0, 21
Removed entity wolf from grid at 7, 48
Removed entity wolf from grid at 35, 42
Added entity human at 42, 22
Removed entity wolf from grid at 40, 1
Added entity wolf at 9, 49
Added entity wolf at 3, 48
Added entity human at 9, 38
Added entity tree at 10, 37
Added entity tree at 43, 22
Removed entity tree from grid at 26, 13
Removed entity human from grid at 11, 40
Removed entity wolf from grid at 26, 41
Added entity house at 27, 6
Added entity human at 1, 19
Removed entity human from grid at 13, 24
Removed entity cow from grid at 34, 21
Removed entity cow from grid at 39, 2
Removed entity human from grid at 15, 13
Removed entity human from grid at 33, 21
New Faction LIME_766 registered with traits: {
  moveSpeed: [33m0.9805258053078904[39m,
  hungerRate: [33m0.989039822178712[39m,
  visionRadius: [33m1.0333683189339489[39m,
  aggression: [33m1.0554276017226036[39m
}
Societal Split! RED -> LIME_766 (Threshold: 6)
Removed entity cow from grid at 32, 7
Added entity house at 31, 8
Added entity wolf at 45, 25
Added entity wolf at 38, 37
Added entity wolf at 29, 16
Added entity wolf at 46, 20
Added entity tree at 1, 18
Added entity house at 39, 22
Removed entity human from grid at 27, 8
Added entity human at 19, 22
Added entity house at 26, 5
Removed entity wolf from grid at 26, 41
Removed entity human from grid at 29, 23
Added entity human at 46, 22
Removed entity cow from grid at 29, 7
Added entity human at 21, 10
Removed entity tree from grid at 28, 30
Added entity wolf at 47, 12
Added entity wolf at 46, 7
Added entity wolf at 37, 24
Removed entity cow from grid at 38, 44
Added entity wolf at 46, 34
Removed entity human from grid at 46, 22
Removed entity human from grid at 40, 22
Removed entity cow from grid at 32, 14
Removed entity wolf from grid at 6, 48
Removed entity wolf from grid at 47, 11
Added entity human at 47, 47
Removed entity human from grid at 45, 47
Added entity human at 25, 12
Added entity wolf at 10, 47
Added entity wolf at 18, 43
Added entity wolf at 32, 17
Added entity wolf at 13, 1
Added entity wolf at 46, 32
Removed entity naturereserve from grid at 12, 27
Removed entity naturereserve from grid at 31, 14
Removed entity naturereserve from grid at 28, 11
Removed entity human from grid at 41, 24
Removed entity human from grid at 25, 12
Removed entity human from grid at 39, 21
Removed entity human from grid at 30, 23
Removed entity wolf from grid at 1, 40
Removed entity wolf from grid at 48, 18
Removed entity wolf from grid at 7, 48
Removed entity wolf from grid at 10, 17
Added entity human at 37, 15
Added entity wolf at 46, 38
Added entity human at 25, 12
Removed entity wolf from grid at 43, 39
Removed entity wolf from grid at 35, 44
Added entity wolf at 39, 31
Removed entity human from grid at 37, 15
Removed entity human from grid at 21, 10
Added entity tree at 16, 19
Added entity human at 27, 5
Added entity cow at 33, 9
Removed entity human from grid at 30, 7
Removed entity human from grid at 37, 26
Removed entity human from grid at 27, 7
Added entity human at 39, 15
Added entity wolf at 45, 38
Added entity wolf at 45, 5
Added entity wolf at 4, 45
Removed entity wolf from grid at 40, 34
Removed entity wolf from grid at 49, 8
Removed entity human from grid at 19, 6
Added entity wolf at 5, 25
Added entity wolf at 44, 31
Added entity wolf at 42, 12
Removed entity naturereserve from grid at 36, 14
Removed entity naturereserve from grid at 14, 39
Removed entity cow from grid at 28, 11
Added entity tree at 25, 9
Removed entity human from grid at 27, 12
Added entity human at 37, 24
Removed entity human from grid at 19, 5
Removed entity wolf from grid at 29, 20
Removed entity wolf from grid at 45, 4
Removed entity wolf from grid at 42, 36
Added entity wolf at 24, 40
Added entity wolf at 36, 45
Removed entity naturereserve from grid at 46, 19
Removed entity human from grid at 37, 24
Removed entity wolf from grid at 0, 43
Removed entity wolf from grid at 5, 49
Added entity human at 10, 0
Added entity human at 46, 20
Removed entity wolf from grid at 40, 26
Removed entity wolf from grid at 45, 4
Removed entity wolf from grid at 11, 14
Removed entity wolf from grid at 46, 2
Added entity human at 5, 36
Removed entity wolf from grid at 41, 36
Added entity human at 37, 19
Removed entity wolf from grid at 33, 45
Removed entity wolf from grid at 40, 36
Added entity human at 48, 44
Added entity human at 39, 14
Removed entity wolf from grid at 31, 21
Added entity human at 8, 33
Added entity wolf at 23, 17
Removed entity naturereserve from grid at 4, 41
Removed entity naturereserve from grid at 26, 12
Removed entity human from grid at 39, 14
Removed entity human from grid at 48, 44
Removed entity human from grid at 37, 19
Removed entity human from grid at 46, 20
Removed entity human from grid at 10, 0
Removed entity tree from grid at 15, 16
Removed entity cow from grid at 31, 6
Removed entity tree from grid at 24, 8
Removed entity wolf from grid at 41, 13
Removed entity cow from grid at 31, 9
Added entity human at 23, 8
Removed entity wolf from grid at 41, 36
Added entity human at 34, 28
Removed entity wolf from grid at 45, 4
Removed entity naturereserve from grid at 33, 20
Removed entity naturereserve from grid at 26, 1
Removed entity naturereserve from grid at 21, 12
Added entity tree at 22, 7
Added entity cow at 32, 8
Removed entity cow from grid at 29, 5
Added entity house at 30, 6
Removed entity wolf from grid at 43, 33
Removed entity cow from grid at 46, 8
Removed entity wolf from grid at 49, 23
Added entity human at 42, 22
Added entity human at 26, 6
Added entity wolf at 34, 31
Added entity wolf at 9, 17
Added entity wolf at 45, 3
Added entity wolf at 16, 22
Added entity human at 36, 28
Removed entity naturereserve from grid at 7, 25
Removed entity naturereserve from grid at 37, 33
Removed entity naturereserve from grid at 36, 41
Removed entity naturereserve from grid at 29, 9
Removed entity naturereserve from grid at 41, 41
Added entity tree at 33, 46
Removed entity human from grid at 36, 28
Removed entity human from grid at 5, 38
Removed entity human from grid at 26, 6
Removed entity human from grid at 7, 42
Removed entity wolf from grid at 1, 44
Removed entity wolf from grid at 28, 45
Removed entity wolf from grid at 1, 45
Removed entity tree from grid at 42, 17
Added entity human at 10, 29
Added entity wolf at 47, 11
Removed entity wolf from grid at 45, 3
Removed entity tree from grid at 34, 10
Added entity wolf at 13, 0
Removed entity naturereserve from grid at 24, 13
Removed entity naturereserve from grid at 31, 25
Removed entity naturereserve from grid at 16, 33
Removed entity wolf from grid at 8, 16
Added entity tree at 9, 28
Added entity house at 39, 23
Added entity berry at 48, 46
Added entity human at 26, 16
Added entity house at 47, 20
Added entity human at 27, 24
Added entity house at 19, 10
Added entity human at 27, 12
Removed entity cow from grid at 45, 6
Removed entity human from grid at 48, 21
Added entity human at 23, 10
Removed entity wolf from grid at 21, 40
Added entity wolf at 16, 22
Added entity human at 16, 30
Added entity human at 9, 36
Removed entity tree from grid at 10, 37
Removed entity tree from grid at 40, 25
Removed entity cow from grid at 28, 6
Removed entity tree from grid at 1, 24
Removed entity cow from grid at 31, 10
Removed entity tree from grid at 48, 19
Removed entity cow from grid at 38, 21
Removed entity wolf from grid at 49, 11
Added entity human at 28, 9
Added entity human at 26, 31
Added entity wolf at 3, 18
Added entity wolf at 48, 5
Added entity human at 44, 17
Added entity human at 10, 32
Added entity house at 36, 13
Added entity wolf at 48, 2
Added entity wolf at 11, 12
Added entity wolf at 39, 49
Added entity tree at 9, 31
Added entity tree at 44, 16
Removed entity human from grid at 26, 31
Added entity tree at 27, 8
Added entity tree at 8, 35
Added entity cow at 31, 9
Removed entity wolf from grid at 2, 24
Removed entity tree from grid at 25, 9
Removed entity human from grid at 45, 48
Removed entity tree from grid at 27, 8
Added entity house at 20, 8
Removed entity cow from grid at 33, 17
Added entity human at 22, 5
Removed entity wolf from grid at 47, 2
Added entity wolf at 13, 7
Removed entity naturereserve from grid at 4, 47
Removed entity naturereserve from grid at 37, 0
Added entity tree at 21, 4
Added entity tree at 10, 31
Removed entity wolf from grid at 0, 47
Removed entity human from grid at 18, 10
Removed entity wolf from grid at 33, 44
Removed entity human from grid at 18, 11
Removed entity tree from grid at 22, 7
Removed entity cow from grid at 31, 7
Added entity wolf at 1, 45
Added entity wolf at 22, 30
Removed entity cow from grid at 46, 1
Removed entity cow from grid at 32, 20
Added entity human at 39, 17
Added entity wolf at 34, 5
Removed entity naturereserve from grid at 5, 46
Removed entity naturereserve from grid at 43, 12
Removed entity naturereserve from grid at 21, 2
Removed entity naturereserve from grid at 38, 49
Removed entity human from grid at 27, 25
Removed entity human from grid at 39, 24
Removed entity human from grid at 16, 29
Removed entity wolf from grid at 23, 40
Removed entity wolf from grid at 3, 47
Removed entity human from grid at 31, 6
Added entity cow at 33, 20
Cow Endangered Reproduction!
Added entity wolf at 7, 17
Added entity human at 8, 38
Added entity cow at 35, 0
Cow Endangered Reproduction!
Added entity cow at 28, 2
Cow Endangered Reproduction!
Added entity human at 39, 18
Added entity tree at 40, 18
Added entity wolf at 31, 17
Added entity wolf at 13, 7
Removed entity naturereserve from grid at 17, 7
Removed entity naturereserve from grid at 30, 17
Removed entity naturereserve from grid at 47, 8
Removed entity naturereserve from grid at 4, 30
Removed entity naturereserve from grid at 30, 36
Removed entity naturereserve from grid at 20, 18
Added entity cow at 27, 3
Removed entity tree from grid at 40, 18
Removed entity human from grid at 30, 7
Removed entity human from grid at 31, 25
Removed entity human from grid at 30, 8
Removed entity wolf from grid at 47, 5
Added entity human at 34, 7
Removed entity tree from grid at 44, 16
Added entity human at 14, 26
Added entity human at 41, 15
Added entity human at 8, 38
Added entity human at 11, 40
Added entity human at 46, 46
Added entity human at 12, 32
Added entity wolf at 37, 28
Added entity wolf at 38, 36
Removed entity naturereserve from grid at 27, 41
Removed entity naturereserve from grid at 2, 40
Removed entity human from grid at 46, 46
Removed entity human from grid at 11, 40
Added entity tree at 40, 14
Removed entity human from grid at 34, 7
Added entity tree at 38, 17
Added entity human at 40, 20
Removed entity human from grid at 22, 5
Removed entity human from grid at 24, 12
Removed entity wolf from grid at 47, 5
Removed entity wolf from grid at 11, 14
Removed entity human from grid at 23, 8
Added entity human at 35, 22
Added entity tree at 42, 48
Removed entity naturereserve from grid at 2, 20
Removed entity naturereserve from grid at 22, 21
Removed entity naturereserve from grid at 45, 33
Removed entity naturereserve from grid at 27, 35
Removed entity naturereserve from grid at 1, 41
Removed entity naturereserve from grid at 35, 45
Removed entity naturereserve from grid at 14, 8
Removed entity naturereserve from grid at 18, 20
Removed entity human from grid at 35, 22
Removed entity human from grid at 6, 40
Removed entity tree from grid at 40, 14
Added entity cow at 28, 4
Removed entity cow from grid at 41, 20
Removed entity tree from grid at 23, 9
Removed entity wolf from grid at 9, 18
Removed entity wolf from grid at 30, 20
Added entity house at 42, 25
Added entity human at 27, 26
Removed entity human from grid at 38, 19
Removed entity human from grid at 20, 15
Added entity human at 10, 28
Added entity tree at 9, 27
Removed entity human from grid at 27, 26
Added entity cow at 29, 5
Added entity cow at 35, 1
Added entity cow at 30, 8
Removed entity human from grid at 39, 24
Removed entity wolf from grid at 14, 17
Removed entity cow from grid at 31, 16
Removed entity human from grid at 42, 24
Removed entity cow from grid at 39, 18
Added entity wolf at 2, 22
Added entity wolf at 16, 16
Added entity human at 43, 17
Removed entity human from grid at 47, 49
Removed entity tree from grid at 38, 17
Added entity wolf at 29, 38
Removed entity naturereserve from grid at 4, 31
Removed entity naturereserve from grid at 12, 10
Removed entity naturereserve from grid at 30, 21
Added entity tree at 43, 16
Added entity cow at 31, 7
Added entity cow at 36, 0
Added entity cow at 28, 6
Removed entity human from grid at 39, 17
Removed entity tree from grid at 20, 20
Added entity human at 24, 12
Added entity house at 37, 18
Removed entity tree from grid at 43, 16
Removed entity human from grid at 30, 14
Added entity human at 44, 10
Added entity wolf at 33, 23
Added entity wolf at 18, 41
Removed entity wolf from grid at 40, 38
Added entity wolf at 2, 38
Removed entity naturereserve from grid at 10, 7
Removed entity naturereserve from grid at 21, 24
Added entity tree at 43, 9
Added entity tree at 23, 11
Removed entity human from grid at 41, 22
Removed entity wolf from grid at 34, 21
Removed entity cow from grid at 39, 16
Added entity house at 7, 31
Added entity house at 12, 23
Added entity human at 22, 20
Removed entity human from grid at 23, 14
Removed entity wolf from grid at 17, 43
Removed entity tree from grid at 43, 9
Added entity berry at 5, 42
Added entity human at 36, 19
Added entity wolf at 16, 47
Removed entity wolf from grid at 41, 34
Added entity wolf at 33, 23
Added entity wolf at 2, 24
Added entity wolf at 4, 31
Removed entity naturereserve from grid at 12, 11
Removed entity naturereserve from grid at 41, 17
Removed entity naturereserve from grid at 13, 32
Removed entity human from grid at 36, 19
Removed entity wolf from grid at 21, 21
Added entity tree at 44, 9
Removed entity human from grid at 24, 12
Added entity cow at 27, 5
Added entity cow at 32, 6
Removed entity tree from grid at 44, 19
Removed entity human from grid at 7, 30
Removed entity human from grid at 13, 23
Removed entity human from grid at 12, 22
Removed entity tree from grid at 21, 4
Added entity human at 8, 2
Removed entity human from grid at 40, 20
Removed entity human from grid at 9, 33
Removed entity cow from grid at 30, 13
Added entity wolf at 8, 49
Added entity wolf at 18, 44
Added entity wolf at 47, 16
Removed entity human from grid at 8, 2
Added entity cow at 26, 4
Removed entity human from grid at 44, 10
Removed entity human from grid at 44, 18
Added entity tree at 11, 24
Removed entity human from grid at 38, 18
Added entity tree at 5, 38
Removed entity human from grid at 39, 17
Removed entity wolf from grid at 19, 44
Added entity human at 27, 9
Added entity human at 47, 42
Removed entity human from grid at 42, 17
Removed entity cow from grid at 24, 12
Removed entity wolf from grid at 12, 9
Added entity house at 29, 14
Added entity wolf at 23, 48
Added entity human at 14, 28
Added entity wolf at 49, 6
Added entity wolf at 1, 36
Removed entity naturereserve from grid at 47, 15
Removed entity naturereserve from grid at 35, 24
Removed entity naturereserve from grid at 45, 32
Removed entity naturereserve from grid at 32, 37
Removed entity tree from grid at 46, 42
Added entity cow at 25, 3
Removed entity wolf from grid at 34, 22
Removed entity wolf from grid at 23, 22
Removed entity human from grid at 47, 41
Removed entity tree from grid at 29, 24
Removed entity wolf from grid at 19, 44
Added entity house at 37, 28
Removed entity tree from grid at 24, 26
Added entity human at 32, 27
Added entity human at 8, 42
Added entity wolf at 15, 46
Added entity wolf at 5, 17
Added entity human at 29, 28
Removed entity wolf from grid at 43, 35
Removed entity wolf from grid at 47, 2
Removed entity human from grid at 8, 42
Added entity cow at 24, 2
Removed entity human from grid at 14, 27
Added entity tree at 47, 41
Added entity tree at 25, 9
Added entity tree at 22, 19
Removed entity cow from grid at 35, 23
Removed entity tree from grid at 23, 11
Removed entity wolf from grid at 1, 48
Removed entity tree from grid at 16, 9
Added entity house at 20, 9
Removed entity wolf from grid at 11, 9
Added entity human at 8, 42
Added entity house at 36, 18
Added entity human at 14, 37
Added entity human at 32, 36
Added entity human at 8, 33
Added entity wolf at 36, 42
Removed entity human from grid at 32, 36
Removed entity human from grid at 8, 42
Added entity tree at 33, 24
Added entity tree at 46, 42
Removed entity tree from grid at 25, 9
Added entity cow at 37, 1
Added entity house at 26, 17
Removed entity wolf from grid at 3, 47
Added entity house at 33, 8
Added entity berry at 35, 12
Removed entity tree from grid at 35, 28
Added entity wolf at 48, 4
Added entity wolf at 2, 42
Added entity human at 12, 29
Added entity house at 33, 15
Added entity cow at 36, 2
Added entity cow at 23, 1
Added entity tree at 34, 24
Added entity tree at 48, 42
Removed entity wolf from grid at 1, 48
Added entity human at 34, 8
Removed entity cow from grid at 46, 3
Added entity human at 41, 10
Added entity human at 44, 24
Added entity wolf at 34, 49
Added entity wolf at 11, 47
Added entity wolf at 20, 47
Removed entity wolf from grid at 38, 42
Removed entity naturereserve from grid at 18, 5
Removed entity naturereserve from grid at 49, 3
Removed entity naturereserve from grid at 29, 41
Removed entity naturereserve from grid at 37, 36
Removed entity human from grid at 41, 10
Added entity human at 35, 24
Removed entity human from grid at 25, 17
Removed entity wolf from grid at 20, 17
Added entity human at 12, 26
Removed entity cow from grid at 33, 10
Added entity human at 8, 40
Added entity wolf at 14, 46
Removed entity wolf from grid at 49, 35
Removed entity wolf from grid at 49, 1
Removed entity human from grid at 8, 40
Removed entity tree from grid at 11, 26
Removed entity tree from grid at 34, 24
Added entity house at 47, 22
Added entity cow at 22, 2
Added entity cow at 35, 1
Removed entity human from grid at 8, 36
Removed entity human from grid at 12, 39
Added entity house at 20, 13
Removed entity cow from grid at 35, 21
Removed entity wolf from grid at 22, 41
Removed entity berry from grid at 35, 12
Added entity human at 41, 8
Added entity human at 14, 26
Added entity human at 21, 10
Added entity human at 34, 30
Added entity wolf at 24, 38
Added entity wolf at 18, 42
Added entity human at 7, 38
Added entity human at 12, 38
Removed entity naturereserve from grid at 35, 5
Removed entity naturereserve from grid at 37, 30
Removed entity naturereserve from grid at 32, 39
Removed entity human from grid at 41, 8
Added entity cow at 21, 3
Added entity tree at 11, 25
Added entity tree at 34, 23
Added entity human at 36, 10
Added entity house at 36, 29
Added entity house at 32, 17
Removed entity human from grid at 19, 14
Removed entity wolf from grid at 48, 5
Added entity house at 18, 30
Removed entity wolf from grid at 48, 33
Removed entity wolf from grid at 36, 42
Added entity human at 41, 15
Removed entity cow from grid at 25, 14
Removed entity naturereserve from grid at 32, 25
Added entity cow at 20, 4
Removed entity human from grid at 19, 8
Added entity cow at 34, 0
Removed entity cow from grid at 36, 9
Added entity house at 45, 44
Added entity cow at 33, 7
Removed entity human from grid at 8, 32
Removed entity tree from grid at 44, 9
Removed entity tree from grid at 13, 9
Removed entity tree from grid at 19, 30
Removed entity tree from grid at 34, 23
Removed entity wolf from grid at 48, 34
Added entity human at 44, 18
Added entity wolf at 6, 26
Removed entity naturereserve from grid at 32, 21
Removed entity naturereserve from grid at 22, 8
Removed entity naturereserve from grid at 25, 15
Added entity tree at 43, 17
Added entity cow at 34, 8
Added entity cow at 21, 5
Added entity tree at 39, 13
Added entity tree at 37, 7
Removed entity human from grid at 14, 27
Added entity tree at 38, 25
Removed entity tree from grid at 43, 22
Removed entity tree from grid at 43, 46
Added entity human at 25, 15
Removed entity human from grid at 19, 14
Removed entity human from grid at 19, 8
Added entity house at 34, 11
Removed entity wolf from grid at 49, 6
Added entity house at 32, 33
Removed entity wolf from grid at 5, 14
Added entity wolf at 45, 38
Added entity tree at 29, 35
Removed entity wolf from grid at 48, 33
Added entity human at 12, 32
Removed entity naturereserve from grid at 12, 0
Added entity tree at 24, 14
Added entity cow at 22, 4
Added entity cow at 33, 9
Added entity human at 14, 23
Removed entity tree from grid at 37, 7
Removed entity human from grid at 44, 45
Removed entity human from grid at 19, 31
Removed entity tree from grid at 33, 26
Removed entity cow from grid at 39, 21
Added entity house at 33, 17
Added entity human at 44, 19
Removed entity wolf from grid at 12, 6
Removed entity human from grid at 45, 45
Removed entity tree from grid at 31, 31
Added entity human at 42, 24
Added entity wolf at 9, 47
Added entity wolf at 15, 21
Added entity wolf at 6, 16
Added entity wolf at 23, 28
Added entity wolf at 4, 25
Removed entity naturereserve from grid at 1, 37
Removed entity naturereserve from grid at 48, 24
Removed entity naturereserve from grid at 37, 25
Removed entity naturereserve from grid at 27, 27
Removed entity naturereserve from grid at 9, 4
Added entity tree at 42, 23
Added entity tree at 45, 19
Added entity tree at 13, 22
Added entity cow at 32, 10
Added entity human at 26, 14
Added entity cow at 33, 1
Added entity human at 38, 7
Removed entity human from grid at 30, 27
Added entity house at 31, 17
Removed entity tree from grid at 39, 13
Removed entity cow from grid at 48, 7
Added entity human at 36, 9
Removed entity human from grid at 32, 31
Added entity house at 40, 11
Removed entity tree from grid at 14, 12
Removed entity human from grid at 19, 31
Added entity human at 23, 10
Added entity wolf at 34, 49
Added entity tree at 36, 8
Added entity tree at 26, 13
Removed entity tree from grid at 42, 23
Removed entity tree from grid at 45, 19
Added entity cow at 23, 5
Removed entity cow from grid at 42, 11
Removed entity cow from grid at 38, 8
Added entity house at 8, 26
Removed entity human from grid at 21, 16
Removed entity cow from grid at 31, 16
Added entity human at 24, 12
Removed entity wolf from grid at 22, 26
Removed entity tree from grid at 24, 14
Added entity wolf at 1, 42
Added entity human at 12, 35
Removed entity human from grid at 8, 25
Added entity tree at 11, 35
Added entity tree at 23, 11
Added entity tree at 36, 10
Added entity human at 27, 15
Removed entity tree from grid at 36, 8
Removed entity human from grid at 8, 27
Removed entity tree from grid at 33, 24
Removed entity tree from grid at 36, 10
Added entity human at 21, 12
Removed entity human from grid at 33, 33
Added entity house at 28, 27
Added entity human at 26, 8
Removed entity wolf from grid at 49, 33
Added entity human at 27, 8
Added entity human at 12, 32
Removed entity naturereserve from grid at 19, 12
Removed entity naturereserve from grid at 21, 13
Added entity tree at 13, 32
Added entity tree at 27, 7
Added entity tree at 27, 14
Removed entity tree from grid at 11, 35
Removed entity cow from grid at 26, 6
Added entity house at 45, 16
Removed entity human from grid at 21, 14
Added entity house at 33, 21
Removed entity wolf from grid at 0, 42
Removed entity human from grid at 34, 21
Added entity house at 36, 11
Added entity human at 21, 12
Added entity human at 40, 24
Added entity wolf at 13, 47
Added entity wolf at 46, 3
Added entity wolf at 24, 28
Added entity human at 16, 30
Added entity wolf at 5, 30
Added entity tree at 16, 29
Added entity house at 41, 25
Removed entity human from grid at 12, 32
Removed entity cow from grid at 29, 7
Removed entity tree from grid at 27, 14
Removed entity human from grid at 22, 14
Added entity cow at 22, 6
Added entity human at 37, 8
Added entity cow at 31, 11
Added entity house at 47, 18
Removed entity cow from grid at 30, 13
Removed entity human from grid at 9, 35
Removed entity human from grid at 7, 36
Removed entity human from grid at 10, 28
Added entity house at 26, 25
Removed entity cow from grid at 43, 5
Added entity human at 12, 37
Removed entity tree from grid at 32, 26
Added entity human at 8, 33
Removed entity naturereserve from grid at 30, 39
Removed entity naturereserve from grid at 38, 29
Removed entity naturereserve from grid at 38, 39
Added entity tree at 36, 7
Added entity tree at 17, 29
Removed entity human from grid at 10, 33
Removed entity cow from grid at 38, 6
Added entity house at 40, 8
Removed entity cow from grid at 32, 14
Removed entity tree from grid at 26, 13
Removed entity cow from grid at 34, 18
Removed entity human from grid at 26, 26
Added entity tree at 38, 17
Added entity human at 25, 14
Added entity berry at 27, 43
Removed entity wolf from grid at 4, 16
Removed entity wolf from grid at 23, 31
Removed entity human from grid at 42, 12
Removed entity human from grid at 18, 15
Added entity human at 29, 33
Added entity wolf at 45, 6
Added entity wolf at 31, 24
Added entity wolf at 46, 2
Removed entity wolf from grid at 45, 6
Removed entity wolf from grid at 31, 24
Added entity human at 12, 34
Removed entity human from grid at 29, 33
Removed entity tree from grid at 36, 7
Added entity cow at 21, 5
Removed entity tree from grid at 38, 25
Removed entity tree from grid at 43, 17
Removed entity human from grid at 27, 13
Removed entity wolf from grid at 17, 42
Removed entity tree from grid at 29, 26
Removed entity cow from grid at 42, 11
Added entity wolf at 32, 32
Added entity human at 7, 38
Added entity house at 26, 28
Added entity wolf at 47, 4
Added entity human at 14, 37
Added entity wolf at 18, 42
Removed entity wolf from grid at 35, 48
Added entity human at 10, 36
Added entity wolf at 21, 23
Removed entity naturereserve from grid at 29, 11
Removed entity naturereserve from grid at 38, 30
Removed entity human from grid at 14, 37
Added entity tree at 24, 13
Removed entity human from grid at 14, 36
Added entity tree at 36, 7
Added entity tree at 15, 30
Added entity tree at 38, 24
Added entity human at 27, 17
Added entity house at 39, 26
Removed entity human from grid at 28, 16
Removed entity human from grid at 36, 28
Removed entity human from grid at 15, 35
Removed entity human from grid at 28, 28
Removed entity human from grid at 37, 29
Removed entity wolf from grid at 14, 0
Removed entity human from grid at 23, 14
Removed entity cow from grid at 16, 2
Removed entity human from grid at 25, 27
Added entity human at 18, 29
Added entity wolf at 19, 41
Added entity wolf at 4, 47
Added entity human at 6, 32
Removed entity wolf from grid at 16, 18
Removed entity human from grid at 6, 32
Added entity human at 28, 16
Added entity cow at 20, 4
Removed entity human from grid at 39, 8
Added entity cow at 32, 2
Removed entity tree from grid at 43, 20
Added entity human at 18, 19
Removed entity human from grid at 6, 36
Added entity house at 33, 20
Removed entity tree from grid at 38, 17
Removed entity tree from grid at 24, 13
Removed entity human from grid at 32, 30
Added entity tree at 41, 48
Added entity wolf at 40, 29
Added entity wolf at 35, 7
Removed entity human from grid at 16, 27
Removed entity human from grid at 39, 10
Removed entity human from grid at 38, 26
Removed entity cow from grid at 21, 7
Removed entity human from grid at 39, 25
Removed entity human from grid at 26, 24
Removed entity wolf from grid at 0, 41
Removed entity human from grid at 27, 16
Removed entity human from grid at 36, 9
Removed entity wolf from grid at 8, 13
Added entity human at 34, 19
Added entity human at 10, 28
Added entity human at 26, 31
Added entity wolf at 40, 28
Added entity wolf at 49, 6
Added entity wolf at 43, 2
Removed entity wolf from grid at 16, 16
Removed entity naturereserve from grid at 35, 6
Added entity cow at 21, 3
Removed entity human from grid at 26, 18
Removed entity human from grid at 8, 34
Removed entity human from grid at 37, 12
Added entity human at 34, 31
Added entity human at 37, 31
Added entity human at 35, 31
Added entity human at 37, 24
Removed entity wolf from grid at 47, 4
Removed entity human from grid at 26, 33
Added entity human at 46, 44
Added entity human at 32, 34
Added entity wolf at 20, 43
Added entity human at 39, 18
Removed entity human from grid at 34, 28
Removed entity naturereserve from grid at 22, 22
Removed entity naturereserve from grid at 31, 29
Removed entity naturereserve from grid at 43, 13
Removed entity human from grid at 32, 34
Removed entity human from grid at 35, 31
Removed entity human from grid at 37, 31
Removed entity human from grid at 34, 31
Added entity cow at 20, 2
Added entity cow at 31, 1
Removed entity human from grid at 32, 7
Added entity human at 29, 16
Added entity human at 25, 10
Added entity human at 14, 37
Added entity cow at 30, 0
Added entity cow at 21, 1
Removed entity human from grid at 25, 5
Removed entity wolf from grid at 32, 5
Added entity human at 27, 16
Removed entity wolf from grid at 47, 5
Removed entity wolf from grid at 3, 17
Added entity human at 48, 44
Added entity wolf at 42, 36
Added entity wolf at 5, 25
Removed entity naturereserve from grid at 34, 40
Added entity cow at 22, 0
Removed entity human from grid at 15, 37
Added entity human at 45, 26
Removed entity human from grid at 33, 36
Removed entity human from grid at 48, 43
Added entity wolf at 32, 47
Added entity human at 29, 28
Added entity wolf at 15, 14
Removed entity wolf from grid at 44, 33
Removed entity wolf from grid at 47, 2
Added entity human at 10, 29
Added entity human at 30, 27
Removed entity naturereserve from grid at 49, 5
Removed entity naturereserve from grid at 25, 42
Removed entity naturereserve from grid at 39, 28
Removed entity naturereserve from grid at 18, 18
Removed entity human from grid at 10, 29
Removed entity human from grid at 45, 26
Added entity cow at 29, 1
Removed entity wolf from grid at 0, 43
Removed entity human from grid at 29, 16
Added entity human at 47, 42
Removed entity wolf from grid at 23, 21
Removed entity human from grid at 48, 43
Removed entity cow from grid at 45, 25
Added entity human at 30, 27
Added entity human at 12, 34
Added entity human at 39, 12
Removed entity human from grid at 45, 40
Added entity human at 41, 15
Added entity tree at 41, 14
Added entity tree at 39, 11
Removed entity human from grid at 40, 25
Added entity human at 23, 24
Removed entity cow from grid at 35, 9
Removed entity cow from grid at 38, 3
Added entity house at 38, 12
Added entity human at 43, 15
Removed entity wolf from grid at 49, 5
Removed entity cow from grid at 19, 3
Added entity wolf at 25, 40
Removed entity human from grid at 23, 23
Removed entity tree from grid at 41, 14
Added entity cow at 30, 0
Added entity cow at 30, 9
Added entity tree at 22, 18
Removed entity cow from grid at 29, 12
Removed entity human from grid at 40, 7
Removed entity human from grid at 37, 31
Added entity human at 5, 37
Added entity human at 22, 5
Added entity human at 31, 33
Removed entity wolf from grid at 45, 3
Added entity wolf at 8, 7
Added entity wolf at 49, 2
Removed entity cow from grid at 22, 6
Added entity cow at 29, 8
Added entity cow at 21, 1
Removed entity tree from grid at 22, 19
Removed entity wolf from grid at 25, 40
Added entity human at 36, 31
Added entity wolf at 44, 36
Added entity wolf at 48, 16
Removed entity wolf from grid at 45, 34
Removed entity wolf from grid at 14, 19
Added entity cow at 22, 2
Added entity tree at 28, 30
Removed entity human from grid at 42, 15
Added entity house at 23, 18
Removed entity wolf from grid at 24, 40
Removed entity human from grid at 45, 17
Removed entity tree from grid at 36, 7
Removed entity tree from grid at 39, 11
Added entity human at 12, 24
Added entity wolf at 32, 31
Added entity wolf at 26, 41
Added entity wolf at 15, 16
Added entity wolf at 22, 28
Added entity human at 9, 38
Removed entity wolf from grid at 46, 0
Added entity wolf at 36, 44
Added entity cow at 30, 7
Removed entity human from grid at 29, 31
Removed entity human from grid at 31, 29
Removed entity human from grid at 28, 28
Removed entity wolf from grid at 25, 40
Removed entity wolf from grid at 47, 2
Added entity wolf at 42, 5
Added entity wolf at 46, 3
Added entity wolf at 48, 5
Removed entity naturereserve from grid at 22, 17
Added entity cow at 21, 1
Removed entity cow from grid at 22, 7
Added entity human at 35, 16
Removed entity wolf from grid at 46, 3
Added entity human at 27, 14
Removed entity human from grid at 16, 32
Added entity cow at 39, 45
Removed entity naturereserve from grid at 35, 36
Removed entity naturereserve from grid at 18, 45
Removed entity naturereserve from grid at 46, 25
Removed entity naturereserve from grid at 48, 3
Removed entity wolf from grid at 39, 36
Removed entity wolf from grid at 13, 15
Added entity human at 27, 9
Removed entity cow from grid at 14, 1
Added entity human at 6, 32
Removed entity naturereserve from grid at 12, 28
Removed entity human from grid at 6, 32
Added entity tree at 26, 8
Added entity tree at 26, 13
Removed entity tree from grid at 43, 25
Added entity human at 32, 14
Removed entity cow from grid at 44, 4
Removed entity human from grid at 45, 14
Removed entity human from grid at 11, 40
Added entity human at 45, 47
Added entity human at 23, 12
Added entity wolf at 42, 4
Added entity wolf at 10, 9
Added entity wolf at 1, 44
Removed entity wolf from grid at 49, 0
Added entity wolf at 6, 26
Added entity cow at 22, 0
Added entity cow at 31, 6
Removed entity human from grid at 3, 36
Removed entity wolf from grid at 40, 35
Removed entity human from grid at 25, 28
Removed entity cow from grid at 38, 17
Added entity human at 19, 7
Added entity human at 35, 14
Added entity human at 25, 5
Added entity human at 25, 16
Added entity human at 46, 19
Removed entity wolf from grid at 25, 30
Added entity wolf at 49, 5
Removed entity wolf from grid at 47, 0
Removed entity naturereserve from grid at 5, 26
Removed entity human from grid at 46, 19
Removed entity wolf from grid at 22, 43
Added entity human at 30, 16
Added entity human at 12, 26
Removed entity wolf from grid at 26, 29
Added entity human at 14, 37
Added entity tree at 14, 36
Removed entity human from grid at 12, 26
Added entity cow at 30, 5
Removed entity human from grid at 9, 36
Added entity cow at 29, 1
Removed entity human from grid at 43, 14
Removed entity tree from grid at 18, 13
Added entity house at 43, 27
Added entity house at 26, 23
Added entity human at 35, 24
Removed entity wolf from grid at 44, 1
Removed entity cow from grid at 38, 45
Added entity wolf at 35, 47
Added entity wolf at 0, 44
Removed entity naturereserve from grid at 32, 16
Removed entity naturereserve from grid at 41, 9
Removed entity naturereserve from grid at 9, 8
Added entity tree at 34, 23
Added entity cow at 28, 2
Added entity house at 15, 38
Removed entity cow from grid at 33, 19
Removed entity tree from grid at 13, 12
Added entity human at 22, 12
Removed entity human from grid at 41, 1
Removed entity tree from grid at 22, 18
Removed entity human from grid at 13, 39
Added entity human at 8, 2
Added entity human at 37, 13
Added entity wolf at 48, 5
Added entity human at 29, 11
Removed entity wolf from grid at 49, 2
Added entity tree at 29, 10
Added entity tree at 37, 12
Removed entity human from grid at 8, 2
Removed entity tree from grid at 23, 11
Removed entity tree from grid at 14, 36
Added entity house at 29, 17
Removed entity cow from grid at 39, 2
Added entity house at 22, 15
Added entity human at 32, 16
Added entity house at 32, 21
Removed entity tree from grid at 6, 7
Added entity human at 27, 10
Added entity tree at 27, 9
Added entity tree at 31, 16
Added entity tree at 36, 12
Added entity cow at 29, 6
Removed entity tree from grid at 26, 8
Added entity cow at 21, 1
Added entity house at 18, 12
Added entity house at 19, 17
Removed entity tree from grid at 42, 30
Added entity human at 40, 23
Added entity human at 43, 13
Removed entity tree from grid at 21, 17
Removed entity tree from grid at 37, 46
Added entity house at 32, 23
Added entity wolf at 48, 3
Added entity cow at 22, 2
Added entity cow at 30, 7
Added entity tree at 28, 9
Added entity tree at 26, 12
Added entity cow at 29, 3
Added entity tree at 29, 15
Added entity tree at 28, 17
Removed entity wolf from grid at 1, 41
Removed entity wolf from grid at 8, 11
Added entity human at 25, 5
Added entity cow at 27, 2
Added entity human at 42, 12
Removed entity human from grid at 45, 47
Added entity human at 18, 27
Removed entity wolf from grid at 48, 3
Removed entity naturereserve from grid at 36, 43
Removed entity human from grid at 42, 12
Removed entity cow from grid at 25, 6
Added entity cow at 30, 4
Added entity cow at 23, 1
Added entity human at 19, 9
Removed entity cow from grid at 31, 14
Removed entity tree from grid at 29, 15
Removed entity wolf from grid at 49, 3
Added entity house at 28, 21
Removed entity human from grid at 15, 39
Added entity human at 45, 47
Added entity human at 21, 12
Added entity wolf at 43, 5
Added entity human at 7, 36
Removed entity human from grid at 44, 28
Added entity human at 29, 13
Removed entity human from grid at 43, 28
Added entity tree at 28, 12
Added entity cow at 29, 5
Added entity house at 36, 16
Added entity house at 38, 30
Added entity human at 24, 7
Added entity house at 45, 12
Removed entity wolf from grid at 49, 5
Removed entity wolf from grid at 1, 45
Removed entity cow from grid at 16, 9
Removed entity human from grid at 45, 14
Added entity human at 46, 22
Removed entity tree from grid at 34, 23
Removed entity wolf from grid at 4, 9
Added entity human at 32, 27
Added entity house at 28, 23
Added entity human at 31, 12
Removed entity tree from grid at 31, 27
Added entity wolf at 23, 39
Removed entity human from grid at 16, 38
Added entity human at 44, 19
Removed entity naturereserve from grid at 5, 31
Removed entity naturereserve from grid at 42, 35
Added entity tree at 44, 18
Added entity tree at 32, 12
Removed entity cow from grid at 23, 9
Removed entity cow from grid at 26, 6
Removed entity human from grid at 45, 11
Removed entity tree from grid at 21, 22
Added entity house at 44, 8
Added entity human at 29, 23
Removed entity human from grid at 47, 49
Added entity human at 29, 26
Removed entity human from grid at 45, 7
Added entity human at 42, 24
Added entity wolf at 35, 48
Added entity wolf at 31, 25
Added entity human at 36, 26
Added entity human at 34, 26
Added entity human at 16, 30
Removed entity human from grid at 45, 48
Removed entity human from grid at 34, 26
Removed entity human from grid at 36, 26
Added entity tree at 42, 23
Removed entity human from grid at 29, 26
Removed entity human from grid at 29, 23
Removed entity tree from grid at 44, 18
Removed entity human from grid at 34, 29
Added entity human at 16, 10
Added entity cow at 26, 1
Removed entity human from grid at 41, 12
Removed entity human from grid at 45, 13
Removed entity cow from grid at 22, 7
Removed entity human from grid at 30, 29
Removed entity human from grid at 29, 18
Removed entity human from grid at 45, 8
Removed entity human from grid at 27, 27
Removed entity human from grid at 28, 22
Added entity wolf at 11, 17
Added entity tree at 41, 24
Added entity human at 34, 13
Removed entity tree from grid at 42, 21
Removed entity tree from grid at 27, 7
Added entity cow at 24, 2
Removed entity tree from grid at 41, 30
Removed entity human from grid at 35, 18
Removed entity tree from grid at 26, 12
Removed entity human from grid at 28, 20
Removed entity human from grid at 37, 25
Added entity human at 18, 9
Removed entity human from grid at 32, 26
Added entity berry at 44, 28
Removed entity wolf from grid at 4, 12
Added entity human at 39, 21
Added entity wolf at 22, 28
Added entity human at 9, 38
Added entity tree at 40, 20
Added entity tree at 33, 12
Added entity cow at 25, 0
Removed entity human from grid at 16, 30
Added entity tree at 43, 24
Added entity tree at 41, 16
Removed entity cow from grid at 32, 13
Added entity cow at 28, 4
Removed entity human from grid at 29, 16
Removed entity human from grid at 18, 16
Removed entity human from grid at 45, 33
Removed entity human from grid at 29, 24
Removed entity human from grid at 18, 13
Added entity house at 36, 33
Removed entity human from grid at 32, 16
Removed entity tree from grid at 40, 20
Removed entity human from grid at 18, 17
Added entity human at 39, 15
Added entity human at 8, 40
Added entity wolf at 1, 44
Added entity wolf at 2, 47
Added entity human at 32, 25
Added entity cow at 23, 3
Added entity tree at 42, 22
Added entity berry at 8, 36
Removed entity cow from grid at 21, 7
Removed entity human from grid at 17, 12
Removed entity human from grid at 10, 40
Added entity human at 31, 7
Removed entity wolf from grid at 49, 9
Added entity wolf at 48, 5
Added entity wolf at 3, 44
Added entity wolf at 18, 44
Removed entity cow from grid at 11, 3
Added entity cow at 24, 1
Removed entity human from grid at 29, 15
Removed entity human from grid at 35, 15
Removed entity cow from grid at 20, 5
Removed entity wolf from grid at 48, 1
Removed entity wolf from grid at 23, 27
Removed entity human from grid at 35, 34
Removed entity wolf from grid at 11, 14
Removed entity human from grid at 5, 37
Removed entity wolf from grid at 0, 12
Added entity wolf at 44, 36
Added entity human at 23, 10
Removed entity human from grid at 29, 27
Added entity wolf at 17, 25
Removed entity human from grid at 36, 34
Removed entity human from grid at 13, 26
Added entity cow at 27, 3
Removed entity human from grid at 39, 21
Removed entity human from grid at 30, 17
Removed entity human from grid at 32, 15
Removed entity human from grid at 34, 22
Removed entity human from grid at 30, 18
Removed entity wolf from grid at 23, 41
Added entity berry at 16, 9
Added entity human at 24, 12
Removed entity human from grid at 31, 22
Added entity human at 24, 7
Removed entity cow from grid at 25, 6
Added entity cow at 26, 4
Removed entity tree from grid at 26, 13
Added entity cow at 25, 2
Added entity cow at 22, 4
Removed entity human from grid at 8, 40
Added entity human at 16, 14
Added entity tree at 31, 11
Removed entity human from grid at 7, 30
Removed entity human from grid at 37, 22
Removed entity wolf from grid at 49, 6
Added entity human at 21, 5
Added entity human at 44, 20
Removed entity human from grid at 31, 21
Removed entity human from grid at 25, 22
Removed entity human from grid at 18, 28
Added entity wolf at 41, 2
Added entity human at 39, 21
Added entity human at 8, 33
Added entity house at 45, 20
Added entity human at 15, 13
Added entity cow at 23, 5
Added entity cow at 26, 3
Added entity human at 26, 13
Removed entity human from grid at 32, 8
Removed entity human from grid at 30, 15
Removed entity wolf from grid at 2, 15
Added entity human at 49, 48
Added entity human at 31, 12
Added entity wolf at 32, 48
Added entity wolf at 11, 11
Removed entity wolf from grid at 22, 43
Removed entity human from grid at 29, 23
Added entity human at 45, 42
Removed entity human from grid at 45, 40
Added entity wolf at 8, 48
Added entity wolf at 4, 48
Added entity human at 34, 28
Removed entity cow from grid at 25, 10
Removed entity wolf from grid at 31, 21
Removed entity wolf from grid at 20, 21
Removed entity wolf from grid at 47, 31
Removed entity wolf from grid at 22, 43
Removed entity wolf from grid at 42, 1
Removed entity cow from grid at 17, 4
Added entity human at 8, 42
Added entity human at 44, 17
Added entity human at 39, 15
Removed entity house from grid at 40, 16
Removed entity human from grid at 8, 42
Added entity cow at 22, 4
Added entity cow at 25, 3
Removed entity tree from grid at 27, 9
Added entity cow at 29, 8
Removed entity human from grid at 49, 31
Removed entity wolf from grid at 23, 41
Removed entity tree from grid at 16, 19
Added entity human at 13, 24
Added entity human at 3, 35
Removed entity wolf from grid at 1, 17
Added entity human at 8, 42
Added entity human at 23, 12
Added entity wolf at 32, 48
Added entity wolf at 45, 5
Added entity wolf at 3, 48
Added entity human at 32, 36
Removed entity tree from grid at 9, 7
Removed entity human from grid at 32, 36
Added entity tree at 23, 11
Removed entity human from grid at 8, 42
Removed entity human from grid at 3, 35
Added entity cow at 30, 9
Added entity cow at 21, 5
Added entity tree at 38, 13
Added entity tree at 43, 16
Removed entity tree from grid at 31, 16
Added entity cow at 27, 2
Removed entity human from grid at 12, 14
Removed entity human from grid at 33, 23
Added entity house at 41, 27
Added entity human at 13, 24
Added entity wolf at 43, 6
Added entity human at 48, 44
Removed entity human from grid at 48, 44
Added entity tree at 13, 23
Added entity cow at 28, 3
Added entity cow at 26, 2
Removed entity tree from grid at 43, 24
Removed entity human from grid at 20, 15
Removed entity cow from grid at 41, 3
Added entity human at 36, 19
Added entity house at 46, 14
Added entity human at 41, 8
Removed entity cow from grid at 43, 5
Removed entity wolf from grid at 1, 17
Added entity human at 12, 32
Removed entity house from grid at 13, 33
Added entity human at 8, 31
Removed entity house from grid at 9, 32
Removed entity cow from grid at 20, 7
Added entity tree at 12, 33
Added entity cow at 29, 4
Removed entity tree from grid at 13, 23
Added entity cow at 20, 4
Removed entity tree from grid at 32, 12
Added entity human at 32, 15
Removed entity human from grid at 27, 7
Added entity house at 14, 22
Added entity human at 44, 20
Added entity human at 42, 12
Added entity human at 12, 37
Added entity human at 9, 36
Added entity human at 46, 44
Removed entity wolf from grid at 1, 17
Added entity human at 8, 33
Added entity human at 8, 34
Removed entity house from grid at 9, 34
Added entity tree at 45, 43
Added entity tree at 41, 11
Added entity cow at 21, 3
Removed entity cow from grid at 43, 7
Added entity house at 40, 17
Removed entity cow from grid at 28, 6
Removed entity tree from grid at 13, 22
Removed entity wolf from grid at 43, 1
Removed entity human from grid at 14, 39
Removed entity tree from grid at 11, 4
Added entity human at 8, 2
Added entity human at 8, 40
Removed entity human from grid at 8, 40
Added entity tree at 7, 1
Added entity cow at 20, 2
Added entity tree at 46, 43
Removed entity tree from grid at 41, 11
Added entity human at 32, 15
Added entity house at 9, 34
Added entity cow at 31, 10
Added entity house at 40, 16
Removed entity tree from grid at 41, 16
Removed entity cow from grid at 33, 14
Removed entity cow from grid at 21, 5
Added entity house at 43, 45
Removed entity human from grid at 16, 48
Added entity human at 25, 10
Added entity wolf at 1, 44
Added entity human at 44, 22
Added entity tree at 44, 21
Added entity tree at 25, 9
Added entity human at 33, 14
Removed entity tree from grid at 7, 1
Removed entity tree from grid at 44, 21
Removed entity human from grid at 42, 8
Removed entity human from grid at 17, 18
Removed entity cow from grid at 26, 8
Added entity house at 47, 11
Removed entity cow from grid at 22, 4
Added entity human at 46, 21
Removed entity cow from grid at 19, 5
Removed entity human from grid at 43, 44
Added entity human at 14, 28
Added entity human at 12, 26
Added entity wolf at 16, 48
Removed entity cow from grid at 18, 4
Removed entity tree from grid at 23, 11
Added entity tree at 12, 25
Added entity tree at 46, 20
Added entity tree at 32, 13
Added entity cow at 19, 1
Removed entity cow from grid at 34, 18
Added entity cow at 28, 5
Removed entity human from grid at 10, 36
Removed entity tree from grid at 37, 12
Removed entity human from grid at 44, 15
Removed entity cow from grid at 20, 4
Removed entity cow from grid at 35, 21
Removed entity cow from grid at 40, 4
Added entity house at 16, 12
Removed entity wolf from grid at 41, 35
Added entity house at 26, 30
Removed entity human from grid at 42, 45
Added entity wolf at 9, 49
Added entity wolf at 14, 46
Removed entity cow from grid at 34, 19
Added entity cow at 18, 0
Added entity tree at 11, 26
Removed entity tree from grid at 32, 13
Removed entity cow from grid at 34, 12
Removed entity human from grid at 12, 27
Removed entity cow from grid at 42, 15
Removed entity cow from grid at 18, 4
Added entity human at 21, 9
Removed entity cow from grid at 26, 13
Added entity house at 7, 24
Added entity human at 44, 45
Added entity human at 19, 29
Added entity human at 34, 14
Added entity human at 35, 24
Added entity human at 36, 19
Added entity wolf at 45, 36
Added entity wolf at 32, 47
Added entity human at 39, 12
Removed entity house from grid at 40, 13
Added entity cow at 17, 1
Added entity berry at 17, 44
Added entity tree at 32, 13
Removed entity wolf from grid at 0, 30
Removed entity wolf from grid at 43, 35
Removed entity wolf from grid at 40, 38
Removed entity human from grid at 8, 24
Removed entity tree from grid at 25, 9
Added entity human at 46, 45
Added entity human at 17, 31
Removed entity human from grid at 22, 40
Added entity human at 43, 15
Added entity human at 32, 27
Removed entity house from grid at 11, 37
Added entity human at 46, 44
Removed entity house from grid at 47, 45
Added entity human at 39, 19
Removed entity house from grid at 40, 19
Removed entity house from grid at 11, 31
Added entity tree at 38, 18
Removed entity tree from grid at 43, 16
Added entity cow at 18, 2
Removed entity tree from grid at 36, 12
Removed entity tree from grid at 11, 24
Removed entity tree from grid at 42, 23
Added entity house at 30, 20
Removed entity tree from grid at 38, 24
Removed entity tree from grid at 15, 15
Removed entity wolf from grid at 40, 38
Added entity human at 9, 25
Added entity wolf at 41, 4
Added entity wolf at 7, 48
Added entity wolf at 24, 39
Added entity wolf at 30, 47
Added entity human at 7, 30
Added entity human at 24, 14
Removed entity naturereserve from grid at 19, 43
Removed entity human from grid at 10, 1
Added entity cow at 19, 3
Added entity tree at 42, 23
Added entity tree at 43, 25
Added entity cow at 27, 1
Removed entity wolf from grid at 44, 0
Added entity human at 7, 25
Added entity human at 36, 7
Added entity tree at 1, 30
Added entity wolf at 25, 39
Added entity wolf at 34, 49
Added entity wolf at 42, 2
Added entity wolf at 24, 38
Added entity human at 30, 27
Removed entity house from grid at 31, 28
Removed entity human from grid at 36, 7
Added entity cow at 20, 4
Added entity tree at 44, 23
Removed entity wolf from grid at 40, 3
Added entity tree at 42, 26
Added entity tree at 31, 18
Removed entity wolf from grid at 43, 1
Added entity wolf at 9, 16
Added entity wolf at 14, 48
Added entity human at 16, 33
Added entity human at 9, 38
Added entity human at 12, 29
Removed entity tree from grid at 38, 18
Removed entity human from grid at 16, 33
Added entity cow at 19, 5
Added entity tree at 39, 17
Removed entity tree from grid at 31, 18
Added entity human at 42, 0
Added entity human at 21, 12
Added entity human at 21, 9
Added entity human at 31, 23
Removed entity human from grid at 22, 41
Added entity wolf at 9, 16
Added entity wolf at 48, 7
Added entity wolf at 23, 48
Removed entity naturereserve from grid at 14, 43
Added entity cow at 18, 4
Added entity cow at 28, 0
Added entity cow at 29, 6
Added entity tree at 31, 18
Removed entity wolf from grid at 4, 8
Added entity human at 31, 33
Added entity wolf at 34, 33
Added entity wolf at 44, 37
Added entity human at 34, 24
Removed entity wolf from grid at 44, 37
Removed entity house from grid at 13, 31
Added entity cow at 17, 5
Removed entity human from grid at 9, 38
Removed entity human from grid at 31, 29
Removed entity wolf from grid at 19, 43
Removed entity human from grid at 44, 10
Removed entity human from grid at 15, 12
Removed entity human from grid at 48, 11
Removed entity human from grid at 16, 13
Removed entity human from grid at 12, 22
Added entity human at 6, 30
Added entity human at 20, 11
Added entity human at 21, 14
Removed entity human from grid at 11, 22
Added entity wolf at 29, 47
Added entity human at 12, 35
Added entity cow at 16, 4
Removed entity human from grid at 39, 30
Removed entity human from grid at 46, 10
Removed entity wolf from grid at 35, 44
Removed entity wolf from grid at 34, 43
Added entity human at 21, 12
Added entity wolf at 24, 48
Added entity human at 14, 35
Added entity human at 29, 11
Removed entity house from grid at 30, 10
Removed entity house from grid at 11, 28
Removed entity wolf from grid at 49, 5
Added entity human at 38, 29
Removed entity human from grid at 14, 36
Removed entity cow from grid at 27, 13
Removed entity human from grid at 19, 44
Added entity human at 5, 36
Added entity human at 16, 27
Added entity human at 31, 30
Removed entity human from grid at 6, 23
Added entity house at 32, 14
Added entity cow at 30, 5
Removed entity human from grid at 44, 43
Removed entity wolf from grid at 35, 48
Added entity house at 48, 12
Removed entity human from grid at 46, 44
Removed entity wolf from grid at 33, 44
Removed entity cow from grid at 38, 5
Added entity human at 27, 18
Removed entity human from grid at 25, 31
Added entity human at 27, 16
Added entity berry at 26, 44
Added entity wolf at 31, 25
Removed entity wolf from grid at 7, 14
Removed entity human from grid at 36, 22
Removed entity human from grid at 27, 18
Added entity cow at 31, 6
Removed entity human from grid at 32, 30
Added entity cow at 15, 5
Removed entity human from grid at 36, 27
Removed entity human from grid at 30, 33
Removed entity wolf from grid at 36, 48
Removed entity human from grid at 39, 29
Removed entity wolf from grid at 7, 16
Removed entity human from grid at 37, 27
Removed entity wolf from grid at 21, 39
Added entity human at 45, 26
Added entity human at 34, 31
Added entity human at 35, 29
Added entity human at 12, 35
Removed entity house from grid at 13, 36
Added entity human at 42, 21
Removed entity house from grid at 43, 21
Removed entity tree from grid at 42, 22
Removed entity human from grid at 35, 29
Removed entity human from grid at 34, 31
Added entity cow at 14, 6
Removed entity tree from grid at 32, 13
Added entity human at 19, 16
Removed entity tree from grid at 1, 34
Removed entity human from grid at 31, 27
Added entity tree at 43, 22
Removed entity tree from grid at 6, 15
Added entity human at 31, 32
Added entity human at 39, 21
Added entity human at 26, 33
Added entity wolf at 20, 19
Added entity wolf at 11, 10
Added entity wolf at 14, 48
Added entity human at 37, 21
Added entity human at 31, 28
Added entity human at 31, 29
Removed entity house from grid at 32, 29
Removed entity human from grid at 37, 21
Removed entity human from grid at 26, 33
Added entity cow at 15, 7
Removed entity human from grid at 17, 27
Added entity cow at 27, 1
Added entity tree at 41, 7
Added entity tree at 44, 6
Added entity tree at 44, 9
Removed entity human from grid at 22, 16
Removed entity wolf from grid at 33, 47
Added entity human at 16, 37
Added entity wolf at 0, 42
Added entity human at 32, 34
Removed entity wolf from grid at 42, 37
Added entity berry at 8, 34
Removed entity human from grid at 16, 37
Added entity cow at 16, 8
Added entity cow at 32, 5
Added entity human at 41, 9
Removed entity wolf from grid at 1, 17
Added entity cow at 32, 9
Removed entity human from grid at 7, 37
Added entity house at 45, 10
Removed entity human from grid at 35, 26
Added entity house at 46, 10
Removed entity wolf from grid at 1, 42
Removed entity wolf from grid at 23, 40
Added entity human at 40, 22
Removed entity human from grid at 18, 29
Added entity human at 12, 28
Added entity wolf at 9, 17
Added entity human at 24, 14
Added entity cow at 33, 10
Added entity human at 40, 10
Added entity cow at 17, 9
Removed entity human from grid at 32, 27
Removed entity tree from grid at 30, 30
Removed entity cow from grid at 43, 7
Removed entity tree from grid at 39, 17
Removed entity tree from grid at 10, 12
Added entity human at 3, 15
Removed entity tree from grid at 44, 9
New Faction INDIGO_562 registered with traits: {
  moveSpeed: [33m1.0248182058543376[39m,
  hungerRate: [33m1.0511850075452702[39m,
  visionRadius: [33m0.9920129339700919[39m,
  aggression: [33m0.9570385215108135[39m
}
Societal Split! RED -> INDIGO_562 (Threshold: 6)
Added entity house at 38, 7
Removed entity human from grid at 23, 15
Removed entity wolf from grid at 6, 14
Added entity house at 49, 20
Removed entity wolf from grid at 29, 45
Removed entity tree from grid at 33, 12
Removed entity wolf from grid at 10, 7
Added entity human at 27, 18
Removed entity tree from grid at 8, 8
Added entity human at 45, 40
Removed entity human from grid at 25, 16
Added entity human at 48, 44
Removed entity human from grid at 9, 15
Added entity human at 10, 32
Removed entity house from grid at 11, 33
Added entity house at 36, 6
Added entity tree at 11, 31
Removed entity human from grid at 27, 18
Added entity tree at 2, 14
Added entity cow at 18, 8
Added entity tree at 39, 9
Added entity tree at 27, 11
Added entity tree at 38, 23
Added entity tree at 40, 9
Added entity cow at 33, 4
Removed entity human from grid at 22, 18
Removed entity cow from grid at 37, 24
Removed entity tree from grid at 41, 7
Removed entity human from grid at 9, 14
Removed entity human from grid at 37, 27
Removed entity human from grid at 10, 14
Removed entity cow from grid at 13, 7
Removed entity human from grid at 23, 17
Added entity house at 40, 13
Added entity human at 40, 24
Added entity human at 36, 27
Added entity human at 35, 31
Added entity wolf at 31, 25
Added entity wolf at 30, 45
Removed entity human from grid at 32, 35
Added entity human at 14, 28
Removed entity house from grid at 13, 29
Removed entity human from grid at 14, 28
Removed entity human from grid at 35, 31
Added entity tree at 40, 23
Added entity cow at 34, 5
Added entity cow at 19, 9
Removed entity tree from grid at 2, 14
Removed entity tree from grid at 40, 9
Removed entity tree from grid at 27, 11
Removed entity human from grid at 17, 31
Removed entity tree from grid at 5, 15
Removed entity human from grid at 6, 33
Removed entity tree from grid at 39, 9
Removed entity human from grid at 39, 11
Removed entity tree from grid at 43, 22
Removed entity tree from grid at 44, 6
Removed entity tree from grid at 46, 20
Removed entity tree from grid at 38, 13
Removed entity wolf from grid at 30, 48
Removed entity human from grid at 14, 29
Added entity human at 48, 44
Added entity wolf at 14, 46
Added entity wolf at 15, 15
Added entity wolf at 28, 45
Added entity cow at 20, 10
Removed entity cow from grid at 18, 9
Added entity tree at 41, 6
Removed entity human from grid at 38, 21
Added entity tree at 39, 4
Added entity tree at 46, 8
Added entity tree at 40, 4
Added entity tree at 29, 3
Added entity tree at 43, 6
Removed entity wolf from grid at 31, 47
Removed entity wolf from grid at 25, 39
Removed entity wolf from grid at 22, 43
Added entity human at 35, 22
Added entity human at 30, 25
Added entity human at 30, 26
Removed entity house from grid at 31, 26
Added entity tree at 8, 28
Removed entity human from grid at 30, 25
Removed entity human from grid at 35, 22
Added entity cow at 33, 4
Removed entity human from grid at 34, 25
Added entity tree at 38, 24
Added entity tree at 13, 31
Added entity cow at 28, 0
Removed entity human from grid at 32, 18
Removed entity cow from grid at 19, 9
Removed entity cow from grid at 41, 8
Removed entity cow from grid at 37, 10
Removed entity cow from grid at 33, 7
Removed entity human from grid at 37, 27
Removed entity cow from grid at 36, 14
Removed entity cow from grid at 37, 11
Removed entity cow from grid at 39, 10
Removed entity human from grid at 13, 29
Removed entity cow from grid at 30, 3
Removed entity cow from grid at 37, 14
Removed entity human from grid at 15, 22
Removed entity wolf from grid at 26, 47
Removed entity cow from grid at 33, 10
Removed entity wolf from grid at 18, 25
Added entity human at 41, 7
Removed entity cow from grid at 36, 9
Removed entity wolf from grid at 32, 43
Removed entity wolf from grid at 10, 15
Removed entity tree from grid at 34, 42
Removed entity cow from grid at 32, 6
Added entity tree at 40, 6
Added entity cow at 19, 9
Removed entity tree from grid at 38, 24
Added entity human at 6, 16
Added entity human at 39, 9
Removed entity human from grid at 36, 24
Added entity house at 42, 6
Added entity berry at 17, 43
Removed entity human from grid at 38, 10
Removed entity tree from grid at 39, 4
Added entity house at 34, 23
Removed entity wolf from grid at 2, 44
Added entity house at 37, 9
Added entity human at 14, 31
Added entity tree at 38, 8
Added entity tree at 5, 15
Added entity cow at 32, 3
Removed entity human from grid at 32, 32
Removed entity human from grid at 34, 24
Removed entity tree from grid at 41, 6
Added entity house at 46, 25
Removed entity human from grid at 40, 24
Added entity house at 45, 39
Removed entity tree from grid at 9, 9
Removed entity wolf from grid at 29, 48
Removed entity wolf from grid at 17, 47
Removed entity human from grid at 36, 7
Removed entity tree from grid at 32, 45
Added entity human at 40, 20
Added entity wolf at 11, 16
Added entity wolf at 3, 45
Added entity human at 14, 28
Added entity human at 14, 29
Removed entity house from grid at 15, 29
Added entity tree at 39, 19
Added entity tree at 39, 8
Added entity tree at 6, 15
Added entity cow at 18, 10
Removed entity human from grid at 40, 25
Removed entity human from grid at 38, 24
Removed entity human from grid at 34, 24
Removed entity tree from grid at 38, 23
Added entity house at 49, 24
Removed entity cow from grid at 14, 6
Added entity house at 38, 10
Removed entity wolf from grid at 3, 45
Removed entity wolf from grid at 18, 46
Added entity berry at 35, 10
Removed entity human from grid at 12, 10
Added entity human at 34, 26
Added entity wolf at 24, 42
Added entity human at 8, 32
Added entity human at 9, 38
Added entity human at 9, 39
Removed entity house from grid at 10, 39
Added entity tree at 8, 31
Removed entity human from grid at 40, 20
Added entity cow at 33, 4
Added entity house at 20, 15
Removed entity human from grid at 27, 16
Removed entity cow from grid at 19, 12
Removed entity human from grid at 25, 23
Removed entity wolf from grid at 27, 41
Removed entity tree from grid at 44, 23
Added entity house at 29, 4
Added entity human at 38, 25
Removed entity wolf from grid at 30, 45
Added entity human at 43, 26
Added entity human at 3, 37
Added entity human at 25, 8
Removed entity house from grid at 26, 9
Removed entity house from grid at 43, 18
Added entity tree at 0, 31
Removed entity tree from grid at 43, 25
Removed entity human from grid at 38, 25
Removed entity tree from grid at 6, 15
Added entity house at 12, 35
Removed entity cow from grid at 18, 10
Removed entity wolf from grid at 8, 15
Removed entity tree from grid at 29, 3
Removed entity cow from grid at 18, 8
Removed entity tree from grid at 38, 8
Added entity house at 15, 29
Added entity human at 31, 32
Added entity wolf at 13, 48
Added entity wolf at 24, 40
Removed entity house from grid at 43, 19
Added entity human at 32, 26
Added entity human at 32, 27
Removed entity house from grid at 33, 27
Added entity human at 41, 17
Added entity human at 42, 15
Removed entity house from grid at 42, 16
Added entity tree at 41, 14
Added entity tree at 42, 16
Removed entity human from grid at 32, 26
Added entity tree at 30, 31
Added entity tree at 26, 8
Removed entity human from grid at 3, 37
Added entity cow at 32, 5
Added entity human at 38, 4
Added entity human at 8, 17
Removed entity tree from grid at 13, 34
Added entity house at 49, 22
Removed entity tree from grid at 8, 6
Removed entity tree from grid at 20, 29
Added entity house at 48, 14
Removed entity cow from grid at 34, 8
Removed entity human from grid at 35, 3
Added entity house at 18, 8
Removed entity tree from grid at 47, 41
Removed entity wolf from grid at 1, 45
Removed entity tree from grid at 14, 30
Added entity human at 27, 26
Removed entity cow from grid at 35, 7
Removed entity cow from grid at 14, 7
Added entity human at 43, 13
Added entity wolf at 42, 2
Added entity human at 8, 38
Added entity human at 9, 36
Removed entity house from grid at 9, 37
Added entity human at 7, 36
Removed entity house from grid at 8, 37
Removed entity human from grid at 30, 45
Added entity tree at 42, 12
Added entity tree at 27, 25
Added entity tree at 8, 16
Added entity tree at 43, 14
Added entity tree at 41, 16
Removed entity tree from grid at 26, 8
Added entity house at 17, 17
Added entity berry at 8, 24
Removed entity cow from grid at 34, 4
Removed entity human from grid at 33, 23
Added entity house at 15, 24
Removed entity wolf from grid at 3, 45
Added entity human at 25, 27
Added entity house at 21, 18
Added entity human at 43, 8
Added entity cow at 38, 44
Added entity human at 14, 39
Removed entity house from grid at 25, 13
Removed entity human from grid at 31, 34
Removed entity human from grid at 14, 39
Added entity tree at 42, 7
Removed entity human from grid at 25, 27
Removed entity tree from grid at 27, 25
Added entity human at 9, 18
Removed entity human from grid at 37, 5
Removed entity tree from grid at 42, 16
Removed entity human from grid at 38, 6
Added entity house at 21, 17
Added entity house at 47, 16
Added entity human at 18, 11
Removed entity human from grid at 37, 8
Added entity house at 36, 3
Added entity house at 18, 14
Added entity human at 8, 0
Added entity human at 32, 34
Added entity human at 32, 35
Removed entity house from grid at 33, 35
Added entity human at 14, 31
Removed entity house from grid at 15, 32
Added entity tree at 14, 30
Added entity tree at 18, 10
Added entity human at 10, 19
Removed entity tree from grid at 42, 7
Removed entity wolf from grid at 30, 27
Removed entity wolf from grid at 29, 24
Added entity berry at 6, 38
Added entity house at 37, 3
Removed entity cow from grid at 11, 6
Removed entity human from grid at 11, 37
Added entity human at 41, 12
Added entity human at 21, 9
Added entity human at 46, 19
Added entity wolf at 45, 4
Removed entity naturereserve from grid at 1, 43
Added entity human at 6, 32
Removed entity house from grid at 7, 33
Added entity tree at 5, 31
Removed entity tree from grid at 11, 19
Added entity house at 42, 19
Removed entity tree from grid at 28, 17
Removed entity human from grid at 10, 34
Added entity house at 33, 4
Added entity house at 27, 3
Removed entity cow from grid at 17, 7
Removed entity human from grid at 38, 6
Removed entity tree from grid at 12, 25
Removed entity human from grid at 40, 10
Added entity human at 35, 14
Added entity human at 38, 24
Added entity human at 45, 13
Added entity house at 16, 14
Added entity human at 29, 33
Added entity wolf at 13, 47
Removed entity naturereserve from grid at 2, 49
Removed entity naturereserve from grid at 19, 42
Removed entity naturereserve from grid at 2, 43
Removed entity naturereserve from grid at 43, 3
Removed entity naturereserve from grid at 3, 46
Added entity human at 37, 19
Added entity human at 37, 20
Removed entity house from grid at 38, 20
Removed entity human from grid at 32, 4
Added entity tree at 36, 19
Added entity tree at 38, 18
Removed entity human from grid at 29, 33
Added entity tree at 44, 12
Added entity cow at 31, 4
Removed entity human from grid at 29, 25
Removed entity tree from grid at 18, 10
Added entity house at 14, 10
Removed entity human from grid at 38, 4
Removed entity tree from grid at 49, 30
Added entity house at 43, 18
Added entity human at 47, 47
Added entity wolf at 32, 31
Removed entity cow from grid at 31, 4
Added entity tree at 38, 19
Added entity tree at 36, 20
Added entity human at 8, 21
Added entity human at 19, 12
Removed entity wolf from grid at 47, 4
Removed entity tree from grid at 41, 16
Added entity house at 47, 8
Removed entity human from grid at 27, 30
Removed entity tree from grid at 43, 14
Added entity house at 17, 24
Added entity human at 14, 37
Removed entity wolf from grid at 14, 45
Added entity human at 7, 29
Removed entity house from grid at 8, 29
Added entity human at 12, 37
Added entity human at 12, 39
Removed entity house from grid at 13, 38
Removed entity house from grid at 30, 12
Removed entity cow from grid at 38, 44
Added entity tree at 6, 29
Added entity tree at 19, 11
Added entity human at 7, 20
Removed entity human from grid at 46, 7
Removed entity tree from grid at 28, 12
Removed entity human from grid at 9, 37
Removed entity tree from grid at 40, 4
Removed entity cow from grid at 13, 6
Removed entity human from grid at 19, 25
Added entity human at 14, 37
Added entity human at 42, 28
Added entity house at 10, 26
Added entity human at 43, 26
Removed entity human from grid at 16, 38
Removed entity cow from grid at 18, 9
Added entity wolf at 35, 47
Added entity cow at 36, 10
Added entity human at 14, 35
Added entity human at 14, 36
Removed entity house from grid at 15, 36
Added entity tree at 13, 34
Added entity tree at 43, 25
Removed entity tree from grid at 6, 21
Removed entity human from grid at 8, 30
Added entity human at 20, 11
Added entity house at 35, 18
Removed entity tree from grid at 31, 11
Added entity human at 42, 15
Added entity house at 43, 21
Removed entity human from grid at 15, 39
Removed entity human from grid at 43, 14
Added entity house at 38, 5
Added entity human at 10, 6
Removed entity human from grid at 46, 45
Removed entity tree from grid at 41, 14
Added entity human at 42, 28
Removed entity tree from grid at 11, 25
Added entity human at 29, 26
Added entity human at 49, 48
Added entity human at 47, 49
Added entity human at 34, 30
Added entity human at 34, 26
Added entity human at 34, 28
Removed entity house from grid at 35, 27
Added entity tree at 33, 27
Removed entity human from grid at 29, 26
Added entity tree at 9, 5
Added entity tree at 41, 14
Added entity tree at 20, 10
Removed entity tree from grid at 42, 26
Added entity human at 8, 19
Removed entity tree from grid at 36, 19
Removed entity human from grid at 47, 7
Removed entity tree from grid at 42, 23
Removed entity cow from grid at 34, 17
Removed entity tree from grid at 7, 6
Removed entity wolf from grid at 2, 49
Removed entity human from grid at 31, 23
Removed entity tree from grid at 19, 11
Added entity human at 29, 24
Added entity human at 46, 17
Added entity wolf at 19, 23
Removed entity house from grid at 15, 31
Removed entity tree from grid at 28, 9
Added entity tree at 46, 16
Added entity tree at 29, 23
Added entity tree at 8, 18
Added entity tree at 35, 27
Added entity tree at 34, 29
Added entity tree at 10, 5
Removed entity tree from grid at 41, 14
Removed entity tree from grid at 20, 10
Added entity cow at 37, 11
Removed entity human from grid at 13, 36
Added entity human at 44, 15
Removed entity human from grid at 42, 23
Removed entity human from grid at 29, 25
Added entity house at 40, 19
Removed entity tree from grid at 43, 25
Removed entity tree from grid at 29, 10
Removed entity cow from grid at 41, 12
Added entity human at 29, 7
Removed entity berry from grid at 35, 10
Added entity wolf at 34, 31
Removed entity naturereserve from grid at 4, 49
Removed entity human from grid at 14, 23
Added entity tree at 28, 6
Added entity tree at 43, 14
Added entity cow at 36, 12
Added entity tree at 45, 17
Added entity tree at 9, 18
Removed entity human from grid at 43, 28
Added entity human at 9, 7
Added entity human at 41, 14
Removed entity cow from grid at 23, 9
Added entity house at 12, 32
Removed entity cow from grid at 16, 7
Removed entity wolf from grid at 27, 42
Removed entity wolf from grid at 31, 28
Removed entity tree from grid at 39, 19
Removed entity tree from grid at 42, 12
Removed entity tree from grid at 40, 6
Added entity house at 16, 10
Added entity human at 27, 9
Removed entity naturereserve from grid at 23, 29
Removed entity naturereserve from grid at 49, 4
Added entity human at 27, 10
Added entity tree at 26, 10
Added entity tree at 41, 13
Added entity tree at 8, 6
Added entity cow at 35, 11
Removed entity tree from grid at 28, 6
Added entity human at 7, 18
Removed entity cow from grid at 41, 16
Removed entity human from grid at 43, 26
Removed entity tree from grid at 14, 33
Removed entity human from grid at 13, 33
Removed entity human from grid at 41, 26
Added entity house at 26, 13
Removed entity human from grid at 31, 12
Removed entity cow from grid at 11, 2
Removed entity human from grid at 17, 15
Added entity human at 40, 27
Added entity human at 40, 20
Added entity human at 7, 36
Added entity wolf at 6, 48
Removed entity naturereserve from grid at 19, 48
Removed entity naturereserve from grid at 23, 38
Removed entity naturereserve from grid at 29, 46
Removed entity naturereserve from grid at 2, 48
Removed entity cow from grid at 27, 8
Added entity tree at 39, 19
Removed entity human from grid at 40, 27
Added entity tree at 7, 17
Removed entity tree from grid at 26, 10
Removed entity tree from grid at 41, 13
Added entity human at 10, 8
Added entity human at 44, 16
Removed entity tree from grid at 29, 23
Removed entity human from grid at 35, 28
Removed entity cow from grid at 13, 3
Added entity house at 42, 16
Removed entity human from grid at 44, 26
Removed entity human from grid at 38, 21
Added entity house at 18, 6
Removed entity human from grid at 36, 31
Removed entity human from grid at 42, 22
Removed entity human from grid at 15, 14
Removed entity cow from grid at 30, 10
Removed entity wolf from grid at 28, 44
Removed entity tree from grid at 10, 5
Added entity human at 35, 34
Added entity house at 14, 13
Added entity human at 18, 18
Added entity human at 28, 18
Added entity human at 38, 23
Added entity human at 43, 13
Removed entity human from grid at 13, 14
Removed entity human from grid at 17, 14
Added entity human at 12, 26
Added entity wolf at 9, 49
Added entity wolf at 33, 47
Added entity wolf at 25, 40
Removed entity naturereserve from grid at 37, 23
Removed entity naturereserve from grid at 11, 48
Removed entity naturereserve from grid at 16, 15
Removed entity naturereserve from grid at 10, 48
Added entity tree at 42, 12
Added entity tree at 27, 17
Removed entity human from grid at 18, 18
Removed entity human from grid at 35, 34
Added entity tree at 44, 15
Added entity tree at 10, 7
Removed entity human from grid at 40, 20
Added entity human at 28, 9
Added entity human at 42, 13
Removed entity tree from grid at 44, 15
Removed entity tree from grid at 43, 14
Removed entity human from grid at 37, 19
Removed entity human from grid at 46, 26
Added entity berry at 18, 45
Removed entity human from grid at 36, 31
Added entity house at 14, 8
Removed entity tree from grid at 11, 1
Added entity house at 47, 38
Removed entity human from grid at 18, 25
Added entity human at 39, 9
Added entity human at 6, 30
Removed entity human from grid at 13, 7
Added entity human at 8, 40
Added entity human at 18, 27
Removed entity naturereserve from grid at 32, 24
Removed entity naturereserve from grid at 3, 23
Removed entity naturereserve from grid at 47, 3
Removed entity naturereserve from grid at 0, 45
Removed entity naturereserve from grid at 3, 49
Removed entity human from grid at 18, 27
Removed entity human from grid at 8, 40
Added entity tree at 38, 8
Added entity tree at 41, 12
Added entity tree at 27, 8
Removed entity human from grid at 13, 26
Removed entity human from grid at 38, 24
Removed entity cow from grid at 27, 9
Removed entity cow from grid at 46, 15
Removed entity tree from grid at 10, 2
Added entity house at 7, 27
Removed entity cow from grid at 12, 0
Removed entity human from grid at 11, 8
Removed entity human from grid at 37, 19
Removed entity human from grid at 44, 19
Removed entity wolf from grid at 23, 42
Added entity house at 37, 20
Removed entity human from grid at 34, 20
Removed entity wolf from grid at 34, 49
Added entity house at 41, 3
Removed entity human from grid at 42, 13
Removed entity human from grid at 16, 18
Added entity house at 49, 17
Added entity human at 27, 27
Added entity human at 35, 26
Added entity wolf at 20, 19
Removed entity naturereserve from grid at 24, 47
Removed entity naturereserve from grid at 6, 49
Removed entity naturereserve from grid at 25, 41
Removed entity human from grid at 35, 26
Added entity tree at 27, 26
Removed entity tree from grid at 39, 8
Removed entity tree from grid at 27, 8
Added entity human at 43, 17
Removed entity cow from grid at 14, 4
Removed entity tree from grid at 46, 16
Added entity human at 47, 14
Added entity house at 31, 27
Removed entity tree from grid at 5, 28
Removed entity tree from grid at 27, 17
Removed entity wolf from grid at 23, 42
Added entity cow at 27, 1
Added entity house at 24, 27
Added entity house at 40, 5
Added entity human at 27, 24
Removed entity tree from grid at 10, 7
Removed entity human from grid at 20, 11
Added entity human at 42, 10
Removed entity naturereserve from grid at 48, 6
Removed entity naturereserve from grid at 14, 47
Removed entity naturereserve from grid at 46, 6
Added entity tree at 41, 9
Added entity tree at 27, 23
Added entity cow at 26, 0
Added entity tree at 47, 13
Added entity tree at 43, 16
Added entity tree at 26, 26
Added entity tree at 39, 8
Removed entity human from grid at 22, 12
Removed entity cow from grid at 39, 18
Removed entity human from grid at 31, 26
Removed entity human from grid at 35, 28
Removed entity human from grid at 13, 14
Removed entity tree from grid at 26, 26
Removed entity human from grid at 42, 5
Added entity house at 13, 5
Removed entity cow from grid at 14, 4
Added entity human at 47, 42
Removed entity naturereserve from grid at 18, 24
Removed entity naturereserve from grid at 19, 19
Removed entity naturereserve from grid at 6, 17
Removed entity naturereserve from grid at 41, 29
Removed entity naturereserve from grid at 10, 10
Added entity tree at 43, 9
Removed entity tree from grid at 47, 13
Removed entity tree from grid at 43, 16
Removed entity tree from grid at 27, 26
Removed entity human from grid at 5, 37
Added entity human at 5, 17
Removed entity wolf from grid at 37, 25
Added entity house at 12, 6
Added entity house at 13, 3
Removed entity human from grid at 11, 28
Removed entity human from grid at 10, 25
Removed entity tree from grid at 38, 19
Removed entity wolf from grid at 22, 42
Removed entity tree from grid at 31, 18
Removed entity wolf from grid at 27, 45
Removed entity tree from grid at 39, 8
Removed entity human from grid at 11, 6
Added entity human at 19, 11
Removed entity tree from grid at 45, 17
Added entity human at 22, 14
Added entity human at 8, 42
Added entity wolf at 11, 16
Removed entity naturereserve from grid at 48, 15
Removed entity naturereserve from grid at 46, 4
Removed entity naturereserve from grid at 9, 48
Removed entity naturereserve from grid at 46, 12
Removed entity naturereserve from grid at 16, 21
Removed entity naturereserve from grid at 23, 49
Removed entity human from grid at 8, 42
Added entity tree at 21, 13
Added entity tree at 18, 10
Added entity tree at 4, 16
Added entity tree at 41, 10
Added entity tree at 29, 21
Added entity tree at 46, 13
Added entity tree at 43, 16
Added entity house at 30, 12
Removed entity tree from grid at 9, 5
Added entity house at 25, 20
Removed entity human from grid at 16, 25
Removed entity human from grid at 26, 20
Removed entity human from grid at 17, 18
Removed entity tree from grid at 8, 6
Added entity human at 27, 24
Added entity human at 44, 13
Removed entity wolf from grid at 16, 46
Added entity human at 30, 18
Added entity human at 10, 40
Added entity tree at 8, 27
Removed entity human from grid at 10, 40
Added entity tree at 30, 17
Removed entity tree from grid at 44, 12
Added entity house at 23, 15
Removed entity tree from grid at 18, 10
Added entity cow at 27, 1
Removed entity tree from grid at 41, 10
Removed entity human from grid at 43, 5
Removed entity cow from grid at 43, 20
Added entity house at 43, 20
Removed entity human from grid at 13, 11
Removed entity cow from grid at 16, 4
Removed entity human from grid at 23, 27
Removed entity wolf from grid at 20, 44
Added entity house at 10, 6
Removed entity tree from grid at 48, 41
Removed entity tree from grid at 29, 21
Added entity tree at 31, 18
Added entity tree at 43, 12
Added entity tree at 29, 25
Added entity tree at 21, 14
Added entity tree at 18, 10
Added entity house at 30, 22
Removed entity wolf from grid at 30, 44
Added entity house at 20, 3
Added entity human at 35, 46
Added entity cow at 26, 2
Removed entity human from grid at 22, 14
Removed entity human from grid at 19, 11
Added entity human at 46, 12
Removed entity tree from grid at 30, 17
Removed entity tree from grid at 43, 16
Removed entity human from grid at 45, 11
Removed entity cow from grid at 49, 11
Removed entity wolf from grid at 13, 20
Removed entity tree from grid at 7, 7
Removed entity wolf from grid at 20, 44
Added entity human at 28, 31
Added entity house at 18, 4
Added entity tree at 27, 30
Added entity tree at 45, 11
Added entity tree at 27, 19
Added entity human at 45, 17
Added entity house at 31, 30
Added entity house at 25, 19
Removed entity human from grid at 8, 6
Added entity house at 47, 5
Removed entity tree from grid at 38, 8
Removed entity human from grid at 48, 6
Removed entity human from grid at 21, 19
Removed entity cow from grid at 17, 3
Added entity human at 8, 38
Added entity wolf at 34, 46
Added entity human at 16, 27
Added entity human at 16, 28
Removed entity house from grid at 17, 28
Added entity human at 27, 29
Added entity human at 28, 28
Removed entity house from grid at 28, 29
Added entity tree at 27, 27
Added entity human at 46, 18
Added entity cow at 25, 3
Removed entity wolf from grid at 32, 42
Removed entity human from grid at 29, 21
Added entity house at 31, 29
Removed entity tree from grid at 8, 16
Removed entity cow from grid at 29, 15
Removed entity tree from grid at 29, 30
Added entity house at 28, 19
Added entity house at 16, 8
Removed entity human from grid at 47, 6
Removed entity tree from grid at 18, 10
Removed entity wolf from grid at 23, 39
Removed entity human from grid at 20, 5
Removed entity tree from grid at 5, 7
Added entity tree at 46, 17
Added entity tree at 29, 27
Added entity tree at 24, 26
Added entity tree at 44, 16
Removed entity tree from grid at 43, 9
Added entity human at 32, 42
Added entity human at 8, 14
Removed entity tree from grid at 27, 19
Removed entity cow from grid at 20, 5
Removed entity tree from grid at 4, 7
Removed entity human from grid at 27, 33
Removed entity human from grid at 15, 25
Added entity tree at 31, 41
Added entity tree at 47, 17
Added entity tree at 25, 26
Removed entity tree from grid at 31, 18
Added entity house at 49, 5
Removed entity human from grid at 6, 40
Removed entity cow from grid at 25, 15
Added entity house at 44, 30
Added entity human at 44, 46
Added entity house at 39, 3
Added entity human at 31, 20
Added entity tree at 30, 19
Added entity human at 8, 14
Removed entity tree from grid at 31, 41
Removed entity tree from grid at 46, 17
Removed entity tree from grid at 33, 29
Removed entity human from grid at 49, 6
Removed entity wolf from grid at 23, 42
Removed entity wolf from grid at 11, 18
Added entity house at 32, 6
Added entity house at 16, 7
Added entity house at 46, 27
Added entity human at 3, 35
Removed entity human from grid at 22, 42
Removed entity house from grid at 9, 30
Removed entity human from grid at 42, 45
Added entity tree at 2, 34
Added entity tree at 32, 19
Added entity tree at 6, 14
Added entity human at 33, 41
Added entity cow at 24, 2
Removed entity cow from grid at 29, 15
Added entity house at 44, 6
Added entity house at 49, 10
Removed entity tree from grid at 27, 23
Removed entity tree from grid at 30, 19
Added entity wolf at 23, 42
Added entity tree at 32, 40
Added entity tree at 3, 34
Removed entity tree from grid at 32, 19
Added entity human at 47, 19
Removed entity human from grid at 45, 6
Added entity house at 32, 36
Removed entity cow from grid at 14, 1
Removed entity tree from grid at 21, 13
Removed entity tree from grid at 41, 32
Added entity house at 31, 35
Added entity human at 6, 25
Added entity human at 17, 13
Added entity house at 10, 4
Removed entity human from grid at 21, 44
Added entity tree at 29, 31
Added entity tree at 17, 12
Added entity tree at 5, 24
Added entity human at 48, 20
Added entity cow at 23, 1
Removed entity tree from grid at 3, 34
Added entity human at 5, 14
Removed entity human from grid at 32, 35
Removed entity tree from grid at 46, 13
Added entity house at 20, 29
Removed entity human from grid at 30, 34
Removed entity human from grid at 10, 7
Removed entity human from grid at 9, 7
Added entity human at 37, 16
Added entity human at 34, 7
Added entity cow at 40, 45
Added entity berry at 35, 34
Added entity tree at 33, 6
Added entity tree at 37, 15
Added entity human at 47, 21
Removed entity tree from grid at 7, 26
Added entity house at 38, 24
Added entity house at 34, 34
Added entity human at 33, 5
Removed entity tree from grid at 21, 14
Removed entity human from grid at 41, 2
Added entity tree at 39, 32
Added entity wolf at 32, 47
Added entity human at 5, 36
Removed entity house from grid at 6, 37
Removed entity wolf from grid at 37, 44
Added entity tree at 32, 4
Removed entity human from grid at 48, 21
Removed entity tree from grid at 33, 6
Removed entity tree from grid at 37, 15
Removed entity wolf from grid at 3, 12
Added entity human at 43, 7
Removed entity tree from grid at 34, 32
Added entity house at 21, 23
Added entity human at 43, 9
Removed entity human from grid at 45, 40
Removed entity tree from grid at 17, 12
Removed entity human from grid at 10, 32
Added entity human at 30, 9
Removed entity naturereserve from grid at 15, 47
Removed entity naturereserve from grid at 4, 18
Removed entity human from grid at 31, 36
Added entity tree at 29, 8
Added entity tree at 43, 8
Added entity tree at 42, 7
Added entity tree at 33, 6
Added entity human at 5, 12
Added entity house at 17, 28
Removed entity human from grid at 45, 7
Removed entity cow from grid at 35, 4
Removed entity tree from grid at 24, 26
Removed entity cow from grid at 19, 11
Removed entity tree from grid at 33, 6
Removed entity tree from grid at 42, 7
Added entity human at 11, 22
Added entity human at 30, 16
Added entity human at 41, 8
Added entity human at 32, 27
Removed entity naturereserve from grid at 13, 49
Removed entity naturereserve from grid at 43, 4
Added entity tree at 31, 26
Added entity tree at 40, 7
Added entity tree at 30, 15
Added entity human at 6, 13
Removed entity tree from grid at 43, 8
Removed entity tree from grid at 32, 4
Removed entity cow from grid at 47, 23
Added entity house at 39, 28
Removed entity cow from grid at 38, 44
Removed entity tree from grid at 17, 29
Added entity house at 46, 1
Removed entity cow from grid at 29, 15
Added entity human at 27, 24
Added entity human at 11, 22
Added entity human at 30, 30
Added entity cow at 38, 45
Removed entity naturereserve from grid at 44, 5
Added entity tree at 30, 29
Added entity tree at 27, 23
Added entity tree at 6, 12
Removed entity tree from grid at 30, 15
Removed entity tree from grid at 29, 8
Added entity human at 44, 7
Added entity human at 32, 4
Removed entity tree from grid at 25, 26
Removed entity human from grid at 47, 1
Added entity house at 10, 8
Removed entity human from grid at 30, 35
Removed entity tree from grid at 41, 24
Removed entity human from grid at 4, 37
Added entity human at 31, 25
Added entity human at 29, 11
Added entity berry at 24, 14
Removed entity naturereserve from grid at 42, 3
Added entity human at 32, 30
Removed entity house from grid at 33, 31
Added entity tree at 29, 10
Added entity tree at 31, 24
Added entity tree at 31, 3
Added entity tree at 45, 6
Removed entity tree from grid at 30, 31
Removed entity tree from grid at 7, 13
Removed entity cow from grid at 32, 5
Added entity human at 33, 42
Added entity house at 24, 24
Added entity house at 39, 1
Added entity berry at 30, 42
Added entity human at 46, 13
Added entity human at 44, 45
Added entity human at 37, 19
Added entity wolf at 9, 48
Added entity tree at 36, 19
Added entity tree at 46, 12
Added entity human at 34, 43
Removed entity tree from grid at 31, 3
Removed entity tree from grid at 43, 6
Added entity house at 25, 25
Added entity human at 7, 12
Added entity house at 30, 10
Removed entity tree from grid at 40, 23
Removed entity cow from grid at 41, 4
Removed entity human from grid at 45, 5
Removed entity cow from grid at 17, 9
Added entity human at 25, 31
Removed entity human from grid at 42, 3
Removed entity wolf from grid at 17, 45
Removed entity human from grid at 43, 24
Added entity human at 32, 18
Added entity human at 44, 45
Removed entity tree from grid at 1, 1
Removed entity naturereserve from grid at 33, 49
Removed entity naturereserve from grid at 10, 16
Removed entity naturereserve from grid at 34, 47
Added entity human at 26, 31
Added entity human at 26, 32
Removed entity house from grid at 27, 32
Added entity human at 42, 10
Removed entity house from grid at 43, 11
Added entity tree at 43, 9
Added entity tree at 25, 30
Added entity tree at 31, 18
Added entity tree at 6, 11
Added entity human at 33, 44
Added entity house at 27, 13
Added entity human at 33, 5
Removed entity human from grid at 25, 27
Removed entity tree from grid at 29, 10
Added entity house at 42, 41
Added entity house at 26, 9
Removed entity human from grid at 45, 2
Removed entity wolf from grid at 19, 45
Added entity human at 27, 20
Removed entity cow from grid at 36, 44
Added entity human at 27, 14
Added entity human at 37, 22
Removed entity wolf from grid at 33, 45
Added entity cow at 22, 0
Added entity tree at 44, 21
Added entity human at 36, 31
Added entity cow at 39, 43
Added entity human at 29, 33
Added entity human at 21, 10
Removed entity house from grid at 22, 11
Removed entity human from grid at 29, 33
Added entity tree at 46, 7
Removed entity human from grid at 26, 31
Removed entity wolf from grid at 47, 0
Added entity naturereserve at 2, 12
Human Sam built Nature Reserve for WOLF
Added entity human at 27, 22
Added entity human at 19, 31
Added entity human at 31, 16
Added entity human at 36, 27
Added entity wolf at 32, 31
Added entity naturereserve at 48, 9
Human Grace built Nature Reserve for WOLF
Removed entity human from grid at 34, 31
Added entity naturereserve at 1, 14
Human Bob built Nature Reserve for WOLF
Added entity human at 18, 18
Added entity human at 30, 18
Added entity cow at 21, 1
Removed entity wolf from grid at 30, 46
Removed entity human from grid at 42, 40
Added entity naturereserve at 0, 8
Human Eve built Nature Reserve for WOLF
Removed entity cow from grid at 12, 9
Added entity human at 19, 31
Added entity human at 34, 31
Removed entity human from grid at 34, 31
Removed entity human from grid at 41, 41
Removed entity wolf from grid at 29, 45
Added entity cow at 36, 9
Removed entity human from grid at 34, 35
Removed entity wolf from grid at 19, 46
Removed entity wolf from grid at 30, 49
Added entity human at 12, 27
Removed entity cow from grid at 40, 43
Added entity wolf at 1, 7
Removed entity wolf from grid at 37, 42
Removed entity wolf from grid at 23, 39
Added entity naturereserve at 5, 16
Human Bob built Nature Reserve for WOLF
Added entity naturereserve at 0, 20
Human Sam built Nature Reserve for WOLF
Added entity berry at 3, 48
Added entity naturereserve at 33, 47
Human Xander built Nature Reserve for WOLF
Added entity naturereserve at 49, 32
Human Yara built Nature Reserve for WOLF
Removed entity wolf from grid at 29, 48
Added entity human at 37, 22
Added entity cow at 20, 2
Added entity naturereserve at 15, 14
Human Sam built Nature Reserve for WOLF
Added entity naturereserve at 1, 15
Human Xander built Nature Reserve for WOLF
Removed entity wolf from grid at 18, 44
Added entity human at 31, 34
Added entity human at 38, 23
Added entity human at 29, 23
Added entity wolf at 0, 16
Added entity naturereserve at 10, 16
Human Zane built Nature Reserve for WOLF
Removed entity wolf from grid at 30, 46
Added entity naturereserve at 2, 15
Human Xander built Nature Reserve for WOLF
Removed entity human from grid at 9, 8
Added entity human at 27, 14
Added entity human at 8, 0
Removed entity human from grid at 8, 0
Added entity cow at 19, 1
Added entity cow at 36, 10
Removed entity wolf from grid at 23, 40
Added entity naturereserve at 38, 35
Human Ivy built Nature Reserve for WOLF
Added entity naturereserve at 44, 35
Human Ruby built Nature Reserve for WOLF
Removed entity wolf from grid at 0, 6
Added entity human at 48, 10
Added entity human at 21, 16
Removed entity wolf from grid at 28, 46
Added entity human at 12, 24
Added entity human at 34, 24
Added entity human at 6, 39
Added entity human at 6, 40
Removed entity house from grid at 7, 39
Added entity cow at 35, 11
Added entity cow at 20, 0
Removed entity wolf from grid at 30, 45
Added entity naturereserve at 36, 47
Human Luna built Nature Reserve for WOLF
Removed entity wolf from grid at 22, 42
Removed entity naturereserve from grid at 45, 37
Removed entity naturereserve from grid at 33, 48
Removed entity naturereserve from grid at 10, 49
Removed entity house from grid at 24, 11
Added entity human at 32, 24
Removed entity house from grid at 33, 25
Added entity wolf at 1, 16
Removed entity wolf from grid at 26, 40
Added entity naturereserve at 39, 36
Human Oscar built Nature Reserve for WOLF
Added entity naturereserve at 32, 48
Human Eve built Nature Reserve for WOLF
Added entity human at 15, 11
Added entity naturereserve at 20, 22
Human Grace built Nature Reserve for WOLF
Added entity human at 25, 14
Added entity human at 5, 35
Removed entity naturereserve from grid at 33, 32
Added entity cow at 34, 10
Added entity wolf at 37, 35
Removed entity human from grid at 31, 33
Removed entity human from grid at 6, 23
Removed entity cow from grid at 17, 8
Added entity human at 35, 22
Removed entity human from grid at 3, 36
Added entity naturereserve at 33, 45
Human Milo built Nature Reserve for WOLF
Added entity human at 31, 22
Removed entity human from grid at 44, 31
Removed entity human from grid at 33, 34
Removed entity wolf from grid at 28, 49
Added entity naturereserve at 46, 36
Human Ruby built Nature Reserve for WOLF
Removed entity house from grid at 26, 11
Removed entity house from grid at 25, 7
Removed entity cow from grid at 27, 15
Added entity wolf at 34, 46
Removed entity wolf from grid at 27, 45
Added entity naturereserve at 1, 1
Human Quinn built Nature Reserve for WOLF
Removed entity human from grid at 46, 40
Added entity human at 39, 8
Removed entity wolf from grid at 34, 46
Removed entity human from grid at 44, 39
Added entity naturereserve at 32, 45
Human Milo built Nature Reserve for WOLF
Removed entity human from grid at 45, 41
Added entity human at 31, 34
Added entity human at 40, 22
Removed entity house from grid at 32, 11
Added entity tree at 17, 35
Added entity cow at 21, 1
Added entity wolf at 1, 13
Added entity naturereserve at 22, 41
Human Pip built Nature Reserve for WOLF
Added entity naturereserve at 23, 46
Human Nina built Nature Reserve for WOLF
Added entity naturereserve at 7, 3
Human Uma built Nature Reserve for WOLF
Added entity naturereserve at 35, 46
Human Jack built Nature Reserve for WOLF
Added entity naturereserve at 28, 48
Human Grace built Nature Reserve for WOLF
Removed entity house from grid at 24, 9
Removed entity house from grid at 23, 6
Added entity human at 30, 31
Added entity human at 30, 33
Removed entity house from grid at 30, 32
Removed entity human from grid at 31, 31
Added entity cow at 20, 2
Removed entity human from grid at 33, 32
Added entity cow at 33, 11
Added entity wolf at 0, 14
Removed entity wolf from grid at 37, 38
Removed entity wolf from grid at 24, 40
Added entity naturereserve at 0, 3
Human Bob built Nature Reserve for WOLF
Removed entity wolf from grid at 22, 43
Removed entity wolf from grid at 3, 15
Removed entity wolf from grid at 26, 46
Added entity human at 37, 32
Added entity human at 29, 22
Added entity human at 10, 28
Removed entity house from grid at 11, 29
Added entity human at 8, 40
Added entity human at 8, 42
Removed entity house from grid at 9, 41
Added entity cow at 32, 10
Added entity cow at 19, 3
Removed entity wolf from grid at 2, 17
Added entity naturereserve at 2, 17
Human Oscar built Nature Reserve for WOLF
Added entity human at 33, 24
Added entity human at 6, 25
Added entity human at 15, 11
Added entity human at 39, 31
Added entity human at 22, 17
Added entity human at 32, 27
Removed entity house from grid at 33, 28
Added entity cow at 31, 11
Added entity naturereserve at 2, 6
Human Bob built Nature Reserve for WOLF
Removed entity wolf from grid at 24, 47
Added entity human at 25, 29
Added entity human at 27, 22
Added entity human at 12, 24
Removed entity house from grid at 13, 25
Added entity human at 40, 20
Added entity human at 40, 21
Removed entity house from grid at 41, 21
Added entity cow at 32, 12
Added entity wolf at 2, 2
Added entity wolf at 39, 37
Removed entity wolf from grid at 22, 45
Added entity naturereserve at 35, 49
Human Zane built Nature Reserve for WOLF
Added entity naturereserve at 34, 6
Human Luna built Nature Reserve for WOLF
Added entity naturereserve at 22, 37
Human Sam built Nature Reserve for WOLF
Removed entity human from grid at 9, 0
Removed entity wolf from grid at 27, 49
Removed entity human from grid at 44, 38
Added entity human at 38, 2
Removed entity wolf from grid at 2, 2
Added entity human at 32, 9
Added entity cow at 35, 10
Added entity cow at 24, 13
Added entity cow at 33, 11
Added entity cow at 20, 2
Removed entity human from grid at 39, 30
Added entity naturereserve at 23, 32
Human Quinn built Nature Reserve for WOLF
Removed entity wolf from grid at 21, 45
Removed entity wolf from grid at 20, 44
Added entity naturereserve at 27, 47
Human Eve built Nature Reserve for WOLF
Added entity naturereserve at 31, 48
Human Jack built Nature Reserve for WOLF
Added entity naturereserve at 0, 2
Human Uma built Nature Reserve for WOLF
Added entity human at 14, 37
Removed entity human from grid at 43, 31
Removed entity wolf from grid at 26, 49
Removed entity house from grid at 38, 16
Removed entity human from grid at 14, 37
Added entity cow at 21, 1
Added entity cow at 34, 10
Added entity cow at 36, 9
Added entity berry at 16, 44
Removed entity wolf from grid at 18, 43
Removed entity wolf from grid at 24, 48
Added entity human at 33, 22
Added entity human at 42, 24
Added entity naturereserve at 25, 21
Human Wendy built Nature Reserve for WOLF
Added entity human at 27, 24
Added entity wolf at 23, 33
Removed entity human from grid at 27, 28
Added entity naturereserve at 24, 42
Human Alice built Nature Reserve for WOLF
Removed entity human from grid at 24, 28
Removed entity human from grid at 28, 29
Added entity naturereserve at 49, 30
Human Grace built Nature Reserve for WOLF
Added entity naturereserve at 1, 8
Human Quinn built Nature Reserve for WOLF
Removed entity human from grid at 20, 28
Added entity tree at 29, 24
Added entity naturereserve at 30, 46
Human Milo built Nature Reserve for WOLF
Added entity human at 15, 21
Added entity human at 29, 26
Added entity human at 29, 16
Added entity human at 39, 21
Added entity wolf at 0, 9
Added entity cow at 37, 10
Added entity cow at 35, 11
Added entity wolf at 23, 31
Added entity cow at 25, 14
Added entity naturereserve at 34, 28
Human Zane built Nature Reserve for WOLF
Added entity berry at 24, 18
Removed entity human from grid at 21, 29
Removed entity human from grid at 25, 24
Added entity naturereserve at 40, 34
Human Ivy built Nature Reserve for WOLF
Removed entity human from grid at 24, 25
Removed entity human from grid at 27, 25
Added entity naturereserve at 47, 33
Human Yara built Nature Reserve for WOLF
Added entity wolf at 47, 9
Removed entity human from grid at 48, 11
Added entity naturereserve at 10, 14
Human Nina built Nature Reserve for WOLF
Removed entity human from grid at 37, 32
Removed entity wolf from grid at 41, 38
Added entity naturereserve at 29, 45
Human Eve built Nature Reserve for WOLF
Added entity human at 13, 36
Removed entity human from grid at 16, 28
Removed entity wolf from grid at 18, 47
Removed entity human from grid at 30, 31
Added entity naturereserve at 10, 19
Human Milo built Nature Reserve for WOLF
Added entity human at 14, 39
Added entity human at 40, 25
Added entity human at 32, 16
Added entity human at 42, 22
Removed entity house from grid at 46, 48
Removed entity human from grid at 14, 38
Added entity cow at 38, 11
Added entity wolf at 22, 32
Added entity naturereserve at 13, 17
Human Jack built Nature Reserve for WOLF
Removed entity human from grid at 26, 31
Removed entity wolf from grid at 22, 32
Added entity berry at 48, 11
Removed entity human from grid at 48, 10
Added entity naturereserve at 29, 49
Human Zane built Nature Reserve for WOLF
Added entity human at 46, 9
Added entity naturereserve at 24, 45
Human Milo built Nature Reserve for WOLF
Added entity human at 44, 26
Added entity human at 21, 14
Removed entity human from grid at 46, 9
Added entity wolf at 11, 15
Added entity wolf at 24, 21
Removed entity human from grid at 21, 16
Removed entity human from grid at 26, 24
Removed entity human from grid at 27, 14
Removed entity human from grid at 25, 16
Removed entity human from grid at 11, 8
Removed entity wolf from grid at 0, 7
Removed entity human from grid at 24, 17
Removed entity human from grid at 17, 23
Removed entity human from grid at 11, 22
Added entity naturereserve at 6, 16
Human Grace built Nature Reserve for WOLF
Added entity human at 25, 27
Added entity human at 27, 26
Added entity human at 45, 26
Added entity human at 37, 29
Removed entity naturereserve from grid at 39, 44
Removed entity human from grid at 26, 19
Removed entity human from grid at 26, 29
Added entity wolf at 49, 29
Added entity cow at 22, 2
Removed entity human from grid at 11, 23
Added entity naturereserve at 2, 7
Human Luna built Nature Reserve for WOLF
Removed entity human from grid at 7, 26
Removed entity human from grid at 44, 24
Removed entity human from grid at 6, 24
Removed entity human from grid at 6, 26
Added entity human at 42, 26
Added entity human at 37, 31
Removed entity human from grid at 18, 31
Removed entity human from grid at 20, 19
Removed entity human from grid at 42, 26
Removed entity human from grid at 45, 26
Added entity cow at 39, 12
Removed entity human from grid at 45, 27
Removed entity human from grid at 42, 28
Removed entity human from grid at 14, 21
Removed entity human from grid at 30, 26
Removed entity human from grid at 26, 14
Added entity wolf at 33, 44
Removed entity human from grid at 41, 26
Added entity naturereserve at 0, 0
Human Zane built Nature Reserve for WOLF
Added entity wolf at 1, 21
Removed entity human from grid at 42, 24
Removed entity wolf from grid at 15, 48
Removed entity wolf from grid at 26, 37
Removed entity human from grid at 25, 26
Added entity naturereserve at 3, 13
Human Oscar built Nature Reserve for WOLF
Removed entity wolf from grid at 4, 14
Removed entity human from grid at 22, 24
Added entity wolf at 39, 33
Added entity cow at 36, 12
Removed entity human from grid at 37, 27
Added entity wolf at 2, 16
Removed entity wolf from grid at 19, 48
Added entity naturereserve at 15, 47
Human Oscar built Nature Reserve for WOLF
Removed entity wolf from grid at 23, 35
Added entity naturereserve at 2, 9
Human Luna built Nature Reserve for WOLF
Added entity naturereserve at 16, 49
Human Nina built Nature Reserve for WOLF
Removed entity wolf from grid at 6, 17
Removed entity human from grid at 46, 28
Added entity human at 37, 32
Added entity human at 32, 20
Removed entity human from grid at 37, 32
Removed entity human from grid at 37, 31
Removed entity human from grid at 25, 23
Removed entity human from grid at 41, 7
Added entity wolf at 33, 7
Removed entity human from grid at 44, 22
Added entity wolf at 49, 9
Removed entity wolf from grid at 3, 15
Added entity tree at 22, 39
Removed entity human from grid at 37, 4
Added entity naturereserve at 18, 47
Human Wendy built Nature Reserve for WOLF
Removed entity human from grid at 34, 9
Removed entity human from grid at 37, 6
Removed entity human from grid at 29, 5
Removed entity wolf from grid at 34, 45
Added entity naturereserve at 36, 49
Human Eve built Nature Reserve for WOLF
Added entity naturereserve at 7, 15
Human Jack built Nature Reserve for WOLF
Added entity human at 42, 22
Removed entity house from grid at 43, 23
Removed entity human from grid at 29, 13
Removed entity human from grid at 42, 22
Added entity wolf at 18, 48
Removed entity human from grid at 33, 10
Added entity wolf at 3, 17
Removed entity human from grid at 28, 4
Added entity human at 13, 14
Added entity naturereserve at 29, 48
Human Victor built Nature Reserve for WOLF
Added entity human at 42, 44
Added entity human at 22, 17
Added entity human at 33, 16
Removed entity house from grid at 47, 43
Removed entity human from grid at 22, 17
Added entity cow at 37, 11
Removed entity human from grid at 20, 23
Added entity wolf at 15, 13
Added entity naturereserve at 19, 36
Human Ivy built Nature Reserve for WOLF
Removed entity wolf from grid at 41, 34
Added entity naturereserve at 1, 5
Human Sam built Nature Reserve for WOLF
Added entity naturereserve at 45, 35
Human Sam built Nature Reserve for WOLF
Added entity berry at 26, 3
Removed entity berry from grid at 26, 3
Removed entity human from grid at 33, 9
Added entity human at 11, 25
Removed entity wolf from grid at 2, 16
Added entity naturereserve at 28, 46
Human Victor built Nature Reserve for WOLF
Added entity human at 47, 24
Removed entity cow from grid at 9, 2
Added entity human at 30, 28
Added entity human at 27, 24
Removed entity human from grid at 27, 24
Removed entity human from grid at 47, 24
Added entity cow at 38, 11
Removed entity human from grid at 21, 10
Added entity wolf at 3, 18
Removed entity wolf from grid at 10, 45
Removed entity wolf from grid at 4, 17
Removed entity wolf from grid at 15, 48
Added entity human at 17, 13
Added entity human at 16, 23
Removed entity wolf from grid at 0, 19
Removed entity human from grid at 16, 23
Removed entity human from grid at 17, 13
Added entity cow at 37, 12
Added entity cow at 36, 12
Removed entity human from grid at 13, 14
Added entity wolf at 37, 48
Added entity cow at 21, 1
Added entity wolf at 7, 16
Removed entity cow from grid at 34, 22
Added entity wolf at 23, 31
Added entity wolf at 0, 21
Removed entity human from grid at 18, 27
Added entity naturereserve at 0, 10
Human Grace built Nature Reserve for WOLF
Added entity human at 25, 26
Removed entity human from grid at 42, 44
Added entity naturereserve at 0, 11
Human Bob built Nature Reserve for WOLF
Removed entity wolf from grid at 3, 18
Removed entity human from grid at 19, 30
Added entity human at 37, 21
Removed entity house from grid at 38, 22
Removed entity human from grid at 25, 26
Removed entity human from grid at 12, 26
Added entity wolf at 14, 18
Removed entity human from grid at 14, 28
Added entity naturereserve at 32, 42
Human Yara built Nature Reserve for WOLF
Added entity tree at 7, 13
Removed entity human from grid at 16, 13
Added entity naturereserve at 8, 14
Human Jack built Nature Reserve for WOLF
Added entity naturereserve at 28, 47
Human Victor built Nature Reserve for WOLF
Added entity human at 34, 9
Removed entity house from grid at 38, 14
Removed entity human from grid at 34, 9
Added entity cow at 38, 13
Removed entity wolf from grid at 8, 46
Removed entity wolf from grid at 4, 19
Added entity naturereserve at 18, 49
Human Sam built Nature Reserve for WOLF
Removed entity human from grid at 15, 11
Removed entity cow from grid at 10, 7
Removed entity wolf from grid at 37, 48
Added entity human at 32, 26
Added entity naturereserve at 5, 3
Human Bob built Nature Reserve for WOLF
Added entity human at 38, 19
Removed entity house from grid at 48, 49
Removed entity house from grid at 42, 14
Added entity cow at 37, 13
Added entity wolf at 2, 8
Added entity naturereserve at 28, 44
Human Zane built Nature Reserve for WOLF
Removed entity wolf from grid at 22, 34
Added entity naturereserve at 19, 49
Human Sam built Nature Reserve for WOLF
Added entity naturereserve at 23, 38
Human Luna built Nature Reserve for WOLF
Removed entity human from grid at 6, 27
Removed entity human from grid at 13, 10
Added entity human at 18, 9
Removed entity human from grid at 18, 9
Added entity cow at 38, 14
Added entity wolf at 31, 42
Added entity wolf at 2, 4
Added entity wolf at 41, 34
Removed entity human from grid at 22, 19
Added entity naturereserve at 39, 49
Human Ivy built Nature Reserve for WOLF
Added entity naturereserve at 8, 48
Human Nina built Nature Reserve for WOLF
Removed entity wolf from grid at 2, 4
Added entity naturereserve at 30, 44
Human Xander built Nature Reserve for WOLF
Added entity human at 34, 19
Removed entity house from grid at 35, 20
Removed entity human from grid at 42, 23
Removed entity human from grid at 29, 23
Added entity wolf at 0, 1
Removed entity cow from grid at 41, 22
Added entity wolf at 46, 35
Added entity wolf at 43, 36
Removed entity wolf from grid at 31, 44
Added entity naturereserve at 0, 15
Human Wendy built Nature Reserve for WOLF
Added entity naturereserve at 27, 49
Human Ruby built Nature Reserve for WOLF
Added entity human at 41, 18
Removed entity wolf from grid at 2, 22
Added entity human at 14, 23
Added entity human at 27, 16
Added entity tree at 43, 34
Removed entity human from grid at 29, 20
Removed entity human from grid at 22, 16
Added entity wolf at 25, 45
Added entity wolf at 31, 49
Added entity wolf at 45, 37
Removed entity wolf from grid at 3, 10
Added entity naturereserve at 22, 44
Human Oscar built Nature Reserve for WOLF
Added entity naturereserve at 14, 0
Human Luna built Nature Reserve for WOLF
Added entity naturereserve at 1, 7
Human Sam built Nature Reserve for WOLF
Added entity naturereserve at 6, 8
Human Wendy built Nature Reserve for WOLF
Removed entity berry from grid at 24, 18
Added entity human at 39, 12
Added entity human at 21, 8
Removed entity house from grid at 22, 9
Removed entity human from grid at 21, 8
Removed entity human from grid at 39, 12
Removed entity human from grid at 25, 18
Added entity cow at 37, 14
Added entity cow at 22, 0
Added entity wolf at 23, 43
Added entity wolf at 26, 21
Removed entity human from grid at 33, 24
Added entity wolf at 1, 6
Removed entity wolf from grid at 31, 49
Removed entity wolf from grid at 9, 49
Added entity human at 48, 7
Added entity human at 44, 46
Added entity human at 25, 18
Removed entity human from grid at 48, 7
Removed entity human from grid at 30, 17
Removed entity wolf from grid at 36, 38
Added entity naturereserve at 4, 12
Human Zane built Nature Reserve for WOLF
Removed entity wolf from grid at 11, 18
Removed entity wolf from grid at 26, 46
Added entity wolf at 2, 11
Removed entity wolf from grid at 2, 11
Removed entity wolf from grid at 3, 6
Added entity cow at 39, 13
Added entity wolf at 27, 44
Added entity wolf at 1, 6
Added entity wolf at 9, 20
Added entity wolf at 39, 37
Removed entity wolf from grid at 23, 41
Removed entity wolf from grid at 27, 44
Added entity naturereserve at 2, 3
Human Sam built Nature Reserve for WOLF
Added entity naturereserve at 16, 47
Human Milo built Nature Reserve for WOLF
Added entity naturereserve at 32, 47
Human Xander built Nature Reserve for WOLF
Added entity human at 33, 22
Added entity human at 12, 26
Removed entity house from grid at 13, 27
Removed entity human from grid at 33, 22
Added entity cow at 40, 12
Removed entity human from grid at 45, 45
Added entity wolf at 5, 8
Removed entity human from grid at 41, 10
Added entity wolf at 12, 16
Removed entity human from grid at 32, 24
Added entity wolf at 21, 40
Removed entity wolf from grid at 48, 31
Removed entity wolf from grid at 9, 19
Removed entity berry from grid at 16, 9
Removed entity cow from grid at 24, 18
Removed entity human from grid at 32, 29
Removed entity human from grid at 43, 44
Removed entity human from grid at 10, 3
Added entity human at 41, 7
Removed entity wolf from grid at 5, 46
Added entity human at 14, 27
Removed entity human from grid at 41, 7
Added entity cow at 39, 11
Added entity wolf at 5, 12
Removed entity human from grid at 40, 28
Added entity naturereserve at 3, 17
Human Zane built Nature Reserve for WOLF
Removed entity wolf from grid at 5, 12
Added entity naturereserve at 30, 48
Human Yara built Nature Reserve for WOLF
Removed entity human from grid at 35, 19
Added entity human at 48, 6
Removed entity wolf from grid at 3, 6
Removed entity wolf from grid at 9, 15
Removed entity human from grid at 48, 6
Added entity cow at 38, 15
Added entity wolf at 9, 15
Removed entity cow from grid at 25, 14
Removed entity wolf from grid at 23, 41
Added entity naturereserve at 1, 21
Human Wendy built Nature Reserve for WOLF
Removed entity human from grid at 47, 37
Added entity naturereserve at 6, 49
Human Zane built Nature Reserve for WOLF
Removed entity human from grid at 37, 23
Removed entity human from grid at 23, 26
Removed entity wolf from grid at 5, 6
Added entity naturereserve at 11, 16
Human Oscar built Nature Reserve for WOLF
Removed entity human from grid at 46, 37
Added entity cow at 39, 14
Added entity wolf at 8, 15
Added entity wolf at 19, 48
Removed entity wolf from grid at 47, 31
Added entity wolf at 49, 33
Added entity human at 31, 37
Removed entity wolf from grid at 4, 49
Removed entity wolf from grid at 44, 33
Added entity human at 16, 25
Removed entity human from grid at 31, 37
Added entity cow at 40, 12
Removed entity human from grid at 26, 21
Added entity wolf at 18, 48
Removed entity wolf from grid at 38, 36
Added entity wolf at 33, 49
Added entity naturereserve at 2, 30
Human Eve built Nature Reserve for WOLF
Added entity naturereserve at 3, 21
Human Jack built Nature Reserve for WOLF
Added entity naturereserve at 0, 4
Human Sam built Nature Reserve for WOLF
Added entity human at 43, 5
Removed entity wolf from grid at 19, 48
Removed entity wolf from grid at 0, 1
Added entity human at 3, 35
Removed entity human from grid at 43, 5
Added entity wolf at 3, 4
Added entity cow at 23, 1
Added entity naturereserve at 17, 34
Human Frank built Nature Reserve for WOLF
Added entity wolf at 23, 31
Added entity naturereserve at 23, 41
Human Nina built Nature Reserve for WOLF
Added entity naturereserve at 8, 47
Human Zane built Nature Reserve for WOLF
Removed entity human from grid at 40, 22
Removed entity wolf from grid at 3, 4
Added entity cow at 24, 2
Added entity cow at 39, 11
Added entity wolf at 10, 15
Removed entity human from grid at 3, 36
Removed entity cow from grid at 41, 22
Removed entity wolf from grid at 5, 18
Removed entity wolf from grid at 18, 48
Added entity human at 37, 30
Removed entity human from grid at 0, 48
Added entity berry at 22, 31
Added entity wolf at 17, 48
Removed entity wolf from grid at 4, 14
Removed entity wolf from grid at 47, 34
Added entity wolf at 1, 11
Removed entity wolf from grid at 1, 11
Added entity cow at 23, 1
Removed entity wolf from grid at 9, 16
Removed entity human from grid at 21, 14
Removed entity wolf from grid at 4, 46
Removed entity wolf from grid at 17, 48
Removed entity cow from grid at 13, 9
Added entity berry at 48, 45
Removed entity wolf from grid at 32, 49
Added entity cow at 22, 2
Added entity cow at 40, 10
Added entity wolf at 3, 30
Added entity wolf at 3, 14
Removed entity human from grid at 36, 21
Added entity naturereserve at 25, 49
Human Yara built Nature Reserve for WOLF
Added entity naturereserve at 29, 46
Human Alice built Nature Reserve for WOLF
Added entity wolf at 0, 13
Added entity human at 31, 37
Removed entity human from grid at 40, 20
Added entity human at 16, 16
Added entity human at 18, 18
Added entity human at 44, 17
Removed entity human from grid at 44, 17
Added entity wolf at 1, 0
Removed entity berry from grid at 20, 14
Added entity wolf at 37, 35
Added entity naturereserve at 25, 47
Human Nina built Nature Reserve for WOLF
Added entity naturereserve at 6, 48
Human Zane built Nature Reserve for WOLF
Removed entity human from grid at 33, 35
Added entity naturereserve at 2, 47
Human Yara built Nature Reserve for WOLF
Added entity human at 27, 29
Added entity human at 21, 14
Removed entity human from grid at 20, 16
Added entity wolf at 1, 11
Added entity wolf at 7, 16
Removed entity wolf from grid at 22, 36
Removed entity wolf from grid at 7, 16
Added entity naturereserve at 7, 41
Human Ivy built Nature Reserve for WOLF
Added entity human at 9, 5
Added entity naturereserve at 23, 45
Human Oscar built Nature Reserve for WOLF
Added entity naturereserve at 13, 46
Human Milo built Nature Reserve for WOLF
Added entity wolf at 6, 42
Removed entity cow from grid at 20, 14
Added entity cow at 41, 11
Added entity cow at 38, 15
Added entity wolf at 9, 47
Added entity wolf at 3, 9
Removed entity cow from grid at 14, 5
Added entity wolf at 47, 36
Removed entity cow from grid at 14, 3
Removed entity human from grid at 17, 11
Added entity cow at 37, 16
Added entity wolf at 19, 35
Added entity naturereserve at 35, 45
Human Wendy built Nature Reserve for WOLF
Added entity wolf at 11, 18
Added entity wolf at 49, 29
Added entity wolf at 22, 36
Removed entity cow from grid at 16, 9
Added entity wolf at 45, 36
Added entity human at 43, 42
Removed entity human from grid at 14, 5
Added entity human at 32, 34
Removed entity wolf from grid at 5, 45
Added entity human at 42, 2
Removed entity human from grid at 15, 8
Removed entity human from grid at 43, 40
Removed entity human from grid at 16, 23
Added entity human at 35, 26
Removed entity human from grid at 12, 34
Removed entity human from grid at 42, 2
Added entity cow at 40, 12
Removed entity human from grid at 23, 12
Removed entity human from grid at 20, 12
Added entity wolf at 8, 49
Added entity wolf at 24, 39
Removed entity human from grid at 12, 36
Added entity wolf at 24, 31
Added entity wolf at 33, 48
Added entity wolf at 4, 15
Added entity human at 35, 35
Removed entity cow from grid at 15, 3
Added entity naturereserve at 2, 48
Human Yara built Nature Reserve for WOLF
Removed entity human from grid at 17, 9
Added entity human at 15, 11
Removed entity wolf from grid at 2, 14
Removed entity cow from grid at 14, 1
Added entity human at 40, 26
Removed entity human from grid at 33, 34
Added entity human at 23, 12
Removed entity human from grid at 23, 12
Removed entity human from grid at 26, 31
Added entity wolf at 22, 40
Added entity wolf at 40, 48
Removed entity wolf from grid at 8, 17
Removed entity human from grid at 16, 9
Removed entity wolf from grid at 4, 13
Removed entity wolf from grid at 9, 46
Added entity naturereserve at 34, 49
Human Zane built Nature Reserve for WOLF
Added entity wolf at 7, 48
Added entity wolf at 3, 18
Added entity wolf at 47, 34
Added entity wolf at 26, 22
Added entity wolf at 6, 15
Added entity berry at 5, 29
Added entity naturereserve at 31, 45
Human Eve built Nature Reserve for WOLF
Removed entity wolf from grid at 0, 47
Removed entity human from grid at 16, 9
Removed entity human from grid at 45, 45
Added entity human at 34, 31
Removed entity human from grid at 34, 31
Removed entity human from grid at 19, 7
Added entity cow at 39, 13
Added entity wolf at 35, 44
Added entity cow at 36, 17
Removed entity cow from grid at 17, 0
Removed entity human from grid at 30, 36
Added entity wolf at 30, 47
Added entity cow at 23, 3
Added entity wolf at 33, 48
Added entity wolf at 18, 37
Removed entity cow from grid at 17, 5
Removed entity wolf from grid at 35, 44
Removed entity human from grid at 21, 12
Removed entity wolf from grid at 9, 48
Removed entity wolf from grid at 4, 15
Removed entity cow from grid at 16, 3
Removed entity human from grid at 6, 30
Added entity human at 15, 13
Removed entity human from grid at 18, 10
Removed entity wolf from grid at 2, 11
Added entity human at 35, 22
Removed entity house from grid at 36, 23
Added entity human at 40, 22
Added entity human at 40, 23
Removed entity house from grid at 41, 23
Removed entity human from grid at 38, 19
Added entity wolf at 3, 18
Added entity wolf at 28, 49
Added entity naturereserve at 24, 41
Human Ivy built Nature Reserve for WOLF
Added entity wolf at 37, 46
Removed entity wolf from grid at 22, 42
Added entity naturereserve at 25, 45
Human Nina built Nature Reserve for WOLF
Removed entity wolf from grid at 7, 46
Removed entity cow from grid at 17, 3
Added entity naturereserve at 13, 48
Human Luna built Nature Reserve for WOLF
Removed entity wolf from grid at 35, 47
Added entity human at 9, 5
Added entity human at 42, 4
Removed entity human from grid at 42, 4
Removed entity human from grid at 39, 21
Removed entity human from grid at 34, 21
Added entity cow at 35, 16
Added entity wolf at 4, 11
Added entity wolf at 9, 14
Removed entity human from grid at 38, 20
Added entity wolf at 10, 15
Removed entity human from grid at 17, 5
Removed entity cow from grid at 17, 8
Added entity wolf at 1, 9
Removed entity human from grid at 15, 9
Added entity naturereserve at 23, 44
Human Oscar built Nature Reserve for WOLF
Removed entity wolf from grid at 1, 12
Added entity naturereserve at 10, 45
Human Zane built Nature Reserve for WOLF
Removed entity wolf from grid at 30, 47
Removed entity wolf from grid at 22, 40
Added entity naturereserve at 20, 45
Human Victor built Nature Reserve for WOLF
Removed entity cow from grid at 17, 4
Added entity human at 43, 7
Added entity human at 39, 31
Removed entity cow from grid at 19, 0
Removed entity human from grid at 39, 31
Removed entity human from grid at 43, 7
Added entity cow at 34, 15
Added entity wolf at 25, 42
Added entity wolf at 3, 46
Added entity wolf at 32, 43
Removed entity wolf from grid at 32, 43
Added entity wolf at 12, 17
Added entity wolf at 33, 6
Added entity wolf at 48, 8
Removed entity wolf from grid at 4, 13
Added entity human at 46, 6
Added entity naturereserve at 37, 43
Human Wendy built Nature Reserve for WOLF
Removed entity wolf from grid at 3, 46
Removed entity human from grid at 46, 6
Added entity cow at 33, 16
Added entity wolf at 22, 33
Added entity wolf at 6, 3
Added entity wolf at 24, 47
Removed entity wolf from grid at 24, 39
Removed entity wolf from grid at 24, 47
Removed entity wolf from grid at 28, 49
Removed entity wolf from grid at 25, 42
Added entity naturereserve at 12, 47
Human Ivy built Nature Reserve for WOLF
Added entity naturereserve at 23, 39
Human Nina built Nature Reserve for WOLF
Removed entity human from grid at 13, 4
Added entity human at 31, 34
Added entity human at 3, 35
Added entity cow at 32, 15
Added entity wolf at 26, 48
Added entity wolf at 24, 38
Removed entity human from grid at 41, 26
Added entity wolf at 0, 7
Removed entity human from grid at 19, 8
Removed entity wolf from grid at 25, 38
Removed entity human from grid at 21, 9
Added entity wolf at 3, 16
Added entity human at 35, 33
Removed entity wolf from grid at 21, 40
Removed entity human from grid at 15, 7
Removed entity human from grid at 17, 4
Added entity human at 47, 40
Added entity human at 45, 40
Removed entity human from grid at 47, 40
Removed entity human from grid at 10, 25
Added entity wolf at 27, 45
Added entity wolf at 25, 42
Added entity naturereserve at 26, 39
Human Ivy built Nature Reserve for WOLF
Removed entity wolf from grid at 27, 48
Added entity human at 45, 31
Removed entity human from grid at 28, 22
Removed entity human from grid at 16, 6
Removed entity cow from grid at 15, 8
Added entity human at 46, 40
Removed entity human from grid at 44, 39
Removed entity cow from grid at 18, 0
Removed entity human from grid at 46, 40
Removed entity human from grid at 45, 31
Removed entity human from grid at 34, 33
Added entity cow at 31, 14
Removed entity wolf from grid at 2, 2
Added entity wolf at 30, 47
Added entity wolf at 6, 2
Added entity wolf at 49, 29
Added entity wolf at 31, 49
Added entity wolf at 19, 23
Removed entity wolf from grid at 27, 45
Removed entity wolf from grid at 36, 48
Added entity human at 32, 31
Removed entity human from grid at 36, 43
Removed entity wolf from grid at 30, 47
Added entity human at 43, 7
Added entity human at 42, 26
Added entity human at 31, 34
Added entity berry at 42, 28
Removed entity human from grid at 43, 7
Removed entity human from grid at 40, 20
Added entity wolf at 28, 43
Added entity naturereserve at 33, 42
Human Wendy built Nature Reserve for WOLF
Added entity wolf at 11, 19
Removed entity wolf from grid at 4, 14
Added entity human at 15, 23
Added entity naturereserve at 20, 47
Human Xander built Nature Reserve for WOLF
Removed entity human from grid at 32, 34
Added entity naturereserve at 43, 24
Human Jack built Nature Reserve for WOLF
Added entity cow at 22, 2
Added entity cow at 40, 14
Added entity wolf at 35, 48
Added entity wolf at 14, 45
Removed entity human from grid at 13, 27
Added entity wolf at 6, 9
Added entity wolf at 39, 33
Added entity wolf at 24, 22
Removed entity human from grid at 4, 37
Removed entity wolf from grid at 14, 45
Removed entity wolf from grid at 3, 14
Removed entity wolf from grid at 31, 49
Removed entity wolf from grid at 35, 48
Removed entity wolf from grid at 25, 44
Removed entity cow from grid at 18, 1
Removed entity human from grid at 40, 28
Added entity cow at 32, 13
Removed entity wolf from grid at 11, 17
Removed entity human from grid at 17, 5
Added entity wolf at 2, 46
Added entity wolf at 5, 48
Removed entity wolf from grid at 34, 45
Removed entity wolf from grid at 4, 11
Removed entity wolf from grid at 26, 41
Removed entity wolf from grid at 10, 18
Added entity human at 20, 17
Added entity human at 44, 40
Added entity house at 9, 36
Removed entity human from grid at 44, 40
Removed entity human from grid at 20, 17
Added entity cow at 33, 12
Added entity cow at 41, 13
Added entity cow at 23, 1
Removed entity human from grid at 17, 23
Added entity wolf at 17, 49
Added entity wolf at 1, 9
Added entity wolf at 19, 22
Removed entity wolf from grid at 2, 44
Removed entity cow from grid at 18, 5
Added entity human at 37, 24
Removed entity human from grid at 37, 24
Removed entity human from grid at 35, 28
Removed entity cow from grid at 36, 22
Removed entity human from grid at 37, 31
Added entity naturereserve at 35, 39
Human Nina built Nature Reserve for WOLF
Removed entity wolf from grid at 22, 20
Added entity wolf at 2, 11
Removed entity wolf from grid at 15, 49
Added entity human at 43, 31
Removed entity wolf from grid at 36, 48
Removed entity human from grid at 17, 4
Added entity human at 14, 39
Removed entity human from grid at 43, 31
Added entity wolf at 47, 34
Added entity naturereserve at 25, 48
Human Eve built Nature Reserve for WOLF
Removed entity human from grid at 15, 8
Added entity human at 11, 7
Removed entity wolf from grid at 3, 18
Removed entity human from grid at 19, 7
Added entity human at 23, 28
Removed entity human from grid at 20, 2
Removed entity human from grid at 23, 28
Added entity cow at 22, 0
Added entity cow at 34, 13
Removed entity human from grid at 30, 30
Added entity wolf at 8, 3
Added entity human at 19, 28
Added entity human at 19, 30
Added entity naturereserve at 0, 44
Human Tina built Nature Reserve for WOLF
Added entity human at 41, 8
Removed entity house from grid at 42, 9
Added entity human at 12, 27
Added entity human at 12, 28
Removed entity house from grid at 13, 28
Removed entity cow from grid at 40, 9
Removed entity human from grid at 19, 28
Added entity cow at 21, 1
Removed entity human from grid at 11, 7
Added entity cow at 40, 12
Added entity wolf at 19, 47
Added entity wolf at 11, 46
Removed entity human from grid at 20, 28
Added entity wolf at 4, 4
Removed entity wolf from grid at 24, 39
Added entity wolf at 36, 46
Added entity wolf at 49, 8
Added entity human at 32, 29
Added entity human at 16, 37
Removed entity human from grid at 16, 37
Added entity cow at 39, 13
Added entity cow at 22, 2
Removed entity human from grid at 10, 25
Added entity wolf at 35, 38
Added entity wolf at 3, 2
Added entity wolf at 21, 22
Added entity human at 45, 5
Removed entity wolf from grid at 5, 49
Removed entity human from grid at 16, 39
Removed entity tree from grid at 5, 38
Added entity human at 24, 17
Added entity human at 13, 22
Removed entity human from grid at 13, 22
Removed entity human from grid at 24, 17
Removed entity human from grid at 45, 5
Removed entity cow from grid at 38, 9
Added entity wolf at 26, 45
Added entity wolf at 9, 46
Added entity wolf at 21, 45
Removed entity human from grid at 29, 18
Added entity wolf at 14, 14
Added entity human at 9, 7
Removed entity human from grid at 9, 6
Added entity human at 16, 18
Added entity human at 11, 24
Removed entity human from grid at 11, 24
Removed entity human from grid at 16, 18
Removed entity human from grid at 9, 7
Added entity cow at 23, 1
Added entity cow at 38, 14
Added entity cow at 33, 12
Added entity wolf at 12, 16
Removed entity tree from grid at 11, 36
Removed entity human from grid at 9, 8
Added entity human at 47, 2
Removed entity wolf from grid at 26, 45
Added entity human at 20, 19
Removed entity human from grid at 10, 9
Removed entity wolf from grid at 21, 43
Added entity human at 9, 25
Added entity human at 41, 24
Added entity human at 27, 24
Removed entity human from grid at 27, 24
Removed entity human from grid at 20, 19
Removed entity human from grid at 47, 2
Added entity cow at 37, 13
Removed entity human from grid at 14, 28
Removed entity human from grid at 38, 8
Added entity house at 11, 37
Removed entity wolf from grid at 0, 46
Removed entity human from grid at 11, 22
Added entity human at 26, 18
Added entity human at 32, 26
Added entity human at 15, 21
Added entity human at 17, 31
Added entity human at 45, 26
Removed entity human from grid at 45, 26
Removed entity human from grid at 17, 31
Removed entity human from grid at 15, 21
Removed entity human from grid at 26, 18
Added entity cow at 24, 0
Added entity wolf at 24, 48
Added entity wolf at 38, 44
Added entity wolf at 2, 22
Added entity wolf at 15, 1
Added entity wolf at 1, 9
Added entity wolf at 46, 32
Added entity wolf at 27, 46
Removed entity human from grid at 10, 35
Added entity human at 26, 24
Added entity human at 23, 23
Added entity human at 45, 26
Added entity human at 6, 28
Removed entity cow from grid at 21, 7
Added entity human at 48, 10
Added entity human at 36, 27
Added entity human at 37, 29
Removed entity human from grid at 37, 29
Removed entity human from grid at 48, 10
Removed entity human from grid at 6, 28
Removed entity human from grid at 23, 23
Removed entity human from grid at 26, 24
Removed entity human from grid at 40, 23
Removed entity human from grid at 8, 25
Removed entity wolf from grid at 16, 13
Removed entity wolf from grid at 43, 33
Added entity wolf at 3, 18
Added entity wolf at 5, 12
Added entity wolf at 26, 48
Removed entity wolf from grid at 11, 47
Removed entity wolf from grid at 37, 49
Added entity tree at 5, 13
Added entity human at 6, 23
Removed entity human from grid at 32, 29
Removed entity human from grid at 6, 23
Removed entity human from grid at 35, 26
Removed entity human from grid at 34, 20
Removed entity wolf from grid at 21, 43
Removed entity wolf from grid at 36, 46
Removed entity wolf from grid at 19, 42
Added entity human at 18, 11
Removed entity human from grid at 31, 28
Removed entity wolf from grid at 20, 34
Added entity wolf at 14, 17
Removed entity cow from grid at 23, 7
Added entity human at 35, 10
Added entity human at 27, 24
Removed entity human from grid at 27, 24
Removed entity human from grid at 35, 10
Added entity cow at 34, 13
Removed entity human from grid at 18, 10
Added entity wolf at 8, 42
Added entity wolf at 5, 7
Removed entity wolf from grid at 26, 48
Added entity wolf at 1, 13
Removed entity human from grid at 11, 38
Added entity human at 42, 44
Removed entity wolf from grid at 18, 46
Removed entity human from grid at 10, 37
Added entity human at 17, 31
Added entity human at 45, 24
Removed entity human from grid at 10, 35
Removed entity human from grid at 45, 24
Removed entity human from grid at 17, 31
Removed entity human from grid at 42, 44
Removed entity human from grid at 45, 26
Added entity cow at 38, 14
Added entity wolf at 33, 41
Added entity wolf at 36, 44
Added entity wolf at 6, 42
Added entity wolf at 48, 33
Added entity human at 24, 26
Removed entity human from grid at 9, 37
Added entity human at 43, 7
Removed entity human from grid at 16, 16
Removed entity human from grid at 9, 35
Removed entity wolf from grid at 21, 47
Added entity human at 37, 34
Removed entity human from grid at 37, 34
Removed entity cow from grid at 42, 7
Added entity cow at 23, 1
Removed entity human from grid at 40, 18
Added entity wolf at 22, 45
Removed entity wolf from grid at 27, 48
Added entity wolf at 21, 22
Added entity wolf at 1, 9
Removed entity wolf from grid at 22, 45
Added entity human at 18, 29
Added entity human at 22, 24
Added entity human at 48, 4
Added entity human at 36, 27
Added entity human at 38, 22
Added entity human at 27, 14
Removed entity human from grid at 27, 14
Removed entity human from grid at 22, 24
Added entity cow at 39, 15
Removed entity cow from grid at 19, 11
Removed entity human from grid at 17, 29
Added entity wolf at 7, 48
Added entity wolf at 10, 15
Added entity wolf at 22, 40
Added entity human at 47, 0
Removed entity human from grid at 25, 5
Added entity human at 16, 25
Added entity human at 17, 11
Added entity human at 34, 7
Removed entity human from grid at 16, 25
Removed entity human from grid at 47, 0
Removed entity human from grid at 45, 9
Added entity cow at 33, 14
Added entity wolf at 11, 44
Added entity wolf at 2, 29
Added entity wolf at 5, 48
Added entity wolf at 4, 17
Added entity wolf at 14, 1
Added entity wolf at 29, 44
Added entity wolf at 33, 43
Added entity wolf at 3, 8
Added entity wolf at 2, 8
Added entity wolf at 34, 7
Added entity wolf at 38, 37
Removed entity human from grid at 9, 37
Added entity human at 17, 11
Added entity human at 24, 19
Removed entity human from grid at 24, 19
Removed entity human from grid at 33, 7
Removed entity human from grid at 18, 11
Added entity wolf at 13, 47
Added entity wolf at 9, 14
Added entity wolf at 33, 28
Removed entity wolf from grid at 11, 46
Removed entity wolf from grid at 33, 44
Removed entity wolf from grid at 13, 47
Removed entity human from grid at 33, 33
Removed entity wolf from grid at 33, 43
Added entity human at 6, 28
Removed entity human from grid at 8, 25
Added entity human at 17, 9
Added entity human at 28, 5
Removed entity human from grid at 30, 30
Removed entity human from grid at 28, 5
Removed entity human from grid at 17, 9
Removed entity human from grid at 6, 28
Added entity cow at 38, 16
Removed entity human from grid at 34, 18
Added entity wolf at 25, 22
Added entity wolf at 26, 46
Added entity wolf at 23, 40
Removed entity wolf from grid at 23, 40
Removed entity wolf from grid at 10, 44
Added entity wolf at 47, 9
Removed entity wolf from grid at 3, 9
Removed entity wolf from grid at 33, 43
Added entity tree at 30, 30
Removed entity wolf from grid at 26, 46
Added entity human at 18, 23
Added entity human at 27, 16
Removed entity wolf from grid at 29, 44
Removed entity human from grid at 27, 16
Removed entity human from grid at 18, 23
Removed entity wolf from grid at 33, 24
Added entity wolf at 3, 30
Added entity wolf at 45, 36
Removed entity wolf from grid at 9, 42
Removed entity wolf from grid at 3, 9
Removed entity wolf from grid at 35, 44
Added entity human at 23, 25
Added entity human at 22, 24
Added entity human at 13, 14
Added entity human at 15, 9
Removed entity human from grid at 13, 14
Removed entity human from grid at 22, 24
Removed entity human from grid at 23, 25
Removed entity human from grid at 21, 9
Added entity cow at 34, 13
Removed entity human from grid at 47, 7
Removed entity wolf from grid at 45, 34
Added entity wolf at 29, 47
Removed entity wolf from grid at 4, 7
Removed entity wolf from grid at 23, 42
Removed entity wolf from grid at 7, 45
Added entity human at 20, 18
Added entity human at 37, 7
Added entity human at 25, 26
Added entity human at 38, 17
Added entity human at 3, 35
Added entity human at 3, 36
Removed entity house from grid at 4, 36
Removed entity human from grid at 38, 17
Removed entity human from grid at 25, 26
Removed entity human from grid at 20, 18
Added entity cow at 24, 0
Added entity wolf at 21, 44
Added entity human at 31, 21
Removed entity human from grid at 31, 21
Removed entity human from grid at 36, 7
Added entity cow at 35, 12
Added entity cow at 37, 17
Added entity wolf at 24, 49
Added entity wolf at 1, 2
Added entity wolf at 34, 47
Removed entity wolf from grid at 6, 42
Added entity human at 32, 30
Added entity human at 22, 18
Added entity human at 44, 44
Added entity human at 25, 24
Added entity human at 8, 0
Added entity human at 27, 12
Removed entity house from grid at 28, 13
Removed entity human from grid at 8, 0
Removed entity human from grid at 22, 18
Removed entity wolf from grid at 22, 10
Added entity wolf at 1, 49
Added entity wolf at 18, 48
Added entity wolf at 14, 46
Removed entity human from grid at 25, 26
Removed entity wolf from grid at 8, 16
Removed entity wolf from grid at 21, 44
Added entity human at 41, 40
Removed entity human from grid at 43, 40
Added entity human at 40, 29
Removed entity wolf from grid at 31, 47
Added entity human at 37, 8
Added entity human at 25, 29
Removed entity wolf from grid at 14, 46
Added entity human at 44, 43
Removed entity human from grid at 44, 43
Removed entity human from grid at 37, 8
Removed entity human from grid at 40, 29
Removed entity wolf from grid at 41, 39
Removed entity cow from grid at 26, 10
Removed entity human from grid at 27, 22
Removed entity human from grid at 6, 32
Removed entity cow from grid at 23, 9
Removed entity human from grid at 29, 21
Added entity wolf at 44, 34
Removed entity wolf from grid at 5, 46
Added entity human at 42, 24
Added entity human at 45, 40
Added entity human at 45, 41
Removed entity house from grid at 46, 41
Removed entity human from grid at 42, 24
Removed entity cow from grid at 25, 10
Added entity cow at 34, 13
Added entity wolf at 36, 39
Added entity wolf at 5, 9
Added entity wolf at 33, 28
Added entity wolf at 32, 49
Added entity wolf at 23, 36
Removed entity wolf from grid at 24, 49
Added entity human at 28, 14
Removed entity wolf from grid at 42, 37
Added entity human at 23, 26
Added entity human at 48, 37
Added entity human at 6, 23
Added entity human at 19, 7
Removed entity human from grid at 6, 23
Removed entity human from grid at 48, 37
Removed entity human from grid at 23, 26
Added entity cow at 35, 14
Removed entity human from grid at 42, 45
Added entity wolf at 24, 43
Added entity wolf at 2, 31
Removed entity wolf from grid at 24, 43
Added entity wolf at 7, 14
Added entity wolf at 39, 34
Added entity wolf at 24, 31
Added entity wolf at 3, 5
Removed entity wolf from grid at 8, 15
Added entity wolf at 3, 18
Added entity human at 33, 37
Removed entity wolf from grid at 30, 49
Added entity human at 33, 22
Added entity human at 37, 30
Added entity human at 41, 24
Removed entity human from grid at 41, 24
Removed entity human from grid at 37, 30
Removed entity human from grid at 33, 37
Added entity cow at 34, 15
Removed entity human from grid at 26, 16
Added entity cow at 25, 1
Added entity wolf at 6, 15
Added entity wolf at 14, 17
Added entity wolf at 33, 29
Removed entity wolf from grid at 3, 49
Removed entity wolf from grid at 6, 15
Added entity wolf at 23, 40
Removed entity wolf from grid at 43, 36
Added entity human at 32, 34
Added entity human at 34, 7
Added entity human at 34, 9
Removed entity house from grid at 35, 8
Removed entity human from grid at 34, 9
Removed entity human from grid at 33, 23
Removed entity human from grid at 26, 31
Removed entity wolf from grid at 41, 34
Added entity wolf at 4, 20
Added entity wolf at 12, 15
Added entity wolf at 8, 49
Added entity wolf at 34, 7
Added entity wolf at 32, 46
Added entity wolf at 3, 16
Removed entity wolf from grid at 16, 48
Removed entity wolf from grid at 36, 37
Removed entity wolf from grid at 38, 37
Removed entity house from grid at 33, 13
Removed entity wolf from grid at 32, 46
Removed entity wolf from grid at 35, 7
Added entity cow at 24, 2
Added entity cow at 35, 16
Removed entity human from grid at 29, 8
Removed entity human from grid at 17, 14
Removed entity human from grid at 30, 35
Added entity wolf at 19, 45
Added entity wolf at 22, 45
Added entity wolf at 24, 46
Added entity wolf at 5, 7
Removed entity wolf from grid at 21, 41
Added entity wolf at 35, 7
Removed entity human from grid at 9, 4
Removed entity wolf from grid at 43, 35
Removed entity wolf from grid at 19, 45
Added entity human at 28, 3
Added entity human at 37, 32
Removed entity house from grid at 45, 21
Removed entity human from grid at 37, 32
Removed entity human from grid at 28, 3
Removed entity wolf from grid at 34, 7
Removed entity wolf from grid at 17, 0
Added entity wolf at 36, 42
Removed entity wolf from grid at 41, 35
Added entity wolf at 38, 49
Removed entity wolf from grid at 23, 42
Removed entity wolf from grid at 23, 36
Added entity human at 11, 5
Added entity human at 48, 39
Added entity tree at 34, 33
Removed entity human from grid at 48, 39
Removed entity human from grid at 11, 5
Added entity cow at 38, 16
Added entity wolf at 2, 29
Removed entity wolf from grid at 7, 16
Removed entity wolf from grid at 11, 47
Removed entity wolf from grid at 24, 47
Added entity human at 45, 26
Removed entity wolf from grid at 34, 47
Removed entity wolf from grid at 22, 46
Removed entity human from grid at 44, 27
Added entity human at 21, 14
Added entity cow at 34, 17
Added entity cow at 23, 1
Removed entity wolf from grid at 33, 9
Added entity wolf at 8, 41
Added entity wolf at 37, 35
Added entity wolf at 9, 16
Removed entity wolf from grid at 34, 43
Removed entity human from grid at 47, 28
Removed entity wolf from grid at 37, 37
Removed entity human from grid at 14, 2
Added entity wolf at 28, 45
Added entity wolf at 21, 42
Added entity wolf at 45, 37
Added entity wolf at 37, 47
Added entity human at 31, 37
Removed entity human from grid at 31, 37
Removed entity human from grid at 36, 28
Removed entity human from grid at 14, 2
Removed entity cow from grid at 24, 21
Removed entity wolf from grid at 39, 37
Added entity wolf at 12, 17
Added entity wolf at 2, 16
Removed entity wolf from grid at 24, 39
Added entity wolf at 3, 5
Removed entity wolf from grid at 5, 14
Removed entity wolf from grid at 22, 43
Added entity human at 44, 17
Removed entity house from grid at 45, 18
Removed entity human from grid at 44, 17
Added entity cow at 33, 16
Removed entity human from grid at 21, 15
Removed entity human from grid at 36, 9
Added entity wolf at 12, 48
Added entity wolf at 2, 31
Added entity wolf at 9, 49
Added entity wolf at 3, 6
Removed entity wolf from grid at 5, 14
Added entity wolf at 38, 37
Added entity wolf at 38, 34
Removed entity wolf from grid at 6, 42
Removed entity wolf from grid at 38, 37
Added entity human at 18, 27
Removed entity wolf from grid at 38, 34
Removed entity wolf from grid at 36, 46
Added entity human at 43, 7
Added entity human at 8, 0
Added entity human at 8, 1
Removed entity house from grid at 9, 1
Added entity human at 27, 24
Added entity human at 27, 25
Removed entity house from grid at 28, 25
Added entity human at 22, 12
Added entity human at 22, 14
Removed entity house from grid at 23, 13
Removed entity human from grid at 27, 25
Removed entity wolf from grid at 42, 7
Removed entity human from grid at 18, 27
Removed entity cow from grid at 12, 1
Added entity wolf at 2, 22
Added entity wolf at 28, 43
Added entity wolf at 17, 48
Added entity wolf at 30, 47
Added entity wolf at 2, 5
Added entity human at 41, 42
Removed entity wolf from grid at 30, 47
Added entity human at 14, 4
Removed entity wolf from grid at 28, 43
Added entity human at 37, 5
Added entity human at 45, 9
Removed entity berry from grid at 24, 14
Removed entity human from grid at 26, 21
Added entity human at 27, 9
Removed entity house from grid at 28, 8
Removed entity human from grid at 43, 40
Removed entity human from grid at 45, 9
Removed entity human from grid at 37, 5
Removed entity human from grid at 14, 4
Removed entity human from grid at 21, 15
Added entity cow at 39, 17
Added entity wolf at 11, 45
Added entity wolf at 1, 47
Added entity wolf at 7, 48
Added entity wolf at 12, 16
Added entity wolf at 14, 17
Added entity wolf at 21, 37
Removed entity wolf from grid at 12, 48
Added entity human at 35, 33
Removed entity wolf from grid at 7, 48
Added entity human at 11, 36
Added entity human at 25, 29
Removed entity berry from grid at 24, 16
Removed entity human from grid at 33, 34
Added entity cow at 40, 18
Removed entity human from grid at 20, 14
Removed entity human from grid at 28, 26
Removed entity human from grid at 10, 3
Removed entity wolf from grid at 44, 34
Added entity wolf at 33, 48
Added entity wolf at 35, 28
Removed entity berry from grid at 24, 15
Removed entity human from grid at 31, 13
Removed entity wolf from grid at 13, 0
Added entity wolf at 36, 48
Added entity wolf at 32, 44
Removed entity wolf from grid at 17, 49
Added entity human at 13, 36
Added entity human at 44, 45
Added entity cow at 25, 14
Added entity human at 8, 32
Added entity human at 34, 31
Removed entity human from grid at 34, 31
Removed entity human from grid at 8, 32
Removed entity wolf from grid at 18, 20
Added entity wolf at 26, 49
Removed entity wolf from grid at 8, 49
Removed entity wolf from grid at 26, 47
Added entity human at 17, 11
Added entity human at 42, 26
Added entity tree at 0, 33
Removed entity human from grid at 42, 26
Removed entity wolf from grid at 41, 10
Added entity wolf at 3, 49
Added entity wolf at 17, 48
Removed entity human from grid at 26, 31
Added entity wolf at 0, 9
Added entity human at 36, 21
Removed entity wolf from grid at 23, 37
Removed entity berry from grid at 23, 16
Removed entity wolf from grid at 33, 44
Added entity cow at 47, 7
Removed entity human from grid at 36, 21
Added entity cow at 24, 13
Added entity cow at 34, 15
Added entity cow at 22, 2
Added entity wolf at 5, 47
Removed entity wolf from grid at 11, 47
Added entity wolf at 16, 13
Removed entity wolf from grid at 26, 49
Added entity human at 15, 11
Added entity human at 15, 9
Added entity human at 40, 23
Removed entity human from grid at 40, 23
Removed entity human from grid at 15, 9
Removed entity human from grid at 15, 11
Removed entity human from grid at 15, 15
Added entity cow at 41, 19
Removed entity wolf from grid at 47, 35
Removed entity wolf from grid at 6, 2
Added entity wolf at 25, 40
Removed entity wolf from grid at 49, 34
Added entity wolf at 16, 48
Added entity wolf at 28, 49
Removed entity human from grid at 35, 28
Removed entity wolf from grid at 16, 48
Added entity cow at 35, 16
Added entity cow at 23, 12
Removed entity human from grid at 19, 18
Removed entity wolf from grid at 6, 2
Added entity wolf at 6, 47
Removed entity human from grid at 46, 45
Added entity wolf at 34, 47
Removed entity wolf from grid at 7, 49
Added entity human at 38, 2
Added entity human at 40, 26
Removed entity human from grid at 40, 26
Removed entity human from grid at 38, 2
Added entity cow at 48, 8
Removed entity human from grid at 41, 6
Removed entity wolf from grid at 49, 33
Added entity wolf at 8, 15
Removed entity wolf from grid at 22, 43
Added entity human at 11, 25
Removed entity wolf from grid at 6, 47
Added entity human at 27, 22
Removed entity wolf from grid at 34, 47
Removed entity human from grid at 27, 22
Removed entity human from grid at 11, 25
Added entity cow at 49, 9
Added entity cow at 34, 17
Added entity cow at 40, 20
Removed entity wolf from grid at 4, 0
Added entity wolf at 10, 17
Added entity human at 35, 33
Removed entity wolf from grid at 18, 48
Added entity human at 44, 40
Added entity cow at 15, 16
Removed entity wolf from grid at 35, 47
Added entity cow at 14, 17
Added entity cow at 22, 12
Added entity cow at 21, 1
Added entity wolf at 1, 47
Added entity wolf at 36, 48
Added entity wolf at 11, 20
Removed entity wolf from grid at 5, 47
Added entity wolf at 32, 46
Added entity wolf at 2, 13
Added entity human at 46, 4
Added entity human at 48, 7
Removed entity human from grid at 48, 7
Removed entity human from grid at 46, 4
Added entity cow at 20, 0
Added entity cow at 13, 18
Removed entity berry from grid at 15, 17
Removed entity wolf from grid at 2, 0
Added entity wolf at 15, 46
Removed entity human from grid at 44, 39
Added entity human at 30, 34
Added entity human at 48, 10
Added entity human at 33, 32
Removed entity berry from grid at 14, 16
Removed entity human from grid at 33, 32
Added entity cow at 12, 17
Added entity cow at 21, 11
Added entity cow at 33, 16
Removed entity wolf from grid at 3, 1
Removed entity wolf from grid at 2, 1
Added entity wolf at 17, 46
Added entity wolf at 3, 12
Removed entity wolf from grid at 17, 46
Removed entity human from grid at 38, 26
Added entity human at 40, 2
Added entity berry at 27, 14
Added entity human at 33, 22
Added entity human at 32, 22
Added entity cow at 15, 15
Added entity human at 40, 23
Removed entity human from grid at 32, 22
Removed entity human from grid at 33, 22
Removed entity human from grid at 40, 2
Added entity cow at 39, 21
Removed entity wolf from grid at 48, 35
Removed entity wolf from grid at 2, 1
Removed entity wolf from grid at 24, 46
Removed entity human from grid at 30, 34
Added entity human at 46, 4
Removed entity wolf from grid at 1, 47
Added entity human at 16, 25
Added entity human at 46, 38
Removed entity human from grid at 16, 25
Removed entity human from grid at 46, 4
Removed entity wolf from grid at 40, 24
Added entity cow at 14, 16
Added entity cow at 22, 10
Added entity wolf at 24, 43
Removed entity wolf from grid at 25, 31
Removed entity berry from grid at 27, 14
Added entity human at 25, 29
Added entity human at 21, 14
Removed entity berry from grid at 10, 11
Added entity cow at 23, 11
Added entity cow at 15, 17
Added entity cow at 40, 22
Removed entity wolf from grid at 3, 3
Added entity wolf at 21, 46
Added entity wolf at 25, 40
Added entity wolf at 1, 4
Removed entity wolf from grid at 21, 46
Added entity human at 43, 29
Added entity human at 37, 30
Removed entity human from grid at 43, 29
Added entity cow at 16, 16
Removed entity human from grid at 28, 29
Added entity wolf at 27, 40
Added entity human at 25, 28
Removed entity wolf from grid at 0, 49
Removed entity human from grid at 25, 28
Added entity cow at 17, 15
Added entity cow at 22, 10
Added entity cow at 21, 1
Removed entity wolf from grid at 25, 42
Removed entity wolf from grid at 1, 4
Added entity wolf at 15, 46
Added entity wolf at 5, 8
Removed entity cow from grid at 13, 18
Removed entity wolf from grid at 26, 41
Added entity human at 21, 30
Added entity human at 17, 6
Added entity human at 11, 7
Removed entity human from grid at 11, 7
Added entity cow at 22, 2
Added entity cow at 13, 18
Added entity wolf at 20, 46
Removed entity wolf from grid at 3, 5
Added entity wolf at 28, 43
Added entity wolf at 34, 45
Removed entity wolf from grid at 28, 43
Added entity human at 21, 30
Removed entity wolf from grid at 29, 47
Added entity human at 11, 27
Removed entity human from grid at 11, 27
Added entity cow at 12, 19
Added entity cow at 21, 9
Added entity cow at 16, 16
Removed entity wolf from grid at 20, 20
Added entity wolf at 43, 25
Added entity wolf at 35, 48
Added entity wolf at 18, 37
Added entity wolf at 37, 47
Removed entity cow from grid at 13, 18
Added entity human at 9, 7
Added entity human at 17, 5
Added entity human at 13, 21
Removed entity human from grid at 13, 35
Added entity berry at 13, 8
Added entity human at 16, 37
Added entity human at 22, 19
Removed entity human from grid at 14, 39
Removed entity human from grid at 11, 35
Removed entity human from grid at 22, 19
Removed entity human from grid at 13, 21
Removed entity human from grid at 9, 7
Removed entity human from grid at 21, 30
Added entity cow at 21, 1
Removed entity human from grid at 39, 21
Added entity wolf at 36, 40
Added entity wolf at 29, 47
Added entity wolf at 40, 49
Added entity wolf at 33, 41
Added entity wolf at 26, 46
Removed entity wolf from grid at 9, 16
Added entity human at 9, 7
Added entity human at 40, 2
Added entity human at 14, 39
Added entity human at 13, 24
Added entity human at 18, 11
Added entity human at 25, 14
Added entity human at 25, 15
Removed entity house from grid at 26, 15
Removed entity human from grid at 25, 14
Removed entity human from grid at 18, 11
Removed entity human from grid at 14, 39
Removed entity human from grid at 40, 2
Removed entity human from grid at 9, 7
Removed entity human from grid at 20, 30
Added entity cow at 41, 21
Added entity wolf at 3, 29
Added entity human at 11, 9
Added entity human at 9, 7
Added entity human at 32, 31
Added entity human at 14, 28
Added entity human at 11, 22
Added entity human at 19, 7
Added entity human at 19, 5
Removed entity human from grid at 11, 22
Removed entity human from grid at 32, 31
Removed entity human from grid at 11, 9
Removed entity human from grid at 34, 35
Removed entity wolf from grid at 27, 46
Added entity wolf at 22, 43
Added entity wolf at 26, 48
Added entity wolf at 29, 47
Removed entity wolf from grid at 21, 39
Added entity wolf at 43, 36
Added entity human at 37, 25
Removed entity human from grid at 12, 22
Removed entity human from grid at 44, 39
Added entity human at 19, 29
Added entity human at 43, 26
Added entity human at 35, 24
Removed entity house from grid at 36, 25
Removed entity human from grid at 35, 24
Removed entity human from grid at 43, 26
Removed entity human from grid at 37, 25
Added entity cow at 42, 22
Removed entity human from grid at 24, 15
Added entity cow at 20, 0
Added entity cow at 17, 15
Removed entity wolf from grid at 20, 19
Removed entity human from grid at 46, 28
Removed entity wolf from grid at 22, 35
Added entity human at 20, 17
Removed entity cow from grid at 10, 17
Added entity human at 25, 24
Added entity human at 34, 22
Added entity human at 38, 27
Added entity human at 38, 22
Added entity human at 35, 29
Added entity human at 35, 31
Removed entity house from grid at 36, 30
Added entity tree at 3, 27
Added entity tree at 3, 26
Removed entity human from grid at 38, 22
Removed entity human from grid at 38, 27
Removed entity human from grid at 34, 22
Added entity cow at 41, 23
Added entity cow at 34, 17
Added entity berry at 39, 30
Removed entity wolf from grid at 26, 47
Added entity wolf at 4, 4
Removed entity wolf from grid at 7, 16
Added entity wolf at 40, 36
Added entity human at 32, 30
Added entity human at 15, 7
Added entity cow at 12, 10
Added entity human at 18, 18
Added entity human at 21, 12
Added entity human at 21, 14
Removed entity house from grid at 22, 13
Removed entity house from grid at 31, 15
Added entity cow at 40, 22
Removed entity human from grid at 35, 28
Added entity cow at 19, 1
Removed entity wolf from grid at 3, 2
Removed entity human from grid at 32, 29
Added entity wolf at 33, 41
Added entity wolf at 30, 45
Added entity wolf at 17, 48
Removed entity wolf from grid at 21, 44
Added entity human at 30, 28
Added entity human at 6, 28
Added entity human at 27, 24
Added entity human at 9, 25
Added entity human at 34, 30
Added entity human at 34, 31
Removed entity house from grid at 35, 30
Removed entity human from grid at 9, 25
Removed entity human from grid at 27, 24
Removed entity human from grid at 6, 28
Added entity cow at 18, 16
Added entity cow at 22, 10
Removed entity wolf from grid at 7, 14
Removed entity cow from grid at 37, 26
Added entity wolf at 13, 47
Removed entity wolf from grid at 0, 7
Added entity wolf at 17, 46
Added entity wolf at 17, 47
Added entity wolf at 2, 0
Added entity human at 41, 7
Removed entity house from grid at 24, 4
Removed entity human from grid at 41, 7
Added entity cow at 21, 11
Removed entity human from grid at 32, 26
Added entity cow at 18, 2
Added entity cow at 41, 23
Added entity cow at 11, 9
Removed entity cow from grid at 24, 20
Removed entity cow from grid at 14, 17
Removed entity wolf from grid at 26, 42
Added entity human at 12, 36
Removed entity wolf from grid at 0, 5
Added entity wolf at 22, 42
Added entity wolf at 1, 3
Added entity wolf at 18, 36
Removed entity wolf from grid at 5, 19
Added entity wolf at 0, 1
Removed entity wolf from grid at 20, 46
Removed entity wolf from grid at 8, 15
Removed entity cow from grid at 12, 20
Added entity human at 24, 18
Removed entity human from grid at 18, 29
Added entity human at 8, 33
Added entity human at 10, 35
Added entity human at 45, 26
Added entity human at 28, 28
Added entity human at 28, 29
Removed entity house from grid at 29, 29
Removed entity human from grid at 12, 38
Removed entity human from grid at 45, 26
Removed entity human from grid at 8, 33
Added entity cow at 17, 1
Added entity cow at 20, 12
Added entity cow at 19, 15
Added entity cow at 35, 16
Removed entity cow from grid at 21, 16
Removed entity human from grid at 9, 8
Removed entity wolf from grid at 40, 24
Added entity human at 8, 37
Removed entity wolf from grid at 0, 7
Added entity wolf at 2, 8
Added entity wolf at 31, 46
Removed entity wolf from grid at 5, 17
Added entity tree at 33, 40
Added entity human at 16, 16
Added entity human at 37, 34
Added entity human at 19, 29
Added entity human at 19, 8
Removed entity human from grid at 32, 26
Removed entity human from grid at 37, 34
Added entity cow at 19, 11
Added entity cow at 12, 10
Added entity cow at 40, 22
Removed entity human from grid at 15, 15
Removed entity wolf from grid at 38, 38
Removed entity wolf from grid at 4, 18
Removed entity human from grid at 43, 5
Added entity cow at 48, 10
Added entity wolf at 20, 46
Removed entity wolf from grid at 1, 6
Added entity wolf at 46, 35
Added entity wolf at 49, 31
Added entity wolf at 32, 49
Removed entity human from grid at 18, 31
Added entity human at 18, 29
Added entity human at 19, 7
Removed entity wolf from grid at 22, 43
Added entity human at 18, 25
Removed entity wolf from grid at 4, 18
Added entity human at 42, 44
Removed entity house from grid at 28, 15
Removed entity house from grid at 36, 15
Removed entity human from grid at 42, 44
Added entity cow at 20, 16
Added entity cow at 18, 2
Removed entity human from grid at 31, 25
Removed entity human from grid at 27, 20
Removed entity wolf from grid at 4, 17
Removed entity human from grid at 37, 23
Added entity wolf at 5, 8
Added entity wolf at 14, 16
Added entity wolf at 3, 6
Added entity wolf at 43, 36
Added entity human at 23, 23
Added entity human at 14, 25
Removed entity wolf from grid at 3, 18
Added entity human at 45, 24
Added entity human at 45, 7
Added entity berry at 15, 37
Added entity human at 35, 12
Removed entity human from grid at 45, 7
Removed entity human from grid at 45, 24
Added entity cow at 41, 21
Added entity cow at 11, 9
Removed entity human from grid at 17, 10
Added entity cow at 34, 15
Removed entity human from grid at 17, 14
Removed entity wolf from grid at 8, 11
Removed entity wolf from grid at 4, 17
Added entity wolf at 25, 41
Added entity wolf at 7, 47
Added entity wolf at 27, 48
Added entity wolf at 19, 21
Removed entity wolf from grid at 11, 47
Removed entity wolf from grid at 3, 18
Added entity human at 46, 11
Added entity human at 34, 21
Added entity human at 31, 34
Removed entity human from grid at 34, 21
Removed entity human from grid at 46, 11
Removed entity human from grid at 15, 25
Removed entity human from grid at 17, 25
Added entity cow at 49, 11
Added entity cow at 20, 12
Removed entity human from grid at 18, 28
Removed entity human from grid at 16, 17
Removed entity human from grid at 32, 24
Removed entity cow from grid at 35, 25
Removed entity wolf from grid at 40, 35
Removed entity wolf from grid at 37, 40
Removed entity human from grid at 29, 22
Removed entity wolf from grid at 3, 1
Added entity wolf at 15, 48
Added entity wolf at 48, 31
Added entity wolf at 22, 32
Added entity human at 26, 14
Removed entity wolf from grid at 12, 18
Added entity human at 24, 20
Added entity human at 32, 31
Added entity human at 13, 7
Removed entity human from grid at 24, 23
Added entity human at 19, 7
Added entity human at 43, 25
Removed entity house from grid at 44, 25
Removed entity human from grid at 35, 14
Added entity cow at 17, 1
Added entity cow at 21, 15
Removed entity berry from grid at 13, 8
Removed entity wolf from grid at 5, 14
Removed entity wolf from grid at 25, 42
Added entity wolf at 44, 25
Added entity wolf at 25, 46
Added entity wolf at 11, 17
Added entity wolf at 1, 0
Removed entity wolf from grid at 15, 48
Removed entity wolf from grid at 3, 18
Removed entity cow from grid at 15, 16
Added entity human at 7, 25
Removed entity house from grid at 28, 10
Added entity cow at 22, 14
Added entity cow at 16, 2
Removed entity cow from grid at 22, 21
Added entity cow at 19, 13
Removed entity human from grid at 32, 34
Added entity cow at 12, 10
Removed entity wolf from grid at 37, 41
Removed entity wolf from grid at 3, 16
Removed entity wolf from grid at 3, 2
Added entity wolf at 24, 47
Added entity wolf at 17, 46
Added entity wolf at 18, 37
Removed entity wolf from grid at 5, 17
Added entity wolf at 1, 17
Added entity berry at 31, 19
Added entity human at 43, 31
Added entity human at 21, 4
Removed entity wolf from grid at 2, 19
Added entity human at 28, 18
Added entity human at 32, 16
Removed entity human from grid at 32, 16
Removed entity human from grid at 43, 31
Added entity cow at 13, 11
Added entity cow at 17, 3
Added entity cow at 40, 20
Removed entity wolf from grid at 41, 34
Removed entity cow from grid at 34, 21
Removed entity wolf from grid at 4, 14
Removed entity human from grid at 30, 21
Removed entity wolf from grid at 4, 1
Removed entity wolf from grid at 26, 45
Removed entity wolf from grid at 0, 6
Added entity wolf at 29, 44
Added entity wolf at 28, 49
Removed entity wolf from grid at 4, 19
Added entity wolf at 0, 14
Added entity human at 38, 19
Added entity human at 18, 25
Removed entity wolf from grid at 17, 46
Added entity human at 15, 11
Removed entity human from grid at 18, 25
Added entity cow at 12, 12
Added entity cow at 23, 13
Removed entity cow from grid at 42, 24
Removed entity human from grid at 26, 16
Added entity cow at 33, 14
Removed entity human from grid at 20, 19
Removed entity wolf from grid at 37, 22
Removed entity wolf from grid at 2, 16
Removed entity cow from grid at 33, 19
Added entity human at 12, 38
Added entity wolf at 7, 48
Added entity wolf at 20, 49
Removed entity wolf from grid at 3, 18
Added entity wolf at 39, 37
Added entity wolf at 49, 9
Removed entity wolf from grid at 3, 15
Removed entity human from grid at 7, 26
Removed entity wolf from grid at 9, 21
Added entity human at 19, 5
Added entity human at 34, 17
Removed entity wolf from grid at 17, 47
Added entity human at 16, 16
Removed entity wolf from grid at 1, 19
Added entity human at 13, 21
Removed entity berry from grid at 7, 9
Removed entity house from grid at 44, 14
Added entity human at 44, 22
Added entity human at 44, 23
Removed entity house from grid at 45, 23
Removed entity human from grid at 44, 22
Removed entity human from grid at 13, 21
Removed entity human from grid at 16, 16
Removed entity human from grid at 12, 38
Added entity cow at 24, 12
Removed entity wolf from grid at 33, 44
Removed entity wolf from grid at 3, 14
Removed entity human from grid at 41, 26
Removed entity wolf from grid at 27, 46
Added entity wolf at 24, 46
Added entity wolf at 33, 48
Added entity wolf at 17, 46
Added entity wolf at 22, 45
Removed entity wolf from grid at 3, 19
Added entity wolf at 44, 34
Removed entity wolf from grid at 3, 16
Added entity human at 24, 26
Added entity human at 45, 0
Added entity human at 6, 28
Removed entity wolf from grid at 17, 46
Added entity human at 21, 14
Added entity human at 39, 9
Added entity human at 25, 18
Removed entity house from grid at 20, 6
Removed entity human from grid at 25, 18
Removed entity human from grid at 21, 14
Removed entity human from grid at 6, 28
Removed entity human from grid at 45, 0
Removed entity human from grid at 24, 26
Removed entity human from grid at 42, 21
Added entity cow at 11, 11
Removed entity human from grid at 9, 37
Removed entity human from grid at 37, 21
Removed entity wolf from grid at 1, 17
Removed entity wolf from grid at 25, 46
Removed entity wolf from grid at 0, 6
Added entity wolf at 36, 45
Added entity wolf at 12, 17
Added entity human at 41, 42
Added entity human at 38, 29
Added entity human at 14, 4
Removed entity wolf from grid at 17, 46
Removed entity wolf from grid at 2, 19
Added entity human at 44, 43
Removed entity human from grid at 44, 43
Removed entity cow from grid at 14, 3
Removed entity human from grid at 41, 42
Added entity cow at 10, 10
Removed entity human from grid at 39, 9
Removed entity cow from grid at 36, 17
Removed entity human from grid at 39, 18
Added entity cow at 16, 2
Removed entity cow from grid at 19, 13
Removed entity cow from grid at 12, 9
Removed entity wolf from grid at 19, 20
Removed entity wolf from grid at 4, 11
Removed entity cow from grid at 7, 9
Removed entity wolf from grid at 1, 17
Removed entity cow from grid at 34, 19
Added entity wolf at 28, 43
Added entity wolf at 14, 47
Added entity wolf at 29, 47
Added entity wolf at 48, 31
Removed entity wolf from grid at 1, 13
Added entity tree at 1, 31
Added entity human at 39, 13
Removed entity human from grid at 39, 13
Removed entity cow from grid at 15, 3
Removed entity cow from grid at 34, 17
Removed entity cow from grid at 13, 6
Added entity cow at 32, 13
Added entity cow at 41, 21
Removed entity cow from grid at 19, 14
Removed entity cow from grid at 12, 7
Added entity cow at 49, 9
Removed entity wolf from grid at 4, 13
Removed entity cow from grid at 20, 18
Removed entity cow from grid at 34, 18
Added entity wolf at 2, 5
Added entity human at 23, 28
Added entity human at 46, 39
Added entity human at 44, 46
Added entity human at 36, 17
Added entity human at 38, 17
Added entity human at 29, 23
Removed entity house from grid at 30, 24
Removed entity human from grid at 38, 17
Removed entity cow from grid at 37, 16
Removed entity human from grid at 44, 46
Added entity cow at 33, 12
Added entity cow at 17, 3
Added entity cow at 11, 9
Removed entity cow from grid at 34, 16
Removed entity cow from grid at 12, 7
Removed entity cow from grid at 12, 15
Removed entity cow from grid at 11, 8
Removed entity wolf from grid at 41, 35
Removed entity cow from grid at 20, 17
Removed entity wolf from grid at 3, 14
Removed entity wolf from grid at 21, 42
Removed entity wolf from grid at 1, 2
Added entity wolf at 21, 45
Added entity wolf at 25, 44
Added entity wolf at 5, 8
Added entity wolf at 40, 49
Added entity wolf at 28, 45
Removed entity human from grid at 8, 33
Added entity wolf at 21, 38
Added entity wolf at 1, 16
Removed entity wolf from grid at 8, 20
Added entity human at 48, 7
Added entity human at 13, 11
Removed entity wolf from grid at 19, 45
Added entity human at 39, 31
Removed entity human from grid at 39, 31
Removed entity cow from grid at 13, 12
Removed entity human from grid at 48, 7
Added entity cow at 32, 11
Removed entity human from grid at 46, 38
Removed entity cow from grid at 14, 2
Removed entity cow from grid at 34, 16
Removed entity cow from grid at 11, 17
Removed entity cow from grid at 30, 19
Removed entity cow from grid at 43, 25
Removed entity cow from grid at 16, 13
Removed entity cow from grid at 10, 15
Removed entity cow from grid at 32, 19
Removed entity wolf from grid at 5, 8
Added entity wolf at 10, 20
Added entity wolf at 35, 29
Removed entity wolf from grid at 2, 13
Added entity human at 31, 37
Removed entity wolf from grid at 10, 20
Added entity human at 6, 25
Added entity human at 27, 29
Added entity human at 28, 5
Removed entity cow from grid at 27, 5
Removed entity human from grid at 6, 25
Removed entity human from grid at 31, 37
Removed entity cow from grid at 13, 10
Removed entity human from grid at 37, 16
Added entity cow at 40, 20
Removed entity cow from grid at 15, 2
Removed entity cow from grid at 11, 7
Removed entity cow from grid at 19, 5
Removed entity cow from grid at 12, 8
Removed entity cow from grid at 18, 17
Removed entity cow from grid at 9, 10
Removed entity human from grid at 37, 19
Removed entity wolf from grid at 22, 43
Removed entity human from grid at 25, 31
Added entity wolf at 1, 11
Removed entity wolf from grid at 2, 20
Added entity wolf at 40, 36
Added entity human at 11, 5
Added entity human at 30, 36
Removed entity wolf from grid at 18, 46
Added entity human at 19, 7
Added entity human at 29, 20
Removed entity human from grid at 30, 36
Removed entity cow from grid at 28, 4
Removed entity cow from grid at 12, 10
Removed entity cow from grid at 30, 17
Added entity cow at 23, 11
Removed entity cow from grid at 19, 5
Removed entity cow from grid at 16, 16
Removed entity cow from grid at 9, 11
Removed entity berry from grid at 48, 11
Added entity wolf at 21, 36
Added entity wolf at 35, 7
Added entity wolf at 34, 46
Added entity wolf at 6, 17
Removed entity wolf from grid at 5, 12
Removed entity house from grid at 31, 8
Removed entity house from grid at 27, 6
Added entity cow at 39, 21
Added entity cow at 12, 11
Added entity cow at 18, 2
Removed entity human from grid at 35, 15
Removed entity human from grid at 45, 26
Removed entity human from grid at 39, 29
Added entity wolf at 24, 40
Added entity wolf at 26, 22
Added entity wolf at 1, 2
Added entity human at 47, 0
Added entity human at 25, 4
Added entity human at 25, 5
Removed entity house from grid at 26, 5
Added entity human at 38, 21
Added entity human at 38, 22
Removed entity house from grid at 39, 22
Removed entity human from grid at 38, 22
Removed entity human from grid at 47, 0
Added entity cow at 13, 10
Removed entity human from grid at 31, 20
Removed entity human from grid at 29, 6
Removed entity human from grid at 30, 18
Removed entity human from grid at 28, 18
Removed entity human from grid at 34, 17
Removed entity wolf from grid at 39, 38
Added entity wolf at 11, 17
Removed entity wolf from grid at 2, 14
Removed entity berry from grid at 8, 24
Added entity human at 44, 26
Added entity human at 32, 7
Removed entity human from grid at 32, 7
Removed entity human from grid at 44, 26
Added entity cow at 38, 20
Removed entity human from grid at 28, 28
Added entity cow at 48, 10
Removed entity human from grid at 20, 17
Removed entity wolf from grid at 21, 46
Added entity wolf at 25, 46
Added entity wolf at 46, 35
Added entity wolf at 41, 33
Added entity wolf at 37, 36
Added entity wolf at 9, 15
Added entity wolf at 3, 12
Removed entity wolf from grid at 2, 19
Added entity human at 33, 24
Added entity human at 6, 32
Added entity tree at 10, 24
Removed entity human from grid at 6, 32
Removed entity human from grid at 33, 24
Added entity cow at 17, 3
Removed entity wolf from grid at 8, 17
Removed entity wolf from grid at 2, 11
Removed entity wolf from grid at 8, 16
Added entity wolf at 36, 39
Added entity wolf at 21, 46
Added entity wolf at 5, 11
Added entity human at 31, 37
Added entity human at 47, 28
Removed entity wolf from grid at 2, 16
Added entity human at 35, 7
Removed entity human from grid at 35, 7
Removed entity human from grid at 47, 28
Removed entity human from grid at 31, 37
Added entity cow at 16, 4
Removed entity human from grid at 40, 27
Removed entity human from grid at 24, 19
Removed entity wolf from grid at 2, 11
Removed entity wolf from grid at 2, 8
Added entity human at 10, 35
Added entity wolf at 26, 46
Added entity wolf at 4, 3
Removed entity wolf from grid at 2, 13
Added entity human at 24, 19
Added entity human at 22, 19
Removed entity wolf from grid at 0, 19
Added entity human at 38, 29
Added entity cow at 17, 5
Added entity cow at 37, 21
Removed entity human from grid at 27, 9
Removed entity human from grid at 29, 6
Removed entity cow from grid at 13, 8
Removed entity cow from grid at 8, 25
Removed entity wolf from grid at 4, 11
Removed entity wolf from grid at 37, 41
Removed entity cow from grid at 8, 11
Removed entity human from grid at 37, 29
Removed entity human from grid at 9, 4
Added entity wolf at 24, 38
Added entity wolf at 3, 20
Added entity wolf at 11, 13
Added entity wolf at 48, 31
Removed entity wolf from grid at 1, 17
Added entity human at 17, 11
Added entity human at 18, 9
Removed entity human from grid at 17, 11
Added entity cow at 36, 22
Removed entity human from grid at 40, 27
Added entity cow at 12, 9
Added entity cow at 24, 12
Removed entity human from grid at 14, 9
Removed entity wolf from grid at 11, 12
Removed entity wolf from grid at 1, 9
Added entity wolf at 20, 48
Removed entity wolf from grid at 1, 20
Added entity human at 41, 42
Removed entity human from grid at 9, 37
Removed entity human from grid at 42, 42
Added entity human at 26, 21
Added entity human at 37, 34
Added entity human at 25, 26
Removed entity human from grid at 37, 34
Removed entity human from grid at 26, 21
Added entity cow at 35, 21
Added entity wolf at 1, 9
Added entity human at 36, 8
Added entity human at 8, 23
Added entity human at 34, 9
Added entity human at 29, 5
Added entity human at 29, 6
Removed entity house from grid at 30, 6
Removed entity human from grid at 29, 5
Removed entity human from grid at 34, 9
Removed entity human from grid at 8, 23
Removed entity human from grid at 36, 8
Added entity cow at 34, 22
Removed entity human from grid at 27, 24
Removed entity human from grid at 27, 19
Removed entity human from grid at 24, 28
Removed entity wolf from grid at 1, 9
Removed entity wolf from grid at 0, 5
Added entity wolf at 5, 48
Added entity wolf at 35, 7
Added entity human at 23, 23
Added entity human at 33, 33
Added entity human at 13, 12
Removed entity human from grid at 35, 35
Added entity berry at 41, 45
Added entity cow at 13, 10
Removed entity human from grid at 26, 21
Added entity cow at 49, 11
Added entity cow at 31, 12
Added entity wolf at 25, 44
Added entity wolf at 22, 46
Added entity human at 26, 2
Added entity human at 19, 9
Removed entity cow from grid at 14, 18
Removed entity house from grid at 19, 10
Removed entity house from grid at 47, 20
Added entity human at 38, 22
Added entity human at 38, 23
Removed entity house from grid at 39, 23
Removed entity human from grid at 29, 5
Added entity cow at 25, 13
Added entity cow at 16, 6
Added entity wolf at 33, 29
Added entity wolf at 30, 47
Removed entity wolf from grid at 0, 26
Added entity human at 12, 4
Added entity human at 27, 29
Added entity human at 8, 30
Added entity human at 35, 13
Removed entity house from grid at 36, 13
Added entity cow at 17, 7
Removed entity cow from grid at 39, 24
Added entity cow at 14, 9
Added entity wolf at 24, 40
Added entity wolf at 9, 48
Added entity wolf at 25, 46
Added entity wolf at 9, 15
Added entity human at 41, 26
Removed entity house from grid at 20, 8
Added entity cow at 15, 8
Added entity cow at 30, 13
Added entity cow at 33, 23
Removed entity wolf from grid at 3, 0
Added entity berry at 38, 29
Removed entity wolf from grid at 2, 2
Removed entity human from grid at 45, 25
Added entity wolf at 33, 48
Added entity wolf at 46, 35
Added entity human at 26, 24
Added entity human at 38, 21
Added entity cow at 29, 16
Removed entity human from grid at 38, 21
Added entity cow at 34, 24
Removed entity human from grid at 42, 24
Removed entity cow from grid at 36, 26
Added entity wolf at 27, 39
Added entity wolf at 38, 43
Added entity wolf at 34, 45
Added entity wolf at 12, 17
Added entity wolf at 7, 8
Added entity wolf at 24, 38
Added entity wolf at 2, 8
Added entity human at 13, 12
Removed entity wolf from grid at 39, 35
Added entity human at 37, 4
Added entity human at 44, 15
Added entity human at 44, 45
Removed entity human from grid at 44, 15
Removed entity human from grid at 37, 4
Removed entity human from grid at 13, 12
Added entity cow at 35, 25
Added entity cow at 30, 17
Removed entity human from grid at 28, 22
Added entity cow at 26, 14
Removed entity human from grid at 44, 20
Removed entity human from grid at 31, 6
Removed entity wolf from grid at 2, 39
Removed entity wolf from grid at 7, 6
Removed entity wolf from grid at 2, 10
Added entity wolf at 6, 7
Added entity wolf at 0, 7
Added entity wolf at 2, 16
Added entity human at 12, 4
Added entity human at 37, 30
Removed entity human from grid at 12, 4
Added entity cow at 29, 18
Removed entity human from grid at 25, 31
Removed entity wolf from grid at 4, 9
Removed entity human from grid at 27, 8
Added entity wolf at 44, 34
Added entity human at 11, 25
Removed entity human from grid at 14, 14
Added entity human at 25, 22
Removed entity human from grid at 25, 22
Added entity cow at 28, 17
Added entity cow at 36, 26
Added entity cow at 29, 12
Removed entity wolf from grid at 27, 24
Removed entity wolf from grid at 3, 16
Removed entity human from grid at 35, 28
Removed entity wolf from grid at 2, 14
Added entity wolf at 9, 44
Added entity wolf at 24, 46
Added entity wolf at 27, 46
Added entity berry at 37, 33
Added entity human at 39, 31
Added entity human at 21, 16
Added entity human at 41, 24
Added entity human at 41, 26
Removed entity house from grid at 42, 25
Removed entity human from grid at 39, 31
Added entity cow at 28, 11
Added entity cow at 37, 25
Added entity cow at 27, 15
Removed entity wolf from grid at 47, 31
Added entity berry at 13, 2
Removed entity wolf from grid at 0, 7
Added entity wolf at 32, 41
Removed entity cow from grid at 10, 7
Added entity wolf at 3, 29
Added entity wolf at 8, 13
Removed entity wolf from grid at 7, 18
Added entity human at 15, 13
Added entity human at 44, 40
Removed entity human from grid at 44, 40
Added entity cow at 14, 7
Removed entity wolf from grid at 47, 30
Removed entity cow from grid at 38, 26
Added entity wolf at 2, 8
Added entity wolf at 17, 46
Removed entity wolf from grid at 7, 14
Added entity human at 36, 8
Added entity human at 27, 22
Added entity human at 40, 25
Added entity human at 31, 32
Added entity human at 36, 17
Added entity human at 37, 17
Removed entity house from grid at 37, 18
Removed entity human from grid at 37, 17
Removed entity human from grid at 36, 17
Removed entity human from grid at 31, 32
Removed entity human from grid at 36, 8
Added entity cow at 28, 16
Added entity cow at 38, 26
Added entity cow at 29, 10
Removed entity wolf from grid at 37, 26
Added entity cow at 27, 16
Removed entity wolf from grid at 47, 31
Removed entity wolf from grid at 2, 10
Removed entity human from grid at 39, 27
Added entity human at 11, 5
Added entity human at 43, 7
Added entity cow at 28, 9
Added entity human at 17, 13
Added entity human at 31, 22
Added entity human at 11, 22
Added entity human at 11, 23
Removed entity house from grid at 12, 23
Added entity human at 6, 30
Removed entity house from grid at 7, 31
Added entity cow at 39, 25
Added entity cow at 29, 15
Added entity cow at 15, 8
Added entity wolf at 3, 22
Added entity wolf at 31, 47
Added entity human at 34, 20
Removed entity human from grid at 34, 20
Added entity cow at 14, 9
Added entity cow at 40, 24
Removed entity human from grid at 31, 22
Added entity cow at 27, 10
Added entity cow at 26, 15
Removed entity human from grid at 34, 12
Removed entity human from grid at 32, 30
Removed entity wolf from grid at 5, 45
Added entity wolf at 14, 47
Added entity wolf at 10, 20
Added entity human at 30, 34
Added entity human at 18, 18
Added entity human at 40, 25
Removed entity house from grid at 29, 14
Removed entity cow from grid at 40, 24
Removed entity human from grid at 18, 18
Removed entity human from grid at 30, 34
Added entity cow at 15, 10
Added entity cow at 30, 14
Removed entity cow from grid at 34, 25
Removed entity wolf from grid at 39, 22
Added entity wolf at 26, 49
Added entity wolf at 17, 47
Added entity human at 43, 31
Added entity human at 15, 11
Added entity human at 36, 27
Added entity human at 36, 28
Removed entity house from grid at 37, 28
Removed entity human from grid at 43, 31
Added entity cow at 26, 11
Removed entity human from grid at 45, 5
Removed entity human from grid at 38, 27
Removed entity wolf from grid at 43, 32
Removed entity wolf from grid at 2, 19
Added entity wolf at 27, 38
Added entity wolf at 8, 42
Added entity wolf at 17, 47
Added entity wolf at 17, 49
Added entity wolf at 19, 21
Added entity human at 43, 7
Added entity human at 27, 29
Added entity human at 35, 17
Added entity human at 35, 19
Removed entity house from grid at 36, 18
Added entity human at 19, 8
Removed entity house from grid at 20, 9
Removed entity human from grid at 35, 17
Removed entity human from grid at 27, 29
Removed entity human from grid at 43, 7
Added entity cow at 28, 11
Removed entity wolf from grid at 5, 47
Removed entity wolf from grid at 10, 17
Removed entity berry from grid at 13, 2
Added entity wolf at 22, 45
Added entity wolf at 24, 40
Added entity human at 23, 16
Removed entity house from grid at 33, 15
Added entity human at 32, 7
Removed entity house from grid at 33, 8
Added entity human at 25, 17
Removed entity house from grid at 26, 17
Removed entity human from grid at 23, 16
Added entity cow at 25, 10
Removed entity cow from grid at 37, 26
Added entity cow at 29, 13
Removed entity wolf from grid at 2, 29
Removed entity cow from grid at 15, 17
Added entity cow at 16, 6
Added entity wolf at 42, 23
Added entity wolf at 11, 45
Added entity wolf at 1, 9
Added entity wolf at 24, 43
Added entity wolf at 2, 13
Added entity human at 9, 25
Added entity cow at 15, 7
Added entity cow at 24, 9
Removed entity human from grid at 34, 16
Removed entity cow from grid at 37, 26
Removed entity wolf from grid at 42, 35
Removed entity human from grid at 43, 19
Removed entity wolf from grid at 1, 12
Added entity human at 19, 28
Added entity human at 11, 5
Added entity human at 13, 21
Added entity human at 16, 37
Removed entity human from grid at 16, 37
Removed entity human from grid at 13, 21
Added entity cow at 28, 14
Removed entity human from grid at 34, 10
Removed entity wolf from grid at 40, 23
Removed entity human from grid at 15, 15
Removed entity wolf from grid at 36, 30
Removed entity wolf from grid at 1, 9
Added entity wolf at 23, 42
Added entity wolf at 2, 21
Added entity wolf at 31, 43
Added entity human at 19, 30
Removed entity wolf from grid at 2, 21
Added entity human at 11, 36
Added entity human at 24, 17
Added entity human at 19, 12
Added entity human at 19, 13
Removed entity house from grid at 20, 13
Removed entity house from grid at 47, 22
Removed entity human from grid at 24, 17
Added entity cow at 16, 11
Removed entity wolf from grid at 18, 20
Removed entity wolf from grid at 45, 22
Added entity berry at 10, 46
Added entity wolf at 0, 5
Added entity wolf at 19, 35
Added entity wolf at 10, 20
Removed entity wolf from grid at 10, 20
Added entity human at 35, 33
Added entity human at 11, 7
Removed entity cow from grid at 40, 26
Added entity human at 36, 4
Added entity human at 46, 38
Added entity human at 25, 27
Added entity human at 17, 31
Added entity human at 18, 29
Removed entity house from grid at 18, 30
Added entity human at 32, 18
Removed entity house from grid at 32, 17
Added entity human at 35, 28
Added entity human at 35, 29
Removed entity house from grid at 36, 29
Removed entity human from grid at 36, 4
Removed entity human from grid at 19, 30
Added entity cow at 27, 15
Removed entity human from grid at 20, 30
Removed entity human from grid at 21, 4
Added entity cow at 27, 16
Removed entity human from grid at 16, 30
Removed entity human from grid at 44, 38
Removed entity human from grid at 12, 36
Added entity wolf at 41, 34
Added entity wolf at 21, 37
Added entity wolf at 6, 2
Added entity human at 9, 9
Removed entity cow from grid at 10, 13
Added entity human at 47, 26
Removed entity human from grid at 25, 29
Removed entity human from grid at 33, 34
Added entity human at 33, 24
Added entity human at 46, 9
Added entity human at 31, 22
Added entity human at 44, 26
Added entity human at 40, 24
Added entity human at 44, 43
Removed entity house from grid at 45, 44
Removed entity human from grid at 44, 26
Removed entity human from grid at 9, 9
Added entity cow at 26, 14
Added entity cow at 15, 12
Removed entity human from grid at 42, 24
Removed entity human from grid at 19, 9
Removed entity cow from grid at 39, 24
Added entity wolf at 28, 49
Added entity human at 48, 11
Added entity human at 31, 32
Added entity human at 31, 33
Removed entity house from grid at 32, 33
Added entity human at 33, 10
Added entity human at 33, 12
Removed entity house from grid at 34, 11
Removed entity cow from grid at 35, 24
Removed entity human from grid at 16, 30
Removed entity human from grid at 9, 4
Added entity cow at 23, 8
Added entity cow at 27, 10
Removed entity wolf from grid at 41, 37
Added entity cow at 48, 13
Removed entity wolf from grid at 0, 5
Removed entity cow from grid at 36, 24
Added entity wolf at 13, 45
Added entity human at 32, 16
Added entity human at 33, 16
Removed entity house from grid at 33, 17
Added entity cow at 24, 7
Added entity cow at 16, 13
Removed entity human from grid at 49, 6
Removed entity human from grid at 47, 27
Added entity cow at 26, 17
Removed entity cow from grid at 12, 12
Added entity wolf at 9, 13
Added entity wolf at 21, 36
Added entity wolf at 8, 2
Added entity wolf at 6, 17
Added entity human at 16, 23
Removed entity human from grid at 20, 14
Added entity human at 15, 13
Removed entity human from grid at 32, 29
Removed entity cow from grid at 14, 14
Removed entity house from grid at 40, 11
Added entity human at 30, 18
Removed entity house from grid at 31, 17
Added entity cow at 27, 18
Added entity cow at 17, 14
Added entity cow at 49, 14
Removed entity human from grid at 48, 11
Removed entity cow from grid at 13, 7
Removed entity wolf from grid at 37, 37
Removed entity wolf from grid at 48, 29
Removed entity human from grid at 19, 14
Removed entity human from grid at 21, 14
Removed entity berry from grid at 31, 19
Removed entity wolf from grid at 4, 15
Added entity wolf at 4, 18
Added entity wolf at 24, 38
Added entity wolf at 46, 35
Added entity human at 7, 25
Added entity human at 7, 26
Removed entity house from grid at 8, 26
Added entity cow at 18, 13
Removed entity human from grid at 36, 12
Removed entity wolf from grid at 37, 37
Removed entity human from grid at 20, 2
Removed entity wolf from grid at 48, 29
Removed entity wolf from grid at 8, 15
Removed entity human from grid at 19, 8
Added entity human at 10, 38
Added entity wolf at 0, 22
Added entity wolf at 1, 6
Added entity human at 9, 7
Added entity human at 48, 6
Added entity human at 6, 26
Added entity human at 11, 36
Added entity human at 10, 33
Removed entity human from grid at 11, 38
Added entity human at 27, 28
Added entity human at 28, 26
Removed entity house from grid at 28, 27
Removed entity human from grid at 6, 26
Removed entity human from grid at 48, 6
Removed entity human from grid at 9, 7
Added entity cow at 26, 19
Added entity cow at 26, 11
Removed entity wolf from grid at 21, 35
Added entity cow at 15, 7
Removed entity human from grid at 9, 6
Removed entity wolf from grid at 5, 2
Removed entity wolf from grid at 0, 14
Added entity wolf at 20, 48
Added entity wolf at 11, 17
Added entity wolf at 29, 43
Added entity wolf at 9, 15
Added entity human at 32, 30
Added entity cow at 29, 3
Added entity human at 30, 28
Added entity human at 30, 26
Added entity human at 42, 2
Added entity human at 46, 9
Added entity human at 35, 12
Removed entity house from grid at 36, 11
Added entity human at 32, 22
Removed entity house from grid at 33, 21
Added entity human at 44, 17
Removed entity house from grid at 45, 16
Added entity berry at 14, 28
Removed entity human from grid at 42, 2
Added entity cow at 30, 4
Added entity cow at 27, 20
Added entity cow at 17, 12
Added entity cow at 23, 6
Removed entity human from grid at 37, 11
Removed entity human from grid at 21, 14
Removed entity wolf from grid at 1, 41
Removed entity wolf from grid at 8, 16
Added entity wolf at 24, 39
Added entity wolf at 12, 46
Added entity wolf at 36, 46
Removed entity wolf from grid at 47, 31
Added entity human at 43, 7
Added entity human at 44, 46
Added entity human at 37, 34
Added entity human at 25, 24
Added entity human at 25, 26
Removed entity house from grid at 26, 25
Removed entity house from grid at 47, 18
Added entity human at 40, 24
Added entity human at 40, 25
Removed entity house from grid at 41, 25
Removed entity human from grid at 44, 46
Added entity cow at 24, 5
Added entity cow at 16, 11
Added entity cow at 25, 10
Removed entity wolf from grid at 22, 34
Removed entity wolf from grid at 3, 0
Added entity wolf at 7, 47
Added entity wolf at 2, 16
Removed entity wolf from grid at 10, 20
Added entity human at 22, 22
Added entity human at 37, 23
Added entity human at 12, 4
Added entity human at 39, 7
Added entity human at 39, 8
Removed entity house from grid at 40, 8
Removed entity human from grid at 39, 8
Removed entity cow from grid at 42, 23
Removed entity human from grid at 37, 34
Removed entity human from grid at 41, 5
Added entity cow at 26, 21
Removed entity human from grid at 43, 6
Removed entity cow from grid at 34, 25
Added entity cow at 48, 15
Removed entity wolf from grid at 22, 35
Removed entity human from grid at 19, 6
Removed entity wolf from grid at 24, 36
Removed entity wolf from grid at 2, 0
Added entity wolf at 35, 40
Added entity wolf at 36, 43
Added entity wolf at 3, 12
Added entity human at 18, 27
Added entity human at 20, 24
Removed entity wolf from grid at 2, 23
Added entity human at 17, 15
Added entity human at 16, 23
Added entity human at 18, 16
Removed entity berry from grid at 6, 5
Added entity human at 25, 27
Added entity human at 25, 28
Removed entity house from grid at 26, 28
Removed entity human from grid at 40, 6
Added entity cow at 23, 4
Added entity cow at 29, 5
Removed entity human from grid at 17, 4
Removed entity wolf from grid at 35, 41
Removed entity wolf from grid at 34, 43
Added entity tree at 11, 25
Removed entity wolf from grid at 3, 16
Added entity wolf at 21, 47
Added entity wolf at 9, 20
Added entity human at 23, 23
Added entity human at 24, 16
Added entity human at 38, 25
Added entity human at 38, 26
Removed entity house from grid at 39, 26
Added entity berry at 29, 40
Added entity cow at 47, 14
Added entity cow at 25, 22
Added entity cow at 17, 12
Removed entity human from grid at 35, 7
Removed entity wolf from grid at 23, 37
Removed entity wolf from grid at 34, 43
Removed entity wolf from grid at 1, 12
Added entity wolf at 33, 41
Added entity wolf at 11, 46
Added entity wolf at 17, 46
Added entity wolf at 1, 3
Removed entity wolf from grid at 8, 20
Added entity human at 32, 20
Removed entity house from grid at 33, 20
Added entity cow at 24, 21
Removed entity cow from grid at 24, 21
Removed entity human from grid at 14, 6
Added entity cow at 26, 11
Removed entity cow from grid at 39, 14
Removed entity cow from grid at 35, 25
Added entity cow at 14, 6
Removed entity cow from grid at 27, 21
Removed entity wolf from grid at 48, 35
Removed entity wolf from grid at 36, 44
Removed entity wolf from grid at 24, 39
Removed entity wolf from grid at 33, 41
Added entity wolf at 7, 48
Added entity wolf at 32, 41
Added entity wolf at 23, 36
Added entity human at 39, 25
Removed entity wolf from grid at 41, 37
Added entity cow at 48, 15
Added entity cow at 24, 5
Removed entity cow from grid at 17, 19
Removed entity wolf from grid at 35, 44
Removed entity wolf from grid at 4, 45
Removed entity human from grid at 25, 12
Removed entity human from grid at 19, 6
Removed entity wolf from grid at 1, 3
Added entity wolf at 25, 40
Added entity wolf at 30, 45
Added entity wolf at 6, 40
Removed entity cow from grid at 12, 15
Removed entity human from grid at 9, 35
Removed entity human from grid at 11, 35
Removed entity berry from grid at 41, 28
Added entity cow at 8, 4
Added entity cow at 18, 13
Added entity cow at 30, 4
Removed entity cow from grid at 26, 21
Removed entity wolf from grid at 22, 36
Removed entity human from grid at 37, 5
Added entity cow at 25, 15
Removed entity wolf from grid at 23, 40
Added entity wolf at 7, 14
Added entity human at 15, 11
Added entity human at 16, 16
Added entity human at 17, 11
Removed entity berry from grid at 5, 5
Added entity cow at 24, 16
Added entity cow at 29, 3
Removed entity wolf from grid at 27, 39
Removed entity wolf from grid at 4, 17
Removed entity wolf from grid at 25, 40
Removed entity cow from grid at 21, 20
Added entity human at 12, 38
Added entity wolf at 26, 40
Added entity wolf at 14, 45
Added entity wolf at 26, 48
Added entity wolf at 18, 48
Added entity wolf at 6, 3
Added entity wolf at 0, 14
Added entity human at 6, 26
Added entity human at 20, 17
Removed entity human from grid at 12, 38
Added entity cow at 23, 6
Removed entity human from grid at 19, 11
Removed entity wolf from grid at 27, 39
Removed entity human from grid at 39, 5
Removed entity cow from grid at 39, 26
Removed entity wolf from grid at 8, 46
Removed entity cow from grid at 24, 23
Added entity wolf at 35, 40
Added entity human at 10, 35
Removed entity wolf from grid at 35, 40
Added entity human at 41, 40
Removed entity cow from grid at 14, 14
Added entity human at 45, 2
Removed entity human from grid at 45, 2
Removed entity human from grid at 41, 40
Added entity cow at 30, 2
Added entity cow at 17, 14
Added entity cow at 15, 5
Added entity cow at 25, 12
Removed entity cow from grid at 19, 13
Removed entity cow from grid at 31, 21
Removed entity wolf from grid at 20, 40
Removed entity wolf from grid at 37, 42
Removed entity human from grid at 37, 4
Removed entity wolf from grid at 25, 41
Added entity wolf at 6, 2
Added entity wolf at 39, 35
Added entity human at 44, 22
Added entity cow at 16, 15
Added entity cow at 29, 1
Removed entity wolf from grid at 26, 40
Removed entity wolf from grid at 25, 41
Removed entity human from grid at 26, 3
Removed entity wolf from grid at 6, 47
Removed entity wolf from grid at 41, 37
Added entity berry at 42, 46
Added entity wolf at 8, 3
Added entity wolf at 2, 13
Removed entity human from grid at 9, 37
Added entity human at 44, 46
Added entity human at 8, 33
Added entity human at 37, 11
Removed entity house from grid at 38, 12
Removed entity human from grid at 44, 46
Removed entity cow from grid at 42, 23
Added entity cow at 24, 11
Added entity cow at 14, 6
Added entity cow at 49, 14
Removed entity wolf from grid at 21, 41
Removed entity wolf from grid at 36, 45
Removed entity wolf from grid at 7, 46
Removed entity wolf from grid at 26, 42
Removed entity wolf from grid at 2, 0
Removed entity wolf from grid at 4, 1
Removed entity wolf from grid at 8, 3
Added entity wolf at 4, 13
Added entity wolf at 0, 12
Added entity wolf at 25, 41
Added entity wolf at 9, 17
Removed entity wolf from grid at 0, 19
Added entity human at 48, 39
Added entity human at 41, 18
Added entity human at 15, 15
Removed entity human from grid at 15, 15
Added entity cow at 30, 0
Added entity cow at 17, 16
Removed entity cow from grid at 42, 24
Added entity cow at 24, 5
Removed entity wolf from grid at 36, 45
Removed entity cow from grid at 26, 21
Removed entity wolf from grid at 22, 43
Removed entity wolf from grid at 7, 45
Removed entity human from grid at 6, 27
Removed entity wolf from grid at 25, 41
Removed entity cow from grid at 34, 26
Removed entity wolf from grid at 6, 20
Removed entity wolf from grid at 35, 41
Added entity wolf at 27, 40
Added entity wolf at 22, 43
Added entity wolf at 24, 47
Added entity human at 11, 7
Added entity human at 25, 29
Added entity cow at 18, 17
Added entity cow at 15, 7
Removed entity cow from grid at 42, 23
Removed entity wolf from grid at 23, 40
Removed entity wolf from grid at 25, 40
Removed entity wolf from grid at 22, 43
Removed entity cow from grid at 10, 13
Removed entity wolf from grid at 27, 40
Removed entity cow from grid at 47, 29
Added entity wolf at 6, 47
Added entity wolf at 18, 48
Added entity human at 32, 34
Added entity berry at 32, 1
Removed entity human from grid at 9, 8
Added entity human at 22, 18
Added entity human at 22, 19
Removed entity house from grid at 23, 18
Removed entity berry from grid at 32, 1
Removed entity wolf from grid at 25, 43
Removed entity wolf from grid at 38, 46
Removed entity wolf from grid at 7, 46
Removed entity wolf from grid at 26, 42
Removed entity wolf from grid at 37, 46
Added entity human at 40, 27
Added entity human at 43, 7
Removed entity berry from grid at 42, 28
Removed entity cow from grid at 23, 18
Added entity cow at 14, 6
Added entity cow at 31, 1
Added entity cow at 48, 13
Removed entity cow from grid at 42, 25
Removed entity wolf from grid at 22, 5
Added entity cow at 9, 5
Removed entity wolf from grid at 22, 40
Removed entity wolf from grid at 0, 12
Removed entity cow from grid at 25, 13
Removed entity wolf from grid at 30, 43
Removed entity wolf from grid at 21, 43
Removed entity wolf from grid at 4, 15
Added entity wolf at 0, 1
Added entity wolf at 37, 47
Removed entity wolf from grid at 3, 11
Added entity human at 48, 10
Added entity cow at 32, 0
Removed entity human from grid at 43, 6
Removed entity cow from grid at 22, 17
Added entity cow at 23, 12
Removed entity cow from grid at 20, 16
Added entity cow at 25, 17
Removed entity cow from grid at 21, 6
Removed entity cow from grid at 21, 4
Removed entity cow from grid at 21, 14
Removed entity wolf from grid at 44, 0
Removed entity cow from grid at 23, 10
Removed entity cow from grid at 23, 8
Removed entity cow from grid at 23, 13
Removed entity wolf from grid at 21, 45
Removed entity wolf from grid at 38, 47
Removed entity wolf from grid at 6, 47
Removed entity cow from grid at 26, 5
Removed entity wolf from grid at 28, 42
Removed entity cow from grid at 4, 5
Removed entity cow from grid at 23, 16
Added entity tree at 24, 18
Added entity cow at 39, 27
Added entity cow at 40, 28
Added entity cow at 26, 18
Removed entity cow from grid at 47, 9
Removed entity cow from grid at 6, 10
Added entity cow at 23, 4
Removed entity cow from grid at 44, 14
Removed entity cow from grid at 21, 15
Removed entity cow from grid at 21, 6
Removed entity cow from grid at 20, 5
Removed entity cow from grid at 26, 3
Removed entity cow from grid at 21, 14
Removed entity cow from grid at 27, 5
Removed entity wolf from grid at 45, 0
Removed entity cow from grid at 24, 11
Removed entity cow from grid at 22, 8
Removed entity cow from grid at 24, 14
Removed entity wolf from grid at 20, 44
Removed entity cow from grid at 40, 28
Removed entity cow from grid at 24, 5
Removed entity cow from grid at 4, 5
Removed entity cow from grid at 8, 10
Added entity wolf at 34, 38
Added entity wolf at 19, 48
Removed entity cow from grid at 27, 2
Added entity wolf at 1, 48
Added entity wolf at 12, 45
Added entity wolf at 14, 17
Added entity wolf at 3, 15
Removed entity wolf from grid at 32, 44
Added entity human at 16, 25
Added entity human at 14, 39
Added entity human at 42, 28
Removed entity human from grid at 14, 39
Added entity cow at 24, 3
Added entity cow at 22, 13
Added entity cow at 33, 1
Added entity cow at 15, 5
Removed entity cow from grid at 24, 17
Removed entity cow from grid at 24, 16
Removed entity human from grid at 32, 34
Added entity cow at 19, 15
Removed entity cow from grid at 45, 13
Removed entity cow from grid at 41, 21
Removed entity cow from grid at 23, 6
Removed entity cow from grid at 21, 13
Removed entity cow from grid at 28, 3
Removed entity cow from grid at 23, 10
Removed entity cow from grid at 23, 8
Removed entity cow from grid at 43, 1
Removed entity cow from grid at 24, 12
Removed entity wolf from grid at 27, 44
Removed entity cow from grid at 40, 28
Removed entity cow from grid at 24, 6
Removed entity cow from grid at 8, 9
Removed entity cow from grid at 24, 15
Removed entity wolf from grid at 36, 45
Added entity wolf at 32, 43
Removed entity cow from grid at 27, 0
Removed entity wolf from grid at 37, 47
Added entity wolf at 9, 46
Added entity wolf at 33, 6
Added entity human at 40, 27
Added entity human at 31, 37
Added entity human at 31, 19
Removed entity cow from grid at 31, 20
Removed entity human from grid at 31, 37
Added entity cow at 20, 16
Added entity cow at 16, 6
Added entity cow at 34, 0
Removed entity cow from grid at 48, 11
Added entity cow at 8, 6
Removed entity cow from grid at 44, 14
Removed entity cow from grid at 42, 22
Removed entity cow from grid at 19, 15
Removed entity cow from grid at 21, 6
Removed entity cow from grid at 19, 6
Removed entity cow from grid at 28, 1
Removed entity cow from grid at 28, 5
Removed entity wolf from grid at 31, 43
Removed entity cow from grid at 22, 12
Removed entity cow from grid at 21, 8
Removed entity cow from grid at 25, 13
Removed entity cow from grid at 24, 5
Removed entity wolf from grid at 3, 15
Added entity wolf at 21, 46
Added entity wolf at 9, 44
Added entity wolf at 47, 37
Added entity human at 33, 35
Removed entity cow from grid at 39, 27
Added entity human at 16, 23
Added entity human at 29, 21
Removed entity human from grid at 33, 35
Added entity cow at 9, 7
Added entity cow at 17, 7
Added entity cow at 21, 12
Added entity cow at 23, 2
Removed entity cow from grid at 28, 20
Removed entity wolf from grid at 9, 17
Removed entity wolf from grid at 30, 43
Removed entity wolf from grid at 32, 44
Removed entity wolf from grid at 22, 46
Removed entity wolf from grid at 19, 44
Removed entity wolf from grid at 21, 45
Removed entity wolf from grid at 4, 48
Removed entity wolf from grid at 4, 1
Removed entity cow from grid at 5, 5
Added entity wolf at 12, 45
Added entity human at 9, 3
Added entity human at 42, 28
Added entity human at 25, 22
Removed entity house from grid at 26, 23
Added entity human at 42, 26
Removed entity house from grid at 43, 27
Added entity cow at 31, 0
Removed entity cow from grid at 32, 17
Removed entity human from grid at 48, 8
Added entity cow at 49, 12
Removed entity cow from grid at 38, 28
Removed entity cow from grid at 24, 17
Removed entity cow from grid at 44, 15
Removed entity cow from grid at 43, 23
Removed entity cow from grid at 17, 15
Removed entity cow from grid at 18, 5
Removed entity wolf from grid at 28, 43
Removed entity cow from grid at 26, 18
Removed entity cow from grid at 30, 3
Removed entity cow from grid at 23, 12
Removed entity cow from grid at 28, 5
Removed entity cow from grid at 24, 9
Removed entity cow from grid at 26, 12
Removed entity human from grid at 46, 38
Removed entity cow from grid at 8, 7
Removed entity cow from grid at 9, 10
Removed entity cow from grid at 9, 7
Removed entity cow from grid at 23, 14
Removed entity cow from grid at 46, 33
Removed entity cow from grid at 35, 24
Added entity wolf at 21, 44
Removed entity cow from grid at 29, 2
Removed entity wolf from grid at 35, 47
Added entity wolf at 8, 46
Added entity wolf at 7, 49
Added entity wolf at 33, 41
Removed entity cow from grid at 13, 16
Removed entity human from grid at 39, 29
Added entity wolf at 19, 22
Added entity wolf at 43, 35
Added entity human at 41, 42
Added entity human at 17, 8
Added entity human at 24, 19
Added entity human at 40, 28
Added entity human at 33, 24
Added entity human at 14, 37
Added entity human at 14, 38
Removed entity house from grid at 15, 38
Removed entity human from grid at 16, 24
Removed entity human from grid at 14, 37
Removed entity human from grid at 40, 28
Removed entity cow from grid at 17, 9
Removed entity human from grid at 41, 42
Removed entity human from grid at 24, 23
Removed entity human from grid at 41, 28
Added entity cow at 22, 1
Removed entity cow from grid at 32, 22
Removed entity cow from grid at 31, 17
Removed entity human from grid at 40, 27
Removed entity cow from grid at 38, 26
Removed entity human from grid at 22, 17
Removed entity cow from grid at 44, 14
Removed entity wolf from grid at 48, 2
Removed entity cow from grid at 43, 22
Removed entity human from grid at 17, 16
Removed entity cow from grid at 19, 4
Removed entity cow from grid at 29, 2
Removed entity cow from grid at 21, 12
Removed entity cow from grid at 25, 10
Removed entity cow from grid at 26, 12
Removed entity cow from grid at 11, 10
Removed entity cow from grid at 25, 15
Removed entity cow from grid at 27, 1
Added entity human at 25, 26
Removed entity wolf from grid at 30, 45
Removed entity human from grid at 23, 26
Removed entity house from grid at 32, 21
Added entity human at 21, 14
Added entity human at 21, 15
Removed entity house from grid at 22, 15
Removed entity house from grid at 29, 17
Removed entity human from grid at 21, 15
Removed entity cow from grid at 20, 14
Removed entity cow from grid at 25, 17
Removed entity cow from grid at 17, 7
Added entity cow at 48, 13
Added entity cow at 20, 17
Removed entity human from grid at 22, 17
Removed entity cow from grid at 44, 15
Removed entity cow from grid at 26, 7
Removed entity cow from grid at 19, 6
Removed entity cow from grid at 21, 10
Removed entity cow from grid at 27, 6
Removed entity cow from grid at 25, 9
Removed entity cow from grid at 9, 5
Removed entity cow from grid at 24, 4
Removed entity cow from grid at 42, 2
Removed entity cow from grid at 26, 11
Removed entity wolf from grid at 44, 33
Removed entity human from grid at 18, 28
Removed entity cow from grid at 27, 7
Removed entity human from grid at 24, 15
Removed entity cow from grid at 11, 6
Removed entity cow from grid at 36, 23
Added entity human at 10, 37
Removed entity cow from grid at 27, 1
Removed entity wolf from grid at 35, 47
Added entity wolf at 14, 46
Added entity wolf at 0, 6
Added entity wolf at 1, 10
Added entity wolf at 23, 37
Added entity wolf at 36, 45
Removed entity human from grid at 26, 31
Added entity human at 33, 35
Added entity human at 24, 19
Removed entity wolf from grid at 28, 45
Added entity human at 36, 8
Added entity human at 8, 23
Added entity human at 31, 22
Removed entity house from grid at 32, 23
Added entity human at 18, 17
Added entity human at 18, 18
Removed entity house from grid at 19, 17
Added entity human at 17, 11
Added entity human at 17, 13
Removed entity house from grid at 18, 12
Removed entity cow from grid at 17, 12
Removed entity cow from grid at 18, 11
Removed entity human from grid at 18, 18
Removed entity human from grid at 36, 8
Removed entity human from grid at 26, 26
Added entity cow at 21, 2
Removed entity cow from grid at 36, 22
Removed entity cow from grid at 26, 17
Removed entity cow from grid at 16, 9
Added entity cow at 32, 1
Removed entity cow from grid at 33, 17
Removed entity human from grid at 26, 21
Removed entity cow from grid at 45, 15
Removed entity cow from grid at 19, 4
Removed entity human from grid at 24, 20
Removed entity cow from grid at 29, 1
Removed entity wolf from grid at 30, 45
Removed entity wolf from grid at 21, 46
Removed entity cow from grid at 46, 4
Removed entity human from grid at 35, 35
Removed entity wolf from grid at 21, 48
Removed entity cow from grid at 11, 8
Removed entity wolf from grid at 36, 40
Removed entity cow from grid at 11, 5
Removed entity wolf from grid at 46, 35
Removed entity cow from grid at 37, 23
Added entity wolf at 14, 48
Added entity wolf at 0, 5
Added entity wolf at 31, 47
Added entity human at 29, 20
Added entity human at 39, 29
Removed entity human from grid at 17, 13
Removed entity cow from grid at 18, 10
Removed entity human from grid at 9, 37
Added entity cow at 21, 16
Removed entity cow from grid at 36, 22
Removed entity cow from grid at 18, 9
Removed entity human from grid at 17, 23
Removed entity cow from grid at 46, 13
Removed entity cow from grid at 40, 23
Removed entity cow from grid at 26, 7
Removed entity cow from grid at 18, 5
Removed entity cow from grid at 39, 23
Removed entity cow from grid at 30, 2
Removed entity cow from grid at 20, 10
Removed entity cow from grid at 29, 6
Removed entity tree from grid at 22, 39
Removed entity tree from grid at 31, 39
Removed entity cow from grid at 27, 11
Removed entity cow from grid at 24, 3
Removed entity cow from grid at 27, 10
Removed entity cow from grid at 27, 8
Removed entity cow from grid at 11, 4
Removed entity human from grid at 9, 4
Removed entity wolf from grid at 37, 49
Removed entity cow from grid at 29, 0
Added entity wolf at 30, 47
Added entity wolf at 14, 18
Removed entity cow from grid at 16, 17
Added entity wolf at 1, 17
Added entity human at 45, 26
Added entity human at 26, 20
Added entity human at 25, 12
Removed entity wolf from grid at 27, 45
Added entity human at 27, 20
Added entity human at 27, 21
Removed entity house from grid at 28, 21
Removed entity wolf from grid at 3, 9
Removed entity cow from grid at 27, 19
Added entity cow at 22, 17
Added entity cow at 31, 0
Added entity cow at 22, 3
Removed entity cow from grid at 18, 11
Removed entity human from grid at 20, 18
Removed entity human from grid at 24, 19
Removed entity wolf from grid at 18, 21
Removed entity cow from grid at 46, 5
Removed entity human from grid at 6, 23
Removed entity tree from grid at 32, 40
Removed entity cow from grid at 30, 1
Removed entity cow from grid at 20, 10
Removed entity wolf from grid at 22, 39
Removed entity cow from grid at 47, 4
Removed entity cow from grid at 41, 5
Removed entity cow from grid at 9, 2
Removed entity cow from grid at 11, 4
Removed entity cow from grid at 13, 4
Removed entity cow from grid at 30, 0
Added entity wolf at 15, 49
Added entity human at 11, 7
Added entity human at 13, 9
Added entity human at 45, 24
Added entity human at 33, 15
Removed entity house from grid at 28, 23
Removed entity house from grid at 45, 12
Added entity human at 37, 29
Removed entity house from grid at 38, 30
Added entity human at 36, 15
Added entity human at 37, 15
Removed entity house from grid at 36, 16
Removed entity cow from grid at 36, 16
Removed entity human from grid at 33, 15
Removed entity cow from grid at 45, 23
Added entity cow at 23, 18
Removed entity cow from grid at 29, 18
Removed entity human from grid at 17, 11
Removed entity cow from grid at 23, 18
Added entity cow at 49, 12
Removed entity cow from grid at 46, 16
Removed entity cow from grid at 46, 5
Removed entity cow from grid at 27, 9
Removed entity cow from grid at 19, 3
Removed entity cow from grid at 29, 7
Removed entity wolf from grid at 31, 47
Removed entity wolf from grid at 22, 47
Removed entity human from grid at 27, 12
Removed entity cow from grid at 23, 2
Removed entity human from grid at 34, 22
Removed entity cow from grid at 10, 2
Removed entity wolf from grid at 38, 49
Added entity wolf at 22, 43
Added entity wolf at 2, 8
Added entity wolf at 49, 31
Removed entity cow from grid at 18, 18
Added entity wolf at 9, 15
Added entity human at 30, 31
Added entity human at 38, 19
Added entity human at 43, 8
Added entity human at 44, 9
Removed entity house from grid at 44, 8
Removed entity cow from grid at 45, 8
Removed entity cow from grid at 42, 8
Removed entity human from grid at 38, 19
Removed entity cow from grid at 39, 16
Removed entity cow from grid at 35, 15
Removed entity human from grid at 45, 24
Removed entity human from grid at 13, 9
Removed entity human from grid at 28, 20
Removed entity cow from grid at 35, 19
Removed entity wolf from grid at 13, 18
Removed entity cow from grid at 20, 17
Removed entity cow from grid at 41, 19
Removed entity cow from grid at 15, 13
Removed entity cow from grid at 18, 3
Removed entity wolf from grid at 34, 43
Removed entity cow from grid at 31, 3
Removed entity cow from grid at 44, 5
Removed entity cow from grid at 39, 4
Removed entity cow from grid at 29, 9
Removed entity cow from grid at 14, 4
Removed entity cow from grid at 31, 1
Added entity wolf at 1, 48
Added entity wolf at 25, 41
Removed entity human from grid at 43, 8
Added entity cow at 21, 4
Added entity human at 35, 19
Added entity human at 44, 4
Removed entity human from grid at 40, 20
Removed entity wolf from grid at 33, 44
Added entity human at 30, 9
Removed entity wolf from grid at 19, 45
Removed entity tree from grid at 33, 40
Removed entity human from grid at 30, 13
Removed entity tree from grid at 42, 33
Removed entity human from grid at 11, 2
Added entity human at 12, 9
Removed entity human from grid at 31, 21
Added entity human at 3, 6
Added entity wolf at 1, 9
Added entity wolf at 46, 32
Added entity human at 26, 20
Added entity human at 48, 7
Added entity human at 27, 29
Added entity human at 4, 5
Added entity human at 45, 3
Removed entity cow from grid at 44, 8
Removed entity tree from grid at 24, 18
Added entity human at 35, 20
Added entity cow at 35, 1
Added entity human at 37, 22
Removed entity cow from grid at 28, 9
Removed entity human from grid at 46, 28
Added entity human at 34, 20
Removed entity cow from grid at 14, 7
Removed entity wolf from grid at 3, 9
Removed entity cow from grid at 14, 1
Removed entity wolf from grid at 3, 11
Added entity wolf at 17, 47
Added entity wolf at 41, 35
Added entity human at 39, 16
Added entity human at 35, 33
Added entity human at 36, 32
Removed entity house from grid at 36, 33
Removed entity human from grid at 39, 16
Removed entity human from grid at 36, 22
Added entity human at 46, 2
Removed entity tree from grid at 46, 7
Added entity human at 12, 9
Removed entity human from grid at 31, 10
Removed entity wolf from grid at 33, 17
Added entity cow at 20, 5
Removed entity tree from grid at 38, 18
Added entity cow at 32, 1
Added entity house at 39, 21
Removed entity tree from grid at 36, 19
Removed entity tree from grid at 9, 18
Removed entity cow from grid at 32, 19
Removed entity tree from grid at 6, 11
Removed entity cow from grid at 42, 8
Added entity human at 31, 38
Removed entity cow from grid at 14, 4
Removed entity wolf from grid at 4, 6
Removed entity wolf from grid at 33, 48
Added entity wolf at 2, 20
Added entity wolf at 37, 48
Added entity wolf at 46, 33
Added entity wolf at 24, 32
Added entity wolf at 43, 36
Added entity human at 29, 23
Added entity human at 30, 39
Added entity cow at 19, 6
Added entity human at 13, 10
Added entity human at 47, 3
Added entity cow at 36, 2
Added entity cow at 48, 11
Removed entity human from grid at 37, 16
Removed entity tree from grid at 31, 18
Removed entity human from grid at 28, 18
Removed entity tree from grid at 31, 24
New Faction INDIGO_942 registered with traits: {
  moveSpeed: [33m1.0248469726610636[39m,
  hungerRate: [33m0.9645883377897689[39m,
  visionRadius: [33m1.0784701385596855[39m,
  aggression: [33m1.0977948497924102[39m
}
Societal Split! RED -> INDIGO_942 (Threshold: 6)
Added entity wolf at 25, 44
Added entity human at 46, 40
Removed entity tree from grid at 5, 13
Removed entity human from grid at 46, 40
Added entity cow at 47, 12
Added entity human at 14, 11
Added entity cow at 18, 5
Added entity human at 31, 40
Added entity cow at 31, 2
Removed entity tree from grid at 38, 33
Added entity human at 35, 19
Removed entity human from grid at 27, 31
Removed entity cow from grid at 35, 16
Removed entity cow from grid at 15, 7
Added entity human at 32, 17
Removed entity tree from grid at 39, 19
Removed entity tree from grid at 36, 20
Removed entity cow from grid at 37, 19
Removed entity tree from grid at 43, 9
Added entity house at 23, 10
Removed entity cow from grid at 26, 16
Removed entity wolf from grid at 41, 32
Added entity human at 30, 36
Added entity human at 10, 2
Added entity wolf at 35, 44
Added entity wolf at 0, 16
Added entity human at 27, 10
Removed entity wolf from grid at 2, 10
Added entity human at 19, 3
Added entity human at 13, 12
Removed entity wolf from grid at 4, 14
Added entity tree at 12, 11
Added entity tree at 18, 2
Added entity tree at 27, 9
Added entity human at 9, 3
Added entity human at 31, 18
Added entity human at 36, 20
Added entity cow at 37, 1
Added entity human at 34, 19
Removed entity human from grid at 31, 19
Removed entity cow from grid at 34, 17
Removed entity human from grid at 38, 16
Removed entity cow from grid at 32, 15
New Faction PINK_427 registered with traits: {
  moveSpeed: [33m1.0314204143969663[39m,
  hungerRate: [33m0.9736235902237871[39m,
  visionRadius: [33m0.9716795068315444[39m,
  aggression: [33m1.1185968965911708[39m
}
Societal Split! INDIGO_942 -> PINK_427 (Threshold: 6)
Removed entity cow from grid at 44, 22
Removed entity human from grid at 43, 9
Added entity house at 22, 12
Removed entity wolf from grid at 33, 44
Removed entity wolf from grid at 20, 41
Added entity human at 32, 19
Removed entity human from grid at 41, 33
Removed entity human from grid at 40, 31
Removed entity tree from grid at 33, 46
Removed entity tree from grid at 12, 11
Added entity wolf at 35, 38
Added entity wolf at 34, 46
Added entity wolf at 13, 1
Added entity human at 42, 4
Added entity human at 37, 5
Added entity tree at 36, 4
Added entity tree at 42, 3
Removed entity human from grid at 32, 18
Added entity cow at 38, 2
Added entity human at 8, 4
Removed entity human from grid at 19, 4
Removed entity tree from grid at 27, 9
Added entity cow at 32, 3
Added entity human at 14, 12
Removed entity human from grid at 15, 6
Removed entity cow from grid at 41, 0
Removed entity cow from grid at 30, 18
Removed entity cow from grid at 37, 16
Added entity house at 27, 11
Added entity house at 41, 21
Removed entity wolf from grid at 15, 44
Removed entity human from grid at 24, 8
Removed entity cow from grid at 38, 19
Removed entity wolf from grid at 49, 34
Added entity house at 23, 11
Removed entity tree from grid at 7, 13
Removed entity human from grid at 16, 6
Removed entity tree from grid at 6, 12
Added entity wolf at 7, 48
Added entity wolf at 23, 40
Added entity wolf at 11, 20
Added entity wolf at 21, 36
Removed entity human from grid at 12, 3
Added entity human at 31, 7
Added entity human at 44, 20
Removed entity house from grid at 45, 20
Removed entity wolf from grid at 4, 14
Added entity tree at 45, 20
Added entity tree at 30, 6
Added entity tree at 15, 11
Removed entity cow from grid at 37, 6
Added entity human at 15, 12
Added entity human at 30, 40
Removed entity cow from grid at 33, 16
Added entity cow at 46, 11
Removed entity wolf from grid at 39, 34
Removed entity human from grid at 31, 20
Removed entity cow from grid at 40, 1
Added entity house at 46, 3
Removed entity human from grid at 15, 25
Removed entity tree from grid at 30, 6
Removed entity human from grid at 30, 17
Removed entity human from grid at 5, 13
Removed entity wolf from grid at 36, 44
Removed entity human from grid at 33, 24
Added entity wolf at 36, 40
Added entity wolf at 32, 49
Added entity wolf at 8, 4
Added entity wolf at 1, 2
Added entity human at 27, 10
Added entity human at 30, 34
Added entity human at 48, 4
Added entity human at 41, 18
Added entity human at 34, 19
Added entity tree at 33, 18
Removed entity human from grid at 30, 34
Added entity cow at 47, 10
Removed entity cow from grid at 31, 8
Removed entity human from grid at 14, 12
Added entity cow at 31, 2
Removed entity wolf from grid at 8, 3
Removed entity human from grid at 14, 11
Removed entity human from grid at 12, 2
Removed entity tree from grid at 41, 12
Removed entity cow from grid at 42, 11
Removed entity cow from grid at 30, 16
Removed entity wolf from grid at 37, 49
Added entity wolf at 3, 47
Added entity wolf at 37, 49
Added entity human at 43, 31
Removed entity human from grid at 43, 31
Added entity tree at 46, 5
Added entity cow at 19, 4
Added entity human at 41, 1
Removed entity wolf from grid at 26, 41
Removed entity tree from grid at 45, 6
Added entity house at 38, 15
Removed entity wolf from grid at 20, 43
Removed entity wolf from grid at 2, 5
Removed entity wolf from grid at 37, 49
Added entity wolf at 30, 43
Added entity wolf at 33, 43
Added entity wolf at 16, 15
Removed entity wolf from grid at 0, 16
Added entity tree at 40, 0
Added entity cow at 20, 5
Added entity cow at 30, 3
Added entity cow at 46, 11
Removed entity tree from grid at 46, 5
Removed entity wolf from grid at 9, 1
Added entity human at 25, 26
Removed entity cow from grid at 18, 1
Removed entity tree from grid at 33, 18
Removed entity cow from grid at 38, 22
Removed entity tree from grid at 29, 24
Removed entity cow from grid at 24, 5
Removed entity wolf from grid at 36, 44
Removed entity cow from grid at 15, 0
Added entity wolf at 21, 47
Added entity wolf at 7, 47
Added entity wolf at 22, 40
Added entity wolf at 25, 44
Added entity human at 40, 26
Added entity human at 40, 27
Removed entity house from grid at 41, 27
Added entity tree at 41, 0
Added entity tree at 45, 5
Added entity cow at 36, 1
Added entity tree at 43, 3
Removed entity human from grid at 40, 3
Removed entity cow from grid at 37, 2
Removed entity tree from grid at 42, 3
Removed entity wolf from grid at 11, 46
Removed entity wolf from grid at 32, 44
Removed entity wolf from grid at 22, 40
Removed entity wolf from grid at 31, 44
Removed entity wolf from grid at 48, 35
Removed entity wolf from grid at 9, 19
Removed entity wolf from grid at 36, 46
Added entity wolf at 34, 43
Added entity wolf at 0, 9
Added entity wolf at 33, 44
Added entity human at 28, 5
Added entity human at 15, 21
Removed entity house from grid at 46, 14
Added entity tree at 14, 20
Added entity cow at 37, 2
Added entity cow at 45, 12
Added entity cow at 29, 2
Added entity cow at 19, 6
Removed entity human from grid at 36, 43
Added entity human at 2, 11
Removed entity cow from grid at 24, 18
Removed entity human from grid at 14, 7
Removed entity human from grid at 17, 10
Removed entity wolf from grid at 33, 44
Removed entity wolf from grid at 34, 41
Removed entity human from grid at 24, 9
Removed entity wolf from grid at 47, 35
Removed entity human from grid at 36, 44
Removed entity wolf from grid at 2, 16
Added entity wolf at 24, 44
Added entity wolf at 1, 0
Added entity wolf at 9, 19
Added entity human at 43, 5
Removed entity tree from grid at 48, 32
Added entity human at 48, 39
Added entity human at 15, 12
Added entity human at 47, 26
Added entity human at 13, 21
Removed entity house from grid at 14, 22
Added entity tree at 47, 25
Removed entity tree from grid at 15, 11
Added entity cow at 18, 7
Added entity cow at 28, 3
Added entity cow at 44, 11
Removed entity cow from grid at 44, 27
Removed entity tree from grid at 41, 0
Removed entity human from grid at 23, 9
Removed entity tree from grid at 28, 39
Added entity human at 7, 20
Added entity human at 13, 1
Removed entity cow from grid at 26, 20
Added entity berry at 26, 24
Added entity house at 32, 12
Removed entity wolf from grid at 28, 43
Removed entity human from grid at 40, 23
Removed entity cow from grid at 38, 1
Removed entity cow from grid at 15, 5
Removed entity cow from grid at 38, 22
Removed entity wolf from grid at 0, 9
Added entity house at 29, 28
Added entity human at 43, 23
Removed entity human from grid at 14, 12
Removed entity tree from grid at 42, 12
Removed entity human from grid at 25, 10
Added entity house at 34, 26
Removed entity human from grid at 24, 11
Removed entity human from grid at 21, 41
Added entity house at 29, 14
Removed entity human from grid at 40, 42
Removed entity cow from grid at 38, 18
Removed entity wolf from grid at 33, 48
Removed entity tree from grid at 18, 2
Removed entity wolf from grid at 12, 16
Added entity wolf at 37, 44
Removed entity cow from grid at 15, 10
Added entity human at 40, 18
Removed entity house from grid at 40, 17
Added entity tree at 39, 17
Added entity tree at 42, 22
Added entity tree at 12, 0
Added entity tree at 6, 19
Added entity cow at 27, 2
Added entity cow at 17, 6
Added entity tree at 48, 25
Added entity house at 45, 4
Added entity cow at 38, 1
Removed entity cow from grid at 18, 17
Removed entity human from grid at 38, 22
Removed entity human from grid at 28, 21
Removed entity tree from grid at 27, 27
Added entity house at 43, 11
Removed entity wolf from grid at 11, 47
Removed entity human from grid at 25, 9
Removed entity tree from grid at 33, 27
Removed entity wolf from grid at 21, 41
Added entity human at 6, 12
Added entity human at 3, 9
Added entity wolf at 24, 38
Added entity wolf at 2, 2
Added entity wolf at 33, 46
Added entity wolf at 0, 21
Added entity human at 11, 22
Added entity human at 19, 30
Added entity human at 19, 28
Added entity human at 16, 30
Added entity human at 46, 40
Added entity human at 42, 44
Added entity human at 42, 45
Removed entity house from grid at 43, 45
Added entity human at 40, 17
Removed entity house from grid at 40, 16
Added entity human at 8, 33
Removed entity house from grid at 9, 34
Added entity tree at 40, 16
Removed entity human from grid at 16, 30
Removed entity human from grid at 19, 30
Added entity tree at 11, 21
Added entity cow at 37, 0
Added entity cow at 28, 1
Removed entity tree from grid at 39, 17
Removed entity tree from grid at 12, 0
Removed entity tree from grid at 45, 5
Removed entity human from grid at 43, 10
Removed entity human from grid at 33, 26
Added entity human at 37, 24
Removed entity cow from grid at 37, 19
Removed entity human from grid at 37, 15
Removed entity cow from grid at 44, 19
Removed entity human from grid at 31, 7
Added entity house at 10, 23
Removed entity tree from grid at 25, 30
Removed entity wolf from grid at 34, 45
Removed entity wolf from grid at 19, 39
Removed entity human from grid at 31, 13
Added entity wolf at 13, 47
Added entity wolf at 8, 13
Added entity wolf at 1, 9
Added entity wolf at 1, 16
Added entity wolf at 1, 20
Added entity human at 11, 9
Added entity human at 33, 35
Added entity human at 11, 36
Added entity human at 46, 11
Removed entity house from grid at 47, 11
Removed entity wolf from grid at 1, 16
Added entity tree at 47, 11
Removed entity human from grid at 11, 9
Added entity tree at 36, 23
Added entity cow at 27, 0
Added entity tree at 39, 16
Removed entity human from grid at 11, 22
Removed entity wolf from grid at 1, 9
Added entity tree at 6, 10
Added entity cow at 45, 13
Added entity house at 24, 7
Added entity human at 23, 30
Removed entity human from grid at 40, 4
Removed entity human from grid at 37, 17
Removed entity tree from grid at 44, 21
Removed entity cow from grid at 16, 4
Removed entity human from grid at 18, 15
Removed entity tree from grid at 40, 0
Removed entity cow from grid at 38, 16
Removed entity cow from grid at 24, 17
Removed entity cow from grid at 32, 8
Removed entity human from grid at 10, 22
Removed entity human from grid at 12, 36
Removed entity human from grid at 19, 4
Removed entity wolf from grid at 0, 17
Removed entity cow from grid at 17, 10
Added entity wolf at 13, 1
Added entity wolf at 3, 16
Added entity human at 9, 5
Removed entity human from grid at 20, 30
Added entity human at 25, 29
Added entity human at 25, 30
Removed entity house from grid at 26, 30
Added entity human at 15, 11
Added entity human at 15, 12
Removed entity house from grid at 16, 12
Added entity tree at 14, 11
Added entity tree at 26, 29
Added entity human at 24, 31
Added entity cow at 46, 14
Removed entity cow from grid at 45, 12
Added entity human at 6, 12
Added entity human at 9, 22
Removed entity wolf from grid at 18, 11
Removed entity human from grid at 6, 12
Added entity berry at 37, 2
Removed entity human from grid at 36, 15
Added entity house at 35, 21
Added entity house at 33, 31
Removed entity cow from grid at 33, 12
Removed entity wolf from grid at 5, 14
Removed entity human from grid at 19, 13
Added entity human at 41, 20
Added entity human at 30, 3
Added entity human at 6, 23
Added entity human at 6, 24
Removed entity house from grid at 7, 24
Removed entity tree from grid at 9, 23
Added entity human at 44, 21
Removed entity cow from grid at 38, 1
Removed entity cow from grid at 45, 12
Added entity house at 23, 3
Removed entity tree from grid at 36, 23
Removed entity cow from grid at 41, 18
Added entity house at 30, 7
Removed entity tree from grid at 17, 30
Removed entity tree from grid at 35, 32
Added entity house at 26, 7
Removed entity tree from grid at 27, 23
Removed entity tree from grid at 14, 11
Added entity wolf at 11, 46
Added entity wolf at 5, 47
Removed entity cow from grid at 19, 14
Added entity wolf at 3, 30
Added entity wolf at 31, 41
Added entity human at 9, 21
Added entity wolf at 1, 0
Added entity human at 32, 30
Added entity human at 38, 4
Added entity tree at 38, 3
Added entity tree at 45, 21
Added entity tree at 40, 20
Added entity cow at 45, 13
Added entity tree at 47, 10
Added entity tree at 36, 21
Added entity tree at 38, 16
Removed entity cow from grid at 49, 23
Removed entity berry from grid at 37, 2
Removed entity wolf from grid at 15, 0
Removed entity tree from grid at 36, 4
Removed entity wolf from grid at 30, 43
Removed entity tree from grid at 38, 3
Removed entity tree from grid at 40, 20
Removed entity cow from grid at 29, 22
Removed entity cow from grid at 35, 14
Removed entity wolf from grid at 11, 47
Removed entity human from grid at 9, 4
Added entity house at 25, 15
Removed entity wolf from grid at 4, 15
Added entity wolf at 25, 42
Added entity wolf at 35, 28
Added entity wolf at 24, 20
Added entity wolf at 2, 13
Added entity human at 48, 4
Added entity human at 29, 19
Removed entity house from grid at 30, 20
Added entity tree at 47, 3
Added entity tree at 38, 3
Removed entity human from grid at 32, 31
Added entity tree at 45, 12
Added entity cow at 36, 1
Added entity cow at 17, 5
Removed entity wolf from grid at 10, 49
Removed entity human from grid at 34, 25
Removed entity human from grid at 33, 32
Removed entity wolf from grid at 3, 2
Added entity human at 10, 36
Added entity wolf at 44, 24
Added entity wolf at 47, 34
Added entity wolf at 24, 20
Added entity wolf at 32, 46
Added entity wolf at 4, 17
Removed entity human from grid at 11, 38
Added entity human at 30, 31
Added entity human at 11, 5
Added entity human at 8, 26
Removed entity human from grid at 8, 26
Removed entity human from grid at 30, 31
Added entity cow at 35, 0
Removed entity tree from grid at 47, 3
Removed entity tree from grid at 38, 3
Removed entity human from grid at 39, 22
Removed entity human from grid at 48, 38
Removed entity human from grid at 47, 24
Removed entity human from grid at 35, 33
Removed entity human from grid at 38, 23
Removed entity human from grid at 22, 18
Removed entity human from grid at 41, 19
Removed entity human from grid at 29, 22
Removed entity human from grid at 24, 19
Removed entity human from grid at 29, 29
Removed entity human from grid at 38, 22
Removed entity wolf from grid at 21, 36
Removed entity wolf from grid at 10, 47
Removed entity human from grid at 41, 18
Removed entity wolf from grid at 32, 46
Removed entity wolf from grid at 2, 11
Removed entity wolf from grid at 2, 19
Added entity wolf at 9, 44
Added entity wolf at 7, 16
Added entity human at 16, 28
Added entity tree at 47, 3
Added entity cow at 44, 14
Added entity tree at 38, 3
Removed entity human from grid at 43, 22
Removed entity human from grid at 37, 24
Removed entity human from grid at 39, 19
Removed entity wolf from grid at 3, 15
Removed entity human from grid at 18, 24
Removed entity wolf from grid at 25, 39
Removed entity wolf from grid at 12, 49
Removed entity wolf from grid at 1, 2
Removed entity wolf from grid at 41, 26
Added entity wolf at 9, 14
Added entity wolf at 0, 9
Added entity wolf at 30, 45
Added entity wolf at 1, 17
Added entity wolf at 37, 34
Added entity wolf at 16, 15
Added entity wolf at 5, 17
Added entity human at 38, 8
Removed entity wolf from grid at 5, 17
Removed entity wolf from grid at 17, 15
Removed entity human from grid at 10, 7
Removed entity wolf from grid at 24, 38
Removed entity wolf from grid at 37, 32
Removed entity wolf from grid at 8, 15
Removed entity wolf from grid at 20, 37
Removed entity human from grid at 44, 39
Removed entity wolf from grid at 34, 46
Removed entity wolf from grid at 32, 49
Removed entity wolf from grid at 1, 17
Removed entity wolf from grid at 0, 1
Removed entity wolf from grid at 21, 21
Added entity wolf at 26, 40
Added entity human at 18, 29
Removed entity tree from grid at 7, 17
Removed entity wolf from grid at 1, 9
Removed entity wolf from grid at 25, 42
Removed entity wolf from grid at 22, 22
Removed entity wolf from grid at 8, 15
Removed entity cow from grid at 36, 15
Removed entity wolf from grid at 49, 33
Added entity wolf at 13, 16
Added entity wolf at 39, 34
Added entity wolf at 24, 20
Added entity wolf at 38, 37
Added entity human at 46, 4
Added entity tree at 45, 3
Added entity cow at 15, 4
Added entity human at 10, 18
Added entity cow at 28, 1
Removed entity tree from grid at 29, 25
Removed entity wolf from grid at 41, 34
Added entity house at 32, 10
Removed entity cow from grid at 44, 24
Removed entity human from grid at 4, 18
Removed entity wolf from grid at 22, 19
Added entity wolf at 24, 39
Added entity wolf at 22, 40
Added entity human at 19, 5
Added entity human at 41, 7
Added entity tree at 40, 6
Added entity cow at 29, 2
Added entity cow at 45, 15
Removed entity human from grid at 8, 17
Removed entity human from grid at 44, 19
Added entity human at 0, 9
Removed entity cow from grid at 15, 4
Removed entity human from grid at 32, 11
Removed entity human from grid at 40, 30
Removed entity tree from grid at 31, 26
Removed entity cow from grid at 44, 23
Added entity wolf at 20, 46
Removed entity human from grid at 23, 16
Added entity wolf at 21, 43
Added entity human at 39, 6
Added entity tree at 39, 5
Removed entity human from grid at 1, 9
Removed entity tree from grid at 16, 29
Removed entity cow from grid at 13, 7
Removed entity cow from grid at 46, 18
Added entity house at 38, 17
Added entity house at 32, 25
Removed entity wolf from grid at 25, 43
Added entity house at 38, 13
Removed entity tree from grid at 5, 15
Removed entity wolf from grid at 22, 38
Removed entity tree from grid at 38, 16
Removed entity wolf from grid at 12, 19
Removed entity human from grid at 22, 17
Removed entity cow from grid at 22, 14
Added entity wolf at 36, 38
Added entity wolf at 3, 30
Added entity human at 31, 21
Removed entity house from grid at 48, 12
Added entity human at 31, 13
Removed entity house from grid at 32, 14
Added entity tree at 31, 12
Added entity tree at 30, 20
Added entity tree at 38, 6
Added entity cow at 46, 14
Added entity cow at 28, 3
Added entity human at 11, 17
Removed entity cow from grid at 49, 8
Added entity cow at 34, 1
Added entity house at 41, 10
Removed entity tree from grid at 14, 20
Removed entity human from grid at 41, 22
Removed entity wolf from grid at 39, 35
Removed entity wolf from grid at 21, 42
Removed entity wolf from grid at 42, 36
Added entity wolf at 25, 40
Added entity wolf at 18, 34
Added entity human at 34, 19
Added entity human at 11, 36
Added entity tree at 33, 18
Added entity cow at 47, 15
Removed entity tree from grid at 31, 12
Removed entity human from grid at 16, 30
Removed entity tree from grid at 41, 9
Removed entity tree from grid at 39, 16
Added entity human at 15, 6
Removed entity tree from grid at 29, 27
Removed entity wolf from grid at 25, 44
Removed entity tree from grid at 40, 16
Added entity house at 41, 24
Added entity house at 46, 18
Removed entity human from grid at 12, 34
Added entity house at 36, 29
Added entity wolf at 35, 44
Added entity wolf at 38, 49
Added entity wolf at 23, 43
Added entity tree at 14, 5
Added entity cow at 48, 16
Added entity tree at 34, 18
Added entity cow at 35, 2
Added entity tree at 12, 16
Added entity tree at 30, 13
Added entity tree at 28, 18
Removed entity cow from grid at 41, 12
Removed entity human from grid at 36, 4
Removed entity cow from grid at 15, 7
Removed entity tree from grid at 14, 5
Added entity house at 34, 11
Removed entity tree from grid at 42, 22
Removed entity wolf from grid at 20, 41
Removed entity tree from grid at 34, 29
Removed entity cow from grid at 27, 22
Added entity wolf at 24, 44
Added entity wolf at 25, 41
Added entity wolf at 4, 13
Added entity wolf at 37, 48
Added entity wolf at 38, 36
Added entity wolf at 48, 33
Added entity human at 17, 9
Added entity tree at 17, 8
Added entity tree at 14, 5
Removed entity human from grid at 11, 33
Added entity tree at 33, 19
Removed entity human from grid at 31, 14
Added entity house at 37, 18
Added entity human at 26, 11
Removed entity cow from grid at 35, 2
Removed entity wolf from grid at 25, 39
Removed entity cow from grid at 48, 24
Removed entity tree from grid at 6, 10
Removed entity human from grid at 45, 26
Removed entity human from grid at 45, 19
Removed entity tree from grid at 30, 13
Removed entity wolf from grid at 37, 48
Added entity house at 11, 24
Removed entity human from grid at 26, 11
Added entity wolf at 22, 38
Added entity wolf at 10, 15
Added entity human at 41, 40
Added entity human at 19, 7
Added entity human at 44, 22
Added entity human at 38, 4
Removed entity house from grid at 46, 10
Removed entity house from grid at 45, 10
Added entity tree at 44, 21
Added entity tree at 19, 6
Removed entity human from grid at 41, 40
Removed entity tree from grid at 17, 8
Added entity human at 16, 5
Removed entity human from grid at 33, 20
Added entity house at 42, 13
Removed entity wolf from grid at 23, 37
Removed entity tree from grid at 47, 25
Removed entity cow from grid at 42, 17
Removed entity cow from grid at 46, 17
Removed entity human from grid at 34, 22
Added entity house at 23, 20
Removed entity tree from grid at 10, 24
Removed entity cow from grid at 24, 10
Added entity wolf at 1, 9
Added entity human at 33, 24
Added entity human at 35, 6
Removed entity house from grid at 36, 6
Removed entity house from grid at 49, 20
Added entity human at 37, 7
Added entity human at 38, 8
Removed entity house from grid at 38, 7
Added entity tree at 38, 7
Added entity tree at 36, 6
Added entity tree at 34, 5
Added entity cow at 27, 4
Removed entity cow from grid at 33, 10
Removed entity tree from grid at 14, 5
Removed entity tree from grid at 34, 18
Removed entity cow from grid at 25, 9
Removed entity tree from grid at 43, 12
Added entity house at 37, 22
Removed entity cow from grid at 49, 21
Removed entity wolf from grid at 24, 40
Removed entity wolf from grid at 21, 40
Added entity house at 29, 25
Removed entity tree from grid at 28, 18
Added entity human at 10, 35
Added entity human at 23, 12
Added entity wolf at 4, 2
Added entity wolf at 49, 31
Added entity human at 23, 26
Added entity human at 39, 13
Removed entity house from grid at 40, 13
Added entity tree at 38, 12
Added entity tree at 22, 25
Added entity tree at 22, 11
Added entity tree at 39, 7
Removed entity cow from grid at 46, 19
Removed entity cow from grid at 17, 7
Added entity house at 46, 22
Removed entity human from grid at 42, 22
Added entity house at 48, 20
Added entity house at 40, 17
Removed entity human from grid at 36, 17
Removed entity tree from grid at 45, 20
Added entity house at 32, 14
Removed entity human from grid at 12, 25
Removed entity cow from grid at 26, 8
Added entity human at 17, 15
Added entity tree at 17, 14
Removed entity cow from grid at 39, 12
Removed entity tree from grid at 22, 11
Added entity cow at 26, 3
Added entity house at 45, 20
Removed entity human from grid at 27, 9
Removed entity tree from grid at 36, 21
Added entity house at 40, 16
Removed entity cow from grid at 37, 16
Removed entity wolf from grid at 21, 40
Removed entity wolf from grid at 39, 39
Removed entity human from grid at 46, 20
Added entity house at 36, 24
Removed entity wolf from grid at 1, 17
Removed entity wolf from grid at 30, 49
Removed entity tree from grid at 12, 16
Removed entity wolf from grid at 2, 0
Added entity wolf at 17, 48
Added entity wolf at 2, 8
Added entity wolf at 48, 30
Added entity human at 45, 2
Added entity human at 31, 7
Added entity human at 6, 26
Added entity human at 37, 2
Added entity tree at 36, 1
Removed entity human from grid at 6, 26
Added entity tree at 31, 6
Added entity tree at 44, 1
Added entity house at 40, 12
Removed entity human from grid at 10, 36
Removed entity tree from grid at 19, 6
Removed entity cow from grid at 35, 16
Added entity human at 9, 17
Added entity house at 34, 15
Removed entity wolf from grid at 1, 10
Removed entity wolf from grid at 8, 17
Removed entity cow from grid at 28, 10
Added entity house at 13, 28
Removed entity tree from grid at 45, 21
Removed entity tree from grid at 8, 18
Added entity human at 35, 7
Removed entity human from grid at 38, 16
Added entity wolf at 27, 39
Added entity wolf at 28, 45
Added entity wolf at 29, 44
Added entity wolf at 4, 3
Added entity wolf at 11, 15
Added entity human at 40, 4
Added entity tree at 40, 3
Added entity tree at 36, 7
Added entity tree at 8, 17
Removed entity tree from grid at 31, 6
Removed entity tree from grid at 45, 3
Removed entity tree from grid at 38, 12
Added entity human at 23, 14
Added entity house at 22, 4
Added entity house at 21, 10
Added entity human at 33, 15
Removed entity human from grid at 17, 9
Added entity house at 23, 13
Removed entity tree from grid at 36, 6
Added entity human at 21, 41
Removed entity cow from grid at 35, 13
Removed entity cow from grid at 45, 17
Removed entity tree from grid at 35, 27
Removed entity tree from grid at 30, 29
Removed entity human from grid at 45, 18
Added entity wolf at 2, 20
Added entity wolf at 1, 3
Added entity wolf at 11, 15
Added entity human at 25, 12
Added entity human at 36, 8
Removed entity house from grid at 37, 9
Added entity human at 33, 22
Removed entity house from grid at 34, 23
Added entity human at 41, 6
Removed entity house from grid at 42, 6
Added entity tree at 42, 5
Added entity tree at 35, 8
Removed entity wolf from grid at 22, 42
Added entity tree at 33, 14
Added entity tree at 39, 4
Added entity tree at 34, 7
Added entity tree at 37, 1
Removed entity human from grid at 33, 11
Added entity cow at 47, 15
Removed entity wolf from grid at 3, 8
Removed entity wolf from grid at 1, 19
Removed entity cow from grid at 30, 23
Removed entity cow from grid at 35, 6
Removed entity human from grid at 45, 22
Removed entity wolf from grid at 24, 43
Removed entity wolf from grid at 19, 44
Removed entity wolf from grid at 11, 15
Removed entity wolf from grid at 13, 15
Removed entity tree from grid at 30, 20
Removed entity wolf from grid at 35, 48
Added entity wolf at 23, 40
Added entity wolf at 37, 42
Removed entity cow from grid at 28, 7
Added entity wolf at 21, 21
Added entity wolf at 40, 35
Added entity human at 44, 39
Added entity human at 44, 40
Removed entity house from grid at 45, 39
Added entity human at 45, 24
Added entity human at 45, 25
Removed entity house from grid at 46, 25
Added entity tree at 44, 24
Removed entity cow from grid at 37, 7
Removed entity tree from grid at 36, 7
Removed entity tree from grid at 8, 17
Removed entity human from grid at 42, 25
Removed entity human from grid at 24, 26
Removed entity human from grid at 29, 23
Removed entity tree from grid at 33, 18
Removed entity wolf from grid at 19, 44
Added entity house at 28, 9
Added entity wolf at 6, 17
Added entity wolf at 37, 47
Removed entity house from grid at 38, 10
Removed entity house from grid at 49, 24
Removed entity human from grid at 46, 23
Added entity cow at 48, 16
Cow Endangered Reproduction!
Added entity tree at 38, 8
Added entity tree at 33, 23
Added entity tree at 36, 7
Added entity cow at 25, 2
Removed entity tree from grid at 33, 14
Removed entity tree from grid at 11, 26
Removed entity wolf from grid at 36, 45
Added entity house at 36, 15
Removed entity wolf from grid at 30, 47
Removed entity cow from grid at 49, 18
Removed entity wolf from grid at 20, 42
Removed entity wolf from grid at 19, 42
Removed entity tree from grid at 33, 19
Removed entity human from grid at 32, 31
Removed entity wolf from grid at 36, 48
Removed entity cow from grid at 19, 15
Removed entity cow from grid at 45, 17
Added entity wolf at 10, 44
Added entity wolf at 7, 16
Added entity wolf at 2, 8
Added entity wolf at 37, 47
Added entity human at 30, 36
Removed entity house from grid at 29, 4
Added entity human at 19, 14
Added entity human at 19, 15
Removed entity house from grid at 20, 15
Removed entity human from grid at 30, 36
Added entity cow at 24, 3
Cow Endangered Reproduction!
Added entity tree at 40, 8
Removed entity wolf from grid at 5, 18
Removed entity human from grid at 12, 25
Removed entity wolf from grid at 32, 43
Added entity naturereserve at 2, 16
Human Victor built Nature Reserve for COW
Removed entity wolf from grid at 36, 48
Added entity wolf at 30, 43
Removed entity human from grid at 35, 30
Added entity human at 47, 2
Added entity human at 33, 35
Added entity human at 17, 13
Added entity human at 14, 29
Added entity human at 16, 28
Removed entity house from grid at 15, 29
Added entity human at 11, 35
Added entity human at 11, 36
Removed entity house from grid at 12, 35
Added entity cow at 29, 2
Cow Endangered Reproduction!
Added entity tree at 16, 27
Removed entity human from grid at 33, 35
Added entity tree at 47, 1
Removed entity tree from grid at 35, 8
Removed entity wolf from grid at 18, 42
Removed entity wolf from grid at 3, 7
Removed entity human from grid at 27, 14
Added entity house at 44, 23
Removed entity human from grid at 21, 24
Removed entity human from grid at 36, 46
Removed entity wolf from grid at 26, 45
Removed entity cow from grid at 17, 13
Removed entity tree from grid at 44, 16
Added entity wolf at 12, 48
Added entity wolf at 36, 44
Added entity wolf at 29, 43
Added entity wolf at 33, 29
Added entity human at 27, 20
Removed entity human from grid at 9, 25
Added entity human at 17, 7
Added entity human at 17, 9
Removed entity house from grid at 18, 8
Removed entity house from grid at 48, 14
Removed entity house from grid at 49, 22
Removed entity human from grid at 18, 28
Added entity tree at 0, 24
Added entity cow at 28, 3
Cow Endangered Reproduction!
Added entity tree at 48, 1
Removed entity cow from grid at 37, 9
Removed entity human from grid at 33, 25
Removed entity human from grid at 34, 16
Added entity human at 35, 9
Added entity house at 34, 23
Removed entity tree from grid at 17, 14
Removed entity human from grid at 35, 28
Removed entity wolf from grid at 5, 18
Removed entity human from grid at 43, 22
Added entity house at 22, 7
Added entity house at 33, 21
Removed entity human from grid at 32, 29
Removed entity cow from grid at 41, 13
Added entity wolf at 40, 48
Added entity wolf at 2, 4
Added entity wolf at 2, 14
Added entity wolf at 25, 44
Added entity human at 40, 29
Added entity human at 31, 37
Added entity human at 46, 37
Added entity human at 20, 17
Added entity human at 21, 19
Removed entity house from grid at 21, 18
Added entity human at 14, 23
Added entity human at 14, 24
Removed entity house from grid at 15, 24
Added entity human at 16, 16
Added entity human at 16, 17
Removed entity house from grid at 17, 17
Removed entity human from grid at 46, 37
Removed entity human from grid at 31, 37
Removed entity human from grid at 40, 29
Added entity cow at 25, 4
Cow Endangered Reproduction!
Removed entity wolf from grid at 19, 43
Removed entity wolf from grid at 21, 18
Removed entity wolf from grid at 37, 45
Removed entity human from grid at 31, 31
Added entity cow at 44, 14
Cow Endangered Reproduction!
Added entity wolf at 6, 42
Added entity wolf at 2, 46
Added entity wolf at 16, 34
Added entity human at 41, 42
Removed entity human from grid at 41, 40
Added entity human at 40, 29
Added entity human at 19, 4
Added entity human at 17, 13
Added entity human at 17, 14
Removed entity house from grid at 18, 14
Removed entity house from grid at 36, 3
Removed entity house from grid at 47, 16
Added entity human at 21, 16
Added entity human at 21, 18
Removed entity house from grid at 21, 17
Removed entity human from grid at 40, 29
Added entity berry at 14, 24
Added entity tree at 34, 8
Removed entity human from grid at 14, 29
Removed entity human from grid at 37, 9
Added entity human at 42, 1
Added entity house at 36, 13
Removed entity wolf from grid at 20, 44
Removed entity human from grid at 32, 29
Removed entity human from grid at 13, 33
Removed entity human from grid at 12, 29
Removed entity wolf from grid at 0, 16
Added entity wolf at 2, 22
Added entity wolf at 40, 49
Added entity wolf at 36, 48
Added entity human at 16, 29
Added entity human at 41, 4
Added entity human at 23, 26
Added entity human at 26, 4
Removed entity house from grid at 37, 3
Removed entity wolf from grid at 0, 7
Removed entity human from grid at 16, 29
Added entity human at 41, 2
Added entity human at 36, 8
Added entity house at 37, 11
Added entity wolf at 3, 20
Added entity wolf at 28, 43
Added entity wolf at 29, 47
Added entity wolf at 8, 13
Added entity human at 33, 35
Removed entity house from grid at 16, 14
Removed entity house from grid at 27, 3
Removed entity house from grid at 33, 4
Added entity human at 41, 18
Added entity human at 41, 20
Removed entity house from grid at 42, 19
Removed entity wolf from grid at 0, 7
Added entity human at 35, 7
Removed entity tree from grid at 40, 3
Added entity cow at 24, 5
Added entity cow at 27, 4
Removed entity wolf from grid at 49, 29
Removed entity wolf from grid at 7, 16
Removed entity cow from grid at 41, 15
Removed entity wolf from grid at 4, 17
Removed entity wolf from grid at 1, 32
Added entity wolf at 43, 23
Added entity wolf at 25, 46
Added entity wolf at 24, 48
Added entity wolf at 4, 2
Added entity human at 24, 26
Added entity human at 25, 23
Added entity human at 48, 11
Removed entity house from grid at 43, 18
Added entity human at 13, 9
Added entity human at 13, 10
Removed entity house from grid at 14, 10
Added entity cow at 23, 4
Removed entity wolf from grid at 42, 22
Removed entity human from grid at 35, 33
Added entity tree at 35, 7
Added entity human at 40, 1
Removed entity cow from grid at 39, 2
Added entity cow at 49, 15
Removed entity wolf from grid at 49, 34
Removed entity cow from grid at 35, 5
Removed entity wolf from grid at 19, 45
Added entity house at 37, 10
Removed entity cow from grid at 25, 9
Removed entity tree from grid at 34, 8
Removed entity wolf from grid at 20, 44
Added entity wolf at 42, 25
Added entity wolf at 22, 40
Added entity wolf at 27, 46
Added entity wolf at 48, 31
Added entity wolf at 1, 6
Added entity human at 16, 23
Added entity human at 16, 24
Removed entity house from grid at 17, 24
Added entity human at 46, 7
Removed entity house from grid at 47, 8
Added entity cow at 48, 14
Added entity tree at 40, 0
Added entity cow at 24, 3
Added entity cow at 45, 13
Removed entity wolf from grid at 48, 31
Removed entity tree from grid at 35, 7
Removed entity human from grid at 32, 7
Removed entity wolf from grid at 2, 23
Removed entity wolf from grid at 41, 49
Removed entity wolf from grid at 39, 37
Removed entity wolf from grid at 22, 45
Removed entity human from grid at 47, 20
Removed entity human from grid at 40, 25
Added entity human at 10, 35
Added entity wolf at 2, 2
Added entity wolf at 27, 45
Added entity wolf at 45, 36
Added entity human at 47, 28
Added entity human at 10, 25
Removed entity house from grid at 10, 26
Removed entity human from grid at 47, 28
Added entity cow at 25, 4
Added entity tree at 41, 1
Removed entity human from grid at 41, 22
Removed entity human from grid at 45, 24
Removed entity cow from grid at 31, 5
Removed entity human from grid at 45, 23
Removed entity wolf from grid at 1, 6
Removed entity wolf from grid at 45, 26
Removed entity wolf from grid at 21, 45
Removed entity cow from grid at 11, 5
Added entity wolf at 28, 45
Removed entity human from grid at 9, 37
Added entity human at 22, 16
Added entity human at 38, 19
Added entity human at 37, 4
Added entity human at 37, 5
Removed entity house from grid at 38, 5
Added entity human at 42, 21
Added entity human at 42, 22
Removed entity house from grid at 43, 21
Removed entity house from grid at 35, 18
Removed entity tree from grid at 40, 0
Added entity house at 42, 8
Removed entity wolf from grid at 49, 33
Added entity house at 35, 8
Added entity house at 29, 16
Removed entity wolf from grid at 38, 39
Removed entity wolf from grid at 21, 43
Added entity wolf at 31, 46
Added entity human at 26, 14
Added entity tree at 25, 13
Removed entity tree from grid at 44, 24
Added entity cow at 24, 5
Added entity cow at 46, 14
Removed entity tree from grid at 46, 8
Added entity house at 16, 26
Removed entity tree from grid at 11, 21
Removed entity wolf from grid at 2, 1
Removed entity tree from grid at 34, 7
Removed entity wolf from grid at 17, 46
Removed entity tree from grid at 38, 8
Removed entity wolf from grid at 20, 38
Added entity house at 27, 15
Removed entity human from grid at 38, 12
Removed entity tree from grid at 6, 14
Removed entity tree from grid at 48, 25
Removed entity human from grid at 45, 25
Added entity wolf at 44, 25
Added entity wolf at 15, 0
Added entity wolf at 48, 32
Added entity human at 39, 18
Added entity human at 39, 19
Removed entity house from grid at 40, 19
Added entity tree at 39, 17
Added entity cow at 25, 6
Added entity tree at 25, 14
Added entity tree at 42, 21
Added entity tree at 33, 7
Added entity tree at 38, 5
Removed entity human from grid at 41, 20
Added entity tree at 22, 15
Added entity tree at 44, 7
Added entity human at 41, 2
Removed entity cow from grid at 38, 0
Removed entity tree from grid at 6, 19
Removed entity wolf from grid at 2, 1
Removed entity tree from grid at 40, 7
Removed entity tree from grid at 40, 8
Removed entity wolf from grid at 17, 46
Added entity human at 15, 25
Removed entity human from grid at 6, 18
Removed entity human from grid at 7, 8
Removed entity wolf from grid at 5, 0
Added entity house at 44, 15
Removed entity tree from grid at 2, 18
Removed entity human from grid at 13, 7
Removed entity cow from grid at 11, 4
Added entity human at 12, 36
Added entity wolf at 31, 46
Added entity wolf at 39, 34
Added entity human at 15, 9
Removed entity house from grid at 16, 10
Added entity human at 11, 33
Added entity human at 13, 33
Removed entity house from grid at 12, 32
Added entity tree at 12, 32
Added entity tree at 15, 8
Added entity tree at 12, 35
Added entity tree at 15, 24
Added entity human at 42, 3
Removed entity tree from grid at 39, 17
Added entity cow at 47, 15
Removed entity human from grid at 27, 14
Removed entity tree from grid at 22, 15
Added entity cow at 49, 13
Removed entity tree from grid at 15, 24
Added entity cow at 26, 5
Removed entity cow from grid at 41, 15
Removed entity cow from grid at 37, 0
Removed entity cow from grid at 43, 15
Removed entity tree from grid at 22, 25
Added entity house at 33, 8
Removed entity wolf from grid at 42, 33
Removed entity wolf from grid at 45, 25
Removed entity tree from grid at 43, 34
Removed entity wolf from grid at 39, 34
Removed entity tree from grid at 33, 7
Added entity wolf at 1, 4
Added entity wolf at 31, 44
Added entity wolf at 9, 49
Added entity human at 22, 16
Added entity human at 31, 13
Removed entity house from grid at 26, 13
Added entity tree at 31, 12
Added entity tree at 21, 15
Added entity tree at 42, 2
Added entity tree at 14, 33
Added entity tree at 14, 9
Added entity tree at 11, 35
Added entity human at 14, 26
Removed entity tree from grid at 44, 21
Added entity house at 41, 23
Added entity house at 34, 13
Removed entity tree from grid at 37, 1
Removed entity wolf from grid at 15, 0
Added entity house at 16, 32
Removed entity cow from grid at 37, 3
Added entity human at 40, 24
Removed entity human from grid at 11, 36
Removed entity tree from grid at 11, 25
Added entity berry at 5, 37
Added entity wolf at 1, 0
Added entity human at 26, 21
Added entity human at 13, 12
Added entity human at 13, 14
Removed entity house from grid at 14, 13
Added entity human at 17, 5
Removed entity house from grid at 18, 6
Removed entity house from grid at 42, 16
Added entity tree at 16, 4
Added entity tree at 12, 13
Added entity tree at 13, 11
Added entity human at 13, 27
Removed entity tree from grid at 21, 15
Added entity cow at 48, 14
Removed entity tree from grid at 15, 8
Added entity house at 41, 19
Removed entity human from grid at 17, 31
Added entity house at 38, 8
Removed entity tree from grid at 10, 27
Removed entity wolf from grid at 49, 34
Removed entity tree from grid at 36, 7
Removed entity wolf from grid at 19, 48
Removed entity tree from grid at 47, 17
Removed entity tree from grid at 25, 14
Added entity house at 10, 28
Added entity house at 42, 18
Removed entity wolf from grid at 23, 48
Added entity wolf at 46, 35
Added entity wolf at 20, 35
Removed entity human from grid at 23, 28
Added entity human at 46, 37
Added entity human at 46, 38
Removed entity house from grid at 47, 38
Added entity human at 13, 7
Added entity human at 13, 9
Removed entity house from grid at 14, 8
Added entity tree at 12, 8
Added entity tree at 13, 6
Added entity cow at 47, 13
Added entity tree at 12, 26
Added entity tree at 16, 5
Added entity tree at 13, 13
Added entity tree at 12, 11
Removed entity human from grid at 42, 23
Added entity cow at 25, 4
Removed entity human from grid at 15, 31
Added entity house at 35, 18
Removed entity cow from grid at 12, 3
Added entity human at 43, 13
Removed entity tree from grid at 9, 26
Removed entity tree from grid at 4, 16
Removed entity tree from grid at 45, 12
Removed entity human from grid at 17, 32
Removed entity tree from grid at 39, 7
Added entity house at 35, 6
Added entity house at 44, 8
Removed entity tree from grid at 16, 4
Removed entity wolf from grid at 1, 3
Removed entity human from grid at 42, 24
Removed entity cow from grid at 44, 22
Removed entity human from grid at 33, 9
Added entity wolf at 4, 21
Added entity wolf at 48, 32
Added entity wolf at 19, 21
Added entity wolf at 0, 13
Removed entity house from grid at 49, 17
Removed entity house from grid at 41, 3
Added entity human at 36, 19
Removed entity house from grid at 37, 20
Added entity human at 6, 26
Added entity human at 6, 27
Removed entity house from grid at 7, 27
Added entity tree at 35, 19
Added entity tree at 42, 14
Added entity tree at 13, 8
Added entity tree at 14, 6
Added entity tree at 13, 26
Removed entity human from grid at 17, 4
Removed entity tree from grid at 13, 13
Removed entity tree from grid at 13, 11
Removed entity human from grid at 25, 24
Removed entity human from grid at 24, 14
Added entity human at 41, 2
Removed entity cow from grid at 28, 13
Removed entity human from grid at 17, 25
Removed entity cow from grid at 34, 2
Removed entity human from grid at 22, 22
Removed entity human from grid at 16, 25
Added entity house at 7, 7
Removed entity human from grid at 9, 26
Added entity house at 13, 36
Removed entity human from grid at 22, 16
Removed entity tree from grid at 12, 8
Added entity wolf at 4, 13
Added entity wolf at 26, 21
Added entity human at 27, 18
Added entity human at 24, 21
Removed entity house from grid at 40, 5
Added entity human at 23, 26
Added entity human at 23, 27
Removed entity house from grid at 24, 27
Removed entity house from grid at 31, 27
Removed entity human from grid at 26, 26
Removed entity human from grid at 24, 21
Removed entity human from grid at 27, 18
Added entity tree at 40, 1
Added entity cow at 24, 5
Added entity tree at 39, 2
Added entity tree at 36, 0
Removed entity human from grid at 21, 12
Removed entity human from grid at 24, 20
Removed entity tree from grid at 45, 11
Removed entity human from grid at 6, 6
Removed entity wolf from grid at 48, 32
Removed entity wolf from grid at 17, 48
Removed entity tree from grid at 44, 7
Removed entity human from grid at 7, 6
Removed entity human from grid at 13, 37
Removed entity cow from grid at 44, 12
Removed entity wolf from grid at 3, 14
Added entity wolf at 18, 34
Added entity wolf at 29, 44
Added entity wolf at 9, 15
Added entity human at 12, 4
Added entity human at 12, 5
Removed entity house from grid at 13, 5
Removed entity human from grid at 12, 36
Removed entity human from grid at 24, 26
Removed entity human from grid at 24, 25
Added entity tree at 42, 1
Removed entity human from grid at 34, 18
Added entity cow at 48, 14
Added entity tree at 40, 2
Removed entity human from grid at 34, 22
Removed entity human from grid at 34, 20
Removed entity human from grid at 26, 14
Removed entity wolf from grid at 27, 21
Removed entity wolf from grid at 49, 35
Removed entity wolf from grid at 17, 17
Removed entity wolf from grid at 6, 14
Added entity house at 44, 4
Removed entity wolf from grid at 14, 46
Added entity wolf at 45, 36
Added entity human at 32, 34
Added entity human at 12, 2
Added entity human at 12, 3
Removed entity house from grid at 13, 3
Removed entity house from grid at 12, 6
Added entity cow at 47, 15
Added entity cow at 25, 4
Removed entity tree from grid at 41, 1
Added entity human at 16, 11
Removed entity cow from grid at 44, 22
Removed entity cow from grid at 35, 1
Added entity house at 36, 6
Removed entity tree from grid at 42, 21
Removed entity human from grid at 15, 23
Added entity house at 46, 9
Removed entity tree from grid at 43, 3
Removed entity cow from grid at 34, 4
Added entity house at 20, 14
Removed entity tree from grid at 9, 29
Removed entity cow from grid at 17, 3
Added entity house at 37, 20
Removed entity cow from grid at 28, 12
Added entity human at 15, 8
Added entity human at 26, 20
Added entity human at 24, 19
Added entity human at 24, 20
Removed entity house from grid at 25, 20
Removed entity house from grid at 30, 12
Added entity cow at 26, 5
Cow Endangered Reproduction!
Added entity cow at 46, 14
Added entity tree at 12, 3
Added entity tree at 14, 3
Removed entity human from grid at 32, 34
Added entity tree at 10, 5
Added entity tree at 13, 1
Removed entity tree from grid at 33, 23
Removed entity tree from grid at 15, 28
Added entity human at 42, 24
Removed entity tree from grid at 36, 1
Removed entity human from grid at 35, 4
Added entity house at 45, 8
Removed entity tree from grid at 31, 12
Added entity house at 24, 17
Added entity house at 32, 16
Removed entity cow from grid at 44, 21
Removed entity tree from grid at 47, 10
Added entity house at 31, 16
Removed entity wolf from grid at 4, 16
Added entity wolf at 2, 10
Added entity wolf at 2, 2
Added entity wolf at 45, 37
Added entity wolf at 47, 10
Added entity wolf at 1, 12
Added entity human at 45, 28
Added entity human at 9, 5
Added entity human at 9, 6
Removed entity house from grid at 10, 6
Removed entity house from grid at 43, 20
Added entity human at 22, 15
Added entity human at 22, 16
Removed entity house from grid at 23, 15
Added entity tree at 21, 15
Added entity tree at 21, 14
Removed entity human from grid at 45, 28
Added entity cow at 45, 13
Added entity tree at 22, 17
Removed entity human from grid at 41, 13
Removed entity wolf from grid at 2, 2
Removed entity human from grid at 43, 14
Removed entity human from grid at 44, 12
Removed entity human from grid at 45, 7
Added entity tree at 23, 17
Removed entity human from grid at 47, 18
Removed entity human from grid at 43, 10
Removed entity wolf from grid at 47, 36
Removed entity human from grid at 47, 9
Removed entity human from grid at 43, 16
Added entity tree at 21, 13
Removed entity wolf from grid at 17, 46
Added entity wolf at 38, 37
Added entity human at 45, 31
Added entity human at 19, 2
Removed entity house from grid at 20, 3
Added entity human at 29, 21
Added entity human at 29, 22
Removed entity house from grid at 30, 22
Removed entity human from grid at 45, 31
Added entity human at 23, 14
Added entity cow at 27, 6
Added entity human at 15, 13
Removed entity tree from grid at 10, 5
Removed entity human from grid at 43, 4
Removed entity cow from grid at 18, 3
Removed entity cow from grid at 44, 20
Added entity house at 35, 5
Removed entity tree from grid at 23, 17
Removed entity tree from grid at 12, 26
Removed entity wolf from grid at 48, 35
Added entity human at 47, 19
Removed entity human from grid at 43, 5
Removed entity human from grid at 47, 35
Removed entity cow from grid at 19, 18
Removed entity tree from grid at 21, 14
Removed entity tree from grid at 16, 5
Removed entity wolf from grid at 2, 11
Removed entity human from grid at 41, 11
Added entity house at 35, 31
Removed entity human from grid at 35, 30
Removed entity wolf from grid at 0, 12
Added entity human at 17, 3
Removed entity house from grid at 18, 4
Added entity cow at 24, 5
Cow Endangered Reproduction!
Added entity tree at 45, 25
Added entity tree at 38, 18
Added entity tree at 35, 13
Added entity tree at 33, 13
Added entity tree at 11, 28
Removed entity cow from grid at 34, 4
Added entity house at 17, 15
Removed entity wolf from grid at 20, 40
Removed entity cow from grid at 44, 22
Removed entity tree from grid at 42, 14
Removed entity cow from grid at 19, 9
Removed entity wolf from grid at 0, 17
Removed entity human from grid at 41, 17
Added entity wolf at 3, 16
Removed entity house from grid at 47, 5
Added entity human at 24, 18
Removed entity house from grid at 25, 19
Added entity human at 30, 29
Added entity human at 30, 31
Removed entity house from grid at 31, 30
Added entity tree at 46, 44
Added entity tree at 1, 47
Removed entity human from grid at 47, 19
Added entity berry at 20, 4
Removed entity berry from grid at 20, 4
Removed entity wolf from grid at 39, 38
Added entity wolf at 38, 43
Added entity wolf at 1, 4
Added entity wolf at 16, 48
Added entity wolf at 3, 8
Added entity wolf at 4, 13
Added entity human at 19, 30
Removed entity house from grid at 16, 8
Added entity human at 27, 18
Removed entity house from grid at 28, 19
Added entity human at 30, 28
Added entity human at 30, 29
Removed entity house from grid at 31, 29
Added entity cow at 29, 7
Cow Endangered Reproduction!
Added entity cow at 25, 4
Cow Endangered Reproduction!
Added entity cow at 48, 12
Cow Endangered Reproduction!
Added entity house at 19, 12
Added entity human at 10, 26
Removed entity tree from grid at 34, 5
Added entity house at 19, 11
Removed entity tree from grid at 35, 19
Removed entity human from grid at 45, 19
Removed entity wolf from grid at 3, 10
Added entity wolf at 22, 40
Added entity wolf at 9, 48
Added entity human at 11, 9
Added entity human at 9, 3
Added entity tree at 5, 28
Added entity cow at 28, 8
Removed entity human from grid at 25, 18
Removed entity wolf from grid at 3, 14
Removed entity wolf from grid at 22, 40
Removed entity wolf from grid at 4, 16
Added entity wolf at 37, 49
Added entity wolf at 0, 19
Added entity human at 19, 30
Removed entity house from grid at 39, 3
Added entity human at 43, 29
Added entity human at 43, 30
Removed entity house from grid at 44, 30
Removed entity house from grid at 49, 5
Added entity cow at 26, 3
Added entity house at 33, 29
New Faction LIME_760 registered with traits: {
  moveSpeed: [33m1.0604330213199722[39m,
  hungerRate: [33m1.0786267738111739[39m,
  visionRadius: [33m0.9137541346616589[39m,
  aggression: [33m0.9683790358454935[39m
}
Societal Split! RED -> LIME_760 (Threshold: 6)
Removed entity tree from grid at 21, 15
Removed entity human from grid at 10, 5
Removed entity human from grid at 9, 9
Removed entity cow from grid at 35, 2
Added entity house at 9, 25
Removed entity human from grid at 17, 39
Removed entity human from grid at 18, 16
Added entity house at 36, 26
Removed entity tree from grid at 22, 17
Removed entity wolf from grid at 3, 4
Removed entity tree from grid at 45, 25
Removed entity tree from grid at 14, 9
Added entity wolf at 36, 42
Added entity wolf at 0, 14
Added entity human at 45, 26
Added entity human at 45, 28
Removed entity house from grid at 46, 27
Added entity human at 15, 7
Removed entity house from grid at 16, 7
Removed entity house from grid at 32, 6
Added entity cow at 27, 7
Added entity tree at 19, 15
Added entity tree at 21, 14
Removed entity wolf from grid at 1, 2
Added entity tree at 23, 15
Removed entity wolf from grid at 18, 42
Removed entity wolf from grid at 0, 14
Removed entity wolf from grid at 22, 43
Added entity tree at 14, 2
Added entity house at 20, 8
Added entity wolf at 42, 23
Added entity wolf at 2, 49
Added entity wolf at 47, 9
Removed entity house from grid at 49, 10
Added entity human at 43, 5
Removed entity house from grid at 44, 6
Removed entity human from grid at 43, 5
Removed entity cow from grid at 14, 5
Added entity human at 9, 1
Added entity cow at 49, 13
Added entity human at 7, 18
Added entity human at 17, 20
Added entity cow at 46, 14
Removed entity tree from grid at 38, 3
Removed entity human from grid at 16, 11
Removed entity human from grid at 45, 21
Removed entity human from grid at 39, 12
Removed entity human from grid at 39, 9
Removed entity tree from grid at 12, 13
Removed entity tree from grid at 19, 15
Removed entity human from grid at 36, 19
Removed entity human from grid at 36, 27
Removed entity human from grid at 38, 12
Added entity human at 34, 30
Added entity human at 11, 22
Removed entity wolf from grid at 36, 42
Added entity house at 46, 24
Removed entity wolf from grid at 30, 43
Removed entity tree from grid at 29, 31
Added entity wolf at 15, 0
Added entity wolf at 18, 37
Added entity wolf at 35, 27
Added entity wolf at 31, 47
Added entity human at 29, 11
Added entity human at 9, 3
Added entity human at 9, 5
Removed entity house from grid at 10, 4
Added entity human at 30, 34
Added entity human at 30, 35
Removed entity house from grid at 31, 35
Added entity human at 31, 35
Added entity human at 31, 36
Removed entity house from grid at 32, 36
Removed entity human from grid at 34, 30
Added entity cow at 47, 13
Added entity cow at 26, 8
Removed entity human from grid at 45, 24
Removed entity human from grid at 45, 25
Removed entity human from grid at 35, 26
Removed entity wolf from grid at 43, 22
Removed entity human from grid at 40, 23
Removed entity wolf from grid at 16, 41
Removed entity wolf from grid at 24, 39
Removed entity human from grid at 45, 10
Removed entity human from grid at 32, 24
Added entity berry at 19, 6
Added entity human at 10, 38
Removed entity house from grid at 20, 29
Added entity berry at 6, 3
Removed entity human from grid at 10, 38
Added entity tree at 10, 1
Added entity tree at 31, 8
Added entity tree at 10, 20
Added entity tree at 14, 21
Added entity human at 8, 19
Added entity human at 48, 23
Removed entity human from grid at 32, 29
Added entity human at 26, 31
Removed entity wolf from grid at 0, 34
Removed entity wolf from grid at 18, 42
Removed entity wolf from grid at 36, 45
Removed entity wolf from grid at 1, 20
Added entity house at 31, 31
Removed entity human from grid at 31, 32
Added entity house at 20, 6
Added entity human at 33, 33
Added entity human at 33, 35
Removed entity house from grid at 34, 34
Added entity human at 37, 23
Added entity human at 37, 24
Removed entity house from grid at 38, 24
Removed entity human from grid at 37, 24
Removed entity human from grid at 37, 23
Removed entity tree from grid at 27, 30
Added entity human at 49, 24
Added entity human at 7, 20
Removed entity tree from grid at 10, 20
Added entity cow at 25, 2
Added entity human at 8, 22
Added entity cow at 28, 7
Removed entity tree from grid at 34, 33
Added entity human at 44, 24
Removed entity human from grid at 39, 13
New Faction INDIGO_828 registered with traits: {
  moveSpeed: [33m0.9391310453695209[39m,
  hungerRate: [33m1.0561344178309429[39m,
  visionRadius: [33m0.9674168023772152[39m,
  aggression: [33m0.9062170407169006[39m
}
Societal Split! RED -> INDIGO_828 (Threshold: 6)
Added entity house at 20, 16
Removed entity wolf from grid at 21, 39
Removed entity human from grid at 8, 22
Removed entity wolf from grid at 36, 44
Removed entity human from grid at 30, 31
Added entity wolf at 10, 44
Added entity human at 20, 23
Added entity human at 20, 24
Removed entity house from grid at 21, 23
Added entity tree at 45, 23
Added entity cow at 29, 8
Added entity tree at 7, 19
Added entity tree at 49, 23
Added entity human at 27, 32
Added entity cow at 27, 9
Added entity human at 11, 20
Added entity human at 15, 22
Removed entity wolf from grid at 13, 0
Removed entity human from grid at 30, 25
Added entity house at 16, 7
Removed entity cow from grid at 28, 10
Removed entity human from grid at 8, 17
Removed entity human from grid at 41, 8
Removed entity human from grid at 32, 19
Removed entity tree from grid at 8, 27
Removed entity wolf from grid at 18, 42
Removed entity tree from grid at 33, 13
Added entity house at 25, 12
Added entity human at 35, 27
Added entity human at 22, 11
Removed entity human from grid at 31, 30
Added entity house at 21, 20
Added entity human at 16, 28
Added entity human at 16, 29
Removed entity house from grid at 17, 28
Added entity tree at 22, 10
Removed entity human from grid at 35, 27
Added entity tree at 14, 22
Added entity human at 12, 21
Added entity cow at 28, 10
Added entity human at 6, 21
Removed entity human from grid at 30, 36
Removed entity tree from grid at 31, 8
Removed entity tree from grid at 13, 1
Removed entity tree from grid at 14, 3
Added entity house at 17, 9
Added entity human at 14, 3
Removed entity human from grid at 19, 13
Removed entity cow from grid at 21, 5
Removed entity human from grid at 22, 17
Removed entity tree from grid at 45, 23
Removed entity cow from grid at 23, 8
Removed entity human from grid at 36, 9
Removed entity wolf from grid at 19, 42
Removed entity human from grid at 36, 31
Removed entity tree from grid at 25, 13
Removed entity tree from grid at 38, 18
Removed entity tree from grid at 21, 13
Added entity wolf at 8, 13
Added entity wolf at 2, 11
Removed entity house from grid at 46, 1
Added entity human at 38, 27
Added entity human at 38, 28
Removed entity house from grid at 39, 28
Added entity tree at 15, 2
Added entity cow at 29, 9
Added entity tree at 12, 20
Added entity tree at 21, 11
Added entity tree at 15, 21
Added entity tree at 11, 19
Added entity tree at 26, 31
Added entity cow at 30, 9
Added entity cow at 26, 3
Added entity tree at 47, 22
Added entity cow at 48, 14
Removed entity cow from grid at 46, 19
Removed entity human from grid at 36, 27
Removed entity cow from grid at 20, 7
Removed entity tree from grid at 22, 10
Removed entity cow from grid at 44, 20
Added entity house at 18, 25
Removed entity cow from grid at 28, 10
Added entity house at 8, 27
Removed entity wolf from grid at 0, 13
Added entity human at 9, 7
Added entity human at 9, 8
Removed entity house from grid at 10, 8
Added entity tree at 8, 7
Added entity human at 10, 6
Removed entity tree from grid at 14, 2
Removed entity tree from grid at 12, 20
Removed entity cow from grid at 47, 19
Removed entity wolf from grid at 2, 39
Removed entity tree from grid at 21, 14
Removed entity tree from grid at 41, 47
Removed entity cow from grid at 21, 4
Removed entity wolf from grid at 33, 39
Removed entity tree from grid at 9, 27
Removed entity human from grid at 34, 38
Added entity house at 19, 16
Added entity berry at 14, 44
Added entity wolf at 18, 48
Added entity wolf at 9, 14
Added entity wolf at 46, 35
Added entity wolf at 2, 14
Added entity wolf at 16, 13
Removed entity house from grid at 39, 1
Added entity human at 23, 23
Added entity human at 23, 24
Removed entity house from grid at 24, 24
Added entity tree at 22, 22
Added entity cow at 49, 15
Added entity tree at 13, 2
Added entity tree at 22, 11
Added entity tree at 16, 21
Added entity tree at 27, 32
Removed entity tree from grid at 47, 22
Added entity house at 8, 0
Added entity human at 13, 3
Removed entity human from grid at 17, 8
Removed entity human from grid at 21, 12
Removed entity human from grid at 21, 8
Removed entity human from grid at 18, 9
Removed entity human from grid at 15, 6
Removed entity human from grid at 26, 12
Removed entity wolf from grid at 14, 46
Added entity house at 10, 33
Removed entity human from grid at 19, 15
Removed entity human from grid at 18, 14
Removed entity human from grid at 16, 6
Added entity wolf at 9, 15
Removed entity wolf from grid at 2, 13
Removed entity house from grid at 30, 10
Added entity human at 24, 24
Added entity human at 24, 25
Removed entity house from grid at 25, 25
Added entity tree at 12, 2
Added entity cow at 48, 16
Added entity cow at 25, 2
Removed entity human from grid at 11, 22
Removed entity tree from grid at 29, 32
Added entity human at 47, 20
Removed entity tree from grid at 49, 23
Removed entity tree from grid at 10, 1
Added entity house at 29, 12
Removed entity wolf from grid at 43, 30
Removed entity cow from grid at 19, 3
Removed entity human from grid at 8, 24
Removed entity wolf from grid at 3, 40
Removed entity wolf from grid at 22, 43
Added entity house at 22, 17
Added entity wolf at 21, 45
Added entity wolf at 25, 46
Added entity human at 25, 9
Added entity human at 25, 10
Removed entity house from grid at 26, 9
Added entity human at 41, 40
Added entity human at 41, 41
Removed entity house from grid at 42, 41
Added entity human at 26, 12
Removed entity house from grid at 27, 13
Added entity tree at 26, 11
Added entity tree at 24, 9
Added entity tree at 26, 9
Added entity human at 14, 2
Removed entity tree from grid at 13, 8
Added entity cow at 29, 10
Added entity human at 8, 24
Removed entity human from grid at 17, 16
Removed entity human from grid at 32, 17
Added entity tree at 30, 3
Added entity house at 39, 19
Removed entity human from grid at 15, 32
Removed entity wolf from grid at 12, 46
Removed entity wolf from grid at 32, 46
Added entity human at 40, 20
Removed entity tree from grid at 23, 15
Added entity wolf at 42, 25
Added entity wolf at 5, 11
Removed entity human from grid at 40, 20
Added entity tree at 8, 23
Added entity human at 45, 18
Added entity cow at 28, 10
Added entity human at 27, 34
Added entity human at 37, 27
Removed entity human from grid at 47, 20
Removed entity tree from grid at 12, 11
Added entity house at 38, 24
Removed entity human from grid at 40, 19
Removed entity tree from grid at 16, 27
Removed entity wolf from grid at 25, 42
Removed entity tree from grid at 9, 31
Removed entity wolf from grid at 13, 47
Removed entity human from grid at 18, 12
Removed entity wolf from grid at 4, 17
Removed entity human from grid at 38, 22
Added entity house at 36, 33
Added entity wolf at 37, 35
Removed entity naturereserve from grid at 2, 12
Added entity tree at 37, 26
Added entity tree at 26, 33
Added entity tree at 44, 17
Removed entity cow from grid at 47, 19
Added entity cow at 26, 1
Added entity cow at 47, 17
Removed entity cow from grid at 20, 1
Added entity human at 41, 28
Added entity house at 27, 25
Removed entity human from grid at 39, 24
Removed entity human from grid at 18, 26
Removed entity wolf from grid at 46, 34
Removed entity human from grid at 36, 32
Added entity wolf at 2, 4
Added entity wolf at 3, 6
Removed entity naturereserve from grid at 1, 14
Removed entity naturereserve from grid at 48, 9
Added entity human at 40, 29
Added entity cow at 48, 18
Removed entity tree from grid at 26, 33
Added entity cow at 29, 11
Removed entity tree from grid at 44, 17
Added entity human at 12, 9
Removed entity wolf from grid at 9, 11
Removed entity wolf from grid at 2, 37
Added entity house at 7, 34
Removed entity human from grid at 8, 1
Removed entity wolf from grid at 1, 3
Added entity human at 24, 12
Removed entity human from grid at 18, 17
Added entity wolf at 33, 43
Added entity wolf at 2, 4
Added entity wolf at 7, 16
Removed entity naturereserve from grid at 0, 8
Added entity tree at 24, 11
Added entity cow at 49, 17
Added entity tree at 39, 28
Added entity cow at 25, 0
Removed entity tree from grid at 39, 28
Removed entity human from grid at 25, 9
Added entity human at 11, 12
Removed entity tree from grid at 11, 19
Added entity house at 13, 4
Removed entity cow from grid at 20, 1
Added entity house at 31, 29
Removed entity wolf from grid at 12, 13
Removed entity cow from grid at 21, 8
Removed entity wolf from grid at 26, 42
Removed entity wolf from grid at 5, 15
Removed entity human from grid at 30, 13
Removed entity wolf from grid at 37, 49
Added entity wolf at 26, 49
Added entity wolf at 48, 31
Added entity tree at 23, 12
Added entity cow at 30, 12
Added entity tree at 40, 28
Added entity human at 39, 29
Added entity human at 8, 22
Removed entity cow from grid at 26, 10
Removed entity wolf from grid at 31, 44
Removed entity tree from grid at 12, 3
Removed entity human from grid at 10, 10
Removed entity cow from grid at 23, 8
Removed entity tree from grid at 5, 32
Added entity house at 8, 29
Removed entity wolf from grid at 1, 3
Removed entity wolf from grid at 1, 13
Removed entity tree from grid at 22, 22
Removed entity human from grid at 37, 32
Added entity wolf at 13, 45
Added entity tree at 7, 21
Added entity cow at 31, 13
Added entity tree at 9, 11
Added entity cow at 24, 1
Added entity tree at 24, 13
Added entity human at 12, 5
Added entity house at 20, 15
Removed entity human from grid at 26, 27
Removed entity human from grid at 26, 13
Removed entity tree from grid at 15, 2
Removed entity tree from grid at 30, 30
Removed entity wolf from grid at 10, 15
Removed entity tree from grid at 6, 31
Added entity house at 31, 19
Removed entity cow from grid at 30, 12
Removed entity human from grid at 15, 28
Removed entity cow from grid at 43, 18
Added entity human at 10, 35
Added entity house at 33, 18
Removed entity naturereserve from grid at 49, 32
Removed entity naturereserve from grid at 33, 47
Removed entity naturereserve from grid at 0, 20
Removed entity naturereserve from grid at 5, 16
Added entity tree at 1, 44
Added entity tree at 12, 4
Added entity cow at 23, 2
Added entity tree at 8, 21
Removed entity tree from grid at 9, 11
Added entity human at 47, 19
Added entity tree at 8, 24
Added entity cow at 30, 9
Added entity cow at 48, 12
Added entity house at 18, 5
Added entity tree at 12, 27
Removed entity human from grid at 9, 21
Removed entity human from grid at 8, 16
Added entity cow at 1, 17
Removed entity wolf from grid at 2, 8
Added entity house at 14, 34
Added entity wolf at 34, 29
Removed entity human from grid at 9, 37
Removed entity naturereserve from grid at 1, 15
Removed entity naturereserve from grid at 15, 14
Added entity cow at 24, 3
Added entity cow at 31, 11
Added entity human at 11, 11
Added entity human at 41, 28
Removed entity cow from grid at 20, 1
Removed entity cow from grid at 29, 11
Removed entity human from grid at 35, 22
Removed entity human from grid at 35, 24
Removed entity human from grid at 13, 12
Added entity house at 8, 32
Removed entity wolf from grid at 49, 33
Removed entity human from grid at 38, 25
Removed entity wolf from grid at 38, 44
Removed entity tree from grid at 15, 34
Removed entity cow from grid at 21, 3
Added entity wolf at 12, 46
Added entity wolf at 1, 6
Removed entity naturereserve from grid at 2, 15
Removed entity naturereserve from grid at 10, 16
Removed entity human from grid at 6, 35
Added entity human at 40, 27
Added entity cow at 31, 8
Added entity human at 44, 16
Added entity human at 15, 8
Removed entity tree from grid at 8, 21
Added entity human at 8, 9
Removed entity cow from grid at 47, 18
Removed entity human from grid at 7, 14
Removed entity cow from grid at 20, 3
Removed entity human from grid at 32, 29
Removed entity tree from grid at 10, 31
Removed entity tree from grid at 24, 9
Removed entity wolf from grid at 2, 5
Added entity house at 11, 30
Added entity wolf at 25, 39
Added entity wolf at 22, 39
Added entity wolf at 1, 11
Added entity wolf at 20, 23
Removed entity naturereserve from grid at 44, 35
Removed entity naturereserve from grid at 38, 35
Removed entity human from grid at 30, 28
Added entity tree at 15, 7
Added entity tree at 43, 15
Added entity tree at 41, 27
Removed entity cow from grid at 46, 16
Added entity human at 10, 20
Removed entity human from grid at 25, 9
Removed entity human from grid at 20, 20
Added entity house at 18, 7
Removed entity tree from grid at 15, 7
Removed entity tree from grid at 41, 27
Removed entity wolf from grid at 1, 11
Removed entity wolf from grid at 24, 44
Removed entity tree from grid at 35, 13
Removed entity wolf from grid at 26, 40
Added entity house at 10, 32
Added entity house at 27, 30
Removed entity tree from grid at 13, 30
Added entity wolf at 1, 3
Added entity wolf at 2, 8
Added entity wolf at 22, 46
Removed entity naturereserve from grid at 36, 47
Removed entity human from grid at 18, 26
Added entity tree at 9, 19
Added entity tree at 6, 9
Added entity tree at 15, 7
Added entity tree at 45, 16
Removed entity tree from grid at 45, 16
Removed entity wolf from grid at 44, 32
Removed entity human from grid at 34, 31
Removed entity cow from grid at 24, 9
Removed entity human from grid at 27, 26
Added entity house at 39, 26
Added entity house at 15, 4
Removed entity human from grid at 19, 25
Removed entity human from grid at 20, 20
Removed entity tree from grid at 28, 30
Added entity berry at 18, 42
Added entity wolf at 17, 49
Added entity wolf at 0, 8
Removed entity naturereserve from grid at 20, 22
Removed entity naturereserve from grid at 32, 48
Removed entity naturereserve from grid at 39, 36
Added entity tree at 11, 19
Added entity tree at 14, 8
Removed entity tree from grid at 43, 15
Added entity cow at 32, 9
Added entity cow at 30, 12
Removed entity wolf from grid at 38, 31
Removed entity tree from grid at 40, 28
Added entity house at 17, 12
Removed entity tree from grid at 14, 6
Removed entity human from grid at 45, 14
Removed entity wolf from grid at 19, 42
Removed entity wolf from grid at 43, 40
Added entity human at 35, 28
Removed entity tree from grid at 7, 32
Removed entity human from grid at 18, 31
Removed entity human from grid at 23, 21
Added entity wolf at 16, 35
Added entity wolf at 7, 49
Added entity wolf at 41, 34
Removed entity naturereserve from grid at 46, 36
Removed entity naturereserve from grid at 33, 45
Added entity tree at 9, 20
Added entity tree at 16, 8
Added entity tree at 43, 15
Added entity tree at 40, 27
Removed entity tree from grid at 6, 9
Added entity cow at 23, 4
Removed entity human from grid at 37, 30
Added entity house at 44, 17
Removed entity tree from grid at 16, 8
Removed entity wolf from grid at 21, 44
Removed entity cow from grid at 1, 17
Removed entity wolf from grid at 7, 43
Added entity human at 40, 22
Removed entity human from grid at 15, 34
Added entity wolf at 26, 48
Added entity wolf at 31, 42
Added entity wolf at 2, 5
Added entity wolf at 46, 33
Removed entity naturereserve from grid at 32, 45
Removed entity naturereserve from grid at 1, 1
Removed entity human from grid at 15, 35
Added entity tree at 40, 21
Added entity tree at 11, 20
Removed entity tree from grid at 15, 7
Removed entity tree from grid at 13, 2
Added entity house at 30, 5
Removed entity human from grid at 40, 26
Added entity house at 20, 4
Added entity berry at 14, 29
Removed entity wolf from grid at 1, 9
Removed entity human from grid at 9, 29
Removed entity wolf from grid at 22, 24
Removed entity human from grid at 6, 35
Removed entity human from grid at 14, 26
Removed entity tree from grid at 46, 12
Added entity house at 32, 27
Removed entity tree from grid at 43, 15
Added entity wolf at 35, 48
Removed entity naturereserve from grid at 28, 48
Removed entity naturereserve from grid at 35, 46
Removed entity naturereserve from grid at 7, 3
Removed entity naturereserve from grid at 23, 46
Removed entity naturereserve from grid at 22, 41
Added entity tree at 39, 22
Added entity cow at 22, 3
Added entity tree at 9, 21
Added entity tree at 4, 8
Added entity tree at 15, 7
Removed entity tree from grid at 40, 27
Added entity cow at 49, 13
Removed entity tree from grid at 14, 8
Added entity house at 32, 5
Added entity house at 42, 15
Added entity house at 30, 18
Removed entity wolf from grid at 5, 43
Removed entity naturereserve from grid at 0, 3
Added entity cow at 48, 14
Added entity cow at 21, 4
Added entity tree at 41, 22
Added entity cow at 31, 13
Added entity tree at 10, 21
Removed entity tree from grid at 4, 8
Added entity human at 45, 15
Removed entity human from grid at 39, 27
Removed entity cow from grid at 20, 2
Removed entity human from grid at 40, 28
Removed entity wolf from grid at 45, 32
Added entity human at 14, 27
Added entity human at 12, 29
Removed entity wolf from grid at 20, 42
Removed entity human from grid at 7, 0
Removed entity human from grid at 3, 18
Removed entity tree from grid at 34, 27
Removed entity naturereserve from grid at 2, 17
Added entity tree at 45, 14
Added entity tree at 39, 23
Removed entity tree from grid at 24, 11
Removed entity tree from grid at 45, 14
Removed entity tree from grid at 30, 3
Removed entity cow from grid at 28, 12
Removed entity wolf from grid at 7, 43
Added entity wolf at 36, 44
Removed entity naturereserve from grid at 2, 6
Added entity tree at 45, 14
Added entity cow at 20, 5
Added entity tree at 40, 23
Added entity tree at 12, 19
Added entity human at 3, 10
Added entity house at 24, 10
Removed entity wolf from grid at 0, 8
Added entity house at 16, 29
Added entity human at 45, 21
Removed entity human from grid at 33, 26
Removed entity naturereserve from grid at 22, 37
Removed entity naturereserve from grid at 34, 6
Removed entity naturereserve from grid at 35, 49
Added entity cow at 19, 4
Added entity human at 46, 14
Added entity cow at 49, 15
Added entity human at 15, 10
Removed entity wolf from grid at 30, 43
Added entity house at 14, 11
Added entity human at 27, 12
Removed entity tree from grid at 15, 7
Removed entity tree from grid at 15, 30
Removed entity tree from grid at 39, 22
Removed entity tree from grid at 22, 11
Added entity wolf at 38, 49
Added entity wolf at 18, 46
Added entity wolf at 2, 8
Removed entity naturereserve from grid at 0, 2
Removed entity naturereserve from grid at 31, 48
Removed entity naturereserve from grid at 27, 47
Removed entity naturereserve from grid at 23, 32
Added entity tree at 28, 12
Added entity tree at 15, 9
Added entity tree at 46, 13
Added entity tree at 43, 21
Removed entity cow from grid at 44, 14
Removed entity tree from grid at 12, 19
Removed entity cow from grid at 43, 17
Removed entity human from grid at 3, 5
Removed entity tree from grid at 15, 9
Removed entity cow from grid at 28, 10
Removed entity tree from grid at 26, 11
Removed entity human from grid at 16, 28
Added entity cow at 2, 17
Added entity house at 22, 15
Added entity house at 49, 17
Added entity wolf at 4, 3
Added entity wolf at 7, 16
Removed entity naturereserve from grid at 25, 21
Added entity tree at 26, 11
Added entity tree at 14, 9
Added entity tree at 45, 21
Added entity human at 4, 8
Removed entity tree from grid at 45, 14
Added entity cow at 30, 13
Added entity cow at 33, 10
Added entity house at 45, 11
Removed entity tree from grid at 28, 12
Added entity house at 11, 39
Removed entity wolf from grid at 45, 38
Removed entity tree from grid at 26, 11
Removed entity human from grid at 27, 31
Removed entity wolf from grid at 2, 6
Removed entity human from grid at 46, 11
Removed entity human from grid at 12, 40
Added entity human at 10, 35
Removed entity naturereserve from grid at 30, 46
Removed entity naturereserve from grid at 1, 8
Removed entity naturereserve from grid at 49, 30
Removed entity naturereserve from grid at 24, 42
Removed entity berry from grid at 19, 6
Added entity cow at 34, 9
Added entity tree at 3, 7
Added entity tree at 26, 11
Added entity tree at 15, 9
Added entity cow at 48, 16
Added entity cow at 20, 3
Removed entity tree from grid at 43, 21
Removed entity cow from grid at 48, 24
Removed entity human from grid at 46, 12
Removed entity tree from grid at 46, 13
Added entity house at 14, 6
Removed entity wolf from grid at 3, 16
Removed entity cow from grid at 18, 3
Removed entity wolf from grid at 25, 44
Added entity house at 27, 18
Added entity human at 27, 13
Removed entity human from grid at 10, 39
Removed entity tree from grid at 24, 13
Added entity wolf at 24, 42
Added entity wolf at 8, 16
Removed entity naturereserve from grid at 10, 19
Removed entity naturereserve from grid at 29, 45
Removed entity naturereserve from grid at 10, 14
Removed entity naturereserve from grid at 47, 33
Removed entity naturereserve from grid at 40, 34
Removed entity naturereserve from grid at 34, 28
Added entity tree at 28, 13
Added entity cow at 19, 2
Added entity tree at 28, 11
Added entity tree at 16, 9
Added entity house at 43, 21
Removed entity tree from grid at 14, 9
Removed entity cow from grid at 46, 20
Removed entity human from grid at 12, 3
Removed entity tree from grid at 13, 6
Removed entity cow from grid at 19, 6
Removed entity wolf from grid at 0, 5
Removed entity wolf from grid at 5, 1
Added entity human at 40, 20
Removed entity human from grid at 9, 37
Added entity wolf at 31, 44
Removed entity naturereserve from grid at 24, 45
Removed entity naturereserve from grid at 29, 49
Removed entity naturereserve from grid at 13, 17
Added entity tree at 26, 14
Added entity tree at 5, 7
Removed entity tree from grid at 26, 11
Removed entity tree from grid at 15, 9
Added entity house at 48, 12
Removed entity wolf from grid at 2, 0
Removed entity human from grid at 13, 11
Added entity human at 24, 11
Added entity wolf at 32, 46
Removed entity naturereserve from grid at 6, 16
Added entity tree at 25, 10
Added entity cow at 20, 3
Added entity tree at 26, 13
Added entity human at 16, 11
Removed entity human from grid at 47, 12
Removed entity human from grid at 47, 13
Removed entity cow from grid at 20, 5
Removed entity tree from grid at 45, 21
Removed entity human from grid at 45, 22
Added entity house at 48, 8
Removed entity cow from grid at 48, 23
Removed entity tree from grid at 12, 35
Added entity human at 43, 22
Removed entity cow from grid at 3, 15
Added entity human at 12, 38
Added entity wolf at 13, 0
Removed entity naturereserve from grid at 2, 7
Removed entity human from grid at 11, 36
Added entity tree at 42, 21
Added entity tree at 17, 10
Removed entity tree from grid at 28, 13
Added entity human at 4, 7
Added entity human at 28, 13
Added entity human at 18, 15
Removed entity human from grid at 19, 6
Removed entity human from grid at 48, 9
Removed entity human from grid at 19, 3
Removed entity tree from grid at 16, 9
Added entity house at 48, 22
Removed entity wolf from grid at 7, 44
Removed entity wolf from grid at 5, 14
Removed entity naturereserve from grid at 3, 13
Removed entity naturereserve from grid at 0, 0
Added entity tree at 17, 14
Added entity tree at 29, 13
Removed entity tree from grid at 3, 7
Added entity cow at 21, 4
Removed entity cow from grid at 25, 8
Removed entity cow from grid at 41, 14
Removed entity cow from grid at 28, 12
Added entity cow at 48, 18
Removed entity human from grid at 13, 6
Removed entity tree from grid at 26, 14
Removed entity tree from grid at 26, 9
Added entity berry at 49, 4
Added entity wolf at 42, 24
Added entity wolf at 36, 46
Added entity wolf at 26, 48
Removed entity naturereserve from grid at 16, 49
Removed entity naturereserve from grid at 2, 9
Removed entity naturereserve from grid at 15, 47
Added entity tree at 18, 14
Added entity tree at 27, 13
Added entity tree at 3, 6
Removed entity human from grid at 43, 22
Added entity human at 17, 11
Added entity cow at 47, 15
Removed entity human from grid at 19, 6
Removed entity human from grid at 44, 22
Removed entity human from grid at 40, 22
Removed entity human from grid at 43, 19
Removed entity cow from grid at 47, 19
Removed entity human from grid at 44, 21
Removed entity human from grid at 46, 21
Added entity house at 20, 18
Added entity house at 25, 19
Removed entity human from grid at 30, 29
Removed entity human from grid at 18, 8
Removed entity berry from grid at 49, 4
Added entity house at 19, 18
Added entity wolf at 32, 43
Removed entity naturereserve from grid at 7, 15
Removed entity naturereserve from grid at 36, 49
Removed entity naturereserve from grid at 18, 47
Added entity human at 16, 10
Removed entity tree from grid at 18, 14
Removed entity tree from grid at 29, 13
Added entity human at 5, 8
Removed entity human from grid at 39, 17
Added entity cow at 34, 8
Removed entity human from grid at 13, 6
Removed entity human from grid at 16, 5
Added entity cow at 3, 16
Removed entity cow from grid at 27, 9
Added entity wolf at 28, 49
Removed entity naturereserve from grid at 29, 48
Added entity cow at 33, 9
Added entity tree at 6, 7
Added entity tree at 15, 9
Removed entity human from grid at 28, 10
Added entity house at 11, 12
Removed entity human from grid at 49, 23
Added entity human at 14, 35
Added entity human at 27, 16
Added entity house at 6, 32
Removed entity human from grid at 14, 36
Added entity human at 47, 19
Added entity wolf at 3, 16
Removed entity naturereserve from grid at 28, 46
Removed entity naturereserve from grid at 45, 35
Removed entity naturereserve from grid at 1, 5
Removed entity naturereserve from grid at 19, 36
Added entity tree at 7, 30
Added entity human at 28, 17
Removed entity tree from grid at 5, 7
Removed entity tree from grid at 17, 10
Added entity cow at 49, 19
Added entity cow at 20, 3
Removed entity cow from grid at 29, 9
Removed entity wolf from grid at 4, 17
Removed entity wolf from grid at 35, 41
Removed entity tree from grid at 17, 14
Removed entity cow from grid at 17, 5
Added entity human at 17, 27
Removed entity tree from grid at 8, 31
Removed entity human from grid at 21, 7
Added entity wolf at 34, 46
Added entity tree at 28, 16
Added entity tree at 26, 16
Added entity tree at 5, 7
Added entity cow at 46, 14
Added entity human at 17, 14
Added entity human at 28, 14
Removed entity human from grid at 18, 15
Added entity house at 28, 6
Removed entity tree from grid at 26, 16
Removed entity human from grid at 17, 17
Added entity wolf at 13, 47
Added entity wolf at 21, 46
Added entity wolf at 6, 2
Removed entity naturereserve from grid at 0, 11
Removed entity naturereserve from grid at 0, 10
Removed entity cow from grid at 3, 16
Added entity tree at 28, 13
Removed entity human from grid at 16, 15
Added entity cow at 47, 13
Added entity human at 29, 18
Added entity cow at 34, 8
Added entity tree at 41, 20
Removed entity human from grid at 21, 7
Removed entity human from grid at 20, 22
Removed entity human from grid at 19, 4
Added entity human at 17, 25
Added entity house at 31, 23
Added entity wolf at 24, 39
Removed entity tree from grid at 47, 11
Removed entity naturereserve from grid at 28, 47
Removed entity naturereserve from grid at 8, 14
Removed entity naturereserve from grid at 32, 42
Added entity cow at 35, 9
New Faction ORANGE_807 registered with traits: {
  moveSpeed: [33m1.0839010067167902[39m,
  hungerRate: [33m1.08766774738295[39m,
  visionRadius: [33m0.9453387768338088[39m,
  aggression: [33m0.9513667951810275[39m
}
Societal Split! RED -> ORANGE_807 (Threshold: 6)
Added entity cow at 21, 2
Removed entity cow from grid at 30, 13
Removed entity wolf from grid at 42, 22
Removed entity human from grid at 24, 3
Added entity human at 26, 9
Added entity wolf at 13, 47
Removed entity naturereserve from grid at 5, 3
Removed entity naturereserve from grid at 18, 49
Removed entity tree from grid at 25, 10
Added entity cow at 36, 8
Added entity human at 28, 19
Removed entity cow from grid at 31, 14
Removed entity human from grid at 19, 7
Removed entity cow from grid at 27, 7
Added entity human at 34, 30
Added entity wolf at 15, 46
Removed entity naturereserve from grid at 23, 38
Removed entity naturereserve from grid at 19, 49
Removed entity naturereserve from grid at 28, 44
Removed entity tree from grid at 1, 18
Added entity tree at 27, 19
Added entity cow at 37, 7
Added entity tree at 27, 9
Removed entity tree from grid at 27, 9
Removed entity human from grid at 28, 17
Added entity human at 41, 14
Removed entity human from grid at 30, 20
Added entity wolf at 21, 45
Removed entity human from grid at 44, 9
Added entity wolf at 25, 40
Removed entity naturereserve from grid at 30, 44
Removed entity naturereserve from grid at 8, 48
Removed entity naturereserve from grid at 39, 49
Removed entity human from grid at 5, 33
Added entity tree at 40, 13
Removed entity tree from grid at 27, 19
Removed entity human from grid at 44, 21
Removed entity cow from grid at 25, 9
Added entity human at 29, 15
Removed entity human from grid at 31, 18
Added entity house at 26, 9
Removed entity cow from grid at 29, 13
Added entity house at 14, 26
Removed entity wolf from grid at 37, 46
Added entity human at 37, 28
Added entity wolf at 1, 4
Added entity wolf at 1, 20
Removed entity naturereserve from grid at 27, 49
Removed entity naturereserve from grid at 0, 15
Added entity cow at 20, 3
Added entity tree at 28, 17
Added entity cow at 46, 12
Added entity cow at 47, 18
Removed entity wolf from grid at 0, 3
Removed entity wolf from grid at 32, 39
Added entity human at 45, 10
Removed entity human from grid at 27, 31
Added entity human at 12, 23
Removed entity wolf from grid at 1, 5
Removed entity naturereserve from grid at 6, 8
Removed entity naturereserve from grid at 1, 7
Removed entity naturereserve from grid at 14, 0
Removed entity naturereserve from grid at 22, 44
Removed entity human from grid at 7, 26
Removed entity wolf from grid at 3, 20
Added entity cow at 46, 19
Added entity cow at 19, 4
Removed entity cow from grid at 17, 8
Removed entity cow from grid at 46, 19
Added entity human at 6, 4
Removed entity tree from grid at 6, 7
Removed entity human from grid at 28, 23
Added entity wolf at 20, 44
Added entity wolf at 8, 42
Added entity tree at 5, 3
Removed entity tree from grid at 14, 22
Removed entity tree from grid at 40, 13
Removed entity human from grid at 14, 23
Removed entity tree from grid at 28, 11
Added entity human at 6, 8
Removed entity human from grid at 34, 4
Removed entity tree from grid at 13, 26
Removed entity human from grid at 5, 33
Removed entity naturereserve from grid at 4, 12
Added entity human at 1, 19
Added entity tree at 0, 19
Added entity tree at 5, 8
Added entity tree at 7, 3
Added entity cow at 18, 3
Added entity tree at 12, 21
Added entity human at 28, 14
Added entity human at 27, 21
Added entity human at 14, 12
Removed entity cow from grid at 27, 9
Removed entity cow from grid at 35, 14
Added entity human at 8, 8
Added entity human at 36, 17
Added entity human at 45, 16
Removed entity naturereserve from grid at 32, 47
Removed entity naturereserve from grid at 16, 47
Removed entity naturereserve from grid at 2, 3
Added entity human at 26, 22
Added entity human at 29, 15
Added entity cow at 17, 2
Removed entity tree from grid at 0, 19
Removed entity tree from grid at 5, 8
Added entity house at 46, 14
Added entity cow at 47, 11
Removed entity human from grid at 15, 11
Removed entity human from grid at 37, 30
Removed entity wolf from grid at 31, 41
Added entity house at 6, 10
Removed entity cow from grid at 29, 11
Added entity human at 17, 31
Added entity human at 35, 25
Removed entity human from grid at 17, 33
Added entity wolf at 1, 49
Added entity tree at 16, 30
Added entity tree at 30, 14
Added entity human at 27, 23
Added entity house at 7, 6
Added entity human at 7, 4
Added entity house at 13, 24
Removed entity human from grid at 46, 13
Removed entity human from grid at 32, 31
Removed entity cow from grid at 29, 9
Added entity house at 29, 1
Added entity human at 47, 25
Removed entity human from grid at 12, 34
Added entity tree at 39, 6
Added entity human at 33, 26
Added entity human at 34, 32
Added entity berry at 37, 28
Added entity human at 10, 36
Added entity wolf at 1, 3
Removed entity naturereserve from grid at 30, 48
Removed entity naturereserve from grid at 3, 17
Added entity human at 28, 14
Removed entity human from grid at 6, 6
Removed entity human from grid at 2, 17
Removed entity human from grid at 6, 5
Removed entity cow from grid at 32, 11
Removed entity wolf from grid at 31, 42
Added entity house at 27, 2
Added entity human at 39, 13
Added entity human at 44, 19
Added entity human at 31, 24
Removed entity human from grid at 15, 5
Removed entity cow from grid at 33, 12
Added entity wolf at 24, 48
Added entity wolf at 21, 46
Added entity wolf at 36, 42
Removed entity naturereserve from grid at 11, 16
Removed entity naturereserve from grid at 6, 49
Removed entity naturereserve from grid at 1, 21
Added entity cow at 46, 10
Removed entity human from grid at 30, 0
Removed entity wolf from grid at 0, 2
Removed entity wolf from grid at 30, 40
Removed entity human from grid at 31, 4
Added entity human at 32, 30
Added entity human at 43, 12
Added entity human at 40, 25
Removed entity wolf from grid at 38, 42
Removed entity wolf from grid at 24, 39
Removed entity human from grid at 41, 26
Removed entity cow from grid at 46, 17
Removed entity cow from grid at 49, 22
Removed entity tree from grid at 5, 3
Added entity cow at 18, 1
Removed entity human from grid at 46, 15
Removed entity human from grid at 45, 15
Removed entity human from grid at 17, 5
Added entity human at 38, 23
Added entity house at 11, 10
Removed entity human from grid at 31, 32
Added entity wolf at 24, 40
Removed entity naturereserve from grid at 0, 4
Removed entity naturereserve from grid at 3, 21
Removed entity naturereserve from grid at 2, 30
Added entity cow at 47, 9
Added entity human at 7, 5
Added entity human at 24, 26
Removed entity cow from grid at 33, 10
Removed entity cow from grid at 32, 11
Removed entity tree from grid at 15, 21
Removed entity cow from grid at 31, 7
Removed entity cow from grid at 18, 6
Removed entity human from grid at 18, 8
Removed entity tree from grid at 8, 7
Added entity house at 6, 23
Added entity cow at 1, 15
Added entity human at 36, 22
Removed entity human from grid at 13, 3
Removed entity wolf from grid at 35, 42
Removed entity naturereserve from grid at 8, 47
Removed entity naturereserve from grid at 23, 41
Removed entity naturereserve from grid at 17, 34
Added entity tree at 36, 21
Added entity tree at 24, 25
Added entity cow at 19, 0
Removed entity cow from grid at 46, 10
Removed entity human from grid at 31, 13
Removed entity tree from grid at 41, 20
Removed entity human from grid at 35, 7
Removed entity human from grid at 17, 4
Removed entity tree from grid at 27, 13
Removed entity cow from grid at 45, 24
Added entity house at 29, 30
Removed entity tree from grid at 5, 24
Added entity tree at 37, 21
Added entity tree at 23, 26
Added entity tree at 8, 3
Removed entity tree from grid at 42, 21
Removed entity tree from grid at 30, 14
Added entity human at 43, 18
Added entity cow at 36, 7
Added entity berry at 22, 2
Removed entity berry from grid at 22, 2
Added entity house at 32, 19
Added entity human at 45, 25
Added entity human at 37, 25
Added entity house at 30, 21
Removed entity human from grid at 10, 38
Added entity human at 44, 19
Added entity house at 31, 33
Removed entity wolf from grid at 35, 44
Removed entity cow from grid at 15, 2
Removed entity human from grid at 3, 47
Added entity wolf at 6, 41
Added entity wolf at 30, 47
Added entity tree at 44, 18
Added entity tree at 37, 24
Added entity human at 46, 26
Removed entity tree from grid at 44, 18
Removed entity tree from grid at 36, 21
Added entity human at 25, 25
Removed entity tree from grid at 7, 3
Added entity cow at 46, 8
Added entity house at 40, 14
Removed entity cow from grid at 32, 11
Added entity house at 44, 26
Added entity house at 9, 6
Added entity house at 12, 26
Removed entity human from grid at 30, 34
Removed entity tree from grid at 26, 29
Added entity human at 16, 14
Added entity house at 25, 4
Added entity human at 30, 29
Added entity wolf at 35, 49
Added entity tree at 45, 44
Added entity tree at 30, 28
Added entity tree at 15, 13
Added entity cow at 45, 9
Added entity tree at 24, 24
Added entity human at 47, 27
Removed entity tree from grid at 37, 26
Added entity cow at 18, 1
Removed entity cow from grid at 45, 22
Removed entity human from grid at 44, 24
Removed entity tree from grid at 28, 13
Removed entity tree from grid at 26, 13
Added entity human at 35, 25
Removed entity cow from grid at 0, 16
Removed entity human from grid at 25, 5
Removed entity human from grid at 28, 18
Removed entity wolf from grid at 36, 45
Added entity human at 14, 0
Removed entity naturereserve from grid at 29, 46
Removed entity naturereserve from grid at 25, 49
Added entity tree at 34, 24
Added entity cow at 17, 0
Added entity tree at 47, 26
Added entity tree at 31, 28
Removed entity tree from grid at 24, 25
Removed entity human from grid at 44, 19
Added entity cow at 37, 8
Removed entity human from grid at 35, 24
Removed entity human from grid at 47, 8
Removed entity tree from grid at 30, 28
Removed entity human from grid at 28, 12
Added entity house at 10, 19
Removed entity wolf from grid at 32, 44
Added entity human at 16, 8
Added entity human at 34, 30
Removed entity wolf from grid at 20, 41
Removed entity cow from grid at 16, 0
Removed entity tree from grid at 5, 7
Removed entity human from grid at 30, 33
Removed entity naturereserve from grid at 2, 47
Removed entity naturereserve from grid at 6, 48
Removed entity naturereserve from grid at 25, 47
Added entity tree at 34, 29
Added entity tree at 15, 7
Added entity tree at 35, 24
Removed entity human from grid at 30, 30
Removed entity cow from grid at 46, 17
Removed entity tree from grid at 8, 3
Removed entity tree from grid at 9, 20
Removed entity wolf from grid at 26, 38
Added entity house at 8, 10
Added entity human at 18, 11
Added entity human at 47, 19
Removed entity wolf from grid at 18, 2
Removed entity naturereserve from grid at 13, 46
Removed entity naturereserve from grid at 23, 45
Removed entity naturereserve from grid at 7, 41
Added entity tree at 48, 18
Added entity tree at 17, 10
Removed entity tree from grid at 15, 9
Added entity human at 17, 5
Removed entity tree from grid at 47, 26
Added entity human at 25, 27
Removed entity human from grid at 39, 22
Removed entity cow from grid at 48, 21
Added entity human at 4, 3
Removed entity tree from grid at 41, 22
Removed entity human from grid at 26, 18
Removed entity tree from grid at 28, 17
Added entity human at 40, 20
Added entity house at 4, 34
Removed entity cow from grid at 17, 4
Added entity wolf at 4, 45
Removed entity human from grid at 3, 35
Added entity tree at 40, 19
Added entity tree at 3, 2
Added entity tree at 24, 26
Added entity tree at 16, 4
Added entity cow at 38, 9
Removed entity cow from grid at 19, 4
Added entity house at 46, 16
Removed entity cow from grid at 15, 3
Removed entity cow from grid at 25, 9
Added entity human at 18, 15
Removed entity wolf from grid at 22, 39
Removed entity human from grid at 3, 34
Added entity human at 9, 22
Added entity human at 21, 13
Removed entity human from grid at 39, 7
Removed entity naturereserve from grid at 35, 45
Added entity house at 20, 12
Removed entity tree from grid at 40, 21
Removed entity tree from grid at 24, 26
Added entity human at 16, 6
Added entity cow at 44, 10
Removed entity tree from grid at 28, 16
Removed entity cow from grid at 46, 19
Removed entity wolf from grid at 24, 40
Added entity human at 37, 25
Added entity human at 42, 11
Removed entity naturereserve from grid at 2, 48
Added entity berry at 5, 34
Added entity tree at 42, 10
Added entity tree at 36, 25
Added entity tree at 15, 5
Added entity cow at 39, 8
Removed entity tree from grid at 3, 2
Added entity human at 26, 26
Removed entity tree from grid at 48, 18
Added entity cow at 19, 0
Removed entity tree from grid at 16, 4
Removed entity human from grid at 30, 27
Removed entity cow from grid at 38, 16
Added entity house at 6, 0
Removed entity human from grid at 4, 5
Added entity human at 32, 30
Added entity human at 18, 14
Added entity human at 43, 3
Removed entity cow from grid at 35, 12
Added entity human at 18, 2
Removed entity naturereserve from grid at 34, 49
Added entity tree at 17, 2
Removed entity human from grid at 43, 3
Added entity tree at 18, 13
Added entity tree at 32, 29
Added entity human at 25, 25
Removed entity tree from grid at 37, 24
Removed entity tree from grid at 15, 7
Added entity human at 8, 21
Removed entity cow from grid at 19, 4
Added entity house at 42, 26
Added entity human at 15, 2
Added entity human at 37, 32
Removed entity human from grid at 32, 33
Added entity house at 4, 26
Added entity wolf at 12, 48
Removed entity naturereserve from grid at 31, 45
Added entity tree at 14, 1
Added entity tree at 7, 20
Removed entity tree from grid at 24, 24
Removed entity tree from grid at 17, 2
Removed entity human from grid at 41, 11
Added entity cow at 43, 9
Removed entity tree from grid at 23, 12
Added entity human at 1, 1
Added entity house at 15, 23
Removed entity cow from grid at 46, 19
Added entity house at 34, 33
Removed entity human from grid at 40, 9
Removed entity cow from grid at 17, 2
Added entity house at 34, 3
Removed entity tree from grid at 2, 25
Added entity human at 34, 22
Removed entity human from grid at 4, 43
Added entity tree at 0, 0
Added entity tree at 15, 1
Added entity tree at 8, 20
Added entity tree at 26, 25
Added entity cow at 18, 1
Removed entity human from grid at 25, 13
Removed entity tree from grid at 14, 21
Removed entity tree from grid at 38, 7
Added entity house at 39, 28
Removed entity cow from grid at 36, 11
Removed entity tree from grid at 12, 27
Added entity human at 6, 35
Added entity human at 39, 25
Added entity human at 7, 1
Added entity house at 13, 22
Added entity human at 39, 7
Added entity human at 47, 23
Added entity human at 47, 19
Added entity human at 8, 37
Removed entity naturereserve from grid at 13, 48
Removed entity naturereserve from grid at 25, 45
Removed entity naturereserve from grid at 24, 41
Removed entity human from grid at 8, 37
Added entity tree at 47, 18
Added entity tree at 47, 22
Removed entity human from grid at 39, 7
Added entity tree at 7, 0
Removed entity human from grid at 6, 35
Added entity human at 0, 2
Added entity human at 14, 3
Added entity house at 41, 27
Removed entity tree from grid at 15, 5
Added entity human at 49, 18
Added entity human at 22, 19
Added entity human at 17, 6
Removed entity tree from grid at 12, 21
Removed entity cow from grid at 17, 0
Added entity human at 28, 27
Removed entity naturereserve from grid at 20, 45
Removed entity naturereserve from grid at 10, 45
Removed entity naturereserve from grid at 23, 44
Added entity tree at 16, 5
Added entity tree at 48, 18
Added entity human at 13, 2
Removed entity tree from grid at 47, 22
Removed entity tree from grid at 39, 23
Added entity cow at 17, 2
Removed entity tree from grid at 7, 19
Added entity cow at 40, 10
Removed entity cow from grid at 23, 9
New Faction PURPLE_737 registered with traits: {
  moveSpeed: [33m0.993114895700643[39m,
  hungerRate: [33m0.9177975622216688[39m,
  visionRadius: [33m1.0289909546219709[39m,
  aggression: [33m0.9419088965721286[39m
}
Societal Split! RED -> PURPLE_737 (Threshold: 6)
Removed entity tree from grid at 47, 18
Added entity house at 30, 10
Removed entity human from grid at 36, 12
Removed entity human from grid at 17, 29
Added entity human at 37, 23
Removed entity wolf from grid at 23, 40
Removed entity human from grid at 23, 24
Added entity human at 15, 6
Added entity human at 10, 26
Removed entity human from grid at 34, 2
Added entity human at 42, 22
Removed entity naturereserve from grid at 37, 43
Added entity tree at 42, 21
Added entity tree at 10, 25
Added entity tree at 16, 6
Added entity tree at 36, 22
Added entity cow at 41, 11
Added entity cow at 16, 3
Removed entity tree from grid at 12, 2
Removed entity tree from grid at 48, 18
Removed entity cow from grid at 16, 3
Added entity human at 5, 20
Removed entity human from grid at 41, 26
Removed entity human from grid at 43, 19
Removed entity cow from grid at 47, 18
Removed entity tree from grid at 34, 29
Removed entity cow from grid at 35, 10
Added entity human at 28, 24
Added entity human at 19, 26
Added entity human at 20, 21
Removed entity wolf from grid at 21, 41
Added entity human at 44, 9
Added entity human at 41, 9
Removed entity tree from grid at 15, 1
Removed entity naturereserve from grid at 23, 39
Removed entity naturereserve from grid at 12, 47
Added entity tree at 41, 8
Added entity tree at 43, 8
Added entity tree at 4, 19
Added entity tree at 41, 22
Added entity human at 12, 1
Removed entity tree from grid at 16, 6
Added entity human at 1, 1
Added entity human at 27, 27
Removed entity tree from grid at 40, 23
Added entity house at 39, 10
Removed entity human from grid at 38, 27
Added entity human at 37, 32
Added entity human at 39, 16
Added entity human at 47, 21
Added entity human at 36, 21
Added entity human at 24, 19
Added entity human at 37, 30
Added entity wolf at 34, 41
Added entity tree at 35, 20
Added entity tree at 46, 21
Added entity human at 26, 28
Removed entity tree from grid at 0, 0
Added entity human at 11, 2
Removed entity tree from grid at 43, 8
Added entity cow at 42, 12
Removed entity human from grid at 47, 21
Removed entity cow from grid at 17, 2
Removed entity tree from grid at 14, 1
Added entity human at 45, 21
Removed entity cow from grid at 44, 19
Removed entity tree from grid at 41, 22
Added entity house at 14, 9
Removed entity human from grid at 34, 2
Added entity house at 6, 14
Added entity human at 15, 35
Removed entity human from grid at 37, 34
Removed entity human from grid at 34, 34
Removed entity human from grid at 15, 34
Added entity berry at 9, 49
Removed entity human from grid at 11, 49
Removed entity naturereserve from grid at 26, 39
Added entity tree at 44, 21
Added entity tree at 10, 1
Added entity tree at 25, 27
Added entity tree at 36, 20
Removed entity tree from grid at 39, 32
Added entity human at 0, 2
Removed entity tree from grid at 44, 21
Removed entity tree from grid at 38, 6
Removed entity cow from grid at 19, 1
Added entity house at 12, 34
Removed entity human from grid at 12, 3
Removed entity wolf from grid at 14, 49
Added entity tree at 0, 1
Added entity tree at 44, 21
Added entity tree at 11, 1
Added entity human at 27, 29
Removed entity human from grid at 44, 9
Removed entity cow from grid at 16, 0
Removed entity human from grid at 41, 28
Added entity human at 17, 7
Added entity house at 27, 13
Removed entity cow from grid at 47, 17
Added entity house at 18, 31
Removed entity human from grid at 45, 21
Removed entity tree from grid at 40, 19
Removed entity human from grid at 32, 32
Removed entity tree from grid at 17, 10
Added entity human at 45, 25
Removed entity tree from grid at 11, 32
Removed entity naturereserve from grid at 20, 47
Removed entity naturereserve from grid at 33, 42
Added entity tree at 44, 24
Added entity tree at 16, 6
Added entity tree at 28, 28
Removed entity tree from grid at 0, 1
Added entity house at 12, 2
Added entity human at 15, 2
Added entity human at 13, 35
Added entity human at 30, 26
Removed entity human from grid at 36, 34
Removed entity naturereserve from grid at 43, 24
Added entity tree at 30, 25
Added entity human at 14, 3
Removed entity tree from grid at 28, 28
Added entity human at 1, 3
Removed entity human from grid at 11, 4
Removed entity human from grid at 37, 23
Added entity human at 42, 19
Removed entity human from grid at 40, 29
Removed entity tree from grid at 7, 21
Added entity house at 18, 1
Removed entity cow from grid at 49, 16
Removed entity tree from grid at 16, 5
Added entity cow at 45, 9
Removed entity cow from grid at 18, 9
Added entity house at 27, 28
Removed entity human from grid at 31, 32
Removed entity tree from grid at 21, 11
Added entity house at 35, 0
Added entity human at 9, 1
Added entity human at 34, 30
Added entity human at 47, 8
Removed entity human from grid at 34, 34
Added entity wolf at 9, 47
Added entity tree at 46, 7
Added entity tree at 33, 30
Added entity cow at 46, 10
Added entity tree at 43, 18
Added entity tree at 1, 2
Removed entity tree from grid at 12, 4
Removed entity tree from grid at 16, 30
Removed entity cow from grid at 45, 17
Removed entity human from grid at 45, 27
Removed entity tree from grid at 39, 4
Removed entity human from grid at 42, 7
Removed entity human from grid at 35, 1
Removed entity human from grid at 15, 34
Added entity human at 12, 25
Added entity house at 19, 0
Removed entity cow from grid at 17, 4
Removed entity human from grid at 27, 45
Added entity human at 8, 37
Added entity human at 9, 35
Removed entity house from grid at 9, 36
Added entity tree at 12, 24
Added entity tree at 47, 7
Added entity tree at 34, 29
Removed entity tree from grid at 43, 18
Removed entity tree from grid at 1, 2
Removed entity cow from grid at 18, 2
New Faction LIME_779 registered with traits: {
  moveSpeed: [33m1.082652376533431[39m,
  hungerRate: [33m0.9595142217854777[39m,
  visionRadius: [33m0.9249663526260328[39m,
  aggression: [33m1.0706195244324892[39m
}
Societal Split! RED -> LIME_779 (Threshold: 6)
Removed entity cow from grid at 26, 10
Removed entity human from grid at 16, 11
Added entity house at 14, 8
Removed entity cow from grid at 43, 17
Added entity house at 48, 25
Removed entity tree from grid at 9, 19
Added entity house at 16, 1
Removed entity wolf from grid at 21, 43
Added entity wolf at 29, 44
Added entity house at 8, 2
Removed entity naturereserve from grid at 35, 39
Added entity cow at 45, 9
Cow Endangered Reproduction!
Added entity tree at 48, 7
Added entity tree at 35, 30
Added entity tree at 41, 18
Added entity human at 2, 4
Added entity human at 11, 2
Removed entity human from grid at 41, 7
Removed entity human from grid at 46, 19
Removed entity human from grid at 13, 8
Removed entity cow from grid at 18, 3
Removed entity cow from grid at 21, 6
Removed entity human from grid at 45, 21
Removed entity tree from grid at 7, 0
Added entity human at 44, 10
Added entity human at 44, 12
Added entity wolf at 0, 43
Removed entity naturereserve from grid at 25, 48
Added entity naturereserve at 3, 4
Human Grace built Nature Reserve for COW
Added entity tree at 1, 0
Added entity cow at 43, 13
Cow Endangered Reproduction!
Added entity naturereserve at 2, 8
Human Alice built Nature Reserve for COW
Added entity naturereserve at 1, 3
Human Charlie built Nature Reserve for COW
Added entity human at 12, 38
Added entity human at 26, 29
Added entity cow at 42, 11
Cow Endangered Reproduction!
Removed entity human from grid at 10, 40
Removed entity cow from grid at 28, 12
Added entity human at 11, 22
Removed entity human from grid at 28, 44
Removed entity human from grid at 5, 49
Removed entity tree from grid at 10, 1
Removed entity naturereserve from grid at 0, 44
Added entity human at 12, 40
Added entity human at 38, 25
Added entity naturereserve at 7, 12
Human Yara built Nature Reserve for COW
Added entity cow at 25, 5
Cow Endangered Reproduction!
Added entity tree at 2, 15
Removed entity human from grid at 19, 32
Removed entity human from grid at 18, 32
Removed entity cow from grid at 19, 5
Removed entity human from grid at 12, 40
Added entity cow at 43, 12
Cow Endangered Reproduction!
Added entity cow at 44, 14
Removed entity cow from grid at 19, 2
Removed entity cow from grid at 42, 16
Added entity house at 21, 2
Added entity house at 41, 30
Added entity house at 46, 28
Removed entity wolf from grid at 43, 2
Removed entity tree from grid at 16, 6
Added entity cow at 45, 13
Cow Endangered Reproduction!
Added entity cow at 26, 4
Added entity tree at 40, 26
Added entity human at 1, 1
Added entity house at 29, 32
Removed entity cow from grid at 20, 2
Added entity house at 11, 3
Added entity house at 48, 28
Removed entity cow from grid at 41, 12
Removed entity tree from grid at 44, 24
Removed entity wolf from grid at 19, 41
Added entity human at 21, 13
Added entity cow at 27, 5
Cow Endangered Reproduction!
Added entity cow at 46, 12
Added entity tree at 41, 26
Removed entity human from grid at 45, 10
Added entity cow at 43, 10
Removed entity human from grid at 27, 31
Added entity human at 20, 1
Removed entity human from grid at 10, 0
Added entity house at 28, 33
Removed entity tree from grid at 40, 33
Removed entity cow from grid at 45, 18
Removed entity tree from grid at 29, 34
Added entity human at 16, 10
Added entity human at 38, 20
Added entity human at 12, 36
Added entity tree at 37, 19
Added entity tree at 15, 9
Added entity cow at 47, 11
Removed entity cow from grid at 44, 9
Removed entity human from grid at 11, 38
Added entity house at 38, 31
Added entity human at 14, 10
Removed entity human from grid at 32, 31
Removed entity human from grid at 13, 2
Added entity human at 25, 13
Removed entity cow from grid at 22, 6
Removed entity human from grid at 16, 35
Added entity house at 30, 3
Removed entity wolf from grid at 2, 42
Added entity human at 37, 23
Removed entity human from grid at 10, 14
Added entity human at 35, 27
Added entity tree at 40, 48
Removed entity human from grid at 36, 28
Added entity human at 13, 11
Added entity cow at 46, 10
Added entity cow at 44, 9
Removed entity human from grid at 14, 4
Added entity human at 44, 25
Added entity human at 26, 30
Removed entity cow from grid at 18, 0
Removed entity human from grid at 42, 16
Removed entity human from grid at 29, 34
Removed entity cow from grid at 24, 6
Removed entity human from grid at 8, 4
Removed entity human from grid at 28, 34
Removed entity tree from grid at 15, 9
Added entity human at 47, 13
Removed entity wolf from grid at 2, 43
Removed entity human from grid at 6, 46
Added entity house at 10, 0
Added entity human at 10, 36
Added entity human at 10, 37
Removed entity house from grid at 11, 37
Added entity human at 27, 29
Added entity cow at 45, 9
Added entity human at 18, 2
Added entity cow at 44, 11
Removed entity tree from grid at 35, 30
Removed entity human from grid at 39, 33
Removed entity wolf from grid at 31, 41
Removed entity wolf from grid at 22, 41
Added entity human at 44, 12
Added entity human at 21, 9
Added entity human at 43, 17
Added entity human at 42, 25
Added entity wolf at 5, 48
Added entity tree at 42, 24
Added entity cow at 45, 10
Added entity human at 19, 3
Removed entity tree from grid at 1, 0
Removed entity human from grid at 44, 12
Removed entity cow from grid at 43, 15
Added entity human at 18, 28
Removed entity tree from grid at 18, 13
Removed entity tree from grid at 42, 24
Removed entity human from grid at 47, 21
Removed entity wolf from grid at 42, 0
Added entity house at 10, 15
Removed entity tree from grid at 11, 1
Added entity tree at 17, 27
Added entity tree at 19, 2
Added entity tree at 42, 24
Added entity tree at 42, 16
Removed entity human from grid at 21, 11
Removed entity tree from grid at 26, 31
Added entity human at 45, 23
Added entity human at 21, 12
Added entity cow at 26, 4
Added entity human at 3, 2
Removed entity cow from grid at 46, 13
Removed entity human from grid at 35, 29
Removed entity cow from grid at 48, 19
Removed entity tree from grid at 42, 16
Removed entity tree from grid at 15, 13
Removed entity human from grid at 18, 2
Added entity human at 49, 21
Added entity human at 12, 35
Removed entity cow from grid at 33, 11
Added entity tree at 3, 1
Added entity tree at 20, 11
Added entity tree at 44, 22
Added entity human at 49, 13
Removed entity human from grid at 47, 19
Added entity house at 27, 23
Removed entity wolf from grid at 32, 43
Added entity house at 49, 14
Removed entity tree from grid at 36, 0
Added entity house at 1, 25
Added entity house at 9, 38
Added entity human at 21, 6
Added entity human at 34, 32
Added entity tree at 34, 31
Added entity human at 2, 1
Removed entity tree from grid at 20, 11
Removed entity tree from grid at 44, 22
Removed entity tree from grid at 19, 2
Removed entity cow from grid at 48, 13
Removed entity cow from grid at 20, 3
Removed entity human from grid at 9, 39
Removed entity human from grid at 16, 2
Added entity house at 17, 17
Removed entity cow from grid at 40, 3
Removed entity tree from grid at 3, 26
Added entity human at 19, 24
Removed entity human from grid at 9, 37
Removed entity human from grid at 12, 37
Added entity cow at 27, 3
Cow Endangered Reproduction!
Removed entity human from grid at 29, 33
Removed entity wolf from grid at 33, 43
Removed entity human from grid at 7, 31
Added entity human at 44, 22
Added entity naturereserve at 0, 12
Human Yara built Nature Reserve for COW
Added entity cow at 28, 3
Cow Endangered Reproduction!
Added entity cow at 26, 0
Cow Endangered Reproduction!
Added entity tree at 30, 14
Added entity tree at 9, 10
Added entity tree at 1, 8
Added entity tree at 24, 28
Removed entity tree from grid at 44, 21
Added entity human at 20, 11
Added entity cow at 44, 11
Added entity cow at 46, 8
Added entity human at 12, 8
Removed entity human from grid at 7, 32
Removed entity tree from grid at 30, 25
Removed entity cow from grid at 18, 2
Removed entity human from grid at 47, 18
Added entity tree at 11, 7
Added entity cow at 43, 10
Added entity tree at 19, 10
Added entity cow at 29, 2
Added entity human at 2, 1
Removed entity human from grid at 17, 4
Removed entity human from grid at 44, 18
Removed entity cow from grid at 23, 6
Added entity human at 26, 30
Added entity cow at 43, 8
Removed entity cow from grid at 20, 2
Removed entity cow from grid at 49, 18
Removed entity human from grid at 30, 38
Removed entity human from grid at 14, 39
Added entity human at 43, 24
Added entity human at 39, 16
Removed entity tree from grid at 11, 19
Added entity tree at 39, 15
Removed entity tree from grid at 42, 24
Added entity cow at 42, 9
Added entity human at 3, 2
Added entity human at 13, 7
Removed entity tree from grid at 19, 10
Removed entity human from grid at 32, 32
Added entity human at 45, 21
Removed entity human from grid at 18, 28
Removed entity cow from grid at 27, 10
Removed entity cow from grid at 24, 6
Added entity cow at 3, 8
Removed entity human from grid at 20, 1
Added entity house at 36, 3
Removed entity wolf from grid at 29, 39
Added entity human at 15, 7
Added entity house at 8, 39
Removed entity human from grid at 11, 49
Added entity tree at 15, 6
Added entity tree at 44, 20
Added entity human at 12, 6
Removed entity tree from grid at 3, 1
Added entity cow at 28, 1
Removed entity cow from grid at 45, 15
Removed entity cow from grid at 22, 2
Added entity cow at 2, 4
Removed entity cow from grid at 4, 7
Removed entity cow from grid at 27, 8
Added entity human at 7, 31
Removed entity human from grid at 9, 40
Removed entity human from grid at 7, 39
Added entity human at 15, 31
Added entity berry at 13, 46
Added entity house at 28, 16
Removed entity wolf from grid at 20, 39
Added entity tree at 3, 2
Added entity cow at 45, 7
Cow Endangered Reproduction!
Added entity human at 20, 11
Added entity human at 42, 22
Added entity cow at 26, 4
Added entity human at 46, 12
Removed entity tree from grid at 11, 7
Removed entity cow from grid at 45, 14
Added entity house at 15, 13
Added entity human at 28, 29
Added entity human at 7, 26
Added entity tree at 46, 11
Added entity cow at 25, 5
Removed entity tree from grid at 42, 21
Added entity cow at 29, 0
Added entity house at 46, 26
Removed entity cow from grid at 47, 10
Added entity house at 39, 18
Removed entity human from grid at 30, 27
Removed entity tree from grid at 15, 6
Removed entity tree from grid at 16, 21
Added entity cow at 24, 4
Added entity tree at 45, 13
Added entity tree at 42, 21
Added entity tree at 18, 8
Added entity cow at 44, 6
Added entity human at 2, 4
Removed entity tree from grid at 29, 35
Removed entity cow from grid at 23, 5
Removed entity tree from grid at 46, 11
Removed entity tree from grid at 30, 14
Removed entity tree from grid at 18, 8
Removed entity cow from grid at 23, 1
Removed entity tree from grid at 41, 18
Added entity house at 5, 16
Added entity human at 5, 33
Removed entity human from grid at 12, 27
Added entity human at 21, 5
Added entity human at 12, 35
Added entity berry at 29, 46
Added entity tree at 6, 30
Removed entity cow from grid at 39, 12
Added entity tree at 12, 36
Added entity tree at 21, 4
Added entity tree at 2, 3
Added entity cow at 45, 5
Added entity tree at 47, 12
Added entity human at 17, 10
Added entity human at 30, 33
Removed entity cow from grid at 3, 3
Removed entity tree from grid at 47, 12
Added entity house at 41, 4
Added entity human at 40, 27
Added entity human at 20, 17
Added entity tree at 21, 16
Added entity human at 16, 11
Removed entity tree from grid at 11, 35
Removed entity tree from grid at 2, 3
Removed entity tree from grid at 45, 13
Added entity human at 45, 23
Added entity human at 9, 7
Removed entity tree from grid at 3, 2
Removed entity cow from grid at 22, 6
Removed entity tree from grid at 21, 4
Removed entity wolf from grid at 42, 40
Added entity house at 11, 0
Removed entity wolf from grid at 25, 42
Removed entity tree from grid at 39, 5
Removed entity tree from grid at 2, 15
Added entity human at 15, 31
Removed entity human from grid at 8, 11
Removed entity cow from grid at 21, 3
Added entity cow at 46, 6
Cow Endangered Reproduction!
Added entity cow at 6, 12
Added entity tree at 37, 36
Added entity tree at 15, 30
Added entity cow at 2, 3
Added entity tree at 19, 1
Added entity tree at 0, 3
Added entity tree at 37, 2
Added entity tree at 35, 22
Added entity tree at 44, 25
Removed entity wolf from grid at 25, 42
Added entity house at 41, 6
Added entity berry at 23, 39
Added entity human at 43, 3
Added entity human at 36, 19
Added entity cow at 25, 5
Removed entity human from grid at 35, 30
Removed entity tree from grid at 19, 1
Removed entity tree from grid at 37, 2
Removed entity wolf from grid at 22, 42
Removed entity human from grid at 40, 5
Added entity human at 13, 7
Added entity human at 16, 5
Added entity human at 8, 33
Added entity human at 36, 9
Added entity human at 39, 14
Removed entity cow from grid at 5, 11
Added entity tree at 40, 13
Added entity tree at 36, 8
Removed entity human from grid at 9, 32
Added entity cow at 24, 6
Added entity cow at 45, 5
Added entity human at 9, 7
Added entity human at 47, 24
Removed entity tree from grid at 21, 16
Removed entity tree from grid at 28, 36
Added entity human at 4, 6
Added entity human at 43, 22
Removed entity cow from grid at 24, 4
Added entity human at 19, 9
Removed entity cow from grid at 43, 14
Added entity human at 36, 37
Removed entity human from grid at 20, 3
Added entity house at 14, 0
Removed entity human from grid at 45, 24
Added entity human at 42, 14
Removed entity human from grid at 44, 31
Removed entity cow from grid at 39, 3
Added entity human at 14, 5
Added entity human at 33, 24
New Faction TEAL_323 registered with traits: {
  moveSpeed: [33m0.9864106320366741[39m,
  hungerRate: [33m1.095351571419737[39m,
  visionRadius: [33m0.9819406744521518[39m,
  aggression: [33m0.902700986117944[39m
}
Societal Split! RED -> TEAL_323 (Threshold: 6)
Removed entity human from grid at 20, 47
Added entity tree at 32, 23
Added entity tree at 14, 4
Added entity human at 18, 8
Added entity human at 5, 5
Added entity cow at 23, 5
Removed entity tree from grid at 39, 15
Removed entity cow from grid at 23, 5
Added entity cow at 42, 11
Removed entity cow from grid at 45, 15
Added entity house at 18, 20
Removed entity cow from grid at 3, 2
Removed entity tree from grid at 9, 10
Added entity human at 32, 32
Removed entity human from grid at 31, 21
Removed entity human from grid at 4, 9
Removed entity tree from grid at 35, 20
Added entity cow at 30, 1
Cow Endangered Reproduction!
Added entity tree at 45, 10
Added entity tree at 46, 23
Added entity tree at 22, 5
Removed entity human from grid at 20, 2
Added entity house at 7, 16
Removed entity human from grid at 19, 27
Removed entity cow from grid at 36, 11
Removed entity wolf from grid at 36, 44
Added entity tree at 2, 30
Added entity cow at 31, 2
Cow Endangered Reproduction!
Removed entity human from grid at 6, 6
Added entity human at 18, 6
Added entity human at 46, 25
Removed entity tree from grid at 44, 25
Added entity house at 13, 14
Removed entity tree from grid at 22, 5
Added entity house at 12, 6
Removed entity tree from grid at 40, 13
Added entity house at 44, 33
Removed entity tree from grid at 14, 4
Removed entity cow from grid at 43, 14
Added entity human at 47, 13
Added entity wolf at 22, 45
Added entity human at 45, 17
Added entity naturereserve at 0, 1
Human Grace built Nature Reserve for COW
Removed entity wolf from grid at 26, 42
Added entity tree at 35, 3
Added entity human at 12, 3
Added entity naturereserve at 0, 20
Human Bob built Nature Reserve for COW
Added entity human at 43, 14
Added entity human at 45, 24
Removed entity human from grid at 20, 44
Added entity cow at 0, 19
Added entity tree at 47, 18
Added entity tree at 46, 15
Added entity human at 18, 6
Added entity cow at 32, 1
Added entity cow at 43, 12
Removed entity cow from grid at 25, 2
New Faction LIME_533 registered with traits: {
  moveSpeed: [33m0.9125643810723096[39m,
  hungerRate: [33m0.9560551136111881[39m,
  visionRadius: [33m1.0698849334057599[39m,
  aggression: [33m1.0380788845993174[39m
}
Societal Split! RED -> LIME_533 (Threshold: 6)
Added entity human at 38, 26
Removed entity tree from grid at 46, 23
Removed entity tree from grid at 45, 10
Removed entity cow from grid at 24, 6
Removed entity cow from grid at 24, 2
Added entity house at 43, 29
Added entity human at 32, 32
Added entity house at 1, 23
Added entity human at 17, 4
Removed entity wolf from grid at 34, 46
Added entity naturereserve at 17, 3
Human Hank built Nature Reserve for WOLF
Removed entity human from grid at 14, 36
Added entity cow at 27, 1
Cow Endangered Reproduction!
Added entity tree at 15, 2
Added entity wolf at 18, 4
Removed entity human from grid at 17, 4
Added entity tree at 36, 27
Added entity cow at 33, 2
Removed entity human from grid at 16, 4
Removed entity human from grid at 13, 5
Added entity human at 44, 27
Removed entity human from grid at 25, 3
Removed entity tree from grid at 3, 6
Added entity cow at 46, 4
Removed entity human from grid at 16, 9
Removed entity human from grid at 38, 26
Added entity human at 39, 8
Removed entity human from grid at 20, 11
Removed entity human from grid at 22, 9
Removed entity human from grid at 15, 8
Removed entity human from grid at 23, 9
Removed entity human from grid at 22, 8
Removed entity human from grid at 16, 4
Removed entity human from grid at 13, 6
Removed entity human from grid at 13, 8
Removed entity human from grid at 14, 3
Added entity human at 32, 34
Removed entity cow from grid at 1, 19
Removed entity human from grid at 12, 9
Removed entity human from grid at 17, 6
Added entity house at 9, 4
Added entity tree at 38, 7
Added entity cow at 45, 3
Added entity cow at 34, 1
Added entity cow at 26, 0
Removed entity tree from grid at 36, 27
Added entity human at 3, 5
Added entity house at 42, 16
Removed entity human from grid at 21, 3
Removed entity cow from grid at 37, 8
Added entity house at 38, 33
Removed entity human from grid at 21, 5
Added entity house at 38, 20
Removed entity human from grid at 43, 20
Removed entity human from grid at 23, 2
Removed entity wolf from grid at 17, 2
Removed entity human from grid at 8, 13
Removed entity wolf from grid at 30, 46
Added entity cow at 35, 2
Added entity naturereserve at 3, 11
Human Uma built Nature Reserve for WOLF
Added entity tree at 45, 10
Added entity human at 5, 33
Removed entity wolf from grid at 23, 43
Added entity human at 8, 7
Added entity human at 47, 9
Added entity human at 19, 6
Added entity human at 34, 30
Added entity cow at 25, 1
Added entity cow at 44, 2
Added entity naturereserve at 22, 27
Human Jack built Nature Reserve for WOLF
Added entity naturereserve at 0, 8
Human Charlie built Nature Reserve for WOLF
Added entity human at 6, 7
Added entity berry at 2, 40
Added entity naturereserve at 2, 0
Human Xander built Nature Reserve for WOLF
Added entity human at 44, 22
Added entity naturereserve at 2, 20
Human Ivy built Nature Reserve for WOLF
Added entity cow at 45, 1
Added entity cow at 26, 2
Added entity cow at 44, 13
Added entity naturereserve at 2, 13
Human Ruby built Nature Reserve for WOLF
Removed entity human from grid at 38, 34
Removed entity wolf from grid at 2, 42
Added entity naturereserve at 23, 38
Human Diana built Nature Reserve for WOLF
Added entity naturereserve at 0, 19
Human Tina built Nature Reserve for WOLF
Added entity naturereserve at 3, 13
Human Frank built Nature Reserve for WOLF
Added entity human at 39, 7
Removed entity human from grid at 23, 47
Added entity naturereserve at 22, 30
Human Jack built Nature Reserve for WOLF
Added entity naturereserve at 37, 44
Human Tina built Nature Reserve for WOLF
Added entity cow at 43, 8
Added entity naturereserve at 5, 6
Human Milo built Nature Reserve for WOLF
Removed entity human from grid at 32, 34
Removed entity human from grid at 32, 33
Added entity naturereserve at 41, 34
Human Nina built Nature Reserve for WOLF
Removed entity wolf from grid at 28, 40
Removed entity wolf from grid at 28, 43
Removed entity wolf from grid at 33, 42
Added entity human at 45, 15
Removed entity wolf from grid at 4, 43
Removed entity wolf from grid at 20, 41
Added entity naturereserve at 0, 16
Human Grace built Nature Reserve for WOLF
Added entity wolf at 25, 47
Added entity cow at 27, 1
Added entity wolf at 23, 28
Removed entity human from grid at 5, 35
Added entity naturereserve at 37, 5
Human Pip built Nature Reserve for WOLF
Removed entity human from grid at 28, 31
Removed entity human from grid at 26, 27
Removed entity human from grid at 19, 26
Removed entity human from grid at 17, 26
Removed entity human from grid at 19, 25
Removed entity human from grid at 27, 29
Added entity human at 21, 3
Removed entity human from grid at 16, 25
Removed entity human from grid at 30, 27
Removed entity human from grid at 38, 34
Removed entity human from grid at 17, 29
Added entity cow at 44, 7
Added entity cow at 46, 2
Removed entity human from grid at 22, 21
Added entity naturereserve at 47, 36
Human Pip built Nature Reserve for WOLF
Removed entity wolf from grid at 38, 40
Removed entity human from grid at 26, 28
Removed entity human from grid at 16, 23
Removed entity wolf from grid at 3, 43
Added entity naturereserve at 3, 1
Human Zane built Nature Reserve for WOLF
Removed entity human from grid at 23, 21
Removed entity human from grid at 27, 48
Added entity cow at 45, 12
Added entity naturereserve at 0, 0
Human Diana built Nature Reserve for WOLF
Added entity naturereserve at 4, 6
Human Jack built Nature Reserve for WOLF
Added entity naturereserve at 41, 2
Human Jack built Nature Reserve for WOLF
Added entity naturereserve at 37, 42
Human Nina built Nature Reserve for WOLF
Added entity human at 3, 35
Removed entity human from grid at 29, 31
Removed entity human from grid at 28, 26
Added entity naturereserve at 1, 17
Human Grace built Nature Reserve for WOLF
Removed entity human from grid at 17, 32
Removed entity human from grid at 29, 26
Removed entity human from grid at 3, 35
Added entity cow at 46, 11
Added entity cow at 28, 0
Added entity wolf at 42, 33
Added entity wolf at 4, 12
Removed entity human from grid at 5, 14
Removed entity human from grid at 10, 12
Removed entity human from grid at 44, 34
Removed entity human from grid at 6, 11
Added entity naturereserve at 30, 45
Human Ivy built Nature Reserve for WOLF
Removed entity human from grid at 7, 17
Removed entity human from grid at 8, 8
Removed entity human from grid at 45, 27
Removed entity human from grid at 41, 29
Removed entity human from grid at 12, 11
Removed entity human from grid at 9, 15
Removed entity human from grid at 45, 33
Removed entity human from grid at 40, 29
Removed entity human from grid at 9, 18
Added entity naturereserve at 22, 40
Human Tina built Nature Reserve for WOLF
Removed entity wolf from grid at 21, 29
Added entity naturereserve at 0, 4
Human Charlie built Nature Reserve for WOLF
Removed entity human from grid at 40, 31
Removed entity human from grid at 7, 13
Added entity human at 21, 5
Added entity human at 8, 33
Removed entity human from grid at 38, 27
Removed entity human from grid at 7, 15
Removed entity human from grid at 6, 16
Added entity human at 23, 6
Removed entity human from grid at 9, 16
Removed entity human from grid at 35, 32
Removed entity wolf from grid at 4, 12
Added entity cow at 36, 1
Added entity naturereserve at 2, 9
Human Grace built Nature Reserve for WOLF
Removed entity human from grid at 6, 35
Removed entity wolf from grid at 41, 35
Added entity cow at 47, 12
Added entity cow at 45, 1
Added entity wolf at 38, 43
Removed entity wolf from grid at 19, 45
Added entity naturereserve at 38, 45
Human Wendy built Nature Reserve for WOLF
Removed entity wolf from grid at 28, 44
Added entity human at 36, 9
Added entity naturereserve at 16, 2
Human Milo built Nature Reserve for WOLF
Added entity cow at 44, 2
Added entity wolf at 2, 14
Removed entity wolf from grid at 38, 43
Removed entity wolf from grid at 40, 46
Added entity naturereserve at 13, 16
Human Diana built Nature Reserve for WOLF
Removed entity human from grid at 7, 9
Removed entity wolf from grid at 25, 47
Removed entity human from grid at 6, 17
Removed entity human from grid at 6, 35
Added entity human at 39, 9
Added entity cow at 2, 15
Removed entity human from grid at 12, 46
Added entity cow at 43, 1
Added entity cow at 37, 0
Added entity wolf at 23, 29
Removed entity human from grid at 26, 23
Removed entity wolf from grid at 28, 45
Removed entity human from grid at 30, 28
Removed entity wolf from grid at 23, 29
Added entity naturereserve at 45, 42
Human Yara built Nature Reserve for WOLF
Added entity human at 33, 32
Added entity naturereserve at 33, 44
Human Eve built Nature Reserve for WOLF
Added entity human at 13, 33
Added entity human at 37, 34
Added entity wolf at 12, 46
Added entity cow at 46, 11
Added entity wolf at 1, 18
Added entity wolf at 3, 0
Added entity naturereserve at 48, 40
Human Uma built Nature Reserve for WOLF
Added entity naturereserve at 24, 45
Human Oscar built Nature Reserve for WOLF
Removed entity wolf from grid at 33, 46
Removed entity wolf from grid at 1, 13
Added entity naturereserve at 12, 19
Human Diana built Nature Reserve for WOLF
Removed entity human from grid at 3, 25
Added entity human at 42, 9
Added entity human at 37, 12
Removed entity human from grid at 6, 22
Removed entity wolf from grid at 1, 18
Added entity wolf at 1, 19
Removed entity wolf from grid at 26, 48
Removed entity human from grid at 5, 23
Added entity naturereserve at 35, 42
Human Yara built Nature Reserve for WOLF
Added entity naturereserve at 41, 46
Human Yara built Nature Reserve for WOLF
Removed entity wolf from grid at 28, 48
Removed entity human from grid at 3, 26
Removed entity cow from grid at 21, 9
Added entity naturereserve at 19, 38
Human Charlie built Nature Reserve for WOLF
Removed entity human from grid at 2, 22
Added entity cow at 45, 6
Added entity wolf at 21, 30
Removed entity human from grid at 14, 27
Added entity naturereserve at 47, 42
Human Charlie built Nature Reserve for WOLF
Added entity naturereserve at 41, 43
Human Yara built Nature Reserve for WOLF
Removed entity human from grid at 16, 33
Removed entity human from grid at 26, 26
Added entity human at 35, 32
Removed entity human from grid at 1, 22
Added entity wolf at 40, 45
Added entity wolf at 45, 41
Added entity cow at 38, 1
Added entity cow at 27, 1
Added entity cow at 45, 14
Added entity wolf at 18, 2
Removed entity human from grid at 21, 21
Added entity naturereserve at 49, 41
Human Uma built Nature Reserve for WOLF
Added entity naturereserve at 21, 39
Human Diana built Nature Reserve for WOLF
Removed entity human from grid at 18, 8
Removed entity wolf from grid at 40, 45
Added entity naturereserve at 49, 35
Human Zane built Nature Reserve for WOLF
Removed entity wolf from grid at 45, 41
Removed entity human from grid at 21, 8
Removed entity cow from grid at 4, 16
Removed entity human from grid at 20, 7
Removed entity human from grid at 3, 45
Removed entity wolf from grid at 2, 18
Added entity cow at 26, 0
Added entity cow at 42, 0
Added entity naturereserve at 43, 45
Human Pip built Nature Reserve for WOLF
Added entity naturereserve at 44, 44
Human Nina built Nature Reserve for WOLF
Added entity tree at 8, 30
Added entity human at 13, 35
Added entity naturereserve at 3, 16
Human Bob built Nature Reserve for WOLF
Added entity wolf at 4, 45
Added entity wolf at 20, 38
Added entity wolf at 47, 43
Added entity wolf at 13, 18
Added entity wolf at 4, 7
Removed entity human from grid at 8, 6
Added entity wolf at 38, 6
Removed entity human from grid at 18, 21
Removed entity human from grid at 33, 11
Removed entity human from grid at 40, 5
Removed entity human from grid at 7, 5
Removed entity wolf from grid at 4, 7
Removed entity human from grid at 7, 3
Added entity naturereserve at 39, 46
Human Wendy built Nature Reserve for WOLF
Removed entity wolf from grid at 23, 45
Removed entity human from grid at 9, 22
Added entity cow at 0, 13
Removed entity human from grid at 38, 10
Removed entity human from grid at 13, 13
Removed entity human from grid at 10, 20
Removed entity wolf from grid at 21, 47
Removed entity human from grid at 12, 23
Removed entity human from grid at 16, 14
Removed entity human from grid at 6, 7
Added entity human at 30, 32
Added entity human at 41, 9
Added entity naturereserve at 22, 24
Human Xander built Nature Reserve for WOLF
Removed entity human from grid at 32, 6
Removed entity human from grid at 41, 9
Removed entity human from grid at 30, 32
Removed entity human from grid at 40, 7
Removed entity human from grid at 26, 2
Removed entity human from grid at 21, 15
Removed entity wolf from grid at 19, 44
Removed entity wolf from grid at 22, 28
Removed entity human from grid at 14, 35
Removed entity human from grid at 18, 21
Added entity naturereserve at 43, 28
Human Hank built Nature Reserve for WOLF
Added entity human at 24, 5
Added entity human at 15, 10
Removed entity human from grid at 16, 17
Removed entity human from grid at 15, 22
Added entity human at 47, 23
Removed entity human from grid at 13, 7
Removed entity human from grid at 24, 5
Added entity cow at 41, 1
Added entity cow at 44, 13
Added entity cow at 37, 0
Added entity wolf at 25, 45
Removed entity human from grid at 12, 15
Added entity naturereserve at 38, 49
Human Victor built Nature Reserve for WOLF
Removed entity human from grid at 40, 4
Added entity naturereserve at 23, 27
Human Milo built Nature Reserve for WOLF
Removed entity human from grid at 12, 27
Added entity human at 10, 40
Added entity human at 44, 12
Added entity cow at 31, 9
Removed entity human from grid at 10, 40
Added entity cow at 40, 0
Added entity cow at 44, 7
Added entity wolf at 15, 3
Added entity berry at 45, 40
Removed entity wolf from grid at 16, 45
Added entity human at 19, 32
Added entity naturereserve at 46, 46
Human Alice built Nature Reserve for WOLF
Added entity human at 10, 40
Added entity human at 24, 4
Removed entity human from grid at 11, 40
Removed entity human from grid at 15, 49
Removed entity cow from grid at 0, 13
Removed entity human from grid at 19, 32
Added entity cow at 47, 10
Added entity wolf at 24, 38
Removed entity wolf from grid at 47, 45
Added entity naturereserve at 19, 47
Human Jack built Nature Reserve for WOLF
Removed entity wolf from grid at 13, 20
Added entity naturereserve at 46, 38
Human Yara built Nature Reserve for WOLF
Added entity naturereserve at 49, 37
Human Tina built Nature Reserve for WOLF
Removed entity wolf from grid at 25, 45
Added entity cow at 48, 11
Removed entity human from grid at 22, 2
Added entity cow at 39, 1
Added entity cow at 43, 12
Added entity wolf at 39, 44
Removed entity wolf from grid at 18, 49
Added entity human at 33, 4
Added entity naturereserve at 20, 49
Human Alice built Nature Reserve for WOLF
Removed entity wolf from grid at 22, 38
Added entity cow at 36, 1
Added entity cow at 25, 1
Added entity wolf at 33, 45
Added entity wolf at 37, 46
Removed entity wolf from grid at 39, 44
Removed entity human from grid at 5, 0
Added entity naturereserve at 0, 10
Human Bob built Nature Reserve for WOLF
Added entity naturereserve at 25, 48
Human Oscar built Nature Reserve for WOLF
Added entity naturereserve at 30, 46
Human Tina built Nature Reserve for WOLF
Added entity naturereserve at 22, 42
Human Eve built Nature Reserve for WOLF
Added entity naturereserve at 32, 49
Human Wendy built Nature Reserve for WOLF
Removed entity human from grid at 12, 35
Removed entity human from grid at 13, 33
Added entity cow at 49, 12
Added entity cow at 45, 6
Added entity cow at 30, 8
Removed entity cow from grid at 42, 14
Added entity wolf at 39, 49
Added entity wolf at 4, 7
Added entity naturereserve at 46, 48
Human Grace built Nature Reserve for WOLF
Added entity naturereserve at 41, 41
Human Xander built Nature Reserve for WOLF
Removed entity wolf from grid at 34, 46
Added entity naturereserve at 21, 46
Human Jack built Nature Reserve for WOLF
Added entity cow at 1, 13
Removed entity cow from grid at 44, 14
Removed entity human from grid at 6, 1
Added entity naturereserve at 38, 41
Human Nina built Nature Reserve for WOLF
Added entity wolf at 14, 46
Added entity wolf at 40, 40
Added entity cow at 29, 7
Added entity cow at 44, 5
Added entity cow at 24, 0
Removed entity cow from grid at 28, 8
Added entity wolf at 23, 24
Added entity wolf at 37, 41
Removed entity cow from grid at 45, 19
Added entity naturereserve at 36, 44
Human Victor built Nature Reserve for WOLF
Removed entity wolf from grid at 0, 2
Removed entity cow from grid at 43, 13
Removed entity wolf from grid at 18, 40
Removed entity wolf from grid at 40, 40
Added entity naturereserve at 26, 47
Human Ruby built Nature Reserve for WOLF
Removed entity wolf from grid at 2, 6
Removed entity cow from grid at 32, 15
Removed entity human from grid at 14, 47
Added entity cow at 43, 4
Added entity cow at 37, 0
Removed entity cow from grid at 30, 8
Removed entity cow from grid at 41, 13
Removed entity wolf from grid at 17, 2
Removed entity human from grid at 30, 23
Added entity wolf at 25, 44
Removed entity cow from grid at 45, 19
Removed entity wolf from grid at 40, 47
Removed entity cow from grid at 39, 13
Removed entity human from grid at 17, 29
Removed entity cow from grid at 2, 12
Removed entity cow from grid at 44, 13
Added entity human at 17, 32
Added entity naturereserve at 41, 49
Human Charlie built Nature Reserve for WOLF
Added entity human at 19, 7
Added entity human at 45, 3
Removed entity human from grid at 36, 34
Removed entity human from grid at 45, 3
Added entity cow at 42, 3
Added entity cow at 48, 13
Removed entity human from grid at 34, 34
Added entity naturereserve at 43, 37
Human Yara built Nature Reserve for WOLF
Added entity cow at 1, 19
Added entity naturereserve at 34, 43
Human Victor built Nature Reserve for WOLF
Removed entity wolf from grid at 23, 46
Added entity cow at 1, 7
Removed entity wolf from grid at 16, 49
Removed entity cow from grid at 1, 19
Removed entity human from grid at 37, 34
Removed entity human from grid at 19, 30
Added entity cow at 38, 1
Added entity cow at 28, 8
Added entity wolf at 19, 49
Removed entity cow from grid at 29, 7
Added entity wolf at 19, 46
Added entity wolf at 38, 42
Added entity naturereserve at 39, 44
Human Victor built Nature Reserve for WOLF
Removed entity wolf from grid at 38, 42
Removed entity wolf from grid at 19, 49
Removed entity wolf from grid at 38, 40
Removed entity wolf from grid at 39, 49
Removed entity human from grid at 30, 30
Removed entity human from grid at 26, 26
Removed entity cow from grid at 35, 11
Added entity cow at 44, 11
Removed entity cow from grid at 41, 13
Removed entity cow from grid at 47, 17
Removed entity cow from grid at 36, 16
Added entity cow at 0, 2
Added entity cow at 1, 7
Added entity cow at 2, 6
Added entity cow at 43, 10
Added entity cow at 26, 8
Added entity cow at 1, 5
Added entity wolf at 26, 48
Removed entity cow from grid at 27, 7
Removed entity human from grid at 17, 2
Added entity wolf at 42, 44
Removed entity human from grid at 31, 25
Added entity wolf at 23, 28
Added entity naturereserve at 24, 47
Human Nina built Nature Reserve for WOLF
Removed entity wolf from grid at 17, 45
Added entity naturereserve at 41, 42
Human Zane built Nature Reserve for WOLF
Removed entity human from grid at 30, 23
Added entity human at 10, 37
Added entity human at 29, 34
Added entity naturereserve at 34, 41
Human Zane built Nature Reserve for WOLF
Added entity human at 17, 6
Added entity human at 7, 31
Removed entity cow from grid at 2, 6
Removed entity cow from grid at 0, 2
Added entity human at 12, 35
Removed entity human from grid at 3, 45
Removed entity human from grid at 21, 21
Removed entity human from grid at 17, 6
Added entity cow at 2, 4
Added entity cow at 37, 0
Added entity wolf at 42, 36
Added entity cow at 43, 2
Removed entity cow from grid at 29, 7
Removed entity cow from grid at 41, 12
Added entity wolf at 44, 42
Added entity berry at 25, 24
Removed entity cow from grid at 47, 15
Removed entity cow from grid at 37, 13
Removed entity cow from grid at 40, 11
Removed entity wolf from grid at 42, 44
Removed entity cow from grid at 26, 23
Removed entity human from grid at 27, 33
Added entity cow at 3, 3
Added entity cow at 42, 11
Added entity wolf at 47, 38
Added entity wolf at 38, 4
Added entity wolf at 22, 28
Added entity cow at 0, 13
Removed entity cow from grid at 44, 14
Removed entity cow from grid at 1, 5
Removed entity cow from grid at 0, 7
Removed entity cow from grid at 0, 13
Added entity human at 17, 4
Added entity human at 43, 9
Removed entity human from grid at 35, 32
Removed entity human from grid at 43, 9
Removed entity human from grid at 17, 4
Added entity cow at 41, 12
Added entity cow at 4, 2
Added entity cow at 36, 1
Added entity wolf at 48, 34
Removed entity human from grid at 32, 31
Removed entity human from grid at 26, 23
Removed entity wolf from grid at 43, 43
Added entity naturereserve at 16, 47
Human Jack built Nature Reserve for WOLF
Added entity naturereserve at 0, 5
Human Diana built Nature Reserve for WOLF
Removed entity wolf from grid at 49, 42
Removed entity wolf from grid at 25, 29
Removed entity human from grid at 45, 27
Added entity naturereserve at 28, 42
Human Wendy built Nature Reserve for WOLF
Added entity naturereserve at 18, 48
Human Ruby built Nature Reserve for WOLF
Added entity naturereserve at 1, 2
Human Alice built Nature Reserve for WOLF
Removed entity cow from grid at 45, 14
Removed entity human from grid at 47, 29
Added entity cow at 37, 2
Added entity cow at 5, 3
Added entity cow at 40, 11
Added entity cow at 27, 7
Removed entity cow from grid at 26, 6
Added entity wolf at 14, 17
Added entity wolf at 4, 1
Added entity wolf at 42, 33
Removed entity wolf from grid at 25, 26
Removed entity wolf from grid at 24, 48
Added entity naturereserve at 43, 43
Human Xander built Nature Reserve for WOLF
Removed entity cow from grid at 40, 11
Removed entity human from grid at 46, 29
Removed entity cow from grid at 2, 4
Added entity human at 28, 31
Removed entity wolf from grid at 40, 35
Removed entity human from grid at 19, 15
Removed entity cow from grid at 0, 6
Removed entity wolf from grid at 22, 28
Added entity cow at 6, 2
Added entity cow at 44, 3
Removed entity cow from grid at 26, 12
Added entity cow at 25, 1
Added entity wolf at 31, 49
Removed entity human from grid at 9, 39
Added entity wolf at 21, 40
Added entity wolf at 48, 37
Added entity naturereserve at 23, 41
Human Eve built Nature Reserve for WOLF
Removed entity human from grid at 39, 12
Removed entity wolf from grid at 2, 3
Removed entity human from grid at 43, 14
Added entity naturereserve at 19, 44
Human Oscar built Nature Reserve for WOLF
Removed entity human from grid at 38, 32
Removed entity cow from grid at 3, 3
Removed entity cow from grid at 47, 12
Added entity cow at 26, 2
Added entity cow at 43, 4
Added entity cow at 7, 1
Added entity cow at 26, 6
Added entity cow at 47, 14
Added entity wolf at 21, 42
Removed entity cow from grid at 26, 6
Added entity wolf at 18, 39
Added entity wolf at 1, 5
Removed entity wolf from grid at 49, 38
Added entity wolf at 40, 35
Removed entity human from grid at 38, 14
Removed entity wolf from grid at 15, 47
Added entity human at 9, 40
Removed entity wolf from grid at 1, 5
Removed entity wolf from grid at 31, 49
Removed entity cow from grid at 47, 14
Added entity naturereserve at 20, 43
Human Oscar built Nature Reserve for WOLF
Removed entity human from grid at 13, 35
Added entity naturereserve at 37, 41
Human Tina built Nature Reserve for WOLF
Removed entity cow from grid at 4, 3
Removed entity human from grid at 35, 27
Removed entity human from grid at 39, 12
Removed entity human from grid at 47, 13
Removed entity human from grid at 9, 40
Removed entity wolf from grid at 21, 41
Added entity wolf at 23, 48
Removed entity cow from grid at 23, 12
Removed entity cow from grid at 26, 6
Removed entity human from grid at 41, 13
Added entity wolf at 47, 43
Removed entity cow from grid at 45, 14
Removed entity wolf from grid at 41, 38
Removed entity cow from grid at 6, 5
Added entity cow at 42, 3
Added entity wolf at 46, 37
Added entity wolf at 37, 45
Added entity wolf at 1, 20
Added entity wolf at 1, 1
Added entity wolf at 1, 9
Removed entity human from grid at 45, 15
Removed entity wolf from grid at 23, 48
Added entity naturereserve at 28, 45
Human Charlie built Nature Reserve for WOLF
Added entity naturereserve at 24, 48
Human Ruby built Nature Reserve for WOLF
Removed entity berry from grid at 6, 3
Added entity cow at 27, 3
Added entity wolf at 17, 47
Added entity wolf at 44, 37
Added entity wolf at 2, 19
Removed entity wolf from grid at 19, 39
Added entity naturereserve at 33, 43
Human Ivy built Nature Reserve for WOLF
Added entity cow at 0, 11
Removed entity wolf from grid at 49, 33
Removed entity cow from grid at 29, 10
Added entity human at 30, 0
Removed entity human from grid at 9, 11
Removed entity human from grid at 1, 41
Removed entity human from grid at 30, 0
Added entity cow at 28, 4
Added entity cow at 7, 4
Added entity wolf at 44, 38
Added entity wolf at 38, 47
Removed entity wolf from grid at 49, 43
Added entity wolf at 2, 12
Added entity naturereserve at 32, 43
Human Ivy built Nature Reserve for WOLF
Removed entity wolf from grid at 3, 7
Removed entity human from grid at 28, 11
Removed entity wolf from grid at 18, 43
Added entity human at 14, 5
Removed entity human from grid at 8, 11
Removed entity cow from grid at 6, 3
Removed entity human from grid at 8, 25
Added entity cow at 8, 5
Added entity wolf at 2, 1
Added entity wolf at 42, 41
Added entity cow at 38, 2
Added entity wolf at 34, 45
Removed entity cow from grid at 48, 15
Removed entity cow from grid at 25, 10
Removed entity cow from grid at 1, 10
Removed entity wolf from grid at 41, 39
Removed entity wolf from grid at 37, 47
Removed entity human from grid at 9, 5
Added entity human at 40, 20
Added entity wolf at 44, 43
Added entity wolf at 42, 41
Added entity wolf at 49, 40
Added entity wolf at 23, 28
Removed entity wolf from grid at 43, 40
Removed entity wolf from grid at 43, 42
Added entity naturereserve at 31, 41
Human Ivy built Nature Reserve for WOLF
Removed entity human from grid at 13, 12
Added entity naturereserve at 40, 49
Human Charlie built Nature Reserve for WOLF
Added entity naturereserve at 48, 47
Human Pip built Nature Reserve for WOLF
Added entity naturereserve at 21, 41
Human Eve built Nature Reserve for WOLF
Removed entity wolf from grid at 38, 46
Added entity human at 40, 11
Removed entity human from grid at 12, 7
Added entity cow at 29, 3
Removed entity wolf from grid at 16, 46
Added entity wolf at 23, 45
Added entity wolf at 1, 5
Added entity wolf at 3, 12
Removed entity wolf from grid at 18, 47
Removed entity human from grid at 9, 5
Removed entity wolf from grid at 33, 47
Removed entity wolf from grid at 1, 5
Added entity cow at 30, 2
Added entity cow at 43, 2
Added entity wolf at 15, 48
Added entity wolf at 27, 46
Removed entity human from grid at 43, 19
Removed entity wolf from grid at 27, 46
Added entity naturereserve at 32, 42
Human Victor built Nature Reserve for WOLF
Added entity naturereserve at 44, 46
Human Uma built Nature Reserve for WOLF
Removed entity wolf from grid at 42, 41
Removed entity wolf from grid at 22, 46
Removed entity human from grid at 8, 26
Added entity human at 45, 13
Removed entity human from grid at 13, 29
Removed entity cow from grid at 44, 13
Removed entity cow from grid at 39, 11
Added entity wolf at 37, 40
Added entity cow at 38, 3
Removed entity human from grid at 7, 27
Removed entity human from grid at 30, 13
Added entity wolf at 4, 16
Added entity wolf at 36, 41
Removed entity wolf from grid at 10, 47
Removed entity wolf from grid at 36, 41
Added entity naturereserve at 24, 41
Human Ruby built Nature Reserve for WOLF
Removed entity wolf from grid at 7, 1
Removed entity cow from grid at 8, 5
Removed entity wolf from grid at 21, 27
Added entity wolf at 32, 41
Added entity cow at 44, 3
Added entity cow at 31, 1
Removed entity cow from grid at 40, 11
Removed entity human from grid at 40, 21
Added entity cow at 39, 3
Added entity wolf at 41, 47
Added entity wolf at 2, 19
Removed entity wolf from grid at 39, 42
Removed entity wolf from grid at 32, 41
Removed entity wolf from grid at 48, 44
Removed entity cow from grid at 6, 3
Removed entity cow from grid at 7, 2
Added entity human at 43, 16
Removed entity human from grid at 43, 15
Removed entity human from grid at 25, 8
Added entity wolf at 35, 43
Added entity wolf at 2, 10
Removed entity human from grid at 25, 10
Removed entity wolf from grid at 43, 47
Removed entity wolf from grid at 10, 48
Removed entity wolf from grid at 2, 10
Removed entity wolf from grid at 2, 12
Removed entity human from grid at 8, 4
Removed entity human from grid at 43, 16
Added entity wolf at 43, 46
Removed entity human from grid at 38, 12
Added entity naturereserve at 28, 49
Human Bob built Nature Reserve for WOLF
Added entity wolf at 28, 41
Added entity wolf at 42, 42
Added entity wolf at 21, 42
Removed entity human from grid at 39, 14
Removed entity wolf from grid at 42, 42
Added entity naturereserve at 45, 48
Human Xander built Nature Reserve for WOLF
Removed entity wolf from grid at 47, 44
Added entity human at 33, 32
Removed entity human from grid at 7, 3
Removed entity wolf from grid at 2, 2
Added entity cow at 40, 4
Added entity cow at 37, 4
Removed entity wolf from grid at 12, 49
Added entity wolf at 42, 27
Added entity wolf at 40, 45
Removed entity wolf from grid at 48, 43
Added entity wolf at 18, 3
Removed entity wolf from grid at 35, 44
Removed entity wolf from grid at 21, 44
Removed entity wolf from grid at 43, 46
Removed entity wolf from grid at 28, 43
Removed entity human from grid at 43, 23
Removed entity cow from grid at 44, 16
Added entity human at 14, 3
Removed entity human from grid at 44, 30
Removed entity human from grid at 36, 30
Removed entity human from grid at 14, 3
Added entity cow at 32, 0
Added entity cow at 43, 2
Added entity wolf at 22, 23
Removed entity human from grid at 25, 20
Removed entity wolf from grid at 40, 45
Added entity human at 20, 1
Added entity cow at 2, 3
Added entity naturereserve at 21, 49
Human Ruby built Nature Reserve for WOLF
Removed entity human from grid at 20, 1
Added entity naturereserve at 15, 46
Human Hank built Nature Reserve for WOLF
Added entity wolf at 36, 43
Added entity wolf at 21, 26
Added entity naturereserve at 45, 49
Human Charlie built Nature Reserve for WOLF
Removed entity human from grid at 16, 15
Removed entity wolf from grid at 19, 48
Removed entity wolf from grid at 2, 11
Added entity human at 16, 5
Removed entity wolf from grid at 1, 14
Added entity human at 24, 9
Removed entity human from grid at 16, 5
Added entity cow at 41, 5
Removed entity human from grid at 30, 29
Added entity wolf at 21, 44
Added entity wolf at 1, 1
Added entity wolf at 42, 29
Added entity wolf at 3, 10
Added entity tree at 42, 22
Added entity cow at 6, 13
Removed entity wolf from grid at 36, 43
Removed entity human from grid at 29, 33
Added entity naturereserve at 43, 49
Human Sam built Nature Reserve for WOLF
Added entity human at 7, 31
Added entity human at 41, 9
Added entity human at 21, 6
Removed entity human from grid at 48, 29
Added entity tree at 1, 33
Removed entity human from grid at 21, 6
Removed entity human from grid at 41, 9
Added entity wolf at 14, 46
Removed entity wolf from grid at 22, 44
Added entity wolf at 39, 41
Removed entity wolf from grid at 2, 11
Removed entity cow from grid at 44, 13
Added entity human at 27, 34
Removed entity human from grid at 33, 33
Removed entity cow from grid at 41, 14
Removed entity wolf from grid at 0, 13
Added entity human at 24, 11
Added entity wolf at 1, 42
Removed entity human from grid at 25, 9
Added entity wolf at 47, 43
Added entity wolf at 23, 46
Removed entity wolf from grid at 39, 40
Removed entity cow from grid at 27, 14
Added entity naturereserve at 45, 46
Human Pip built Nature Reserve for WOLF
Added entity human at 10, 37
Removed entity human from grid at 45, 14
Added entity naturereserve at 35, 47
Human Bob built Nature Reserve for WOLF
Removed entity cow from grid at 4, 14
Added entity wolf at 44, 45
Added entity cow at 42, 3
Added entity wolf at 31, 47
Added entity wolf at 39, 49
Added entity wolf at 14, 17
Added entity naturereserve at 37, 43
Human Wendy built Nature Reserve for WOLF
Removed entity cow from grid at 2, 3
Added entity human at 5, 33
Removed entity human from grid at 27, 33
Added entity human at 28, 31
Removed entity wolf from grid at 1, 1
Added entity human at 17, 24
Removed entity human from grid at 9, 39
Removed entity human from grid at 26, 31
Removed entity human from grid at 17, 24
Removed entity cow from grid at 25, 13
Added entity cow at 40, 4
Added entity wolf at 31, 40
Added entity wolf at 19, 45
Added entity wolf at 41, 35
Added entity wolf at 24, 38
Added entity human at 39, 32
Added entity berry at 29, 39
Added entity cow at 3, 8
Removed entity cow from grid at 37, 12
Added entity human at 14, 22
Removed entity wolf from grid at 15, 47
Added entity human at 17, 30
Added entity human at 28, 29
Removed entity human from grid at 17, 28
Added entity human at 24, 21
Added entity human at 22, 2
Added entity human at 34, 30
Removed entity human from grid at 34, 30
Removed entity human from grid at 22, 2
Removed entity human from grid at 24, 21
Removed entity human from grid at 14, 22
Removed entity human from grid at 39, 32
Removed entity human from grid at 30, 29
Added entity wolf at 21, 23
Added entity wolf at 11, 18
Removed entity wolf from grid at 31, 43
Added entity naturereserve at 35, 45
Human Wendy built Nature Reserve for WOLF
Added entity cow at 0, 13
Added entity human at 30, 29
Removed entity wolf from grid at 22, 23
Removed entity wolf from grid at 1, 1
Added entity wolf at 24, 40
Added entity wolf at 23, 42
Added entity wolf at 4, 0
Added entity human at 39, 32
Removed entity wolf from grid at 31, 45
Removed entity cow from grid at 29, 8
Removed entity wolf from grid at 23, 42
Added entity human at 42, 29
Removed entity cow from grid at 40, 10
Added entity human at 40, 27
Added entity human at 6, 8
Added entity human at 17, 31
Added entity human at 28, 29
Removed entity cow from grid at 1, 12
Removed entity human from grid at 28, 29
Removed entity human from grid at 42, 29
Removed entity human from grid at 28, 31
Removed entity human from grid at 29, 31
Added entity wolf at 25, 44
Added entity wolf at 3, 19
Added entity human at 43, 34
Added entity human at 8, 17
Added entity human at 6, 17
Removed entity wolf from grid at 3, 0
Added entity human at 40, 29
Removed entity human from grid at 17, 32
Added entity human at 40, 25
Added entity human at 14, 3
Added entity human at 6, 35
Added entity human at 36, 30
Added entity human at 40, 22
Removed entity human from grid at 36, 30
Removed entity human from grid at 14, 3
Removed entity human from grid at 40, 29
Removed entity human from grid at 6, 17
Removed entity human from grid at 8, 17
Removed entity human from grid at 43, 34
Removed entity human from grid at 39, 33
Added entity wolf at 1, 9
Added entity wolf at 19, 49
Added entity wolf at 48, 43
Removed entity human from grid at 42, 44
Added entity human at 38, 46
Removed entity wolf from grid at 44, 49
Removed entity human from grid at 22, 47
Removed entity wolf from grid at 21, 45
Added entity human at 10, 13
Removed entity human from grid at 38, 34
Removed entity cow from grid at 2, 5
Removed entity human from grid at 10, 13
Added entity wolf at 34, 46
Added entity cow at 31, 1
Added entity wolf at 27, 41
Removed entity human from grid at 12, 27
Added entity wolf at 37, 6
Removed entity wolf from grid at 49, 42
Added entity wolf at 3, 12
Removed entity wolf from grid at 34, 46
Removed entity wolf from grid at 45, 47
Added entity cow at 3, 3
Removed entity wolf from grid at 39, 37
Added entity human at 7, 13
Removed entity wolf from grid at 3, 12
Removed entity human from grid at 37, 9
Added entity human at 32, 34
Removed entity cow from grid at 3, 3
Added entity human at 7, 11
Added entity human at 19, 4
Removed entity human from grid at 30, 34
Removed entity human from grid at 10, 24
Removed entity human from grid at 5, 47
Removed entity human from grid at 19, 4
Removed entity human from grid at 7, 11
Removed entity human from grid at 7, 13
Removed entity wolf from grid at 23, 40
Added entity cow at 38, 3
Added entity wolf at 35, 44
Added entity wolf at 48, 41
Added entity human at 4, 15
Added entity cow at 0, 11
Removed entity wolf from grid at 22, 46
Removed entity human from grid at 36, 49
Added entity human at 5, 33
Added entity human at 9, 18
Removed entity human from grid at 4, 17
Added entity wolf at 7, 48
Added entity human at 30, 29
Removed entity human from grid at 9, 18
Added entity cow at 43, 2
Added entity wolf at 18, 47
Added entity wolf at 42, 42
Added entity wolf at 13, 17
Added entity wolf at 21, 40
Removed entity wolf from grid at 47, 40
Added entity wolf at 42, 35
Added entity wolf at 6, 6
Added entity cow at 0, 13
Removed entity wolf from grid at 40, 39
Removed entity wolf from grid at 22, 48
Removed entity cow from grid at 0, 11
Removed entity human from grid at 12, 10
Added entity human at 43, 7
Removed entity wolf from grid at 5, 18
Removed entity human from grid at 39, 29
Removed entity human from grid at 43, 7
Added entity cow at 30, 2
Added entity human at 37, 47
Added entity wolf at 42, 28
Added entity wolf at 48, 35
Removed entity human from grid at 28, 11
Added entity human at 7, 13
Removed entity wolf from grid at 34, 42
Removed entity tree from grid at 45, 43
Removed entity wolf from grid at 42, 43
Added entity human at 7, 24
Removed entity wolf from grid at 0, 9
Removed entity human from grid at 7, 13
Removed entity human from grid at 45, 25
Removed entity human from grid at 6, 7
Removed entity human from grid at 43, 24
Removed entity cow from grid at 20, 10
Removed entity wolf from grid at 22, 41
Added entity wolf at 29, 44
Added entity wolf at 23, 42
Added entity wolf at 13, 18
Added entity wolf at 42, 33
Removed entity wolf from grid at 41, 47
Removed entity human from grid at 28, 8
Removed entity cow from grid at 0, 14
Added entity human at 5, 22
Added entity human at 15, 25
Removed entity wolf from grid at 1, 6
Removed entity wolf from grid at 17, 46
Removed entity human from grid at 5, 22
Removed entity tree from grid at 38, 48
Removed entity human from grid at 31, 30
Added entity cow at 39, 4
Added entity wolf at 18, 47
Added entity human at 0, 22
Added entity human at 2, 22
Removed entity wolf from grid at 43, 36
Added entity human at 43, 32
Removed entity wolf from grid at 19, 45
Added entity human at 19, 6
Removed entity wolf from grid at 1, 18
Removed entity human from grid at 19, 6
Removed entity human from grid at 43, 32
Added entity cow at 44, 3
Removed entity human from grid at 14, 25
Added entity cow at 41, 5
Added entity wolf at 44, 42
Added entity wolf at 23, 48
Added entity wolf at 40, 40
Added entity wolf at 23, 45
Added entity human at 15, 7
Removed entity human from grid at 18, 18
Removed entity wolf from grid at 29, 43
Added entity cow at 29, 3
Removed entity human from grid at 45, 25
Added entity wolf at 36, 46
Removed entity human from grid at 23, 6
Added entity wolf at 23, 40
Added entity wolf at 19, 43
Added entity wolf at 42, 28
Added entity wolf at 49, 42
Added entity wolf at 19, 39
Added entity wolf at 5, 7
Added entity wolf at 46, 36
Removed entity wolf from grid at 36, 46
Added entity human at 40, 3
Added entity human at 7, 1
Removed entity wolf from grid at 5, 7
Removed entity wolf from grid at 48, 41
Removed entity human from grid at 25, 20
Removed entity human from grid at 7, 1
Removed entity human from grid at 40, 3
Added entity cow at 30, 4
Added entity cow at 40, 3
Removed entity human from grid at 13, 23
Removed entity tree from grid at 5, 31
Added entity wolf at 44, 43
Removed entity wolf from grid at 26, 40
Removed entity wolf from grid at 19, 45
Removed entity human from grid at 11, 4
Added entity human at 13, 33
Removed entity human from grid at 5, 22
Removed entity human from grid at 8, 25
Added entity house at 8, 37
Added entity wolf at 16, 46
Added entity wolf at 48, 39
Added entity wolf at 1, 19
Added entity human at 17, 21
Removed entity human from grid at 33, 41
Added entity human at 16, 16
Added entity human at 28, 24
Removed entity wolf from grid at 23, 46
Removed entity wolf from grid at 41, 35
Added entity human at 16, 24
Removed entity wolf from grid at 49, 42
Added entity human at 9, 18
Added entity human at 13, 7
Removed entity human from grid at 13, 7
Removed entity human from grid at 9, 18
Removed entity human from grid at 16, 24
Removed entity human from grid at 17, 21
Added entity cow at 29, 5
Removed entity human from grid at 1, 22
Added entity human at 42, 45
Added entity wolf at 47, 47
Added entity wolf at 6, 6
Added entity wolf at 3, 14
Added entity wolf at 2, 19
Removed entity wolf from grid at 23, 43
Added entity human at 9, 14
Added entity human at 34, 1
Added entity human at 12, 11
Added entity human at 12, 38
Added entity human at 15, 8
Added entity cow at 31, 1
Added entity human at 21, 5
Added entity human at 40, 11
Removed entity wolf from grid at 6, 6
Removed entity human from grid at 21, 5
Removed entity human from grid at 15, 8
Removed entity human from grid at 12, 11
Removed entity cow from grid at 33, 1
Removed entity human from grid at 9, 14
Added entity cow at 40, 4
Added entity wolf at 32, 40
Removed entity human from grid at 15, 35
Added entity wolf at 23, 46
Added entity wolf at 1, 10
Added entity wolf at 0, 17
Added entity human at 19, 30
Removed entity wolf from grid at 23, 40
Added entity human at 10, 38
Added entity human at 20, 19
Added entity human at 21, 9
Added entity human at 33, 12
Removed entity human from grid at 11, 6
Removed entity human from grid at 12, 40
Removed entity human from grid at 33, 12
Removed entity human from grid at 20, 19
Removed entity human from grid at 19, 30
Added entity cow at 39, 5
Removed entity human from grid at 40, 10
Removed entity human from grid at 12, 39
Removed entity cow from grid at 34, 2
Removed entity human from grid at 16, 12
Removed entity wolf from grid at 25, 40
Added entity wolf at 37, 40
Added entity wolf at 46, 41
Added entity wolf at 36, 43
Removed entity human from grid at 10, 9
Added entity cow at 8, 11
Added entity human at 28, 29
Removed entity wolf from grid at 32, 40
Added entity human at 31, 4
Removed entity wolf from grid at 9, 15
Removed entity human from grid at 31, 4
Removed entity human from grid at 28, 29
Removed entity human from grid at 22, 8
Removed entity human from grid at 34, 1
Removed entity wolf from grid at 43, 44
Added entity cow at 28, 4
Removed entity human from grid at 13, 2
Added entity wolf at 30, 47
Removed entity wolf from grid at 47, 49
Added entity wolf at 1, 9
Removed entity cow from grid at 9, 10
Removed entity wolf from grid at 19, 43
Added entity human at 9, 14
Added entity human at 7, 1
Added entity human at 43, 25
Removed entity human from grid at 7, 1
Removed entity human from grid at 9, 14
Removed entity wolf from grid at 43, 42
Added entity wolf at 35, 46
Added entity wolf at 31, 46
Added entity wolf at 45, 37
Added entity wolf at 4, 12
Removed entity wolf from grid at 48, 33
Removed entity wolf from grid at 46, 34
Removed entity wolf from grid at 39, 42
Added entity human at 13, 35
Added entity human at 13, 33
Added entity human at 19, 24
Removed entity human from grid at 26, 28
Added entity human at 18, 16
Added entity human at 12, 37
Removed entity human from grid at 12, 37
Removed entity human from grid at 18, 16
Removed entity human from grid at 19, 24
Removed entity human from grid at 26, 23
Added entity wolf at 21, 44
Added entity wolf at 23, 42
Added entity wolf at 49, 39
Added entity wolf at 1, 13
Removed entity wolf from grid at 35, 46
Removed entity human from grid at 12, 3
Added entity human at 8, 5
Removed entity human from grid at 8, 5
Added entity human at 42, 45
Removed entity wolf from grid at 20, 41
Added entity wolf at 2, 21
Removed entity wolf from grid at 42, 42
Added entity human at 17, 30
Added entity human at 41, 44
Added entity cow at 27, 5
Removed entity human from grid at 17, 34
Added entity wolf at 15, 45
Added entity wolf at 23, 23
Added entity wolf at 40, 46
Removed entity wolf from grid at 17, 45
Added entity human at 33, 32
Removed entity wolf from grid at 40, 45
Added entity wolf at 43, 46
Added entity wolf at 36, 42
Removed entity wolf from grid at 32, 45
Added entity human at 17, 21
Removed entity wolf from grid at 46, 39
Removed entity wolf from grid at 36, 46
Added entity human at 37, 34
Removed entity wolf from grid at 24, 42
Added entity human at 30, 24
Removed entity human from grid at 17, 30
Removed entity wolf from grid at 3, 9
Removed entity human from grid at 30, 24
Removed entity human from grid at 17, 21
Added entity cow at 28, 4
Added entity human at 40, 45
Removed entity human from grid at 1, 26
Added entity human at 12, 13
Removed entity wolf from grid at 48, 39
Added entity human at 28, 31
Removed entity human from grid at 14, 27
Added entity human at 15, 7
Removed entity human from grid at 16, 6
Added entity human at 37, 32
Removed entity human from grid at 30, 31
Added entity berry at 4, 48
Removed entity wolf from grid at 9, 16
Removed entity cow from grid at 46, 17
Added entity house at 11, 36
Added entity wolf at 32, 44
Added entity wolf at 44, 36
Added entity wolf at 11, 18
Added entity human at 13, 25
Added entity human at 32, 32
Added entity human at 18, 12
Removed entity human from grid at 6, 46
Removed entity human from grid at 18, 12
Removed entity human from grid at 13, 25
Removed entity human from grid at 13, 12
Added entity cow at 27, 5
Added entity wolf at 27, 48
Added entity wolf at 4, 0
Added entity wolf at 21, 29
Added entity wolf at 3, 14
Added entity wolf at 22, 28
Added entity wolf at 17, 2
Added entity human at 12, 13
Added entity human at 31, 6
Removed entity human from grid at 31, 6
Removed entity human from grid at 45, 17
Removed entity tree from grid at 8, 35
Added entity wolf at 43, 46
Added entity wolf at 38, 42
Added entity wolf at 27, 41
Added entity wolf at 34, 45
Added entity wolf at 2, 14
Removed entity wolf from grid at 43, 46
Removed entity wolf from grid at 31, 46
Removed entity wolf from grid at 18, 46
Added entity human at 29, 34
Added entity cow at 4, 3
Added entity human at 3, 25
Added entity berry at 23, 40
Removed entity human from grid at 3, 25
Removed entity human from grid at 29, 34
Removed entity human from grid at 14, 15
Removed entity human from grid at 16, 5
Added entity tree at 40, 46
Added entity cow at 32, 0
Added entity cow at 3, 5
Removed entity human from grid at 36, 34
Added entity human at 32, 22
Added entity human at 28, 24
Added entity human at 22, 21
Added entity human at 36, 32
Added entity human at 34, 30
Removed entity human from grid at 12, 15
Removed entity human from grid at 32, 31
Removed entity wolf from grid at 22, 22
Added entity cow at 5, 2
Added entity cow at 28, 4
Removed entity tree from grid at 39, 47
Removed entity human from grid at 31, 34
Added entity wolf at 44, 49
Added entity wolf at 32, 48
Added entity wolf at 47, 38
Added entity wolf at 14, 15
Added entity wolf at 1, 15
Added entity wolf at 3, 14
Removed entity wolf from grid at 34, 45
Removed entity wolf from grid at 44, 39
Added entity human at 47, 27
Removed entity human from grid at 7, 2
Removed entity wolf from grid at 46, 41
Removed entity wolf from grid at 24, 43
Added entity human at 6, 7
Removed entity human from grid at 29, 31
Removed entity human from grid at 7, 37
Removed entity human from grid at 36, 34
Removed entity human from grid at 12, 21
Added entity cow at 4, 1
Removed entity human from grid at 26, 26
Added entity cow at 3, 5
Added entity tree at 39, 47
Added entity wolf at 35, 41
Removed entity wolf from grid at 35, 41
Removed entity wolf from grid at 2, 11
Removed entity wolf from grid at 46, 41
Removed entity wolf from grid at 1, 11
Removed entity human from grid at 13, 29
Added entity cow at 3, 0
Added entity cow at 27, 3
Added entity cow at 33, 1
Added entity wolf at 24, 40
Added entity wolf at 47, 37
Removed entity wolf from grid at 31, 47
Removed entity wolf from grid at 17, 48
Added entity human at 10, 37
Added entity human at 37, 30
Removed entity wolf from grid at 20, 41
Added entity human at 12, 35
Added entity human at 35, 25
Added entity cow at 2, 6
Added entity wolf at 44, 36
Added entity wolf at 25, 47
Added entity wolf at 2, 10
Added entity human at 7, 40
Added entity human at 6, 35
Added entity human at 17, 8
Removed entity wolf from grid at 2, 10
Removed entity human from grid at 17, 8
Removed entity human from grid at 7, 40
Added entity cow at 1, 7
Removed entity human from grid at 10, 37
Removed entity human from grid at 36, 16
Added entity wolf at 16, 46
Added entity wolf at 32, 44
Added entity wolf at 37, 45
Added entity human at 7, 1
Removed entity wolf from grid at 49, 38
Added entity human at 43, 14
Removed entity wolf from grid at 3, 10
Added entity cow at 0, 6
Added entity wolf at 43, 48
Removed entity human from grid at 8, 31
Added entity wolf at 29, 45
Added entity wolf at 22, 26
Added entity wolf at 36, 4
Removed entity wolf from grid at 32, 46
Added entity wolf at 18, 4
Removed entity wolf from grid at 49, 40
Removed entity human from grid at 41, 31
Added entity cow at 28, 4
Added entity cow at 4, 1
Removed entity human from grid at 15, 34
Added entity cow at 38, 6
Removed entity human from grid at 10, 34
Removed entity wolf from grid at 24, 43
Added entity wolf at 46, 49
Added entity wolf at 3, 17
Added entity wolf at 19, 37
Removed entity human from grid at 8, 33
Removed entity wolf from grid at 0, 11
Removed entity human from grid at 14, 37
Added entity human at 43, 9
Added entity human at 43, 14
Removed entity human from grid at 43, 14
Removed entity human from grid at 43, 9
Added entity cow at 39, 7
Added entity cow at 3, 2
Added entity cow at 1, 5
Removed entity human from grid at 45, 12
Added entity cow at 34, 0
Removed entity human from grid at 30, 13
Removed entity wolf from grid at 43, 44
Removed entity wolf from grid at 29, 47
Added entity human at 10, 24
Removed entity cow from grid at 1, 6
Removed entity human from grid at 7, 37
Added entity wolf at 12, 15
Removed entity wolf from grid at 16, 48
Removed entity wolf from grid at 1, 11
Removed entity human from grid at 34, 34
Removed entity human from grid at 11, 33
Added entity human at 15, 12
Removed entity human from grid at 7, 48
Removed entity human from grid at 15, 12
Added entity cow at 2, 4
Added entity cow at 2, 1
Removed entity human from grid at 31, 25
Removed entity wolf from grid at 26, 46
Added entity wolf at 45, 45
Removed entity tree from grid at 13, 32
Added entity wolf at 19, 43
Added entity wolf at 28, 41
Added entity wolf at 44, 42
Added entity wolf at 5, 7
Added entity wolf at 0, 9
Added entity berry at 29, 47
Removed entity wolf from grid at 1, 13
Added entity cow at 0, 2
Added entity human at 7, 9
Added entity human at 19, 7
Removed entity human from grid at 8, 5
Removed entity human from grid at 19, 7
Added entity cow at 3, 3
Removed entity human from grid at 10, 26
Removed entity berry from grid at 5, 4
Removed entity human from grid at 6, 1
Removed entity wolf from grid at 4, 7
Removed entity wolf from grid at 37, 47
Removed entity wolf from grid at 24, 44
Removed entity human from grid at 38, 32
Added entity wolf at 24, 40
Removed entity human from grid at 12, 35
Added entity wolf at 22, 23
Removed entity wolf from grid at 28, 43
Removed entity wolf from grid at 1, 13
Added entity human at 7, 26
Removed entity human from grid at 6, 34
Removed entity human from grid at 7, 26
Added entity cow at 4, 2
Added entity cow at 40, 8
Added entity tree at 37, 46
Added entity wolf at 39, 45
Removed entity wolf from grid at 1, 13
Added entity human at 33, 24
Added entity human at 28, 12
Added entity cow at 41, 9
Added entity cow at 5, 3
Added entity cow at 3, 2
Added entity cow at 35, 1
Added entity cow at 29, 5
Removed entity cow from grid at 44, 18
Removed entity human from grid at 11, 35
Added entity wolf at 19, 46
Added entity wolf at 22, 28
Added entity cow at 1, 21
Removed entity wolf from grid at 0, 13
Added entity human at 35, 2
Added entity human at 7, 26
Added entity human at 12, 27
Added entity human at 30, 26
Added entity human at 12, 25
Removed entity human from grid at 12, 25
Removed entity human from grid at 30, 26
Removed entity human from grid at 7, 26
Removed entity human from grid at 35, 2
Added entity cow at 36, 2
Added entity cow at 4, 1
Removed entity wolf from grid at 39, 45
Removed entity wolf from grid at 22, 38
Added entity wolf at 28, 48
Added entity wolf at 34, 40
Added entity wolf at 45, 45
Added entity cow at 1, 11
Added entity berry at 34, 36
Added entity cow at 6, 2
Removed entity wolf from grid at 3, 45
Removed entity human from grid at 45, 16
Removed entity cow from grid at 1, 11
Removed entity wolf from grid at 22, 37
Added entity wolf at 39, 40
Added entity wolf at 26, 48
Added entity wolf at 47, 41
Added entity human at 10, 7
Added entity cow at 7, 3
Added entity cow at 3, 0
Removed entity human from grid at 31, 9
Removed entity wolf from grid at 2, 10
Added entity wolf at 35, 48
Added entity wolf at 46, 45
Added entity wolf at 49, 34
Added entity wolf at 24, 44
Added entity cow at 0, 21
Added entity human at 11, 7
Added entity human at 30, 33
Removed entity human from grid at 29, 33
Added entity human at 24, 5
Removed entity wolf from grid at 44, 42
Added entity human at 18, 17
Added entity human at 28, 15
Removed entity human from grid at 28, 15
Removed entity human from grid at 18, 17
Removed entity human from grid at 24, 5
Removed entity human from grid at 13, 27
Added entity cow at 40, 8
Removed entity human from grid at 30, 23
Removed entity wolf from grid at 3, 46
Added entity wolf at 32, 40
Added entity wolf at 27, 46
Added entity wolf at 23, 46
Added entity wolf at 23, 42
Added entity wolf at 11, 18
Added entity wolf at 29, 45
Removed entity wolf from grid at 26, 48
Added entity human at 42, 28
Added entity human at 15, 7
Added entity human at 28, 27
Added entity human at 45, 27
Added entity human at 26, 20
Added entity human at 12, 5
Added entity human at 35, 30
Removed entity human from grid at 46, 29
Removed entity human from grid at 12, 5
Removed entity human from grid at 26, 20
Removed entity human from grid at 45, 27
Removed entity human from grid at 15, 7
Removed entity human from grid at 42, 28
Added entity cow at 39, 9
Removed entity human from grid at 13, 5
Added entity cow at 0, 21
Added entity cow at 1, 21
Removed entity wolf from grid at 3, 44
Removed entity wolf from grid at 1, 14
Removed entity wolf from grid at 38, 42
Added entity wolf at 6, 5
Removed entity wolf from grid at 26, 48
Removed entity wolf from grid at 35, 41
Removed entity cow from grid at 3, 7
Removed entity human from grid at 3, 45
Added entity cow at 40, 10
Removed entity human from grid at 27, 27
Removed entity human from grid at 8, 11
Removed entity human from grid at 36, 14
Removed entity wolf from grid at 38, 42
Added entity wolf at 22, 49
Added entity wolf at 47, 35
Removed entity wolf from grid at 27, 49
Added entity human at 10, 5
Added entity cow at 8, 12
Added entity wolf at 4, 47
Added entity human at 16, 10
Added entity human at 41, 17
Added entity human at 43, 14
Added entity human at 41, 13
Removed entity human from grid at 41, 17
Removed entity human from grid at 16, 10
Removed entity human from grid at 10, 5
Removed entity wolf from grid at 26, 38
Removed entity human from grid at 46, 20
Added entity wolf at 38, 43
Added entity wolf at 42, 36
Added entity wolf at 22, 47
Added entity wolf at 2, 14
Added entity wolf at 21, 27
Removed entity wolf from grid at 33, 42
Added entity human at 47, 27
Added entity human at 30, 31
Added entity human at 33, 34
Added entity human at 43, 22
Removed entity human from grid at 39, 11
Removed entity human from grid at 44, 14
Added entity cow at 41, 11
Removed entity human from grid at 36, 31
Removed entity human from grid at 28, 32
Removed entity wolf from grid at 32, 46
Added entity wolf at 11, 19
Added entity human at 7, 9
Added entity human at 40, 22
Removed entity human from grid at 47, 26
Added entity cow at 2, 22
Added entity cow at 1, 22
Removed entity wolf from grid at 1, 12
Removed entity wolf from grid at 36, 43
Added entity cow at 45, 2
Removed entity wolf from grid at 21, 37
Added entity wolf at 25, 42
Added entity wolf at 39, 41
Added entity wolf at 22, 43
Added entity wolf at 22, 38
Removed entity wolf from grid at 24, 46
Added entity human at 30, 24
Added entity cow at 2, 21
Added entity cow at 8, 3
Added entity cow at 37, 3
Removed entity human from grid at 44, 29
Removed entity human from grid at 16, 23
Added entity wolf at 35, 48
Added entity wolf at 37, 45
Removed entity wolf from grid at 25, 47
Added entity human at 29, 34
Added entity human at 39, 13
Added entity human at 28, 31
Added entity human at 17, 26
Added entity human at 21, 7
Removed entity human from grid at 26, 30
Added entity human at 37, 14
Removed entity human from grid at 21, 7
Removed entity human from grid at 29, 34
Added entity cow at 3, 20
Added entity cow at 3, 23
Removed entity human from grid at 48, 17
Removed entity wolf from grid at 25, 41
Removed entity wolf from grid at 39, 40
Removed entity wolf from grid at 31, 44
Removed entity wolf from grid at 2, 19
Added entity wolf at 16, 46
Added entity wolf at 33, 40
Added entity wolf at 13, 20
Added entity wolf at 23, 44
Added entity human at 10, 39
Added entity human at 37, 30
Added entity human at 22, 1
Added entity human at 20, 1
Added entity human at 14, 23
Removed entity human from grid at 38, 32
Added entity human at 24, 19
Removed entity human from grid at 34, 34
Removed entity human from grid at 8, 38
Removed entity human from grid at 20, 1
Removed entity human from grid at 22, 1
Removed entity human from grid at 37, 30
Removed entity human from grid at 35, 12
Added entity cow at 46, 1
Added entity cow at 40, 10
Added entity cow at 30, 6
Added entity wolf at 48, 48
Added entity wolf at 38, 46
Added entity wolf at 21, 26
Added entity human at 7, 9
Removed entity human from grid at 7, 9
Added entity cow at 29, 7
Removed entity human from grid at 24, 18
Removed entity human from grid at 12, 21
Added entity cow at 2, 24
Removed entity wolf from grid at 26, 42
Removed entity wolf from grid at 6, 17
Removed entity wolf from grid at 39, 43
Removed entity human from grid at 19, 26
Added entity wolf at 25, 47
Added entity human at 30, 29
Added entity human at 26, 29
Added entity human at 15, 31
Removed entity human from grid at 15, 31
Removed entity human from grid at 26, 29
Added entity cow at 28, 8
Removed entity human from grid at 35, 10
Removed entity human from grid at 32, 26
Added entity wolf at 42, 43
Added entity wolf at 42, 35
Added entity human at 45, 32
Removed entity human from grid at 41, 31
Added entity human at 28, 3
Added entity human at 25, 8
Removed entity human from grid at 7, 48
Added entity human at 28, 24
Added entity human at 35, 30
Removed entity human from grid at 28, 3
Removed entity human from grid at 45, 32
Added entity cow at 27, 7
Added entity cow at 8, 3
Added entity cow at 10, 5
Removed entity wolf from grid at 28, 41
Removed entity wolf from grid at 29, 45
Added entity wolf at 13, 15
Added entity wolf at 21, 40
Added entity human at 37, 34
Added entity human at 4, 17
Added entity human at 40, 29
Added entity human at 13, 25
Added entity human at 17, 30
Added entity human at 11, 22
Removed entity human from grid at 11, 22
Removed entity human from grid at 17, 30
Removed entity human from grid at 4, 17
Added entity cow at 9, 2
Removed entity human from grid at 26, 26
Removed entity human from grid at 27, 10
Removed entity wolf from grid at 24, 27
Removed entity wolf from grid at 1, 15
Removed entity human from grid at 46, 19
Added entity wolf at 35, 44
Added entity wolf at 20, 45
Added entity human at 32, 34
Added entity cow at 8, 1
Added entity cow at 41, 11
Removed entity human from grid at 30, 34
Removed entity wolf from grid at 25, 43
Added entity cow at 4, 1
Removed entity wolf from grid at 42, 45
Added entity wolf at 44, 49
Added entity wolf at 22, 47
Added entity wolf at 22, 43
Added entity wolf at 22, 29
Added entity human at 10, 9
Added entity cow at 2, 17
Added entity human at 24, 19
Removed entity human from grid at 10, 9
Removed entity wolf from grid at 23, 29
Removed entity wolf from grid at 11, 19
Removed entity wolf from grid at 42, 45
Removed entity wolf from grid at 34, 42
Added entity wolf at 22, 49
Removed entity human from grid at 38, 34
Added entity human at 38, 27
Added entity human at 38, 11
Final population: 919

 [32m✓[39m src/engine/LongRun.test.js [2m([22m[2m1 test[22m[2m)[22m[33m 8600[2mms[22m[39m
     [33m[2m✓[22m[39m should run for 1000 ticks without crashing or exploding [33m 8598[2mms[22m[39m

[2m Test Files [22m [1m[32m2 passed[39m[22m[90m (2)[39m
[2m      Tests [22m [1m[32m4 passed[39m[22m[90m (4)[39m
[2m   Start at [22m 21:11:33
[2m   Duration [22m 24.10s

[1m[42m PASS [49m[22m [32mWaiting for file changes...[39m
       [2mpress [22m[1mh[22m[2m to show help[22m[2m, [22m[2mpress [22m[1mq[22m[2m to quit[22m
c[3J[1m[44m RERUN [49m[22m [34m[2msrc/entities/Resources.js [22m[39m
       [2m Filename pattern: [22m[34msrc/engine/StatsDrift.test.js, run[39m

[90mstdout[2m | src/engine/StatsDrift.test.js[2m > [22m[2mStats Drift[2m > [22m[2mHuman count should decrease when House containing Human is destroyed
[22m[39mAdded entity human at 0, 0
Added entity house at 0, 1
Removed entity human from grid at 0, 0
Added entity human at 0, 0
Removed entity house from grid at 0, 1

[90mstdout[2m | src/engine/StatsDrift.test.js[2m > [22m[2mStats Drift[2m > [22m[2mHuman count should decrease if House is destroyed and occupant cannot be ejected
[22m[39mAdded entity human at 5, 5
Added entity house at 5, 5
Added entity house at 4, 4
Added entity house at 5, 4
Added entity house at 6, 4
Added entity house at 4, 5
Added entity house at 6, 5
Added entity house at 4, 6
Added entity house at 5, 6
Added entity house at 6, 6
Removed entity house from grid at 5, 5

 [32m✓[39m src/engine/StatsDrift.test.js [2m([22m[2m3 tests[22m[2m)[22m[32m 11[2mms[22m[39m
[90mstdout[2m | src/engine/LongRun.test.js[2m > [22m[2mLong Run Stability[2m > [22m[2mshould run for 1000 ticks without crashing or exploding
[22m[39mAdded entity human at 4, 39
Added entity human at 3, 2
Added entity human at 12, 25
Added entity human at 24, 23
Added entity human at 30, 4
Added entity human at 23, 24
Added entity human at 12, 31
Added entity human at 26, 18
Added entity human at 47, 38
Added entity human at 1, 5
Added entity human at 19, 13
Added entity human at 17, 21
Added entity human at 11, 22
Added entity human at 0, 48
Added entity human at 9, 13
Added entity human at 16, 39
Added entity human at 21, 34
Added entity human at 11, 7
Added entity human at 42, 42
Added entity human at 37, 42
Added entity human at 47, 13
Added entity human at 5, 19
Added entity human at 25, 30
Added entity human at 6, 34
Added entity human at 18, 23
Added entity human at 43, 5
Added entity human at 29, 39
Added entity human at 5, 40
Added entity human at 21, 12
Added entity human at 5, 6
Added entity human at 25, 48
Added entity human at 19, 5
Added entity human at 18, 44
Added entity human at 6, 21
Added entity human at 17, 28
Added entity human at 25, 45
Added entity human at 25, 34
Added entity human at 5, 6
Added entity human at 3, 40
Added entity human at 29, 3
Added entity human at 9, 2
Added entity human at 5, 48
Added entity human at 13, 5
Added entity human at 20, 47
Added entity human at 4, 30
Added entity human at 48, 47
Added entity human at 0, 20
Added entity human at 17, 24
Added entity human at 45, 14
Added entity human at 44, 45
Added entity wolf at 37, 12
Added entity wolf at 7, 11
Added entity wolf at 25, 1
Added entity wolf at 5, 15
Added entity wolf at 10, 17
Added entity wolf at 49, 21
Added entity wolf at 1, 39
Added entity wolf at 36, 15
Added entity wolf at 29, 18
Added entity wolf at 10, 12
Added entity wolf at 30, 38
Added entity wolf at 24, 17
Added entity wolf at 24, 25
Added entity wolf at 38, 19
Added entity wolf at 11, 32
Added entity wolf at 41, 35
Added entity wolf at 9, 8
Added entity wolf at 1, 35
Added entity wolf at 4, 35
Added entity wolf at 43, 3
Added entity wolf at 26, 32
Added entity wolf at 22, 37
Added entity wolf at 42, 38
Added entity wolf at 30, 21
Added entity wolf at 29, 14
Added entity wolf at 26, 43
Added entity wolf at 43, 19
Added entity wolf at 49, 8
Added entity wolf at 41, 39
Added entity wolf at 15, 48
Added entity wolf at 29, 47
Added entity wolf at 44, 11
Added entity wolf at 20, 21
Added entity wolf at 2, 8
Added entity wolf at 6, 47
Added entity wolf at 18, 5
Added entity wolf at 8, 8
Added entity wolf at 48, 0
Added entity wolf at 45, 16
Added entity wolf at 34, 48
Added entity wolf at 7, 20
Added entity wolf at 10, 37
Added entity wolf at 9, 48
Added entity wolf at 4, 41
Added entity wolf at 43, 12
Added entity wolf at 15, 25
Added entity wolf at 49, 29
Added entity wolf at 12, 38
Added entity wolf at 12, 9
Added entity wolf at 7, 39
Added entity cow at 36, 16
Added entity cow at 25, 43
Added entity cow at 34, 49
Added entity cow at 45, 48
Added entity cow at 49, 47
Added entity cow at 9, 0
Added entity cow at 44, 20
Added entity cow at 34, 31
Added entity cow at 15, 20
Added entity cow at 22, 14
Added entity cow at 0, 32
Added entity cow at 41, 47
Added entity cow at 45, 47
Added entity cow at 4, 27
Added entity cow at 49, 36
Added entity cow at 3, 15
Added entity cow at 25, 31
Added entity cow at 38, 40
Added entity cow at 21, 26
Added entity cow at 27, 44
Added entity cow at 35, 17
Added entity cow at 0, 21
Added entity cow at 16, 41
Added entity cow at 2, 14
Added entity cow at 3, 29
Added entity cow at 9, 44
Added entity cow at 13, 4
Added entity cow at 36, 16
Added entity cow at 5, 12
Added entity cow at 7, 0
Added entity cow at 27, 1
Added entity cow at 34, 37
Added entity cow at 35, 44
Added entity cow at 34, 20
Added entity cow at 37, 13
Added entity cow at 10, 47
Added entity cow at 33, 17
Added entity cow at 40, 9
Added entity cow at 43, 22
Added entity cow at 41, 11
Added entity cow at 46, 27
Added entity cow at 4, 49
Added entity cow at 49, 8
Added entity cow at 41, 43
Added entity cow at 21, 24
Added entity cow at 41, 22
Added entity cow at 14, 16
Added entity cow at 17, 12
Added entity cow at 14, 32
Added entity cow at 12, 17
Added entity tree at 46, 0
Added entity tree at 39, 11
Added entity tree at 16, 26
Added entity tree at 15, 34
Added entity tree at 10, 32
Added entity tree at 0, 4
Added entity tree at 8, 26
Added entity tree at 32, 29
Added entity tree at 36, 6
Added entity tree at 43, 39
Added entity tree at 40, 30
Added entity tree at 48, 7
Added entity tree at 21, 4
Added entity tree at 35, 0
Added entity tree at 1, 0
Added entity tree at 33, 49
Added entity tree at 19, 27
Added entity tree at 19, 42
Added entity tree at 27, 42
Added entity tree at 34, 48
Added entity tree at 23, 0
Added entity tree at 6, 32
Added entity tree at 39, 1
Added entity tree at 13, 38
Added entity tree at 36, 37
Added entity tree at 34, 47
Added entity tree at 42, 43
Added entity tree at 43, 28
Added entity tree at 22, 18
Added entity tree at 19, 22
Added entity tree at 5, 16
Added entity tree at 21, 0
Added entity tree at 11, 21
Added entity tree at 10, 23
Added entity tree at 41, 17
Added entity tree at 39, 13
Added entity tree at 11, 28
Added entity tree at 30, 40
Added entity tree at 37, 3
Added entity tree at 5, 37
Added entity tree at 47, 33
Added entity tree at 38, 49
Added entity tree at 9, 1
Added entity tree at 6, 38
Added entity tree at 18, 42
Added entity tree at 3, 30
Added entity tree at 13, 42
Added entity tree at 14, 35
Added entity tree at 23, 22
Added entity tree at 9, 13
Added entity berry at 6, 5
Added entity berry at 26, 32
Added entity berry at 6, 10
Added entity berry at 5, 8
Added entity berry at 32, 2
Added entity berry at 41, 38
Added entity berry at 19, 17
Added entity berry at 44, 9
Added entity berry at 9, 22
Added entity berry at 12, 43
Added entity berry at 4, 18
Added entity berry at 12, 25
Added entity berry at 48, 19
Added entity berry at 18, 9
Added entity berry at 38, 12
Added entity berry at 11, 11
Added entity berry at 18, 20
Added entity berry at 17, 18
Added entity berry at 43, 31
Added entity berry at 29, 14
Added entity water at 8, 45
Added entity water at 40, 30
Added entity water at 36, 49
Added entity water at 18, 25
Added entity water at 32, 24
Added entity water at 41, 39
Added entity water at 6, 18
Added entity water at 16, 29
Added entity water at 30, 6
Added entity water at 17, 7
Added entity cow at 13, 17
Cow Endangered Reproduction!
Added entity cow at 44, 21
Cow Endangered Reproduction!
Added entity cow at 41, 8
Cow Endangered Reproduction!
Added entity cow at 37, 17
Cow Endangered Reproduction!
Added entity cow at 3, 13
Cow Endangered Reproduction!
Added entity cow at 34, 18
Cow Endangered Reproduction!
Added entity cow at 20, 27
Cow Endangered Reproduction!
Added entity cow at 3, 28
Cow Endangered Reproduction!
Added entity cow at 44, 48
Cow Endangered Reproduction!
Added entity cow at 43, 21
Cow Endangered Reproduction!
Added entity cow at 46, 47
Cow Endangered Reproduction!
Added entity cow at 35, 15
Cow Endangered Reproduction!
Removed entity wolf from grid at 7, 21
Removed entity wolf from grid at 18, 4
Removed entity wolf from grid at 11, 8
Removed entity wolf from grid at 8, 14
Removed entity wolf from grid at 23, 25
Added entity cow at 47, 48
Cow Endangered Reproduction!
Added entity cow at 4, 29
Cow Endangered Reproduction!
Added entity cow at 19, 28
Cow Endangered Reproduction!
Added entity cow at 33, 19
Cow Endangered Reproduction!
Added entity cow at 4, 14
Cow Endangered Reproduction!
Added entity cow at 38, 18
Cow Endangered Reproduction!
Added entity cow at 42, 9
Cow Endangered Reproduction!
Added entity cow at 43, 20
Cow Endangered Reproduction!
Added entity cow at 12, 16
Cow Endangered Reproduction!
Added entity cow at 12, 17
Cow Endangered Reproduction!
Added entity cow at 43, 23
Cow Endangered Reproduction!
Added entity cow at 20, 24
Cow Endangered Reproduction!
Added entity cow at 41, 9
Cow Endangered Reproduction!
Added entity cow at 33, 16
Cow Endangered Reproduction!
Added entity cow at 8, 47
Cow Endangered Reproduction!
Added entity cow at 35, 13
Cow Endangered Reproduction!
Added entity cow at 35, 20
Cow Endangered Reproduction!
Added entity cow at 5, 12
Cow Endangered Reproduction!
Added entity cow at 10, 46
Added entity cow at 3, 29
Added entity cow at 26, 45
Added entity cow at 38, 38
Added entity cow at 2, 14
Added entity cow at 42, 45
Added entity cow at 27, 45
Added entity tree at 43, 43
Added entity tree at 15, 23
Added entity tree at 0, 20
Added entity tree at 46, 45
Added entity tree at 4, 30
Added entity tree at 13, 5
Added entity tree at 5, 46
Removed entity wolf from grid at 28, 2
Added entity tree at 4, 37
Added entity tree at 5, 6
Added entity tree at 23, 34
Added entity tree at 5, 20
Added entity tree at 16, 44
Added entity tree at 18, 4
Added entity tree at 25, 46
Added entity tree at 7, 7
Added entity tree at 19, 12
Added entity tree at 7, 38
Added entity tree at 41, 5
Added entity tree at 18, 23
Added entity tree at 4, 34
Added entity tree at 6, 16
Added entity tree at 42, 40
Added entity tree at 10, 6
Added entity tree at 21, 34
Added entity tree at 14, 37
Removed entity wolf from grid at 8, 12
Added entity tree at 9, 20
Added entity tree at 17, 21
Added entity tree at 19, 13
Added entity tree at 45, 37
Added entity tree at 25, 16
Added entity tree at 22, 23
Added entity tree at 21, 20
Added entity tree at 12, 23
Added entity tree at 4, 39
Added entity cow at 37, 37
Added entity cow at 25, 44
Added entity cow at 4, 11
Added entity cow at 34, 21
Added entity cow at 34, 12
Added entity cow at 32, 15
Added entity cow at 40, 8
Added entity cow at 37, 19
Added entity cow at 5, 15
Added entity cow at 32, 20
Added entity cow at 18, 27
Added entity cow at 5, 30
Added entity cow at 48, 47
Added entity cow at 34, 14
Added entity cow at 44, 20
Added entity cow at 40, 44
Added entity cow at 35, 38
Added entity cow at 14, 19
Added entity cow at 49, 49
Added entity tree at 44, 43
Added entity tree at 42, 14
Removed entity wolf from grid at 16, 23
Added entity tree at 1, 20
Added entity tree at 47, 45
Added entity tree at 3, 31
Added entity tree at 19, 46
Added entity tree at 14, 5
Added entity tree at 27, 2
Added entity tree at 6, 37
Added entity tree at 16, 25
Added entity tree at 17, 44
Added entity tree at 19, 4
Removed entity wolf from grid at 7, 9
Added entity tree at 20, 12
Added entity tree at 42, 5
Removed entity wolf from grid at 4, 35
Added entity tree at 7, 16
Removed entity wolf from grid at 44, 14
Added entity tree at 38, 39
Removed entity wolf from grid at 21, 36
Added entity tree at 15, 37
Added entity tree at 8, 12
Added entity tree at 24, 16
Added entity tree at 9, 29
Added entity tree at 31, 5
Added entity tree at 0, 3
Added entity cow at 43, 19
Added entity cow at 31, 19
Added entity cow at 36, 18
Added entity cow at 39, 9
Added entity cow at 31, 14
Added entity cow at 35, 11
Added entity cow at 35, 22
Added entity cow at 24, 45
Added entity cow at 38, 36
Added entity cow at 28, 46
Added entity cow at 43, 46
Added entity cow at 9, 47
Added entity cow at 42, 24
Added entity cow at 13, 16
Added entity cow at 11, 15
Added entity cow at 41, 10
Added entity cow at 43, 47
Added entity cow at 13, 14
Added entity cow at 44, 23
Added entity cow at 23, 27
Added entity cow at 1, 31
Removed entity cow from grid at 42, 45
Removed entity wolf from grid at 8, 46
Removed entity wolf from grid at 29, 47
Removed entity cow from grid at 18, 27
Removed entity wolf from grid at 8, 36
Removed entity wolf from grid at 27, 41
Removed entity wolf from grid at 27, 33
Removed entity wolf from grid at 8, 18
Removed entity wolf from grid at 40, 40
Removed entity wolf from grid at 9, 12
Removed entity wolf from grid at 20, 21
Removed entity cow from grid at 20, 14
Added entity cow at 2, 32
Added entity cow at 24, 28
Added entity cow at 45, 24
Added entity cow at 12, 15
Added entity cow at 12, 14
Added entity cow at 43, 25
Added entity cow at 8, 46
Added entity cow at 44, 45
Added entity cow at 39, 37
Added entity cow at 36, 21
Added entity cow at 34, 10
Added entity cow at 32, 13
Added entity cow at 35, 19
Added entity cow at 48, 48
Added entity cow at 15, 20
Added entity cow at 39, 45
Added entity cow at 6, 31
Added entity cow at 4, 16
Added entity cow at 3, 10
Added entity cow at 9, 48
Added entity cow at 20, 26
Added entity cow at 44, 19
Removed entity berry from grid at 44, 9
Added entity cow at 37, 41
Added entity cow at 11, 2
Added entity cow at 11, 46
Added entity cow at 1, 19
Added entity cow at 39, 34
Added entity cow at 37, 45
Removed entity cow from grid at 44, 45
Removed entity cow from grid at 1, 19
Removed entity cow from grid at 7, 47
Removed entity cow from grid at 6, 11
Removed entity cow from grid at 28, 44
Removed entity wolf from grid at 9, 38
Removed entity cow from grid at 19, 25
Removed entity wolf from grid at 12, 35
Removed entity wolf from grid at 10, 17
Removed entity wolf from grid at 2, 36
Added entity cow at 38, 44
Added entity cow at 38, 33
Added entity cow at 12, 47
Added entity cow at 45, 18
Added entity cow at 21, 27
Added entity cow at 2, 11
Added entity cow at 47, 49
Added entity cow at 33, 11
Added entity cow at 37, 20
Added entity cow at 7, 47
Added entity cow at 13, 13
Added entity cow at 46, 25
Added entity cow at 44, 46
Added entity cow at 40, 9
Added entity cow at 14, 15
Added entity cow at 25, 44
Added entity cow at 38, 10
Added entity cow at 30, 20
Added entity cow at 44, 18
Added entity cow at 47, 46
Added entity cow at 1, 13
Added entity cow at 20, 29
Added entity cow at 10, 1
Removed entity cow from grid at 42, 45
Removed entity wolf from grid at 45, 16
Removed entity cow from grid at 11, 2
Removed entity cow from grid at 8, 46
Removed entity cow from grid at 25, 1
Removed entity cow from grid at 28, 46
Removed entity cow from grid at 28, 44
Removed entity cow from grid at 43, 8
Removed entity wolf from grid at 3, 36
Removed entity wolf from grid at 43, 14
Removed entity cow from grid at 39, 38
Removed entity cow from grid at 11, 14
Removed entity cow from grid at 43, 37
Added entity cow at 19, 30
Added entity cow at 0, 12
Added entity cow at 48, 45
Added entity cow at 45, 19
Added entity cow at 37, 9
Added entity cow at 26, 43
Added entity cow at 13, 14
Added entity cow at 45, 45
Added entity cow at 14, 14
Added entity cow at 6, 48
Added entity cow at 36, 19
Added entity cow at 11, 48
Added entity cow at 39, 32
Added entity cow at 36, 40
Added entity cow at 10, 49
Added entity cow at 3, 15
Added entity cow at 38, 46
Added entity cow at 34, 20
Added entity cow at 33, 14
Added entity cow at 38, 38
Added entity cow at 25, 29
Added entity cow at 1, 33
Added entity cow at 2, 28
Added entity cow at 43, 10
Removed entity cow from grid at 2, 18
Removed entity cow from grid at 45, 45
Removed entity cow from grid at 7, 47
Removed entity cow from grid at 10, 1
Removed entity cow from grid at 2, 33
Removed entity cow from grid at 19, 26
Removed entity cow from grid at 4, 10
Removed entity cow from grid at 20, 26
Removed entity cow from grid at 6, 15
Removed entity cow from grid at 38, 38
Removed entity cow from grid at 10, 18
Removed entity cow from grid at 1, 12
Removed entity cow from grid at 13, 20
Removed entity wolf from grid at 2, 37
Added entity cow at 1, 27
Added entity cow at 0, 32
Added entity cow at 24, 30
Added entity cow at 35, 41
Added entity cow at 37, 18
Added entity cow at 15, 15
Added entity cow at 36, 8
Added entity cow at 46, 18
Added entity cow at 49, 44
Added entity cow at 20, 31
Added entity cow at 29, 19
Added entity cow at 39, 8
Added entity cow at 47, 26
Added entity cow at 46, 19
Added entity cow at 6, 29
Added entity cow at 44, 24
Removed entity cow from grid at 44, 45
Removed entity cow from grid at 7, 47
Removed entity cow from grid at 3, 12
Removed entity cow from grid at 2, 14
Removed entity cow from grid at 43, 9
Removed entity cow from grid at 1, 33
Removed entity cow from grid at 25, 29
Removed entity cow from grid at 5, 14
Removed entity cow from grid at 38, 38
Removed entity cow from grid at 40, 38
Removed entity cow from grid at 12, 14
Removed entity wolf from grid at 20, 19
Removed entity cow from grid at 18, 18
Removed entity wolf from grid at 46, 40
Removed entity wolf from grid at 10, 33
Removed entity cow from grid at 35, 10
Added entity cow at 45, 25
Added entity cow at 5, 28
Added entity cow at 47, 18
Added entity cow at 48, 27
Added entity cow at 38, 9
Added entity cow at 28, 20
Added entity cow at 35, 7
Added entity cow at 16, 16
Added entity cow at 34, 42
Added entity cow at 1, 33
Added entity cow at 2, 26
Added entity cow at 34, 13
Added entity cow at 33, 19
Added entity cow at 39, 45
Added entity cow at 40, 31
Added entity cow at 14, 15
Added entity cow at 25, 42
Added entity cow at 16, 18
Added entity cow at 36, 40
Added entity cow at 35, 15
Added entity cow at 7, 1
Removed entity cow from grid at 46, 19
Removed entity cow from grid at 1, 33
Removed entity cow from grid at 12, 0
Removed entity cow from grid at 8, 47
Removed entity cow from grid at 1, 31
Removed entity cow from grid at 20, 31
Removed entity cow from grid at 1, 15
Removed entity cow from grid at 29, 44
Removed entity cow from grid at 44, 8
Removed entity cow from grid at 24, 29
Removed entity cow from grid at 38, 38
Removed entity cow from grid at 21, 29
Removed entity cow from grid at 12, 15
Removed entity cow from grid at 11, 18
Removed entity wolf from grid at 0, 13
Removed entity wolf from grid at 29, 18
Removed entity cow from grid at 37, 9
Removed entity cow from grid at 14, 17
Added entity cow at 6, 2
Added entity cow at 37, 41
Added entity cow at 17, 17
Added entity cow at 41, 32
Added entity cow at 35, 14
Added entity cow at 3, 27
Added entity cow at 33, 41
Added entity cow at 37, 10
Added entity cow at 49, 26
Added entity cow at 46, 19
Added entity cow at 4, 27
Added entity cow at 44, 26
Added entity cow at 48, 43
Added entity cow at 38, 17
Added entity cow at 42, 11
Added entity cow at 10, 47
Added entity cow at 2, 12
Added entity cow at 3, 10
Added entity cow at 39, 43
Removed entity cow from grid at 44, 46
Removed entity cow from grid at 47, 18
Removed entity cow from grid at 23, 25
Removed entity cow from grid at 2, 18
Removed entity cow from grid at 11, 1
Removed entity cow from grid at 0, 32
Removed entity cow from grid at 2, 14
Removed entity cow from grid at 22, 26
Removed entity cow from grid at 3, 15
Removed entity wolf from grid at 14, 47
Removed entity cow from grid at 2, 12
Removed entity cow from grid at 17, 17
Removed entity cow from grid at 20, 27
Removed entity cow from grid at 38, 40
Removed entity cow from grid at 38, 37
Removed entity cow from grid at 11, 15
Removed entity cow from grid at 1, 11
Removed entity cow from grid at 28, 20
Removed entity cow from grid at 37, 10
Removed entity cow from grid at 2, 11
Added entity cow at 37, 16
Added entity cow at 32, 40
Added entity cow at 5, 3
Added entity cow at 17, 15
Added entity cow at 47, 17
Removed entity berry from grid at 6, 10
Removed entity cow from grid at 46, 19
Removed entity cow from grid at 9, 45
Removed entity cow from grid at 8, 0
Removed entity cow from grid at 0, 31
Removed entity cow from grid at 22, 26
Removed entity cow from grid at 41, 8
Removed entity cow from grid at 21, 27
Removed entity cow from grid at 24, 28
Removed entity cow from grid at 46, 18
Removed entity cow from grid at 38, 37
Removed entity cow from grid at 21, 28
Removed entity cow from grid at 9, 46
Removed entity cow from grid at 13, 16
Removed entity cow from grid at 7, 29
Removed entity cow from grid at 37, 11
Removed entity cow from grid at 14, 16
Added entity cow at 18, 16
Added entity cow at 4, 4
Added entity cow at 31, 41
Added entity cow at 40, 42
Added entity cow at 41, 10
Added entity cow at 47, 42
Added entity cow at 3, 28
Added entity cow at 36, 15
Added entity cow at 40, 31
Added entity cow at 38, 40
Removed entity berry from grid at 17, 18
Added entity cow at 35, 7
Added entity cow at 32, 11
Added entity cow at 46, 48
Added entity tree at 20, 33
Removed entity cow from grid at 44, 47
Removed entity cow from grid at 2, 16
Removed entity cow from grid at 46, 43
Removed entity cow from grid at 10, 45
Removed entity cow from grid at 19, 29
Removed entity cow from grid at 33, 42
Removed entity cow from grid at 5, 10
Removed entity cow from grid at 17, 18
Removed entity cow from grid at 28, 42
Removed entity cow from grid at 41, 7
Removed entity cow from grid at 46, 18
Removed entity cow from grid at 13, 15
Removed entity cow from grid at 9, 46
Added entity cow at 31, 10
Added entity cow at 34, 6
Added entity cow at 37, 39
Added entity cow at 46, 41
Added entity cow at 40, 9
Added entity cow at 39, 41
Added entity cow at 5, 5
Added entity cow at 43, 27
Added entity cow at 48, 27
Added entity cow at 2, 28
Added entity cow at 36, 16
Added entity cow at 13, 14
Added entity cow at 38, 46
Added entity cow at 34, 20
Removed entity cow from grid at 42, 45
Removed entity wolf from grid at 48, 21
Removed entity cow from grid at 47, 44
Removed entity cow from grid at 4, 31
Removed entity cow from grid at 33, 10
Removed entity wolf from grid at 11, 46
Removed entity cow from grid at 17, 17
Removed entity cow from grid at 5, 30
Removed entity wolf from grid at 30, 44
Removed entity cow from grid at 42, 9
Removed entity cow from grid at 18, 29
Removed entity cow from grid at 2, 29
Removed entity cow from grid at 46, 19
Removed entity cow from grid at 13, 14
Removed entity cow from grid at 14, 15
Removed entity cow from grid at 18, 16
Removed entity cow from grid at 41, 35
Removed entity cow from grid at 6, 28
Removed entity wolf from grid at 35, 12
Removed entity cow from grid at 14, 19
Added entity cow at 35, 21
Added entity cow at 47, 26
Added entity cow at 42, 28
Added entity cow at 4, 6
Added entity cow at 39, 10
Added entity cow at 45, 42
Added entity cow at 38, 38
Added entity cow at 33, 5
Added entity cow at 30, 11
Added entity cow at 45, 47
Added entity cow at 41, 30
Added entity cow at 4, 29
Added entity cow at 11, 48
Added entity cow at 26, 45
Removed entity cow from grid at 12, 47
Removed entity cow from grid at 11, 46
Removed entity cow from grid at 6, 2
Removed entity cow from grid at 31, 10
Removed entity cow from grid at 0, 29
Removed entity cow from grid at 7, 9
Removed entity cow from grid at 13, 13
Removed entity cow from grid at 10, 47
Removed entity cow from grid at 14, 15
Removed entity cow from grid at 31, 18
Removed entity cow from grid at 5, 28
Removed entity cow from grid at 34, 13
Removed entity cow from grid at 15, 18
Removed entity cow from grid at 0, 28
Added entity cow at 12, 47
Added entity cow at 5, 30
Added entity cow at 42, 31
Added entity cow at 44, 48
Added entity cow at 32, 6
Added entity cow at 39, 37
Added entity cow at 41, 29
Added entity cow at 46, 25
Added entity cow at 36, 22
Added entity cow at 39, 47
Added entity cow at 3, 29
Added entity cow at 32, 40
Added entity cow at 38, 15
Removed entity cow from grid at 48, 44
Removed entity cow from grid at 5, 30
Removed entity cow from grid at 13, 48
Removed entity cow from grid at 2, 28
Removed entity cow from grid at 11, 48
Removed entity cow from grid at 4, 29
Removed entity wolf from grid at 33, 37
Removed entity cow from grid at 16, 15
Removed entity cow from grid at 30, 19
Removed entity cow from grid at 27, 19
Removed entity cow from grid at 33, 12
Removed entity cow from grid at 4, 6
Removed entity cow from grid at 1, 28
Added entity cow at 33, 39
Added entity cow at 37, 21
Added entity cow at 40, 28
Added entity cow at 38, 36
Added entity cow at 41, 32
Added entity cow at 27, 46
Added entity cow at 31, 11
Added entity cow at 40, 40
Added entity cow at 35, 16
Added entity cow at 9, 48
Removed entity berry from grid at 38, 12
Removed entity berry from grid at 29, 14
Removed entity cow from grid at 41, 47
Removed entity cow from grid at 47, 43
Removed entity cow from grid at 11, 48
Removed entity cow from grid at 7, 4
Removed entity cow from grid at 5, 1
Removed entity cow from grid at 31, 11
Removed entity cow from grid at 3, 29
Removed entity cow from grid at 31, 41
Removed entity cow from grid at 4, 6
Removed entity cow from grid at 4, 28
Removed entity cow from grid at 43, 7
Removed entity cow from grid at 35, 39
Removed entity cow from grid at 36, 40
Removed entity cow from grid at 15, 15
Removed entity cow from grid at 9, 48
Removed entity cow from grid at 40, 35
Removed entity cow from grid at 30, 17
Added entity cow at 28, 47
Added entity cow at 36, 20
Added entity cow at 32, 38
Added entity cow at 38, 46
Added entity cow at 45, 24
Added entity cow at 33, 7
Removed entity berry from grid at 43, 31
Added entity cow at 45, 41
Added entity cow at 38, 11
Removed entity cow from grid at 40, 45
Removed entity cow from grid at 48, 43
Removed entity cow from grid at 13, 49
Removed entity cow from grid at 11, 49
Removed entity cow from grid at 3, 6
Removed entity cow from grid at 4, 29
Removed entity wolf from grid at 42, 19
Removed entity cow from grid at 33, 39
Removed entity cow from grid at 37, 40
Removed entity wolf from grid at 29, 19
Removed entity cow from grid at 0, 27
Added entity cow at 46, 40
Added entity cow at 34, 8
Added entity cow at 46, 23
Added entity cow at 37, 47
Added entity cow at 33, 39
Added entity cow at 39, 39
Added entity cow at 41, 27
Added entity cow at 39, 14
Added entity cow at 45, 47
Removed entity cow from grid at 30, 39
Removed entity cow from grid at 30, 23
Removed entity cow from grid at 43, 19
Removed entity cow from grid at 33, 39
Removed entity cow from grid at 9, 49
Removed entity cow from grid at 18, 13
Removed entity cow from grid at 31, 19
Removed entity wolf from grid at 32, 14
Added entity cow at 40, 38
Added entity cow at 36, 46
Added entity cow at 47, 39
Added entity cow at 37, 19
Added entity cow at 29, 48
Added entity cow at 34, 17
Added entity cow at 35, 15
Removed entity cow from grid at 34, 43
Removed entity wolf from grid at 42, 19
Removed entity cow from grid at 36, 40
Removed entity cow from grid at 31, 19
Removed entity cow from grid at 2, 26
Added entity cow at 34, 14
Added entity cow at 35, 18
Added entity cow at 30, 49
Added entity cow at 33, 7
Added entity cow at 37, 10
Added entity cow at 37, 35
Removed entity cow from grid at 40, 45
Removed entity cow from grid at 46, 19
Removed entity cow from grid at 33, 13
Removed entity cow from grid at 14, 9
Removed entity cow from grid at 4, 26
Removed entity cow from grid at 43, 19
Removed entity cow from grid at 28, 17
Removed entity wolf from grid at 31, 13
Added entity cow at 38, 9
Added entity cow at 38, 18
Added entity cow at 35, 47
Added entity cow at 44, 48
Added entity cow at 40, 28
Removed entity cow from grid at 44, 20
Removed entity cow from grid at 31, 37
Removed entity cow from grid at 36, 44
Removed entity cow from grid at 6, 26
Removed entity cow from grid at 45, 6
Removed entity cow from grid at 32, 22
Removed entity cow from grid at 43, 17
Removed entity cow from grid at 36, 38
Removed entity cow from grid at 36, 41
Removed entity cow from grid at 38, 37
Added entity cow at 39, 19
Added entity cow at 38, 34
Added entity cow at 34, 6
Added entity cow at 45, 39
Added entity cow at 39, 37
Added entity cow at 47, 24
Removed entity cow from grid at 39, 44
Removed entity cow from grid at 45, 45
Removed entity cow from grid at 33, 15
Removed entity cow from grid at 32, 22
Removed entity cow from grid at 37, 40
Removed entity cow from grid at 39, 38
Removed entity cow from grid at 33, 16
Added entity cow at 40, 20
Added entity cow at 39, 14
Removed entity cow from grid at 46, 19
Removed entity cow from grid at 32, 22
Removed entity cow from grid at 34, 14
Removed entity cow from grid at 35, 45
Removed entity cow from grid at 38, 43
Added entity cow at 40, 15
Added entity cow at 46, 25
Added entity cow at 38, 36
Added entity cow at 46, 38
Added entity cow at 39, 35
Added entity cow at 41, 29
Added entity cow at 43, 47
Added entity cow at 34, 46
Added entity cow at 34, 17
Added entity cow at 40, 31
Removed entity cow from grid at 47, 21
Removed entity cow from grid at 43, 42
Removed entity cow from grid at 33, 13
Removed entity cow from grid at 33, 19
Removed entity cow from grid at 43, 15
Removed entity cow from grid at 39, 41
Removed entity cow from grid at 33, 18
Added entity berry at 16, 9
Added entity cow at 33, 45
Added entity cow at 42, 46
Added entity cow at 37, 35
Added entity cow at 47, 26
Added entity cow at 35, 5
Added entity cow at 37, 10
Added entity cow at 30, 49
Removed entity berry from grid at 41, 38
Added entity tree at 32, 28
Removed entity wolf from grid at 41, 42
Added entity naturereserve at 3, 21
Human Grace built Nature Reserve for WOLF
Removed entity cow from grid at 34, 14
Removed entity cow from grid at 33, 20
Removed entity cow from grid at 36, 45
Removed entity cow from grid at 43, 11
Removed entity cow from grid at 34, 22
Added entity naturereserve at 2, 16
Human Oscar built Nature Reserve for WOLF
Removed entity cow from grid at 38, 43
Removed entity cow from grid at 33, 17
Removed entity cow from grid at 34, 17
Added entity cow at 48, 27
Added entity cow at 36, 34
Added entity cow at 43, 45
Added entity cow at 32, 46
Added entity cow at 41, 32
Added entity cow at 40, 34
Added entity cow at 45, 39
Added entity cow at 39, 16
Added entity cow at 39, 21
Removed entity cow from grid at 30, 34
Added entity naturereserve at 8, 18
Human Frank built Nature Reserve for WOLF
Removed entity cow from grid at 33, 12
Added entity cow at 38, 17
Added entity cow at 44, 38
Added entity cow at 31, 45
Added entity cow at 35, 33
Added entity cow at 49, 28
Added entity cow at 31, 48
Added entity cow at 36, 9
Removed entity cow from grid at 40, 45
Removed entity cow from grid at 46, 22
Removed entity cow from grid at 35, 19
Removed entity cow from grid at 20, 40
Removed entity cow from grid at 38, 45
Removed entity cow from grid at 36, 39
Removed entity cow from grid at 46, 18
Removed entity cow from grid at 34, 17
Removed entity cow from grid at 42, 37
Removed entity cow from grid at 35, 14
Added entity cow at 32, 44
Added entity cow at 34, 4
Removed entity cow from grid at 41, 45
Removed entity cow from grid at 35, 18
Removed entity cow from grid at 43, 45
Added entity naturereserve at 7, 14
Human Frank built Nature Reserve for WOLF
Removed entity cow from grid at 37, 46
Removed entity wolf from grid at 43, 13
Removed entity cow from grid at 36, 20
Removed entity cow from grid at 39, 37
Added entity cow at 33, 3
Added entity cow at 33, 45
Added entity cow at 37, 8
Added entity cow at 32, 49
Added entity cow at 48, 27
Added entity cow at 36, 32
Added entity cow at 45, 39
Added entity cow at 41, 35
Added entity cow at 39, 34
Removed entity cow from grid at 47, 22
Removed entity cow from grid at 36, 16
Removed entity cow from grid at 36, 18
Removed entity cow from grid at 34, 33
Removed entity cow from grid at 36, 20
Removed entity cow from grid at 23, 38
Removed entity cow from grid at 25, 5
Removed entity cow from grid at 43, 13
Removed entity cow from grid at 36, 21
Removed entity cow from grid at 38, 37
Added entity naturereserve at 7, 21
Human Ivy built Nature Reserve for WOLF
Removed entity cow from grid at 44, 38
Removed entity cow from grid at 36, 17
Removed entity cow from grid at 37, 15
Added entity cow at 38, 35
Added entity cow at 42, 36
Added entity cow at 46, 40
Added entity cow at 35, 31
Added entity cow at 33, 48
Added entity cow at 38, 9
Added entity cow at 34, 2
Added entity cow at 37, 16
Removed entity cow from grid at 46, 22
Removed entity cow from grid at 36, 19
Removed entity cow from grid at 35, 47
Added entity naturereserve at 13, 18
Human Luna built Nature Reserve for WOLF
Removed entity cow from grid at 37, 16
Removed entity cow from grid at 37, 13
Removed entity cow from grid at 37, 15
Added entity cow at 35, 1
Added entity cow at 39, 8
Added entity cow at 45, 41
Added entity cow at 41, 37
Added entity cow at 37, 36
Added entity cow at 34, 46
Added entity wolf at 4, 22
Added entity berry at 37, 13
Removed entity berry from grid at 37, 13
Removed entity cow from grid at 43, 47
Removed entity cow from grid at 44, 44
Removed entity cow from grid at 37, 17
Removed entity cow from grid at 42, 13
Removed entity cow from grid at 45, 21
Removed entity cow from grid at 44, 40
Removed entity cow from grid at 37, 13
Added entity cow at 35, 47
Added entity cow at 36, 35
Added entity cow at 40, 36
Added entity cow at 46, 42
Added entity cow at 40, 7
Added entity cow at 47, 28
Added entity cow at 38, 20
Added entity cow at 42, 28
Removed entity cow from grid at 44, 47
Removed entity cow from grid at 38, 17
Removed entity cow from grid at 26, 44
Removed entity cow from grid at 34, 46
Removed entity cow from grid at 42, 13
Removed entity cow from grid at 44, 20
Removed entity cow from grid at 41, 37
Removed entity cow from grid at 39, 36
Removed entity cow from grid at 29, 7
Removed entity cow from grid at 45, 39
Removed entity cow from grid at 38, 20
Removed entity cow from grid at 37, 13
Added entity cow at 41, 27
Added entity cow at 46, 27
Added entity cow at 41, 6
Added entity cow at 47, 43
Added entity cow at 41, 37
Added entity cow at 36, 0
Added entity wolf at 13, 19
Added entity cow at 34, 30
Removed entity cow from grid at 42, 47
Removed entity cow from grid at 44, 21
Removed entity cow from grid at 41, 46
Removed entity cow from grid at 26, 45
Removed entity cow from grid at 36, 14
Removed entity cow from grid at 38, 30
Removed entity cow from grid at 35, 47
Removed entity cow from grid at 33, 43
Removed entity cow from grid at 40, 36
Removed entity cow from grid at 38, 36
Removed entity cow from grid at 39, 15
Removed entity cow from grid at 29, 9
Removed entity cow from grid at 45, 39
Removed entity cow from grid at 39, 18
Removed entity cow from grid at 36, 13
Removed entity cow from grid at 35, 12
Added entity cow at 42, 38
Added entity cow at 48, 44
Added entity cow at 45, 26
Added entity cow at 42, 26
Added entity cow at 37, 34
Removed entity cow from grid at 39, 20
Removed entity cow from grid at 33, 44
Removed entity cow from grid at 43, 19
Removed entity cow from grid at 45, 39
Added entity cow at 43, 27
Added entity cow at 46, 25
Added entity cow at 35, 29
Added entity cow at 37, 1
Added entity wolf at 8, 17
Removed entity cow from grid at 44, 45
Removed entity cow from grid at 44, 22
Removed entity cow from grid at 41, 47
Removed entity cow from grid at 28, 42
Removed entity cow from grid at 33, 11
Removed entity cow from grid at 39, 21
Removed entity cow from grid at 33, 46
Removed entity cow from grid at 30, 9
Removed entity cow from grid at 21, 46
Removed entity cow from grid at 33, 44
Removed entity cow from grid at 41, 16
Removed entity cow from grid at 40, 18
Removed entity wolf from grid at 8, 17
Removed entity cow from grid at 40, 34
Removed entity cow from grid at 40, 36
Removed entity cow from grid at 45, 39
Removed entity cow from grid at 40, 19
Removed entity cow from grid at 39, 12
Removed entity cow from grid at 34, 11
Added entity cow at 38, 2
Added entity cow at 47, 24
Added entity cow at 36, 33
Added entity wolf at 3, 15
Removed entity cow from grid at 40, 47
Removed entity cow from grid at 30, 42
Added entity naturereserve at 6, 21
Human Charlie built Nature Reserve for WOLF
Removed entity cow from grid at 37, 21
Removed entity wolf from grid at 1, 22
Removed entity cow from grid at 33, 45
Removed entity cow from grid at 34, 44
Removed entity cow from grid at 42, 21
Removed entity cow from grid at 38, 35
Removed entity cow from grid at 40, 20
Added entity cow at 37, 32
Added entity cow at 36, 30
Added entity cow at 42, 28
Added entity cow at 42, 7
Added entity cow at 32, 47
Removed entity cow from grid at 45, 44
Removed entity wolf from grid at 11, 20
Removed entity cow from grid at 28, 45
Removed entity cow from grid at 41, 18
Removed entity cow from grid at 33, 47
Removed entity cow from grid at 41, 34
Removed entity cow from grid at 43, 37
Removed entity cow from grid at 38, 11
Added entity cow at 31, 46
Added entity cow at 35, 31
Added entity cow at 36, 31
Added entity cow at 39, 3
Added entity cow at 49, 43
Added entity wolf at 8, 15
Removed entity cow from grid at 41, 48
Removed entity cow from grid at 29, 39
Removed entity cow from grid at 39, 33
Removed entity cow from grid at 32, 6
Removed entity cow from grid at 33, 8
Added entity cow at 40, 4
Added entity cow at 35, 32
Added entity cow at 36, 32
Added entity cow at 41, 27
Removed entity cow from grid at 47, 43
Removed entity cow from grid at 43, 25
Removed entity cow from grid at 29, 46
Removed entity cow from grid at 31, 46
Removed entity cow from grid at 40, 21
Removed entity cow from grid at 33, 48
Removed entity cow from grid at 35, 40
Removed entity cow from grid at 41, 22
Removed entity cow from grid at 41, 21
Removed entity cow from grid at 39, 33
Removed entity cow from grid at 38, 34
Removed entity cow from grid at 41, 20
Removed entity cow from grid at 34, 8
Removed entity cow from grid at 39, 9
Removed entity cow from grid at 34, 7
Removed entity cow from grid at 32, 4
Added entity cow at 42, 26
Added entity cow at 37, 31
Added entity cow at 41, 3
Added entity cow at 48, 25
Added entity naturereserve at 13, 22
Human Grace built Nature Reserve for WOLF
Added entity naturereserve at 13, 16
Human Oscar built Nature Reserve for WOLF
Added entity cow at 42, 4
Added entity cow at 36, 30
Added entity cow at 43, 27
Added entity cow at 34, 33
Added entity cow at 43, 6
Removed entity wolf from grid at 44, 24
Added entity cow at 35, 34
Added entity cow at 43, 3
Added entity cow at 47, 24
Added entity naturereserve at 3, 16
Human Charlie built Nature Reserve for WOLF
Added entity naturereserve at 30, 34
Human Sam built Nature Reserve for WOLF
Added entity naturereserve at 30, 45
Human Pip built Nature Reserve for WOLF
Added entity cow at 42, 2
Added entity cow at 34, 35
Added entity cow at 44, 28
Removed entity berry from grid at 48, 19
Removed entity cow from grid at 42, 23
Removed entity cow from grid at 40, 44
Removed entity cow from grid at 45, 25
Removed entity cow from grid at 30, 36
Removed entity cow from grid at 38, 24
Removed entity cow from grid at 36, 33
Removed entity cow from grid at 40, 32
Removed entity wolf from grid at 39, 5
Removed entity cow from grid at 34, 6
Added entity cow at 35, 36
Added entity cow at 41, 3
Added entity cow at 44, 7
Added entity cow at 35, 29
Added entity cow at 36, 28
Added entity cow at 45, 8
Added entity wolf at 14, 16
Added entity cow at 48, 44
Removed entity cow from grid at 40, 24
Removed entity cow from grid at 38, 24
Removed entity cow from grid at 41, 27
Removed entity cow from grid at 36, 32
Removed entity cow from grid at 34, 27
Removed entity cow from grid at 38, 32
Removed entity cow from grid at 37, 10
Added entity cow at 49, 45
Added entity cow at 34, 37
Added entity cow at 43, 27
Added entity cow at 46, 23
Added entity cow at 45, 24
Added entity cow at 42, 28
Added entity cow at 33, 38
Added entity cow at 48, 46
Added entity cow at 44, 7
Added entity cow at 40, 2
Removed entity cow from grid at 42, 24
Removed entity cow from grid at 34, 20
Removed entity cow from grid at 40, 26
Removed entity cow from grid at 37, 31
Removed entity cow from grid at 35, 28
Removed entity cow from grid at 35, 5
Removed entity cow from grid at 38, 30
Removed entity cow from grid at 41, 6
Added entity cow at 43, 6
Added entity cow at 32, 37
Added entity cow at 35, 27
Removed entity wolf from grid at 3, 13
Added entity naturereserve at 35, 38
Human Quinn built Nature Reserve for WOLF
Removed entity wolf from grid at 15, 16
Added entity cow at 31, 36
Added entity cow at 49, 47
Added entity cow at 41, 27
Added entity cow at 44, 25
Removed entity cow from grid at 41, 45
Removed entity cow from grid at 34, 39
Removed entity cow from grid at 39, 26
Removed entity cow from grid at 40, 10
Removed entity cow from grid at 41, 28
Removed entity cow from grid at 35, 30
Removed entity cow from grid at 34, 29
Removed entity cow from grid at 38, 29
Added entity cow at 40, 26
Added entity cow at 48, 48
Added entity cow at 34, 26
Added entity wolf at 6, 22
Added entity cow at 39, 25
Added entity cow at 30, 37
Added entity cow at 39, 3
Added entity wolf at 7, 17
Removed entity cow from grid at 34, 38
Removed entity cow from grid at 30, 37
Added entity naturereserve at 0, 12
Human Charlie built Nature Reserve for WOLF
Removed entity cow from grid at 37, 26
Removed entity cow from grid at 41, 23
Removed entity cow from grid at 32, 36
Removed entity cow from grid at 27, 30
Removed entity cow from grid at 40, 28
Removed entity cow from grid at 37, 28
Removed entity cow from grid at 35, 31
Removed entity cow from grid at 35, 27
Removed entity cow from grid at 45, 12
Added entity cow at 38, 26
Added entity cow at 33, 27
Added entity cow at 47, 49
Added entity naturereserve at 39, 23
Human Tina built Nature Reserve for WOLF
Added entity naturereserve at 45, 11
Human Luna built Nature Reserve for WOLF
Added entity cow at 39, 27
Added entity cow at 38, 2
Added entity cow at 44, 24
Added entity cow at 44, 5
Added entity naturereserve at 29, 23
Human Ivy built Nature Reserve for WOLF
Removed entity wolf from grid at 10, 16
Removed entity wolf from grid at 45, 7
Added entity cow at 45, 23
Added entity cow at 46, 48
Added entity cow at 34, 28
Removed entity wolf from grid at 4, 15
Added entity naturereserve at 26, 42
Human Uma built Nature Reserve for WOLF
Added entity naturereserve at 41, 11
Human Nina built Nature Reserve for WOLF
Added entity cow at 45, 47
Added entity cow at 45, 6
Added entity cow at 38, 28
Removed entity cow from grid at 38, 35
Removed entity cow from grid at 33, 30
Removed entity cow from grid at 36, 26
Removed entity cow from grid at 44, 7
Removed entity cow from grid at 41, 34
Removed entity cow from grid at 37, 24
Removed entity cow from grid at 35, 33
Removed entity cow from grid at 45, 7
Added entity cow at 37, 27
Added entity cow at 44, 48
Added entity wolf at 25, 41
Added entity cow at 35, 27
Added entity cow at 37, 1
Removed entity berry from grid at 32, 2
Added entity naturereserve at 14, 9
Human Oscar built Nature Reserve for WOLF
Added entity naturereserve at 43, 12
Human Nina built Nature Reserve for WOLF
Added entity cow at 34, 26
Added entity cow at 43, 47
Added entity cow at 38, 26
Added entity cow at 44, 7
Added entity cow at 47, 23
Added entity wolf at 8, 19
Removed entity cow from grid at 40, 33
Removed entity cow from grid at 37, 35
Removed entity cow from grid at 37, 27
Removed entity cow from grid at 34, 19
Removed entity cow from grid at 34, 24
Added entity naturereserve at 12, 11
Human Ivy built Nature Reserve for WOLF
Removed entity cow from grid at 43, 10
Added entity cow at 46, 22
Added entity cow at 45, 8
Added entity cow at 37, 27
Added entity cow at 44, 46
Added entity cow at 33, 27
Added entity cow at 36, 2
Added entity wolf at 31, 34
Removed entity cow from grid at 39, 32
Removed entity cow from grid at 32, 32
Removed entity cow from grid at 35, 27
Removed entity cow from grid at 44, 11
Removed entity cow from grid at 29, 47
Added entity naturereserve at 6, 26
Human Luna built Nature Reserve for WOLF
Removed entity cow from grid at 29, 26
Removed entity wolf from grid at 24, 39
Removed entity cow from grid at 46, 6
Added entity cow at 45, 45
Added entity cow at 36, 28
Added entity cow at 47, 21
Added entity berry at 25, 33
Removed entity wolf from grid at 6, 19
Added entity naturereserve at 29, 8
Human Alice built Nature Reserve for WOLF
Added entity cow at 48, 20
Added entity cow at 46, 46
Added entity wolf at 6, 20
Removed entity cow from grid at 40, 31
Removed entity cow from grid at 33, 33
Removed entity cow from grid at 36, 28
Removed entity cow from grid at 29, 33
Removed entity cow from grid at 41, 34
Removed entity cow from grid at 33, 25
Removed entity cow from grid at 31, 34
Removed entity cow from grid at 46, 7
Added entity cow at 45, 47
Added entity cow at 34, 28
Added entity cow at 46, 7
Added entity wolf at 38, 22
Added entity naturereserve at 48, 9
Human Uma built Nature Reserve for WOLF
Added entity cow at 35, 29
Added entity cow at 46, 48
Added entity cow at 35, 1
Removed entity wolf from grid at 8, 19
Added entity naturereserve at 47, 12
Human Tina built Nature Reserve for WOLF
Removed entity wolf from grid at 30, 33
Added entity naturereserve at 19, 25
Human Alice built Nature Reserve for WOLF
Added entity cow at 34, 0
Added entity cow at 45, 49
Added entity cow at 47, 8
Added entity cow at 49, 22
Removed entity cow from grid at 36, 33
Removed entity cow from grid at 31, 35
Removed entity cow from grid at 32, 9
Removed entity cow from grid at 41, 10
Removed entity cow from grid at 45, 8
Removed entity cow from grid at 44, 10
Added entity berry at 41, 3
Removed entity berry from grid at 41, 3
Added entity naturereserve at 35, 47
Human Uma built Nature Reserve for WOLF
Added entity naturereserve at 30, 10
Human Alice built Nature Reserve for WOLF
Added entity naturereserve at 40, 40
Human Alice built Nature Reserve for WOLF
Added entity cow at 36, 30
Added entity naturereserve at 25, 12
Human Nina built Nature Reserve for WOLF
Removed entity wolf from grid at 11, 19
Added entity naturereserve at 12, 29
Human Luna built Nature Reserve for WOLF
Added entity naturereserve at 29, 21
Human Frank built Nature Reserve for WOLF
Added entity cow at 37, 31
Added entity cow at 46, 7
Added entity wolf at 6, 27
Added entity wolf at 1, 17
Added entity tree at 12, 39
Removed entity cow from grid at 35, 29
Removed entity cow from grid at 36, 46
Removed entity cow from grid at 36, 36
Added entity cow at 47, 6
Added entity cow at 35, 1
Added entity wolf at 12, 16
Added entity cow at 36, 32
Added entity wolf at 8, 13
Removed entity cow from grid at 47, 9
Removed entity cow from grid at 37, 45
Removed entity cow from grid at 35, 22
Added entity cow at 35, 33
Added entity cow at 46, 48
Added entity wolf at 29, 46
Added entity naturereserve at 32, 30
Human Tina built Nature Reserve for WOLF
Added entity cow at 47, 47
Added entity wolf at 48, 10
Added entity tree at 40, 6
Removed entity cow from grid at 35, 33
Removed entity cow from grid at 47, 9
Removed entity cow from grid at 40, 44
Removed entity cow from grid at 49, 12
Removed entity wolf from grid at 9, 15
Added entity berry at 26, 33
Added entity wolf at 44, 12
Added entity cow at 48, 48
Added entity cow at 48, 6
Added entity wolf at 20, 26
Added entity wolf at 43, 11
Added entity tree at 5, 15
Removed entity wolf from grid at 9, 25
Added entity naturereserve at 35, 44
Human Jack built Nature Reserve for WOLF
Added entity naturereserve at 18, 7
Human Xander built Nature Reserve for WOLF
Added entity cow at 49, 49
Added entity cow at 34, 2
Added entity wolf at 42, 13
Removed entity cow from grid at 33, 22
Removed entity wolf from grid at 46, 7
Removed entity cow from grid at 41, 41
Removed entity cow from grid at 29, 24
Removed entity cow from grid at 41, 10
Added entity cow at 33, 3
Added entity cow at 47, 7
Added entity wolf at 28, 9
Added entity tree at 5, 38
Removed entity wolf from grid at 28, 9
Removed entity wolf from grid at 29, 47
Added entity naturereserve at 44, 37
Human Alice built Nature Reserve for WOLF
Removed entity wolf from grid at 41, 12
Added entity cow at 46, 6
Added entity wolf at 31, 30
Added entity wolf at 3, 17
Added entity naturereserve at 35, 40
Human Uma built Nature Reserve for WOLF
Added entity naturereserve at 12, 17
Human Frank built Nature Reserve for WOLF
Added entity naturereserve at 22, 5
Human Diana built Nature Reserve for WOLF
Removed entity wolf from grid at 45, 12
Added entity cow at 45, 5
Added entity cow at 32, 2
Added entity wolf at 33, 31
Removed entity cow from grid at 43, 36
Removed entity wolf from grid at 40, 15
Removed entity cow from grid at 46, 8
Added entity wolf at 28, 7
Added entity wolf at 31, 46
Added entity naturereserve at 13, 24
Human Luna built Nature Reserve for WOLF
Added entity naturereserve at 9, 7
Human Oscar built Nature Reserve for WOLF
Added entity naturereserve at 30, 27
Human Luna built Nature Reserve for WOLF
Removed entity wolf from grid at 22, 27
Removed entity wolf from grid at 34, 25
Added entity naturereserve at 38, 10
Human Uma built Nature Reserve for WOLF
Added entity cow at 31, 1
Added entity cow at 46, 4
Added entity wolf at 34, 44
Added entity wolf at 33, 30
Added entity wolf at 29, 24
Added entity wolf at 6, 20
Added entity tree at 44, 38
Added entity naturereserve at 1, 33
Human Grace built Nature Reserve for WOLF
Removed entity cow from grid at 37, 38
Added entity wolf at 1, 32
Added entity cow at 45, 3
Added entity cow at 30, 2
Added entity wolf at 36, 44
Added entity wolf at 39, 40
Removed entity cow from grid at 31, 34
Removed entity wolf from grid at 1, 32
Removed entity cow from grid at 45, 8
Removed entity cow from grid at 37, 24
Removed entity cow from grid at 45, 38
Added entity cow at 29, 1
Added entity wolf at 31, 27
Added entity wolf at 24, 12
Removed entity wolf from grid at 29, 24
Removed entity wolf from grid at 27, 7
Removed entity wolf from grid at 9, 14
Removed entity wolf from grid at 31, 27
Added entity naturereserve at 16, 4
Human Wendy built Nature Reserve for WOLF
Added entity cow at 30, 0
Added entity cow at 44, 2
Added entity wolf at 13, 21
Added entity berry at 36, 5
Removed entity wolf from grid at 34, 44
Removed entity cow from grid at 47, 38
Removed entity cow from grid at 29, 37
Removed entity cow from grid at 43, 8
Added entity cow at 43, 1
Added entity cow at 31, 1
Added entity wolf at 16, 3
Added entity cow at 47, 22
Removed entity wolf from grid at 35, 32
Removed entity wolf from grid at 30, 44
Removed entity wolf from grid at 8, 16
Removed entity cow from grid at 40, 42
Removed entity wolf from grid at 26, 10
Removed entity cow from grid at 26, 4
Removed entity wolf from grid at 30, 28
Removed entity cow from grid at 31, 28
Removed entity cow from grid at 38, 6
Removed entity cow from grid at 47, 6
Added entity cow at 48, 23
Added entity wolf at 11, 17
Removed entity wolf from grid at 29, 29
Removed entity wolf from grid at 16, 2
Added entity cow at 47, 24
Added entity cow at 30, 2
Added entity cow at 48, 48
Added entity wolf at 7, 26
Removed entity cow from grid at 44, 6
Removed entity cow from grid at 38, 21
Removed entity cow from grid at 40, 4
Removed entity cow from grid at 49, 9
Removed entity cow from grid at 31, 45
Added entity cow at 49, 47
Added entity cow at 31, 3
Added entity cow at 46, 25
Added entity wolf at 31, 46
Added entity wolf at 6, 15
Added entity naturereserve at 49, 9
Human Nina built Nature Reserve for WOLF
Removed entity wolf from grid at 31, 46
Added entity cow at 47, 26
Added entity wolf at 35, 46
Added entity wolf at 6, 25
Added entity naturereserve at 24, 25
Human Ivy built Nature Reserve for WOLF
Added entity cow at 48, 25
Added entity cow at 30, 4
Removed entity berry from grid at 36, 5
Removed entity cow from grid at 36, 28
Removed entity cow from grid at 46, 6
Removed entity cow from grid at 43, 4
Added entity wolf at 8, 6
Added entity wolf at 49, 8
Added entity wolf at 27, 43
Added entity wolf at 29, 22
Removed entity wolf from grid at 35, 43
Added entity naturereserve at 15, 39
Human Yara built Nature Reserve for WOLF
Removed entity wolf from grid at 49, 8
Added entity cow at 29, 3
Added entity cow at 44, 2
Added entity wolf at 18, 8
Removed entity cow from grid at 38, 31
Removed entity cow from grid at 41, 34
Removed entity cow from grid at 28, 5
Removed entity wolf from grid at 41, 37
Removed entity wolf from grid at 12, 24
Removed entity cow from grid at 37, 23
Added entity berry at 30, 26
Removed entity cow from grid at 43, 5
Removed entity cow from grid at 49, 6
Added entity cow at 45, 1
Added entity tree at 9, 17
Added entity wolf at 44, 13
Added entity wolf at 44, 11
Added entity cow at 49, 24
Added entity wolf at 48, 10
Removed entity wolf from grid at 42, 9
Added entity cow at 44, 0
Added entity cow at 28, 2
Added entity wolf at 46, 13
Added entity tree at 18, 24
Added entity naturereserve at 31, 36
Human Tina built Nature Reserve for WOLF
Removed entity wolf from grid at 5, 26
Added entity naturereserve at 36, 41
Human Quinn built Nature Reserve for WOLF
Added entity naturereserve at 13, 28
Human Luna built Nature Reserve for WOLF
Removed entity wolf from grid at 43, 11
Added entity naturereserve at 45, 7
Human Nina built Nature Reserve for WOLF
Added entity naturereserve at 16, 0
Human Xander built Nature Reserve for WOLF
Added entity wolf at 4, 22
Added entity naturereserve at 36, 9
Human Charlie built Nature Reserve for WOLF
Added entity naturereserve at 17, 20
Human Uma built Nature Reserve for WOLF
Removed entity wolf from grid at 20, 10
Added entity naturereserve at 22, 28
Human Quinn built Nature Reserve for WOLF
Added entity cow at 27, 3
Added entity wolf at 23, 5
Added entity wolf at 31, 29
Added entity wolf at 1, 11
Added entity naturereserve at 42, 36
Human Milo built Nature Reserve for WOLF
Added entity naturereserve at 12, 35
Human Luna built Nature Reserve for WOLF
Added entity naturereserve at 18, 48
Human Jack built Nature Reserve for WOLF
Removed entity wolf from grid at 27, 20
Added entity naturereserve at 26, 40
Human Ruby built Nature Reserve for WOLF
Added entity naturereserve at 48, 4
Human Uma built Nature Reserve for WOLF
Added entity cow at 26, 4
Added entity cow at 48, 23
Added entity wolf at 1, 12
Removed entity cow from grid at 41, 34
Removed entity cow from grid at 46, 34
Removed entity cow from grid at 34, 3
Removed entity cow from grid at 22, 7
Added entity wolf at 19, 7
Added entity wolf at 34, 38
Removed entity wolf from grid at 6, 24
Added entity naturereserve at 26, 22
Human Luna built Nature Reserve for WOLF
Added entity cow at 25, 3
Added entity wolf at 22, 27
Added entity cow at 43, 1
Added entity wolf at 2, 32
Added entity wolf at 28, 8
Added entity wolf at 13, 10
Added entity wolf at 40, 23
Added entity wolf at 1, 17
Removed entity wolf from grid at 2, 8
Added entity naturereserve at 40, 16
Human Tina built Nature Reserve for WOLF
Removed entity wolf from grid at 8, 22
Added entity naturereserve at 24, 15
Human Grace built Nature Reserve for WOLF
Added entity naturereserve at 21, 42
Human Yara built Nature Reserve for WOLF
Added entity cow at 42, 0
Added entity cow at 26, 2
Added entity wolf at 27, 23
Added entity cow at 47, 24
Added entity wolf at 34, 43
Added entity wolf at 4, 16
Removed entity cow from grid at 33, 13
Removed entity cow from grid at 37, 4
Removed entity wolf from grid at 28, 24
Removed entity wolf from grid at 19, 7
Removed entity cow from grid at 44, 13
Added entity wolf at 36, 8
Added entity tree at 27, 3
Removed entity wolf from grid at 38, 45
Removed entity wolf from grid at 26, 24
Removed entity wolf from grid at 24, 4
Added entity cow at 48, 25
Added entity cow at 41, 1
Added entity wolf at 12, 12
Removed entity cow from grid at 44, 33
Removed entity wolf from grid at 32, 36
Added entity cow at 25, 3
Removed entity cow from grid at 43, 33
Removed entity wolf from grid at 5, 24
Removed entity wolf from grid at 1, 10
Removed entity cow from grid at 45, 15
Removed entity cow from grid at 37, 47
Added entity cow at 40, 2
Added entity wolf at 39, 16
Added entity wolf at 13, 36
Added entity cow at 48, 46
Removed entity cow from grid at 35, 26
Removed entity wolf from grid at 33, 43
Removed entity wolf from grid at 17, 6
Removed entity cow from grid at 38, 47
Added entity cow at 49, 45
Added entity cow at 24, 2
Added entity cow at 47, 24
Added entity wolf at 39, 16
Added entity wolf at 30, 37
Added entity wolf at 7, 17
Removed entity cow from grid at 41, 30
Removed entity wolf from grid at 31, 10
Removed entity cow from grid at 37, 41
Removed entity cow from grid at 34, 28
Removed entity cow from grid at 26, 6
Removed entity cow from grid at 46, 6
Added entity wolf at 42, 12
Added entity cow at 48, 23
Added entity cow at 48, 44
Added entity wolf at 45, 6
Added entity wolf at 1, 34
Added entity wolf at 11, 18
Removed entity wolf from grid at 14, 10
Removed entity wolf from grid at 13, 9
Removed entity wolf from grid at 5, 31
Removed entity wolf from grid at 29, 35
Removed entity wolf from grid at 29, 46
Added entity cow at 49, 43
Added entity berry at 44, 27
Added entity wolf at 29, 46
Removed entity wolf from grid at 29, 46
Removed entity wolf from grid at 42, 13
Removed entity wolf from grid at 16, 28
Added entity cow at 49, 22
Added entity cow at 39, 0
Added entity wolf at 47, 4
Removed entity berry from grid at 44, 27
Added entity wolf at 8, 7
Added entity wolf at 39, 22
Added entity wolf at 29, 33
Added entity wolf at 8, 22
Removed entity wolf from grid at 29, 33
Added entity cow at 25, 1
Added entity wolf at 14, 38
Added entity wolf at 15, 4
Added entity wolf at 31, 11
Added entity wolf at 36, 48
Added entity wolf at 48, 13
Added entity wolf at 42, 12
Removed entity wolf from grid at 38, 22
Removed entity wolf from grid at 31, 11
Removed entity cow from grid at 37, 25
Removed entity cow from grid at 42, 17
Removed entity wolf from grid at 45, 6
Added entity cow at 26, 2
Added entity wolf at 12, 21
Removed entity wolf from grid at 42, 13
Removed entity cow from grid at 24, 8
Removed entity wolf from grid at 8, 21
Removed entity cow from grid at 41, 45
Removed entity wolf from grid at 45, 4
Added entity cow at 27, 1
Added entity wolf at 24, 14
Added entity wolf at 29, 11
Added entity wolf at 46, 11
Added entity wolf at 8, 21
Removed entity cow from grid at 41, 15
Removed entity cow from grid at 39, 27
Removed entity wolf from grid at 8, 21
Removed entity cow from grid at 40, 23
Added entity cow at 28, 0
Added entity wolf at 2, 21
Added entity naturereserve at 24, 35
Human Luna built Nature Reserve for WOLF
Added entity naturereserve at 1, 31
Human Oscar built Nature Reserve for WOLF
Added entity naturereserve at 11, 30
Human Alice built Nature Reserve for WOLF
Added entity cow at 49, 21
Added entity cow at 48, 44
Added entity wolf at 22, 27
Removed entity cow from grid at 42, 27
Removed entity cow from grid at 37, 29
Removed entity cow from grid at 40, 44
Removed entity cow from grid at 42, 19
Added entity cow at 27, 1
Added entity wolf at 35, 9
Added entity wolf at 30, 9
Removed entity wolf from grid at 30, 9
Removed entity wolf from grid at 41, 10
Removed entity wolf from grid at 15, 4
Removed entity wolf from grid at 35, 48
Removed entity wolf from grid at 26, 10
Removed entity wolf from grid at 40, 25
Added entity naturereserve at 42, 19
Human Luna built Nature Reserve for WOLF
Added entity wolf at 42, 18
Added entity cow at 26, 2
Added entity cow at 37, 0
Added entity wolf at 31, 11
Added entity wolf at 44, 12
Removed entity wolf from grid at 24, 13
Removed entity wolf from grid at 42, 18
Added entity wolf at 43, 19
Added entity cow at 48, 22
Added entity wolf at 20, 43
Added entity wolf at 46, 7
Added entity wolf at 42, 10
Removed entity wolf from grid at 20, 29
Removed entity cow from grid at 39, 49
Removed entity cow from grid at 36, 28
Removed entity wolf from grid at 46, 7
Added entity cow at 25, 1
Removed entity wolf from grid at 37, 19
Added entity cow at 49, 23
Added entity wolf at 25, 35
Added entity wolf at 25, 26
Added entity wolf at 31, 46
Removed entity wolf from grid at 31, 46
Added entity naturereserve at 18, 28
Human Luna built Nature Reserve for WOLF
Removed entity cow from grid at 39, 48
Removed entity wolf from grid at 34, 15
Removed entity wolf from grid at 38, 6
Removed entity cow from grid at 27, 8
Removed entity cow from grid at 42, 25
Removed entity wolf from grid at 41, 19
Added entity wolf at 17, 48
Added entity wolf at 14, 40
Added entity wolf at 23, 26
Added entity wolf at 6, 20
Added entity naturereserve at 45, 8
Human Yara built Nature Reserve for WOLF
Removed entity wolf from grid at 2, 28
Added entity cow at 49, 45
Added entity wolf at 41, 35
Added entity wolf at 43, 36
Added entity wolf at 19, 24
Added entity wolf at 28, 22
Added entity tree at 39, 0
Added entity naturereserve at 48, 31
Human Milo built Nature Reserve for WOLF
Removed entity wolf from grid at 47, 14
Removed entity wolf from grid at 11, 6
Added entity naturereserve at 38, 40
Human Alice built Nature Reserve for WOLF
Added entity cow at 48, 22
Added entity cow at 24, 2
Added entity cow at 37, 1
Added entity wolf at 2, 30
Added entity wolf at 1, 11
Removed entity cow from grid at 41, 47
Removed entity cow from grid at 34, 7
Removed entity wolf from grid at 26, 24
Added entity cow at 23, 3
Added entity wolf at 25, 23
Added entity wolf at 26, 12
Removed entity cow from grid at 46, 31
Removed entity cow from grid at 40, 49
Removed entity wolf from grid at 48, 15
Removed entity cow from grid at 43, 7
Removed entity cow from grid at 38, 29
Removed entity cow from grid at 34, 7
Removed entity cow from grid at 45, 21
Removed entity wolf from grid at 47, 8
Added entity cow at 22, 4
Added entity cow at 36, 2
Added entity cow at 47, 21
Added entity wolf at 1, 32
Removed entity wolf from grid at 6, 28
Removed entity wolf from grid at 27, 13
Added entity cow at 48, 20
Added entity cow at 35, 3
Added entity cow at 23, 5
Added entity berry at 33, 2
Added entity wolf at 13, 10
Removed entity berry from grid at 33, 2
Removed entity cow from grid at 46, 20
Added entity cow at 22, 6
Added entity cow at 34, 4
Added entity wolf at 11, 31
Added entity wolf at 24, 34
Added entity wolf at 40, 17
Added entity wolf at 46, 6
Added entity wolf at 30, 37
Removed entity cow from grid at 47, 31
Removed entity wolf from grid at 23, 35
Removed entity wolf from grid at 15, 8
Removed entity cow from grid at 40, 45
Removed entity cow from grid at 43, 17
Removed entity cow from grid at 43, 40
Removed entity cow from grid at 32, 7
Removed entity wolf from grid at 47, 6
Removed entity wolf from grid at 41, 13
Added entity cow at 35, 5
Added entity cow at 23, 7
Added entity wolf at 13, 8
Added entity wolf at 29, 35
Added entity wolf at 2, 17
Removed entity wolf from grid at 40, 35
Removed entity wolf from grid at 48, 16
Removed entity wolf from grid at 11, 32
Removed entity wolf from grid at 30, 14
Added entity cow at 22, 8
Added entity wolf at 38, 41
Added entity wolf at 44, 8
Added entity wolf at 44, 6
Added entity wolf at 15, 40
Added entity wolf at 48, 8
Added entity wolf at 28, 9
Added entity wolf at 3, 15
Removed entity wolf from grid at 45, 34
Removed entity wolf from grid at 44, 6
Removed entity wolf from grid at 25, 24
Removed entity cow from grid at 46, 5
Added entity cow at 23, 9
Added entity cow at 34, 6
Added entity cow at 48, 45
Added entity wolf at 14, 25
Added entity wolf at 36, 47
Removed entity cow from grid at 41, 8
Removed entity cow from grid at 43, 19
Removed entity wolf from grid at 22, 35
Removed entity cow from grid at 45, 19
Added entity cow at 35, 7
Added entity cow at 49, 19
Added entity wolf at 48, 5
Added entity wolf at 16, 1
Added entity wolf at 11, 18
Added entity wolf at 17, 8
Added entity wolf at 44, 10
Added entity wolf at 14, 15
Removed entity cow from grid at 47, 35
Removed entity cow from grid at 44, 42
Added entity tree at 7, 36
Removed entity wolf from grid at 37, 42
Added entity tree at 6, 25
Removed entity cow from grid at 23, 9
Removed entity cow from grid at 45, 42
Added entity tree at 8, 27
Removed entity wolf from grid at 29, 11
Removed entity cow from grid at 47, 3
Added entity cow at 36, 8
Added entity wolf at 0, 30
Added entity wolf at 21, 27
Added entity wolf at 48, 8
Added entity wolf at 17, 3
Added entity wolf at 35, 39
Added entity wolf at 18, 26
Added entity tree at 45, 33
Added entity tree at 36, 18
Added entity tree at 22, 30
Added entity tree at 38, 32
Added entity tree at 43, 40
Removed entity wolf from grid at 13, 8
Removed entity tree from grid at 7, 38
Added entity human at 32, 45
Removed entity wolf from grid at 30, 33
Removed entity tree from grid at 38, 39
Removed entity wolf from grid at 41, 18
Removed entity tree from grid at 43, 40
Removed entity wolf from grid at 29, 22
Added entity human at 30, 11
Added entity human at 19, 8
Added entity tree at 19, 7
Added entity tree at 29, 10
Added entity cow at 37, 9
Added entity cow at 47, 44
Added entity wolf at 39, 17
Added entity wolf at 17, 48
Added entity wolf at 29, 9
Added entity wolf at 12, 10
Added entity tree at 46, 33
Removed entity wolf from grid at 12, 10
Added entity human at 34, 46
Removed entity wolf from grid at 17, 8
Added entity human at 28, 12
Removed entity tree from grid at 36, 6
Added entity human at 44, 18
Removed entity wolf from grid at 49, 6
Added entity tree at 43, 17
Added entity tree at 27, 11
Removed entity tree from grid at 29, 10
Removed entity tree from grid at 46, 33
Added entity human at 42, 6
Added entity human at 44, 7
Added entity human at 19, 9
Removed entity tree from grid at 41, 17
Removed entity wolf from grid at 35, 46
Removed entity cow from grid at 28, 6
Removed entity wolf from grid at 39, 17
Added entity wolf at 12, 30
Added entity wolf at 25, 35
Added entity wolf at 25, 25
Added entity wolf at 14, 25
Added entity tree at 32, 47
Added entity tree at 46, 33
Added entity tree at 38, 17
Removed entity cow from grid at 41, 20
Added entity human at 36, 44
Added entity house at 39, 30
Added entity human at 40, 18
Removed entity wolf from grid at 24, 22
Removed entity wolf from grid at 28, 8
Removed entity cow from grid at 33, 8
Removed entity wolf from grid at 45, 6
Added entity human at 27, 10
Added entity cow at 48, 45
Added entity human at 30, 9
Added entity human at 33, 45
Added entity wolf at 30, 20
Added entity wolf at 4, 22
Added entity human at 40, 17
Added entity human at 36, 47
Added entity human at 42, 20
Removed entity cow from grid at 44, 4
Removed entity tree from grid at 38, 32
Removed entity cow from grid at 41, 44
Removed entity cow from grid at 33, 7
Removed entity tree from grid at 19, 42
Added entity tree at 41, 20
Added entity tree at 37, 47
Added entity human at 39, 16
Added entity human at 32, 46
Added entity cow at 47, 46
Removed entity tree from grid at 34, 47
Removed entity tree from grid at 18, 4
Added entity wolf at 3, 15
Added entity human at 36, 45
Removed entity wolf from grid at 44, 5
Removed entity wolf from grid at 39, 40
Removed entity cow from grid at 21, 9
Added entity human at 45, 13
Added entity human at 29, 7
Added entity human at 39, 44
Removed entity wolf from grid at 3, 28
Removed entity cow from grid at 42, 21
Removed entity tree from grid at 48, 7
Added entity tree at 38, 43
Added entity tree at 28, 6
Added entity tree at 36, 44
Added entity cow at 46, 47
Removed entity tree from grid at 32, 47
Removed entity tree from grid at 38, 17
Added entity human at 41, 21
Added entity human at 25, 8
Added entity human at 38, 42
Added entity human at 20, 9
Removed entity tree from grid at 42, 5
Added entity human at 33, 47
Added entity wolf at 14, 21
Removed entity cow from grid at 18, 5
Removed entity wolf from grid at 11, 31
Removed entity cow from grid at 44, 20
Removed entity cow from grid at 42, 5
Added entity house at 41, 32
Removed entity tree from grid at 19, 7
Removed entity cow from grid at 41, 44
Removed entity tree from grid at 31, 5
Removed entity wolf from grid at 20, 43
Removed entity cow from grid at 43, 15
Removed entity wolf from grid at 46, 8
Added entity cow at 37, 8
Added entity wolf at 49, 31
Added entity wolf at 42, 18
Added entity wolf at 34, 38
Added entity wolf at 8, 14
Removed entity human from grid at 42, 32
Added entity tree at 39, 16
Added entity tree at 20, 25
Added entity tree at 41, 30
Added entity tree at 17, 5
Added entity tree at 38, 45
Removed entity human from grid at 40, 33
Removed entity wolf from grid at 17, 2
Added entity human at 40, 41
Removed entity cow from grid at 32, 5
Removed entity cow from grid at 42, 41
Removed entity wolf from grid at 27, 35
Removed entity wolf from grid at 4, 28
Added entity cow at 45, 46
Removed entity wolf from grid at 42, 20
Added entity naturereserve at 41, 22
Human Uma built Nature Reserve for WOLF
Removed entity cow from grid at 41, 46
Removed entity wolf from grid at 21, 29
Added entity cow at 44, 47
Added entity naturereserve at 30, 48
Human Sam built Nature Reserve for WOLF
Added entity naturereserve at 41, 13
Human Ivy built Nature Reserve for WOLF
Removed entity wolf from grid at 47, 7
Added entity wolf at 24, 24
Added entity wolf at 8, 7
Added entity wolf at 3, 22
Removed entity wolf from grid at 19, 26
Removed entity tree from grid at 17, 5
Removed entity cow from grid at 43, 44
Removed entity tree from grid at 32, 29
Removed entity cow from grid at 39, 9
Removed entity tree from grid at 28, 6
Added entity human at 32, 7
Removed entity tree from grid at 43, 17
Added entity house at 44, 4
Added entity cow at 43, 46
Added entity naturereserve at 22, 10
Human Nina built Nature Reserve for WOLF
Added entity wolf at 39, 9
Added entity wolf at 46, 11
Added entity tree at 20, 26
Added entity tree at 38, 30
Added entity tree at 40, 44
Added entity tree at 44, 16
Removed entity tree from grid at 41, 20
Removed entity tree from grid at 44, 43
Removed entity cow from grid at 43, 45
Removed entity tree from grid at 38, 45
Removed entity wolf from grid at 2, 25
Removed entity cow from grid at 43, 19
Removed entity cow from grid at 44, 40
Removed entity wolf from grid at 16, 48
Removed entity human from grid at 45, 5
Added entity wolf at 40, 14
Added entity naturereserve at 27, 47
Human Oscar built Nature Reserve for WOLF
Added entity naturereserve at 36, 39
Human Hank built Nature Reserve for WOLF
Removed entity wolf from grid at 34, 38
Added entity wolf at 41, 18
Added entity berry at 46, 19
Added entity tree at 41, 16
Added entity tree at 19, 26
Added entity tree at 38, 31
Added entity human at 38, 38
Removed entity tree from grid at 42, 43
Added entity house at 39, 33
Removed entity wolf from grid at 24, 23
Removed entity wolf from grid at 41, 18
Removed entity tree from grid at 38, 43
Added entity cow at 44, 45
Added entity naturereserve at 33, 10
Human Grace built Nature Reserve for WOLF
Removed entity wolf from grid at 24, 21
Removed entity wolf from grid at 8, 24
Removed entity wolf from grid at 41, 15
Added entity cow at 45, 44
Added entity cow at 38, 7
Removed entity cow from grid at 43, 22
Added entity wolf at 40, 11
Removed entity cow from grid at 42, 48
Removed entity wolf from grid at 19, 29
Added entity naturereserve at 43, 19
Human Charlie built Nature Reserve for WOLF
Removed entity human from grid at 43, 4
Removed entity wolf from grid at 14, 3
Removed entity wolf from grid at 8, 23
Removed entity wolf from grid at 41, 12
Added entity cow at 46, 43
Added entity naturereserve at 28, 8
Human Nina built Nature Reserve for WOLF
Removed entity berry from grid at 46, 19
Removed entity wolf from grid at 19, 19
Removed entity wolf from grid at 42, 10
Added entity cow at 48, 20
Added entity wolf at 36, 43
Added entity wolf at 31, 10
Added entity wolf at 41, 12
Added entity tree at 24, 1
Removed entity wolf from grid at 5, 27
Added entity naturereserve at 31, 33
Human Sam built Nature Reserve for WOLF
Added entity cow at 47, 19
Added entity naturereserve at 27, 45
Human Sam built Nature Reserve for WOLF
Added entity wolf at 27, 22
Added entity wolf at 18, 21
Added entity wolf at 16, 3
Added entity wolf at 30, 7
Added entity wolf at 36, 38
Removed entity wolf from grid at 35, 42
Added entity naturereserve at 41, 47
Human Jack built Nature Reserve for WOLF
Added entity naturereserve at 47, 40
Human Alice built Nature Reserve for WOLF
Added entity cow at 46, 18
Added entity cow at 47, 44
Added entity cow at 37, 7
Removed entity wolf from grid at 26, 44
Removed entity wolf from grid at 36, 13
Removed entity wolf from grid at 49, 14
Removed entity wolf from grid at 28, 19
Added entity wolf at 19, 29
Added entity wolf at 18, 47
Added entity wolf at 31, 9
Added entity wolf at 29, 7
Added entity wolf at 26, 41
Added entity wolf at 38, 24
Added entity wolf at 8, 19
Added entity tree at 37, 46
Removed entity cow from grid at 46, 42
Removed entity cow from grid at 19, 1
Added entity human at 35, 45
Removed entity tree from grid at 27, 11
Removed entity tree from grid at 34, 48
Removed entity wolf from grid at 16, 43
Removed entity cow from grid at 19, 2
Added entity cow at 38, 8
Removed entity wolf from grid at 30, 12
Removed entity wolf from grid at 42, 11
Removed entity cow from grid at 42, 30
Added entity wolf at 49, 30
Added entity wolf at 23, 15
Added entity wolf at 31, 29
Added entity wolf at 46, 10
Added entity tree at 38, 46
Added entity tree at 39, 14
Removed entity cow from grid at 47, 15
Removed entity wolf from grid at 17, 2
Removed entity wolf from grid at 25, 41
Removed entity tree from grid at 19, 4
Added entity cow at 48, 45
Added entity cow at 47, 17
Removed entity wolf from grid at 19, 18
Added entity naturereserve at 28, 13
Human Jack built Nature Reserve for WOLF
Removed entity wolf from grid at 33, 9
Added entity naturereserve at 47, 15
Human Ivy built Nature Reserve for WOLF
Added entity wolf at 11, 29
Added entity wolf at 34, 48
Removed entity wolf from grid at 3, 24
Removed entity wolf from grid at 22, 14
Removed entity wolf from grid at 21, 22
Removed entity wolf from grid at 30, 8
Removed entity wolf from grid at 17, 30
Added entity wolf at 46, 16
Added entity cow at 49, 46
Added entity cow at 39, 7
Added entity naturereserve at 19, 19
Human Ruby built Nature Reserve for WOLF
Added entity naturereserve at 36, 13
Human Hank built Nature Reserve for WOLF
Removed entity cow from grid at 23, 12
Added entity wolf at 2, 30
Added entity wolf at 5, 26
Added entity wolf at 31, 46
Removed entity wolf from grid at 46, 16
Removed entity wolf from grid at 5, 21
Added entity cow at 48, 16
Removed entity wolf from grid at 35, 41
Added entity wolf at 26, 46
Removed entity wolf from grid at 10, 17
Removed entity wolf from grid at 47, 13
Added entity naturereserve at 27, 35
Human Pip built Nature Reserve for WOLF
Added entity wolf at 32, 36
Added entity wolf at 1, 11
Removed entity human from grid at 39, 32
Removed entity cow from grid at 41, 46
Added entity naturereserve at 21, 17
Human Victor built Nature Reserve for WOLF
Removed entity human from grid at 40, 34
Removed entity wolf from grid at 31, 47
Added entity cow at 49, 17
Added entity wolf at 43, 20
Removed entity wolf from grid at 26, 47
Added entity naturereserve at 49, 6
Human Xander built Nature Reserve for WOLF
Added entity naturereserve at 20, 0
Human Jack built Nature Reserve for WOLF
Added entity wolf at 48, 32
Added entity wolf at 37, 9
Added entity wolf at 19, 6
Added entity wolf at 28, 21
Added entity wolf at 12, 30
Added entity wolf at 30, 35
Added entity wolf at 14, 22
Added entity tree at 37, 17
Removed entity tree from grid at 40, 44
Added entity human at 44, 13
Removed entity human from grid at 39, 29
Added entity house at 40, 35
Added entity human at 28, 45
Added entity tree at 27, 44
Added entity cow at 48, 18
Added entity cow at 38, 7
Added entity wolf at 27, 13
Removed entity wolf from grid at 31, 7
Added entity wolf at 11, 31
Added entity human at 12, 3
Removed entity cow from grid at 23, 12
Added entity house at 42, 38
Added entity human at 37, 35
Removed entity tree from grid at 14, 5
Added entity house at 29, 6
Added entity tree at 11, 2
Added entity cow at 37, 8
Added entity human at 42, 15
Added entity wolf at 46, 14
Added entity human at 38, 38
Removed entity wolf from grid at 28, 22
Removed entity tree from grid at 43, 28
Added entity wolf at 37, 40
Added entity wolf at 46, 8
Added entity wolf at 41, 17
Added entity wolf at 15, 8
Removed entity wolf from grid at 15, 30
Removed entity cow from grid at 45, 16
Removed entity human from grid at 41, 38
Removed entity human from grid at 39, 29
Removed entity human from grid at 30, 5
Removed entity human from grid at 30, 7
Removed entity wolf from grid at 41, 17
Added entity human at 41, 9
Added entity tree at 40, 8
Removed entity tree from grid at 42, 14
Added entity human at 34, 34
Added entity cow at 47, 19
Added entity wolf at 46, 40
Removed entity human from grid at 39, 35
Removed entity cow from grid at 32, 9
Removed entity wolf from grid at 47, 13
Removed entity cow from grid at 28, 6
Added entity wolf at 45, 9
Added entity wolf at 29, 10
Removed entity wolf from grid at 4, 23
Removed entity human from grid at 41, 38
Added entity tree at 41, 8
Added entity cow at 38, 9
Added entity tree at 41, 21
Removed entity wolf from grid at 31, 9
Added entity human at 40, 39
Added entity human at 37, 18
Added entity human at 22, 47
Added entity human at 30, 44
Removed entity cow from grid at 37, 10
Removed entity wolf from grid at 27, 20
Removed entity cow from grid at 43, 17
Removed entity wolf from grid at 11, 16
Removed entity wolf from grid at 29, 35
Added entity wolf at 12, 16
Added entity wolf at 47, 10
Added entity wolf at 38, 23
Removed entity tree from grid at 33, 49
Added entity human at 15, 7
Removed entity cow from grid at 43, 6
Added entity cow at 39, 8
Added entity cow at 46, 18
Added entity human at 15, 6
Added entity wolf at 29, 9
Added entity wolf at 21, 10
Removed entity wolf from grid at 36, 12
Removed entity tree from grid at 25, 16
Added entity wolf at 12, 30
Added entity wolf at 37, 10
Added entity wolf at 9, 8
Removed entity tree from grid at 38, 31
Removed entity cow from grid at 39, 32
Removed entity wolf from grid at 29, 9
Added entity cow at 45, 19
Added entity tree at 35, 18
Added entity tree at 38, 39
Added entity wolf at 22, 11
Added entity wolf at 40, 21
Removed entity human from grid at 39, 36
Added entity human at 45, 14
Removed entity wolf from grid at 49, 12
Removed entity wolf from grid at 30, 22
Added entity human at 31, 7
Added entity wolf at 12, 21
Removed entity cow from grid at 43, 20
Added entity house at 40, 38
Removed entity cow from grid at 19, 7
Removed entity wolf from grid at 3, 20
Added entity human at 37, 34
Removed entity wolf from grid at 17, 40
Removed entity tree from grid at 40, 8
Removed entity cow from grid at 31, 11
Added entity tree at 36, 33
Added entity cow at 44, 20
Added entity human at 15, 6
Removed entity wolf from grid at 12, 7
Added entity human at 32, 36
Added entity human at 41, 9
Added entity human at 40, 34
Added entity human at 27, 16
Added entity human at 32, 9
Removed entity cow from grid at 45, 16
Removed entity wolf from grid at 48, 12
Removed entity tree from grid at 41, 21
Removed entity cow from grid at 33, 7
Added entity wolf at 48, 3
Added entity wolf at 29, 9
Added entity wolf at 28, 22
Added entity tree at 44, 44
Removed entity wolf from grid at 42, 21
Removed entity human from grid at 40, 39
Removed entity wolf from grid at 24, 17
Removed entity wolf from grid at 20, 10
Removed entity wolf from grid at 29, 9
Removed entity wolf from grid at 43, 22
Added entity human at 26, 17
Added entity human at 41, 33
Added entity human at 31, 37
Added entity cow at 43, 21
Added entity human at 44, 17
Removed entity cow from grid at 44, 42
Added entity human at 30, 49
Removed entity cow from grid at 34, 9
Removed entity tree from grid at 44, 16
Removed entity wolf from grid at 49, 12
Removed entity cow from grid at 40, 28
Removed entity tree from grid at 41, 5
Removed entity wolf from grid at 21, 10
Removed entity cow from grid at 21, 5
Added entity cow at 42, 22
Added entity cow at 40, 9
Added entity wolf at 26, 46
Added entity wolf at 26, 48
Added entity tree at 24, 12
Added entity tree at 19, 9
Added entity human at 22, 11
Removed entity cow from grid at 48, 12
Removed entity wolf from grid at 36, 12
Removed entity tree from grid at 39, 11
Removed entity wolf from grid at 28, 22
Added entity house at 39, 28
Added entity wolf at 16, 39
Added entity wolf at 29, 11
Added entity wolf at 42, 11
Added entity wolf at 14, 17
Added entity house at 42, 28
Removed entity human from grid at 39, 39
Added entity tree at 23, 10
Added entity cow at 41, 23
Added entity human at 31, 37
Added entity human at 14, 4
Removed entity wolf from grid at 33, 43
Added entity human at 38, 35
Removed entity human from grid at 43, 27
Added entity wolf at 28, 44
Removed entity tree from grid at 43, 43
Added entity human at 19, 11
Removed entity cow from grid at 35, 10
Removed entity human from grid at 41, 28
Removed entity human from grid at 40, 28
Added entity wolf at 5, 27
Added entity wolf at 34, 39
Removed entity tree from grid at 39, 16
Removed entity wolf from grid at 46, 44
Added entity human at 22, 12
Removed entity cow from grid at 30, 7
Added entity human at 33, 12
Added entity tree at 33, 11
Added entity tree at 18, 10
Removed entity tree from grid at 13, 5
Added entity human at 28, 16
Added entity human at 38, 36
Removed entity cow from grid at 43, 17
Added entity human at 45, 40
Removed entity wolf from grid at 29, 34
Removed entity cow from grid at 40, 9
Removed entity cow from grid at 43, 34
Added entity house at 43, 41
Removed entity wolf from grid at 42, 13
Removed entity wolf from grid at 23, 47
Removed entity tree from grid at 39, 13
Added entity human at 37, 8
Removed entity tree from grid at 37, 3
Removed entity tree from grid at 27, 3
Added entity wolf at 17, 27
Added entity wolf at 36, 43
Removed entity tree from grid at 47, 45
Removed entity wolf from grid at 4, 19
Removed entity cow from grid at 41, 23
Added entity tree at 36, 7
Added entity tree at 38, 35
Added entity tree at 29, 15
Added entity tree at 22, 12
Added entity tree at 36, 36
Removed entity tree from grid at 39, 14
Removed entity tree from grid at 16, 44
Removed entity human from grid at 44, 41
Removed entity tree from grid at 33, 11
Removed entity cow from grid at 37, 9
Added entity wolf at 47, 13
Added entity wolf at 26, 41
Removed entity wolf from grid at 29, 47
Removed entity tree from grid at 41, 30
Added entity house at 32, 5
Removed entity cow from grid at 34, 8
Added entity tree at 37, 7
Added entity tree at 42, 41
Added entity tree at 37, 35
Removed entity wolf from grid at 29, 16
Added entity tree at 31, 12
Added entity human at 31, 38
Added entity human at 26, 13
Removed entity wolf from grid at 45, 20
Removed entity tree from grid at 21, 0
Added entity human at 31, 13
Removed entity tree from grid at 41, 8
Added entity wolf at 49, 5
Removed entity tree from grid at 45, 37
Removed entity tree from grid at 44, 44
Removed entity tree from grid at 36, 7
Added entity house at 40, 26
Removed entity wolf from grid at 19, 0
Added entity wolf at 1, 15
Removed entity cow from grid at 44, 30
Added entity tree at 30, 12
Added entity tree at 26, 12
Removed entity wolf from grid at 31, 39
Added entity tree at 38, 7
Removed entity human from grid at 43, 42
Added entity tree at 39, 35
Added entity tree at 33, 12
Added entity human at 23, 15
Removed entity tree from grid at 18, 10
Removed entity tree from grid at 36, 36
Removed entity cow from grid at 20, 3
Added entity human at 29, 43
Removed entity tree from grid at 35, 18
Removed entity wolf from grid at 36, 45
Added entity house at 31, 5
Added entity wolf at 42, 18
Added entity wolf at 48, 3
Added entity wolf at 48, 13
Added entity wolf at 7, 22
Added entity house at 30, 8
Added entity house at 26, 6
Added entity tree at 29, 42
Added entity tree at 30, 37
Added entity tree at 36, 7
Added entity human at 37, 37
Added entity human at 36, 35
Added entity human at 36, 12
Removed entity cow from grid at 45, 31
Removed entity cow from grid at 21, 2
Removed entity wolf from grid at 18, 45
Added entity cow at 48, 47
Added entity wolf at 31, 49
Added entity human at 21, 1
Added entity wolf at 17, 47
Removed entity wolf from grid at 47, 13
Removed entity tree from grid at 31, 12
Added entity tree at 21, 0
Added entity cow at 49, 48
Removed entity tree from grid at 24, 12
Added entity human at 27, 10
Added entity human at 30, 39
Removed entity tree from grid at 37, 7
Added entity human at 31, 10
Removed entity wolf from grid at 15, 11
Removed entity wolf from grid at 27, 39
Removed entity wolf from grid at 28, 43
Added entity human at 19, 0
Removed entity cow from grid at 34, 9
Removed entity tree from grid at 21, 4
Added entity human at 29, 45
Removed entity cow from grid at 22, 3
Added entity house at 32, 9
Added entity house at 34, 7
Added entity wolf at 23, 28
Removed entity tree from grid at 36, 7
Removed entity cow from grid at 38, 27
Added entity house at 32, 7
Added entity tree at 28, 45
Added entity tree at 18, 0
Added entity tree at 31, 11
Added entity tree at 30, 38
Added entity human at 26, 11
Removed entity tree from grid at 21, 0
Added entity human at 36, 12
Removed entity tree from grid at 30, 12
Removed entity tree from grid at 28, 45
Added entity human at 42, 24
Removed entity cow from grid at 48, 14
Added entity wolf at 27, 46
Added entity house at 39, 41
Removed entity cow from grid at 29, 5
Added entity house at 27, 7
Removed entity tree from grid at 31, 11
Removed entity cow from grid at 34, 26
Added entity human at 38, 28
Removed entity tree from grid at 27, 2
Added entity wolf at 23, 25
Added entity wolf at 38, 11
Added entity wolf at 31, 27
Added entity wolf at 12, 18
Added entity wolf at 25, 13
Added entity wolf at 48, 8
Removed entity human from grid at 35, 7
Removed entity human from grid at 31, 9
Removed entity human from grid at 27, 8
Removed entity human from grid at 32, 8
Removed entity human from grid at 30, 9
Added entity tree at 37, 27
Added entity tree at 18, 1
Added entity tree at 30, 9
Added entity tree at 29, 38
Added entity tree at 21, 0
Added entity human at 30, 12
Removed entity human from grid at 41, 25
Removed entity wolf from grid at 49, 33
Removed entity tree from grid at 46, 33
Added entity human at 45, 12
Removed entity cow from grid at 22, 1
Removed entity cow from grid at 39, 45
Added entity human at 46, 29
Removed entity wolf from grid at 31, 49
Added entity human at 47, 6
Added entity wolf at 31, 34
Added entity wolf at 6, 13
Added entity house at 41, 26
Removed entity wolf from grid at 15, 27
Removed entity wolf from grid at 48, 7
Added entity tree at 45, 28
Removed entity human from grid at 38, 28
Removed entity tree from grid at 18, 0
Removed entity tree from grid at 30, 9
Added entity cow at 48, 47
Added entity human at 22, 0
Removed entity human from grid at 35, 7
Added entity human at 49, 32
Removed entity wolf from grid at 27, 18
Removed entity cow from grid at 37, 9
Added entity human at 31, 13
Removed entity wolf from grid at 48, 8
Removed entity human from grid at 42, 25
Removed entity wolf from grid at 48, 13
Added entity wolf at 37, 12
Added entity wolf at 42, 46
Removed entity tree from grid at 24, 1
Added entity human at 47, 9
Removed entity human from grid at 33, 6
Removed entity human from grid at 41, 25
Added entity house at 30, 3
Removed entity cow from grid at 25, 1
Added entity wolf at 36, 10
Added entity wolf at 44, 7
Added entity wolf at 40, 24
Added entity wolf at 8, 20
Removed entity human from grid at 40, 25
Removed entity human from grid at 31, 6
Removed entity human from grid at 29, 9
Removed entity wolf from grid at 40, 18
Added entity house at 38, 38
Removed entity tree from grid at 23, 0
Added entity tree at 48, 8
Added entity tree at 23, 0
Added entity tree at 46, 28
Added entity tree at 44, 11
Removed entity wolf from grid at 37, 11
Added entity human at 32, 6
Removed entity cow from grid at 43, 30
Removed entity tree from grid at 37, 27
Removed entity tree from grid at 42, 41
Added entity wolf at 11, 31
Added entity wolf at 37, 10
Added entity wolf at 22, 4
Removed entity human from grid at 38, 37
Removed entity human from grid at 28, 7
Removed entity wolf from grid at 48, 30
Removed entity wolf from grid at 48, 23
Added entity tree at 33, 5
Added entity tree at 49, 31
Added entity cow at 47, 46
Removed entity tree from grid at 46, 28
Added entity human at 44, 13
Added entity human at 31, 10
Added entity human at 34, 31
Added entity human at 28, 11
Removed entity human from grid at 33, 6
Removed entity tree from grid at 33, 12
Added entity wolf at 37, 39
Removed entity human from grid at 39, 42
Removed entity human from grid at 29, 4
Removed entity human from grid at 30, 2
Added entity wolf at 17, 27
Added entity wolf at 47, 5
Added entity wolf at 14, 16
Removed entity tree from grid at 47, 33
Added entity tree at 28, 10
Added entity tree at 33, 30
Added entity tree at 30, 9
Removed entity tree from grid at 45, 28
Removed entity cow from grid at 44, 28
Removed entity cow from grid at 48, 36
Removed entity human from grid at 40, 41
Removed entity wolf from grid at 16, 43
Added entity wolf at 29, 14
Removed entity tree from grid at 35, 0
Removed entity tree from grid at 26, 12
Added entity human at 37, 27
Added entity house at 29, 10
Added entity wolf at 41, 17
Removed entity wolf from grid at 36, 40
Removed entity wolf from grid at 41, 17
Removed entity wolf from grid at 38, 22
Added entity human at 38, 27
Removed entity human from grid at 27, 5
Added entity tree at 37, 26
Removed entity human from grid at 28, 11
Added entity tree at 43, 11
Added entity tree at 31, 6
Added entity human at 47, 8
Added entity human at 29, 45
Added entity human at 40, 37
Removed entity human from grid at 28, 9
Removed entity cow from grid at 28, 3
Removed entity cow from grid at 34, 6
Added entity human at 13, 13
Added entity house at 43, 30
Removed entity wolf from grid at 42, 14
Removed entity wolf from grid at 27, 30
Removed entity human from grid at 26, 5
Removed entity wolf from grid at 22, 3
Removed entity human from grid at 37, 37
Removed entity wolf from grid at 31, 35
Added entity human at 38, 44
Removed entity tree from grid at 44, 11
Removed entity cow from grid at 45, 27
Removed entity wolf from grid at 45, 1
Added entity wolf at 24, 24
Added entity wolf at 10, 7
Added entity wolf at 29, 22
Removed entity wolf from grid at 29, 49
Removed entity cow from grid at 39, 22
Removed entity cow from grid at 40, 44
Removed entity wolf from grid at 12, 13
Added entity tree at 39, 36
Added entity human at 46, 9
Removed entity wolf from grid at 31, 28
Added entity human at 23, 1
Added entity human at 45, 30
Added entity human at 28, 16
Added entity human at 38, 13
Added entity human at 27, 10
Added entity human at 32, 39
Removed entity tree from grid at 33, 5
Removed entity cow from grid at 35, 6
Removed entity cow from grid at 29, 5
Added entity wolf at 28, 35
Added entity wolf at 48, 15
Added entity house at 28, 2
Removed entity cow from grid at 39, 24
Removed entity cow from grid at 43, 0
Added entity wolf at 25, 14
Added entity wolf at 39, 16
Added entity wolf at 42, 13
Added entity wolf at 30, 24
Added entity wolf at 44, 10
Removed entity wolf from grid at 41, 14
Removed entity wolf from grid at 12, 12
Added entity cow at 48, 45
Cow Endangered Reproduction!
Removed entity wolf from grid at 26, 15
Removed entity wolf from grid at 45, 12
Removed entity wolf from grid at 38, 15
Added entity cow at 47, 44
Cow Endangered Reproduction!
Removed entity wolf from grid at 23, 16
Added entity naturereserve at 11, 3
Human Xander built Nature Reserve for COW
Removed entity wolf from grid at 45, 12
Added entity wolf at 29, 47
Removed entity wolf from grid at 29, 47
Added entity wolf at 14, 29
Added entity wolf at 36, 40
Added entity tree at 26, 41
Added entity cow at 46, 43
Cow Endangered Reproduction!
Added entity human at 27, 13
Added entity human at 26, 15
Added entity human at 46, 8
Added entity human at 38, 12
Removed entity cow from grid at 22, 4
Removed entity cow from grid at 43, 26
Added entity human at 21, 3
Removed entity wolf from grid at 28, 33
Removed entity tree from grid at 24, 16
Added entity wolf at 12, 18
Added entity wolf at 28, 22
Added entity wolf at 6, 15
Removed entity wolf from grid at 23, 45
Removed entity wolf from grid at 41, 17
Removed entity tree from grid at 37, 47
Added entity berry at 29, 31
Removed entity wolf from grid at 44, 14
Added entity tree at 21, 11
Removed entity wolf from grid at 10, 4
Added entity naturereserve at 10, 40
Human Charlie built Nature Reserve for COW
Added entity wolf at 48, 5
Removed entity wolf from grid at 48, 5
Added entity wolf at 23, 36
Added entity wolf at 25, 11
Added entity wolf at 28, 7
Added entity wolf at 44, 11
Removed entity wolf from grid at 46, 15
Added entity wolf at 42, 12
Removed entity wolf from grid at 28, 7
Added entity wolf at 3, 15
Removed entity wolf from grid at 36, 48
Removed entity wolf from grid at 23, 11
Removed entity wolf from grid at 24, 19
Added entity naturereserve at 21, 14
Human Grace built Nature Reserve for COW
Added entity wolf at 19, 48
Added entity wolf at 42, 35
Added entity wolf at 29, 26
Added entity cow at 45, 42
Cow Endangered Reproduction!
Added entity naturereserve at 46, 13
Human Hank built Nature Reserve for COW
Added entity naturereserve at 43, 15
Human Alice built Nature Reserve for COW
Removed entity wolf from grid at 30, 19
Added entity wolf at 37, 38
Added entity wolf at 25, 22
Added entity wolf at 48, 3
Added entity wolf at 17, 0
Added entity wolf at 37, 41
Added entity wolf at 48, 10
Added entity wolf at 13, 10
Added entity wolf at 13, 21
Added entity cow at 43, 16
Added entity cow at 46, 41
Added entity tree at 21, 10
Added entity human at 26, 10
Removed entity wolf from grid at 45, 12
Added entity human at 24, 19
Removed entity wolf from grid at 13, 4
Removed entity wolf from grid at 25, 35
Removed entity cow from grid at 47, 13
Removed entity human from grid at 30, 31
Removed entity tree from grid at 19, 12
Added entity wolf at 48, 14
Removed entity wolf from grid at 24, 22
Added entity wolf at 18, 21
Added entity wolf at 29, 7
Added entity house at 37, 28
Removed entity wolf from grid at 14, 26
Added entity tree at 24, 18
Added entity human at 27, 9
Added entity cow at 42, 15
Removed entity tree from grid at 43, 11
Added entity cow at 10, 3
Removed entity tree from grid at 29, 38
Added entity human at 47, 11
Removed entity wolf from grid at 14, 13
Removed entity wolf from grid at 25, 37
Removed entity wolf from grid at 48, 15
Removed entity wolf from grid at 15, 7
Removed entity cow from grid at 42, 16
Removed entity cow from grid at 41, 28
Added entity human at 33, 45
Added entity house at 41, 30
Removed entity tree from grid at 22, 12
Removed entity tree from grid at 37, 26
Removed entity human from grid at 44, 30
Removed entity cow from grid at 42, 15
Removed entity wolf from grid at 29, 11
Removed entity wolf from grid at 47, 1
Added entity wolf at 46, 9
Added entity wolf at 1, 32
Added entity wolf at 30, 36
Added entity wolf at 34, 45
Added entity wolf at 1, 11
Added entity wolf at 14, 21
Removed entity wolf from grid at 31, 45
Removed entity wolf from grid at 46, 36
Removed entity human from grid at 36, 27
Added entity cow at 9, 39
Added entity tree at 15, 6
Added entity tree at 30, 18
Added entity tree at 43, 11
Added entity tree at 25, 10
Removed entity wolf from grid at 29, 37
Added entity human at 31, 44
Added entity human at 30, 7
Added entity human at 37, 26
Removed entity tree from grid at 41, 16
Removed entity tree from grid at 30, 9
Added entity human at 9, 3
Added entity human at 29, 43
Added entity wolf at 35, 14
Added entity wolf at 31, 34
Removed entity tree from grid at 45, 33
Added entity wolf at 43, 36
Added entity wolf at 23, 26
Added entity wolf at 22, 6
Added entity wolf at 11, 10
Added entity wolf at 25, 43
Added entity wolf at 3, 15
Removed entity cow from grid at 9, 39
Removed entity wolf from grid at 44, 11
Removed entity wolf from grid at 48, 12
Removed entity wolf from grid at 47, 13
Removed entity human from grid at 36, 29
Removed entity wolf from grid at 22, 20
Added entity wolf at 16, 19
Removed entity wolf from grid at 34, 48
Removed entity wolf from grid at 43, 35
Removed entity wolf from grid at 17, 2
Added entity naturereserve at 49, 13
Human Uma built Nature Reserve for COW
Added entity cow at 43, 14
Added entity tree at 30, 19
Added entity tree at 44, 11
Added entity tree at 25, 34
Added entity human at 44, 14
Added entity human at 35, 45
Removed entity cow from grid at 46, 16
Removed entity cow from grid at 28, 5
Removed entity cow from grid at 43, 14
Removed entity wolf from grid at 33, 43
Removed entity cow from grid at 10, 3
Added entity tree at 6, 24
Added entity wolf at 47, 10
Removed entity wolf from grid at 24, 19
Added entity naturereserve at 31, 21
Human Tina built Nature Reserve for COW
Removed entity wolf from grid at 20, 10
Removed entity wolf from grid at 30, 20
Added entity wolf at 22, 42
Added entity wolf at 25, 15
Added entity wolf at 47, 5
Added entity wolf at 22, 27
Added entity wolf at 28, 20
Added entity naturereserve at 18, 3
Human Wendy built Nature Reserve for COW
Removed entity wolf from grid at 8, 16
Removed entity wolf from grid at 37, 16
Added entity wolf at 2, 34
Added entity wolf at 48, 11
Added entity wolf at 42, 10
Added entity naturereserve at 31, 22
Human Yara built Nature Reserve for COW
Added entity naturereserve at 24, 47
Human Diana built Nature Reserve for COW
Added entity naturereserve at 32, 47
Human Milo built Nature Reserve for COW
Added entity naturereserve at 29, 40
Human Diana built Nature Reserve for COW
Added entity naturereserve at 9, 2
Human Milo built Nature Reserve for COW
Removed entity wolf from grid at 31, 34
Removed entity wolf from grid at 25, 19
Added entity wolf at 21, 43
Added entity wolf at 37, 41
Added entity wolf at 0, 32
Added entity wolf at 25, 11
Added entity wolf at 12, 15
Added entity naturereserve at 13, 4
Human Quinn built Nature Reserve for COW
Removed entity wolf from grid at 22, 14
Removed entity wolf from grid at 25, 31
Removed entity wolf from grid at 24, 42
Added entity naturereserve at 49, 19
Human Milo built Nature Reserve for COW
Added entity naturereserve at 35, 19
Human Oscar built Nature Reserve for COW
Removed entity wolf from grid at 22, 17
Removed entity wolf from grid at 9, 14
Added entity naturereserve at 29, 28
Human Nina built Nature Reserve for COW
Removed entity wolf from grid at 41, 12
Added entity naturereserve at 29, 38
Human Oscar built Nature Reserve for COW
Added entity naturereserve at 18, 11
Human Wendy built Nature Reserve for COW
Added entity tree at 32, 27
Added entity naturereserve at 29, 45
Human Milo built Nature Reserve for COW
Added entity naturereserve at 22, 48
Human Diana built Nature Reserve for COW
Added entity naturereserve at 32, 19
Human Xander built Nature Reserve for COW
Added entity naturereserve at 13, 2
Human Milo built Nature Reserve for COW
Added entity naturereserve at 45, 19
Human Tina built Nature Reserve for COW
Removed entity wolf from grid at 29, 24
Added entity naturereserve at 29, 17
Human Ruby built Nature Reserve for COW
Added entity wolf at 22, 4
Added entity wolf at 28, 22
Added entity wolf at 5, 26
Added entity wolf at 44, 13
Added entity wolf at 39, 22
Removed entity wolf from grid at 15, 19
Added entity cow at 47, 42
Cow Endangered Reproduction!
Added entity naturereserve at 25, 25
Human Oscar built Nature Reserve for COW
Removed entity wolf from grid at 6, 3
Removed entity wolf from grid at 28, 21
Removed entity wolf from grid at 37, 20
Added entity naturereserve at 12, 5
Human Pip built Nature Reserve for COW
Added entity wolf at 27, 41
Added entity naturereserve at 25, 19
Human Oscar built Nature Reserve for COW
Added entity cow at 31, 19
Added entity naturereserve at 11, 0
Human Quinn built Nature Reserve for COW
Added entity naturereserve at 40, 18
Human Diana built Nature Reserve for COW
Removed entity wolf from grid at 11, 6
Removed entity wolf from grid at 23, 46
Added entity naturereserve at 48, 20
Human Zane built Nature Reserve for COW
Added entity naturereserve at 13, 3
Human Wendy built Nature Reserve for COW
Added entity naturereserve at 30, 29
Human Sam built Nature Reserve for COW
Added entity wolf at 15, 0
Added entity naturereserve at 32, 13
Human Charlie built Nature Reserve for COW
Removed entity wolf from grid at 31, 42
Added entity naturereserve at 30, 23
Human Sam built Nature Reserve for COW
Removed entity wolf from grid at 44, 14
Added entity naturereserve at 37, 16
Human Oscar built Nature Reserve for COW
Added entity naturereserve at 29, 30
Human Ruby built Nature Reserve for COW
Added entity wolf at 26, 47
Removed entity wolf from grid at 17, 15
Added entity wolf at 22, 43
Added entity wolf at 11, 29
Added entity wolf at 13, 9
Added entity cow at 48, 43
Cow Endangered Reproduction!
Added entity cow at 23, 46
Added entity human at 37, 19
Added entity human at 40, 19
Added entity human at 22, 20
Removed entity wolf from grid at 23, 26
Removed entity wolf from grid at 25, 42
Removed entity cow from grid at 33, 17
Removed entity wolf from grid at 15, 2
Removed entity wolf from grid at 6, 31
Added entity wolf at 19, 18
Added entity wolf at 23, 11
Added entity human at 45, 5
Added entity wolf at 41, 14
Removed entity tree from grid at 30, 18
Removed entity wolf from grid at 21, 29
Added entity wolf at 31, 10
Added entity tree at 7, 39
Removed entity wolf from grid at 11, 9
Removed entity human from grid at 45, 5
Removed entity wolf from grid at 19, 18
Added entity naturereserve at 14, 5
Human Jack built Nature Reserve for COW
Removed entity wolf from grid at 22, 44
Removed entity wolf from grid at 5, 7
Added entity wolf at 21, 16
Added entity wolf at 42, 22
Added entity wolf at 10, 31
Added entity tree at 10, 1
Added entity cow at 9, 39
Removed entity wolf from grid at 26, 8
Removed entity tree from grid at 26, 41
Removed entity wolf from grid at 20, 43
Removed entity wolf from grid at 25, 31
Removed entity wolf from grid at 9, 32
Removed entity wolf from grid at 17, 1
Removed entity wolf from grid at 22, 17
Added entity wolf at 13, 29
Added entity wolf at 13, 9
Removed entity tree from grid at 36, 18
Added entity cow at 49, 42
Added entity cow at 31, 47
Added entity human at 44, 14
Added entity human at 21, 16
Removed entity wolf from grid at 18, 17
Added entity cow at 22, 14
Removed entity tree from grid at 32, 27
Removed entity cow from grid at 48, 18
Added entity human at 24, 43
Removed entity wolf from grid at 23, 30
Added entity berry at 45, 42
Added entity human at 43, 5
Removed entity human from grid at 29, 18
Removed entity tree from grid at 15, 6
Added entity wolf at 17, 3
Removed entity human from grid at 43, 5
Added entity tree at 23, 42
Added entity human at 22, 17
Added entity cow at 29, 22
Added entity human at 19, 18
Added entity human at 23, 43
Removed entity cow from grid at 46, 16
Removed entity wolf from grid at 43, 16
Added entity human at 25, 37
Removed entity cow from grid at 29, 22
Removed entity cow from grid at 31, 19
Removed entity wolf from grid at 25, 48
Removed entity wolf from grid at 18, 22
Removed entity wolf from grid at 9, 33
Added entity tree at 28, 45
Added entity wolf at 24, 14
Added entity wolf at 18, 47
Added entity wolf at 25, 24
Removed entity cow from grid at 30, 46
Added entity house at 37, 40
Removed entity wolf from grid at 12, 6
Added entity naturereserve at 24, 37
Human Diana built Nature Reserve for COW
Removed entity wolf from grid at 17, 3
Added entity naturereserve at 18, 22
Human Bob built Nature Reserve for COW
Added entity naturereserve at 10, 8
Human Pip built Nature Reserve for COW
Added entity wolf at 26, 36
Added entity naturereserve at 27, 33
Human Bob built Nature Reserve for COW
Added entity wolf at 28, 48
Added entity wolf at 23, 14
Added entity wolf at 36, 43
Added entity wolf at 40, 10
Added entity wolf at 45, 12
Removed entity human from grid at 37, 41
Removed entity wolf from grid at 12, 34
Removed entity wolf from grid at 45, 18
Added entity cow at 48, 43
Cow Endangered Reproduction!
Removed entity wolf from grid at 17, 48
Removed entity tree from grid at 19, 22
Removed entity tree from grid at 25, 46
Removed entity human from grid at 34, 23
Added entity human at 36, 26
Added entity human at 17, 10
Removed entity human from grid at 43, 14
Removed entity tree from grid at 9, 17
Removed entity wolf from grid at 11, 17
Removed entity tree from grid at 30, 19
Removed entity wolf from grid at 48, 14
Removed entity tree from grid at 22, 30
Removed entity tree from grid at 10, 6
Removed entity human from grid at 37, 39
Removed entity wolf from grid at 19, 32
Added entity wolf at 18, 19
Added entity wolf at 30, 28
Added entity wolf at 48, 11
Added entity wolf at 41, 12
Added entity wolf at 29, 33
Removed entity wolf from grid at 12, 34
Added entity tree at 35, 25
Added entity tree at 21, 43
Added entity tree at 21, 19
Added entity tree at 21, 41
Added entity tree at 21, 15
Removed entity tree from grid at 17, 21
Added entity cow at 31, 23
Added entity cow at 30, 41
Added entity cow at 32, 48
Removed entity human from grid at 23, 40
Added entity human at 43, 17
Added entity human at 10, 4
Added entity human at 25, 44
Removed entity wolf from grid at 43, 13
Added entity cow at 11, 39
Added entity house at 37, 29
Added entity wolf at 46, 15
Added entity wolf at 47, 32
Added entity wolf at 17, 47
Added entity wolf at 29, 26
Added entity wolf at 25, 41
Removed entity wolf from grid at 26, 46
Added entity cow at 12, 38
Added entity tree at 24, 43
Added entity human at 44, 16
Added entity human at 37, 27
Added entity cow at 17, 22
Removed entity wolf from grid at 21, 44
Removed entity wolf from grid at 23, 16
Added entity cow at 13, 39
Added entity human at 39, 18
Removed entity cow from grid at 25, 46
Removed entity wolf from grid at 42, 13
Removed entity berry from grid at 45, 42
Removed entity cow from grid at 38, 25
Removed entity wolf from grid at 20, 19
Added entity wolf at 48, 41
Added entity house at 25, 3
Added entity house at 26, 4
Removed entity wolf from grid at 16, 24
Added entity human at 38, 17
Added entity human at 38, 28
Removed entity tree from grid at 24, 43
Added entity cow at 47, 42
Added entity human at 22, 40
Added entity cow at 26, 18
Removed entity wolf from grid at 25, 40
Removed entity wolf from grid at 19, 49
Removed entity wolf from grid at 46, 14
Removed entity cow from grid at 43, 3
Removed entity cow from grid at 44, 23
Added entity human at 40, 34
Added entity wolf at 16, 20
Added entity tree at 40, 33
Removed entity tree from grid at 21, 41
Added entity cow at 46, 43
Added entity human at 39, 16
Added entity cow at 14, 38
Added entity human at 7, 5
Removed entity wolf from grid at 21, 13
Removed entity wolf from grid at 24, 20
Removed entity wolf from grid at 15, 20
Added entity human at 20, 22
Removed entity cow from grid at 45, 9
Removed entity wolf from grid at 41, 12
Added entity house at 38, 22
Added entity human at 28, 7
Added entity human at 41, 37
Added entity house at 22, 7
Added entity wolf at 13, 36
Added entity wolf at 23, 28
Added entity wolf at 8, 8
Removed entity wolf from grid at 8, 8
Removed entity wolf from grid at 10, 36
Removed entity cow from grid at 39, 38
Added entity tree at 40, 36
Removed entity wolf from grid at 7, 6
Added entity cow at 13, 37
Added entity human at 38, 15
Removed entity cow from grid at 41, 34
Removed entity tree from grid at 38, 30
Removed entity berry from grid at 18, 20
Added entity cow at 11, 37
Added entity cow at 30, 46
Added entity cow at 32, 45
Removed entity wolf from grid at 28, 34
Added entity human at 22, 45
Removed entity tree from grid at 22, 18
Removed entity wolf from grid at 16, 22
Added entity human at 40, 15
Removed entity wolf from grid at 48, 10
Added entity house at 7, 18
Removed entity human from grid at 36, 29
Removed entity cow from grid at 24, 1
Removed entity wolf from grid at 27, 28
Added entity house at 34, 9
Added entity wolf at 20, 17
Added entity wolf at 30, 49
Added entity house at 35, 26
Added entity human at 38, 31
Added entity house at 27, 11
Added entity wolf at 39, 11
Added entity wolf at 18, 8
Added entity wolf at 25, 42
Removed entity human from grid at 38, 31
Added entity tree at 21, 44
Added entity cow at 33, 46
Added entity cow at 10, 38
Removed entity human from grid at 41, 37
Added entity tree at 26, 7
Added entity human at 19, 21
Added entity human at 8, 6
Removed entity human from grid at 38, 29
Removed entity wolf from grid at 26, 41
Removed entity cow from grid at 43, 24
Added entity cow at 28, 29
Added entity cow at 30, 39
Removed entity cow from grid at 18, 20
Removed entity wolf from grid at 30, 49
Removed entity wolf from grid at 14, 28
Removed entity tree from grid at 44, 11
Removed entity human from grid at 7, 19
Added entity house at 31, 11
Added entity wolf at 40, 13
Removed entity cow from grid at 25, 2
Removed entity human from grid at 34, 27
Removed entity tree from grid at 19, 27
Removed entity tree from grid at 23, 0
Added entity human at 38, 29
Removed entity human from grid at 35, 27
Removed entity human from grid at 26, 11
Added entity wolf at 1, 30
Added entity wolf at 17, 49
Added entity wolf at 17, 19
Added entity wolf at 36, 42
Added entity wolf at 14, 23
Added entity wolf at 24, 12
Removed entity wolf from grid at 26, 35
Removed entity wolf from grid at 36, 42
Removed entity human from grid at 7, 17
Added entity berry at 15, 24
Added entity tree at 8, 5
Added entity cow at 34, 45
Added entity tree at 22, 44
Added entity tree at 19, 21
Added entity cow at 47, 44
Removed entity cow from grid at 40, 32
Removed entity tree from grid at 21, 20
Removed entity wolf from grid at 4, 11
Removed entity human from grid at 27, 12
Removed entity wolf from grid at 17, 23
Removed entity wolf from grid at 46, 3
Added entity house at 34, 24
Removed entity human from grid at 22, 8
Removed entity cow from grid at 30, 44
Removed entity human from grid at 34, 10
Removed entity wolf from grid at 20, 27
Removed entity cow from grid at 34, 45
Removed entity human from grid at 31, 12
Removed entity human from grid at 21, 7
Added entity wolf at 40, 15
Added entity wolf at 48, 10
Added entity wolf at 31, 44
Added entity wolf at 29, 33
Added entity wolf at 12, 22
Added entity wolf at 2, 17
Added entity tree at 36, 28
Removed entity tree from grid at 8, 5
Removed entity wolf from grid at 18, 19
Removed entity cow from grid at 27, 9
Added entity cow at 17, 21
Added entity cow at 34, 18
Removed entity human from grid at 39, 22
Removed entity human from grid at 42, 30
Removed entity cow from grid at 43, 7
Removed entity tree from grid at 32, 28
Added entity human at 15, 26
Removed entity tree from grid at 35, 25
Removed entity wolf from grid at 31, 44
Removed entity tree from grid at 31, 6
Removed entity wolf from grid at 30, 33
Removed entity human from grid at 39, 21
Added entity wolf at 41, 48
Removed entity tree from grid at 21, 0
Added entity house at 24, 9
Added entity wolf at 13, 8
Removed entity cow from grid at 31, 40
Removed entity wolf from grid at 14, 36
Removed entity wolf from grid at 14, 27
Added entity tree at 36, 30
Added entity cow at 9, 38
Added entity tree at 39, 17
Added entity tree at 38, 16
Added entity tree at 21, 20
Added entity tree at 36, 21
Removed entity tree from grid at 40, 33
Added entity cow at 31, 20
Removed entity cow from grid at 41, 8
Removed entity cow from grid at 31, 20
Removed entity cow from grid at 28, 29
Added entity house at 32, 28
Removed entity human from grid at 35, 9
Removed entity cow from grid at 31, 45
Removed entity cow from grid at 33, 46
Removed entity human from grid at 24, 8
Removed entity cow from grid at 32, 43
Added entity wolf at 31, 27
Added entity wolf at 0, 11
Added entity cow at 8, 39
Added entity tree at 14, 26
Added entity cow at 48, 45
Removed entity tree from grid at 37, 17
Removed entity human from grid at 25, 9
Added entity human at 38, 17
Removed entity tree from grid at 23, 10
Added entity cow at 25, 38
Added entity human at 44, 13
Added entity cow at 28, 16
Added entity cow at 13, 1
Removed entity wolf from grid at 39, 13
Removed entity wolf from grid at 42, 15
Removed entity tree from grid at 40, 6
Removed entity wolf from grid at 48, 2
Removed entity human from grid at 32, 27
Removed entity human from grid at 33, 25
Removed entity human from grid at 31, 28
Added entity human at 38, 27
Removed entity human from grid at 35, 24
Added entity wolf at 49, 30
Added entity wolf at 25, 15
Added entity wolf at 13, 34
Added entity wolf at 14, 15
Added entity wolf at 1, 17
Removed entity cow from grid at 34, 45
Removed entity human from grid at 38, 27
Added entity tree at 37, 17
Added entity cow at 47, 46
Added entity cow at 7, 38
Added entity tree at 14, 27
Added entity tree at 7, 5
Added entity cow at 13, 37
Added entity human at 22, 12
Removed entity wolf from grid at 31, 47
Removed entity wolf from grid at 22, 47
Removed entity tree from grid at 43, 11
Removed entity cow from grid at 40, 37
Removed entity cow from grid at 16, 21
Removed entity wolf from grid at 24, 31
Removed entity wolf from grid at 17, 25
Added entity wolf at 24, 16
Added entity wolf at 46, 8
Added entity wolf at 45, 12
Removed entity cow from grid at 24, 39
Removed entity cow from grid at 10, 35
Added entity cow at 6, 39
Added entity tree at 37, 18
Removed entity tree from grid at 16, 26
Removed entity wolf from grid at 9, 6
Removed entity wolf from grid at 20, 20
Added entity human at 37, 19
Added entity human at 26, 41
Added entity human at 30, 35
Removed entity wolf from grid at 24, 16
Removed entity wolf from grid at 27, 13
Removed entity cow from grid at 28, 17
Added entity house at 36, 22
Added entity cow at 26, 26
Added entity cow at 22, 47
Removed entity cow from grid at 22, 47
Removed entity wolf from grid at 47, 11
Removed entity cow from grid at 37, 7
Removed entity wolf from grid at 49, 1
Removed entity tree from grid at 48, 8
Removed entity tree from grid at 40, 36
Added entity house at 32, 2
Added entity wolf at 18, 18
Added entity wolf at 42, 21
Removed entity cow from grid at 13, 0
Added entity wolf at 16, 20
Added entity wolf at 29, 26
Added entity wolf at 47, 9
Added entity wolf at 12, 15
Added entity human at 24, 40
Added entity human at 31, 41
Removed entity wolf from grid at 12, 34
Added entity tree at 31, 40
Added entity tree at 23, 39
Added entity tree at 29, 34
Added entity human at 25, 42
Added entity cow at 12, 38
Added entity human at 9, 5
Added entity human at 40, 13
Removed entity human from grid at 41, 36
Added entity human at 24, 44
Removed entity cow from grid at 30, 22
Removed entity wolf from grid at 23, 18
Removed entity wolf from grid at 18, 19
Removed entity human from grid at 36, 23
Removed entity wolf from grid at 13, 12
Removed entity human from grid at 35, 21
Removed entity wolf from grid at 42, 12
Removed entity tree from grid at 38, 7
Removed entity cow from grid at 32, 20
Added entity human at 43, 37
Removed entity tree from grid at 38, 49
Added entity wolf at 30, 11
Added entity wolf at 47, 9
Removed entity cow from grid at 27, 5
Removed entity wolf from grid at 1, 9
Removed entity human from grid at 43, 37
Added entity tree at 39, 12
Added entity tree at 8, 4
Added entity human at 25, 41
Removed entity tree from grid at 29, 34
Added entity berry at 44, 11
Removed entity cow from grid at 47, 24
Removed entity tree from grid at 29, 15
Removed entity wolf from grid at 48, 10
Removed entity human from grid at 40, 29
Removed entity human from grid at 31, 4
Removed entity cow from grid at 28, 20
Removed entity wolf from grid at 31, 9
Added entity wolf at 39, 16
Added entity wolf at 4, 15
Added entity tree at 9, 4
Added entity tree at 23, 40
Added entity human at 29, 34
Added entity human at 39, 19
Added entity human at 40, 19
Added entity human at 13, 26
Removed entity cow from grid at 45, 4
Removed entity wolf from grid at 42, 12
Removed entity cow from grid at 47, 7
Added entity house at 35, 5
Removed entity tree from grid at 33, 30
Removed entity wolf from grid at 13, 31
Added entity wolf at 40, 13
Removed entity wolf from grid at 26, 21
Removed entity cow from grid at 33, 6
Added entity house at 34, 4
Removed entity cow from grid at 16, 36
Removed entity tree from grid at 26, 7
Removed entity wolf from grid at 0, 9
Removed entity wolf from grid at 14, 34
Removed entity wolf from grid at 40, 13
Added entity cow at 5, 42
Cow Endangered Reproduction!
Added entity cow at 48, 45
Cow Endangered Reproduction!
Removed entity wolf from grid at 41, 15
Removed entity wolf from grid at 48, 27
Removed entity wolf from grid at 18, 39
Removed entity wolf from grid at 15, 18
Removed entity wolf from grid at 37, 48
Removed entity wolf from grid at 48, 8
Added entity naturereserve at 25, 23
Human Pip built Nature Reserve for WOLF
Added entity wolf at 15, 3
Added entity wolf at 12, 16
Added entity cow at 43, 42
Cow Endangered Reproduction!
Added entity cow at 4, 41
Cow Endangered Reproduction!
Removed entity wolf from grid at 11, 25
Removed entity wolf from grid at 25, 21
Added entity cow at 31, 29
Added entity berry at 39, 10
Removed entity wolf from grid at 12, 31
Added entity wolf at 49, 5
Added entity wolf at 19, 18
Removed entity wolf from grid at 11, 26
Added entity wolf at 22, 27
Added entity wolf at 15, 5
Added entity cow at 3, 40
Added entity cow at 13, 37
Added entity cow at 24, 38
Added entity naturereserve at 26, 27
Human Diana built Nature Reserve for WOLF
Removed entity wolf from grid at 43, 14
Added entity human at 41, 27
Added entity human at 41, 29
Added entity wolf at 37, 38
Added entity wolf at 21, 9
Added entity wolf at 44, 7
Added entity wolf at 2, 30
Added entity wolf at 45, 6
Added entity cow at 2, 39
Removed entity wolf from grid at 19, 18
Added entity cow at 12, 2
Added entity cow at 31, 19
Added entity cow at 21, 47
Added entity cow at 30, 46
Removed entity wolf from grid at 16, 44
Removed entity wolf from grid at 46, 8
Removed entity wolf from grid at 47, 11
Added entity naturereserve at 36, 19
Human Frank built Nature Reserve for WOLF
Added entity wolf at 40, 22
Added entity human at 40, 33
Removed entity wolf from grid at 11, 27
Removed entity wolf from grid at 14, 2
Added entity wolf at 48, 12
Added entity wolf at 44, 10
Added entity wolf at 14, 22
Added entity tree at 32, 46
Added entity tree at 10, 31
Removed entity wolf from grid at 24, 28
Removed entity human from grid at 40, 33
Added entity cow at 3, 38
Removed entity human from grid at 42, 27
Added entity cow at 14, 36
Added entity naturereserve at 13, 0
Human Sam built Nature Reserve for WOLF
Added entity cow at 27, 27
Removed entity wolf from grid at 13, 11
Added entity cow at 33, 14
Added entity naturereserve at 23, 25
Human Diana built Nature Reserve for WOLF
Removed entity wolf from grid at 47, 11
Removed entity wolf from grid at 44, 10
Removed entity cow from grid at 46, 33
Removed entity wolf from grid at 11, 29
Added entity naturereserve at 34, 11
Human Xander built Nature Reserve for WOLF
Removed entity wolf from grid at 34, 38
Added entity wolf at 36, 8
Added entity wolf at 45, 6
Added entity wolf at 32, 31
Added entity wolf at 29, 33
Added entity cow at 26, 26
Added entity cow at 15, 35
Added entity cow at 43, 42
Removed entity wolf from grid at 26, 36
Removed entity wolf from grid at 42, 18
Added entity cow at 21, 47
Added entity naturereserve at 44, 12
Human Ruby built Nature Reserve for WOLF
Removed entity wolf from grid at 14, 11
Removed entity wolf from grid at 16, 12
Removed entity cow from grid at 27, 27
Added entity naturereserve at 19, 28
Human Pip built Nature Reserve for WOLF
Added entity wolf at 21, 16
Added entity wolf at 28, 35
Removed entity wolf from grid at 10, 29
Removed entity wolf from grid at 35, 9
Removed entity wolf from grid at 15, 4
Added entity wolf at 12, 12
Added entity cow at 20, 48
Added entity cow at 16, 34
Added entity cow at 49, 46
Removed entity wolf from grid at 15, 12
Added entity cow at 45, 18
Added entity cow at 29, 29
Added entity cow at 19, 4
Removed entity cow from grid at 27, 2
Added entity human at 39, 39
Added entity human at 38, 42
Added entity wolf at 26, 23
Added entity wolf at 6, 15
Added entity cow at 17, 33
Added entity cow at 42, 41
Added entity cow at 0, 41
Added entity cow at 19, 45
Added entity naturereserve at 20, 47
Human Tina built Nature Reserve for WOLF
Removed entity wolf from grid at 40, 11
Removed entity wolf from grid at 15, 11
Removed entity wolf from grid at 13, 12
Added entity cow at 12, 4
Removed entity wolf from grid at 15, 21
Removed entity wolf from grid at 48, 10
Added entity human at 37, 37
Removed entity cow from grid at 24, 38
Added entity naturereserve at 46, 17
Human Victor built Nature Reserve for WOLF
Removed entity wolf from grid at 48, 33
Removed entity wolf from grid at 28, 35
Added entity wolf at 31, 48
Added entity wolf at 11, 31
Added entity wolf at 36, 45
Removed entity human from grid at 37, 37
Added entity cow at 18, 46
Added entity cow at 18, 32
Removed entity human from grid at 39, 42
Added entity cow at 28, 26
Removed entity berry from grid at 30, 26
Added entity naturereserve at 21, 31
Human Uma built Nature Reserve for WOLF
Removed entity wolf from grid at 25, 21
Removed entity wolf from grid at 48, 14
Added entity human at 28, 6
Added entity naturereserve at 24, 34
Human Sam built Nature Reserve for WOLF
Added entity wolf at 49, 5
Removed entity wolf from grid at 30, 47
Removed entity wolf from grid at 31, 34
Added entity wolf at 19, 27
Added entity wolf at 31, 30
Added entity wolf at 14, 8
Added entity cow at 27, 27
Added entity cow at 19, 33
Added entity cow at 17, 45
Added entity cow at 26, 25
Added entity naturereserve at 48, 18
Human Milo built Nature Reserve for WOLF
Removed entity wolf from grid at 29, 32
Removed entity wolf from grid at 8, 33
Removed entity wolf from grid at 22, 19
Added entity naturereserve at 45, 14
Human Uma built Nature Reserve for WOLF
Added entity wolf at 0, 32
Added entity wolf at 27, 22
Added entity wolf at 36, 40
Removed entity wolf from grid at 35, 48
Added entity cow at 18, 34
Added entity cow at 26, 28
Added entity wolf at 20, 32
Added entity cow at 47, 20
Added entity cow at 19, 49
Added entity naturereserve at 35, 18
Human Milo built Nature Reserve for WOLF
Removed entity wolf from grid at 33, 39
Removed entity wolf from grid at 20, 32
Removed entity cow from grid at 47, 20
Removed entity wolf from grid at 26, 20
Removed entity wolf from grid at 4, 26
Added entity naturereserve at 24, 31
Human Luna built Nature Reserve for WOLF
Removed entity cow from grid at 10, 35
Added entity naturereserve at 28, 36
Human Eve built Nature Reserve for WOLF
Added entity wolf at 20, 19
Added entity cow at 19, 35
Added entity cow at 25, 26
Added entity cow at 41, 40
Added entity cow at 28, 28
Removed entity cow from grid at 28, 23
Removed entity cow from grid at 47, 6
Added entity naturereserve at 10, 49
Human Diana built Nature Reserve for WOLF
Added entity cow at 20, 15
Added entity naturereserve at 42, 15
Human Hank built Nature Reserve for WOLF
Added entity naturereserve at 10, 27
Human Pip built Nature Reserve for WOLF
Added entity wolf at 18, 19
Added entity wolf at 46, 16
Added entity naturereserve at 24, 36
Human Bob built Nature Reserve for WOLF
Added entity wolf at 21, 28
Added entity wolf at 39, 39
Added entity wolf at 48, 13
Removed entity cow from grid at 21, 46
Removed entity wolf from grid at 6, 33
Added entity cow at 29, 27
Added entity cow at 42, 39
Added entity cow at 18, 36
Added entity wolf at 35, 12
Added entity cow at 35, 46
Removed entity wolf from grid at 14, 3
Removed entity wolf from grid at 46, 14
Removed entity cow from grid at 32, 31
Removed entity cow from grid at 42, 8
Added entity naturereserve at 12, 28
Human Charlie built Nature Reserve for WOLF
Removed entity wolf from grid at 20, 17
Removed entity wolf from grid at 3, 28
Removed entity wolf from grid at 10, 26
Added entity wolf at 36, 12
Removed entity cow from grid at 13, 35
Added entity wolf at 39, 40
Added entity wolf at 8, 21
Added entity cow at 19, 37
Added entity cow at 43, 38
Added entity cow at 18, 49
Added entity cow at 25, 27
Added entity naturereserve at 22, 12
Human Grace built Nature Reserve for WOLF
Removed entity wolf from grid at 18, 21
Removed entity human from grid at 30, 11
Removed entity cow from grid at 31, 24
Removed entity wolf from grid at 14, 28
Added entity naturereserve at 19, 11
Human Wendy built Nature Reserve for WOLF
Added entity human at 31, 4
Added entity naturereserve at 15, 11
Human Wendy built Nature Reserve for WOLF
Removed entity wolf from grid at 49, 34
Added entity wolf at 44, 20
Removed entity cow from grid at 19, 41
Added entity naturereserve at 25, 42
Human Hank built Nature Reserve for WOLF
Added entity wolf at 42, 35
Added entity wolf at 23, 5
Added entity wolf at 15, 12
Added entity cow at 24, 28
Added entity cow at 18, 38
Added entity cow at 28, 26
Added entity cow at 18, 45
Added entity cow at 1, 40
Removed entity wolf from grid at 37, 14
Removed entity cow from grid at 20, 46
Removed entity cow from grid at 12, 2
Removed entity cow from grid at 19, 37
Removed entity cow from grid at 44, 8
Removed entity cow from grid at 30, 28
Removed entity cow from grid at 18, 38
Removed entity cow from grid at 21, 16
Removed entity cow from grid at 27, 25
Removed entity cow from grid at 16, 32
Removed entity cow from grid at 33, 14
Removed entity wolf from grid at 23, 26
Removed entity cow from grid at 25, 26
Removed entity wolf from grid at 4, 41
Removed entity cow from grid at 11, 39
Added entity cow at 17, 46
Added entity cow at 35, 48
Added entity cow at 48, 45
Added entity naturereserve at 48, 19
Human Oscar built Nature Reserve for WOLF
Removed entity wolf from grid at 44, 35
Removed entity wolf from grid at 48, 11
Removed entity wolf from grid at 47, 4
Removed entity wolf from grid at 4, 26
Added entity cow at 42, 16
Removed entity wolf from grid at 40, 14
Added entity human at 30, 9
Removed entity cow from grid at 20, 48
Removed entity cow from grid at 23, 49
Added entity human at 40, 34
Added entity wolf at 25, 21
Added entity wolf at 37, 8
Added entity wolf at 21, 5
Added entity wolf at 9, 17
Added entity tree at 2, 20
Removed entity cow from grid at 12, 4
Added entity cow at 47, 44
Added entity cow at 16, 45
Added entity cow at 0, 39
Added entity cow at 23, 29
Removed entity wolf from grid at 6, 44
Added entity naturereserve at 18, 37
Human Quinn built Nature Reserve for WOLF
Added entity naturereserve at 15, 2
Human Milo built Nature Reserve for WOLF
Removed entity wolf from grid at 47, 17
Added entity naturereserve at 49, 11
Human Uma built Nature Reserve for WOLF
Added entity naturereserve at 16, 40
Human Xander built Nature Reserve for WOLF
Removed entity cow from grid at 30, 28
Removed entity cow from grid at 28, 28
Added entity wolf at 29, 7
Added entity wolf at 43, 18
Added entity naturereserve at 23, 47
Human Oscar built Nature Reserve for WOLF
Added entity naturereserve at 11, 33
Human Tina built Nature Reserve for WOLF
Removed entity wolf from grid at 24, 20
Added entity naturereserve at 19, 34
Human Milo built Nature Reserve for WOLF
Added entity wolf at 14, 25
Added entity wolf at 19, 24
Added entity naturereserve at 18, 46
Human Tina built Nature Reserve for WOLF
Removed entity cow from grid at 0, 37
Removed entity wolf from grid at 10, 15
Added entity cow at 24, 30
Added entity cow at 34, 47
Added entity cow at 27, 25
Removed entity wolf from grid at 30, 9
Added entity naturereserve at 45, 17
Human Uma built Nature Reserve for WOLF
Removed entity wolf from grid at 2, 32
Added entity naturereserve at 22, 35
Human Milo built Nature Reserve for WOLF
Removed entity cow from grid at 8, 42
Removed entity wolf from grid at 46, 19
Added entity cow at 31, 20
Removed entity wolf from grid at 2, 28
Added entity naturereserve at 18, 33
Human Victor built Nature Reserve for WOLF
Added entity naturereserve at 23, 32
Human Diana built Nature Reserve for WOLF
Removed entity cow from grid at 10, 37
Added entity wolf at 48, 5
Added entity cow at 26, 24
Added entity cow at 33, 46
Removed entity human from grid at 38, 37
Added entity cow at 20, 48
Removed entity wolf from grid at 40, 13
Added entity naturereserve at 16, 38
Human Bob built Nature Reserve for WOLF
Added entity naturereserve at 7, 42
Human Frank built Nature Reserve for WOLF
Removed entity cow from grid at 14, 30
Added entity naturereserve at 49, 14
Human Pip built Nature Reserve for WOLF
Removed entity cow from grid at 39, 38
Removed entity cow from grid at 27, 31
Added entity cow at 14, 6
Added entity naturereserve at 25, 45
Human Milo built Nature Reserve for WOLF
Added entity cow at 10, 4
Removed entity wolf from grid at 19, 24
Added entity naturereserve at 49, 23
Human Victor built Nature Reserve for WOLF
Removed entity wolf from grid at 7, 27
Added entity wolf at 15, 40
Added entity wolf at 5, 26
Added entity wolf at 8, 17
Added entity cow at 34, 45
Added entity cow at 25, 29
Added entity cow at 15, 46
Added entity naturereserve at 38, 11
Human Milo built Nature Reserve for WOLF
Removed entity cow from grid at 23, 26
Added entity naturereserve at 46, 18
Human Ruby built Nature Reserve for WOLF
Added entity naturereserve at 22, 33
Human Diana built Nature Reserve for WOLF
Removed entity cow from grid at 44, 18
Added entity human at 33, 8
Added entity naturereserve at 43, 14
Human Zane built Nature Reserve for WOLF
Added entity human at 25, 5
Removed entity wolf from grid at 17, 13
Removed entity cow from grid at 40, 45
Added entity wolf at 32, 33
Added entity tree at 6, 45
Removed entity human from grid at 25, 5
Added entity cow at 14, 47
Added entity cow at 35, 46
Added entity cow at 19, 47
Added entity cow at 27, 23
Removed entity wolf from grid at 14, 40
Removed entity cow from grid at 17, 32
Removed entity cow from grid at 20, 35
Removed entity cow from grid at 17, 38
Removed entity cow from grid at 13, 5
Removed entity cow from grid at 44, 22
Removed entity wolf from grid at 12, 26
Removed entity cow from grid at 23, 27
Removed entity cow from grid at 45, 37
Removed entity wolf from grid at 48, 3
Removed entity cow from grid at 47, 20
Removed entity cow from grid at 15, 41
Removed entity cow from grid at 22, 27
Removed entity cow from grid at 9, 40
Removed entity cow from grid at 12, 37
Removed entity cow from grid at 20, 48
Added entity human at 42, 25
Removed entity cow from grid at 14, 38
Removed entity cow from grid at 44, 39
Removed entity cow from grid at 28, 28
Removed entity cow from grid at 32, 12
Added entity human at 39, 39
Removed entity cow from grid at 19, 42
Added entity tree at 10, 3
Removed entity cow from grid at 39, 46
Added entity human at 39, 34
Added entity wolf at 40, 22
Removed entity wolf from grid at 15, 1
Removed entity cow from grid at 19, 47
Removed entity cow from grid at 19, 44
Removed entity cow from grid at 17, 34
Added entity cow at 33, 2
Removed entity cow from grid at 16, 45
Removed entity cow from grid at 19, 33
Removed entity cow from grid at 17, 45
Added entity cow at 34, 3
Removed entity human from grid at 39, 34
Removed entity human from grid at 42, 25
Added entity cow at 28, 24
Added entity cow at 36, 45
Added entity wolf at 22, 31
Added entity cow at 46, 43
Added entity wolf at 13, 27
Added entity cow at 28, 3
Added entity cow at 30, 21
Added entity human at 29, 4
Added entity human at 40, 42
Added entity human at 35, 6
Added entity naturereserve at 22, 47
Human Tina built Nature Reserve for WOLF
Added entity naturereserve at 25, 48
Human Quinn built Nature Reserve for WOLF
Added entity cow at 27, 2
Added entity cow at 37, 44
Added entity cow at 27, 25
Added entity cow at 33, 4
Added entity cow at 24, 28
Added entity cow at 29, 24
Removed entity berry from grid at 12, 43
Added entity naturereserve at 21, 18
Human Charlie built Nature Reserve for WOLF
Added entity naturereserve at 15, 21
Human Wendy built Nature Reserve for WOLF
Added entity naturereserve at 27, 20
Human Ruby built Nature Reserve for WOLF
Added entity naturereserve at 22, 36
Human Jack built Nature Reserve for WOLF
Removed entity wolf from grid at 21, 32
Added entity wolf at 35, 13
Added entity wolf at 28, 14
Added entity wolf at 14, 29
Added entity wolf at 34, 43
Added entity wolf at 6, 20
Added entity tree at 48, 38
Added entity naturereserve at 1, 46
Human Luna built Nature Reserve for WOLF
Added entity cow at 34, 5
Added entity cow at 26, 24
Removed entity human from grid at 33, 8
Removed entity human from grid at 40, 42
Added entity cow at 28, 21
Added entity cow at 13, 46
Added entity cow at 1, 41
Removed entity wolf from grid at 45, 21
Removed entity wolf from grid at 14, 29
Removed entity cow from grid at 47, 20
Added entity cow at 28, 27
Added entity cow at 33, 47
Added entity naturereserve at 49, 10
Human Zane built Nature Reserve for WOLF
Added entity human at 28, 5
Added entity wolf at 42, 46
Added entity naturereserve at 20, 48
Human Hank built Nature Reserve for WOLF
Removed entity wolf from grid at 13, 27
Added entity wolf at 42, 18
Added entity cow at 34, 46
Added entity cow at 27, 26
Added entity cow at 12, 47
Added entity cow at 35, 6
Added entity cow at 30, 25
Added entity cow at 25, 27
Removed entity human from grid at 29, 11
Added entity wolf at 18, 45
Added entity cow at 43, 38
Removed entity wolf from grid at 43, 16
Removed entity cow from grid at 46, 11
Removed entity cow from grid at 12, 4
Removed entity cow from grid at 18, 35
Removed entity cow from grid at 43, 38
Removed entity wolf from grid at 47, 2
Removed entity cow from grid at 30, 21
Removed entity cow from grid at 6, 40
Removed entity cow from grid at 20, 49
Removed entity cow from grid at 46, 24
Removed entity cow from grid at 44, 35
Removed entity wolf from grid at 14, 1
Removed entity wolf from grid at 18, 45
Removed entity cow from grid at 21, 35
Added entity wolf at 44, 9
Added entity wolf at 23, 14
Added entity wolf at 13, 29
Added entity wolf at 26, 41
Removed entity cow from grid at 14, 46
Removed entity cow from grid at 27, 26
Added entity cow at 26, 28
Added entity cow at 36, 5
Added entity cow at 13, 48
Added entity cow at 37, 42
Added entity cow at 45, 42
Added entity wolf at 23, 13
Added entity naturereserve at 27, 43
Human Uma built Nature Reserve for WOLF
Added entity naturereserve at 31, 15
Human Milo built Nature Reserve for WOLF
Removed entity wolf from grid at 44, 10
Added entity human at 36, 27
Added entity cow at 42, 41
Added entity naturereserve at 20, 16
Human Yara built Nature Reserve for WOLF
Added entity naturereserve at 44, 21
Human Oscar built Nature Reserve for WOLF
Removed entity wolf from grid at 29, 35
Added entity naturereserve at 19, 39
Human Bob built Nature Reserve for WOLF
Added entity cow at 36, 43
Added entity cow at 12, 49
Added entity cow at 37, 6
Added entity cow at 27, 27
Added entity cow at 27, 0
Added entity wolf at 8, 42
Added entity wolf at 44, 13
Removed entity cow from grid at 2, 38
Removed entity wolf from grid at 11, 29
Removed entity cow from grid at 48, 1
Removed entity cow from grid at 24, 27
Removed entity cow from grid at 17, 48
Removed entity wolf from grid at 31, 20
Added entity human at 31, 9
Removed entity cow from grid at 13, 36
Added entity wolf at 48, 6
Removed entity cow from grid at 14, 45
Removed entity cow from grid at 1, 38
Removed entity cow from grid at 27, 25
Removed entity wolf from grid at 32, 49
Added entity cow at 28, 26
Added entity cow at 11, 48
Added entity cow at 35, 42
Added entity cow at 0, 42
Added entity cow at 29, 20
Added entity naturereserve at 44, 16
Human Oscar built Nature Reserve for WOLF
Removed entity wolf from grid at 2, 34
Removed entity wolf from grid at 27, 37
Removed entity wolf from grid at 12, 27
Added entity cow at 30, 30
Added entity naturereserve at 6, 43
Human Diana built Nature Reserve for WOLF
Removed entity cow from grid at 24, 28
Added entity naturereserve at 49, 24
Human Oscar built Nature Reserve for WOLF
Added entity naturereserve at 46, 27
Human Victor built Nature Reserve for WOLF
Added entity human at 31, 6
Added entity wolf at 45, 36
Removed entity cow from grid at 24, 29
Added entity naturereserve at 0, 37
Human Yara built Nature Reserve for WOLF
Added entity cow at 30, 21
Added entity cow at 34, 41
Added entity cow at 12, 47
Added entity cow at 28, 1
Added entity cow at 38, 7
Added entity cow at 40, 42
Added entity cow at 31, 24
Added entity cow at 33, 45
Removed entity wolf from grid at 22, 11
Added entity cow at 27, 25
Removed entity human from grid at 31, 8
Removed entity human from grid at 40, 39
Removed entity wolf from grid at 42, 11
Removed entity cow from grid at 48, 26
Removed entity cow from grid at 29, 20
Removed entity cow from grid at 27, 30
Added entity tree at 37, 32
Removed entity cow from grid at 35, 42
Removed entity cow from grid at 14, 47
Removed entity cow from grid at 34, 41
Added entity wolf at 17, 28
Added entity wolf at 44, 7
Removed entity wolf from grid at 3, 11
Removed entity cow from grid at 26, 24
Added entity cow at 37, 8
Added entity cow at 44, 41
Removed entity cow from grid at 32, 45
Removed entity cow from grid at 2, 40
Removed entity wolf from grid at 25, 36
Added entity cow at 12, 4
Added entity cow at 20, 15
Removed entity cow from grid at 26, 28
Removed entity cow from grid at 16, 48
Removed entity wolf from grid at 9, 40
Removed entity cow from grid at 27, 22
Removed entity cow from grid at 27, 29
Removed entity wolf from grid at 24, 45
Removed entity cow from grid at 29, 29
Added entity wolf at 12, 30
Added entity wolf at 7, 26
Added entity wolf at 30, 22
Removed entity wolf from grid at 2, 31
Added entity cow at 45, 40
Added entity cow at 36, 7
Added entity cow at 26, 26
Added entity cow at 34, 44
Added entity cow at 39, 43
Added entity cow at 13, 48
Added entity cow at 1, 43
Removed entity cow from grid at 30, 26
Removed entity cow from grid at 28, 3
Removed entity wolf from grid at 42, 13
Removed entity cow from grid at 2, 39
Removed entity wolf from grid at 30, 18
Removed entity cow from grid at 45, 4
Removed entity wolf from grid at 19, 23
Removed entity cow from grid at 30, 21
Removed entity wolf from grid at 14, 12
Added entity human at 42, 42
Removed entity cow from grid at 33, 45
Removed entity cow from grid at 14, 45
Added entity wolf at 32, 32
Added entity wolf at 21, 5
Removed entity cow from grid at 28, 22
Removed entity human from grid at 42, 42
Added entity cow at 2, 44
Added entity cow at 14, 49
Added entity cow at 35, 6
Added entity cow at 32, 25
Removed entity human from grid at 28, 7
Added entity berry at 48, 5
Added entity wolf at 32, 14
Removed entity human from grid at 27, 4
Added entity naturereserve at 41, 10
Human Uma built Nature Reserve for WOLF
Added entity naturereserve at 7, 38
Human Eve built Nature Reserve for WOLF
Added entity human at 27, 5
Added entity naturereserve at 20, 17
Human Diana built Nature Reserve for WOLF
Added entity human at 40, 27
Added entity human at 41, 36
Added entity wolf at 20, 18
Added entity wolf at 31, 34
Added entity wolf at 40, 13
Added entity wolf at 1, 32
Removed entity cow from grid at 19, 16
Removed entity human from grid at 27, 5
Added entity cow at 33, 24
Added entity cow at 15, 48
Added entity cow at 1, 45
Added entity cow at 38, 44
Added entity cow at 36, 46
Added entity cow at 46, 41
Added entity cow at 27, 2
Added entity wolf at 49, 22
Added entity wolf at 20, 10
Removed entity wolf from grid at 41, 12
Removed entity cow from grid at 32, 48
Removed entity cow from grid at 1, 37
Removed entity wolf from grid at 15, 28
Added entity cow at 31, 30
Removed entity cow from grid at 17, 48
Removed entity cow from grid at 25, 29
Removed entity cow from grid at 27, 22
Removed entity cow from grid at 25, 24
Removed entity cow from grid at 30, 28
Removed entity cow from grid at 15, 48
Added entity wolf at 33, 9
Added entity human at 42, 31
Removed entity cow from grid at 30, 25
Removed entity wolf from grid at 13, 29
Added entity wolf at 25, 36
Added entity wolf at 16, 39
Added entity wolf at 21, 6
Removed entity human from grid at 42, 31
Added entity cow at 28, 3
Added entity cow at 27, 27
Added entity cow at 17, 12
Added entity cow at 45, 12
Removed entity cow from grid at 37, 8
Added entity human at 40, 25
Removed entity cow from grid at 17, 12
Removed entity wolf from grid at 16, 3
Removed entity cow from grid at 27, 28
Removed entity cow from grid at 11, 46
Removed entity cow from grid at 33, 43
Removed entity cow from grid at 13, 5
Removed entity cow from grid at 30, 25
Added entity wolf at 13, 34
Removed entity human from grid at 40, 25
Removed entity berry from grid at 44, 11
Added entity cow at 27, 4
Added entity cow at 2, 44
Added entity cow at 25, 27
Added entity wolf at 15, 22
Added entity wolf at 43, 16
Removed entity wolf from grid at 0, 31
Added entity naturereserve at 7, 44
Human Bob built Nature Reserve for WOLF
Removed entity wolf from grid at 47, 9
Removed entity wolf from grid at 27, 36
Removed entity cow from grid at 30, 22
Removed entity wolf from grid at 30, 36
Removed entity wolf from grid at 35, 12
Added entity cow at 29, 29
Added entity cow at 23, 48
Added entity naturereserve at 16, 14
Human Milo built Nature Reserve for WOLF
Removed entity wolf from grid at 48, 8
Added entity human at 41, 25
Added entity naturereserve at 15, 48
Human Bob built Nature Reserve for WOLF
Added entity wolf at 40, 13
Removed entity wolf from grid at 32, 36
Added entity wolf at 36, 42
Removed entity human from grid at 41, 25
Added entity cow at 26, 5
Added entity cow at 45, 40
Added entity cow at 37, 43
Removed entity cow from grid at 37, 37
Added entity cow at 36, 7
Added entity wolf at 45, 21
Added entity wolf at 23, 36
Added entity wolf at 17, 40
Removed entity cow from grid at 33, 47
Removed entity cow from grid at 0, 44
Removed entity wolf from grid at 17, 40
Removed entity cow from grid at 47, 5
Removed entity cow from grid at 15, 49
Removed entity wolf from grid at 15, 40
Removed entity cow from grid at 25, 27
Removed entity cow from grid at 27, 24
Removed entity wolf from grid at 17, 12
Removed entity cow from grid at 31, 30
Removed entity cow from grid at 25, 26
Added entity berry at 25, 37
Added entity wolf at 22, 9
Removed entity cow from grid at 29, 25
Added entity wolf at 17, 28
Added entity wolf at 43, 38
Removed entity wolf from grid at 33, 45
Added entity cow at 35, 8
Added entity cow at 38, 42
Added entity cow at 46, 39
Added entity cow at 3, 43
Added entity cow at 28, 28
Added entity cow at 33, 24
Removed entity wolf from grid at 23, 19
Added entity wolf at 23, 31
Removed entity wolf from grid at 47, 19
Added entity cow at 46, 14
Added entity naturereserve at 11, 46
Human Zane built Nature Reserve for WOLF
Added entity wolf at 27, 39
Added entity wolf at 26, 13
Added entity wolf at 13, 8
Added entity cow at 32, 25
Added entity cow at 29, 27
Added entity cow at 4, 42
Added entity cow at 37, 41
Removed entity cow from grid at 45, 13
Removed entity wolf from grid at 42, 13
Removed entity wolf from grid at 2, 30
Removed entity cow from grid at 4, 42
Removed entity cow from grid at 0, 45
Removed entity wolf from grid at 45, 15
Added entity cow at 24, 26
Removed entity cow from grid at 26, 25
Removed entity cow from grid at 48, 27
Added entity human at 29, 7
Removed entity cow from grid at 24, 26
Removed entity cow from grid at 22, 49
Removed entity wolf from grid at 9, 26
Removed entity cow from grid at 33, 43
Removed entity cow from grid at 12, 47
Removed entity wolf from grid at 13, 8
Added entity wolf at 13, 30
Added entity wolf at 34, 37
Removed entity wolf from grid at 18, 26
Removed entity cow from grid at 4, 41
Removed entity human from grid at 29, 7
Added entity cow at 36, 42
Added entity cow at 30, 26
Added entity cow at 33, 26
Added entity cow at 28, 6
Added entity cow at 44, 8
Added entity wolf at 5, 42
Added entity wolf at 43, 22
Added entity naturereserve at 17, 26
Human Yara built Nature Reserve for WOLF
Removed entity wolf from grid at 5, 42
Removed entity wolf from grid at 26, 39
Removed entity wolf from grid at 25, 35
Removed entity wolf from grid at 14, 30
Removed entity wolf from grid at 1, 28
Removed entity wolf from grid at 34, 16
Added entity human at 31, 10
Added entity naturereserve at 9, 26
Human Charlie built Nature Reserve for WOLF
Added entity wolf at 20, 20
Added entity wolf at 47, 14
Removed entity wolf from grid at 23, 10
Removed entity wolf from grid at 16, 1
Added entity naturereserve at 20, 22
Human Charlie built Nature Reserve for WOLF
Removed entity wolf from grid at 22, 14
Added entity cow at 43, 7
Added entity cow at 29, 7
Added entity wolf at 10, 45
Added entity cow at 30, 30
Removed entity cow from grid at 35, 41
Added entity wolf at 44, 13
Added entity wolf at 47, 18
Added entity wolf at 17, 47
Added entity wolf at 17, 36
Added entity wolf at 25, 31
Removed entity cow from grid at 43, 10
Removed entity wolf from grid at 21, 36
Removed entity cow from grid at 4, 38
Removed entity cow from grid at 23, 2
Removed entity wolf from grid at 12, 36
Removed entity cow from grid at 4, 44
Added entity cow at 33, 13
Added entity cow at 10, 0
Removed entity cow from grid at 11, 47
Removed entity cow from grid at 26, 28
Added entity human at 43, 3
Removed entity berry from grid at 39, 10
Added entity wolf at 32, 37
Added entity wolf at 17, 6
Added entity wolf at 7, 20
Added entity wolf at 14, 19
Added entity wolf at 6, 20
Removed entity cow from grid at 31, 47
Added entity cow at 31, 31
Added entity cow at 44, 6
Added entity cow at 29, 25
Added entity wolf at 21, 36
Removed entity cow from grid at 28, 24
Removed entity wolf from grid at 21, 36
Removed entity wolf from grid at 49, 20
Added entity naturereserve at 28, 39
Human Victor built Nature Reserve for WOLF
Added entity cow at 28, 33
Removed entity wolf from grid at 24, 32
Added entity naturereserve at 10, 37
Human Diana built Nature Reserve for WOLF
Added entity human at 44, 29
Added entity wolf at 37, 14
Added entity wolf at 23, 9
Removed entity wolf from grid at 23, 9
Removed entity wolf from grid at 12, 47
Added entity wolf at 29, 46
Removed entity wolf from grid at 20, 20
Added entity naturereserve at 26, 19
Human Alice built Nature Reserve for WOLF
Removed entity human from grid at 44, 29
Added entity cow at 28, 26
Added entity cow at 32, 32
Removed entity cow from grid at 34, 8
Added entity cow at 34, 26
Removed entity cow from grid at 36, 20
Added entity wolf at 22, 18
Added entity wolf at 11, 27
Removed entity cow from grid at 14, 48
Removed entity cow from grid at 31, 35
Removed entity cow from grid at 1, 45
Removed entity cow from grid at 36, 43
Removed entity cow from grid at 44, 6
Added entity cow at 13, 6
Removed entity cow from grid at 10, 2
Removed entity wolf from grid at 14, 46
Removed entity wolf from grid at 22, 18
Removed entity cow from grid at 13, 6
Removed entity wolf from grid at 14, 1
Removed entity wolf from grid at 11, 27
Added entity cow at 35, 25
Added entity cow at 33, 31
Added entity cow at 27, 25
Removed entity berry from grid at 29, 31
Removed entity human from grid at 33, 8
Added entity cow at 35, 41
Added entity cow at 47, 38
Added entity cow at 38, 44
Added entity human at 6, 19
Added entity naturereserve at 0, 46
Human Xander built Nature Reserve for WOLF
Removed entity wolf from grid at 46, 19
Added entity human at 38, 28
Removed entity cow from grid at 28, 6
Added entity naturereserve at 22, 19
Human Nina built Nature Reserve for WOLF
Removed entity wolf from grid at 29, 46
Removed entity human from grid at 42, 32
Added entity wolf at 26, 48
Added entity wolf at 11, 18
Added entity tree at 17, 41
Removed entity human from grid at 6, 19
Added entity cow at 46, 37
Added entity cow at 34, 40
Added entity cow at 26, 26
Added entity cow at 34, 32
Added entity cow at 31, 30
Added entity wolf at 8, 43
Added entity wolf at 17, 47
Added entity wolf at 48, 10
Added entity wolf at 14, 12
Removed entity wolf from grid at 40, 13
Removed entity cow from grid at 8, 46
Added entity human at 26, 10
Added entity human at 33, 8
Removed entity cow from grid at 1, 45
Removed entity wolf from grid at 12, 18
Removed entity cow from grid at 30, 32
Removed entity cow from grid at 37, 45
Removed entity human from grid at 43, 4
Added entity cow at 32, 18
Removed entity cow from grid at 7, 46
Added entity cow at 42, 14
Removed entity wolf from grid at 8, 43
Removed entity cow from grid at 43, 8
Removed entity wolf from grid at 28, 41
Added entity wolf at 29, 14
Added entity wolf at 23, 27
Removed entity human from grid at 26, 10
Added entity cow at 32, 29
Added entity cow at 33, 33
Added entity cow at 25, 27
Added entity cow at 45, 38
Added entity cow at 36, 11
Added entity cow at 34, 10
Removed entity cow from grid at 34, 40
Added entity wolf at 19, 10
Added entity wolf at 25, 35
Added entity wolf at 21, 48
Removed entity wolf from grid at 20, 36
Added entity human at 36, 27
Removed entity cow from grid at 33, 34
Removed entity wolf from grid at 47, 18
Removed entity wolf from grid at 25, 35
Removed entity cow from grid at 0, 40
Removed entity cow from grid at 35, 23
Removed entity cow from grid at 38, 44
Removed entity wolf from grid at 23, 27
Removed entity cow from grid at 29, 7
Removed entity wolf from grid at 28, 34
Removed entity cow from grid at 25, 27
Added entity naturereserve at 3, 26
Human Jack built Nature Reserve for WOLF
Removed entity cow from grid at 28, 28
Removed entity wolf from grid at 48, 32
Removed entity wolf from grid at 14, 24
Removed entity cow from grid at 32, 18
Removed entity cow from grid at 29, 31
Removed entity wolf from grid at 6, 27
Added entity naturereserve at 11, 41
Human Eve built Nature Reserve for WOLF
Removed entity cow from grid at 28, 23
Removed entity wolf from grid at 8, 29
Removed entity wolf from grid at 24, 48
Added entity human at 38, 31
Added entity wolf at 23, 27
Added entity wolf at 15, 40
Added entity wolf at 4, 15
Added entity wolf at 8, 20
Added entity cow at 33, 11
Added entity cow at 37, 10
Added entity wolf at 21, 47
Added entity wolf at 36, 17
Added entity human at 37, 21
Removed entity wolf from grid at 23, 28
Removed entity wolf from grid at 47, 11
Removed entity wolf from grid at 17, 48
Added entity human at 41, 37
Removed entity wolf from grid at 13, 12
Added entity wolf at 20, 41
Added entity wolf at 26, 23
Added entity wolf at 25, 39
Added entity wolf at 31, 29
Added entity wolf at 5, 25
Removed entity human from grid at 37, 21
Added entity cow at 34, 12
Removed entity human from grid at 36, 29
Added entity cow at 34, 32
Added entity wolf at 21, 48
Added entity wolf at 20, 27
Added entity human at 33, 29
Added entity human at 23, 8
Added entity human at 33, 8
Added entity naturereserve at 27, 40
Human Luna built Nature Reserve for WOLF
Added entity cow at 45, 20
Added entity naturereserve at 45, 18
Human Oscar built Nature Reserve for WOLF
Removed entity wolf from grid at 23, 49
Added entity human at 44, 42
Removed entity wolf from grid at 22, 45
Added entity wolf at 36, 12
Added entity wolf at 46, 14
Added entity wolf at 2, 31
Added entity wolf at 31, 37
Removed entity wolf from grid at 12, 21
Removed entity human from grid at 44, 42
Removed entity human from grid at 33, 29
Added entity cow at 33, 31
Added entity cow at 33, 13
Removed entity cow from grid at 40, 39
Removed entity cow from grid at 34, 31
Removed entity cow from grid at 31, 30
Added entity wolf at 47, 18
Removed entity wolf from grid at 4, 29
Added entity human at 6, 19
Removed entity wolf from grid at 46, 12
Removed entity wolf from grid at 28, 34
Removed entity cow from grid at 36, 47
Removed entity wolf from grid at 26, 39
Removed entity wolf from grid at 21, 28
Removed entity cow from grid at 28, 27
Added entity human at 28, 11
Removed entity cow from grid at 30, 32
Removed entity wolf from grid at 17, 12
Removed entity wolf from grid at 24, 23
Added entity wolf at 42, 47
Removed entity wolf from grid at 29, 36
Added entity wolf at 9, 6
Added entity wolf at 13, 29
Added entity naturereserve at 4, 36
Human Tina built Nature Reserve for WOLF
Removed entity wolf from grid at 26, 18
Removed entity human from grid at 6, 19
Added entity cow at 32, 14
Added entity cow at 34, 30
Added entity wolf at 23, 35
Added entity wolf at 28, 21
Added entity wolf at 14, 21
Added entity wolf at 25, 47
Added entity wolf at 16, 1
Added entity wolf at 14, 11
Removed entity human from grid at 35, 9
Removed entity wolf from grid at 14, 21
Removed entity cow from grid at 32, 14
Added entity cow at 47, 13
Removed entity wolf from grid at 15, 42
Added entity naturereserve at 2, 40
Human Diana built Nature Reserve for WOLF
Removed entity wolf from grid at 9, 3
Added entity wolf at 21, 16
Added entity wolf at 37, 12
Added entity wolf at 32, 11
Removed entity wolf from grid at 25, 47
Added entity wolf at 29, 22
Added entity wolf at 39, 24
Removed entity wolf from grid at 25, 44
Added entity cow at 44, 39
Removed entity human from grid at 34, 6
Added entity wolf at 19, 36
Added entity wolf at 20, 28
Added entity naturereserve at 47, 9
Human Zane built Nature Reserve for WOLF
Removed entity wolf from grid at 20, 28
Removed entity wolf from grid at 14, 29
Removed entity wolf from grid at 39, 22
Added entity cow at 23, 48
Removed entity wolf from grid at 19, 36
Removed entity wolf from grid at 23, 43
Removed entity wolf from grid at 15, 12
Added entity naturereserve at 11, 38
Human Zane built Nature Reserve for WOLF
Removed entity wolf from grid at 21, 37
Added entity naturereserve at 26, 49
Human Hank built Nature Reserve for WOLF
Added entity human at 38, 31
Added entity wolf at 30, 21
Added entity wolf at 12, 19
Added entity wolf at 7, 22
Added entity naturereserve at 30, 44
Human Quinn built Nature Reserve for WOLF
Removed entity wolf from grid at 12, 19
Added entity naturereserve at 16, 35
Human Frank built Nature Reserve for WOLF
Added entity cow at 33, 31
Added entity wolf at 28, 40
Removed entity cow from grid at 33, 8
Removed entity cow from grid at 37, 43
Removed entity cow from grid at 34, 30
Added entity cow at 33, 25
Removed entity cow from grid at 35, 8
Added entity wolf at 10, 47
Removed entity cow from grid at 34, 23
Added entity wolf at 22, 34
Added entity wolf at 12, 27
Added entity wolf at 9, 28
Added entity wolf at 20, 30
Removed entity wolf from grid at 22, 34
Added entity human at 37, 21
Added entity human at 35, 21
Removed entity wolf from grid at 10, 47
Removed entity cow from grid at 46, 14
Removed entity wolf from grid at 38, 17
Added entity human at 38, 30
Added entity cow at 30, 41
Removed entity human from grid at 34, 10
Removed entity cow from grid at 35, 11
Removed entity cow from grid at 29, 24
Added entity human at 32, 4
Added entity berry at 15, 12
Removed entity cow from grid at 29, 31
Removed entity cow from grid at 33, 33
Added entity wolf at 17, 21
Added entity wolf at 0, 11
Removed entity human from grid at 32, 4
Removed entity human from grid at 35, 21
Added entity cow at 43, 38
Added entity wolf at 26, 39
Added entity wolf at 12, 46
Added entity wolf at 19, 18
Removed entity wolf from grid at 16, 1
Added entity wolf at 48, 13
Added entity wolf at 12, 34
Added entity naturereserve at 19, 37
Human Tina built Nature Reserve for WOLF
Removed entity wolf from grid at 19, 30
Added entity naturereserve at 1, 43
Human Eve built Nature Reserve for WOLF
Added entity human at 21, 6
Removed entity wolf from grid at 48, 13
Removed entity wolf from grid at 28, 21
Removed entity wolf from grid at 43, 13
Removed entity wolf from grid at 17, 21
Removed entity wolf from grid at 47, 16
Added entity human at 30, 4
Added entity naturereserve at 24, 32
Human Pip built Nature Reserve for WOLF
Added entity wolf at 36, 40
Added entity cow at 32, 41
Added entity cow at 34, 26
Added entity cow at 32, 32
Added entity wolf at 10, 36
Added entity wolf at 7, 45
Added entity wolf at 21, 48
Removed entity wolf from grid at 1, 25
Removed entity wolf from grid at 11, 29
Removed entity wolf from grid at 27, 38
Removed entity wolf from grid at 10, 36
Removed entity wolf from grid at 13, 27
Removed entity wolf from grid at 6, 8
Added entity naturereserve at 0, 45
Human Diana built Nature Reserve for WOLF
Removed entity wolf from grid at 47, 17
Added entity naturereserve at 11, 32
Human Xander built Nature Reserve for WOLF
Added entity human at 40, 27
Added entity wolf at 49, 5
Added entity wolf at 43, 20
Added entity wolf at 26, 21
Added entity wolf at 13, 15
Added entity cow at 35, 27
Removed entity cow from grid at 35, 24
Removed entity human from grid at 41, 34
Added entity wolf at 3, 36
Added entity wolf at 17, 27
Added entity wolf at 22, 13
Added entity wolf at 43, 16
Added entity wolf at 20, 32
Removed entity wolf from grid at 20, 32
Removed entity wolf from grid at 42, 13
Removed entity human from grid at 22, 8
Removed entity wolf from grid at 25, 39
Removed entity human from grid at 23, 10
Added entity cow at 29, 31
Removed entity wolf from grid at 44, 18
Removed entity wolf from grid at 27, 22
Added entity naturereserve at 17, 48
Human Luna built Nature Reserve for WOLF
Added entity naturereserve at 22, 38
Human Luna built Nature Reserve for WOLF
Added entity naturereserve at 25, 13
Human Luna built Nature Reserve for WOLF
Added entity naturereserve at 2, 29
Human Charlie built Nature Reserve for WOLF
Removed entity wolf from grid at 13, 35
Added entity human at 43, 3
Added entity wolf at 1, 32
Added entity wolf at 40, 39
Added entity wolf at 0, 13
Removed entity berry from grid at 26, 32
Removed entity wolf from grid at 19, 18
Removed entity human from grid at 43, 3
Added entity cow at 30, 32
Added entity cow at 36, 26
Added entity cow at 42, 39
Added entity wolf at 10, 39
Removed entity cow from grid at 30, 12
Removed entity cow from grid at 32, 8
Removed entity wolf from grid at 22, 20
Added entity wolf at 24, 41
Removed entity cow from grid at 42, 14
Removed entity cow from grid at 39, 48
Removed entity wolf from grid at 18, 26
Added entity cow at 36, 16
Added entity cow at 47, 21
Added entity cow at 17, 4
Removed entity cow from grid at 26, 32
Added entity cow at 11, 39
Removed entity wolf from grid at 8, 25
Removed entity cow from grid at 26, 25
Removed entity wolf from grid at 44, 15
Removed entity cow from grid at 27, 32
Removed entity cow from grid at 30, 32
Added entity wolf at 28, 22
Added entity wolf at 26, 41
Removed entity cow from grid at 31, 43
Removed entity wolf from grid at 8, 44
Added entity cow at 43, 40
Added entity cow at 37, 27
Added entity wolf at 24, 12
Added entity cow at 31, 31
Added entity cow at 47, 18
Added entity wolf at 28, 41
Removed entity human from grid at 28, 9
Added entity cow at 36, 11
Removed entity cow from grid at 32, 32
Removed entity wolf from grid at 28, 41
Removed entity cow from grid at 36, 26
Added entity wolf at 20, 19
Removed entity wolf from grid at 24, 41
Removed entity wolf from grid at 42, 14
Removed entity wolf from grid at 21, 47
Removed entity cow from grid at 47, 18
Added entity human at 41, 29
Removed entity cow from grid at 28, 32
Removed entity wolf from grid at 16, 17
Added entity wolf at 29, 48
Added entity wolf at 10, 30
Added entity wolf at 15, 3
Added entity wolf at 10, 6
Added entity wolf at 39, 24
Added entity wolf at 29, 35
Added entity wolf at 4, 17
Removed entity cow from grid at 31, 43
Removed entity human from grid at 41, 29
Added entity cow at 35, 12
Added entity cow at 44, 41
Added entity cow at 36, 14
Removed entity human from grid at 36, 29
Removed entity human from grid at 38, 30
Added entity wolf at 40, 9
Added entity naturereserve at 9, 31
Human Uma built Nature Reserve for WOLF
Removed entity wolf from grid at 13, 45
Added entity human at 26, 12
Added entity naturereserve at 18, 15
Human Zane built Nature Reserve for WOLF
Removed entity wolf from grid at 44, 15
Removed entity wolf from grid at 38, 49
Removed entity wolf from grid at 10, 5
Removed entity wolf from grid at 10, 41
Removed entity wolf from grid at 4, 8
Added entity naturereserve at 15, 32
Human Alice built Nature Reserve for WOLF
Removed entity wolf from grid at 28, 37
Removed entity wolf from grid at 24, 43
Added entity wolf at 40, 17
Added entity wolf at 36, 8
Added entity wolf at 43, 36
Removed entity wolf from grid at 16, 17
Added entity wolf at 14, 32
Removed entity human from grid at 26, 12
Added entity cow at 35, 15
Added entity cow at 43, 42
Added entity cow at 34, 13
Removed entity wolf from grid at 32, 44
Removed entity cow from grid at 32, 34
Removed entity cow from grid at 31, 24
Removed entity human from grid at 37, 27
Added entity wolf at 21, 48
Added entity wolf at 7, 41
Added entity wolf at 22, 31
Removed entity cow from grid at 19, 3
Removed entity wolf from grid at 19, 23
Removed entity wolf from grid at 7, 41
Removed entity cow from grid at 47, 18
Removed entity wolf from grid at 11, 31
Removed entity cow from grid at 47, 19
Removed entity wolf from grid at 28, 18
Added entity cow at 15, 6
Added entity cow at 29, 22
Added entity cow at 14, 2
Added entity cow at 30, 39
Removed entity cow from grid at 41, 9
Added entity cow at 48, 14
Removed entity wolf from grid at 14, 32
Removed entity cow from grid at 29, 22
Removed entity cow from grid at 29, 46
Added entity wolf at 26, 35
Added entity human at 38, 34
Removed entity cow from grid at 30, 24
Added entity wolf at 42, 18
Removed entity wolf from grid at 17, 5
Removed entity wolf from grid at 3, 32
Removed entity human from grid at 38, 34
Added entity cow at 42, 43
Added entity cow at 34, 16
Added entity cow at 31, 32
Added entity cow at 33, 40
Added entity wolf at 3, 37
Removed entity cow from grid at 33, 45
Added entity wolf at 27, 18
Added entity wolf at 12, 47
Added entity wolf at 26, 45
Added entity wolf at 19, 33
Added entity wolf at 16, 3
Removed entity cow from grid at 40, 14
Removed entity cow from grid at 30, 39
Removed entity wolf from grid at 27, 18
Added entity cow at 24, 46
Added entity cow at 20, 14
Removed entity wolf from grid at 0, 24
Removed entity wolf from grid at 29, 18
Removed entity cow from grid at 15, 6
Removed entity wolf from grid at 48, 34
Removed entity cow from grid at 24, 46
Removed entity wolf from grid at 27, 34
Removed entity cow from grid at 10, 38
Added entity wolf at 14, 29
Removed entity wolf from grid at 12, 47
Added entity cow at 34, 41
Added entity cow at 32, 33
Added entity cow at 33, 15
Added entity cow at 43, 44
Added entity cow at 33, 14
Added entity cow at 37, 26
Removed entity cow from grid at 33, 45
Removed entity cow from grid at 32, 33
Removed entity cow from grid at 34, 26
Removed entity wolf from grid at 40, 13
Removed entity cow from grid at 43, 7
Added entity tree at 24, 39
Removed entity wolf from grid at 25, 44
Added entity naturereserve at 9, 32
Human Charlie built Nature Reserve for WOLF
Removed entity cow from grid at 40, 14
Removed entity cow from grid at 47, 14
Removed entity cow from grid at 38, 47
Removed entity wolf from grid at 23, 30
Added entity naturereserve at 0, 23
Human Diana built Nature Reserve for WOLF
Removed entity cow from grid at 34, 16
Removed entity cow from grid at 39, 8
Added entity human at 37, 39
Removed entity wolf from grid at 19, 18
Removed entity wolf from grid at 42, 13
Removed entity cow from grid at 31, 26
Added entity wolf at 18, 49
Added entity cow at 38, 25
Added entity cow at 42, 45
Added entity cow at 32, 14
Added entity wolf at 16, 32
Added entity naturereserve at 31, 46
Human Tina built Nature Reserve for WOLF
Added entity wolf at 10, 25
Added entity wolf at 48, 23
Added entity wolf at 47, 18
Removed entity wolf from grid at 20, 32
Removed entity wolf from grid at 46, 15
Added entity naturereserve at 19, 36
Human Luna built Nature Reserve for WOLF
Added entity naturereserve at 37, 49
Human Jack built Nature Reserve for WOLF
Removed entity wolf from grid at 14, 31
Added entity cow at 25, 46
Removed entity wolf from grid at 10, 25
Removed entity wolf from grid at 16, 32
Removed entity human from grid at 43, 38
Removed entity wolf from grid at 23, 19
Added entity human at 38, 42
Removed entity cow from grid at 14, 2
Added entity wolf at 48, 6
Added entity wolf at 45, 38
Added entity wolf at 31, 31
Added entity wolf at 34, 47
Added entity wolf at 27, 41
Removed entity wolf from grid at 0, 35
Removed entity human from grid at 38, 42
Added entity cow at 33, 13
Added entity cow at 43, 46
Added entity cow at 35, 42
Added entity wolf at 17, 25
Added entity wolf at 48, 10
Removed entity wolf from grid at 16, 1
Removed entity wolf from grid at 3, 38
Added entity human at 35, 25
Added entity naturereserve at 48, 15
Human Pip built Nature Reserve for WOLF
Added entity naturereserve at 13, 33
Human Charlie built Nature Reserve for WOLF
Added entity naturereserve at 13, 36
Human Luna built Nature Reserve for WOLF
Added entity naturereserve at 15, 49
Human Yara built Nature Reserve for WOLF
Added entity cow at 34, 12
Added entity cow at 39, 26
Added entity wolf at 26, 13
Added entity wolf at 1, 44
Added entity naturereserve at 7, 32
Human Frank built Nature Reserve for WOLF
Removed entity wolf from grid at 20, 45
Removed entity wolf from grid at 47, 18
Removed entity cow from grid at 36, 46
Removed entity cow from grid at 33, 16
Removed entity wolf from grid at 45, 12
Removed entity wolf from grid at 30, 33
Added entity wolf at 34, 10
Removed entity cow from grid at 30, 32
Removed entity cow from grid at 28, 28
Added entity wolf at 39, 40
Added entity wolf at 17, 47
Added entity wolf at 42, 10
Added entity cow at 38, 27
Added entity wolf at 20, 38
Added entity wolf at 44, 17
Added entity wolf at 42, 13
Added entity wolf at 23, 35
Added entity naturereserve at 23, 14
Human Frank built Nature Reserve for WOLF
Removed entity wolf from grid at 44, 17
Removed entity wolf from grid at 45, 16
Added entity cow at 13, 1
Removed entity wolf from grid at 28, 40
Added entity naturereserve at 6, 29
Human Charlie built Nature Reserve for WOLF
Added entity wolf at 29, 12
Added entity wolf at 44, 7
Added entity wolf at 41, 35
Added entity wolf at 13, 29
Removed entity wolf from grid at 33, 45
Added entity cow at 33, 13
Removed entity cow from grid at 38, 24
Added entity cow at 44, 47
Added entity wolf at 28, 40
Added entity wolf at 26, 44
Added entity wolf at 43, 13
Added entity wolf at 7, 41
Added entity wolf at 12, 33
Added entity wolf at 26, 43
Added entity wolf at 22, 11
Removed entity cow from grid at 34, 47
Removed entity wolf from grid at 22, 34
Removed entity cow from grid at 39, 26
Removed entity cow from grid at 37, 15
Removed entity cow from grid at 48, 32
Removed entity wolf from grid at 28, 40
Added entity wolf at 29, 7
Removed entity cow from grid at 13, 1
Added entity wolf at 12, 36
Added entity wolf at 45, 6
Removed entity wolf from grid at 33, 47
Removed entity wolf from grid at 17, 46
Added entity cow at 34, 14
Added entity wolf at 5, 29
Added entity cow at 35, 43
Removed entity wolf from grid at 25, 11
Added entity wolf at 41, 9
Added entity wolf at 48, 23
Added entity wolf at 43, 17
Removed entity tree from grid at 23, 42
Added entity wolf at 18, 12
Removed entity wolf from grid at 40, 14
Removed entity wolf from grid at 17, 23
Removed entity wolf from grid at 49, 21
Added entity human at 37, 21
Removed entity cow from grid at 19, 15
Removed entity tree from grid at 37, 46
Removed entity wolf from grid at 21, 37
Added entity human at 10, 4
Removed entity human from grid at 36, 5
Added entity human at 10, 35
Removed entity tree from grid at 21, 19
Removed entity tree from grid at 18, 42
Removed entity tree from grid at 23, 34
Added entity human at 44, 29
Removed entity wolf from grid at 13, 29
Removed entity tree from grid at 39, 12
Removed entity wolf from grid at 42, 13
Removed entity cow from grid at 30, 31
Removed entity tree from grid at 30, 37
Removed entity tree from grid at 6, 38
Removed entity tree from grid at 10, 31
Added entity wolf at 13, 25
Added entity wolf at 40, 11
Removed entity wolf from grid at 17, 47
Removed entity human from grid at 44, 29
Removed entity human from grid at 37, 21
Added entity cow at 35, 13
Added entity cow at 45, 46
Added entity wolf at 1, 44
Added entity wolf at 20, 37
Added entity wolf at 46, 9
Removed entity wolf from grid at 24, 17
Added entity tree at 31, 23
Added entity tree at 31, 45
Added entity wolf at 23, 19
Added entity wolf at 18, 27
Removed entity tree from grid at 27, 42
Added entity wolf at 44, 15
Added entity berry at 1, 10
Added entity human at 38, 14
Removed entity wolf from grid at 47, 11
Removed entity tree from grid at 11, 2
Removed entity wolf from grid at 44, 15
Added entity human at 30, 12
Removed entity tree from grid at 39, 17
Added entity human at 38, 41
Removed entity wolf from grid at 38, 47
Removed entity wolf from grid at 20, 37
Removed entity tree from grid at 20, 33
Added entity human at 27, 32
Removed entity tree from grid at 17, 41
Removed entity wolf from grid at 42, 13
Removed entity wolf from grid at 26, 46
Added entity wolf at 35, 14
Removed entity wolf from grid at 26, 41
Removed entity human from grid at 28, 6
Added entity wolf at 29, 27
Added entity wolf at 5, 21
Removed entity tree from grid at 16, 25
Removed entity human from grid at 30, 12
Added entity cow at 46, 47
Added entity cow at 36, 12
Added entity cow at 38, 25
Added entity cow at 34, 15
Removed entity human from grid at 31, 7
Removed entity human from grid at 35, 21
Removed entity cow from grid at 38, 12
Removed entity wolf from grid at 47, 11
Removed entity wolf from grid at 47, 16
Added entity cow at 38, 17
Removed entity wolf from grid at 5, 10
Removed entity cow from grid at 39, 25
Removed entity wolf from grid at 6, 42
Removed entity cow from grid at 23, 48
Removed entity wolf from grid at 35, 14
Removed entity cow from grid at 32, 37
Removed entity cow from grid at 25, 46
Removed entity wolf from grid at 10, 31
Added entity wolf at 24, 14
Added entity wolf at 26, 11
Added entity tree at 12, 30
Added entity tree at 5, 30
Added entity tree at 4, 40
Removed entity human from grid at 33, 24
Added entity cow at 33, 16
Removed entity wolf from grid at 40, 41
Removed entity wolf from grid at 10, 35
Added entity cow at 36, 43
Removed entity wolf from grid at 20, 14
Added entity wolf at 23, 18
Added entity wolf at 27, 18
Added entity wolf at 22, 34
Removed entity wolf from grid at 40, 11
Added entity naturereserve at 35, 49
Human Bob built Nature Reserve for WOLF
Removed entity wolf from grid at 46, 9
Removed entity wolf from grid at 23, 18
Removed entity wolf from grid at 16, 27
Removed entity wolf from grid at 22, 16
Removed entity wolf from grid at 41, 15
Removed entity wolf from grid at 23, 17
Removed entity wolf from grid at 15, 27
Added entity wolf at 24, 24
Added entity wolf at 6, 22
Added entity wolf at 7, 15
Added entity tree at 13, 31
Added entity tree at 34, 44
Added entity tree at 28, 25
Removed entity tree from grid at 10, 32
Removed entity tree from grid at 17, 44
Added entity cow at 37, 44
Added entity cow at 37, 24
Removed entity cow from grid at 40, 42
Removed entity cow from grid at 38, 17
Removed entity cow from grid at 34, 42
Removed entity wolf from grid at 27, 9
Added entity wolf at 30, 14
Added entity berry at 33, 1
Removed entity cow from grid at 40, 12
Added entity naturereserve at 8, 40
Human Bob built Nature Reserve for WOLF
Removed entity cow from grid at 37, 26
Removed entity wolf from grid at 4, 6
Added entity cow at 31, 14
Removed entity wolf from grid at 3, 43
Removed entity cow from grid at 31, 27
Removed entity cow from grid at 33, 13
Removed entity wolf from grid at 48, 32
Removed entity cow from grid at 31, 41
Added entity wolf at 26, 34
Added entity wolf at 17, 27
Added entity wolf at 13, 25
Added entity wolf at 12, 18
Added entity wolf at 19, 8
Added entity wolf at 36, 46
Added entity wolf at 29, 33
Added entity wolf at 7, 22
Removed entity wolf from grid at 3, 28
Removed entity wolf from grid at 16, 15
Added entity cow at 38, 43
Added entity cow at 34, 15
Added entity cow at 38, 13
Added entity wolf at 47, 16
Added entity wolf at 16, 33
Removed entity wolf from grid at 23, 12
Added entity wolf at 24, 48
Added entity wolf at 34, 19
Added entity wolf at 35, 12
Added entity wolf at 22, 26
Removed entity wolf from grid at 12, 26
Removed entity wolf from grid at 38, 14
Removed entity wolf from grid at 22, 26
Removed entity wolf from grid at 49, 22
Removed entity wolf from grid at 23, 34
Added entity naturereserve at 23, 36
Human Charlie built Nature Reserve for WOLF
Added entity cow at 28, 29
Removed entity wolf from grid at 4, 27
Removed entity wolf from grid at 4, 7
Removed entity wolf from grid at 28, 34
Removed entity human from grid at 39, 25
Removed entity wolf from grid at 35, 12
Added entity naturereserve at 6, 35
Human Zane built Nature Reserve for WOLF
Removed entity wolf from grid at 23, 23
Added entity wolf at 21, 16
Added entity cow at 39, 14
Added entity cow at 37, 42
Added entity cow at 38, 25
Removed entity cow from grid at 42, 44
Removed entity cow from grid at 36, 15
Removed entity cow from grid at 39, 22
Added entity wolf at 26, 39
Removed entity cow from grid at 36, 35
Added entity wolf at 20, 35
Removed entity cow from grid at 38, 13
Removed entity cow from grid at 39, 14
Removed entity wolf from grid at 47, 10
Removed entity cow from grid at 35, 30
Added entity naturereserve at 3, 35
Human Xander built Nature Reserve for WOLF
Added entity cow at 25, 18
Added entity cow at 12, 6
Removed entity cow from grid at 25, 18
Removed entity cow from grid at 28, 29
Removed entity wolf from grid at 15, 33
Removed entity cow from grid at 29, 34
Removed entity cow from grid at 36, 15
Removed entity wolf from grid at 16, 27
Removed entity wolf from grid at 16, 11
Removed entity cow from grid at 43, 9
Added entity wolf at 30, 21
Added entity berry at 34, 45
Added entity cow at 39, 24
Added entity cow at 35, 14
Added entity cow at 30, 13
Removed entity wolf from grid at 26, 35
Added entity wolf at 12, 32
Added entity wolf at 18, 38
Added entity wolf at 15, 14
Added entity wolf at 23, 33
Added entity human at 33, 27
Added entity cow at 28, 28
Removed entity wolf from grid at 5, 26
Removed entity human from grid at 32, 27
Added entity naturereserve at 25, 47
Human Sam built Nature Reserve for WOLF
Removed entity wolf from grid at 2, 27
Added entity wolf at 27, 12
Added entity wolf at 26, 48
Added entity wolf at 17, 6
Added entity wolf at 12, 10
Added entity wolf at 40, 11
Added entity wolf at 44, 11
Removed entity wolf from grid at 16, 19
Removed entity wolf from grid at 23, 49
Added entity cow at 40, 23
Added entity wolf at 8, 41
Added entity cow at 47, 48
Added entity wolf at 20, 18
Removed entity wolf from grid at 22, 37
Removed entity wolf from grid at 48, 16
Removed entity wolf from grid at 42, 11
Removed entity wolf from grid at 26, 38
Added entity naturereserve at 15, 43
Human Xander built Nature Reserve for WOLF
Added entity naturereserve at 7, 37
Human Zane built Nature Reserve for WOLF
Removed entity wolf from grid at 27, 14
Added entity wolf at 42, 46
Added entity wolf at 11, 34
Added entity wolf at 24, 24
Added entity wolf at 45, 37
Removed entity cow from grid at 11, 6
Added entity cow at 29, 14
Added entity cow at 36, 43
Added entity wolf at 5, 28
Added entity naturereserve at 43, 23
Human Alice built Nature Reserve for WOLF
Added entity wolf at 8, 31
Added entity wolf at 12, 40
Removed entity wolf from grid at 28, 17
Removed entity wolf from grid at 12, 40
Added entity human at 32, 10
Removed entity wolf from grid at 20, 30
Added entity cow at 28, 28
Removed entity wolf from grid at 5, 28
Removed entity wolf from grid at 16, 6
Removed entity wolf from grid at 47, 34
Removed entity wolf from grid at 17, 12
Added entity human at 39, 39
Added entity wolf at 26, 11
Added entity wolf at 7, 20
Removed entity wolf from grid at 18, 35
Removed entity wolf from grid at 11, 34
Removed entity human from grid at 39, 39
Added entity cow at 28, 15
Added entity cow at 41, 24
Added entity cow at 29, 25
Added entity wolf at 2, 36
Removed entity wolf from grid at 42, 47
Removed entity cow from grid at 35, 16
Removed entity cow from grid at 41, 24
Added entity wolf at 1, 22
Added entity wolf at 3, 28
Added entity wolf at 21, 16
Added entity wolf at 25, 27
Removed entity wolf from grid at 24, 23
Removed entity wolf from grid at 19, 20
Removed entity wolf from grid at 2, 41
Removed entity wolf from grid at 21, 16
Removed entity wolf from grid at 41, 12
Removed entity wolf from grid at 9, 40
Removed entity cow from grid at 34, 40
Added entity naturereserve at 1, 37
Human Eve built Nature Reserve for WOLF
Added entity wolf at 21, 16
Removed entity wolf from grid at 3, 8
Removed entity wolf from grid at 19, 15
Added entity wolf at 2, 32
Removed entity wolf from grid at 20, 18
Removed entity wolf from grid at 26, 48
Added entity cow at 27, 14
Added entity cow at 28, 26
Removed entity human from grid at 31, 10
Removed entity cow from grid at 29, 25
Added entity cow at 36, 15
Removed entity wolf from grid at 14, 10
Added entity wolf at 22, 14
Added entity wolf at 10, 33
Removed entity cow from grid at 28, 26
Added entity wolf at 49, 12
Removed entity cow from grid at 30, 15
Removed entity wolf from grid at 22, 14
Added entity wolf at 45, 13
Removed entity cow from grid at 37, 48
Removed entity wolf from grid at 2, 36
Removed entity wolf from grid at 45, 13
Removed entity cow from grid at 31, 34
Added entity human at 36, 25
Removed entity wolf from grid at 3, 32
Added entity cow at 14, 3
Removed entity cow from grid at 39, 12
Removed entity cow from grid at 40, 9
Removed entity wolf from grid at 10, 33
Added entity naturereserve at 4, 44
Human Bob built Nature Reserve for WOLF
Added entity wolf at 31, 48
Removed entity wolf from grid at 10, 29
Added entity cow at 35, 16
Added entity cow at 37, 44
Added entity wolf at 13, 37
Added entity wolf at 22, 32
Added entity wolf at 14, 0
Added entity naturereserve at 8, 31
Human Ruby built Nature Reserve for WOLF
Added entity cow at 44, 20
Added entity cow at 36, 18
Added entity cow at 9, 3
Added entity cow at 48, 13
Removed entity cow from grid at 14, 4
Added entity human at 33, 8
Removed entity cow from grid at 27, 14
Removed entity wolf from grid at 26, 29
Removed entity wolf from grid at 27, 16
Added entity wolf at 27, 36
Added entity wolf at 41, 12
Removed entity wolf from grid at 21, 13
Added entity wolf at 22, 41
Added entity wolf at 1, 34
Removed entity wolf from grid at 9, 25
Added entity naturereserve at 2, 36
Human Frank built Nature Reserve for WOLF
Removed entity cow from grid at 33, 9
Added entity cow at 34, 15
Added entity cow at 48, 47
Removed entity cow from grid at 30, 25
Removed entity cow from grid at 44, 20
Removed entity cow from grid at 31, 16
Added entity wolf at 9, 28
Added entity wolf at 41, 16
Added entity wolf at 45, 13
Removed entity wolf from grid at 45, 13
Removed entity wolf from grid at 0, 29
Removed entity cow from grid at 47, 14
Added entity cow at 18, 21
Added entity cow at 40, 19
Removed entity cow from grid at 28, 27
Removed entity wolf from grid at 40, 13
Removed entity cow from grid at 33, 14
Removed entity wolf from grid at 49, 34
Removed entity cow from grid at 41, 7
Added entity tree at 28, 29
Added entity wolf at 40, 13
Removed entity wolf from grid at 3, 4
Removed entity cow from grid at 32, 21
Added entity wolf at 25, 41
Added entity cow at 32, 43
Added entity wolf at 15, 10
Added entity cow at 33, 42
Added entity cow at 33, 16
Removed entity wolf from grid at 47, 45
Added entity wolf at 8, 32
Removed entity human from grid at 37, 39
Added entity wolf at 18, 38
Added entity wolf at 26, 48
Removed entity wolf from grid at 25, 40
Added entity wolf at 47, 18
Added entity wolf at 23, 35
Added entity cow at 32, 23
Removed entity wolf from grid at 17, 31
Removed entity wolf from grid at 11, 35
Removed entity wolf from grid at 40, 15
Removed entity wolf from grid at 14, 11
Removed entity wolf from grid at 33, 15
Added entity human at 31, 9
Added entity wolf at 41, 12
Removed entity wolf from grid at 11, 26
Removed entity wolf from grid at 15, 1
Added entity cow at 32, 17
Added entity cow at 34, 43
Added entity cow at 49, 48
Added entity cow at 36, 45
Removed entity cow from grid at 46, 47
Removed entity cow from grid at 35, 41
Added entity wolf at 43, 17
Added entity wolf at 18, 34
Added entity wolf at 17, 37
Added entity naturereserve at 2, 49
Human Eve built Nature Reserve for WOLF
Removed entity wolf from grid at 41, 12
Removed entity cow from grid at 37, 42
Removed entity cow from grid at 36, 45
Added entity cow at 36, 18
Added entity cow at 32, 23
Added entity cow at 48, 14
Removed entity cow from grid at 32, 43
Removed entity cow from grid at 33, 16
Removed entity cow from grid at 28, 14
Added entity wolf at 28, 14
Removed entity wolf from grid at 22, 34
Added entity wolf at 27, 22
Added entity wolf at 28, 21
Added entity wolf at 29, 46
Removed entity wolf from grid at 18, 34
Removed entity human from grid at 32, 10
Removed entity wolf from grid at 29, 39
Added entity wolf at 12, 32
Added entity wolf at 17, 36
Removed entity wolf from grid at 28, 21
Removed entity wolf from grid at 20, 37
Added entity wolf at 25, 20
Added entity wolf at 22, 11
Removed entity wolf from grid at 21, 21
Added entity naturereserve at 24, 26
Human Wendy built Nature Reserve for WOLF
Removed entity wolf from grid at 47, 13
Removed entity wolf from grid at 8, 33
Removed entity wolf from grid at 29, 49
Added entity wolf at 17, 4
Removed entity wolf from grid at 17, 36
Added entity cow at 33, 22
Added entity cow at 35, 42
Added entity cow at 34, 17
Added entity wolf at 24, 48
Removed entity cow from grid at 45, 48
Removed entity cow from grid at 35, 41
Added entity wolf at 47, 8
Removed entity wolf from grid at 21, 33
Added entity wolf at 15, 22
Added entity wolf at 35, 11
Removed entity cow from grid at 19, 20
Removed entity cow from grid at 37, 42
Added entity cow at 18, 21
Removed entity wolf from grid at 18, 38
Removed entity cow from grid at 31, 43
Removed entity wolf from grid at 49, 35
Removed entity wolf from grid at 32, 48
Added entity cow at 33, 18
Added entity cow at 37, 19
Removed entity cow from grid at 37, 19
Removed entity cow from grid at 46, 47
Removed entity cow from grid at 35, 42
Removed entity wolf from grid at 26, 20
Added entity wolf at 19, 35
Added entity wolf at 48, 11
Added entity wolf at 16, 3
Removed entity wolf from grid at 16, 23
Added entity naturereserve at 1, 32
Human Charlie built Nature Reserve for WOLF
Removed entity cow from grid at 38, 42
Removed entity cow from grid at 10, 7
Removed entity wolf from grid at 31, 18
Added entity human at 42, 25
Removed entity cow from grid at 48, 36
Removed entity cow from grid at 29, 14
Added entity human at 41, 37
Removed entity wolf from grid at 30, 47
Removed entity wolf from grid at 19, 35
Added entity wolf at 16, 1
Added entity wolf at 21, 5
Added entity wolf at 14, 19
Removed entity cow from grid at 29, 13
Added entity cow at 32, 21
Added entity cow at 48, 47
Added entity cow at 32, 23
Added entity cow at 38, 21
Added entity cow at 34, 18
Added entity wolf at 44, 24
Removed entity wolf from grid at 28, 37
Removed entity wolf from grid at 26, 20
Added entity wolf at 25, 46
Removed entity wolf from grid at 44, 15
Removed entity wolf from grid at 46, 16
Added entity cow at 31, 13
Removed entity wolf from grid at 28, 47
Added entity naturereserve at 27, 19
Human Diana built Nature Reserve for WOLF
Removed entity wolf from grid at 20, 15
Added entity wolf at 37, 38
Removed entity wolf from grid at 15, 0
Added entity wolf at 5, 27
Added entity cow at 30, 14
Removed entity human from grid at 39, 39
Added entity cow at 34, 19
Removed entity cow from grid at 31, 13
Added entity wolf at 0, 38
Added entity wolf at 23, 35
Removed entity cow from grid at 43, 48
Removed entity cow from grid at 49, 15
Added entity wolf at 15, 41
Added entity wolf at 14, 3
Removed entity cow from grid at 33, 18
Removed entity wolf from grid at 34, 20
Removed entity cow from grid at 20, 23
Removed entity cow from grid at 33, 42
Removed entity wolf from grid at 23, 48
Removed entity cow from grid at 34, 21
Removed entity wolf from grid at 16, 19
Removed entity cow from grid at 30, 14
Added entity cow at 33, 18
Added entity cow at 33, 17
Added entity cow at 39, 20
Added entity cow at 31, 24
Removed entity human from grid at 42, 25
Removed entity wolf from grid at 42, 14
Removed entity wolf from grid at 35, 39
Added entity wolf at 26, 48
Added entity wolf at 12, 41
Added entity wolf at 14, 12
Added entity naturereserve at 23, 19
Human Charlie built Nature Reserve for WOLF
Added entity human at 40, 25
Removed entity wolf from grid at 5, 11
Added entity wolf at 47, 30
Added entity wolf at 22, 42
Added entity wolf at 37, 8
Added entity wolf at 1, 34
Added entity wolf at 31, 27
Removed entity wolf from grid at 2, 34
Added entity wolf at 24, 27
Added entity wolf at 26, 46
Added entity wolf at 13, 37
Added entity naturereserve at 46, 15
Human Alice built Nature Reserve for WOLF
Added entity wolf at 19, 35
Added entity naturereserve at 1, 40
Human Eve built Nature Reserve for WOLF
Added entity naturereserve at 30, 37
Human Ivy built Nature Reserve for WOLF
Removed entity wolf from grid at 15, 40
Removed entity wolf from grid at 42, 12
Removed entity wolf from grid at 26, 48
Removed entity wolf from grid at 47, 11
Removed entity wolf from grid at 23, 43
Removed entity wolf from grid at 13, 27
Added entity human at 43, 29
Added entity wolf at 29, 7
Added entity naturereserve at 10, 42
Human Oscar built Nature Reserve for WOLF
Removed entity wolf from grid at 14, 1
Added entity wolf at 10, 31
Removed entity wolf from grid at 26, 46
Removed entity wolf from grid at 2, 35
Added entity cow at 38, 19
Added entity cow at 32, 18
Added entity wolf at 5, 45
Removed entity wolf from grid at 29, 26
Added entity wolf at 48, 14
Added entity wolf at 10, 30
Added entity wolf at 2, 30
Removed entity wolf from grid at 22, 29
Added entity wolf at 10, 38
Removed entity wolf from grid at 25, 43
Added entity wolf at 15, 22
Added entity wolf at 24, 44
Added entity naturereserve at 44, 17
Human Oscar built Nature Reserve for WOLF
Removed entity wolf from grid at 48, 14
Added entity cow at 29, 31
Removed entity wolf from grid at 10, 30
Added entity naturereserve at 22, 29
Human Alice built Nature Reserve for WOLF
Removed entity wolf from grid at 7, 8
Removed entity wolf from grid at 13, 35
Added entity naturereserve at 22, 31
Human Sam built Nature Reserve for WOLF
Added entity wolf at 28, 23
Added entity wolf at 2, 15
Added entity wolf at 7, 22
Removed entity wolf from grid at 20, 36
Added entity naturereserve at 29, 48
Human Quinn built Nature Reserve for WOLF
Added entity cow at 31, 19
Removed entity cow from grid at 37, 21
Added entity cow at 30, 25
Added entity cow at 33, 21
Removed entity cow from grid at 41, 44
Added entity wolf at 0, 44
Removed entity wolf from grid at 25, 44
Added entity wolf at 24, 44
Removed entity wolf from grid at 1, 30
Removed entity cow from grid at 39, 19
Removed entity cow from grid at 32, 41
Added entity cow at 12, 1
Added entity cow at 42, 16
Removed entity wolf from grid at 27, 24
Removed entity cow from grid at 31, 24
Removed entity wolf from grid at 13, 1
Added entity wolf at 42, 20
Added entity wolf at 11, 10
Added entity wolf at 34, 38
Removed entity cow from grid at 37, 48
Added entity cow at 32, 20
Removed entity human from grid at 43, 28
Added entity cow at 34, 19
Added entity wolf at 5, 45
Removed entity cow from grid at 32, 22
Removed entity cow from grid at 40, 43
Removed entity cow from grid at 41, 17
Removed entity wolf from grid at 17, 22
Removed entity wolf from grid at 7, 30
Removed entity wolf from grid at 10, 36
Removed entity wolf from grid at 20, 37
Removed entity wolf from grid at 42, 11
Removed entity wolf from grid at 12, 9
Removed entity wolf from grid at 12, 2
Removed entity wolf from grid at 26, 46
Removed entity cow from grid at 31, 19
Added entity human at 28, 7
Removed entity cow from grid at 31, 24
Removed entity wolf from grid at 13, 13
Added entity wolf at 19, 29
Added entity wolf at 36, 40
Added entity wolf at 44, 13
Added entity wolf at 34, 37
Added entity cow at 35, 20
Added entity cow at 39, 20
Added entity naturereserve at 21, 41
Human Nina built Nature Reserve for WOLF
Added entity wolf at 23, 48
Removed entity wolf from grid at 40, 20
Removed entity wolf from grid at 47, 20
Added entity cow at 28, 16
Added entity naturereserve at 12, 3
Human Milo built Nature Reserve for WOLF
Added entity naturereserve at 13, 11
Human Tina built Nature Reserve for WOLF
Added entity wolf at 20, 20
Removed entity wolf from grid at 19, 29
Added entity wolf at 25, 36
Added entity wolf at 35, 43
Added entity wolf at 4, 17
Removed entity wolf from grid at 25, 36
Added entity cow at 27, 15
Removed entity human from grid at 30, 9
Added entity cow at 31, 19
Added entity cow at 32, 22
Removed entity cow from grid at 39, 20
Added entity cow at 47, 46
Removed entity cow from grid at 29, 15
Added entity wolf at 3, 44
Removed entity cow from grid at 33, 21
Added entity wolf at 16, 48
Added entity wolf at 1, 39
Removed entity wolf from grid at 9, 24
Removed entity cow from grid at 38, 19
Removed entity wolf from grid at 17, 1
Added entity cow at 22, 13
Removed entity wolf from grid at 44, 13
Added entity human at 37, 37
Added entity human at 27, 5
Removed entity wolf from grid at 2, 11
Added entity wolf at 29, 12
Added entity wolf at 37, 38
Removed entity wolf from grid at 13, 40
Removed entity berry from grid at 33, 1
Added entity wolf at 4, 20
Removed entity wolf from grid at 24, 48
Removed entity human from grid at 27, 5
Removed entity human from grid at 37, 37
Added entity cow at 28, 14
Added entity wolf at 11, 43
Removed entity cow from grid at 27, 15
Removed entity cow from grid at 37, 43
Removed entity cow from grid at 35, 42
Removed entity cow from grid at 22, 13
Removed entity cow from grid at 14, 2
Added entity cow at 11, 4
Removed entity cow from grid at 11, 4
Removed entity wolf from grid at 48, 12
Added entity human at 42, 42
Removed entity cow from grid at 28, 14
Added entity naturereserve at 8, 41
Human Eve built Nature Reserve for WOLF
Removed entity wolf from grid at 16, 48
Added entity wolf at 34, 39
Removed entity cow from grid at 37, 46
Added entity cow at 46, 47
Added entity cow at 33, 23
Added entity cow at 32, 20
Added entity wolf at 18, 12
Added entity naturereserve at 23, 21
Human Yara built Nature Reserve for WOLF
Removed entity wolf from grid at 32, 37
Added entity human at 8, 17
Added entity berry at 6, 12
Added entity cow at 30, 39
Added entity cow at 48, 12
Added entity human at 33, 6
Removed entity wolf from grid at 29, 15
Removed entity wolf from grid at 30, 36
Added entity cow at 32, 0
Added entity wolf at 29, 24
Removed entity human from grid at 8, 17
Added entity cow at 34, 22
Added entity cow at 45, 46
Added entity cow at 34, 21
Added entity cow at 35, 32
Removed entity cow from grid at 37, 19
Added entity wolf at 24, 20
Added entity wolf at 30, 46
Added entity wolf at 9, 38
Removed entity cow from grid at 26, 14
Added entity wolf at 45, 21
Added entity wolf at 15, 1
Removed entity wolf from grid at 30, 46
Added entity human at 26, 10
Removed entity wolf from grid at 15, 1
Removed entity wolf from grid at 11, 42
Added entity cow at 26, 20
Added entity cow at 33, 19
Added entity cow at 12, 4
Removed entity wolf from grid at 32, 44
Removed entity cow from grid at 48, 12
Removed entity wolf from grid at 3, 13
Added entity wolf at 19, 1
Added entity wolf at 42, 20
Added entity wolf at 40, 22
Removed entity wolf from grid at 27, 36
Removed entity human from grid at 26, 10
Added entity cow at 34, 33
Added entity cow at 35, 23
Added entity cow at 33, 1
Added entity wolf at 7, 41
Removed entity cow from grid at 41, 45
Removed entity cow from grid at 36, 20
Removed entity human from grid at 41, 25
Added entity wolf at 16, 47
Removed entity cow from grid at 30, 18
Added entity wolf at 46, 9
Added entity wolf at 3, 40
Removed entity wolf from grid at 27, 24
Added entity wolf at 21, 21
Removed entity wolf from grid at 24, 20
Removed entity cow from grid at 26, 20
Removed entity wolf from grid at 42, 22
Removed entity wolf from grid at 21, 21
Added entity naturereserve at 5, 40
Human Eve built Nature Reserve for WOLF
Removed entity wolf from grid at 8, 25
Removed entity cow from grid at 12, 4
Removed entity cow from grid at 40, 6
Removed entity cow from grid at 33, 27
Removed entity cow from grid at 33, 44
Added entity wolf at 44, 18
Added entity wolf at 31, 26
Added entity berry at 18, 17
Added entity tree at 8, 16
Removed entity cow from grid at 36, 48
Added entity cow at 33, 32
Added entity cow at 31, 19
Added entity wolf at 25, 26
Removed entity wolf from grid at 31, 16
Added entity wolf at 6, 33
Added entity wolf at 11, 37
Added entity wolf at 26, 46
Added entity wolf at 11, 27
Removed entity wolf from grid at 31, 48
Added entity human at 39, 21
Added entity cow at 20, 15
Added entity human at 28, 11
Removed entity wolf from grid at 26, 46
Removed entity cow from grid at 30, 12
Removed entity cow from grid at 34, 43
Added entity wolf at 13, 29
Added entity wolf at 0, 32
Added entity wolf at 4, 15
Removed entity human from grid at 39, 21
Added entity cow at 32, 31
Added entity naturereserve at 33, 48
Human Tina built Nature Reserve for WOLF
Added entity naturereserve at 21, 46
Human Pip built Nature Reserve for WOLF
Removed entity berry from grid at 34, 45
Added entity wolf at 46, 26
Added entity wolf at 21, 36
Added entity naturereserve at 24, 40
Human Uma built Nature Reserve for WOLF
Added entity wolf at 23, 12
Removed entity cow from grid at 32, 27
Removed entity wolf from grid at 1, 26
Added entity human at 31, 29
Removed entity wolf from grid at 18, 19
Removed entity wolf from grid at 11, 40
Added entity cow at 19, 10
Added entity cow at 28, 41
Removed entity cow from grid at 21, 7
Removed entity cow from grid at 28, 41
Removed entity cow from grid at 46, 29
Added entity wolf at 17, 5
Added entity wolf at 30, 21
Added entity wolf at 39, 40
Removed entity cow from grid at 30, 13
Removed entity wolf from grid at 17, 5
Removed entity wolf from grid at 16, 15
Removed entity human from grid at 31, 29
Added entity cow at 31, 32
Added entity cow at 33, 20
Added entity wolf at 24, 19
Added entity wolf at 26, 20
Added entity wolf at 14, 49
Added entity wolf at 18, 38
Removed entity wolf from grid at 24, 19
Added entity wolf at 17, 39
Added entity wolf at 22, 32
Added entity wolf at 44, 11
Removed entity tree from grid at 29, 42
Removed entity tree from grid at 31, 40
Removed entity wolf from grid at 44, 18
Removed entity cow from grid at 33, 12
Removed entity cow from grid at 41, 23
Added entity cow at 31, 12
Removed entity tree from grid at 27, 44
Removed entity tree from grid at 15, 37
Removed entity wolf from grid at 25, 22
Removed entity tree from grid at 19, 9
Removed entity human from grid at 29, 11
Removed entity wolf from grid at 32, 36
Added entity wolf at 41, 46
Removed entity wolf from grid at 17, 1
Added entity wolf at 9, 17
Added entity cow at 30, 31
Added entity cow at 30, 18
Added entity cow at 34, 18
Added entity wolf at 45, 15
Added entity wolf at 22, 37
Added entity wolf at 43, 16
Added entity wolf at 23, 34
Added entity wolf at 17, 41
Added entity tree at 8, 42
Removed entity cow from grid at 35, 11
Removed entity cow from grid at 31, 38
Removed entity wolf from grid at 13, 25
Added entity cow at 40, 17
Added entity tree at 9, 42
Removed entity wolf from grid at 44, 13
Added entity tree at 5, 41
Added entity wolf at 28, 7
Removed entity wolf from grid at 17, 39
Removed entity cow from grid at 30, 18
Removed entity wolf from grid at 23, 34
Removed entity cow from grid at 20, 13
Added entity wolf at 11, 35
Added entity wolf at 34, 39
Added entity tree at 39, 12
Added entity tree at 39, 38
Added entity wolf at 4, 43
Removed entity wolf from grid at 21, 37
Removed entity wolf from grid at 45, 16
Removed entity wolf from grid at 25, 20
Added entity human at 19, 3
Removed entity wolf from grid at 15, 41
Removed entity wolf from grid at 43, 17
Added entity cow at 23, 48
Removed entity wolf from grid at 13, 29
Removed entity tree from grid at 25, 34
Added entity human at 26, 43
Added entity house at 29, 25
Removed entity human from grid at 19, 4
Removed entity wolf from grid at 21, 12
Added entity wolf at 32, 35
Added entity berry at 27, 34
Added entity human at 21, 2
Added entity cow at 29, 32
Added entity cow at 34, 2
Removed entity cow from grid at 35, 46
Removed entity wolf from grid at 22, 39
Added entity wolf at 24, 45
Added entity wolf at 35, 17
Removed entity cow from grid at 35, 13
Removed entity cow from grid at 31, 12
Removed entity cow from grid at 36, 46
Removed entity cow from grid at 35, 34
Removed entity wolf from grid at 24, 45
Removed entity cow from grid at 31, 31
Added entity human at 35, 6
Removed entity human from grid at 43, 28
Added entity human at 25, 5
Removed entity human from grid at 28, 26
Removed entity wolf from grid at 4, 41
Removed entity wolf from grid at 29, 35
Added entity wolf at 35, 8
Added entity wolf at 7, 22
Removed entity cow from grid at 20, 9
Removed entity human from grid at 25, 5
Removed entity human from grid at 35, 6
Added entity cow at 37, 14
Removed entity human from grid at 38, 37
Added entity wolf at 34, 48
Removed entity wolf from grid at 44, 15
Removed entity human from grid at 28, 24
Added entity wolf at 0, 36
Added entity wolf at 14, 11
Added entity tree at 31, 42
Added entity human at 31, 25
Removed entity cow from grid at 43, 5
Added entity human at 37, 23
Removed entity wolf from grid at 3, 42
Removed entity tree from grid at 38, 16
Removed entity cow from grid at 39, 15
Added entity human at 27, 5
Added entity cow at 11, 4
Added entity cow at 12, 1
Removed entity tree from grid at 31, 23
Removed entity wolf from grid at 20, 38
Removed entity wolf from grid at 32, 34
Removed entity cow from grid at 21, 4
Added entity wolf at 24, 12
Added entity wolf at 12, 12
Removed entity human from grid at 30, 9
Removed entity wolf from grid at 34, 48
Added entity cow at 35, 17
Added entity cow at 32, 21
Removed entity wolf from grid at 23, 12
Added entity wolf at 22, 40
Added entity wolf at 14, 43
Removed entity wolf from grid at 22, 40
Added entity wolf at 14, 47
Added entity tree at 26, 25
Added entity tree at 35, 45
Added entity human at 31, 44
Removed entity wolf from grid at 20, 21
Removed entity wolf from grid at 3, 42
Removed entity tree from grid at 28, 29
Added entity house at 37, 31
Added entity human at 35, 8
Removed entity tree from grid at 24, 18
Removed entity cow from grid at 11, 2
Removed entity wolf from grid at 9, 33
Added entity human at 20, 10
Removed entity cow from grid at 22, 1
Removed entity wolf from grid at 13, 12
Removed entity wolf from grid at 30, 32
Removed entity human from grid at 35, 8
Added entity cow at 36, 16
Removed entity human from grid at 28, 6
Added entity wolf at 21, 45
Added entity wolf at 7, 35
Removed entity wolf from grid at 14, 11
Added entity wolf at 49, 18
Added entity wolf at 25, 28
Removed entity wolf from grid at 22, 20
Removed entity cow from grid at 39, 15
Added entity cow at 30, 20
Added entity wolf at 49, 5
Added entity wolf at 28, 46
Added entity wolf at 35, 39
Removed entity naturereserve from grid at 2, 16
Removed entity naturereserve from grid at 3, 21
Added entity tree at 7, 31
Added entity tree at 25, 40
Removed entity wolf from grid at 7, 35
Added entity cow at 31, 20
Added entity cow at 30, 33
Added entity cow at 46, 47
Removed entity wolf from grid at 38, 16
Added entity wolf at 7, 30
Added entity wolf at 14, 48
Added entity wolf at 22, 34
Removed entity wolf from grid at 23, 28
Removed entity tree from grid at 37, 17
Removed entity cow from grid at 31, 24
Removed entity cow from grid at 30, 31
Added entity cow at 24, 18
Added entity cow at 14, 3
Added entity cow at 49, 18
Added entity cow at 44, 15
Removed entity cow from grid at 14, 3
Removed entity wolf from grid at 20, 34
Removed entity cow from grid at 25, 9
Removed entity cow from grid at 11, 5
Removed entity cow from grid at 24, 18
Removed entity cow from grid at 30, 33
Added entity human at 39, 34
Added entity wolf at 48, 14
Added entity wolf at 37, 39
Removed entity cow from grid at 31, 17
Added entity wolf at 47, 31
Added entity wolf at 49, 3
Removed entity naturereserve from grid at 8, 18
Removed entity cow from grid at 29, 32
Added entity cow at 30, 19
Added entity tree at 20, 9
Added entity cow at 33, 2
Removed entity wolf from grid at 25, 11
Removed entity tree from grid at 37, 18
Removed entity cow from grid at 48, 17
Removed entity tree from grid at 31, 42
Removed entity wolf from grid at 23, 43
Added entity wolf at 17, 47
Removed entity cow from grid at 19, 12
Added entity human at 41, 17
Removed entity cow from grid at 30, 15
Removed entity wolf from grid at 2, 39
Removed entity wolf from grid at 13, 43
Added entity human at 21, 6
Removed entity human from grid at 38, 49
Added entity cow at 31, 30
Removed entity tree from grid at 25, 10
Added entity human at 40, 31
Removed entity cow from grid at 21, 47
Removed entity wolf from grid at 33, 36
Added entity wolf at 41, 21
Added entity wolf at 48, 30
Added entity wolf at 45, 38
Added entity human at 24, 41
Added entity house at 37, 44
Removed entity human from grid at 40, 31
Added entity tree at 20, 5
Added entity cow at 34, 3
Added entity cow at 29, 20
Added entity cow at 45, 48
Added entity cow at 37, 15
Added entity tree at 28, 41
Added entity tree at 33, 26
Added entity human at 29, 27
Added entity cow at 37, 14
Removed entity cow from grid at 37, 15
Added entity human at 17, 33
Added entity wolf at 23, 18
Added entity human at 25, 21
Removed entity tree from grid at 28, 25
Removed entity wolf from grid at 1, 24
Removed entity wolf from grid at 44, 1
Added entity human at 36, 27
Removed entity wolf from grid at 40, 9
Added entity wolf at 14, 17
Removed entity naturereserve from grid at 7, 14
Removed entity human from grid at 36, 45
Removed entity wolf from grid at 23, 33
Added entity wolf at 7, 30
Added entity tree at 27, 22
Added entity wolf at 10, 33
Removed entity tree from grid at 23, 22
Added entity wolf at 12, 47
Added entity wolf at 48, 12
Removed entity cow from grid at 44, 15
Removed entity wolf from grid at 23, 16
Removed entity wolf from grid at 43, 20
Removed entity human from grid at 16, 2
Removed entity tree from grid at 46, 0
Removed entity wolf from grid at 49, 18
Removed entity human from grid at 30, 25
Added entity human at 26, 8
Removed entity human from grid at 36, 43
Removed entity human from grid at 21, 8
Removed entity tree from grid at 30, 38
Added entity wolf at 19, 1
Added entity wolf at 2, 16
Removed entity naturereserve from grid at 7, 21
Removed entity cow from grid at 43, 37
Removed entity wolf from grid at 5, 34
Removed entity wolf from grid at 19, 1
Added entity cow at 30, 21
Added entity cow at 29, 19
Removed entity wolf from grid at 19, 44
Removed entity cow from grid at 29, 19
Added entity human at 21, 6
Added entity cow at 39, 18
Removed entity human from grid at 23, 8
Removed entity wolf from grid at 2, 10
Added entity wolf at 26, 34
Added entity tree at 24, 43
Added entity human at 43, 5
Added entity tree at 27, 10
Added entity tree at 34, 13
Removed entity naturereserve from grid at 13, 18
Removed entity tree from grid at 18, 1
Removed entity human from grid at 43, 5
Added entity cow at 38, 17
Added entity cow at 38, 15
Added entity cow at 46, 49
Added entity wolf at 4, 45
Added entity wolf at 15, 44
Added entity tree at 19, 29
Added entity wolf at 24, 49
Added entity wolf at 22, 46
Added entity tree at 10, 4
Added entity human at 19, 12
Added entity house at 32, 23
Removed entity wolf from grid at 46, 16
Added entity human at 46, 0
Removed entity wolf from grid at 8, 30
Removed entity wolf from grid at 5, 36
Added entity cow at 17, 11
Removed entity wolf from grid at 33, 37
Removed entity cow from grid at 33, 33
Removed entity cow from grid at 34, 31
Removed entity tree from grid at 36, 33
Removed entity tree from grid at 26, 25
Removed entity wolf from grid at 4, 45
Removed entity wolf from grid at 26, 34
Removed entity cow from grid at 32, 34
Added entity wolf at 46, 9
Removed entity wolf from grid at 40, 49
Added entity cow at 39, 14
Added entity cow at 37, 18
Added entity cow at 33, 4
Added entity naturereserve at 46, 19
Human Oscar built Nature Reserve for WOLF
Added entity wolf at 2, 41
Added entity naturereserve at 49, 16
Human Hank built Nature Reserve for WOLF
Added entity wolf at 18, 36
Added entity wolf at 2, 39
Removed entity wolf from grid at 2, 41
Removed entity cow from grid at 27, 6
Added entity human at 42, 31
Removed entity wolf from grid at 47, 17
Added entity human at 39, 25
Added entity wolf at 31, 34
Added entity tree at 28, 11
Removed entity cow from grid at 30, 19
Removed entity wolf from grid at 3, 33
Removed entity cow from grid at 40, 48
Added entity cow at 36, 24
Added entity wolf at 0, 41
Added entity wolf at 21, 35
Added entity wolf at 15, 40
Added entity wolf at 19, 10
Removed entity tree from grid at 33, 26
Removed entity wolf from grid at 46, 16
Removed entity cow from grid at 37, 47
Added entity house at 36, 20
Removed entity cow from grid at 37, 48
Removed entity wolf from grid at 21, 35
Removed entity cow from grid at 39, 4
Removed entity wolf from grid at 29, 35
Added entity human at 40, 31
Added entity cow at 35, 25
Added entity cow at 38, 13
Added entity cow at 47, 48
Removed entity wolf from grid at 14, 14
Removed entity cow from grid at 36, 32
Removed entity wolf from grid at 19, 12
Removed entity wolf from grid at 49, 15
Added entity wolf at 17, 14
Added entity wolf at 12, 38
Added entity tree at 22, 16
Removed entity tree from grid at 27, 22
Added entity wolf at 16, 1
Removed entity wolf from grid at 17, 14
Removed entity wolf from grid at 27, 49
Removed entity tree from grid at 21, 20
Added entity human at 33, 23
Added entity human at 38, 28
Removed entity wolf from grid at 3, 39
Removed entity tree from grid at 36, 28
Added entity human at 30, 9
Removed entity cow from grid at 31, 24
Removed entity wolf from grid at 14, 44
Removed entity cow from grid at 33, 32
Added entity wolf at 23, 35
Removed entity human from grid at 44, 41
Added entity house at 18, 6
Added entity cow at 48, 47
Added entity cow at 34, 5
Removed entity wolf from grid at 48, 1
Removed entity wolf from grid at 9, 36
Added entity wolf at 16, 43
Removed entity wolf from grid at 16, 43
Removed entity wolf from grid at 17, 46
Added entity wolf at 21, 16
Added entity wolf at 47, 27
Added entity wolf at 17, 36
Added entity wolf at 37, 19
Removed entity human from grid at 33, 25
Added entity tree at 44, 15
Added entity tree at 32, 25
Added entity tree at 5, 31
Removed entity wolf from grid at 17, 17
Removed entity tree from grid at 27, 10
Removed entity tree from grid at 28, 10
Removed entity human from grid at 35, 21
Added entity cow at 42, 16
Added entity house at 31, 24
Added entity house at 17, 8
Added entity house at 41, 41
Added entity wolf at 15, 38
Added entity wolf at 45, 12
Added entity wolf at 14, 22
Removed entity human from grid at 18, 5
Added entity cow at 37, 14
Added entity cow at 38, 19
Removed entity wolf from grid at 11, 36
Added entity wolf at 22, 46
Added entity wolf at 24, 20
Added entity tree at 17, 29
Added entity tree at 23, 17
Added entity wolf at 6, 39
Added entity house at 31, 26
Added entity human at 22, 20
Removed entity tree from grid at 36, 37
Removed entity tree from grid at 44, 15
Added entity human at 36, 28
Added entity cow at 48, 13
Added entity cow at 11, 39
Removed entity human from grid at 19, 6
Removed entity wolf from grid at 17, 36
Removed entity cow from grid at 38, 3
Removed entity wolf from grid at 24, 20
Removed entity cow from grid at 31, 9
Added entity wolf at 42, 37
Removed entity naturereserve from grid at 6, 21
Removed entity wolf from grid at 3, 33
Removed entity human from grid at 36, 28
Added entity cow at 42, 16
Added entity cow at 33, 6
Removed entity cow from grid at 32, 12
Removed entity human from grid at 38, 28
Removed entity cow from grid at 33, 24
Removed entity wolf from grid at 23, 33
Removed entity wolf from grid at 4, 31
Removed entity human from grid at 37, 19
Removed entity cow from grid at 34, 22
Removed entity cow from grid at 16, 12
Removed entity cow from grid at 36, 24
Removed entity cow from grid at 37, 34
Removed entity wolf from grid at 17, 38
Removed entity wolf from grid at 22, 46
Removed entity cow from grid at 48, 13
Added entity human at 31, 4
Removed entity wolf from grid at 10, 31
Removed entity cow from grid at 41, 43
Added entity wolf at 10, 6
Added entity wolf at 18, 26
Added entity tree at 9, 14
Removed entity human from grid at 16, 7
Added entity cow at 43, 17
Added entity cow at 37, 20
Added entity cow at 47, 46
Removed entity human from grid at 36, 29
Removed entity human from grid at 36, 31
Added entity naturereserve at 20, 29
Human Hank built Nature Reserve for WOLF
Removed entity wolf from grid at 47, 25
Added entity wolf at 43, 18
Added entity wolf at 42, 23
Removed entity wolf from grid at 19, 40
Added entity wolf at 22, 26
Removed entity wolf from grid at 10, 33
Removed entity wolf from grid at 45, 12
Removed entity human from grid at 38, 31
Added entity human at 38, 41
Removed entity human from grid at 36, 25
Removed entity human from grid at 37, 30
Removed entity cow from grid at 30, 19
Added entity naturereserve at 48, 13
Human Zane built Nature Reserve for WOLF
Removed entity human from grid at 16, 8
Added entity wolf at 19, 6
Added entity cow at 42, 18
Added entity cow at 38, 15
Added entity cow at 36, 25
Removed entity wolf from grid at 49, 2
Added entity cow at 29, 22
Removed entity wolf from grid at 16, 45
Added entity wolf at 22, 37
Added entity wolf at 21, 48
Removed entity wolf from grid at 20, 19
Removed entity human from grid at 40, 34
Removed entity wolf from grid at 14, 2
Added entity naturereserve at 13, 12
Human Ruby built Nature Reserve for WOLF
Removed entity wolf from grid at 20, 44
Removed entity wolf from grid at 3, 45
Removed entity human from grid at 40, 32
Removed entity wolf from grid at 8, 35
Added entity cow at 37, 26
Added entity wolf at 21, 28
Added entity cow at 38, 19
Removed entity human from grid at 28, 1
Removed entity cow from grid at 48, 26
Removed entity wolf from grid at 18, 40
Removed entity cow from grid at 42, 16
Removed entity wolf from grid at 21, 28
Removed entity cow from grid at 41, 16
Added entity wolf at 25, 26
Removed entity wolf from grid at 49, 12
Added entity wolf at 14, 34
Added entity wolf at 6, 42
Added entity wolf at 33, 11
Removed entity human from grid at 31, 27
Removed entity cow from grid at 38, 4
Removed entity cow from grid at 11, 40
Added entity human at 32, 10
Removed entity cow from grid at 35, 21
Removed entity human from grid at 30, 5
Removed entity wolf from grid at 14, 34
Added entity cow at 30, 24
Removed entity cow from grid at 39, 31
Removed entity cow from grid at 42, 45
Added entity human at 40, 42
Removed entity wolf from grid at 47, 14
Removed entity wolf from grid at 23, 38
Added entity wolf at 13, 23
Removed entity naturereserve from grid at 13, 16
Removed entity naturereserve from grid at 13, 22
Removed entity cow from grid at 34, 29
Added entity cow at 39, 18
Added entity cow at 36, 27
Added entity cow at 28, 21
Added entity cow at 37, 14
Removed entity wolf from grid at 48, 24
Added entity wolf at 49, 15
Removed entity wolf from grid at 42, 18
Removed entity wolf from grid at 15, 22
Added entity wolf at 15, 47
Added entity wolf at 24, 46
Added entity wolf at 49, 18
Added entity wolf at 23, 31
Added entity naturereserve at 15, 16
Human Milo built Nature Reserve for WOLF
Added entity cow at 31, 12
Removed entity wolf from grid at 48, 7
Removed entity wolf from grid at 24, 49
Added entity wolf at 20, 20
Removed entity wolf from grid at 24, 46
Added entity human at 38, 34
Removed entity human from grid at 31, 10
Added entity cow at 38, 17
Added entity wolf at 20, 28
Added entity cow at 46, 47
Removed entity cow from grid at 30, 24
Removed entity human from grid at 39, 34
Added entity naturereserve at 5, 35
Human Uma built Nature Reserve for WOLF
Added entity wolf at 11, 2
Added entity wolf at 30, 47
Added entity wolf at 25, 27
Added entity wolf at 5, 44
Added entity wolf at 8, 37
Removed entity wolf from grid at 30, 47
Added entity wolf at 2, 44
Removed entity cow from grid at 30, 16
Added entity wolf at 47, 18
Removed entity wolf from grid at 25, 27
Added entity wolf at 23, 31
Removed entity cow from grid at 34, 20
Removed entity cow from grid at 43, 46
Removed entity cow from grid at 28, 21
Removed entity wolf from grid at 45, 16
Removed entity wolf from grid at 5, 44
Added entity human at 40, 33
Removed entity wolf from grid at 20, 28
Removed entity naturereserve from grid at 30, 45
Removed entity naturereserve from grid at 30, 34
Removed entity naturereserve from grid at 3, 16
Removed entity wolf from grid at 8, 37
Added entity cow at 39, 16
Removed entity cow from grid at 42, 42
Removed entity cow from grid at 30, 13
Added entity cow at 34, 5
Added entity wolf at 20, 46
Added entity wolf at 0, 41
Added entity wolf at 1, 44
Added entity wolf at 5, 44
Added entity wolf at 25, 26
Added entity human at 33, 8
Removed entity wolf from grid at 19, 3
Added entity cow at 30, 31
Added entity cow at 26, 18
Removed entity wolf from grid at 0, 41
Removed entity wolf from grid at 20, 35
Added entity naturereserve at 26, 28
Human Oscar built Nature Reserve for WOLF
Removed entity wolf from grid at 21, 33
Removed entity human from grid at 41, 33
Added entity wolf at 28, 48
Added entity wolf at 27, 39
Added entity tree at 37, 47
Added entity wolf at 25, 28
Added entity cow at 35, 4
Removed entity wolf from grid at 47, 24
Added entity wolf at 6, 40
Removed entity human from grid at 44, 30
Added entity naturereserve at 48, 12
Human Hank built Nature Reserve for WOLF
Added entity wolf at 23, 13
Removed entity wolf from grid at 23, 13
Added entity wolf at 0, 43
Removed entity wolf from grid at 24, 27
Removed entity wolf from grid at 13, 22
Added entity cow at 30, 28
Removed entity wolf from grid at 13, 45
Removed entity tree from grid at 9, 1
Removed entity tree from grid at 42, 40
Added entity human at 28, 5
Added entity wolf at 28, 14
Added entity wolf at 11, 35
Added entity wolf at 17, 1
Added entity cow at 36, 3
Added entity cow at 32, 29
Added entity cow at 37, 26
Removed entity cow from grid at 44, 42
Removed entity wolf from grid at 20, 19
Removed entity wolf from grid at 12, 44
Removed entity wolf from grid at 7, 8
Removed entity wolf from grid at 20, 32
Added entity wolf at 10, 43
Added entity wolf at 3, 43
Added entity wolf at 14, 49
Added entity wolf at 1, 42
Added entity tree at 14, 43
Removed entity cow from grid at 27, 18
Added entity wolf at 24, 33
Removed entity cow from grid at 47, 22
Removed entity cow from grid at 38, 3
Added entity tree at 9, 38
Removed entity wolf from grid at 17, 28
Added entity cow at 33, 19
Removed entity cow from grid at 44, 15
Removed entity wolf from grid at 25, 29
Removed entity cow from grid at 36, 3
Added entity human at 28, 6
Removed entity wolf from grid at 23, 49
Removed entity cow from grid at 31, 30
Added entity human at 45, 5
Removed entity cow from grid at 31, 29
Removed entity human from grid at 28, 6
Added entity cow at 36, 25
Removed entity wolf from grid at 31, 13
Removed entity wolf from grid at 22, 32
Added entity wolf at 8, 30
Added entity naturereserve at 26, 46
Human Ivy built Nature Reserve for WOLF
Added entity wolf at 21, 37
Added entity wolf at 47, 17
Removed entity human from grid at 35, 20
Removed entity wolf from grid at 5, 32
Added entity human at 39, 27
Added entity wolf at 40, 47
Added entity wolf at 28, 7
Removed entity tree from grid at 36, 30
Added entity wolf at 47, 32
Added entity wolf at 39, 10
Added entity wolf at 35, 37
Removed entity wolf from grid at 9, 36
Added entity tree at 38, 26
Added entity human at 37, 38
Removed entity wolf from grid at 33, 36
Added entity wolf at 14, 17
Added entity wolf at 2, 32
Added entity wolf at 10, 32
Removed entity wolf from grid at 15, 47
Added entity human at 25, 10
Added entity cow at 28, 34
Removed entity wolf from grid at 11, 43
Removed entity wolf from grid at 20, 45
Removed entity wolf from grid at 44, 14
Removed entity wolf from grid at 21, 49
Removed entity wolf from grid at 14, 49
Added entity wolf at 26, 39
Removed entity human from grid at 25, 10
Removed entity wolf from grid at 28, 7
Removed entity human from grid at 29, 11
Added entity cow at 40, 17
Added entity cow at 36, 15
Removed entity wolf from grid at 26, 18
Added entity wolf at 20, 37
Added entity wolf at 16, 22
Added entity wolf at 17, 38
Removed entity cow from grid at 28, 19
Added entity cow at 29, 16
Added entity cow at 11, 39
Removed entity cow from grid at 36, 34
Removed entity cow from grid at 31, 19
Removed entity cow from grid at 29, 34
Added entity human at 38, 32
Removed entity wolf from grid at 16, 22
Removed entity naturereserve from grid at 35, 38
Added entity naturereserve at 39, 31
Human Luna built Nature Reserve for WOLF
Added entity cow at 34, 18
Removed entity wolf from grid at 46, 21
Removed entity wolf from grid at 24, 33
Removed entity human from grid at 24, 3
Added entity wolf at 32, 45
Added entity wolf at 0, 22
Added entity wolf at 6, 44
Added entity wolf at 47, 28
Added entity human at 35, 8
Removed entity cow from grid at 29, 22
Added entity cow at 29, 29
Removed entity tree from grid at 37, 35
Added entity house at 29, 27
Removed entity wolf from grid at 11, 31
Removed entity wolf from grid at 7, 0
Added entity wolf at 11, 10
Added entity cow at 41, 18
Added entity cow at 37, 24
Removed entity cow from grid at 27, 4
Added entity cow at 45, 48
Added entity cow at 31, 10
Added entity wolf at 14, 15
Removed entity cow from grid at 46, 41
Added entity cow at 42, 18
Removed entity wolf from grid at 3, 8
Removed entity wolf from grid at 13, 18
Removed entity wolf from grid at 14, 15
Added entity wolf at 1, 39
Removed entity wolf from grid at 44, 18
Added entity wolf at 44, 24
Removed entity wolf from grid at 30, 47
Added entity wolf at 11, 48
Removed entity cow from grid at 30, 18
Removed entity cow from grid at 42, 47
Removed entity human from grid at 41, 42
Removed entity wolf from grid at 9, 43
Removed entity human from grid at 28, 28
Removed entity cow from grid at 37, 4
Added entity tree at 7, 0
Removed entity wolf from grid at 28, 34
Removed entity wolf from grid at 11, 48
Added entity wolf at 20, 1
Added entity wolf at 23, 9
Added entity cow at 41, 19
Added entity cow at 30, 11
Added entity cow at 38, 23
Removed entity human from grid at 35, 8
Added entity cow at 33, 19
Added entity cow at 37, 14
Removed entity human from grid at 43, 4
Removed entity cow from grid at 47, 42
Removed entity human from grid at 39, 42
Removed entity cow from grid at 30, 16
Added entity wolf at 7, 40
Added entity wolf at 49, 15
Added entity wolf at 10, 30
Added entity wolf at 1, 45
Added entity wolf at 16, 26
Added entity wolf at 46, 26
Added entity wolf at 43, 16
Added entity wolf at 22, 34
Removed entity cow from grid at 40, 46
Removed entity wolf from grid at 49, 18
Removed entity wolf from grid at 42, 49
Removed entity cow from grid at 31, 25
Removed entity cow from grid at 31, 27
Removed entity cow from grid at 42, 14
Added entity human at 31, 6
Removed entity cow from grid at 30, 17
Removed entity cow from grid at 47, 39
Added entity wolf at 17, 6
Removed entity naturereserve from grid at 0, 12
Added entity cow at 34, 20
Removed entity tree from grid at 37, 32
Added entity human at 35, 38
Added entity cow at 35, 25
Added entity human at 4, 7
Removed entity human from grid at 24, 3
Added entity human at 11, 40
Removed entity wolf from grid at 19, 1
Removed entity wolf from grid at 22, 37
Added entity wolf at 10, 41
Added entity wolf at 24, 45
Removed entity tree from grid at 38, 46
Removed entity tree from grid at 39, 1
Added entity house at 31, 20
Removed entity cow from grid at 32, 22
Removed entity tree from grid at 32, 25
Removed entity human from grid at 41, 48
Added entity cow at 17, 11
Removed entity wolf from grid at 20, 1
Removed entity human from grid at 30, 25
Added entity cow at 11, 2
Removed entity wolf from grid at 44, 15
Removed entity wolf from grid at 10, 30
Added entity human at 40, 31
Added entity wolf at 26, 39
Added entity wolf at 18, 21
Removed entity naturereserve from grid at 45, 11
Removed entity naturereserve from grid at 39, 23
Removed entity cow from grid at 12, 40
Added entity tree at 41, 31
Added entity tree at 10, 39
Added entity tree at 4, 6
Added entity tree at 34, 37
Removed entity cow from grid at 42, 18
Removed entity wolf from grid at 8, 8
Added entity wolf at 13, 37
Added entity wolf at 8, 32
Added entity wolf at 1, 42
Removed entity human from grid at 14, 17
Added entity wolf at 17, 13
Added entity wolf at 7, 41
Removed entity wolf from grid at 47, 16
Removed entity wolf from grid at 18, 13
Removed entity human from grid at 40, 33
Removed entity wolf from grid at 10, 41
Added entity human at 45, 13
Added entity house at 33, 46
Added entity wolf at 30, 34
Added entity house at 43, 35
Removed entity naturereserve from grid at 29, 23
Removed entity human from grid at 28, 27
Removed entity tree from grid at 13, 42
Removed entity human from grid at 28, 24
Removed entity human from grid at 40, 31
Added entity tree at 3, 6
Added entity cow at 38, 15
Added entity cow at 39, 24
Added entity cow at 30, 9
Added entity cow at 44, 49
Removed entity wolf from grid at 46, 37
Removed entity cow from grid at 31, 18
Added entity wolf at 6, 39
Removed entity cow from grid at 42, 16
Added entity wolf at 48, 10
Added entity wolf at 45, 16
Removed entity cow from grid at 37, 1
Removed entity cow from grid at 33, 20
Removed entity cow from grid at 33, 23
Added entity human at 33, 29
Removed entity cow from grid at 32, 25
Added entity cow at 48, 21
Added entity cow at 26, 18
Removed entity human from grid at 30, 26
Removed entity cow from grid at 32, 16
Removed entity wolf from grid at 45, 16
Removed entity cow from grid at 46, 41
Removed entity wolf from grid at 8, 47
Added entity wolf at 41, 21
Removed entity human from grid at 43, 34
Added entity wolf at 12, 16
Removed entity naturereserve from grid at 41, 11
Removed entity naturereserve from grid at 26, 42
Removed entity human from grid at 33, 29
Added entity cow at 40, 25
Added entity cow at 39, 14
Removed entity wolf from grid at 44, 10
Added entity cow at 36, 26
Removed entity human from grid at 27, 2
Removed entity wolf from grid at 10, 28
Removed entity wolf from grid at 49, 15
Added entity human at 1, 13
Added entity human at 15, 4
Added entity wolf at 31, 37
Added entity wolf at 45, 16
Removed entity cow from grid at 30, 20
Removed entity human from grid at 37, 39
Added entity wolf at 7, 29
Added entity wolf at 18, 45
Removed entity cow from grid at 17, 12
Added entity cow at 10, 9
Removed entity wolf from grid at 17, 4
Removed entity tree from grid at 19, 13
Removed entity wolf from grid at 9, 41
Removed entity tree from grid at 34, 44
Added entity wolf at 40, 47
Added entity tree at 14, 3
Added entity cow at 35, 27
Added entity tree at 42, 10
Removed entity tree from grid at 28, 11
Added entity cow at 42, 20
Added entity berry at 42, 35
Removed entity human from grid at 42, 34
Removed entity tree from grid at 11, 28
Removed entity wolf from grid at 17, 17
Removed entity cow from grid at 30, 0
Added entity wolf at 0, 41
Added entity wolf at 45, 16
Added entity wolf at 8, 43
Added entity wolf at 19, 48
Added entity house at 20, 7
Added entity wolf at 22, 25
Removed entity wolf from grid at 0, 34
Added entity human at 44, 31
Removed entity tree from grid at 39, 0
Added entity human at 44, 42
Removed entity cow from grid at 34, 27
Removed entity wolf from grid at 30, 35
Removed entity human from grid at 44, 41
Added entity wolf at 48, 16
Added entity wolf at 29, 14
Removed entity wolf from grid at 23, 42
Added entity wolf at 32, 11
Added entity house at 14, 7
Added entity wolf at 16, 1
Added entity wolf at 12, 27
Added entity wolf at 31, 37
Added entity wolf at 37, 11
Removed entity naturereserve from grid at 43, 12
Removed entity naturereserve from grid at 14, 9
Removed entity wolf from grid at 8, 29
Removed entity human from grid at 44, 31
Added entity cow at 36, 28
Removed entity wolf from grid at 1, 11
Added entity cow at 40, 15
Added entity cow at 43, 48
Added entity cow at 31, 8
Added entity tree at 11, 39
Removed entity wolf from grid at 1, 8
Added entity cow at 42, 17
Removed entity wolf from grid at 11, 28
Added entity tree at 8, 37
Added entity tree at 6, 42
Removed entity wolf from grid at 47, 24
Removed entity wolf from grid at 22, 34
Removed entity cow from grid at 42, 17
Removed entity human from grid at 32, 21
Added entity wolf at 42, 22
Added entity wolf at 5, 29
Removed entity human from grid at 30, 20
Added entity wolf at 21, 47
Added entity wolf at 16, 41
Removed entity human from grid at 20, 6
Removed entity human from grid at 41, 42
Added entity wolf at 25, 27
Removed entity cow from grid at 34, 2
Removed entity cow from grid at 34, 20
Added entity human at 28, 12
Removed entity cow from grid at 42, 48
Removed entity cow from grid at 33, 19
Removed entity human from grid at 28, 11
Added entity wolf at 26, 36
Removed entity human from grid at 13, 6
Added entity wolf at 17, 28
Removed entity naturereserve from grid at 12, 11
Removed entity human from grid at 32, 25
Added entity cow at 43, 21
Removed entity wolf from grid at 42, 23
Removed entity wolf from grid at 31, 37
Removed entity wolf from grid at 49, 36
Removed entity wolf from grid at 11, 28
Removed entity wolf from grid at 8, 43
Removed entity wolf from grid at 17, 18
Removed entity human from grid at 31, 2
Added entity wolf at 1, 36
Added entity wolf at 21, 22
Removed entity human from grid at 34, 10
Removed entity cow from grid at 10, 9
Removed entity wolf from grid at 21, 19
Added entity wolf at 40, 21
Removed entity wolf from grid at 25, 28
Removed entity naturereserve from grid at 6, 26
Removed entity wolf from grid at 10, 41
Removed entity cow from grid at 41, 42
Added entity cow at 41, 24
Removed entity wolf from grid at 28, 9
Removed entity cow from grid at 32, 1
Removed entity cow from grid at 48, 35
Removed entity wolf from grid at 43, 16
Removed entity cow from grid at 35, 28
Added entity wolf at 21, 47
Added entity wolf at 26, 18
Removed entity human from grid at 35, 9
Added entity wolf at 2, 28
Removed entity wolf from grid at 16, 26
Removed entity wolf from grid at 26, 18
Added entity wolf at 48, 23
Added entity wolf at 20, 40
Removed entity wolf from grid at 21, 24
Added entity wolf at 23, 37
Added entity wolf at 9, 27
Added entity human at 34, 6
Removed entity wolf from grid at 47, 13
Removed entity human from grid at 32, 22
Removed entity human from grid at 33, 22
Removed entity cow from grid at 42, 47
Removed entity wolf from grid at 19, 0
Removed entity cow from grid at 42, 13
Added entity house at 33, 20
Added entity wolf at 36, 40
Added entity wolf at 28, 48
Removed entity wolf from grid at 40, 12
Removed entity naturereserve from grid at 29, 8
Added entity cow at 42, 47
Added entity cow at 28, 15
Removed entity wolf from grid at 12, 43
Removed entity tree from grid at 3, 6
Added entity house at 27, 9
Removed entity wolf from grid at 11, 27
Removed entity cow from grid at 9, 3
Added entity wolf at 11, 42
Added entity wolf at 6, 33
Added entity wolf at 18, 14
Added entity wolf at 3, 25
Added entity wolf at 27, 18
Added entity wolf at 18, 32
Removed entity human from grid at 34, 21
Added entity cow at 44, 14
Removed entity human from grid at 34, 20
Removed entity cow from grid at 42, 16
Removed entity wolf from grid at 20, 42
Added entity wolf at 49, 3
Added entity wolf at 32, 31
Added entity tree at 33, 7
Added entity cow at 42, 25
Added entity cow at 30, 7
Added entity human at 2, 13
Removed entity wolf from grid at 12, 43
Removed entity wolf from grid at 49, 34
Removed entity wolf from grid at 4, 43
Removed entity wolf from grid at 17, 17
Removed entity wolf from grid at 27, 36
Removed entity human from grid at 32, 29
Added entity wolf at 43, 22
Removed entity tree from grid at 19, 21
Removed entity wolf from grid at 49, 17
Added entity house at 30, 1
Removed entity wolf from grid at 19, 41
Added entity wolf at 35, 41
Added entity wolf at 23, 4
Removed entity naturereserve from grid at 48, 9
Added entity tree at 1, 12
Added entity cow at 29, 14
Added entity cow at 41, 16
Removed entity cow from grid at 36, 14
Removed entity tree from grid at 8, 4
Removed entity cow from grid at 44, 14
Removed entity wolf from grid at 26, 36
Removed entity wolf from grid at 17, 32
Added entity wolf at 29, 39
Added entity wolf at 32, 16
Removed entity wolf from grid at 22, 24
Removed entity wolf from grid at 47, 16
Added entity house at 37, 8
Added entity house at 7, 15
Removed entity human from grid at 33, 32
Removed entity wolf from grid at 27, 38
Added entity wolf at 31, 34
Removed entity naturereserve from grid at 19, 25
Removed entity naturereserve from grid at 47, 12
Added entity tree at 2, 12
Added entity cow at 31, 6
Removed entity human from grid at 13, 6
Removed entity wolf from grid at 27, 39
Removed entity wolf from grid at 45, 16
Added entity wolf at 28, 47
Removed entity wolf from grid at 17, 43
Removed entity tree from grid at 23, 17
Added entity berry at 34, 8
Added entity wolf at 43, 13
Removed entity wolf from grid at 42, 49
Added entity house at 28, 23
Removed entity wolf from grid at 5, 33
Added entity cow at 24, 24
Added entity cow at 42, 16
Removed entity human from grid at 27, 23
Removed entity human from grid at 37, 7
Removed entity human from grid at 20, 15
Removed entity cow from grid at 31, 17
Removed entity human from grid at 33, 45
Added entity wolf at 19, 0
Added entity house at 43, 36
Added entity cow at 41, 15
Added entity cow at 40, 15
Added entity tree at 3, 12
Added entity cow at 41, 24
Removed entity tree from grid at 34, 13
Added entity cow at 43, 22
Removed entity cow from grid at 44, 46
Removed entity cow from grid at 39, 25
Added entity wolf at 5, 36
Removed entity wolf from grid at 30, 38
Added entity wolf at 16, 16
Removed entity cow from grid at 35, 22
Removed entity human from grid at 29, 22
Removed entity cow from grid at 43, 16
Removed entity wolf from grid at 5, 39
Removed entity cow from grid at 43, 17
Added entity wolf at 20, 35
Added entity wolf at 17, 27
Removed entity wolf from grid at 24, 16
Removed entity berry from grid at 34, 8
Added entity wolf at 18, 12
Removed entity cow from grid at 33, 5
Removed entity wolf from grid at 18, 12
Removed entity cow from grid at 41, 49
Removed entity cow from grid at 35, 13
Removed entity cow from grid at 40, 44
Added entity cow at 47, 19
Added entity human at 29, 7
Removed entity cow from grid at 34, 17
Added entity wolf at 25, 41
Added entity wolf at 36, 42
Removed entity naturereserve from grid at 40, 40
Removed entity naturereserve from grid at 30, 10
Removed entity naturereserve from grid at 35, 47
Added entity tree at 28, 6
Added entity cow at 40, 25
Added entity cow at 43, 46
Removed entity tree from grid at 38, 26
Removed entity human from grid at 28, 1
Removed entity wolf from grid at 30, 36
Removed entity wolf from grid at 17, 35
Added entity wolf at 30, 47
Added entity wolf at 9, 30
Added entity wolf at 25, 31
Added entity wolf at 9, 25
Removed entity wolf from grid at 16, 27
Added entity house at 39, 43
Removed entity cow from grid at 28, 14
Added entity cow at 28, 18
Added entity cow at 44, 20
Removed entity human from grid at 33, 45
Removed entity tree from grid at 20, 26
Removed entity human from grid at 8, 15
Removed entity wolf from grid at 30, 47
Removed entity naturereserve from grid at 29, 21
Removed entity naturereserve from grid at 12, 29
Removed entity naturereserve from grid at 25, 12
Added entity house at 10, 45
Added entity cow at 44, 47
Added entity tree at 28, 7
Added entity cow at 42, 21
Added entity cow at 39, 16
Added entity tree at 4, 12
Added entity cow at 45, 21
Removed entity human from grid at 37, 9
Removed entity tree from grid at 30, 40
Removed entity tree from grid at 49, 31
Removed entity wolf from grid at 26, 37
Added entity wolf at 28, 48
Added entity wolf at 22, 13
Added entity wolf at 30, 43
Added entity wolf at 21, 19
Added entity wolf at 48, 9
Added entity wolf at 26, 45
Added entity wolf at 10, 34
Removed entity wolf from grid at 16, 16
Removed entity cow from grid at 42, 16
Added entity human at 6, 19
Removed entity wolf from grid at 19, 0
Removed entity human from grid at 39, 44
Removed entity cow from grid at 24, 24
Removed entity wolf from grid at 39, 14
Removed entity wolf from grid at 36, 17
Removed entity cow from grid at 34, 32
Removed entity wolf from grid at 27, 37
Added entity wolf at 12, 29
Added entity wolf at 9, 8
Removed entity human from grid at 9, 45
Removed entity human from grid at 6, 19
Added entity cow at 38, 15
Added entity cow at 45, 46
Added entity tree at 29, 8
Added entity cow at 44, 19
Added entity cow at 42, 16
Added entity tree at 36, 12
Removed entity tree from grid at 46, 45
Removed entity wolf from grid at 30, 40
Removed entity tree from grid at 21, 11
Removed entity wolf from grid at 47, 21
Removed entity tree from grid at 28, 45
Added entity wolf at 2, 39
Added entity wolf at 27, 39
Added entity wolf at 17, 40
Removed entity tree from grid at 33, 7
Added entity human at 28, 10
Added entity cow at 28, 30
Removed entity wolf from grid at 20, 1
Removed entity cow from grid at 35, 16
Removed entity cow from grid at 38, 17
Removed entity cow from grid at 40, 14
Removed entity cow from grid at 36, 18
Removed entity cow from grid at 28, 18
Removed entity cow from grid at 38, 7
Added entity cow at 43, 17
Added entity cow at 43, 20
Added entity cow at 46, 45
Added entity cow at 39, 24
Removed entity cow from grid at 30, 7
Added entity tree at 35, 12
Added entity tree at 35, 14
Added entity tree at 44, 44
Removed entity human from grid at 11, 45
Removed entity wolf from grid at 28, 40
Added entity tree at 23, 10
Removed entity wolf from grid at 49, 28
Removed entity wolf from grid at 17, 27
Removed entity wolf from grid at 46, 16
Added entity wolf at 7, 29
Added entity wolf at 13, 37
Added entity wolf at 37, 48
Added entity wolf at 16, 49
Added entity wolf at 15, 22
Added entity wolf at 12, 0
Added entity cow at 30, 31
Added entity cow at 19, 4
Removed entity cow from grid at 33, 16
Removed entity cow from grid at 37, 18
Removed entity cow from grid at 39, 13
Removed entity cow from grid at 39, 29
Added entity wolf at 26, 35
Added entity wolf at 30, 33
Added entity wolf at 27, 48
Added entity wolf at 21, 11
Added entity wolf at 20, 41
Added entity wolf at 35, 39
Added entity cow at 47, 46
Added entity cow at 42, 18
Added entity cow at 37, 14
Added entity cow at 46, 20
Added entity cow at 32, 6
Removed entity human from grid at 6, 15
Removed entity wolf from grid at 49, 20
Removed entity wolf from grid at 30, 43
Added entity wolf at 20, 40
Added entity wolf at 14, 33
Removed entity wolf from grid at 19, 33
Added entity wolf at 11, 40
Added entity wolf at 5, 44
Added entity wolf at 28, 43
Added entity wolf at 20, 18
Added entity human at 35, 23
Added entity human at 37, 23
Added entity cow at 19, 21
Added entity human at 38, 29
Removed entity wolf from grid at 22, 20
Removed entity wolf from grid at 8, 8
Added entity wolf at 32, 34
Removed entity naturereserve from grid at 32, 30
Removed entity wolf from grid at 37, 48
Added entity cow at 31, 32
Added entity cow at 29, 31
Removed entity human from grid at 27, 10
Removed entity wolf from grid at 27, 41
Removed entity wolf from grid at 20, 13
Removed entity wolf from grid at 26, 41
Removed entity wolf from grid at 17, 19
Removed entity wolf from grid at 49, 20
Removed entity wolf from grid at 26, 38
Removed entity wolf from grid at 32, 34
Added entity wolf at 35, 48
Removed entity wolf from grid at 15, 22
Removed entity wolf from grid at 28, 48
Added entity wolf at 25, 30
Removed entity wolf from grid at 20, 18
Added entity human at 33, 27
Removed entity cow from grid at 29, 16
Added entity cow at 14, 4
Added entity cow at 23, 48
Added entity cow at 30, 20
Added entity wolf at 31, 34
Added entity cow at 32, 31
Added entity cow at 41, 17
Added entity cow at 45, 21
Removed entity cow from grid at 37, 12
Removed entity cow from grid at 35, 15
Removed entity cow from grid at 43, 46
Removed entity wolf from grid at 47, 26
Removed entity cow from grid at 35, 25
Removed entity human from grid at 31, 29
Removed entity cow from grid at 31, 18
Removed entity cow from grid at 47, 20
Added entity wolf at 11, 43
Removed entity cow from grid at 42, 22
Removed entity cow from grid at 19, 20
Added entity wolf at 27, 39
Added entity wolf at 26, 48
Removed entity cow from grid at 36, 6
Removed entity cow from grid at 31, 17
Removed entity wolf from grid at 26, 31
Added entity cow at 30, 30
Removed entity cow from grid at 19, 3
Removed entity cow from grid at 38, 17
Added entity human at 28, 11
Removed entity cow from grid at 40, 17
Removed entity cow from grid at 39, 20
Added entity human at 39, 37
Removed entity human from grid at 39, 37
Added entity cow at 29, 29
Added entity cow at 33, 32
Removed entity cow from grid at 32, 26
Added entity cow at 33, 7
Added entity cow at 47, 19
Removed entity tree from grid at 29, 8
Removed entity tree from grid at 35, 14
Removed entity cow from grid at 47, 27
Added entity human at 37, 13
Removed entity wolf from grid at 27, 39
Added entity wolf at 20, 41
Added entity wolf at 6, 30
Added entity wolf at 37, 48
Added entity wolf at 12, 40
Added entity human at 39, 23
Removed entity tree from grid at 22, 23
Added entity wolf at 18, 29
Added entity tree at 39, 22
Added entity tree at 38, 13
Added entity cow at 34, 8
Added entity cow at 34, 33
Added entity cow at 28, 30
Added entity cow at 44, 22
Added entity cow at 30, 32
Added entity cow at 40, 25
Removed entity cow from grid at 31, 7
Removed entity cow from grid at 37, 15
Removed entity cow from grid at 45, 29
Removed entity cow from grid at 32, 20
Removed entity cow from grid at 37, 12
Removed entity wolf from grid at 5, 49
Removed entity cow from grid at 46, 21
Added entity wolf at 11, 2
Removed entity wolf from grid at 27, 48
Added entity wolf at 30, 43
Added entity wolf at 5, 36
Added entity wolf at 22, 20
Removed entity cow from grid at 29, 29
Added entity human at 38, 42
Removed entity wolf from grid at 29, 35
Added entity wolf at 18, 20
Removed entity naturereserve from grid at 18, 7
Removed entity naturereserve from grid at 35, 44
Removed entity wolf from grid at 35, 48
Added entity cow at 35, 32
Removed entity wolf from grid at 28, 37
Removed entity wolf from grid at 24, 46
Removed entity wolf from grid at 30, 41
Added entity wolf at 29, 47
Added entity wolf at 23, 29
Added entity berry at 0, 11
Removed entity wolf from grid at 29, 47
Removed entity wolf from grid at 17, 21
Added entity wolf at 20, 37
Removed entity wolf from grid at 20, 20
Added entity wolf at 17, 14
Added entity wolf at 18, 39
Added entity wolf at 49, 12
Added entity human at 35, 23
Removed entity wolf from grid at 20, 28
Added entity cow at 30, 39
Added entity tree at 34, 22
Added entity cow at 36, 33
Added entity cow at 41, 24
Added entity cow at 31, 31
Added entity cow at 35, 9
Removed entity cow from grid at 39, 21
Removed entity cow from grid at 37, 14
Removed entity cow from grid at 36, 31
Added entity cow at 48, 45
Removed entity cow from grid at 30, 9
Removed entity cow from grid at 37, 15
Added entity wolf at 40, 31
Removed entity human from grid at 34, 26
Added entity wolf at 27, 28
Removed entity wolf from grid at 5, 39
Removed entity wolf from grid at 29, 41
Added entity human at 28, 26
Added entity wolf at 44, 24
Added entity wolf at 1, 36
Added entity wolf at 1, 45
Removed entity wolf from grid at 27, 28
Added entity human at 36, 4
Removed entity cow from grid at 32, 17
Added entity cow at 30, 39
Added entity cow at 48, 14
Removed entity wolf from grid at 27, 38
Removed entity wolf from grid at 47, 12
Removed entity naturereserve from grid at 44, 37
Removed entity human from grid at 28, 26
Added entity cow at 42, 25
Added entity cow at 35, 34
Removed entity cow from grid at 35, 24
Added entity cow at 45, 21
Removed entity cow from grid at 38, 14
Removed entity cow from grid at 29, 11
Removed entity cow from grid at 31, 30
Removed entity cow from grid at 35, 32
Removed entity cow from grid at 40, 13
Removed entity cow from grid at 37, 15
Removed entity cow from grid at 31, 23
Removed entity cow from grid at 30, 39
Added entity wolf at 22, 30
Removed entity wolf from grid at 27, 49
Added entity wolf at 9, 27
Added entity wolf at 15, 14
Added entity wolf at 25, 49
Added entity wolf at 23, 35
Removed entity human from grid at 20, 8
Removed entity wolf from grid at 17, 16
Removed entity human from grid at 38, 21
Added entity wolf at 48, 39
Removed entity naturereserve from grid at 22, 5
Removed entity naturereserve from grid at 12, 17
Removed entity naturereserve from grid at 35, 40
Added entity cow at 34, 35
Added entity cow at 49, 46
Added entity cow at 36, 10
Added entity cow at 27, 31
Added entity wolf at 16, 16
Removed entity wolf from grid at 45, 24
Added entity wolf at 5, 44
Removed entity wolf from grid at 27, 49
Removed entity wolf from grid at 16, 16
Added entity wolf at 5, 36
Added entity wolf at 19, 23
Removed entity wolf from grid at 14, 15
Removed entity wolf from grid at 21, 33
Added entity human at 42, 27
Added entity human at 41, 27
Added entity human at 41, 37
Added entity wolf at 16, 20
Added entity wolf at 14, 24
Removed entity human from grid at 41, 38
Removed entity human from grid at 41, 27
Removed entity human from grid at 42, 27
Added entity cow at 35, 11
Added entity cow at 33, 36
Added entity cow at 30, 32
Added entity cow at 42, 18
Removed entity wolf from grid at 25, 36
Added entity wolf at 4, 35
Added entity wolf at 18, 14
Removed entity wolf from grid at 16, 19
Added entity wolf at 43, 16
Added entity wolf at 18, 38
Added entity wolf at 24, 49
Added entity wolf at 45, 13
Removed entity cow from grid at 28, 30
Removed entity wolf from grid at 21, 30
Removed entity human from grid at 39, 21
Removed entity wolf from grid at 18, 14
Removed entity wolf from grid at 20, 24
Added entity wolf at 48, 6
Removed entity wolf from grid at 45, 13
Removed entity naturereserve from grid at 38, 10
Removed entity naturereserve from grid at 30, 27
Removed entity naturereserve from grid at 9, 7
Removed entity naturereserve from grid at 13, 24
Added entity cow at 29, 31
Added entity cow at 41, 24
Removed entity cow from grid at 34, 5
Added entity cow at 31, 35
Added entity berry at 20, 42
Removed entity wolf from grid at 8, 1
Removed entity cow from grid at 16, 5
Added entity wolf at 12, 4
Added entity wolf at 3, 49
Added entity wolf at 20, 36
Added entity wolf at 10, 33
Added entity wolf at 3, 29
Added entity human at 25, 8
Added entity human at 37, 37
Removed entity wolf from grid at 24, 33
Removed entity wolf from grid at 12, 4
Added entity human at 40, 29
Removed entity naturereserve from grid at 1, 33
Removed entity human from grid at 40, 29
Added entity cow at 48, 45
Removed entity wolf from grid at 34, 47
Removed entity cow from grid at 34, 26
Added entity cow at 44, 19
Removed entity cow from grid at 28, 33
Removed entity wolf from grid at 43, 16
Removed entity wolf from grid at 4, 38
Added entity human at 28, 24
Removed entity wolf from grid at 16, 27
Added entity wolf at 14, 34
Added entity human at 32, 12
Removed entity wolf from grid at 11, 1
Removed entity wolf from grid at 47, 14
Added entity wolf at 25, 35
Added entity cow at 45, 20
Added entity cow at 40, 25
Added entity cow at 28, 32
Added entity cow at 27, 32
Added entity cow at 43, 22
Removed entity cow from grid at 30, 11
Removed entity wolf from grid at 48, 34
Added entity wolf at 48, 16
Removed entity wolf from grid at 48, 16
Added entity wolf at 7, 41
Added entity wolf at 22, 20
Added entity wolf at 16, 49
Added entity cow at 29, 22
Removed entity wolf from grid at 26, 36
Removed entity naturereserve from grid at 16, 4
Added entity cow at 49, 44
Added entity cow at 32, 35
Removed entity wolf from grid at 0, 27
Removed entity wolf from grid at 3, 40
Removed entity wolf from grid at 22, 43
Added entity wolf at 30, 43
Added entity wolf at 22, 17
Added entity wolf at 26, 48
Added entity wolf at 10, 33
Removed entity wolf from grid at 20, 34
Removed entity wolf from grid at 21, 37
Added entity tree at 11, 40
Added entity cow at 30, 34
Added entity cow at 44, 20
Removed entity human from grid at 41, 34
Added entity berry at 10, 35
Removed entity cow from grid at 30, 34
Added entity wolf at 22, 18
Added entity wolf at 22, 14
Removed entity wolf from grid at 26, 48
Removed entity wolf from grid at 18, 16
Added entity cow at 28, 27
Added entity cow at 32, 48
Removed entity wolf from grid at 21, 38
Removed entity wolf from grid at 20, 36
Added entity human at 43, 5
Removed entity wolf from grid at 22, 14
Added entity wolf at 25, 39
Removed entity human from grid at 43, 5
Removed entity wolf from grid at 1, 24
Removed entity wolf from grid at 49, 7
Removed entity wolf from grid at 49, 36
Removed entity cow from grid at 48, 33
Removed entity wolf from grid at 12, 26
Removed entity wolf from grid at 23, 45
Added entity wolf at 23, 20
Added entity wolf at 23, 28
Added entity wolf at 9, 43
Removed entity wolf from grid at 26, 38
Added entity wolf at 22, 15
Added entity wolf at 16, 21
Removed entity wolf from grid at 23, 20
Added entity human at 6, 17
Removed entity wolf from grid at 22, 18
Added entity cow at 32, 20
Added entity cow at 8, 3
Removed entity wolf from grid at 22, 15
Added entity wolf at 44, 8
Added entity cow at 48, 45
Added entity cow at 29, 31
Added entity cow at 41, 24
Removed entity berry from grid at 27, 34
Removed entity cow from grid at 45, 16
Added entity berry at 34, 6
Removed entity cow from grid at 42, 16
Added entity wolf at 47, 13
Removed entity cow from grid at 40, 20
Added entity human at 38, 43
Removed entity cow from grid at 48, 14
Added entity wolf at 45, 27
Added entity wolf at 28, 42
Removed entity wolf from grid at 20, 38
Added entity wolf at 34, 18
Added entity wolf at 20, 30
Removed entity wolf from grid at 15, 33
Removed entity wolf from grid at 22, 18
Added entity cow at 39, 19
Removed entity wolf from grid at 21, 39
Removed entity wolf from grid at 47, 13
Added entity cow at 38, 18
Removed entity human from grid at 6, 17
Removed entity cow from grid at 33, 15
Added entity cow at 41, 19
Removed entity cow from grid at 41, 38
Removed entity wolf from grid at 21, 40
Removed entity cow from grid at 28, 30
Removed entity cow from grid at 47, 37
Removed entity cow from grid at 46, 30
Added entity wolf at 17, 14
Added entity wolf at 0, 44
Added entity wolf at 35, 17
Removed entity wolf from grid at 16, 37
Removed entity wolf from grid at 15, 31
Removed entity wolf from grid at 19, 38
Added entity human at 42, 27
Removed entity wolf from grid at 17, 14
Removed entity wolf from grid at 47, 6
Added entity wolf at 13, 35
Removed entity naturereserve from grid at 49, 9
Added entity cow at 42, 20
Removed entity cow from grid at 38, 45
Added entity cow at 33, 34
Added entity cow at 44, 23
Added entity cow at 28, 33
Removed entity wolf from grid at 31, 17
Removed entity cow from grid at 30, 38
Added entity cow at 34, 10
Removed entity cow from grid at 40, 10
Removed entity wolf from grid at 43, 9
Removed entity wolf from grid at 39, 15
Removed entity cow from grid at 38, 18
Removed entity cow from grid at 41, 15
Added entity wolf at 10, 41
Removed entity cow from grid at 25, 49
Added entity wolf at 14, 47
Added entity wolf at 48, 23
Added entity human at 23, 6
Added entity cow at 26, 32
Added entity cow at 33, 18
Removed entity wolf from grid at 20, 40
Added entity human at 31, 10
Removed entity wolf from grid at 26, 38
Removed entity wolf from grid at 15, 36
Added entity wolf at 41, 36
Removed entity naturereserve from grid at 24, 25
Removed entity cow from grid at 32, 10
Added entity cow at 33, 9
Added entity cow at 43, 24
Added entity cow at 34, 35
Added entity cow at 41, 21
Removed entity human from grid at 38, 44
Added entity cow at 42, 25
Added entity cow at 47, 44
Removed entity cow from grid at 33, 15
Removed entity wolf from grid at 30, 40
Removed entity cow from grid at 29, 9
Removed entity human from grid at 42, 26
Removed entity cow from grid at 43, 16
Removed entity cow from grid at 26, 30
Removed entity cow from grid at 30, 11
Removed entity berry from grid at 34, 6
Removed entity wolf from grid at 28, 48
Removed entity cow from grid at 26, 32
Removed entity cow from grid at 39, 19
Added entity human at 36, 43
Removed entity cow from grid at 30, 36
Added entity wolf at 11, 45
Added entity wolf at 26, 44
Added entity wolf at 25, 49
Added entity cow at 18, 4
Removed entity cow from grid at 18, 4
Added entity human at 29, 7
Removed entity cow from grid at 29, 49
Removed entity wolf from grid at 17, 19
Added entity cow at 40, 20
Added entity cow at 35, 34
Added entity cow at 44, 25
Added entity cow at 32, 10
Removed entity cow from grid at 32, 10
Added entity cow at 34, 17
Added entity cow at 27, 34
Added entity cow at 32, 20
Added entity cow at 27, 29
Removed entity berry from grid at 26, 33
Added entity cow at 44, 19
Removed entity cow from grid at 32, 38
Removed entity cow from grid at 37, 15
Added entity wolf at 14, 17
Removed entity cow from grid at 40, 17
Removed entity wolf from grid at 20, 45
Removed entity cow from grid at 29, 34
Removed entity wolf from grid at 18, 31
Added entity wolf at 14, 48
Added entity wolf at 2, 44
Removed entity cow from grid at 39, 20
Added entity cow at 26, 34
Removed entity cow from grid at 26, 33
Removed entity wolf from grid at 12, 34
Added entity wolf at 37, 9
Removed entity naturereserve from grid at 15, 39
Added entity cow at 25, 35
Added entity cow at 26, 33
Added entity cow at 33, 16
Added entity cow at 45, 26
Added entity cow at 36, 35
Removed entity cow from grid at 28, 4
Added entity cow at 46, 43
Added entity cow at 45, 21
Removed entity cow from grid at 33, 14
Removed entity cow from grid at 30, 21
Removed entity cow from grid at 38, 9
Removed entity wolf from grid at 1, 25
Removed entity cow from grid at 6, 2
Removed entity human from grid at 44, 36
Added entity human at 19, 5
Removed entity cow from grid at 40, 19
Removed entity cow from grid at 42, 17
Removed entity cow from grid at 31, 35
Removed entity cow from grid at 43, 32
Added entity wolf at 2, 35
Added entity wolf at 43, 21
Added entity wolf at 22, 17
Added entity wolf at 26, 42
Added entity wolf at 28, 35
Added entity wolf at 35, 17
Removed entity wolf from grid at 26, 48
Added entity cow at 38, 15
Added entity cow at 18, 4
Added entity cow at 48, 14
Added entity wolf at 21, 1
Removed entity wolf from grid at 48, 1
Added entity wolf at 47, 4
Removed entity human from grid at 19, 5
Added entity cow at 46, 22
Added entity cow at 37, 34
Added entity cow at 25, 32
Added entity cow at 26, 30
Added entity cow at 33, 21
Removed entity human from grid at 32, 11
Added entity cow at 28, 32
Removed entity wolf from grid at 34, 14
Removed entity wolf from grid at 1, 24
Removed entity wolf from grid at 21, 47
Removed entity wolf from grid at 28, 35
Added entity wolf at 21, 23
Removed entity wolf from grid at 18, 39
Added entity wolf at 10, 34
Added entity cow at 18, 21
Removed entity wolf from grid at 49, 3
Added entity cow at 47, 21
Added entity cow at 36, 16
Added entity cow at 47, 42
Added entity cow at 32, 15
Added entity cow at 39, 19
Removed entity cow from grid at 39, 39
Added entity cow at 43, 26
Removed entity cow from grid at 34, 15
Removed entity cow from grid at 33, 11
Removed entity human from grid at 44, 37
Removed entity cow from grid at 42, 18
Removed entity cow from grid at 26, 30
Removed entity wolf from grid at 41, 19
Removed entity wolf from grid at 42, 12
Added entity wolf at 22, 40
Added entity wolf at 22, 18
Removed entity cow from grid at 28, 33
Removed entity wolf from grid at 18, 18
Added entity wolf at 23, 33
Added entity wolf at 16, 41
Removed entity wolf from grid at 22, 18
Added entity cow at 49, 20
Added entity cow at 24, 46
Removed entity wolf from grid at 22, 40
Added entity cow at 11, 4
Added entity human at 44, 40
Removed entity wolf from grid at 23, 42
Added entity wolf at 26, 35
Removed entity cow from grid at 25, 35
Removed entity wolf from grid at 26, 42
Removed entity human from grid at 44, 40
Added entity cow at 42, 27
Added entity cow at 38, 20
Added entity cow at 33, 14
Added entity cow at 32, 20
Removed entity cow from grid at 44, 24
Removed entity cow from grid at 33, 16
Removed entity cow from grid at 41, 19
Removed entity cow from grid at 11, 4
Removed entity cow from grid at 44, 19
Removed entity wolf from grid at 26, 37
Removed entity wolf from grid at 20, 30
Added entity wolf at 49, 15
Added entity wolf at 23, 31
Added entity wolf at 15, 47
Added entity wolf at 20, 33
Removed entity cow from grid at 39, 19
Removed entity cow from grid at 19, 21
Removed entity cow from grid at 25, 32
Removed entity wolf from grid at 10, 34
Added entity human at 31, 8
Removed entity wolf from grid at 16, 34
Removed entity naturereserve from grid at 16, 0
Removed entity naturereserve from grid at 45, 7
Removed entity naturereserve from grid at 13, 28
Removed entity naturereserve from grid at 36, 41
Removed entity naturereserve from grid at 31, 36
Added entity cow at 27, 31
Added entity cow at 44, 27
Removed entity cow from grid at 41, 38
Removed entity cow from grid at 33, 14
Removed entity cow from grid at 30, 13
Removed entity cow from grid at 42, 18
Removed entity cow from grid at 41, 16
Removed entity cow from grid at 32, 38
Removed entity cow from grid at 41, 20
Removed entity wolf from grid at 48, 37
Added entity wolf at 23, 20
Added entity wolf at 24, 27
Removed entity wolf from grid at 21, 33
Added entity wolf at 1, 42
Added entity wolf at 29, 39
Added entity wolf at 1, 38
Added entity tree at 3, 19
Removed entity cow from grid at 39, 21
Added entity human at 23, 8
Added entity cow at 17, 4
Added entity wolf at 37, 13
Removed entity wolf from grid at 23, 33
Removed entity naturereserve from grid at 22, 28
Removed entity naturereserve from grid at 17, 20
Removed entity naturereserve from grid at 36, 9
Removed entity human from grid at 23, 8
Added entity cow at 45, 28
Removed entity human from grid at 32, 8
Added entity cow at 37, 17
Added entity cow at 16, 2
Removed entity berry from grid at 25, 33
Removed entity cow from grid at 45, 23
Removed entity cow from grid at 33, 14
Removed entity cow from grid at 36, 11
Removed entity cow from grid at 44, 19
Removed entity wolf from grid at 23, 20
Removed entity cow from grid at 25, 33
Removed entity human from grid at 32, 10
Removed entity wolf from grid at 2, 25
Removed entity cow from grid at 41, 2
Removed entity cow from grid at 15, 3
Removed entity cow from grid at 23, 45
Removed entity cow from grid at 27, 32
Added entity wolf at 16, 33
Added entity wolf at 44, 15
Removed entity wolf from grid at 19, 20
Added entity human at 36, 30
Removed entity human from grid at 22, 6
Added entity cow at 38, 17
Removed entity cow from grid at 48, 14
Added entity wolf at 26, 47
Added entity wolf at 29, 49
Removed entity wolf from grid at 20, 34
Removed entity naturereserve from grid at 48, 4
Removed entity naturereserve from grid at 26, 40
Removed entity naturereserve from grid at 18, 48
Removed entity naturereserve from grid at 12, 35
Removed entity naturereserve from grid at 42, 36
Added entity cow at 17, 2
Added entity cow at 31, 19
Added entity cow at 48, 41
Added entity cow at 48, 22
Removed entity wolf from grid at 30, 38
Removed entity cow from grid at 36, 11
Removed entity wolf from grid at 39, 15
Removed entity cow from grid at 44, 19
Added entity wolf at 43, 24
Removed entity cow from grid at 26, 33
Added entity wolf at 14, 34
Removed entity wolf from grid at 24, 48
Added entity wolf at 10, 32
Added entity wolf at 1, 41
Added entity wolf at 3, 27
Added entity wolf at 29, 39
Added entity wolf at 17, 37
Added entity human at 36, 30
Added entity cow at 31, 23
Removed entity wolf from grid at 48, 14
Removed entity wolf from grid at 19, 40
Removed entity wolf from grid at 14, 34
Removed entity wolf from grid at 29, 39
Removed entity wolf from grid at 23, 26
Removed entity cow from grid at 35, 29
Removed entity cow from grid at 36, 32
Added entity cow at 17, 1
Added entity cow at 38, 18
Added entity cow at 41, 28
Removed entity cow from grid at 42, 40
Removed entity cow from grid at 33, 14
Removed entity cow from grid at 31, 19
Removed entity wolf from grid at 45, 15
Added entity berry at 1, 22
Removed entity cow from grid at 38, 4
Removed entity cow from grid at 29, 35
Removed entity cow from grid at 48, 41
Removed entity cow from grid at 44, 39
Added entity wolf at 1, 48
Added entity wolf at 10, 31
Added entity wolf at 16, 1
Removed entity cow from grid at 41, 21
Removed entity wolf from grid at 17, 36
Removed entity wolf from grid at 15, 19
Added entity cow at 20, 15
Added entity cow at 10, 41
Removed entity wolf from grid at 14, 32
Removed entity wolf from grid at 22, 43
Added entity wolf at 44, 19
Removed entity naturereserve from grid at 26, 22
Added entity cow at 42, 29
Added entity cow at 37, 19
Added entity cow at 31, 23
Added entity cow at 47, 23
Added entity cow at 39, 18
Removed entity cow from grid at 35, 32
Removed entity cow from grid at 42, 40
Removed entity cow from grid at 46, 20
Removed entity cow from grid at 35, 15
Removed entity cow from grid at 32, 12
Removed entity cow from grid at 35, 11
Removed entity cow from grid at 27, 30
Removed entity cow from grid at 28, 35
Added entity wolf at 14, 15
Removed entity cow from grid at 49, 41
Removed entity wolf from grid at 44, 19
Removed entity cow from grid at 37, 15
Added entity wolf at 12, 2
Added entity wolf at 2, 39
Added entity wolf at 28, 40
Removed entity cow from grid at 42, 21
Removed entity wolf from grid at 20, 44
Removed entity cow from grid at 28, 32
Added entity cow at 30, 21
Removed entity cow from grid at 17, 1
Added entity human at 38, 27
Removed entity cow from grid at 19, 15
Removed entity naturereserve from grid at 21, 42
Removed entity naturereserve from grid at 24, 15
Removed entity naturereserve from grid at 40, 16
Removed entity human from grid at 38, 27
Added entity cow at 38, 19
Added entity cow at 30, 24
Added entity cow at 38, 20
Added entity cow at 44, 27
Added entity cow at 29, 32
Removed entity wolf from grid at 21, 0
Removed entity tree from grid at 36, 12
Added entity human at 16, 7
Removed entity wolf from grid at 16, 1
Added entity tree at 48, 48
Added entity wolf at 7, 41
Added entity wolf at 16, 39
Removed entity cow from grid at 16, 6
Added entity human at 41, 29
Removed entity wolf from grid at 26, 37
Added entity human at 30, 7
Added entity wolf at 48, 40
Added entity wolf at 40, 47
Removed entity human from grid at 41, 29
Removed entity human from grid at 16, 7
Added entity cow at 30, 33
Added entity cow at 45, 28
Added entity cow at 39, 20
Removed entity cow from grid at 42, 40
Removed entity cow from grid at 47, 19
Removed entity cow from grid at 31, 17
Removed entity cow from grid at 35, 10
Removed entity cow from grid at 37, 4
Removed entity cow from grid at 28, 32
Removed entity cow from grid at 37, 18
Added entity wolf at 47, 14
Added entity human at 17, 5
Removed entity cow from grid at 42, 21
Removed entity cow from grid at 36, 18
Removed entity wolf from grid at 23, 45
Removed entity cow from grid at 28, 31
Added entity wolf at 7, 43
Added entity wolf at 23, 33
Added entity wolf at 20, 31
Removed entity wolf from grid at 15, 38
Added entity human at 30, 12
Removed entity wolf from grid at 17, 17
Added entity cow at 14, 4
Added entity cow at 36, 18
Added entity cow at 47, 12
Added entity human at 38, 32
Removed entity cow from grid at 32, 8
Added entity cow at 15, 4
Removed entity tree from grid at 43, 39
Removed entity wolf from grid at 47, 19
Removed entity wolf from grid at 45, 16
Added entity human at 37, 2
Removed entity wolf from grid at 49, 39
Removed entity wolf from grid at 43, 21
Added entity wolf at 46, 20
Added entity wolf at 23, 29
Added entity wolf at 7, 28
Added entity wolf at 16, 36
Added entity wolf at 22, 20
Added entity wolf at 6, 38
Added entity wolf at 22, 32
Removed entity wolf from grid at 16, 36
Removed entity wolf from grid at 23, 33
Removed entity wolf from grid at 15, 42
Added entity human at 27, 1
Added entity human at 44, 31
Added entity human at 33, 8
Removed entity wolf from grid at 23, 29
Added entity cow at 16, 2
Added entity house at 32, 11
Added entity cow at 46, 29
Added entity cow at 37, 21
Added entity cow at 29, 23
Added entity cow at 42, 29
Added entity human at 36, 32
Added entity cow at 34, 33
Removed entity wolf from grid at 9, 1
Added entity human at 32, 25
Added entity wolf at 16, 32
Added entity wolf at 14, 48
Removed entity wolf from grid at 20, 18
Added entity human at 25, 8
Removed entity cow from grid at 9, 40
Removed entity wolf from grid at 14, 34
Removed entity cow from grid at 15, 4
Added entity cow at 31, 48
Removed entity cow from grid at 16, 2
Removed entity wolf from grid at 22, 32
Added entity cow at 9, 40
Removed entity wolf from grid at 45, 16
Removed entity wolf from grid at 18, 42
Added entity cow at 33, 34
Added entity human at 35, 33
Added entity cow at 28, 24
Added entity cow at 45, 30
Added entity cow at 38, 21
Added entity cow at 47, 20
Removed entity cow from grid at 42, 39
Removed entity cow from grid at 17, 4
Removed entity cow from grid at 47, 20
Removed entity cow from grid at 33, 13
Removed entity cow from grid at 37, 1
Removed entity cow from grid at 28, 31
Removed entity wolf from grid at 4, 23
Removed entity cow from grid at 34, 17
Removed entity cow from grid at 37, 19
Removed entity cow from grid at 16, 2
Added entity wolf at 47, 14
Added entity wolf at 22, 20
Removed entity wolf from grid at 19, 43
Added entity cow at 11, 6
Added entity wolf at 43, 20
Added entity human at 42, 31
Removed entity wolf from grid at 25, 49
Added entity cow at 27, 25
Added entity human at 36, 34
Added entity cow at 32, 33
Added entity human at 32, 3
Removed entity tree from grid at 41, 31
Added entity human at 39, 4
Removed entity tree from grid at 38, 35
Added entity cow at 29, 34
Removed entity human from grid at 34, 14
Added entity house at 37, 5
Added entity house at 45, 39
Removed entity wolf from grid at 43, 20
Added entity wolf at 3, 34
Added entity wolf at 17, 14
Added entity wolf at 26, 18
Added entity wolf at 15, 41
Added entity wolf at 29, 36
Added entity cow at 17, 22
Added entity cow at 28, 29
Removed entity cow from grid at 44, 19
Added entity cow at 28, 33
Added entity cow at 31, 32
Removed entity cow from grid at 37, 35
Added entity cow at 28, 26
Added entity cow at 46, 31
Removed entity cow from grid at 34, 34
Removed entity cow from grid at 36, 23
Added entity cow at 43, 28
Removed entity cow from grid at 42, 29
Removed entity human from grid at 28, 10
Added entity cow at 28, 21
Added entity cow at 46, 24
Added entity tree at 10, 41
Removed entity wolf from grid at 27, 38
Removed entity cow from grid at 29, 32
Removed entity cow from grid at 33, 18
Added entity berry at 30, 46
Removed entity cow from grid at 31, 35
Removed entity cow from grid at 45, 38
Removed entity cow from grid at 8, 39
Removed entity cow from grid at 11, 6
Removed entity cow from grid at 28, 29
Added entity wolf at 9, 39
Added entity wolf at 17, 15
Removed entity wolf from grid at 7, 40
Removed entity wolf from grid at 17, 15
Removed entity cow from grid at 16, 21
Added entity cow at 44, 29
Added entity cow at 45, 32
Added entity cow at 27, 32
Added entity human at 38, 4
Added entity human at 33, 6
Added entity human at 35, 35
Removed entity human from grid at 26, 9
Removed entity tree from grid at 34, 22
Removed entity cow from grid at 35, 30
Added entity cow at 38, 20
Removed entity cow from grid at 29, 36
Added entity human at 44, 36
Added entity house at 13, 9
Removed entity cow from grid at 43, 21
Removed entity cow from grid at 27, 25
Added entity wolf at 14, 33
Removed entity cow from grid at 27, 32
Added entity wolf at 19, 22
Added entity wolf at 21, 32
Removed entity wolf from grid at 26, 15
Removed entity wolf from grid at 6, 39
Added entity cow at 17, 21
Added entity cow at 28, 18
Added entity cow at 49, 12
Removed entity wolf from grid at 21, 32
Removed entity wolf from grid at 9, 36
Removed entity wolf from grid at 15, 35
Added entity wolf at 47, 31
Added entity tree at 35, 34
Added entity human at 39, 3
Added entity cow at 47, 23
Added entity cow at 27, 22
Removed entity human from grid at 42, 31
Removed entity tree from grid at 35, 34
Removed entity human from grid at 41, 29
Removed entity tree from grid at 14, 3
Added entity house at 35, 30
Removed entity cow from grid at 32, 36
Added entity house at 18, 8
Added entity house at 30, 18
Added entity house at 35, 48
Added entity human at 27, 39
Added entity human at 32, 37
Removed entity tree from grid at 44, 38
Added entity human at 36, 32
Added entity wolf at 30, 49
Added entity wolf at 24, 46
Added entity wolf at 16, 12
Removed entity wolf from grid at 47, 18
Added entity cow at 30, 30
Added entity cow at 31, 19
Added entity cow at 14, 4
Added entity cow at 18, 4
Added entity human at 39, 37
Removed entity wolf from grid at 46, 12
Removed entity cow from grid at 17, 20
Removed entity wolf from grid at 19, 22
Removed entity cow from grid at 14, 4
Added entity tree at 38, 36
Added entity cow at 29, 31
Added entity cow at 26, 21
Added entity cow at 43, 28
Added entity cow at 26, 26
Added entity cow at 32, 31
Removed entity cow from grid at 37, 22
Removed entity cow from grid at 33, 32
Removed entity cow from grid at 13, 1
Removed entity cow from grid at 45, 20
Removed entity cow from grid at 31, 32
Removed entity human from grid at 34, 48
Added entity wolf at 16, 15
Removed entity cow from grid at 31, 30
Removed entity cow from grid at 43, 22
Added entity tree at 7, 35
Added entity wolf at 22, 37
Removed entity wolf from grid at 20, 31
Added entity wolf at 27, 49
Removed entity human from grid at 29, 19
Added entity wolf at 43, 22
Added entity wolf at 19, 47
Added entity wolf at 2, 45
Added entity wolf at 22, 32
Added entity wolf at 19, 32
Removed entity wolf from grid at 19, 47
Removed entity wolf from grid at 17, 34
Removed entity wolf from grid at 16, 15
Added entity cow at 14, 4
Removed entity wolf from grid at 22, 32
Added entity cow at 47, 14
Added entity human at 42, 42
Added entity wolf at 40, 46
Removed entity wolf from grid at 21, 48
Removed entity human from grid at 42, 42
Added entity cow at 33, 32
Added entity cow at 42, 29
Added entity cow at 25, 22
Added entity cow at 28, 30
Added entity cow at 29, 19
Removed entity human from grid at 44, 35
Added entity cow at 39, 21
Removed entity cow from grid at 32, 33
Added entity cow at 46, 32
Added entity cow at 37, 22
Removed entity cow from grid at 36, 24
Removed entity cow from grid at 33, 32
Removed entity cow from grid at 41, 38
Removed entity cow from grid at 15, 3
Removed entity cow from grid at 33, 31
Removed entity cow from grid at 31, 35
Removed entity cow from grid at 45, 22
Removed entity human from grid at 29, 18
Removed entity cow from grid at 28, 35
Removed entity cow from grid at 29, 31
Removed entity human from grid at 14, 9
Removed entity cow from grid at 31, 30
Removed entity cow from grid at 42, 23
Removed entity cow from grid at 47, 12
Removed entity cow from grid at 17, 3
Added entity tree at 12, 4
Added entity tree at 25, 41
Removed entity cow from grid at 31, 27
Removed entity cow from grid at 26, 26
Added entity wolf at 2, 41
Added entity wolf at 5, 36
Added entity wolf at 26, 44
Removed entity wolf from grid at 24, 17
Added entity cow at 33, 13
Removed entity wolf from grid at 24, 48
Removed entity wolf from grid at 15, 19
Added entity wolf at 19, 1
Added entity wolf at 39, 40
Added entity cow at 47, 33
Added entity cow at 24, 23
Added entity cow at 48, 24
Added entity cow at 38, 47
Removed entity human from grid at 39, 44
Removed entity human from grid at 45, 40
Added entity wolf at 21, 28
Removed entity wolf from grid at 8, 36
Added entity wolf at 7, 40
Added entity wolf at 15, 42
Added entity wolf at 4, 35
Added entity wolf at 24, 14
Removed entity human from grid at 12, 10
Removed entity wolf from grid at 19, 32
Added entity wolf at 20, 33
Removed entity wolf from grid at 7, 40
Removed entity wolf from grid at 17, 49
Removed entity wolf from grid at 21, 28
Added entity cow at 38, 15
Removed entity cow from grid at 28, 33
Removed entity wolf from grid at 21, 38
Added entity cow at 23, 22
Added entity cow at 38, 20
Added entity cow at 41, 28
Removed entity human from grid at 36, 32
Removed entity human from grid at 17, 6
Removed entity wolf from grid at 13, 32
Removed entity wolf from grid at 17, 2
Added entity wolf at 29, 49
Removed entity wolf from grid at 29, 49
Added entity wolf at 28, 38
Added entity wolf at 17, 25
Added entity wolf at 8, 38
Removed entity wolf from grid at 47, 16
Added entity human at 33, 8
Removed entity wolf from grid at 17, 49
Added entity cow at 33, 12
Added entity cow at 32, 21
Removed entity wolf from grid at 25, 49
Removed entity wolf from grid at 20, 35
Removed entity wolf from grid at 16, 17
Added entity cow at 40, 27
Added entity cow at 39, 19
Added entity cow at 22, 23
Added entity cow at 37, 14
Added entity cow at 46, 32
Added entity cow at 33, 13
Added entity cow at 27, 21
Removed entity cow from grid at 37, 21
Removed entity human from grid at 38, 32
Removed entity cow from grid at 38, 17
Added entity human at 34, 21
Removed entity cow from grid at 45, 20
Removed entity cow from grid at 47, 13
Removed entity cow from grid at 41, 21
Removed entity tree from grid at 10, 4
Removed entity cow from grid at 28, 30
Removed entity cow from grid at 24, 23
Added entity wolf at 34, 48
Added entity wolf at 47, 26
Removed entity wolf from grid at 21, 16
Added entity cow at 37, 15
Removed entity cow from grid at 46, 21
Removed entity human from grid at 37, 45
Added entity wolf at 21, 9
Removed entity naturereserve from grid at 11, 30
Removed entity naturereserve from grid at 1, 31
Removed entity naturereserve from grid at 24, 35
Added entity cow at 38, 14
Removed entity cow from grid at 35, 22
Added entity cow at 32, 12
Added entity cow at 45, 33
Added entity cow at 33, 14
Removed entity human from grid at 36, 30
Removed entity cow from grid at 37, 14
Removed entity cow from grid at 37, 21
Removed entity cow from grid at 35, 15
Removed entity human from grid at 34, 31
Removed entity cow from grid at 38, 18
Removed entity cow from grid at 33, 31
Removed entity cow from grid at 43, 17
Added entity human at 6, 3
Added entity wolf at 27, 28
Removed entity human from grid at 37, 38
Added entity wolf at 25, 34
Removed entity wolf from grid at 4, 45
Removed entity wolf from grid at 16, 30
Added entity human at 38, 41
Added entity human at 35, 6
Removed entity cow from grid at 30, 36
Added entity wolf at 21, 11
Removed entity wolf from grid at 18, 42
Removed entity human from grid at 38, 41
Added entity cow at 32, 15
Added entity cow at 44, 34
Added entity cow at 38, 18
Removed entity cow from grid at 33, 13
Added entity cow at 49, 25
Added entity cow at 28, 18
Removed entity cow from grid at 38, 14
Removed entity human from grid at 37, 37
Removed entity cow from grid at 37, 15
Removed entity cow from grid at 34, 13
Removed entity cow from grid at 38, 16
Removed entity cow from grid at 29, 19
Added entity human at 42, 34
Added entity wolf at 19, 30
Removed entity wolf from grid at 25, 32
Removed entity wolf from grid at 6, 34
Removed entity wolf from grid at 25, 29
Removed entity human from grid at 36, 41
Removed entity wolf from grid at 19, 30
Added entity wolf at 2, 39
Added entity wolf at 11, 26
Removed entity wolf from grid at 19, 24
Added entity cow at 23, 48
Removed entity wolf from grid at 25, 49
Added entity human at 40, 31
Added entity wolf at 38, 41
Removed entity naturereserve from grid at 42, 19
Removed entity human from grid at 42, 34
Added entity cow at 43, 33
Removed entity tree from grid at 7, 5
Added entity cow at 22, 21
Added entity cow at 37, 48
Added entity cow at 37, 22
Removed entity cow from grid at 40, 44
Removed entity cow from grid at 38, 19
Removed entity cow from grid at 36, 18
Removed entity cow from grid at 30, 19
Added entity wolf at 15, 17
Removed entity wolf from grid at 6, 33
Removed entity cow from grid at 32, 15
Removed entity cow from grid at 26, 25
Added entity wolf at 37, 12
Removed entity cow from grid at 47, 21
Removed entity wolf from grid at 3, 41
Added entity cow at 9, 7
Added entity cow at 44, 20
Added entity cow at 9, 1
Added entity cow at 22, 14
Removed entity wolf from grid at 31, 37
Removed entity cow from grid at 22, 21
Removed entity human from grid at 19, 8
Removed entity wolf from grid at 11, 27
Added entity tree at 38, 31
Removed entity human from grid at 35, 8
Removed entity tree from grid at 36, 21
Added entity cow at 26, 22
Added entity cow at 39, 26
Added entity human at 46, 10
Added entity human at 38, 16
Removed entity human from grid at 33, 12
Removed entity human from grid at 35, 10
Removed entity wolf from grid at 27, 39
Added entity human at 32, 45
Added entity wolf at 38, 32
Added entity human at 42, 40
Removed entity human from grid at 19, 9
Removed entity tree from grid at 19, 29
Added entity wolf at 17, 27
Added entity wolf at 26, 42
Removed entity wolf from grid at 3, 41
Added entity human at 25, 35
Added entity cow at 31, 12
Added entity cow at 13, 6
Removed entity cow from grid at 30, 32
Removed entity cow from grid at 22, 23
Removed entity cow from grid at 48, 23
Added entity wolf at 44, 9
Added entity tree at 25, 34
Removed entity human from grid at 32, 45
Removed entity wolf from grid at 45, 9
Added entity cow at 25, 21
Added entity cow at 43, 21
Added entity cow at 42, 34
Added entity cow at 29, 18
Added entity cow at 37, 19
Removed entity cow from grid at 10, 6
Added entity cow at 33, 13
Removed entity human from grid at 35, 21
Added entity berry at 39, 20
Removed entity cow from grid at 40, 14
Removed entity cow from grid at 40, 22
Removed entity human from grid at 33, 11
Removed entity cow from grid at 29, 20
Removed entity cow from grid at 29, 18
Added entity human at 13, 8
Added entity human at 30, 26
Added entity human at 35, 21
Removed entity wolf from grid at 47, 25
Added entity wolf at 14, 2
Added entity wolf at 25, 28
Removed entity cow from grid at 46, 23
Added entity human at 37, 23
Removed entity wolf from grid at 3, 41
Added entity human at 24, 4
Added entity cow at 31, 23
Added entity cow at 10, 0
Removed entity cow from grid at 21, 21
Removed entity cow from grid at 49, 21
Removed entity wolf from grid at 30, 35
Added entity tree at 23, 3
Removed entity human from grid at 35, 21
Removed entity human from grid at 30, 26
Added entity cow at 44, 22
Added entity cow at 30, 13
Added entity cow at 8, 0
Removed entity berry from grid at 39, 20
Removed entity cow from grid at 39, 20
Removed entity cow from grid at 28, 21
Removed entity cow from grid at 29, 18
Added entity human at 15, 6
Added entity human at 40, 40
Removed entity cow from grid at 47, 25
Removed entity human from grid at 28, 28
Added entity wolf at 31, 38
Added entity wolf at 13, 32
Added entity wolf at 4, 27
Added entity wolf at 14, 2
Removed entity cow from grid at 45, 22
Removed entity cow from grid at 44, 20
Added entity human at 6, 19
Added entity cow at 21, 49
Removed entity human from grid at 8, 17
Removed entity cow from grid at 30, 31
Removed entity cow from grid at 47, 23
Added entity human at 32, 6
Added entity human at 39, 34
Added entity wolf at 36, 14
Added entity wolf at 28, 44
Added entity wolf at 30, 49
Removed entity naturereserve from grid at 18, 28
Removed entity human from grid at 15, 6
Added entity cow at 45, 23
Added entity cow at 11, 1
Added entity cow at 24, 20
Removed entity human from grid at 38, 29
Added entity cow at 47, 27
Removed entity human from grid at 40, 34
Removed entity wolf from grid at 36, 14
Removed entity wolf from grid at 26, 42
Added entity human at 36, 7
Added entity human at 30, 28
Added entity wolf at 47, 13
Removed entity wolf from grid at 4, 33
Removed entity human from grid at 15, 8
Removed entity human from grid at 19, 9
Added entity wolf at 24, 41
Added entity wolf at 29, 37
Removed entity wolf from grid at 34, 43
Added entity wolf at 23, 37
Added entity wolf at 14, 49
Added entity human at 33, 29
Removed entity wolf from grid at 16, 28
Removed entity wolf from grid at 19, 14
Removed entity wolf from grid at 29, 37
Added entity wolf at 31, 47
Removed entity wolf from grid at 14, 18
Removed entity naturereserve from grid at 45, 8
Removed entity human from grid at 33, 29
Removed entity human from grid at 30, 28
Removed entity human from grid at 36, 7
Added entity cow at 48, 28
Added entity cow at 12, 0
Added entity cow at 29, 14
Added entity cow at 41, 35
Removed entity human from grid at 41, 42
Added entity cow at 23, 17
Added entity cow at 36, 47
Added entity cow at 23, 48
Removed entity wolf from grid at 26, 37
Removed entity wolf from grid at 47, 13
Removed entity wolf from grid at 27, 42
Removed entity wolf from grid at 35, 27
Removed entity wolf from grid at 20, 28
Added entity wolf at 10, 38
Added entity wolf at 18, 26
Added entity wolf at 6, 44
Added entity wolf at 11, 28
Added entity wolf at 44, 15
Added entity wolf at 27, 27
Added entity cow at 24, 46
Removed entity wolf from grid at 24, 41
Removed entity naturereserve from grid at 38, 40
Removed entity naturereserve from grid at 48, 31
Removed entity wolf from grid at 29, 49
Added entity cow at 42, 36
Added entity cow at 25, 21
Added entity cow at 7, 1
Removed entity cow from grid at 37, 24
Added entity cow at 37, 18
Added entity cow at 38, 25
Removed entity cow from grid at 37, 30
Added entity berry at 47, 29
Removed entity cow from grid at 24, 18
Removed entity cow from grid at 34, 29
Removed entity wolf from grid at 22, 34
Added entity human at 6, 14
Added entity wolf at 28, 19
Added entity wolf at 48, 16
Added entity wolf at 1, 44
Added entity wolf at 46, 8
Added entity wolf at 21, 19
Added entity wolf at 22, 26
Added entity human at 28, 10
Added entity human at 36, 27
Added entity cow at 25, 38
Removed entity cow from grid at 21, 49
Removed entity wolf from grid at 21, 19
Removed entity wolf from grid at 27, 27
Removed entity wolf from grid at 22, 26
Added entity wolf at 48, 40
Added entity tree at 6, 39
Added entity cow at 6, 2
Added entity cow at 24, 22
Added entity cow at 30, 15
Added entity cow at 30, 22
Removed entity wolf from grid at 42, 16
Added entity human at 36, 9
Added entity wolf at 15, 17
Removed entity wolf from grid at 3, 33
Removed entity cow from grid at 22, 49
Added entity wolf at 12, 32
Added entity wolf at 23, 31
Removed entity cow from grid at 36, 46
Added entity wolf at 11, 28
Added entity wolf at 21, 47
Added entity wolf at 34, 10
Removed entity wolf from grid at 43, 16
Added entity human at 33, 1
Removed entity cow from grid at 30, 26
Removed entity wolf from grid at 19, 27
Added entity cow at 47, 20
Added entity cow at 44, 20
Removed entity wolf from grid at 16, 3
Removed entity human from grid at 28, 25
Removed entity wolf from grid at 19, 15
Removed entity wolf from grid at 30, 49
Added entity human at 38, 34
Added entity wolf at 31, 48
Added entity cow at 45, 21
Removed entity human from grid at 36, 9
Added entity cow at 31, 16
Added entity cow at 23, 23
Added entity cow at 5, 1
Removed entity human from grid at 6, 15
Removed entity berry from grid at 42, 35
Removed entity human from grid at 35, 47
Removed entity wolf from grid at 47, 14
Added entity wolf at 21, 28
Removed entity wolf from grid at 3, 33
Removed entity wolf from grid at 21, 28
Added entity wolf at 47, 16
Added entity wolf at 8, 32
Added entity wolf at 27, 48
Added entity wolf at 11, 47
Added entity wolf at 5, 44
Added entity wolf at 28, 19
Added entity wolf at 14, 22
Added entity wolf at 49, 17
Removed entity wolf from grid at 11, 29
Added entity cow at 26, 34
Removed entity wolf from grid at 19, 49
Added entity cow at 25, 20
Removed entity cow from grid at 24, 46
Removed entity wolf from grid at 30, 49
Removed entity human from grid at 26, 12
Removed entity wolf from grid at 27, 48
Added entity cow at 22, 24
Added entity cow at 45, 20
Removed entity berry from grid at 25, 37
Added entity cow at 37, 26
Added entity cow at 38, 17
Added entity cow at 43, 34
Added entity cow at 37, 46
Removed entity wolf from grid at 22, 32
Removed entity wolf from grid at 35, 14
Removed entity wolf from grid at 15, 0
Removed entity wolf from grid at 19, 35
Removed entity human from grid at 31, 25
Removed entity wolf from grid at 27, 21
Added entity wolf at 33, 47
Added entity wolf at 7, 41
Added entity wolf at 16, 48
Added entity wolf at 8, 33
Removed entity wolf from grid at 33, 47
Added entity wolf at 7, 43
Added entity wolf at 42, 11
Added entity wolf at 22, 32
Added entity wolf at 47, 18
Removed entity wolf from grid at 16, 16
Removed entity wolf from grid at 11, 28
Removed entity wolf from grid at 16, 48
Added entity cow at 44, 33
Added entity cow at 36, 27
Added entity cow at 30, 17
Added entity cow at 24, 38
Added entity cow at 49, 27
Added entity cow at 45, 23
Removed entity human from grid at 43, 27
Removed entity wolf from grid at 22, 32
Added entity cow at 36, 25
Removed entity wolf from grid at 49, 26
Removed entity wolf from grid at 27, 21
Removed entity wolf from grid at 48, 9
Removed entity wolf from grid at 2, 33
Removed entity cow from grid at 23, 48
Removed entity wolf from grid at 31, 49
Added entity wolf at 34, 49
Added entity wolf at 25, 27
Added entity wolf at 21, 38
Added entity wolf at 21, 19
Removed entity wolf from grid at 11, 30
Added entity cow at 41, 33
Removed entity wolf from grid at 47, 16
Added entity human at 28, 5
Removed entity wolf from grid at 16, 49
Removed entity cow from grid at 11, 4
Removed entity cow from grid at 7, 3
Added entity cow at 35, 24
Added entity cow at 29, 16
Added entity cow at 35, 28
Added entity cow at 39, 16
Added entity cow at 21, 23
Added entity cow at 24, 19
Added entity cow at 26, 37
Added entity cow at 44, 20
Added entity cow at 29, 23
Added entity cow at 23, 17
Added entity cow at 32, 14
Removed entity wolf from grid at 48, 17
Removed entity cow from grid at 35, 46
Removed entity cow from grid at 43, 25
Removed entity cow from grid at 48, 27
Removed entity cow from grid at 29, 21
Removed entity cow from grid at 46, 24
Added entity wolf at 27, 46
Removed entity cow from grid at 45, 25
Removed entity cow from grid at 47, 27
Added entity wolf at 46, 20
Removed entity wolf from grid at 2, 32
Removed entity wolf from grid at 34, 49
Added entity wolf at 30, 43
Added entity wolf at 2, 27
Added entity wolf at 20, 15
Removed entity wolf from grid at 16, 31
Added entity cow at 14, 3
Removed entity wolf from grid at 46, 20
Removed entity wolf from grid at 47, 17
Removed entity wolf from grid at 25, 27
Added entity cow at 43, 21
Added entity cow at 27, 36
Added entity cow at 25, 18
Added entity cow at 40, 15
Added entity cow at 34, 27
Added entity cow at 44, 24
Added entity cow at 43, 32
Added entity cow at 36, 47
Added entity cow at 8, 1
Removed entity cow from grid at 33, 25
Removed entity cow from grid at 39, 32
Removed entity cow from grid at 33, 12
Removed entity cow from grid at 38, 43
Removed entity cow from grid at 12, 0
Removed entity cow from grid at 34, 14
Removed entity human from grid at 37, 19
Removed entity cow from grid at 43, 25
Removed entity cow from grid at 48, 27
Removed entity cow from grid at 48, 23
Removed entity cow from grid at 49, 12
Removed entity cow from grid at 23, 17
Added entity human at 27, 24
Removed entity cow from grid at 28, 28
Added entity human at 30, 25
Removed entity cow from grid at 44, 24
Removed entity cow from grid at 45, 27
Removed entity cow from grid at 44, 20
Removed entity wolf from grid at 4, 33
Added entity human at 28, 24
Removed entity wolf from grid at 22, 39
Added entity wolf at 18, 26
Added entity wolf at 8, 38
Added entity wolf at 45, 27
Added entity wolf at 48, 25
Removed entity wolf from grid at 19, 21
Removed entity wolf from grid at 15, 22
Removed entity cow from grid at 27, 23
Removed entity cow from grid at 26, 23
Added entity cow at 33, 26
Added entity cow at 24, 17
Added entity cow at 28, 35
Added entity cow at 31, 13
Added entity cow at 30, 24
Added entity cow at 28, 15
Added entity cow at 36, 23
Added entity cow at 40, 32
Added entity cow at 25, 39
Removed entity cow from grid at 44, 42
Removed entity cow from grid at 33, 23
Removed entity cow from grid at 11, 1
Removed entity cow from grid at 39, 16
Removed entity cow from grid at 14, 3
Removed entity cow from grid at 40, 15
Removed entity wolf from grid at 47, 25
Removed entity cow from grid at 27, 22
Removed entity cow from grid at 32, 29
Removed entity cow from grid at 24, 17
Removed entity cow from grid at 25, 24
Removed entity wolf from grid at 45, 27
Removed entity cow from grid at 7, 2
Added entity wolf at 26, 20
Added entity wolf at 16, 3
Added entity wolf at 21, 32
Removed entity wolf from grid at 12, 29
Removed entity wolf from grid at 12, 49
Added entity wolf at 37, 39
Added entity cow at 35, 22
Added entity cow at 29, 14
Added entity cow at 31, 25
Added entity cow at 29, 34
Added entity cow at 32, 27
Removed entity human from grid at 28, 24
Removed entity human from grid at 29, 24
Added entity cow at 7, 2
Added entity cow at 44, 31
Added entity cow at 44, 20
Removed entity cow from grid at 34, 25
Removed entity human from grid at 39, 32
Removed entity cow from grid at 32, 14
Removed entity cow from grid at 40, 41
Removed entity cow from grid at 25, 36
Removed entity cow from grid at 32, 15
Removed entity berry from grid at 47, 29
Removed entity cow from grid at 42, 16
Removed entity cow from grid at 27, 38
Removed entity cow from grid at 40, 16
Removed entity cow from grid at 48, 27
Removed entity cow from grid at 38, 19
Removed entity cow from grid at 29, 20
Removed entity cow from grid at 45, 25
Added entity human at 9, 46
Added entity human at 34, 47
Removed entity cow from grid at 7, 3
Removed entity cow from grid at 44, 20
Removed entity cow from grid at 7, 2
Added entity wolf at 8, 30
Added entity wolf at 14, 42
Removed entity cow from grid at 24, 38
Removed entity human from grid at 32, 45
Removed entity cow from grid at 22, 21
Removed entity cow from grid at 46, 22
Removed entity cow from grid at 25, 39
Removed entity cow from grid at 25, 17
Added entity cow at 26, 20
Added entity cow at 25, 24
Removed entity wolf from grid at 17, 4
Added entity human at 42, 31
Removed entity cow from grid at 41, 31
Removed entity human from grid at 9, 46
Added entity cow at 31, 28
Added entity cow at 28, 33
Added entity cow at 34, 23
Added entity cow at 30, 14
Removed entity cow from grid at 46, 44
Removed entity cow from grid at 34, 23
Removed entity cow from grid at 32, 12
Removed entity cow from grid at 27, 36
Removed entity cow from grid at 43, 28
Removed entity cow from grid at 47, 27
Removed entity cow from grid at 29, 22
Removed entity cow from grid at 33, 28
Removed entity cow from grid at 45, 24
Removed entity cow from grid at 25, 17
Removed entity wolf from grid at 21, 33
Removed entity cow from grid at 31, 25
Removed entity wolf from grid at 3, 33
Added entity wolf at 33, 49
Added entity wolf at 12, 11
Added entity wolf at 28, 48
Added entity wolf at 3, 48
Added entity wolf at 24, 14
Removed entity cow from grid at 22, 24
Added entity wolf at 17, 38
Added entity wolf at 47, 20
Removed entity wolf from grid at 26, 39
Removed entity wolf from grid at 11, 31
Added entity cow at 17, 3
Removed entity wolf from grid at 47, 20
Removed entity wolf from grid at 44, 14
Removed entity wolf from grid at 28, 48
Added entity cow at 27, 32
Added entity cow at 30, 27
Removed entity cow from grid at 42, 32
Added entity cow at 25, 24
Removed entity wolf from grid at 35, 47
Added entity cow at 45, 30
Added entity cow at 30, 15
Removed entity cow from grid at 24, 22
Removed entity human from grid at 30, 11
Removed entity human from grid at 28, 9
Removed entity cow from grid at 33, 16
Removed entity cow from grid at 43, 18
Removed entity cow from grid at 41, 20
Removed entity cow from grid at 29, 37
Removed entity cow from grid at 44, 27
Removed entity cow from grid at 48, 27
Removed entity cow from grid at 35, 21
Removed entity cow from grid at 31, 28
Removed entity cow from grid at 24, 18
Removed entity cow from grid at 25, 24
Removed entity cow from grid at 30, 27
Removed entity cow from grid at 44, 23
Removed entity cow from grid at 45, 28
Added entity human at 33, 22
Removed entity cow from grid at 44, 20
Removed entity cow from grid at 42, 18
Removed entity cow from grid at 8, 0
Removed entity cow from grid at 25, 21
Added entity wolf at 14, 33
Removed entity cow from grid at 24, 23
Added entity wolf at 26, 43
Added entity wolf at 34, 17
Removed entity wolf from grid at 27, 16
Removed entity wolf from grid at 17, 17
Added entity cow at 21, 48
Removed entity human from grid at 33, 22
Added entity cow at 46, 29
Added entity cow at 26, 31
Added entity cow at 25, 21
Added entity house at 35, 46
Added entity cow at 41, 34
Removed entity human from grid at 27, 8
Removed entity tree from grid at 10, 1
Added entity human at 40, 13
Added entity cow at 34, 20
Added entity berry at 42, 18
Added entity house at 44, 26
Added entity human at 25, 44
Added entity human at 41, 16
Removed entity tree from grid at 7, 0
Added entity wolf at 24, 18
Added entity wolf at 13, 32
Removed entity cow from grid at 36, 47
Removed entity cow from grid at 26, 38
Added entity wolf at 17, 39
Added entity wolf at 20, 33
Added entity human at 33, 25
Removed entity wolf from grid at 13, 41
Removed entity wolf from grid at 13, 32
Added entity cow at 10, 1
Added entity cow at 11, 4
Removed entity wolf from grid at 22, 46
Added entity human at 40, 40
Removed entity wolf from grid at 18, 38
Added entity human at 40, 29
Removed entity cow from grid at 41, 28
Added entity tree at 39, 39
Added entity house at 32, 25
Removed entity tree from grid at 24, 43
Added entity cow at 42, 35
Added entity cow at 27, 30
Added entity cow at 47, 30
Added entity cow at 45, 21
Removed entity wolf from grid at 48, 44
Added entity human at 24, 35
Removed entity human from grid at 20, 36
Removed entity wolf from grid at 21, 32
Removed entity cow from grid at 15, 1
Removed entity tree from grid at 25, 40
Added entity wolf at 23, 20
Added entity wolf at 29, 37
Added entity wolf at 1, 48
Removed entity wolf from grid at 23, 20
Added entity wolf at 6, 31
Removed entity wolf from grid at 24, 42
Added entity wolf at 16, 49
Added entity wolf at 48, 23
Added entity cow at 22, 49
Added entity cow at 18, 10
Added entity cow at 28, 38
Added entity cow at 30, 22
Removed entity wolf from grid at 18, 28
Added entity cow at 46, 22
Added entity cow at 48, 29
Added entity cow at 28, 31
Removed entity cow from grid at 40, 28
Removed entity cow from grid at 41, 40
Added entity cow at 26, 20
Added entity cow at 20, 49
Removed entity cow from grid at 43, 31
Removed entity cow from grid at 33, 27
Removed entity cow from grid at 30, 12
Removed entity cow from grid at 10, 1
Removed entity wolf from grid at 30, 38
Removed entity cow from grid at 34, 21
Removed entity wolf from grid at 22, 18
Added entity human at 34, 21
Removed entity cow from grid at 44, 19
Added entity human at 21, 8
Removed entity cow from grid at 20, 19
Removed entity human from grid at 43, 25
Removed entity cow from grid at 41, 23
Removed entity wolf from grid at 27, 39
Removed entity cow from grid at 8, 1
Removed entity cow from grid at 27, 30
Added entity wolf at 28, 49
Added entity wolf at 24, 46
Added entity wolf at 17, 14
Added entity wolf at 20, 38
Added entity wolf at 21, 35
Removed entity human from grid at 24, 10
Added entity cow at 19, 3
Added entity human at 28, 9
Removed entity wolf from grid at 24, 46
Removed entity wolf from grid at 17, 37
Removed entity wolf from grid at 11, 12
Added entity human at 41, 29
Removed entity wolf from grid at 20, 38
Removed entity cow from grid at 30, 33
Added entity human at 38, 30
Removed entity house from grid at 39, 30
Added entity tree at 39, 29
Added entity tree at 40, 28
Removed entity human from grid at 34, 21
Added entity cow at 19, 48
Added entity cow at 45, 23
Added entity cow at 31, 23
Removed entity berry from grid at 18, 9
Added entity cow at 41, 36
Removed entity tree from grid at 39, 29
Removed entity tree from grid at 39, 39
Added entity human at 39, 18
Added entity human at 41, 16
Added entity cow at 29, 16
Removed entity tree from grid at 32, 46
Added entity cow at 48, 30
Removed entity wolf from grid at 36, 16
Removed entity tree from grid at 9, 4
Removed entity human from grid at 43, 27
Removed entity human from grid at 45, 26
Added entity house at 28, 20
Added entity wolf at 5, 36
Removed entity human from grid at 43, 29
Removed entity cow from grid at 23, 23
Added entity wolf at 13, 10
Added entity wolf at 29, 36
Added entity wolf at 5, 44
Added entity wolf at 43, 11
Removed entity cow from grid at 11, 4
Removed entity cow from grid at 19, 48
Added entity human at 35, 10
Removed entity wolf from grid at 16, 16
Added entity cow at 22, 13
Added entity human at 41, 34
Added entity wolf at 48, 41
Removed entity cow from grid at 28, 33
Removed entity wolf from grid at 13, 10
Added entity tree at 40, 33
Added entity tree at 35, 9
Added entity cow at 28, 17
Added entity tree at 39, 17
Added entity tree at 38, 29
Removed entity cow from grid at 30, 9
Added entity cow at 47, 28
Added entity cow at 23, 48
Added entity human at 26, 45
Removed entity tree from grid at 35, 12
Removed entity tree from grid at 39, 17
Removed entity human from grid at 9, 3
Removed entity tree from grid at 42, 10
Removed entity tree from grid at 39, 22
Removed entity cow from grid at 44, 20
Added entity human at 28, 29
Added entity wolf at 0, 22
Added entity wolf at 42, 10
Removed entity wolf from grid at 11, 31
Added entity cow at 49, 20
Added entity human at 45, 5
Removed entity cow from grid at 20, 49
Removed entity human from grid at 45, 5
Added entity cow at 24, 49
Added entity cow at 27, 16
Removed entity human from grid at 35, 10
Added entity cow at 47, 31
Added entity cow at 42, 37
Added entity cow at 29, 13
Removed entity wolf from grid at 28, 37
Removed entity wolf from grid at 42, 11
Removed entity wolf from grid at 48, 22
Added entity wolf at 39, 30
Added entity human at 38, 30
Added entity wolf at 8, 38
Added entity wolf at 22, 15
Added entity wolf at 49, 15
Added entity wolf at 17, 47
Added entity wolf at 9, 28
Added entity wolf at 45, 13
Removed entity wolf from grid at 17, 47
Removed entity wolf from grid at 14, 29
Removed entity wolf from grid at 25, 49
Added entity human at 39, 39
Added entity wolf at 21, 0
Added entity human at 40, 31
Removed entity house from grid at 41, 32
Removed entity human from grid at 24, 10
Removed entity wolf from grid at 39, 30
Added entity cow at 30, 12
Added entity cow at 43, 38
Added entity cow at 48, 32
Added entity cow at 26, 17
Removed entity human from grid at 45, 40
Removed entity wolf from grid at 48, 16
Removed entity wolf from grid at 24, 35
Added entity human at 33, 22
Added entity wolf at 24, 25
Added entity human at 36, 41
Removed entity naturereserve from grid at 41, 22
Removed entity cow from grid at 28, 31
Added entity cow at 27, 18
Added entity cow at 47, 33
Added entity cow at 31, 13
Removed entity cow from grid at 39, 32
Added entity cow at 48, 29
Added entity cow at 46, 24
Removed entity wolf from grid at 45, 12
Removed entity human from grid at 28, 21
Added entity wolf at 16, 34
Added entity wolf at 15, 37
Added entity wolf at 45, 16
Removed entity wolf from grid at 15, 37
Added entity cow at 30, 16
Removed entity wolf from grid at 18, 19
Removed entity wolf from grid at 21, 47
Removed entity wolf from grid at 12, 34
Removed entity wolf from grid at 45, 16
Removed entity naturereserve from grid at 41, 13
Removed entity naturereserve from grid at 30, 48
Added entity cow at 47, 25
Added entity cow at 47, 30
Added entity cow at 30, 14
Added entity cow at 28, 17
Removed entity cow from grid at 33, 21
Removed entity cow from grid at 41, 32
Removed entity cow from grid at 41, 34
Removed entity cow from grid at 28, 30
Removed entity cow from grid at 43, 28
Removed entity cow from grid at 27, 13
Removed entity cow from grid at 45, 25
Removed entity cow from grid at 47, 42
Removed entity cow from grid at 33, 28
Removed entity cow from grid at 29, 11
Removed entity cow from grid at 43, 34
Removed entity cow from grid at 45, 20
Removed entity cow from grid at 42, 19
Removed entity cow from grid at 40, 24
Removed entity cow from grid at 21, 22
Removed entity cow from grid at 23, 24
Added entity wolf at 12, 46
Added entity wolf at 47, 19
Added entity wolf at 46, 16
Added entity wolf at 17, 45
Added entity wolf at 36, 17
Added entity wolf at 25, 24
Added entity human at 33, 29
Removed entity wolf from grid at 19, 16
Removed entity wolf from grid at 16, 32
Removed entity wolf from grid at 19, 1
Added entity cow at 28, 29
Removed entity wolf from grid at 14, 34
Removed entity naturereserve from grid at 22, 10
Added entity human at 43, 3
Added entity human at 43, 4
Removed entity house from grid at 44, 4
Removed entity wolf from grid at 47, 19
Removed entity wolf from grid at 17, 45
Added entity tree at 42, 3
Added entity tree at 42, 2
Added entity tree at 33, 28
Added entity cow at 46, 29
Added entity cow at 31, 17
Removed entity human from grid at 33, 22
Added entity cow at 42, 39
Added entity cow at 23, 12
Removed entity cow from grid at 35, 34
Removed entity cow from grid at 42, 29
Removed entity cow from grid at 46, 43
Removed entity cow from grid at 31, 29
Removed entity cow from grid at 41, 24
Removed entity cow from grid at 42, 35
Removed entity wolf from grid at 47, 10
Removed entity cow from grid at 39, 25
Removed entity cow from grid at 43, 22
Removed entity cow from grid at 47, 21
Removed entity cow from grid at 22, 22
Added entity wolf at 47, 12
Added entity wolf at 21, 47
Added entity wolf at 43, 22
Added entity wolf at 1, 36
Added entity human at 24, 4
Added entity cow at 27, 32
Removed entity human from grid at 28, 19
Removed entity wolf from grid at 9, 30
Added entity cow at 11, 4
Added entity cow at 28, 37
Removed entity wolf from grid at 21, 47
Removed entity wolf from grid at 45, 15
Added entity human at 38, 27
Removed entity naturereserve from grid at 36, 39
Removed entity naturereserve from grid at 27, 47
Removed entity wolf from grid at 12, 36
Removed entity human from grid at 38, 27
Added entity tree at 24, 3
Added entity cow at 24, 13
Added entity cow at 32, 18
Added entity cow at 45, 28
Removed entity tree from grid at 42, 3
Added entity human at 42, 4
Added entity cow at 27, 16
Added entity cow at 31, 13
Added entity cow at 48, 26
Added entity cow at 46, 34
Removed entity cow from grid at 38, 33
Removed entity cow from grid at 28, 29
Removed entity cow from grid at 44, 30
Removed entity cow from grid at 26, 14
Removed entity cow from grid at 21, 13
Removed entity cow from grid at 46, 41
Removed entity cow from grid at 24, 49
Removed entity cow from grid at 24, 18
Removed entity cow from grid at 29, 35
Removed entity cow from grid at 18, 5
Removed entity wolf from grid at 35, 15
Removed entity human from grid at 40, 25
Removed entity cow from grid at 6, 0
Added entity human at 32, 27
Removed entity cow from grid at 25, 22
Removed entity cow from grid at 39, 22
Added entity wolf at 22, 41
Added entity wolf at 21, 29
Added entity wolf at 10, 43
Removed entity cow from grid at 25, 21
Added entity wolf at 17, 49
Removed entity wolf from grid at 22, 41
Added entity wolf at 21, 16
Added entity wolf at 37, 11
Added entity wolf at 34, 17
Added entity cow at 30, 41
Added entity cow at 32, 21
Removed entity wolf from grid at 11, 36
Removed entity naturereserve from grid at 33, 10
Added entity human at 38, 32
Added entity human at 38, 33
Removed entity house from grid at 39, 33
Added entity cow at 45, 35
Added entity cow at 49, 25
Added entity cow at 30, 12
Added entity cow at 26, 15
Added entity cow at 44, 27
Added entity cow at 33, 17
Added entity cow at 25, 14
Removed entity wolf from grid at 20, 15
Removed entity wolf from grid at 42, 20
Removed entity human from grid at 29, 11
Added entity tree at 9, 1
Removed entity wolf from grid at 21, 29
Removed entity cow from grid at 11, 4
Removed entity wolf from grid at 21, 28
Added entity wolf at 14, 12
Removed entity wolf from grid at 10, 28
Added entity wolf at 24, 12
Added entity wolf at 12, 32
Added entity wolf at 19, 23
Added entity wolf at 26, 44
Added entity wolf at 26, 22
Removed entity human from grid at 19, 7
Removed entity wolf from grid at 15, 47
Added entity cow at 17, 12
Added entity cow at 19, 3
Added entity human at 42, 25
Removed entity naturereserve from grid at 43, 19
Added entity cow at 32, 16
Added entity cow at 43, 28
Added entity cow at 41, 38
Removed entity wolf from grid at 25, 20
Removed entity wolf from grid at 48, 11
Removed entity wolf from grid at 25, 44
Removed entity wolf from grid at 20, 23
Added entity human at 35, 21
Removed entity wolf from grid at 20, 27
Added entity wolf at 20, 41
Added entity wolf at 22, 32
Added entity wolf at 16, 27
Added entity wolf at 22, 34
Added entity wolf at 25, 30
Added entity cow at 39, 17
Removed entity wolf from grid at 15, 37
Removed entity wolf from grid at 16, 13
Removed entity wolf from grid at 16, 27
Removed entity cow from grid at 21, 49
Removed entity naturereserve from grid at 28, 8
Removed entity wolf from grid at 10, 38
Added entity cow at 24, 13
Added entity cow at 29, 13
Added entity cow at 44, 34
Added entity cow at 29, 31
Removed entity wolf from grid at 48, 45
Removed entity cow from grid at 41, 36
Added entity cow at 45, 24
Removed entity human from grid at 37, 20
Removed entity cow from grid at 21, 12
Removed entity cow from grid at 38, 18
Removed entity cow from grid at 42, 37
Removed entity cow from grid at 10, 1
Removed entity cow from grid at 28, 32
Added entity wolf at 14, 16
Removed entity cow from grid at 37, 21
Removed entity cow from grid at 24, 49
Added entity wolf at 0, 31
Added entity wolf at 16, 49
Added entity wolf at 12, 33
Added entity wolf at 31, 43
Added entity wolf at 26, 39
Removed entity wolf from grid at 21, 42
Removed entity wolf from grid at 21, 33
Added entity wolf at 46, 26
Added entity wolf at 16, 11
Added entity wolf at 9, 27
Removed entity wolf from grid at 22, 14
Removed entity cow from grid at 26, 25
Removed entity wolf from grid at 8, 32
Removed entity wolf from grid at 14, 16
Added entity cow at 14, 4
Added entity cow at 25, 20
Added entity cow at 13, 6
Removed entity wolf from grid at 16, 49
Removed entity wolf from grid at 10, 36
Added entity human at 39, 39
Added entity wolf at 46, 41
Removed entity naturereserve from grid at 31, 33
Added entity tree at 17, 25
Removed entity wolf from grid at 16, 47
Removed entity wolf from grid at 16, 11
Added entity cow at 42, 37
Added entity cow at 25, 14
Added entity cow at 49, 27
Removed entity cow from grid at 37, 30
Added entity cow at 32, 21
Removed entity human from grid at 32, 27
Added entity cow at 29, 32
Removed entity cow from grid at 36, 25
Removed entity wolf from grid at 49, 45
Added entity cow at 31, 23
Removed entity cow from grid at 36, 30
Removed entity cow from grid at 38, 24
Removed entity cow from grid at 46, 45
Removed entity cow from grid at 24, 48
Removed entity cow from grid at 25, 20
Removed entity cow from grid at 28, 32
Removed entity wolf from grid at 35, 17
Removed entity cow from grid at 13, 6
Removed entity cow from grid at 44, 23
Removed entity cow from grid at 19, 5
Removed entity cow from grid at 37, 22
Added entity wolf at 10, 31
Added entity wolf at 21, 21
Added entity wolf at 8, 25
Added entity wolf at 21, 36
Added entity wolf at 8, 43
Added entity wolf at 24, 42
Removed entity wolf from grid at 23, 31
Removed entity cow from grid at 17, 12
Added entity cow at 28, 40
Added entity cow at 32, 22
Removed entity naturereserve from grid at 47, 40
Removed entity naturereserve from grid at 41, 47
Removed entity naturereserve from grid at 27, 45
Removed entity wolf from grid at 9, 36
Removed entity wolf from grid at 25, 30
Added entity cow at 30, 33
Added entity cow at 44, 25
Added entity cow at 43, 33
Added entity cow at 30, 14
Added entity cow at 23, 12
Removed entity cow from grid at 34, 22
Removed entity cow from grid at 36, 27
Removed entity cow from grid at 42, 37
Removed entity cow from grid at 49, 44
Removed entity cow from grid at 37, 25
Removed entity cow from grid at 24, 13
Removed entity cow from grid at 23, 12
Removed entity cow from grid at 15, 5
Removed entity cow from grid at 34, 17
Removed entity cow from grid at 29, 34
Added entity wolf at 20, 28
Removed entity cow from grid at 24, 15
Removed entity cow from grid at 26, 16
Added entity wolf at 3, 27
Added entity wolf at 8, 43
Added entity wolf at 19, 47
Added entity human at 21, 6
Added entity human at 37, 23
Removed entity wolf from grid at 13, 32
Added entity cow at 24, 48
Removed entity wolf from grid at 6, 26
Removed entity wolf from grid at 17, 21
Removed entity wolf from grid at 19, 47
Added entity human at 27, 5
Added entity cow at 29, 34
Added entity cow at 42, 27
Removed entity tree from grid at 38, 31
Added entity cow at 30, 43
Added entity human at 38, 7
Removed entity wolf from grid at 49, 43
Added entity human at 27, 42
Removed entity human from grid at 22, 14
Added entity house at 41, 24
Removed entity wolf from grid at 24, 43
Added entity human at 36, 15
Added entity human at 29, 47
Removed entity tree from grid at 39, 12
Added entity wolf at 2, 26
Removed entity wolf from grid at 20, 35
Added entity wolf at 44, 18
Removed entity wolf from grid at 22, 30
Added entity human at 25, 27
Removed entity wolf from grid at 7, 26
Added entity human at 42, 40
Added entity human at 13, 45
Added entity tree at 12, 44
Added entity human at 35, 14
Added entity human at 26, 41
Added entity cow at 31, 44
Added entity cow at 31, 13
Added entity cow at 42, 32
Added entity cow at 30, 22
Added entity cow at 33, 22
Removed entity tree from grid at 48, 38
Removed entity tree from grid at 20, 12
Removed entity human from grid at 38, 21
Removed entity tree from grid at 33, 28
Removed entity human from grid at 40, 23
Added entity human at 17, 2
Removed entity cow from grid at 26, 25
Added entity wolf at 34, 48
Added entity wolf at 13, 10
Added entity wolf at 16, 42
Added entity wolf at 9, 27
Removed entity cow from grid at 25, 15
Added entity wolf at 48, 22
Added entity human at 16, 46
Removed entity wolf from grid at 8, 34
Removed entity naturereserve from grid at 47, 15
Removed entity naturereserve from grid at 28, 13
Removed entity wolf from grid at 48, 22
Added entity tree at 15, 45
Added entity cow at 29, 23
Added entity cow at 32, 14
Added entity cow at 32, 43
Added entity tree at 26, 40
Added entity tree at 34, 13
Added entity human at 28, 45
Added entity cow at 43, 26
Added entity cow at 45, 24
Added entity cow at 33, 15
Removed entity cow from grid at 44, 37
Removed entity cow from grid at 47, 39
Removed entity cow from grid at 23, 12
Removed entity cow from grid at 22, 11
Removed entity cow from grid at 33, 16
Removed entity cow from grid at 31, 34
Removed entity cow from grid at 46, 41
Removed entity human from grid at 42, 24
Added entity tree at 5, 5
Removed entity cow from grid at 24, 48
Removed entity wolf from grid at 43, 18
Added entity wolf at 9, 41
Added entity wolf at 23, 18
Added entity wolf at 10, 32
Added entity wolf at 9, 25
Removed entity wolf from grid at 23, 38
Added entity wolf at 39, 10
Added entity wolf at 47, 19
Removed entity wolf from grid at 8, 29
Removed entity wolf from grid at 44, 15
Removed entity naturereserve from grid at 36, 13
Removed entity naturereserve from grid at 19, 19
Removed entity wolf from grid at 5, 34
Added entity cow at 46, 23
Added entity cow at 33, 44
Added entity cow at 33, 13
Added entity cow at 30, 24
Added entity cow at 41, 33
Removed entity tree from grid at 34, 13
Added entity cow at 29, 41
Added entity cow at 48, 26
Added entity cow at 24, 13
Removed entity cow from grid at 39, 37
Removed entity cow from grid at 35, 23
Removed entity wolf from grid at 39, 10
Removed entity cow from grid at 41, 29
Removed entity cow from grid at 44, 36
Removed entity cow from grid at 31, 28
Removed entity cow from grid at 33, 15
Removed entity cow from grid at 29, 33
Removed entity cow from grid at 32, 16
Removed entity cow from grid at 27, 22
Added entity wolf at 11, 43
Added entity wolf at 0, 32
Removed entity wolf from grid at 24, 18
Added entity wolf at 10, 30
Added entity wolf at 23, 38
Added entity wolf at 4, 26
Added entity wolf at 16, 13
Removed entity wolf from grid at 23, 38
Added entity wolf at 44, 15
Added entity wolf at 8, 43
Added entity wolf at 35, 10
Removed entity wolf from grid at 12, 32
Removed entity wolf from grid at 6, 33
Removed entity wolf from grid at 44, 15
Removed entity naturereserve from grid at 21, 17
Removed entity naturereserve from grid at 27, 35
Added entity cow at 23, 12
Added entity cow at 40, 32
Added entity cow at 32, 12
Added entity cow at 47, 22
Added entity cow at 33, 21
Removed entity wolf from grid at 35, 11
Added entity wolf at 13, 10
Added entity wolf at 12, 34
Added entity wolf at 12, 37
Added entity wolf at 48, 9
Added entity wolf at 10, 34
Added entity wolf at 19, 10
Added entity human at 30, 12
Removed entity wolf from grid at 7, 26
Removed entity wolf from grid at 10, 34
Removed entity naturereserve from grid at 20, 0
Removed entity naturereserve from grid at 49, 6
Removed entity wolf from grid at 5, 34
Removed entity wolf from grid at 49, 17
Added entity cow at 34, 22
Added entity cow at 30, 42
Added entity cow at 34, 21
Removed entity human from grid at 40, 42
Removed entity human from grid at 23, 7
Added entity wolf at 24, 46
Added entity wolf at 5, 34
Added entity wolf at 25, 33
Removed entity wolf from grid at 18, 14
Removed entity wolf from grid at 11, 34
Removed entity wolf from grid at 10, 25
Added entity cow at 14, 1
Added entity cow at 19, 10
Removed entity wolf from grid at 10, 32
Added entity cow at 11, 2
Added entity human at 27, 1
Removed entity wolf from grid at 14, 11
Removed entity wolf from grid at 27, 35
Added entity human at 39, 34
Removed entity house from grid at 40, 35
Removed entity wolf from grid at 5, 34
Removed entity cow from grid at 28, 44
Added entity cow at 35, 20
Added entity cow at 29, 43
Added entity cow at 33, 23
Removed entity cow from grid at 28, 12
Added entity cow at 22, 13
Removed entity cow from grid at 31, 44
Removed entity cow from grid at 29, 8
Removed entity human from grid at 37, 39
Removed entity cow from grid at 43, 31
Removed entity cow from grid at 44, 35
Removed entity cow from grid at 45, 40
Removed entity cow from grid at 43, 42
Removed entity cow from grid at 45, 26
Removed entity wolf from grid at 20, 10
Removed entity cow from grid at 31, 29
Removed entity cow from grid at 43, 25
Removed entity cow from grid at 32, 16
Added entity human at 17, 5
Added entity wolf at 2, 39
Removed entity wolf from grid at 10, 25
Added entity wolf at 14, 49
Added entity wolf at 48, 10
Added entity wolf at 24, 46
Added entity wolf at 43, 13
Removed entity wolf from grid at 43, 13
Added entity cow at 29, 24
Removed entity wolf from grid at 5, 27
Removed entity house from grid at 29, 6
Added entity human at 41, 37
Added entity human at 41, 38
Removed entity house from grid at 42, 38
Removed entity human from grid at 41, 38
Added entity cow at 21, 12
Added entity cow at 36, 21
Added entity cow at 12, 2
Added entity cow at 45, 22
Added entity cow at 33, 13
Added entity cow at 40, 32
Added entity cow at 49, 25
Removed entity cow from grid at 34, 13
Removed entity cow from grid at 34, 23
Removed entity cow from grid at 31, 35
Removed entity cow from grid at 42, 31
Removed entity cow from grid at 46, 35
Removed entity cow from grid at 48, 37
Removed entity cow from grid at 43, 42
Removed entity human from grid at 42, 25
Removed entity cow from grid at 46, 25
Removed entity cow from grid at 20, 11
Removed entity cow from grid at 22, 13
Removed entity cow from grid at 33, 15
Removed entity cow from grid at 30, 24
Added entity human at 6, 14
Removed entity cow from grid at 47, 27
Removed entity cow from grid at 26, 17
Removed entity cow from grid at 21, 12
Removed entity cow from grid at 45, 27
Removed entity cow from grid at 27, 21
Removed entity cow from grid at 24, 15
Added entity wolf at 14, 32
Added entity wolf at 42, 9
Added entity wolf at 16, 21
Added entity wolf at 16, 37
Added entity wolf at 17, 47
Added entity human at 34, 25
Added entity cow at 13, 5
Added entity cow at 46, 20
Added entity cow at 10, 2
Removed entity wolf from grid at 6, 28
Removed entity wolf from grid at 48, 9
Added entity cow at 41, 31
Added entity cow at 44, 23
Added entity cow at 35, 22
Added entity cow at 30, 42
Removed entity human from grid at 42, 41
Removed entity wolf from grid at 47, 11
Removed entity wolf from grid at 42, 10
Added entity human at 30, 21
Removed entity wolf from grid at 26, 48
Added entity wolf at 10, 32
Removed entity wolf from grid at 19, 38
Added entity wolf at 44, 13
Added entity wolf at 45, 13
Added entity human at 23, 8
Added entity human at 39, 21
Removed entity wolf from grid at 16, 36
Removed entity wolf from grid at 6, 28
Removed entity wolf from grid at 22, 34
Removed entity human from grid at 39, 21
Removed entity cow from grid at 30, 22
Added entity cow at 43, 24
Added entity cow at 42, 32
Added entity cow at 46, 22
Added entity cow at 48, 24
Added entity cow at 11, 1
Removed entity cow from grid at 42, 37
Added entity cow at 28, 25
Added entity cow at 33, 44
Added entity cow at 43, 26
Removed entity cow from grid at 33, 44
Removed entity cow from grid at 30, 41
Removed entity cow from grid at 43, 24
Removed entity cow from grid at 35, 22
Removed entity cow from grid at 45, 30
Removed entity cow from grid at 24, 12
Removed entity cow from grid at 46, 33
Removed entity cow from grid at 47, 36
Removed entity wolf from grid at 46, 23
Removed entity cow from grid at 34, 47
Removed entity cow from grid at 47, 25
Removed entity cow from grid at 45, 21
Removed entity wolf from grid at 45, 13
Removed entity cow from grid at 46, 22
Removed entity cow from grid at 28, 25
Removed entity wolf from grid at 43, 11
Removed entity cow from grid at 44, 23
Added entity wolf at 39, 30
Removed entity cow from grid at 48, 24
Added entity wolf at 28, 18
Added entity wolf at 2, 27
Removed entity wolf from grid at 17, 38
Added entity wolf at 2, 47
Removed entity wolf from grid at 18, 21
Removed entity wolf from grid at 16, 36
Added entity cow at 29, 29
Removed entity wolf from grid at 35, 47
Added entity cow at 10, 2
Added entity cow at 43, 31
Removed entity human from grid at 30, 21
Removed entity tree from grid at 8, 12
Removed entity cow from grid at 13, 5
Removed entity cow from grid at 29, 43
Removed entity human from grid at 44, 31
New Faction PINK_74 registered with traits: {
  moveSpeed: [33m0.9602814225858936[39m,
  hungerRate: [33m0.953955748189215[39m,
  visionRadius: [33m1.0378621988288037[39m,
  aggression: [33m1.0378651206444507[39m
}
Societal Split! BLUE -> PINK_74 (Threshold: 6)
Added entity human at 28, 27
Removed entity wolf from grid at 27, 17
Added entity wolf at 9, 39
Added entity wolf at 12, 32
Added entity wolf at 1, 45
Added entity wolf at 38, 10
Added entity wolf at 20, 34
Added entity wolf at 13, 27
Removed entity wolf from grid at 18, 32
Removed entity wolf from grid at 12, 32
Added entity human at 25, 7
Added entity tree at 24, 6
Added entity cow at 44, 32
Added entity cow at 42, 27
Removed entity human from grid at 36, 26
Removed entity human from grid at 41, 38
Added entity human at 35, 12
Added entity human at 31, 27
Removed entity tree from grid at 28, 41
Added entity human at 39, 8
Removed entity human from grid at 40, 27
Added entity human at 23, 13
Removed entity cow from grid at 31, 42
Removed entity wolf from grid at 37, 11
Removed entity wolf from grid at 5, 3
Removed entity tree from grid at 38, 13
Added entity human at 27, 45
Added entity wolf at 9, 40
Removed entity tree from grid at 21, 15
Added entity wolf at 24, 33
Added entity wolf at 47, 18
Removed entity wolf from grid at 19, 33
Removed entity wolf from grid at 11, 35
Added entity cow at 30, 31
Added entity cow at 39, 17
Removed entity wolf from grid at 3, 28
Added entity human at 39, 37
Removed entity house from grid at 40, 38
Removed entity wolf from grid at 24, 33
Added entity tree at 40, 36
Added entity tree at 26, 44
Added entity tree at 23, 12
Added entity human at 32, 26
Added entity human at 36, 13
Removed entity cow from grid at 26, 11
Added entity cow at 10, 1
Added entity house at 40, 37
Removed entity tree from grid at 12, 4
Added entity human at 30, 43
Added entity human at 7, 2
Removed entity tree from grid at 31, 45
Removed entity human from grid at 25, 10
Added entity house at 43, 42
Removed entity human from grid at 25, 11
Added entity house at 30, 48
Removed entity tree from grid at 26, 40
Added entity human at 36, 47
Added entity wolf at 40, 31
Removed entity human from grid at 28, 27
Added entity wolf at 2, 31
Added entity wolf at 18, 38
Added entity wolf at 20, 28
Added entity cow at 11, 7
Removed entity cow from grid at 11, 7
Removed entity wolf from grid at 18, 49
Removed entity cow from grid at 27, 21
Added entity human at 12, 6
Added entity human at 16, 18
Removed entity cow from grid at 39, 49
Added entity tree at 15, 17
Added entity tree at 13, 5
Added entity tree at 35, 47
Added entity human at 6, 1
Removed entity human from grid at 39, 37
Added entity cow at 29, 32
Added entity human at 28, 44
Added entity human at 24, 14
Added entity cow at 29, 29
Added entity berry at 29, 43
Removed entity human from grid at 38, 32
Removed entity cow from grid at 28, 25
Removed entity tree from grid at 44, 44
Removed entity cow from grid at 35, 23
Removed entity wolf from grid at 49, 17
Added entity human at 26, 10
Removed entity cow from grid at 29, 29
Added entity wolf at 24, 21
Removed entity wolf from grid at 18, 38
Added entity wolf at 25, 26
Removed entity wolf from grid at 4, 25
Added entity cow at 44, 14
Removed entity wolf from grid at 11, 28
Removed entity wolf from grid at 2, 27
Added entity human at 31, 8
Added entity tree at 30, 7
Added entity cow at 30, 33
Added entity human at 5, 0
Removed entity tree from grid at 15, 17
Added entity human at 11, 5
Removed entity tree from grid at 37, 47
Added entity human at 37, 12
Removed entity cow from grid at 33, 11
Added entity cow at 45, 30
Added entity cow at 29, 41
Added entity house at 22, 0
Removed entity cow from grid at 30, 42
Removed entity cow from grid at 34, 10
Added entity house at 29, 12
Removed entity cow from grid at 27, 15
Removed entity human from grid at 44, 43
Removed entity tree from grid at 35, 9
Removed entity human from grid at 22, 17
Removed entity wolf from grid at 37, 35
Removed entity cow from grid at 32, 43
Added entity house at 35, 44
Removed entity cow from grid at 27, 24
Removed entity tree from grid at 38, 29
Added entity wolf at 47, 12
Added entity wolf at 8, 33
Added entity wolf at 26, 13
Added entity wolf at 43, 22
Added entity wolf at 19, 35
Added entity wolf at 24, 33
Removed entity wolf from grid at 18, 29
Added entity cow at 30, 27
Removed entity wolf from grid at 2, 27
Added entity human at 41, 27
Added entity human at 42, 29
Removed entity house from grid at 42, 28
Added entity human at 38, 27
Added entity human at 38, 28
Removed entity house from grid at 39, 28
Removed entity wolf from grid at 24, 33
Removed entity wolf from grid at 19, 35
Removed entity human from grid at 38, 28
Removed entity human from grid at 38, 27
Added entity tree at 42, 28
Added entity cow at 44, 29
Added entity tree at 36, 11
Added entity tree at 10, 4
Added entity tree at 4, 0
Removed entity cow from grid at 24, 15
Added entity human at 38, 10
Added entity cow at 41, 25
Removed entity tree from grid at 19, 46
Removed entity human from grid at 30, 12
Added entity house at 37, 34
Added entity house at 33, 16
Removed entity human from grid at 41, 36
Added entity house at 43, 38
Added entity human at 22, 23
Removed entity tree from grid at 35, 45
Removed entity cow from grid at 27, 10
Removed entity tree from grid at 42, 28
Removed entity human from grid at 36, 34
Removed entity tree from grid at 36, 11
Removed entity wolf from grid at 22, 26
Added entity house at 18, 4
Removed entity wolf from grid at 20, 44
Added entity human at 11, 44
Added entity human at 44, 34
Removed entity wolf from grid at 25, 16
Added entity wolf at 27, 45
Added entity wolf at 21, 48
Added entity wolf at 20, 33
Added entity wolf at 27, 35
Removed entity wolf from grid at 8, 33
Removed entity wolf from grid at 1, 25
Added entity tree at 43, 33
Removed entity human from grid at 11, 44
Added entity tree at 21, 24
Added entity tree at 38, 9
Added entity tree at 40, 27
Added entity human at 12, 6
Removed entity human from grid at 29, 47
Removed entity human from grid at 26, 11
Added entity human at 19, 31
Removed entity cow from grid at 32, 8
Removed entity human from grid at 36, 35
Removed entity tree from grid at 23, 12
Removed entity human from grid at 43, 43
Removed entity human from grid at 36, 11
Removed entity tree from grid at 36, 44
Removed entity human from grid at 38, 29
Added entity human at 21, 21
Removed entity human from grid at 30, 47
Added entity wolf at 11, 36
Added entity wolf at 12, 46
Added entity wolf at 46, 26
Removed entity wolf from grid at 20, 23
Added entity cow at 30, 20
Removed entity wolf from grid at 47, 12
Added entity human at 42, 40
Added entity human at 42, 42
Removed entity house from grid at 43, 41
Removed entity cow from grid at 27, 31
Removed entity wolf from grid at 20, 33
Added entity human at 24, 24
Removed entity cow from grid at 45, 23
Added entity tree at 23, 24
Added entity tree at 43, 41
Added entity human at 18, 32
Added entity human at 13, 7
Removed entity tree from grid at 43, 33
Removed entity tree from grid at 21, 24
Added entity cow at 40, 24
Added entity cow at 45, 30
Removed entity tree from grid at 40, 27
Removed entity tree from grid at 23, 10
Added entity human at 26, 15
Added entity cow at 39, 21
Removed entity human from grid at 23, 16
Removed entity cow from grid at 29, 24
Removed entity tree from grid at 23, 3
Added entity house at 39, 29
Removed entity wolf from grid at 47, 18
Removed entity human from grid at 35, 9
Removed entity human from grid at 39, 26
Removed entity tree from grid at 23, 24
Removed entity cow from grid at 26, 14
Removed entity human from grid at 15, 10
Added entity human at 38, 45
Added entity wolf at 16, 20
Added entity wolf at 22, 34
Added entity wolf at 44, 13
Added entity cow at 32, 46
Removed entity house from grid at 32, 5
Removed entity cow from grid at 38, 46
Added entity cow at 40, 22
Added entity tree at 25, 14
Added entity tree at 13, 6
Added entity tree at 24, 23
Added entity tree at 41, 42
Added entity tree at 42, 39
Added entity tree at 20, 20
Added entity human at 36, 8
Added entity cow at 29, 41
Added entity human at 6, 2
Added entity human at 26, 45
Added entity house at 41, 44
Removed entity cow from grid at 32, 12
Removed entity tree from grid at 38, 9
Added entity human at 26, 48
Removed entity tree from grid at 24, 23
Removed entity tree from grid at 30, 7
Removed entity tree from grid at 40, 28
Removed entity human from grid at 38, 48
Removed entity cow from grid at 40, 24
Added entity human at 21, 8
Added entity wolf at 23, 41
Added entity wolf at 26, 39
Added entity wolf at 11, 27
Added entity cow at 14, 6
Removed entity wolf from grid at 1, 29
Removed entity human from grid at 6, 15
Added entity human at 39, 37
Removed entity wolf from grid at 12, 34
Added entity human at 39, 26
Added entity human at 39, 27
Removed entity house from grid at 40, 26
Removed entity wolf from grid at 17, 19
Removed entity wolf from grid at 8, 36
Added entity tree at 38, 26
Added entity tree at 38, 25
Added entity tree at 38, 37
Added entity tree at 21, 7
Added entity human at 27, 49
Added entity human at 5, 1
Added entity cow at 39, 23
Added entity human at 27, 14
Added entity human at 12, 8
Added entity cow at 29, 19
Removed entity tree from grid at 20, 20
Added entity cow at 27, 29
Added entity human at 17, 19
Removed entity wolf from grid at 24, 42
Removed entity cow from grid at 30, 13
Added entity house at 42, 28
Removed entity cow from grid at 16, 2
Removed entity cow from grid at 27, 29
Removed entity cow from grid at 27, 18
Added entity house at 29, 6
Removed entity tree from grid at 18, 23
Added entity wolf at 6, 40
Added entity wolf at 43, 17
Added entity wolf at 47, 15
Added entity wolf at 8, 32
Added entity wolf at 3, 28
Removed entity wolf from grid at 21, 33
Removed entity wolf from grid at 8, 36
Added entity cow at 30, 21
Removed entity wolf from grid at 5, 34
Removed entity wolf from grid at 49, 25
Removed entity house from grid at 26, 6
Removed entity house from grid at 30, 8
Removed entity house from grid at 31, 5
Removed entity cow from grid at 14, 6
Added entity tree at 16, 18
Added entity tree at 11, 7
Added entity human at 28, 15
Removed entity tree from grid at 4, 0
Removed entity tree from grid at 38, 26
Removed entity tree from grid at 21, 34
Added entity human at 21, 24
Added entity house at 21, 9
Removed entity cow from grid at 28, 16
Removed entity tree from grid at 41, 42
Removed entity cow from grid at 27, 12
Added entity house at 27, 4
Added entity house at 29, 8
Removed entity cow from grid at 37, 46
Removed entity human from grid at 43, 29
Added entity house at 16, 2
Added entity human at 25, 28
Removed entity cow from grid at 30, 13
Added entity house at 22, 4
Added entity human at 38, 44
Added entity human at 44, 35
Added entity wolf at 14, 12
Removed entity tree from grid at 28, 6
Added entity wolf at 22, 15
Added entity wolf at 18, 35
Added entity wolf at 19, 16
Added entity wolf at 26, 14
Added entity wolf at 26, 41
Removed entity wolf from grid at 18, 35
Added entity wolf at 28, 44
Removed entity wolf from grid at 5, 34
Removed entity wolf from grid at 1, 30
Removed entity cow from grid at 27, 30
Added entity cow at 28, 18
Removed entity human from grid at 19, 6
Removed entity wolf from grid at 23, 43
Added entity cow at 28, 42
Added entity cow at 46, 31
Removed entity human from grid at 22, 9
Removed entity wolf from grid at 26, 16
Removed entity wolf from grid at 23, 42
Added entity cow at 9, 0
Added entity cow at 34, 23
Removed entity wolf from grid at 28, 44
Removed entity wolf from grid at 19, 48
Removed entity berry from grid at 29, 43
Removed entity human from grid at 28, 13
Removed entity wolf from grid at 47, 13
Removed entity human from grid at 31, 12
Added entity human at 29, 24
Added entity wolf at 12, 13
Added entity wolf at 19, 35
Added entity wolf at 10, 36
Added entity wolf at 19, 23
Added entity wolf at 20, 49
Added entity wolf at 38, 12
Added entity wolf at 18, 36
Added entity wolf at 9, 27
Removed entity wolf from grid at 43, 13
Added entity human at 35, 21
Removed entity wolf from grid at 6, 33
Removed entity wolf from grid at 2, 28
Removed entity house from grid at 32, 7
Added entity human at 33, 6
Removed entity house from grid at 34, 7
Added entity human at 31, 8
Removed entity house from grid at 32, 9
Removed entity wolf from grid at 29, 36
Added entity tree at 30, 7
Removed entity human from grid at 35, 21
Added entity tree at 29, 23
Added entity cow at 35, 24
Added entity cow at 27, 41
Added entity tree at 44, 35
Added entity tree at 36, 43
Added entity tree at 26, 29
Added entity cow at 29, 22
Added entity human at 5, 3
Removed entity cow from grid at 10, 2
Removed entity cow from grid at 9, 0
Added entity house at 36, 10
Added entity house at 39, 49
Added entity house at 27, 27
Removed entity cow from grid at 30, 16
Removed entity human from grid at 34, 44
Removed entity tree from grid at 38, 25
Removed entity tree from grid at 30, 7
Removed entity tree from grid at 21, 7
Removed entity wolf from grid at 21, 49
Added entity wolf at 23, 27
Added entity wolf at 42, 14
Added entity wolf at 25, 30
Added entity human at 35, 21
Removed entity wolf from grid at 18, 23
Added entity human at 8, 19
Removed entity wolf from grid at 12, 13
Added entity cow at 46, 20
Added entity human at 26, 6
Removed entity house from grid at 27, 7
Added entity human at 38, 40
Added entity human at 38, 41
Removed entity house from grid at 39, 41
Removed entity wolf from grid at 16, 16
Added entity tree at 37, 41
Added entity tree at 37, 39
Removed entity human from grid at 8, 19
Added entity tree at 34, 20
Added entity human at 6, 4
Added entity cow at 28, 21
Added entity cow at 26, 42
Removed entity tree from grid at 44, 35
Added entity human at 14, 17
Added entity human at 11, 9
Removed entity tree from grid at 23, 40
Removed entity human from grid at 36, 11
Removed entity tree from grid at 10, 3
Removed entity cow from grid at 29, 43
Removed entity tree from grid at 9, 1
Removed entity cow from grid at 10, 1
Removed entity human from grid at 29, 36
Removed entity wolf from grid at 23, 13
Added entity house at 5, 17
Removed entity tree from grid at 24, 6
Removed entity human from grid at 34, 16
Removed entity human from grid at 27, 22
Removed entity tree from grid at 28, 7
Added entity house at 40, 34
Removed entity cow from grid at 28, 18
Removed entity cow from grid at 43, 29
Removed entity human from grid at 27, 26
Removed entity tree from grid at 40, 33
Added entity house at 33, 49
Added entity human at 19, 9
Added entity house at 38, 26
Added entity house at 31, 8
Added entity wolf at 26, 20
Added entity wolf at 16, 11
Added entity wolf at 26, 22
Added entity cow at 25, 20
Added entity human at 40, 25
Added entity human at 40, 26
Removed entity house from grid at 41, 26
Removed entity wolf from grid at 16, 15
Added entity tree at 41, 25
Added entity tree at 40, 24
Added entity tree at 19, 8
Added entity tree at 11, 8
Added entity tree at 6, 3
Added entity tree at 39, 40
Added entity tree at 39, 39
Removed entity human from grid at 35, 21
Added entity cow at 34, 25
Removed entity human from grid at 28, 24
Added entity cow at 47, 30
Removed entity human from grid at 27, 28
Added entity cow at 41, 21
Added entity human at 22, 30
Removed entity wolf from grid at 26, 22
Added entity house at 40, 39
Removed entity human from grid at 36, 11
Removed entity tree from grid at 25, 14
Removed entity human from grid at 6, 17
Removed entity tree from grid at 39, 35
Removed entity human from grid at 44, 20
Removed entity human from grid at 39, 32
Removed entity tree from grid at 40, 24
Added entity human at 33, 12
Removed entity wolf from grid at 25, 30
Removed entity cow from grid at 28, 42
Added entity wolf at 5, 34
Removed entity wolf from grid at 4, 26
Added entity wolf at 29, 43
Removed entity wolf from grid at 20, 33
Added entity wolf at 41, 9
Added entity wolf at 21, 17
Added entity wolf at 39, 11
Added entity wolf at 48, 10
Added entity wolf at 25, 36
Removed entity wolf from grid at 39, 11
Added entity human at 26, 10
Removed entity wolf from grid at 11, 27
Added entity human at 40, 31
Removed entity wolf from grid at 5, 34
Removed entity wolf from grid at 2, 28
Removed entity wolf from grid at 21, 26
Added entity human at 37, 37
Removed entity house from grid at 38, 38
Removed entity house from grid at 30, 3
Removed entity wolf from grid at 27, 38
Removed entity wolf from grid at 21, 49
Added entity tree at 36, 36
Added entity tree at 39, 32
Added entity tree at 25, 9
Removed entity human from grid at 33, 12
Added entity cow at 48, 29
Removed entity human from grid at 19, 9
Added entity cow at 27, 41
Removed entity tree from grid at 38, 39
Added entity human at 20, 43
Removed entity cow from grid at 11, 1
Removed entity human from grid at 36, 44
Removed entity cow from grid at 29, 18
Removed entity wolf from grid at 14, 14
Removed entity tree from grid at 39, 38
Added entity cow at 30, 26
Removed entity human from grid at 28, 41
Removed entity wolf from grid at 30, 40
Removed entity tree from grid at 40, 36
Removed entity tree from grid at 35, 47
Removed entity cow from grid at 41, 31
Added entity house at 34, 28
Added entity human at 36, 29
Added entity house at 35, 33
Removed entity wolf from grid at 23, 24
Removed entity human from grid at 20, 10
Added entity human at 28, 28
Removed entity human from grid at 44, 32
Added entity human at 36, 30
Added entity wolf at 8, 32
Added entity wolf at 10, 47
Added entity wolf at 21, 30
Added entity human at 36, 41
Removed entity wolf from grid at 2, 28
Removed entity tree from grid at 9, 14
Added entity human at 20, 19
Removed entity cow from grid at 26, 42
Added entity tree at 35, 40
Added entity tree at 35, 29
Added entity tree at 27, 28
Added entity tree at 35, 28
Added entity cow at 31, 27
Added entity cow at 26, 40
Added entity tree at 37, 36
Added entity human at 21, 29
Added entity cow at 42, 20
Added entity human at 40, 28
Added entity cow at 46, 23
Added entity house at 41, 32
Removed entity cow from grid at 28, 18
Added entity human at 28, 43
Removed entity cow from grid at 33, 40
Added entity house at 46, 37
Removed entity tree from grid at 26, 44
Removed entity human from grid at 33, 15
Added entity house at 20, 3
Removed entity tree from grid at 35, 29
Removed entity wolf from grid at 44, 15
Removed entity tree from grid at 29, 23
Added entity house at 16, 5
Added entity human at 8, 14
Removed entity cow from grid at 43, 34
Removed entity cow from grid at 28, 29
Added entity human at 30, 24
Added entity wolf at 46, 14
Added entity wolf at 17, 36
Added entity wolf at 19, 12
Added entity human at 33, 27
Removed entity wolf from grid at 7, 34
Removed entity wolf from grid at 26, 36
Removed entity tree from grid at 25, 41
Added entity tree at 32, 26
Removed entity cow from grid at 30, 25
Added entity tree at 27, 42
Added entity cow at 45, 24
Added entity tree at 40, 27
Added entity cow at 43, 19
Added entity cow at 25, 41
Added entity cow at 30, 28
Added entity tree at 19, 18
Removed entity tree from grid at 35, 28
Added entity cow at 33, 26
Removed entity cow from grid at 39, 28
Removed entity wolf from grid at 16, 15
Added entity cow at 29, 20
Added entity human at 6, 4
Added entity human at 24, 24
Removed entity human from grid at 26, 12
Added entity human at 27, 23
Removed entity tree from grid at 41, 25
Removed entity tree from grid at 22, 16
Removed entity cow from grid at 28, 41
Added entity human at 20, 43
Removed entity cow from grid at 32, 39
Removed entity cow from grid at 32, 17
Removed entity tree from grid at 20, 5
Removed entity tree from grid at 36, 43
Removed entity human from grid at 40, 25
Added entity human at 32, 45
Added entity wolf at 22, 45
Added entity wolf at 17, 14
Added entity wolf at 3, 29
Added entity wolf at 36, 17
Added entity wolf at 25, 33
Removed entity wolf from grid at 17, 14
Added entity human at 33, 10
Added entity cow at 33, 14
Added entity cow at 24, 25
Added entity human at 28, 10
Added entity human at 28, 11
Removed entity house from grid at 29, 10
Removed entity wolf from grid at 12, 36
Removed entity human from grid at 24, 28
Removed entity wolf from grid at 25, 33
Removed entity tree from grid at 13, 6
Added entity tree at 27, 10
Added entity tree at 29, 9
Removed entity human from grid at 33, 10
Added entity tree at 31, 44
Added entity tree at 26, 22
Added entity tree at 24, 23
Added entity tree at 5, 3
Added entity cow at 24, 42
Removed entity tree from grid at 32, 26
Removed entity tree from grid at 27, 42
Removed entity tree from grid at 40, 27
Added entity human at 21, 40
Added entity cow at 49, 28
Removed entity cow from grid at 33, 13
Removed entity tree from grid at 29, 9
Removed entity cow from grid at 29, 22
Removed entity cow from grid at 31, 42
Removed entity tree from grid at 35, 40
Removed entity cow from grid at 24, 42
Removed entity wolf from grid at 18, 13
Removed entity human from grid at 30, 9
Added entity human at 33, 41
Added entity house at 9, 17
Added entity house at 15, 10
Removed entity cow from grid at 28, 41
Removed entity cow from grid at 45, 16
Removed entity human from grid at 27, 6
Removed entity cow from grid at 42, 20
Added entity human at 12, 10
Removed entity tree from grid at 25, 9
Removed entity tree from grid at 19, 8
Added entity house at 27, 25
Added entity human at 44, 34
Added entity human at 18, 7
Added entity human at 25, 32
Added entity house at 33, 44
Added entity wolf at 32, 48
Added entity wolf at 1, 41
Added entity wolf at 16, 43
Added entity wolf at 34, 48
Added entity wolf at 10, 25
Added entity house at 9, 16
Added entity wolf at 23, 13
Added entity wolf at 20, 31
Removed entity wolf from grid at 18, 35
Added entity human at 38, 28
Removed entity wolf from grid at 7, 33
Added entity cow at 29, 41
Added entity cow at 22, 14
Removed entity wolf from grid at 4, 32
Added entity human at 42, 30
Added entity human at 43, 29
Removed entity house from grid at 43, 30
Removed entity wolf from grid at 10, 25
Removed entity wolf from grid at 47, 15
Removed entity wolf from grid at 21, 45
Added entity tree at 44, 28
Added entity tree at 41, 29
Added entity cow at 30, 40
Added entity tree at 37, 27
Added entity tree at 17, 6
Added entity tree at 43, 33
Added entity tree at 11, 9
Added entity tree at 20, 39
Removed entity human from grid at 32, 45
Removed entity tree from grid at 26, 22
Removed entity tree from grid at 24, 23
Added entity human at 7, 5
Added entity cow at 44, 25
Added entity human at 18, 28
Removed entity cow from grid at 34, 31
Removed entity human from grid at 28, 6
Removed entity human from grid at 43, 29
Added entity human at 15, 18
Removed entity human from grid at 28, 9
Removed entity tree from grid at 39, 32
Added entity human at 22, 28
Removed entity cow from grid at 27, 21
Added entity human at 16, 48
Removed entity human from grid at 35, 31
Removed entity wolf from grid at 44, 14
Added entity house at 45, 37
Removed entity human from grid at 40, 32
Added entity human at 19, 9
Removed entity human from grid at 18, 9
Removed entity human from grid at 19, 7
Added entity wolf at 47, 12
Removed entity human from grid at 32, 44
Removed entity wolf from grid at 6, 28
Added entity wolf at 49, 9
Added entity cow at 14, 4
Added entity cow at 11, 2
Removed entity house from grid at 28, 2
Removed entity wolf from grid at 5, 36
Added entity berry at 5, 18
Added entity tree at 19, 8
Added entity tree at 16, 47
Added entity tree at 21, 27
Removed entity tree from grid at 16, 18
Removed entity tree from grid at 17, 29
Added entity cow at 45, 26
Added entity cow at 31, 39
Added entity cow at 48, 29
Added entity human at 26, 24
Added entity house at 23, 24
Added entity cow at 30, 21
Added entity cow at 31, 28
Added entity cow at 41, 19
Added entity human at 39, 26
Removed entity cow from grid at 43, 29
Removed entity cow from grid at 27, 22
Added entity house at 17, 12
Removed entity wolf from grid at 24, 12
Removed entity tree from grid at 43, 41
Removed entity cow from grid at 24, 42
Removed entity human from grid at 31, 9
Added entity house at 36, 37
Removed entity human from grid at 35, 47
Removed entity human from grid at 14, 8
Added entity wolf at 8, 38
Removed entity human from grid at 39, 48
Added entity wolf at 14, 33
Added entity wolf at 24, 33
Removed entity wolf from grid at 2, 25
Added entity wolf at 24, 48
Removed entity tree from grid at 9, 13
Added entity cow at 19, 21
Removed entity naturereserve from grid at 11, 3
Added entity house at 8, 20
Added entity human at 8, 33
Removed entity wolf from grid at 44, 13
Added entity tree at 38, 25
Added entity cow at 40, 20
Added entity tree at 26, 23
Added entity cow at 47, 28
Added entity cow at 32, 38
Added entity tree at 20, 8
Added entity tree at 17, 47
Added entity human at 14, 19
Removed entity human from grid at 39, 27
Removed entity cow from grid at 44, 32
Removed entity human from grid at 33, 43
Added entity cow at 32, 14
Added entity human at 23, 23
Removed entity human from grid at 29, 23
Removed entity wolf from grid at 30, 45
Removed entity tree from grid at 26, 23
Removed entity wolf from grid at 21, 32
Added entity house at 45, 41
Removed entity tree from grid at 8, 16
Removed entity tree from grid at 19, 8
Added entity house at 32, 4
Removed entity wolf from grid at 22, 34
Removed entity tree from grid at 34, 37
Removed entity cow from grid at 41, 35
Removed entity cow from grid at 41, 19
Removed entity tree from grid at 37, 36
Added entity human at 37, 19
Removed entity human from grid at 28, 27
Added entity wolf at 16, 34
Added entity wolf at 1, 47
Removed entity wolf from grid at 16, 34
Removed entity cow from grid at 27, 41
Removed entity cow from grid at 22, 14
Removed entity cow from grid at 27, 21
Added entity berry at 14, 14
Removed entity human from grid at 34, 32
Added entity berry at 13, 26
Removed entity human from grid at 37, 19
Added entity tree at 22, 22
Added entity tree at 13, 18
Added entity cow at 39, 21
Added entity tree at 39, 25
Added entity cow at 29, 22
Added entity tree at 26, 23
Added entity tree at 19, 8
Removed entity wolf from grid at 17, 49
Added entity human at 8, 6
Removed entity human from grid at 24, 10
Added entity cow at 32, 27
Removed entity cow from grid at 30, 25
Removed entity cow from grid at 42, 27
Removed entity human from grid at 25, 22
Removed entity human from grid at 35, 45
Added entity house at 38, 38
Removed entity cow from grid at 11, 2
Removed entity human from grid at 8, 16
Removed entity cow from grid at 33, 26
Removed entity wolf from grid at 46, 11
Added entity house at 39, 32
Removed entity tree from grid at 43, 33
Removed entity human from grid at 34, 33
Removed entity cow from grid at 48, 21
Added entity wolf at 47, 18
Removed entity human from grid at 20, 6
Added entity wolf at 21, 47
Added entity wolf at 23, 13
Added entity wolf at 1, 30
Added entity wolf at 18, 49
Added entity wolf at 10, 25
Added entity wolf at 18, 36
Removed entity human from grid at 18, 12
Added entity cow at 10, 7
Removed entity naturereserve from grid at 10, 40
Removed entity wolf from grid at 23, 13
Removed entity wolf from grid at 25, 35
Removed entity human from grid at 9, 21
Added entity tree at 7, 5
Added entity cow at 40, 22
Added entity human at 24, 22
Added entity cow at 33, 15
Removed entity tree from grid at 13, 18
Added entity cow at 48, 27
Removed entity tree from grid at 6, 32
Added entity human at 40, 27
Added entity cow at 46, 25
Removed entity tree from grid at 20, 9
Removed entity wolf from grid at 27, 34
Removed entity cow from grid at 28, 21
Removed entity tree from grid at 31, 44
Added entity house at 40, 26
Removed entity tree from grid at 21, 10
Removed entity tree from grid at 39, 39
Removed entity tree from grid at 10, 4
Removed entity human from grid at 22, 24
Removed entity tree from grid at 19, 8
Removed entity tree from grid at 42, 39
Removed entity cow from grid at 31, 39
Removed entity cow from grid at 11, 6
Removed entity human from grid at 32, 48
Removed entity tree from grid at 19, 18
Removed entity cow from grid at 34, 14
Added entity human at 27, 22
Removed entity human from grid at 20, 18
Added entity wolf at 11, 2
Added entity wolf at 23, 29
Added entity wolf at 7, 41
Added entity wolf at 34, 49
Added entity wolf at 24, 49
Added entity wolf at 42, 14
Added entity cow at 17, 21
Removed entity wolf from grid at 13, 35
Removed entity wolf from grid at 47, 12
Added entity tree at 26, 21
Added entity tree at 39, 27
Added entity tree at 25, 21
Added entity cow at 41, 21
Added entity berry at 33, 27
Added entity cow at 33, 28
Removed entity human from grid at 23, 23
Removed entity cow from grid at 40, 25
Added entity cow at 32, 29
Removed entity human from grid at 26, 24
Added entity tree at 19, 8
Removed entity wolf from grid at 18, 48
Added entity tree at 16, 19
Added entity tree at 9, 5
Added entity tree at 26, 34
Added entity tree at 19, 6
Added entity tree at 42, 34
Added entity tree at 18, 40
Added entity human at 18, 43
Removed entity human from grid at 24, 24
Removed entity human from grid at 42, 30
Removed entity tree from grid at 11, 9
Removed entity human from grid at 40, 45
Removed entity wolf from grid at 11, 2
Removed entity human from grid at 38, 28
Removed entity human from grid at 19, 9
Removed entity tree from grid at 9, 5
Removed entity human from grid at 40, 44
Added entity house at 39, 46
Removed entity wolf from grid at 35, 13
Removed entity human from grid at 26, 3
Added entity human at 30, 21
Added entity house at 14, 2
Added entity wolf at 37, 48
Added entity wolf at 19, 22
Added entity wolf at 26, 42
Added entity wolf at 17, 37
Added entity wolf at 11, 48
Added entity wolf at 45, 15
Removed entity wolf from grid at 47, 10
Removed entity wolf from grid at 4, 35
Removed entity naturereserve from grid at 21, 14
Removed entity human from grid at 8, 21
Added entity tree at 29, 20
Added entity cow at 31, 30
Added entity cow at 34, 29
Added entity tree at 27, 21
Removed entity tree from grid at 39, 27
Added entity cow at 47, 26
Removed entity tree from grid at 39, 25
Removed entity human from grid at 26, 24
Removed entity cow from grid at 42, 32
Removed entity cow from grid at 11, 2
Removed entity cow from grid at 10, 2
Removed entity wolf from grid at 34, 48
Removed entity cow from grid at 28, 41
Removed entity human from grid at 40, 42
Removed entity tree from grid at 21, 43
Removed entity human from grid at 38, 41
Added entity human at 43, 18
Removed entity cow from grid at 30, 26
Removed entity human from grid at 10, 17
Removed entity tree from grid at 41, 29
Removed entity human from grid at 38, 49
Removed entity human from grid at 10, 18
Added entity wolf at 22, 21
Added entity wolf at 10, 30
Added entity wolf at 21, 36
Added entity wolf at 29, 37
Removed entity wolf from grid at 26, 44
Removed entity human from grid at 27, 23
Added entity cow at 10, 0
Added entity cow at 46, 20
Removed entity naturereserve from grid at 43, 15
Removed entity naturereserve from grid at 46, 13
Removed entity wolf from grid at 14, 34
Removed entity wolf from grid at 22, 21
Removed entity wolf from grid at 44, 14
Removed entity wolf from grid at 20, 32
Removed entity wolf from grid at 17, 41
Removed entity wolf from grid at 43, 17
Added entity cow at 35, 28
Added entity cow at 32, 31
Added entity tree at 29, 21
Added entity tree at 26, 22
Added entity tree at 41, 26
Added entity tree at 24, 21
Added entity human at 7, 6
Removed entity wolf from grid at 4, 28
Added entity human at 21, 26
Added entity human at 20, 40
Removed entity human from grid at 37, 38
Removed entity tree from grid at 38, 25
Removed entity human from grid at 40, 40
Removed entity cow from grid at 12, 1
Added entity house at 26, 7
Removed entity tree from grid at 7, 5
Added entity house at 43, 32
Removed entity human from grid at 38, 43
Removed entity cow from grid at 19, 21
Added entity wolf at 22, 45
Added entity wolf at 30, 49
Added entity wolf at 26, 18
Added entity wolf at 27, 41
Removed entity cow from grid at 28, 40
Added entity wolf at 45, 15
Added entity wolf at 19, 33
Added entity wolf at 48, 11
Removed entity wolf from grid at 48, 11
Removed entity wolf from grid at 18, 38
Added entity cow at 26, 24
Added entity tree at 21, 40
Added entity tree at 7, 5
Removed entity human from grid at 30, 21
Added entity cow at 42, 20
Added entity human at 39, 28
Added entity cow at 35, 15
Added entity cow at 30, 21
Removed entity human from grid at 10, 16
Removed entity wolf from grid at 5, 29
Removed entity human from grid at 39, 38
Removed entity cow from grid at 20, 21
Removed entity wolf from grid at 24, 44
Removed entity cow from grid at 29, 37
Removed entity cow from grid at 35, 29
Added entity house at 18, 10
Removed entity wolf from grid at 22, 45
Removed entity cow from grid at 31, 28
Removed entity wolf from grid at 47, 15
Added entity house at 31, 14
Added entity house at 20, 5
Removed entity cow from grid at 42, 20
Removed entity tree from grid at 27, 28
Added entity human at 36, 47
Removed entity cow from grid at 14, 4
Added entity house at 42, 26
Added entity wolf at 14, 49
Removed entity wolf from grid at 27, 41
Added entity wolf at 9, 27
Added entity wolf at 34, 10
Removed entity wolf from grid at 48, 11
Removed entity wolf from grid at 5, 33
Added entity human at 36, 27
Added entity human at 36, 28
Removed entity house from grid at 37, 28
Removed entity wolf from grid at 13, 18
Removed entity wolf from grid at 20, 34
Added entity tree at 35, 27
Removed entity tree from grid at 37, 27
Removed entity human from grid at 36, 47
Added entity cow at 34, 14
Added entity human at 38, 29
Removed entity tree from grid at 20, 39
Added entity human at 8, 5
Removed entity cow from grid at 41, 27
Added entity house at 19, 25
Removed entity human from grid at 18, 26
Added entity house at 37, 24
Added entity human at 11, 9
Removed entity human from grid at 37, 32
Added entity house at 45, 35
Removed entity human from grid at 18, 13
New Faction PURPLE_417 registered with traits: {
  moveSpeed: [33m1.0006521915902442[39m,
  hungerRate: [33m1.0284855677198248[39m,
  visionRadius: [33m1.081101507267463[39m,
  aggression: [33m1.0305993769854882[39m
}
Societal Split! RED -> PURPLE_417 (Threshold: 6)
Removed entity human from grid at 34, 43
Removed entity human from grid at 17, 10
Removed entity tree from grid at 27, 10
Removed entity human from grid at 29, 7
Removed entity tree from grid at 42, 34
Removed entity human from grid at 32, 14
Removed entity tree from grid at 19, 6
Removed entity human from grid at 44, 31
Added entity human at 36, 7
Added entity human at 38, 43
Removed entity tree from grid at 41, 26
Added entity wolf at 23, 30
Added entity wolf at 0, 39
Removed entity human from grid at 20, 24
Added entity wolf at 18, 45
Added entity wolf at 23, 12
Added entity wolf at 18, 29
Added entity human at 25, 8
Added entity cow at 9, 7
Added entity human at 40, 29
Removed entity house from grid at 41, 30
Added entity human at 10, 17
Removed entity human from grid at 24, 18
Removed entity cow from grid at 33, 28
Added entity tree at 10, 16
Added entity tree at 40, 28
Removed entity human from grid at 25, 8
Removed entity human from grid at 36, 7
Added entity tree at 12, 8
Added entity tree at 7, 4
Added entity tree at 37, 28
Added entity cow at 33, 13
Added entity tree at 37, 27
Added entity cow at 29, 22
Added entity cow at 26, 24
Added entity cow at 33, 30
Added entity cow at 42, 20
Added entity human at 42, 21
Added entity human at 18, 42
Added entity human at 24, 25
Removed entity berry from grid at 33, 27
Removed entity wolf from grid at 4, 28
Removed entity tree from grid at 18, 24
Removed entity wolf from grid at 20, 35
Removed entity human from grid at 22, 6
Removed entity cow from grid at 10, 1
Removed entity cow from grid at 9, 7
Removed entity wolf from grid at 25, 36
Removed entity tree from grid at 6, 3
Added entity house at 20, 21
Removed entity tree from grid at 13, 5
Removed entity tree from grid at 42, 2
Removed entity cow from grid at 44, 14
Removed entity cow from grid at 44, 32
Added entity house at 33, 31
Added entity house at 34, 7
Added entity wolf at 26, 47
Added entity wolf at 18, 35
Added entity wolf at 26, 14
Added entity wolf at 16, 39
Removed entity wolf from grid at 18, 38
Removed entity wolf from grid at 24, 43
Added entity cow at 9, 7
Removed entity wolf from grid at 3, 34
Removed entity wolf from grid at 18, 35
Removed entity cow from grid at 46, 21
Removed entity wolf from grid at 20, 31
Added entity tree at 24, 24
Added entity tree at 43, 20
Added entity tree at 11, 17
Added entity tree at 41, 29
Removed entity tree from grid at 11, 8
Added entity human at 9, 4
Removed entity tree from grid at 37, 28
Removed entity tree from grid at 35, 27
Removed entity cow from grid at 8, 6
Added entity cow at 36, 27
Removed entity berry from grid at 42, 18
Removed entity cow from grid at 41, 21
Added entity cow at 48, 25
Removed entity tree from grid at 11, 7
Removed entity tree from grid at 37, 27
Removed entity human from grid at 21, 21
Added entity house at 18, 2
Removed entity tree from grid at 17, 6
Added entity human at 44, 35
Removed entity human from grid at 19, 21
Removed entity human from grid at 13, 5
Removed entity human from grid at 41, 25
Added entity tree at 20, 45
Removed entity naturereserve from grid at 49, 13
Added entity tree at 43, 34
Added entity tree at 8, 3
Added entity tree at 25, 24
Added entity tree at 18, 42
Added entity tree at 11, 16
Removed entity human from grid at 35, 41
Removed entity tree from grid at 7, 7
Removed entity wolf from grid at 14, 47
Added entity house at 18, 23
Removed entity cow from grid at 27, 18
Removed entity tree from grid at 8, 3
Removed entity human from grid at 16, 10
Added entity house at 5, 12
Removed entity tree from grid at 26, 29
Added entity house at 45, 31
Removed entity human from grid at 15, 7
Removed entity human from grid at 32, 7
Removed entity human from grid at 31, 13
Added entity wolf at 22, 46
Added entity wolf at 7, 40
Added entity wolf at 45, 16
Added entity wolf at 16, 48
Added entity wolf at 19, 18
Added entity wolf at 40, 11
Added entity human at 23, 8
Removed entity naturereserve from grid at 31, 21
Removed entity wolf from grid at 21, 14
Removed entity wolf from grid at 11, 29
Removed entity wolf from grid at 18, 29
Removed entity wolf from grid at 49, 18
Added entity tree at 44, 34
Added entity cow at 47, 24
Added entity cow at 35, 28
Added entity tree at 8, 3
Added entity tree at 23, 26
Removed entity tree from grid at 43, 20
Added entity cow at 41, 20
Added entity cow at 34, 14
Removed entity cow from grid at 43, 27
Added entity human at 12, 9
Added entity human at 40, 31
Removed entity cow from grid at 40, 24
Added entity human at 17, 27
Added entity house at 43, 30
Removed entity wolf from grid at 14, 49
Removed entity human from grid at 18, 24
Removed entity wolf from grid at 21, 42
Removed entity wolf from grid at 25, 46
Added entity house at 34, 22
Removed entity wolf from grid at 24, 16
Removed entity tree from grid at 4, 12
Added entity house at 43, 40
Removed entity tree from grid at 21, 27
Added entity wolf at 32, 49
Added entity wolf at 10, 32
Added entity wolf at 16, 13
Added entity wolf at 38, 10
Removed entity wolf from grid at 22, 45
Removed entity human from grid at 13, 8
Removed entity naturereserve from grid at 31, 22
Removed entity naturereserve from grid at 18, 3
Removed entity human from grid at 17, 23
Added entity tree at 16, 26
Added entity tree at 41, 30
Added entity tree at 13, 8
Added entity cow at 35, 13
Added entity cow at 42, 21
Added entity cow at 34, 27
Added entity cow at 48, 23
Removed entity tree from grid at 8, 3
Removed entity tree from grid at 24, 24
Added entity cow at 32, 29
Removed entity tree from grid at 41, 29
Removed entity human from grid at 9, 4
Removed entity tree from grid at 34, 20
Removed entity wolf from grid at 37, 14
Removed entity human from grid at 37, 45
Removed entity tree from grid at 22, 44
Removed entity human from grid at 9, 15
Removed entity human from grid at 7, 14
Removed entity human from grid at 30, 45
Removed entity human from grid at 22, 28
Added entity berry at 47, 34
Added entity tree at 10, 40
Removed entity cow from grid at 43, 25
Added entity human at 28, 24
Added entity wolf at 34, 48
Added entity wolf at 9, 40
Added entity wolf at 25, 41
Added entity wolf at 11, 27
Removed entity wolf from grid at 45, 16
Added entity human at 28, 12
Added entity human at 33, 10
Removed entity wolf from grid at 11, 27
Added entity cow at 28, 34
Removed entity naturereserve from grid at 9, 2
Removed entity naturereserve from grid at 29, 40
Removed entity naturereserve from grid at 32, 47
Removed entity naturereserve from grid at 24, 47
Removed entity cow from grid at 32, 39
Removed entity human from grid at 33, 10
Added entity tree at 27, 23
Added entity cow at 31, 30
Added entity cow at 49, 22
Added entity cow at 33, 28
Added entity cow at 36, 12
Added entity tree at 18, 26
Added entity tree at 39, 30
Added entity tree at 11, 10
Removed entity human from grid at 24, 24
Removed entity tree from grid at 44, 28
Removed entity cow from grid at 38, 40
Removed entity tree from grid at 40, 28
Removed entity cow from grid at 28, 21
Removed entity wolf from grid at 25, 15
Removed entity wolf from grid at 37, 12
Removed entity tree from grid at 24, 39
Removed entity wolf from grid at 16, 45
Removed entity tree from grid at 29, 20
Removed entity tree from grid at 36, 36
Added entity human at 38, 9
Removed entity wolf from grid at 13, 18
Added entity wolf at 25, 41
Added entity wolf at 23, 31
Added entity wolf at 6, 28
Added entity wolf at 14, 33
Added entity wolf at 12, 33
Added entity wolf at 12, 40
Added entity wolf at 21, 35
Added entity wolf at 28, 37
Added entity wolf at 27, 26
Removed entity wolf from grid at 44, 14
Removed entity wolf from grid at 16, 37
Removed entity naturereserve from grid at 35, 19
Removed entity naturereserve from grid at 49, 19
Removed entity naturereserve from grid at 13, 4
Removed entity wolf from grid at 21, 35
Removed entity wolf from grid at 11, 30
Removed entity wolf from grid at 14, 18
Removed entity cow from grid at 47, 21
Removed entity human from grid at 29, 26
Added entity tree at 38, 8
Added entity tree at 26, 12
Added entity tree at 29, 23
Added entity tree at 41, 31
Added entity tree at 11, 8
Added entity tree at 20, 46
Added entity human at 44, 19
Removed entity cow from grid at 38, 28
Removed entity human from grid at 33, 29
Added entity human at 18, 44
Removed entity tree from grid at 27, 21
Removed entity human from grid at 33, 21
Removed entity cow from grid at 36, 12
Removed entity tree from grid at 19, 8
Removed entity human from grid at 44, 32
Removed entity human from grid at 28, 26
Added entity house at 44, 24
Added entity wolf at 5, 28
Added entity wolf at 7, 33
Added entity cow at 26, 33
Removed entity naturereserve from grid at 18, 11
Removed entity naturereserve from grid at 29, 38
Removed entity naturereserve from grid at 29, 28
Removed entity wolf from grid at 8, 36
Removed entity wolf from grid at 19, 45
Removed entity cow from grid at 26, 24
Added entity tree at 17, 43
Removed entity tree from grid at 38, 8
Added entity cow at 43, 22
Added entity human at 13, 10
Removed entity cow from grid at 44, 20
Added entity house at 39, 41
Added entity human at 31, 39
Added entity house at 34, 35
Removed entity human from grid at 33, 30
Removed entity tree from grid at 38, 36
Removed entity tree from grid at 7, 4
Added entity house at 10, 12
Removed entity wolf from grid at 25, 41
Added entity house at 42, 48
Removed entity wolf from grid at 18, 49
Added entity house at 21, 25
Removed entity tree from grid at 20, 8
Added entity human at 36, 29
Removed entity cow from grid at 45, 34
Added entity wolf at 12, 13
Added entity human at 42, 42
Added entity human at 33, 24
Added entity house at 39, 24
Added entity wolf at 24, 35
Added entity wolf at 3, 25
Removed entity cow from grid at 42, 17
Removed entity naturereserve from grid at 29, 17
Removed entity naturereserve from grid at 45, 19
Removed entity naturereserve from grid at 13, 2
Removed entity naturereserve from grid at 32, 19
Removed entity naturereserve from grid at 22, 48
Removed entity naturereserve from grid at 29, 45
Removed entity human from grid at 33, 24
Added entity tree at 43, 41
Added entity tree at 35, 28
Added entity tree at 44, 18
Added entity tree at 38, 8
Added entity cow at 32, 29
Added entity cow at 48, 23
Added entity cow at 29, 33
Removed entity cow from grid at 28, 25
Added entity human at 44, 37
Added entity human at 19, 48
Removed entity tree from grid at 39, 40
Removed entity wolf from grid at 22, 34
Removed entity human from grid at 32, 22
Removed entity human from grid at 5, 13
Added entity human at 24, 16
Removed entity human from grid at 10, 11
Added entity house at 3, 14
Removed entity human from grid at 43, 48
Added entity house at 34, 0
Removed entity wolf from grid at 4, 47
Removed entity human from grid at 32, 31
Removed entity human from grid at 16, 6
Removed entity human from grid at 22, 26
Removed entity tree from grid at 44, 34
Added entity human at 32, 47
Added entity human at 30, 28
Removed entity wolf from grid at 8, 28
Added entity wolf at 19, 16
Added entity wolf at 23, 35
Removed entity human from grid at 11, 13
Removed entity naturereserve from grid at 25, 19
Removed entity naturereserve from grid at 12, 5
Removed entity naturereserve from grid at 25, 25
Removed entity wolf from grid at 13, 32
Added entity human at 46, 20
Removed entity human from grid at 31, 41
Added entity tree at 47, 19
Removed entity human from grid at 30, 28
Removed entity human from grid at 32, 47
Added entity tree at 23, 15
Added entity human at 18, 49
Removed entity tree from grid at 35, 28
Added entity human at 12, 13
Removed entity human from grid at 19, 42
Removed entity tree from grid at 44, 18
Added entity cow at 32, 31
Removed entity cow from grid at 46, 36
Removed entity human from grid at 16, 11
Added entity cow at 45, 26
Removed entity wolf from grid at 20, 31
Removed entity wolf from grid at 24, 33
Removed entity tree from grid at 25, 21
Removed entity tree from grid at 3, 12
Removed entity cow from grid at 28, 32
Removed entity wolf from grid at 30, 47
Removed entity berry from grid at 47, 34
Added entity human at 45, 27
Removed entity human from grid at 21, 26
Removed entity human from grid at 36, 38
Added entity wolf at 9, 43
Added entity wolf at 3, 39
Added entity wolf at 5, 36
Added entity wolf at 10, 26
Added entity wolf at 45, 21
Added entity wolf at 27, 21
Added entity wolf at 18, 12
Added entity cow at 28, 34
Removed entity naturereserve from grid at 32, 13
Removed entity naturereserve from grid at 30, 29
Removed entity naturereserve from grid at 13, 3
Removed entity naturereserve from grid at 48, 20
Removed entity naturereserve from grid at 40, 18
Removed entity naturereserve from grid at 11, 0
Removed entity wolf from grid at 10, 26
Removed entity human from grid at 6, 17
Removed entity human from grid at 33, 34
Removed entity human from grid at 45, 27
Removed entity wolf from grid at 12, 14
Added entity tree at 18, 48
Added entity tree at 18, 47
Added entity tree at 41, 34
Added entity cow at 30, 32
Added entity cow at 31, 28
Added entity tree at 43, 39
Added entity human at 38, 29
Removed entity human from grid at 45, 23
Added entity human at 11, 19
Removed entity human from grid at 41, 27
Removed entity wolf from grid at 27, 21
Removed entity wolf from grid at 19, 12
Removed entity human from grid at 36, 36
Removed entity human from grid at 43, 47
Added entity house at 45, 29
Added entity house at 30, 3
Added entity house at 45, 33
Removed entity human from grid at 33, 36
Removed entity human from grid at 41, 26
Added entity house at 28, 31
Removed entity tree from grid at 13, 8
Added entity human at 30, 27
Removed entity tree from grid at 41, 30
Added entity wolf at 24, 14
Removed entity wolf from grid at 25, 41
Removed entity naturereserve from grid at 29, 30
Removed entity naturereserve from grid at 37, 16
Removed entity naturereserve from grid at 30, 23
Added entity tree at 10, 18
Added entity tree at 38, 28
Added entity cow at 32, 27
Added entity cow at 31, 32
Removed entity tree from grid at 18, 48
Removed entity wolf from grid at 22, 15
Removed entity tree from grid at 43, 34
Added entity cow at 49, 22
Removed entity human from grid at 44, 40
Removed entity human from grid at 24, 10
Removed entity cow from grid at 27, 24
Removed entity wolf from grid at 2, 26
Removed entity cow from grid at 28, 14
Removed entity tree from grid at 38, 8
Removed entity human from grid at 3, 16
Added entity house at 28, 2
Added entity human at 29, 17
Removed entity human from grid at 28, 30
Removed entity human from grid at 45, 23
Added entity human at 15, 8
Added entity wolf at 20, 28
Removed entity tree from grid at 39, 30
Added entity wolf at 23, 30
Added entity wolf at 5, 44
Added entity wolf at 42, 24
Removed entity wolf from grid at 10, 30
Added entity wolf at 29, 43
Removed entity human from grid at 8, 18
Added entity tree at 15, 7
Added entity tree at 29, 16
Added entity tree at 28, 27
Added entity tree at 11, 18
Removed entity human from grid at 38, 29
Added entity cow at 29, 31
Added entity cow at 27, 35
Added entity human at 43, 34
Removed entity human from grid at 39, 28
Removed entity wolf from grid at 15, 37
Removed entity human from grid at 43, 29
Removed entity human from grid at 27, 31
Removed entity human from grid at 42, 30
Removed entity wolf from grid at 27, 44
Removed entity cow from grid at 32, 46
Added entity house at 2, 17
Removed entity wolf from grid at 46, 20
Removed entity wolf from grid at 23, 29
Added entity house at 11, 6
Removed entity human from grid at 40, 29
Removed entity human from grid at 42, 29
Removed entity wolf from grid at 9, 28
Added entity wolf at 46, 10
Added entity wolf at 42, 9
Added entity wolf at 43, 17
Removed entity wolf from grid at 43, 17
Removed entity naturereserve from grid at 14, 5
Removed entity wolf from grid at 8, 30
Removed entity wolf from grid at 5, 28
Removed entity wolf from grid at 42, 24
Removed entity tree from grid at 29, 16
Added entity cow at 30, 31
Removed entity tree from grid at 11, 18
Removed entity cow from grid at 41, 35
Added entity human at 41, 16
Added entity house at 47, 39
Removed entity human from grid at 27, 12
Removed entity cow from grid at 28, 34
Removed entity tree from grid at 24, 3
Removed entity human from grid at 7, 13
Removed entity human from grid at 26, 3
Removed entity human from grid at 34, 3
Removed entity cow from grid at 35, 10
Removed entity tree from grid at 41, 34
Added entity wolf at 45, 16
Added entity wolf at 5, 36
Added entity tree at 10, 44
Added entity wolf at 27, 37
Removed entity wolf from grid at 27, 41
Removed entity cow from grid at 40, 24
Removed entity cow from grid at 36, 46
Added entity tree at 42, 33
Added entity tree at 12, 5
Removed entity human from grid at 29, 17
Added entity cow at 48, 23
Added entity cow at 33, 28
Added entity tree at 27, 28
Added entity cow at 44, 20
Removed entity wolf from grid at 21, 28
Removed entity human from grid at 17, 10
Removed entity human from grid at 47, 40
Removed entity tree from grid at 5, 16
Removed entity human from grid at 44, 40
Added entity human at 34, 21
Removed entity tree from grid at 11, 8
Added entity wolf at 48, 16
Added entity wolf at 26, 47
Added entity wolf at 10, 38
Added entity wolf at 3, 27
Added entity wolf at 6, 44
Removed entity wolf from grid at 23, 40
Added entity wolf at 22, 26
Added entity house at 34, 2
Removed entity wolf from grid at 22, 34
Removed entity wolf from grid at 22, 26
Added entity tree at 34, 20
Added entity cow at 34, 27
Added entity tree at 43, 33
Added entity cow at 29, 35
Added entity cow at 28, 32
Removed entity tree from grid at 27, 28
Removed entity human from grid at 10, 19
Removed entity human from grid at 17, 49
Added entity human at 24, 12
Added entity house at 34, 38
Removed entity wolf from grid at 25, 44
Added entity wolf at 29, 37
Added entity wolf at 0, 33
Added entity wolf at 18, 36
Removed entity wolf from grid at 25, 40
Added entity cow at 30, 36
Added entity cow at 33, 26
Removed entity cow from grid at 35, 21
Removed entity cow from grid at 44, 34
Added entity tree at 10, 3
Removed entity cow from grid at 29, 29
Removed entity cow from grid at 47, 20
Removed entity cow from grid at 40, 38
Removed entity human from grid at 33, 38
Removed entity cow from grid at 28, 32
Added entity house at 7, 12
Removed entity cow from grid at 28, 30
Added entity house at 6, 21
Removed entity human from grid at 34, 39
Added entity wolf at 26, 45
Added entity wolf at 31, 38
Added entity wolf at 5, 29
Added entity wolf at 24, 12
Added entity wolf at 2, 41
Added entity wolf at 27, 38
Removed entity wolf from grid at 23, 40
Added entity wolf at 20, 28
Added entity wolf at 27, 28
Removed entity wolf from grid at 17, 35
Removed entity naturereserve from grid at 27, 33
Removed entity naturereserve from grid at 10, 8
Removed entity naturereserve from grid at 18, 22
Removed entity naturereserve from grid at 24, 37
Added entity human at 36, 39
Added entity human at 36, 40
Removed entity house from grid at 37, 40
Removed entity human from grid at 38, 8
Removed entity human from grid at 7, 21
Removed entity wolf from grid at 20, 28
Removed entity wolf from grid at 22, 15
Added entity cow at 31, 32
Added entity cow at 31, 21
Removed entity human from grid at 6, 22
Removed entity human from grid at 39, 35
Added entity human at 12, 10
Added entity human at 33, 12
Removed entity wolf from grid at 25, 30
Added entity human at 17, 5
Added entity wolf at 7, 40
Added entity wolf at 2, 30
Added entity wolf at 29, 43
Added entity wolf at 17, 38
Removed entity cow from grid at 30, 36
Added entity human at 21, 8
Removed entity wolf from grid at 25, 16
Removed entity cow from grid at 28, 34
Added entity tree at 10, 20
Removed entity tree from grid at 11, 10
Added entity cow at 30, 20
Added entity cow at 34, 27
Removed entity tree from grid at 12, 5
Added entity cow at 46, 25
Removed entity wolf from grid at 23, 38
Removed entity wolf from grid at 45, 12
Removed entity wolf from grid at 49, 17
Removed entity wolf from grid at 25, 41
Removed entity wolf from grid at 22, 39
Added entity wolf at 20, 12
Added entity wolf at 45, 15
Removed entity wolf from grid at 17, 38
Added entity cow at 31, 19
Added entity tree at 17, 5
Added entity cow at 32, 33
Removed entity tree from grid at 23, 15
Added entity cow at 49, 22
Removed entity cow from grid at 40, 17
Removed entity cow from grid at 41, 34
Removed entity cow from grid at 30, 30
Removed entity cow from grid at 36, 34
Removed entity cow from grid at 38, 34
Removed entity wolf from grid at 25, 40
Removed entity wolf from grid at 47, 17
Removed entity human from grid at 17, 6
Removed entity cow from grid at 31, 9
Removed entity tree from grid at 5, 15
Removed entity human from grid at 1, 18
Removed entity human from grid at 29, 9
Removed entity human from grid at 26, 5
Added entity human at 11, 44
Added entity human at 13, 8
Removed entity human from grid at 26, 6
Added entity wolf at 2, 39
Removed entity human from grid at 10, 46
Added entity wolf at 6, 32
Added entity wolf at 17, 16
Added entity wolf at 15, 15
Added entity wolf at 41, 11
Added entity wolf at 17, 32
Removed entity wolf from grid at 29, 39
Added entity human at 36, 28
Added entity human at 36, 29
Removed entity house from grid at 37, 29
Added entity cow at 32, 20
Removed entity cow from grid at 28, 17
Removed entity wolf from grid at 8, 30
Removed entity wolf from grid at 16, 32
Removed entity wolf from grid at 0, 26
Added entity human at 38, 44
Added entity wolf at 26, 47
Removed entity wolf from grid at 15, 17
Added entity wolf at 14, 31
Added entity wolf at 8, 30
Added entity wolf at 19, 16
Added entity wolf at 24, 42
Added entity wolf at 21, 13
Removed entity wolf from grid at 45, 12
Added entity human at 25, 4
Removed entity house from grid at 26, 4
Removed entity house from grid at 25, 3
Removed entity cow from grid at 30, 29
Removed entity wolf from grid at 22, 13
Added entity cow at 31, 21
Removed entity wolf from grid at 21, 14
Added entity cow at 43, 18
Removed entity wolf from grid at 8, 28
Removed entity wolf from grid at 17, 18
Removed entity wolf from grid at 25, 44
Removed entity wolf from grid at 22, 16
Removed entity wolf from grid at 12, 40
Added entity tree at 19, 4
Added entity tree at 11, 3
Removed entity wolf from grid at 47, 14
Added entity human at 35, 21
Removed entity human from grid at 2, 33
Added entity wolf at 14, 49
Removed entity wolf from grid at 26, 38
Added entity wolf at 19, 38
Added entity wolf at 25, 26
Removed entity tree from grid at 34, 20
Added entity cow at 42, 17
Added entity cow at 33, 28
Removed entity tree from grid at 15, 7
Removed entity wolf from grid at 14, 33
Removed entity human from grid at 27, 32
Removed entity human from grid at 32, 37
Removed entity human from grid at 32, 12
Removed entity cow from grid at 28, 17
Added entity human at 44, 40
Added entity house at 5, 14
Added entity wolf at 2, 33
Removed entity human from grid at 8, 25
Added entity wolf at 37, 11
Added entity wolf at 13, 27
Added entity human at 21, 6
Removed entity house from grid at 22, 7
Added entity human at 37, 21
Added entity human at 37, 22
Removed entity house from grid at 38, 22
Added entity human at 24, 14
Added entity tree at 23, 13
Added entity tree at 38, 21
Added entity house at 38, 22
Added entity cow at 32, 20
Added entity cow at 33, 34
Removed entity tree from grid at 38, 37
Added entity human at 44, 19
Removed entity wolf from grid at 25, 25
Removed entity cow from grid at 32, 13
Removed entity human from grid at 27, 17
Removed entity wolf from grid at 25, 43
Removed entity tree from grid at 6, 16
Added entity wolf at 21, 29
Removed entity wolf from grid at 15, 35
Added entity wolf at 5, 43
Added entity wolf at 23, 37
Added entity wolf at 48, 8
Added entity wolf at 19, 47
Added entity wolf at 23, 35
Added entity wolf at 17, 41
Removed entity wolf from grid at 45, 12
Added entity human at 26, 10
Added entity human at 26, 11
Removed entity house from grid at 27, 11
Added entity human at 34, 25
Removed entity house from grid at 35, 26
Added entity human at 33, 8
Added entity human at 33, 9
Removed entity house from grid at 34, 9
Added entity human at 6, 17
Added entity human at 6, 19
Removed entity house from grid at 7, 18
Removed entity human from grid at 33, 8
Added entity cow at 32, 35
Removed entity human from grid at 46, 42
Added entity cow at 32, 29
Added entity cow at 41, 16
Added entity cow at 47, 21
Removed entity cow from grid at 42, 13
Added entity tree at 11, 0
Removed entity wolf from grid at 22, 37
Added entity tree at 12, 4
Removed entity wolf from grid at 20, 39
Removed entity wolf from grid at 0, 29
Removed entity wolf from grid at 23, 28
Added entity wolf at 27, 47
Removed entity human from grid at 1, 33
Added entity wolf at 29, 39
Added entity wolf at 19, 22
Added entity wolf at 22, 46
Added entity human at 30, 10
Added entity human at 30, 11
Removed entity house from grid at 31, 11
Removed entity wolf from grid at 11, 30
Removed entity wolf from grid at 25, 35
Added entity cow at 46, 22
Removed entity tree from grid at 9, 20
Removed entity human from grid at 32, 10
Removed entity cow from grid at 35, 24
Removed entity human from grid at 37, 20
Removed entity cow from grid at 38, 19
Removed entity cow from grid at 33, 33
Removed entity wolf from grid at 8, 39
Added entity cow at 47, 24
Removed entity wolf from grid at 40, 13
Removed entity cow from grid at 44, 18
Removed entity wolf from grid at 26, 40
Removed entity cow from grid at 31, 36
Removed entity cow from grid at 38, 32
Removed entity cow from grid at 31, 13
Added entity human at 29, 19
Added entity wolf at 24, 37
Added entity wolf at 19, 16
Added entity human at 33, 24
Removed entity house from grid at 34, 24
Removed entity wolf from grid at 24, 37
Added entity tree at 34, 23
Removed entity cow from grid at 30, 20
Added entity cow at 48, 25
Added entity cow at 47, 23
Added entity cow at 40, 17
Added entity cow at 33, 21
Added entity human at 35, 32
Removed entity wolf from grid at 19, 16
Removed entity tree from grid at 24, 21
Removed entity human from grid at 8, 18
Removed entity cow from grid at 32, 35
Removed entity cow from grid at 31, 16
Added entity house at 10, 4
Added entity wolf at 27, 18
Added entity wolf at 0, 32
Added entity wolf at 18, 38
Added entity wolf at 27, 21
Added entity wolf at 44, 15
Removed entity wolf from grid at 17, 40
Added entity human at 23, 8
Added entity human at 24, 8
Removed entity house from grid at 24, 9
Removed entity wolf from grid at 11, 28
Added entity tree at 23, 7
Added entity human at 36, 33
Added entity cow at 48, 22
Added entity cow at 47, 26
Removed entity tree from grid at 34, 23
Removed entity human from grid at 29, 19
Removed entity tree from grid at 26, 12
Removed entity tree from grid at 38, 21
Added entity human at 35, 25
Removed entity human from grid at 34, 20
Added entity human at 36, 35
Removed entity wolf from grid at 8, 30
Removed entity cow from grid at 30, 22
Removed entity cow from grid at 30, 29
Removed entity wolf from grid at 1, 29
Removed entity cow from grid at 31, 34
Added entity human at 40, 25
Added entity house at 36, 39
Added entity house at 4, 19
Added entity wolf at 21, 42
Added entity wolf at 25, 27
Added entity wolf at 30, 47
Added entity wolf at 29, 45
Added entity wolf at 49, 19
Added entity wolf at 21, 13
Removed entity wolf from grid at 18, 38
Added entity human at 31, 29
Added entity human at 33, 27
Removed entity house from grid at 32, 28
Removed entity wolf from grid at 11, 34
Removed entity cow from grid at 30, 19
Removed entity wolf from grid at 27, 18
Added entity tree at 9, 28
Added entity tree at 33, 26
Added entity tree at 39, 25
Added entity human at 37, 36
Added entity human at 34, 26
Added entity human at 37, 32
Removed entity human from grid at 25, 8
Removed entity cow from grid at 35, 31
Added entity cow at 34, 20
Added entity human at 24, 17
Removed entity cow from grid at 37, 23
Removed entity cow from grid at 32, 32
Added entity human at 19, 15
Removed entity wolf from grid at 27, 21
Removed entity wolf from grid at 46, 16
Removed entity cow from grid at 31, 33
Removed entity tree from grid at 5, 20
Added entity wolf at 47, 12
Added entity wolf at 22, 20
Removed entity wolf from grid at 10, 30
Added entity wolf at 10, 48
Added entity wolf at 37, 20
Removed entity wolf from grid at 47, 7
Removed entity wolf from grid at 24, 27
Added entity tree at 5, 33
Removed entity wolf from grid at 25, 18
Added entity cow at 35, 21
Added entity human at 38, 31
Removed entity cow from grid at 31, 28
Removed entity tree from grid at 39, 25
Added entity cow at 48, 27
Added entity cow at 39, 16
Added entity cow at 31, 30
Removed entity human from grid at 38, 25
Removed entity human from grid at 36, 24
Removed entity wolf from grid at 6, 31
Removed entity wolf from grid at 21, 47
Removed entity human from grid at 35, 40
Added entity human at 22, 24
Added entity house at 21, 27
Removed entity tree from grid at 29, 21
Removed entity cow from grid at 34, 47
Removed entity wolf from grid at 28, 44
Removed entity tree from grid at 23, 13
Added entity human at 27, 21
Removed entity human from grid at 37, 40
Removed entity human from grid at 39, 22
Added entity human at 28, 8
Added entity wolf at 38, 32
Added entity wolf at 22, 30
Added entity wolf at 46, 14
Removed entity human from grid at 28, 19
Removed entity human from grid at 38, 21
Removed entity wolf from grid at 24, 42
Added entity tree at 27, 7
Added entity tree at 26, 20
Added entity tree at 21, 23
Added entity cow at 40, 15
Removed entity wolf from grid at 38, 32
Removed entity human from grid at 34, 25
Removed entity tree from grid at 39, 36
Added entity house at 31, 28
Removed entity human from grid at 37, 23
Removed entity wolf from grid at 24, 16
Removed entity wolf from grid at 36, 18
Removed entity cow from grid at 32, 14
Added entity house at 14, 5
Removed entity cow from grid at 32, 34
Removed entity human from grid at 23, 30
Removed entity wolf from grid at 45, 12
Removed entity human from grid at 22, 27
Removed entity cow from grid at 30, 22
Removed entity human from grid at 22, 28
Removed entity wolf from grid at 47, 15
Removed entity cow from grid at 39, 13
Added entity house at 4, 21
Added entity wolf at 8, 33
Added entity wolf at 12, 42
Added entity wolf at 14, 49
Added entity wolf at 38, 10
Added entity wolf at 42, 16
Added entity wolf at 37, 18
Removed entity house from grid at 32, 2
Added entity human at 35, 22
Added entity human at 35, 23
Removed entity house from grid at 36, 22
Removed entity human from grid at 35, 23
Removed entity human from grid at 35, 22
Added entity cow at 39, 14
Added entity tree at 28, 7
Added entity cow at 36, 22
Added entity human at 24, 17
Removed entity cow from grid at 33, 25
Removed entity human from grid at 31, 29
Removed entity tree from grid at 38, 28
Removed entity tree from grid at 47, 19
Removed entity human from grid at 38, 42
Removed entity human from grid at 27, 21
Removed entity cow from grid at 43, 16
Removed entity tree from grid at 29, 23
Added entity house at 31, 6
Removed entity human from grid at 22, 24
Added entity human at 6, 14
Removed entity tree from grid at 3, 19
Added entity wolf at 3, 37
Added entity wolf at 8, 32
Added entity wolf at 27, 42
Added entity wolf at 17, 37
Removed entity wolf from grid at 32, 44
Added entity cow at 37, 23
Added entity cow at 32, 31
Removed entity cow from grid at 39, 33
Removed entity wolf from grid at 47, 19
Added entity tree at 10, 7
Added entity tree at 12, 6
Removed entity wolf from grid at 41, 12
Removed entity wolf from grid at 24, 37
Added entity tree at 8, 3
Added entity tree at 9, 5
Removed entity human from grid at 3, 21
Removed entity human from grid at 10, 6
Removed entity human from grid at 4, 49
Added entity wolf at 26, 13
Added entity wolf at 11, 49
Removed entity wolf from grid at 20, 43
Removed entity wolf from grid at 24, 41
Added entity cow at 38, 15
Added entity human at 36, 26
Added entity human at 34, 39
Added entity cow at 47, 21
Removed entity cow from grid at 32, 31
Removed entity wolf from grid at 26, 14
Removed entity cow from grid at 29, 19
Added entity human at 41, 14
Removed entity wolf from grid at 19, 45
Added entity human at 27, 36
Removed entity wolf from grid at 42, 14
Removed entity human from grid at 4, 22
Removed entity cow from grid at 32, 16
Removed entity human from grid at 27, 36
Added entity human at 41, 38
Removed entity cow from grid at 34, 17
Added entity wolf at 21, 37
Added entity wolf at 27, 18
Added entity wolf at 17, 33
Added entity wolf at 25, 41
Added entity wolf at 23, 11
Added entity wolf at 12, 27
Removed entity naturereserve from grid at 25, 23
Removed entity house from grid at 34, 4
Removed entity house from grid at 35, 5
Removed entity wolf from grid at 10, 30
Added entity human at 33, 38
Added entity cow at 39, 16
Added entity cow at 36, 22
Removed entity wolf from grid at 25, 16
Removed entity human from grid at 28, 10
Removed entity tree from grid at 41, 31
Removed entity cow from grid at 34, 26
Removed entity cow from grid at 31, 32
Removed entity wolf from grid at 23, 11
Added entity house at 7, 18
Removed entity tree from grid at 37, 41
Removed entity tree from grid at 12, 8
Removed entity wolf from grid at 40, 16
Removed entity wolf from grid at 20, 38
Removed entity cow from grid at 29, 24
Removed entity wolf from grid at 5, 39
Removed entity cow from grid at 32, 20
Removed entity wolf from grid at 23, 41
Removed entity human from grid at 18, 36
Added entity house at 33, 9
Added entity human at 11, 44
Removed entity human from grid at 37, 25
Added entity wolf at 26, 47
Added entity wolf at 15, 33
Added entity wolf at 36, 18
Removed entity wolf from grid at 14, 31
Removed entity human from grid at 11, 44
Added entity cow at 37, 21
Added entity cow at 40, 17
Added entity tree at 32, 37
Added entity tree at 41, 38
Added entity tree at 35, 38
Added entity human at 36, 25
Added entity human at 29, 16
Removed entity tree from grid at 37, 39
Removed entity cow from grid at 41, 13
Removed entity human from grid at 33, 10
Added entity human at 30, 11
Removed entity cow from grid at 37, 25
Added entity wolf at 1, 28
Added entity wolf at 41, 9
Added entity wolf at 1, 47
Removed entity naturereserve from grid at 26, 27
Added entity tree at 29, 10
Added entity human at 28, 17
Added entity cow at 46, 22
Added entity human at 39, 27
Removed entity tree from grid at 33, 26
Removed entity cow from grid at 36, 34
Added entity house at 20, 11
Removed entity cow from grid at 33, 17
Removed entity human from grid at 12, 9
Removed entity wolf from grid at 41, 11
Removed entity wolf from grid at 16, 37
Added entity house at 20, 23
Added entity berry at 7, 40
Added entity wolf at 12, 11
Added entity wolf at 30, 36
Added entity wolf at 3, 29
Added entity wolf at 25, 20
Added entity wolf at 30, 16
Added entity wolf at 18, 29
Removed entity naturereserve from grid at 36, 19
Removed entity wolf from grid at 25, 20
Removed entity human from grid at 30, 11
Removed entity human from grid at 44, 41
Added entity cow at 47, 28
Removed entity wolf from grid at 32, 17
Removed entity wolf from grid at 8, 43
Removed entity human from grid at 13, 7
Removed entity wolf from grid at 17, 31
Removed entity wolf from grid at 37, 17
Added entity tree at 39, 11
Removed entity human from grid at 16, 6
Removed entity cow from grid at 42, 18
Added entity human at 19, 6
Added entity wolf at 0, 22
Added entity wolf at 16, 49
Removed entity wolf from grid at 10, 30
Removed entity naturereserve from grid at 34, 11
Removed entity naturereserve from grid at 23, 25
Removed entity naturereserve from grid at 13, 0
Removed entity cow from grid at 39, 15
Removed entity wolf from grid at 25, 44
Removed entity cow from grid at 26, 27
Added entity cow at 47, 21
Removed entity human from grid at 28, 16
Added entity cow at 41, 18
Added entity human at 36, 17
Removed entity cow from grid at 35, 25
Removed entity human from grid at 4, 12
Added entity human at 28, 16
Removed entity cow from grid at 39, 28
Removed entity human from grid at 24, 12
Added entity house at 38, 36
Removed entity tree from grid at 6, 24
Added entity human at 41, 13
Removed entity human from grid at 12, 9
Removed entity cow from grid at 39, 18
Added entity house at 19, 27
Removed entity cow from grid at 31, 31
Removed entity human from grid at 6, 15
Removed entity human from grid at 11, 5
Removed entity tree from grid at 21, 23
Removed entity tree from grid at 29, 10
Removed entity wolf from grid at 8, 12
Added entity human at 41, 36
Removed entity human from grid at 16, 24
Removed entity wolf from grid at 1, 23
Added entity wolf at 19, 47
Added entity wolf at 1, 45
Removed entity naturereserve from grid at 19, 28
Removed entity naturereserve from grid at 44, 12
Removed entity cow from grid at 28, 28
Added entity tree at 40, 35
Added entity tree at 40, 12
Added entity tree at 27, 15
Added entity cow at 46, 20
Added entity human at 36, 28
Removed entity cow from grid at 37, 17
Removed entity human from grid at 25, 18
Added entity house at 34, 40
Removed entity human from grid at 34, 41
Removed entity tree from grid at 40, 12
Removed entity cow from grid at 37, 14
Removed entity wolf from grid at 27, 39
Added entity house at 37, 42
Removed entity wolf from grid at 0, 28
Removed entity cow from grid at 36, 46
Added entity wolf at 7, 33
Removed entity cow from grid at 30, 30
Removed entity tree from grid at 23, 26
Added entity tree at 36, 27
Added entity tree at 41, 35
Added entity cow at 40, 17
Removed entity cow from grid at 31, 22
Added entity cow at 36, 22
Added entity human at 29, 37
Removed entity tree from grid at 36, 27
Removed entity tree from grid at 28, 27
Added entity house at 34, 26
Removed entity cow from grid at 40, 16
Removed entity tree from grid at 20, 25
Removed entity human from grid at 18, 27
Removed entity human from grid at 19, 28
Removed entity wolf from grid at 16, 34
Added entity house at 25, 25
Removed entity human from grid at 29, 10
Added entity human at 20, 8
Added entity human at 36, 43
Added entity wolf at 20, 41
Added entity wolf at 23, 30
Added entity wolf at 46, 14
Added entity wolf at 43, 22
Added entity wolf at 22, 48
Removed entity naturereserve from grid at 46, 17
Removed entity naturereserve from grid at 20, 47
Removed entity cow from grid at 32, 31
Added entity tree at 19, 7
Added entity cow at 45, 19
Added entity tree at 17, 6
Added entity cow at 48, 29
Removed entity human from grid at 31, 29
Added entity tree at 23, 10
Removed entity tree from grid at 23, 7
Removed entity wolf from grid at 13, 48
Removed entity human from grid at 24, 25
Added entity human at 46, 40
Added entity human at 19, 8
Added entity wolf at 40, 31
Added entity wolf at 7, 45
Removed entity naturereserve from grid at 24, 34
Removed entity naturereserve from grid at 21, 31
Removed entity human from grid at 25, 26
Added entity tree at 18, 9
Removed entity human from grid at 46, 40
Added entity cow at 35, 23
Removed entity human from grid at 37, 27
Removed entity cow from grid at 31, 22
Removed entity human from grid at 41, 33
Removed entity human from grid at 34, 25
Added entity house at 25, 4
Removed entity wolf from grid at 16, 41
Removed entity wolf from grid at 41, 28
Removed entity wolf from grid at 22, 46
Removed entity wolf from grid at 25, 31
Removed entity wolf from grid at 15, 33
Added entity human at 17, 9
Added entity wolf at 24, 48
Added entity wolf at 15, 36
Added entity wolf at 23, 48
Added entity wolf at 19, 33
Removed entity naturereserve from grid at 45, 14
Removed entity naturereserve from grid at 48, 18
Removed entity wolf from grid at 24, 48
Added entity house at 19, 10
Removed entity tree from grid at 25, 34
Removed entity tree from grid at 41, 35
Added entity human at 40, 13
Removed entity cow from grid at 36, 28
Removed entity human from grid at 30, 22
Removed entity wolf from grid at 5, 28
Removed entity cow from grid at 39, 16
Removed entity tree from grid at 26, 21
Removed entity tree from grid at 32, 37
Added entity house at 41, 30
Removed entity tree from grid at 21, 44
Added entity human at 6, 16
Added entity human at 34, 15
Removed entity tree from grid at 27, 23
Added entity human at 43, 27
Added entity human at 36, 32
Added entity wolf at 0, 32
Added entity wolf at 9, 40
Added entity wolf at 45, 15
Added entity wolf at 16, 11
Removed entity naturereserve from grid at 28, 36
Removed entity naturereserve from grid at 24, 31
Removed entity naturereserve from grid at 35, 18
Removed entity wolf from grid at 45, 15
Removed entity wolf from grid at 23, 48
Removed entity human from grid at 43, 27
Removed entity human from grid at 17, 9
Added entity cow at 46, 20
Removed entity human from grid at 19, 9
Removed entity wolf from grid at 42, 20
Removed entity human from grid at 20, 12
Removed entity wolf from grid at 13, 34
Removed entity wolf from grid at 8, 28
Added entity human at 36, 47
Added entity wolf at 38, 48
Added entity wolf at 28, 19
Added entity wolf at 10, 32
Removed entity naturereserve from grid at 24, 36
Removed entity naturereserve from grid at 10, 27
Removed entity naturereserve from grid at 42, 15
Removed entity naturereserve from grid at 10, 49
Removed entity wolf from grid at 20, 49
Removed entity wolf from grid at 8, 32
Removed entity human from grid at 36, 47
Added entity cow at 45, 21
Added entity tree at 37, 29
Added entity tree at 7, 13
Added entity tree at 39, 12
Added entity tree at 16, 10
Added entity cow at 47, 30
Added entity tree at 41, 36
Added entity tree at 42, 15
Removed entity tree from grid at 26, 34
Removed entity wolf from grid at 5, 28
Removed entity human from grid at 39, 47
Added entity human at 9, 21
Added entity human at 22, 10
Removed entity cow from grid at 37, 15
Removed entity tree from grid at 42, 15
Removed entity human from grid at 30, 30
Added entity human at 37, 21
Added entity wolf at 48, 16
Added entity wolf at 46, 14
Added entity wolf at 22, 15
Added entity wolf at 25, 18
Added entity wolf at 6, 44
Removed entity wolf from grid at 11, 31
Added entity wolf at 48, 11
Removed entity naturereserve from grid at 12, 28
Removed entity wolf from grid at 46, 14
Removed entity wolf from grid at 18, 16
Removed entity wolf from grid at 9, 34
Added entity tree at 37, 20
Removed entity human from grid at 22, 10
Added entity cow at 44, 20
Added entity tree at 37, 30
Removed entity human from grid at 34, 16
Removed entity tree from grid at 7, 13
Removed entity tree from grid at 39, 12
Removed entity human from grid at 40, 47
Removed entity tree from grid at 37, 29
Removed entity human from grid at 21, 11
Removed entity wolf from grid at 4, 29
Removed entity wolf from grid at 48, 14
Removed entity wolf from grid at 29, 15
Added entity house at 36, 28
Removed entity human from grid at 25, 36
Removed entity wolf from grid at 12, 35
Added entity human at 28, 10
Added entity wolf at 22, 45
Added entity wolf at 44, 22
Removed entity naturereserve from grid at 25, 42
Removed entity naturereserve from grid at 15, 11
Removed entity naturereserve from grid at 19, 11
Removed entity naturereserve from grid at 22, 12
Removed entity human from grid at 28, 10
Removed entity human from grid at 37, 21
Added entity tree at 37, 29
Added entity tree at 7, 13
Added entity tree at 39, 12
Added entity cow at 34, 24
Removed entity human from grid at 24, 36
Added entity human at 28, 19
Removed entity cow from grid at 31, 23
Removed entity wolf from grid at 20, 36
Removed entity cow from grid at 36, 46
Added entity house at 24, 4
Removed entity tree from grid at 39, 12
Removed entity tree from grid at 37, 29
Removed entity human from grid at 17, 29
Added entity house at 17, 30
Removed entity tree from grid at 39, 11
Removed entity human from grid at 19, 29
Removed entity human from grid at 40, 42
Removed entity cow from grid at 31, 30
Added entity human at 31, 49
Added entity wolf at 32, 45
Added entity wolf at 17, 35
Added entity human at 26, 35
Added entity tree at 25, 34
Removed entity human from grid at 31, 49
Added entity cow at 33, 23
Added entity cow at 43, 21
Removed entity human from grid at 9, 21
Added entity cow at 46, 31
Added entity tree at 37, 29
Added entity tree at 8, 13
Added entity cow at 39, 18
Removed entity human from grid at 30, 23
Removed entity tree from grid at 27, 15
Removed entity human from grid at 16, 30
Removed entity human from grid at 17, 31
Added entity human at 8, 18
Added entity human at 32, 48
Added entity human at 26, 26
Removed entity cow from grid at 33, 29
Added entity wolf at 17, 13
Removed entity naturereserve from grid at 48, 19
Removed entity wolf from grid at 26, 18
Removed entity wolf from grid at 20, 43
Added entity tree at 26, 25
Removed entity human from grid at 32, 48
Added entity cow at 38, 19
Added entity cow at 47, 32
Removed entity cow from grid at 43, 16
Removed entity tree from grid at 26, 22
Added entity house at 45, 43
Removed entity wolf from grid at 48, 16
Removed entity wolf from grid at 17, 49
Added entity house at 36, 26
Added entity house at 35, 12
Added entity house at 15, 29
Removed entity wolf from grid at 23, 15
Added entity human at 28, 28
Added entity house at 31, 41
Added entity wolf at 13, 3
Added entity wolf at 45, 16
Added entity wolf at 23, 37
Added entity wolf at 38, 48
Removed entity naturereserve from grid at 18, 46
Removed entity naturereserve from grid at 19, 34
Removed entity naturereserve from grid at 11, 33
Removed entity naturereserve from grid at 23, 47
Removed entity naturereserve from grid at 16, 40
Removed entity naturereserve from grid at 49, 11
Removed entity naturereserve from grid at 15, 2
Removed entity naturereserve from grid at 18, 37
Removed entity wolf from grid at 23, 37
Removed entity wolf from grid at 21, 38
Added entity tree at 28, 27
Removed entity tree from grid at 26, 25
Removed entity tree from grid at 25, 34
Removed entity human from grid at 44, 43
Removed entity wolf from grid at 42, 16
Added entity house at 35, 18
Removed entity cow from grid at 32, 18
Removed entity human from grid at 45, 44
Removed entity tree from grid at 27, 7
Removed entity wolf from grid at 48, 45
Removed entity tree from grid at 37, 29
Added entity human at 10, 15
Added entity human at 44, 43
Removed entity human from grid at 31, 42
Removed entity human from grid at 11, 4
Removed entity human from grid at 16, 4
Added entity human at 30, 28
Added entity wolf at 14, 12
Added entity wolf at 25, 19
Added entity wolf at 29, 39
Removed entity naturereserve from grid at 23, 32
Removed entity naturereserve from grid at 18, 33
Removed entity naturereserve from grid at 22, 35
Removed entity naturereserve from grid at 45, 17
Added entity tree at 30, 27
Added entity tree at 44, 42
Removed entity human from grid at 10, 15
Added entity tree at 27, 28
Removed entity human from grid at 26, 26
Removed entity human from grid at 9, 18
Added entity tree at 40, 32
Removed entity human from grid at 15, 8
Removed entity human from grid at 35, 43
Removed entity wolf from grid at 22, 20
Removed entity tree from grid at 28, 7
Added entity house at 35, 5
Removed entity tree from grid at 37, 30
Added entity human at 20, 24
Added entity human at 18, 11
Added entity house at 14, 25
Added entity human at 34, 43
Added entity human at 36, 32
Removed entity cow from grid at 35, 20
Removed entity cow from grid at 31, 25
Removed entity human from grid at 32, 48
Removed entity human from grid at 9, 4
Added entity human at 34, 47
Added entity house at 32, 2
Added entity wolf at 6, 36
Added entity human at 38, 45
Removed entity naturereserve from grid at 49, 23
Removed entity naturereserve from grid at 25, 45
Removed entity naturereserve from grid at 49, 14
Removed entity naturereserve from grid at 7, 42
Removed entity naturereserve from grid at 16, 38
Removed entity human from grid at 38, 45
Added entity tree at 34, 46
Added entity tree at 35, 31
Removed entity cow from grid at 33, 23
Removed entity human from grid at 23, 18
Added entity house at 46, 43
Added entity house at 23, 28
Added entity house at 41, 22
Added entity house at 34, 4
Removed entity tree from grid at 14, 26
Added entity human at 8, 18
Removed entity wolf from grid at 9, 6
Added entity human at 28, 5
Added entity human at 42, 43
Removed entity wolf from grid at 4, 29
Added entity human at 40, 42
Added entity wolf at 28, 19
Added entity wolf at 32, 47
Added entity wolf at 10, 31
Removed entity naturereserve from grid at 43, 14
Removed entity naturereserve from grid at 22, 33
Removed entity naturereserve from grid at 46, 18
Removed entity naturereserve from grid at 38, 11
Removed entity human from grid at 14, 29
Removed entity human from grid at 15, 28
Removed entity human from grid at 31, 42
Removed entity wolf from grid at 10, 31
Removed entity human from grid at 40, 42
Removed entity human from grid at 42, 43
Added entity tree at 28, 4
Removed entity human from grid at 8, 18
Added entity house at 36, 33
Removed entity human from grid at 33, 43
Added entity human at 30, 29
Added entity cow at 46, 33
Added entity berry at 42, 20
Added entity human at 22, 17
Added entity house at 31, 32
Removed entity human from grid at 35, 19
Removed entity human from grid at 28, 25
Added entity house at 23, 27
Removed entity human from grid at 15, 26
Added entity house at 8, 43
Removed entity human from grid at 22, 10
Added entity human at 36, 35
Added entity human at 32, 47
Removed entity human from grid at 9, 18
Added entity berry at 15, 13
Added entity wolf at 7, 42
Removed entity human from grid at 13, 25
Removed entity human from grid at 32, 47
Removed entity human from grid at 36, 35
Added entity human at 31, 30
Removed entity tree from grid at 35, 31
Removed entity human from grid at 43, 43
Added entity human at 28, 36
Added entity house at 27, 11
Removed entity tree from grid at 13, 31
Removed entity cow from grid at 33, 24
Added entity human at 26, 24
Removed entity human from grid at 9, 43
Added entity human at 33, 10
Added entity wolf at 8, 30
Added entity wolf at 22, 37
Added entity wolf at 17, 49
Added entity wolf at 15, 15
Added entity wolf at 48, 11
Removed entity naturereserve from grid at 25, 48
Removed entity naturereserve from grid at 22, 47
Removed entity wolf from grid at 8, 30
Removed entity wolf from grid at 25, 38
Added entity cow at 42, 22
Removed entity wolf from grid at 25, 17
Added entity human at 19, 22
Added entity human at 34, 45
Added entity human at 38, 48
Added entity human at 32, 15
Added entity human at 30, 11
Removed entity berry from grid at 42, 20
Removed entity wolf from grid at 4, 29
Added entity human at 38, 7
Removed entity naturereserve from grid at 1, 46
Removed entity naturereserve from grid at 22, 36
Removed entity naturereserve from grid at 27, 20
Removed entity naturereserve from grid at 15, 21
Removed entity naturereserve from grid at 21, 18
Added entity tree at 37, 6
Removed entity human from grid at 30, 11
Removed entity human from grid at 32, 15
Removed entity human from grid at 38, 48
Removed entity human from grid at 31, 12
Added entity tree at 26, 22
Added entity human at 25, 39
Removed entity wolf from grid at 29, 46
Removed entity human from grid at 18, 12
Added entity cow at 37, 18
Removed entity human from grid at 39, 36
Removed entity human from grid at 31, 33
Removed entity human from grid at 26, 18
Removed entity cow from grid at 49, 19
Removed entity tree from grid at 25, 24
Removed entity human from grid at 26, 11
Removed entity tree from grid at 37, 20
Removed entity human from grid at 31, 22
Added entity human at 32, 9
Added entity human at 38, 35
Added entity human at 31, 49
Removed entity human from grid at 28, 6
Removed entity wolf from grid at 3, 28
Added entity wolf at 14, 10
Added entity wolf at 21, 30
Added entity wolf at 20, 37
Added entity wolf at 27, 49
Removed entity human from grid at 7, 43
Added entity wolf at 27, 44
Removed entity naturereserve from grid at 20, 48
Removed entity naturereserve from grid at 49, 10
Removed entity wolf from grid at 6, 32
Removed entity wolf from grid at 24, 15
Removed entity human from grid at 31, 49
Removed entity human from grid at 38, 35
Removed entity wolf from grid at 24, 39
Removed entity wolf from grid at 32, 44
Added entity cow at 41, 21
Removed entity human from grid at 26, 25
Removed entity human from grid at 12, 5
Removed entity human from grid at 17, 22
Removed entity human from grid at 23, 29
Removed entity wolf from grid at 17, 49
Added entity human at 32, 21
Added entity wolf at 20, 41
Removed entity wolf from grid at 27, 49
Removed entity wolf from grid at 21, 38
Added entity tree at 32, 20
Added entity tree at 32, 9
Removed entity tree from grid at 34, 46
Added entity human at 32, 33
Added entity cow at 45, 32
Removed entity human from grid at 34, 33
Removed entity human from grid at 34, 14
Removed entity human from grid at 32, 32
Removed entity human from grid at 22, 28
Removed entity wolf from grid at 30, 39
Removed entity wolf from grid at 11, 33
Added entity human at 21, 20
Added entity tree at 5, 7
Added entity wolf at 17, 34
Added entity wolf at 21, 19
Added entity wolf at 21, 18
Removed entity naturereserve from grid at 19, 39
Removed entity naturereserve from grid at 44, 21
Removed entity naturereserve from grid at 20, 16
Removed entity naturereserve from grid at 31, 15
Removed entity naturereserve from grid at 27, 43
Removed entity wolf from grid at 8, 34
Removed entity human from grid at 21, 20
Removed entity tree from grid at 32, 20
Added entity cow at 42, 22
Removed entity tree from grid at 37, 6
Removed entity wolf from grid at 22, 16
Removed entity wolf from grid at 19, 32
Removed entity wolf from grid at 11, 34
Added entity human at 17, 24
Removed entity tree from grid at 27, 28
Added entity house at 30, 22
Removed entity tree from grid at 28, 4
Removed entity cow from grid at 34, 23
Removed entity tree from grid at 23, 39
Removed entity wolf from grid at 8, 34
Removed entity human from grid at 17, 24
Added entity cow at 43, 21
Added entity cow at 44, 31
Added entity tree at 32, 33
Added entity tree at 32, 20
Added entity tree at 34, 9
Added entity tree at 23, 38
Added entity tree at 37, 6
Removed entity wolf from grid at 15, 19
Added entity human at 35, 23
Added entity house at 25, 2
Removed entity cow from grid at 34, 17
Added entity human at 9, 13
Added entity human at 30, 13
Added entity human at 16, 13
Added entity human at 34, 45
Added entity human at 27, 24
Removed entity wolf from grid at 2, 30
Added entity human at 38, 32
Added entity wolf at 5, 39
Added entity wolf at 2, 37
Added entity wolf at 24, 48
Added entity wolf at 25, 33
Removed entity naturereserve from grid at 0, 37
Removed entity naturereserve from grid at 46, 27
Removed entity naturereserve from grid at 49, 24
Removed entity naturereserve from grid at 6, 43
Removed entity naturereserve from grid at 44, 16
Removed entity wolf from grid at 20, 38
Removed entity human from grid at 16, 13
Removed entity human from grid at 9, 13
Removed entity human from grid at 32, 22
Removed entity cow from grid at 36, 30
Removed entity cow from grid at 35, 21
Added entity human at 32, 19
Removed entity human from grid at 24, 30
Added entity human at 32, 13
Added entity house at 16, 27
Removed entity wolf from grid at 3, 32
Removed entity human from grid at 13, 21
Added entity human at 45, 27
Removed entity wolf from grid at 20, 44
Removed entity tree from grid at 32, 20
Removed entity human from grid at 36, 47
Removed entity human from grid at 28, 11
Added entity human at 32, 20
Added entity cow at 44, 20
Added entity cow at 36, 19
Added entity human at 38, 7
Removed entity wolf from grid at 25, 36
Added entity human at 23, 17
Removed entity human from grid at 35, 45
Removed entity cow from grid at 35, 29
Removed entity wolf from grid at 16, 20
Added entity human at 19, 9
Added entity human at 14, 11
Added entity human at 6, 16
Added entity human at 40, 43
Removed entity wolf from grid at 17, 49
Added entity house at 35, 4
Added entity wolf at 47, 8
Removed entity human from grid at 17, 10
Removed entity human from grid at 14, 11
Removed entity human from grid at 19, 9
Removed entity wolf from grid at 22, 17
Added entity tree at 38, 6
Added entity cow at 37, 20
Added entity human at 33, 13
Added entity human at 31, 18
Added entity cow at 45, 30
Added entity human at 36, 35
Added entity human at 27, 36
Removed entity human from grid at 32, 44
Removed entity cow from grid at 37, 18
Added entity human at 20, 24
Added entity human at 37, 39
Added entity human at 37, 38
Added entity human at 12, 10
Added entity wolf at 7, 42
Added entity wolf at 23, 39
Added entity wolf at 21, 17
Removed entity human from grid at 12, 10
Removed entity human from grid at 20, 24
Added entity human at 30, 17
Added entity human at 32, 14
Added entity human at 24, 18
Removed entity human from grid at 38, 7
Added entity human at 31, 19
Removed entity human from grid at 19, 24
Removed entity tree from grid at 19, 4
Removed entity cow from grid at 36, 19
Removed entity human from grid at 40, 44
Removed entity human from grid at 38, 5
Added entity human at 35, 34
Added entity human at 44, 39
Added entity house at 29, 16
Added entity house at 24, 6
Removed entity cow from grid at 35, 23
Removed entity wolf from grid at 4, 33
Added entity tree at 47, 46
Added entity wolf at 14, 13
Added entity wolf at 1, 38
Added entity wolf at 12, 35
Added entity wolf at 20, 35
Added entity wolf at 12, 37
Added entity wolf at 47, 8
Removed entity naturereserve from grid at 20, 17
Removed entity naturereserve from grid at 7, 38
Removed entity naturereserve from grid at 41, 10
Added entity human at 25, 17
Added entity human at 31, 16
Added entity human at 36, 35
Added entity cow at 46, 31
Added entity cow at 36, 21
Removed entity tree from grid at 40, 32
Removed entity cow from grid at 36, 24
Removed entity cow from grid at 36, 25
Added entity human at 37, 17
Removed entity human from grid at 20, 4
Added entity human at 42, 31
Added entity human at 34, 30
Added entity human at 21, 22
Added entity house at 31, 30
Added entity human at 17, 9
Removed entity human from grid at 30, 16
Added entity human at 16, 11
Removed entity tree from grid at 14, 27
Removed entity human from grid at 16, 11
Removed entity human from grid at 21, 22
Added entity tree at 33, 29
Added entity tree at 42, 30
Added entity cow at 35, 22
Added entity human at 32, 15
Removed entity human from grid at 39, 40
Added entity house at 34, 42
Removed entity human from grid at 6, 17
Removed entity human from grid at 42, 31
Removed entity cow from grid at 35, 22
Removed entity cow from grid at 36, 19
Removed entity wolf from grid at 22, 17
Removed entity tree from grid at 42, 30
Removed entity human from grid at 34, 27
Removed entity wolf from grid at 13, 34
Removed entity human from grid at 30, 28
Removed entity tree from grid at 26, 23
Added entity human at 28, 26
Removed entity wolf from grid at 22, 36
Added entity tree at 28, 25
Added entity tree at 32, 14
Added entity cow at 45, 30
Added entity house at 43, 44
Added entity human at 31, 19
Removed entity human from grid at 35, 41
Removed entity human from grid at 37, 38
Removed entity cow from grid at 36, 21
Removed entity cow from grid at 38, 16
Removed entity cow from grid at 36, 30
Removed entity human from grid at 37, 17
Removed entity tree from grid at 26, 20
Removed entity tree from grid at 30, 27
Removed entity wolf from grid at 1, 30
Added entity wolf at 49, 13
Added entity wolf at 11, 2
Added entity wolf at 14, 36
Added entity wolf at 0, 44
Added entity wolf at 25, 20
Removed entity naturereserve from grid at 15, 48
Removed entity naturereserve from grid at 16, 14
Removed entity naturereserve from grid at 7, 44
Added entity tree at 27, 26
Added entity tree at 33, 14
Removed entity wolf from grid at 45, 44
Removed entity tree from grid at 33, 14
Removed entity cow from grid at 42, 29
Removed entity human from grid at 35, 32
Removed entity tree from grid at 42, 33
Removed entity cow from grid at 37, 19
Removed entity human from grid at 29, 17
New Faction PINK_379 registered with traits: {
  moveSpeed: [33m1.068585408862554[39m,
  hungerRate: [33m0.9092732605560478[39m,
  visionRadius: [33m0.9343602649809292[39m,
  aggression: [33m0.9809113092446153[39m
}
Societal Split! BLUE -> PINK_379 (Threshold: 6)
Added entity human at 9, 11
Added entity human at 35, 34
Removed entity wolf from grid at 14, 36
Removed entity human from grid at 26, 24
Removed entity tree from grid at 23, 10
Added entity human at 38, 48
Added entity human at 28, 28
Added entity wolf at 32, 47
Added entity wolf at 45, 16
Added entity wolf at 24, 47
Added entity wolf at 4, 35
Added entity wolf at 46, 18
Removed entity wolf from grid at 24, 19
Removed entity wolf from grid at 22, 39
Added entity tree at 27, 28
Added entity tree at 37, 47
Added entity tree at 34, 33
Removed entity human from grid at 9, 11
Added entity human at 26, 17
Removed entity tree from grid at 44, 42
Removed entity human from grid at 19, 34
Added entity cow at 43, 19
Removed entity human from grid at 13, 5
Removed entity cow from grid at 37, 25
Removed entity cow from grid at 37, 26
Removed entity human from grid at 21, 36
Removed entity wolf from grid at 18, 14
Removed entity wolf from grid at 3, 32
Added entity wolf at 12, 10
Added entity wolf at 45, 16
Removed entity naturereserve from grid at 11, 46
Removed entity wolf from grid at 6, 33
Removed entity wolf from grid at 24, 47
Added entity cow at 42, 18
Added entity tree at 25, 16
Removed entity tree from grid at 34, 33
Added entity human at 33, 37
Removed entity cow from grid at 38, 20
Removed entity cow from grid at 38, 29
Removed entity cow from grid at 44, 14
Removed entity human from grid at 19, 23
Removed entity tree from grid at 33, 29
Removed entity human from grid at 32, 26
Removed entity wolf from grid at 12, 37
Added entity house at 33, 18
Added entity wolf at 49, 13
Added entity wolf at 24, 27
Added entity wolf at 4, 35
Removed entity wolf from grid at 6, 33
Removed entity human from grid at 42, 21
Added entity tree at 32, 36
Added entity tree at 26, 16
Removed entity human from grid at 30, 21
Added entity human at 31, 27
Removed entity human from grid at 30, 27
Added entity house at 44, 48
Removed entity tree from grid at 32, 14
Added entity house at 28, 18
Added entity house at 22, 7
Removed entity human from grid at 19, 24
Added entity house at 47, 33
Added entity human at 7, 22
Added entity human at 27, 30
Removed entity human from grid at 32, 27
Added entity human at 22, 25
Removed entity wolf from grid at 3, 32
Added entity human at 27, 21
Added entity human at 11, 44
Added entity house at 21, 29
Added entity human at 38, 43
Added entity wolf at 25, 41
Removed entity naturereserve from grid at 20, 22
Removed entity naturereserve from grid at 9, 26
Removed entity naturereserve from grid at 17, 26
Removed entity wolf from grid at 6, 33
Removed entity wolf from grid at 22, 44
Added entity tree at 39, 42
Removed entity human from grid at 11, 44
Removed entity human from grid at 27, 21
Removed entity human from grid at 27, 30
Removed entity human from grid at 31, 27
Added entity human at 31, 12
Removed entity cow from grid at 38, 17
Removed entity cow from grid at 38, 18
Removed entity cow from grid at 36, 24
Removed entity human from grid at 20, 30
Removed entity human from grid at 24, 23
Removed entity wolf from grid at 22, 39
Removed entity human from grid at 21, 30
Added entity wolf at 27, 45
Added entity wolf at 27, 39
Removed entity human from grid at 17, 28
Removed entity tree from grid at 35, 38
Added entity human at 23, 16
Removed entity human from grid at 26, 27
Added entity cow at 44, 31
Removed entity human from grid at 30, 21
Added entity house at 31, 16
Removed entity human from grid at 38, 21
Added entity house at 30, 10
Removed entity wolf from grid at 24, 41
Added entity human at 39, 40
Added entity human at 29, 24
Added entity wolf at 21, 42
Added entity wolf at 18, 36
Added entity wolf at 45, 17
Removed entity naturereserve from grid at 26, 19
Removed entity naturereserve from grid at 10, 37
Removed entity naturereserve from grid at 28, 39
Added entity tree at 29, 23
Added entity human at 22, 17
Removed entity human from grid at 21, 23
Removed entity tree from grid at 10, 23
Removed entity cow from grid at 37, 36
Removed entity human from grid at 33, 15
Removed entity tree from grid at 26, 16
Removed entity tree from grid at 19, 7
Removed entity wolf from grid at 44, 12
Added entity house at 29, 29
Removed entity tree from grid at 43, 33
Removed entity cow from grid at 39, 20
Removed entity human from grid at 41, 21
Added entity human at 27, 8
Removed entity human from grid at 17, 28
Added entity human at 32, 21
Added entity human at 33, 24
Added entity tree at 34, 23
Added entity tree at 32, 20
Added entity tree at 27, 7
Added entity tree at 21, 16
Removed entity human from grid at 39, 40
Added entity cow at 41, 17
Removed entity human from grid at 37, 48
Removed entity cow from grid at 39, 19
Removed entity tree from grid at 47, 46
Removed entity human from grid at 30, 27
Removed entity tree from grid at 34, 23
Added entity house at 38, 20
Removed entity tree from grid at 32, 9
Added entity human at 35, 39
Removed entity tree from grid at 29, 23
Added entity human at 4, 13
Removed entity human from grid at 23, 11
Added entity human at 10, 15
Removed entity wolf from grid at 22, 41
Removed entity wolf from grid at 19, 39
Removed entity tree from grid at 25, 16
Added entity wolf at 48, 16
Removed entity naturereserve from grid at 22, 19
Removed entity naturereserve from grid at 0, 46
Removed entity wolf from grid at 27, 43
Removed entity human from grid at 10, 15
Removed entity human from grid at 4, 13
Added entity tree at 35, 38
Added entity cow at 40, 16
Added entity tree at 34, 23
Added entity tree at 31, 21
Added entity tree at 28, 7
Added entity tree at 22, 16
Removed entity cow from grid at 39, 38
Removed entity cow from grid at 38, 49
Added entity human at 35, 20
Removed entity human from grid at 34, 17
Removed entity human from grid at 39, 19
Removed entity human from grid at 17, 11
Removed entity wolf from grid at 25, 27
Removed entity tree from grid at 28, 27
Removed entity human from grid at 17, 23
Added entity human at 43, 25
Added entity human at 33, 8
Added entity human at 32, 30
Removed entity cow from grid at 39, 27
Added entity human at 37, 39
Added entity wolf at 47, 19
Added entity wolf at 44, 18
Added entity wolf at 26, 18
Added entity tree at 37, 38
Removed entity human from grid at 32, 21
Added entity human at 35, 16
Removed entity tree from grid at 35, 38
Removed entity human from grid at 27, 18
Removed entity human from grid at 39, 20
Removed entity tree from grid at 34, 23
Removed entity human from grid at 29, 23
Removed entity human from grid at 28, 29
Added entity human at 37, 9
Added entity human at 40, 28
Removed entity wolf from grid at 21, 38
Added entity wolf at 31, 38
Added entity wolf at 1, 31
Added entity wolf at 10, 33
Removed entity naturereserve from grid at 11, 41
Removed entity naturereserve from grid at 3, 26
Removed entity wolf from grid at 26, 43
Added entity tree at 39, 27
Added entity tree at 36, 8
Added entity house at 30, 31
Removed entity cow from grid at 40, 27
Added entity cow at 41, 15
Removed entity human from grid at 27, 22
Removed entity human from grid at 36, 38
Removed entity human from grid at 27, 17
Removed entity human from grid at 3, 34
Removed entity human from grid at 36, 17
Added entity house at 41, 49
Removed entity cow from grid at 38, 23
Removed entity human from grid at 36, 9
Removed entity tree from grid at 39, 27
Added entity human at 25, 8
Added entity human at 38, 28
Added entity wolf at 25, 32
Removed entity naturereserve from grid at 45, 18
Removed entity naturereserve from grid at 27, 40
Added entity tree at 37, 27
Removed entity human from grid at 25, 8
Added entity cow at 40, 14
Added entity human at 37, 21
Removed entity cow from grid at 37, 17
Added entity human at 38, 41
Added entity house at 49, 40
Added entity human at 43, 47
Added entity human at 33, 12
Added entity wolf at 45, 19
Added entity wolf at 22, 30
Removed entity naturereserve from grid at 4, 36
Added entity cow at 39, 15
Removed entity wolf from grid at 25, 14
Removed entity human from grid at 2, 14
Removed entity wolf from grid at 7, 34
Added entity wolf at 27, 45
Added entity wolf at 47, 11
Added entity wolf at 20, 38
Removed entity naturereserve from grid at 2, 40
Added entity tree at 13, 35
Added entity cow at 38, 14
Added entity human at 39, 25
Added entity human at 30, 21
Added entity human at 18, 7
Removed entity naturereserve from grid at 16, 35
Removed entity naturereserve from grid at 30, 44
Removed entity naturereserve from grid at 26, 49
Removed entity naturereserve from grid at 11, 38
Removed entity naturereserve from grid at 47, 9
Removed entity wolf from grid at 27, 45
Added entity cow at 39, 13
Added entity cow at 45, 30
Removed entity wolf from grid at 25, 34
Removed entity wolf from grid at 7, 7
Removed entity wolf from grid at 24, 41
Removed entity wolf from grid at 21, 38
Added entity wolf at 1, 35
Added entity human at 33, 22
Added entity wolf at 25, 41
Added entity wolf at 23, 30
Added entity wolf at 22, 28
Added entity cow at 44, 29
Added entity cow at 40, 14
Removed entity human from grid at 24, 27
Removed entity cow from grid at 37, 45
Removed entity wolf from grid at 7, 6
Added entity human at 5, 22
Removed entity wolf from grid at 21, 31
Added entity human at 1, 18
Added entity human at 20, 24
Removed entity wolf from grid at 22, 41
Removed entity wolf from grid at 21, 37
Added entity human at 38, 25
Added entity human at 36, 43
Removed entity human from grid at 1, 33
Added entity human at 30, 25
Added entity wolf at 12, 12
Removed entity naturereserve from grid at 24, 32
Removed entity naturereserve from grid at 1, 43
Removed entity naturereserve from grid at 19, 37
Removed entity cow from grid at 39, 25
Removed entity human from grid at 5, 22
Added entity cow at 41, 15
Added entity house at 19, 6
Removed entity human from grid at 26, 24
Removed entity human from grid at 41, 23
Added entity human at 33, 42
Removed entity human from grid at 44, 23
Removed entity tree from grid at 43, 41
Removed entity human from grid at 21, 26
Added entity human at 3, 20
Added entity human at 39, 21
Added entity human at 46, 38
Removed entity human from grid at 19, 7
Removed entity human from grid at 16, 8
Added entity human at 36, 7
Removed entity naturereserve from grid at 11, 32
Removed entity naturereserve from grid at 0, 45
Removed entity human from grid at 3, 21
Removed entity human from grid at 39, 21
Removed entity tree from grid at 23, 38
Added entity human at 25, 19
Removed entity human from grid at 36, 42
Removed entity human from grid at 23, 26
Added entity house at 23, 30
Removed entity tree from grid at 37, 38
Removed entity tree from grid at 37, 47
Removed entity human from grid at 38, 4
Added entity house at 47, 25
Added entity human at 37, 38
Added entity human at 37, 23
Added entity human at 29, 19
Added entity human at 6, 16
Removed entity human from grid at 4, 22
Added entity wolf at 49, 15
Removed entity naturereserve from grid at 2, 29
Removed entity naturereserve from grid at 25, 13
Removed entity naturereserve from grid at 22, 38
Removed entity naturereserve from grid at 17, 48
Added entity tree at 5, 15
Added entity tree at 29, 18
Added entity tree at 36, 22
Added entity human at 26, 18
Removed entity tree from grid at 43, 39
Added entity house at 37, 48
Removed entity tree from grid at 37, 27
Removed entity wolf from grid at 45, 14
Removed entity cow from grid at 43, 15
Removed entity human from grid at 38, 9
Removed entity human from grid at 22, 30
Removed entity human from grid at 37, 38
Added entity house at 20, 32
Added entity human at 30, 7
Added entity wolf at 45, 19
Added entity wolf at 36, 48
Added entity cow at 42, 14
Removed entity human from grid at 36, 43
Removed entity human from grid at 34, 43
Removed entity human from grid at 39, 21
Removed entity human from grid at 48, 25
Removed entity wolf from grid at 18, 28
Removed entity human from grid at 46, 25
Added entity human at 15, 4
Added entity human at 9, 44
Added entity wolf at 19, 29
Added entity human at 30, 24
Added entity wolf at 7, 33
Removed entity human from grid at 21, 33
Removed entity human from grid at 9, 44
Added entity cow at 41, 13
Removed entity human from grid at 8, 14
Removed entity human from grid at 36, 41
Removed entity human from grid at 38, 49
Removed entity wolf from grid at 45, 13
Removed entity wolf from grid at 45, 11
Removed entity wolf from grid at 45, 15
Removed entity wolf from grid at 19, 29
Added entity human at 4, 11
Added entity human at 46, 40
Added entity human at 32, 47
Removed entity human from grid at 4, 35
Added entity wolf at 13, 13
Added entity wolf at 30, 36
Removed entity naturereserve from grid at 15, 32
Removed entity naturereserve from grid at 18, 15
Removed entity naturereserve from grid at 9, 31
Removed entity human from grid at 7, 11
Removed entity human from grid at 32, 47
Added entity tree at 45, 40
Added entity cow at 40, 12
Added entity tree at 29, 26
Removed entity tree from grid at 34, 9
Added entity house at 41, 7
Removed entity human from grid at 28, 29
Added entity cow at 45, 28
Removed entity tree from grid at 17, 6
Removed entity cow from grid at 43, 17
Removed entity human from grid at 23, 31
Removed entity human from grid at 33, 42
Removed entity human from grid at 35, 38
Added entity human at 41, 35
Added entity human at 35, 21
Added entity tree at 34, 20
Added entity tree at 42, 35
Added entity cow at 39, 13
Added entity human at 24, 17
Removed entity human from grid at 41, 6
Removed entity wolf from grid at 41, 47
Removed entity cow from grid at 38, 12
Added entity house at 25, 27
Added entity human at 35, 38
Added entity human at 29, 32
Removed entity tree from grid at 16, 26
Removed entity human from grid at 21, 33
Removed entity wolf from grid at 2, 2
Added entity human at 40, 42
Added entity human at 8, 16
Added entity wolf at 3, 37
Added entity wolf at 31, 45
Removed entity wolf from grid at 18, 49
Added entity tree at 40, 41
Removed entity human from grid at 29, 32
Added entity cow at 46, 29
Removed entity cow from grid at 40, 46
Removed entity cow from grid at 42, 43
Added entity human at 20, 28
Removed entity tree from grid at 36, 8
Added entity human at 43, 27
Added entity human at 28, 10
Removed entity naturereserve from grid at 0, 23
Removed entity naturereserve from grid at 9, 32
Added entity tree at 28, 9
Added entity cow at 47, 28
Added entity cow at 40, 14
Removed entity cow from grid at 40, 46
Added entity human at 9, 21
Removed entity tree from grid at 37, 6
Added entity human at 14, 8
Added entity wolf at 24, 21
Removed entity naturereserve from grid at 37, 49
Removed entity naturereserve from grid at 19, 36
Removed entity naturereserve from grid at 31, 46
Added entity tree at 13, 7
Removed entity human from grid at 9, 21
Removed entity human from grid at 6, 14
Removed entity tree from grid at 22, 16
Removed entity human from grid at 32, 18
Added entity house at 49, 37
Removed entity human from grid at 30, 19
Removed entity human from grid at 41, 8
Removed entity wolf from grid at 25, 20
Removed entity human from grid at 12, 10
Added entity human at 34, 10
Added entity human at 30, 9
Added entity wolf at 12, 12
Added entity wolf at 5, 36
Removed entity naturereserve from grid at 15, 49
Removed entity naturereserve from grid at 13, 36
Removed entity naturereserve from grid at 13, 33
Removed entity naturereserve from grid at 48, 15
Added entity cow at 41, 15
Added entity cow at 46, 27
Added entity tree at 47, 37
Removed entity wolf from grid at 46, 13
Removed entity cow from grid at 37, 14
Added entity human at 37, 25
Removed entity wolf from grid at 8, 28
Added entity human at 31, 17
Removed entity naturereserve from grid at 7, 32
Added entity cow at 42, 14
Removed entity tree from grid at 47, 37
Added entity house at 41, 20
Removed entity tree from grid at 38, 6
Added entity house at 31, 43
Removed entity human from grid at 30, 43
Removed entity tree from grid at 39, 42
Added entity human at 15, 8
Added entity human at 28, 24
Added entity wolf at 14, 12
Removed entity naturereserve from grid at 6, 29
Removed entity naturereserve from grid at 23, 14
Added entity tree at 27, 23
Removed entity human from grid at 15, 8
Added entity cow at 43, 15
Added entity tree at 31, 17
Added entity tree at 37, 23
Removed entity cow from grid at 34, 15
Removed entity tree from grid at 36, 22
Removed entity wolf from grid at 25, 39
Removed entity wolf from grid at 15, 17
Added entity human at 30, 7
Added entity tree at 29, 7
Added entity cow at 44, 14
Added entity human at 37, 25
Added entity house at 38, 47
Removed entity tree from grid at 32, 36
Added entity house at 32, 0
Added entity house at 35, 24
Removed entity human from grid at 33, 43
Added entity house at 19, 19
Added entity human at 33, 41
Removed entity human from grid at 19, 21
Removed entity wolf from grid at 49, 19
Removed entity wolf from grid at 22, 44
Added entity human at 40, 47
Removed entity human from grid at 33, 1
Added entity human at 34, 47
Added entity wolf at 7, 42
Added entity tree at 34, 46
Added entity cow at 45, 15
Removed entity human from grid at 18, 18
Added entity house at 31, 44
Removed entity human from grid at 46, 38
Removed entity tree from grid at 31, 17
Added entity house at 19, 30
Removed entity human from grid at 19, 18
Added entity human at 43, 49
Added entity human at 9, 21
Added entity human at 43, 25
Removed entity cow from grid at 35, 27
Added entity wolf at 25, 40
Added entity wolf at 32, 48
Added entity tree at 42, 24
Removed entity human from grid at 9, 21
Added entity house at 28, 4
Removed entity human from grid at 24, 27
Added entity cow at 45, 28
Removed entity cow from grid at 48, 38
Removed entity cow from grid at 37, 16
Removed entity wolf from grid at 9, 33
Added entity human at 37, 38
Added entity wolf at 9, 41
Removed entity wolf from grid at 7, 33
Added entity cow at 44, 29
Removed entity tree from grid at 42, 24
Added entity cow at 46, 14
Removed entity cow from grid at 37, 22
Added entity house at 14, 31
Removed entity tree from grid at 29, 18
Removed entity wolf from grid at 2, 30
Added entity berry at 42, 11
Removed entity berry from grid at 42, 11
Removed entity human from grid at 30, 43
Added entity house at 43, 46
Removed entity wolf from grid at 12, 15
Removed entity human from grid at 30, 44
Added entity wolf at 24, 27
Removed entity naturereserve from grid at 35, 49
Removed entity wolf from grid at 12, 49
Removed entity human from grid at 13, 32
Added entity tree at 38, 37
Added entity tree at 42, 24
Removed entity tree from grid at 48, 48
Removed entity human from grid at 37, 26
Removed entity tree from grid at 28, 7
Removed entity human from grid at 34, 24
Removed entity human from grid at 14, 30
Removed entity human from grid at 42, 20
Removed entity tree from grid at 34, 20
Removed entity wolf from grid at 1, 29
Added entity house at 36, 2
Removed entity tree from grid at 37, 23
Removed entity human from grid at 41, 19
Added entity house at 47, 45
Removed entity human from grid at 30, 19
Removed entity tree from grid at 29, 7
Removed entity cow from grid at 38, 19
Added entity human at 33, 25
Removed entity human from grid at 29, 24
Removed entity human from grid at 11, 32
Added entity human at 33, 21
Added entity human at 8, 16
Added entity human at 17, 4
Added entity wolf at 24, 39
Added entity wolf at 23, 37
Removed entity naturereserve from grid at 8, 40
Added entity tree at 16, 3
Removed entity human from grid at 33, 21
Removed entity human from grid at 33, 25
Added entity cow at 45, 28
Added entity tree at 39, 37
Added entity tree at 42, 25
Added entity tree at 46, 48
Added entity tree at 39, 42
Removed entity human from grid at 36, 46
Removed entity human from grid at 25, 28
Added entity house at 47, 41
Removed entity tree from grid at 32, 20
Removed entity tree from grid at 18, 26
Removed entity cow from grid at 37, 12
Added entity house at 48, 47
Removed entity wolf from grid at 16, 16
Added entity human at 32, 29
Added entity wolf at 5, 34
Added entity wolf at 24, 20
Added entity wolf at 22, 30
Removed entity naturereserve from grid at 6, 35
Removed entity naturereserve from grid at 23, 36
Removed entity human from grid at 32, 29
Added entity tree at 17, 3
Added entity tree at 38, 39
Removed entity tree from grid at 39, 42
Removed entity cow from grid at 38, 16
Removed entity wolf from grid at 47, 13
Added entity human at 32, 40
Added entity human at 14, 28
Added entity wolf at 27, 45
Removed entity naturereserve from grid at 3, 35
Removed entity wolf from grid at 7, 33
Removed entity human from grid at 14, 28
Removed entity human from grid at 32, 40
Added entity tree at 18, 3
Removed entity human from grid at 40, 42
Removed entity cow from grid at 37, 28
Removed entity tree from grid at 28, 9
Removed entity cow from grid at 37, 18
Added entity house at 41, 46
Removed entity tree from grid at 45, 40
Removed entity cow from grid at 46, 14
Removed entity tree from grid at 46, 48
Added entity human at 36, 14
Added entity human at 15, 26
Added entity human at 16, 28
Removed entity human from grid at 32, 30
Added entity human at 20, 9
Removed entity human from grid at 27, 10
Added entity human at 12, 5
Removed entity wolf from grid at 26, 39
Removed entity human from grid at 19, 28
Added entity human at 22, 10
Added entity human at 27, 21
Added entity human at 38, 42
Removed entity human from grid at 2, 32
Added entity human at 40, 40
Added entity wolf at 2, 35
Removed entity naturereserve from grid at 25, 47
Removed entity wolf from grid at 4, 35
Removed entity human from grid at 30, 44
Added entity tree at 39, 40
Added entity tree at 37, 41
Removed entity human from grid at 27, 21
Removed entity human from grid at 22, 10
Added entity tree at 11, 4
Removed entity human from grid at 15, 26
Added entity human at 35, 13
Removed entity human from grid at 32, 20
Removed entity human from grid at 28, 9
Added entity human at 24, 14
Removed entity wolf from grid at 47, 13
Removed entity human from grid at 23, 38
Added entity house at 39, 12
Removed entity tree from grid at 31, 21
Removed entity wolf from grid at 7, 33
Added entity human at 30, 7
Added entity human at 38, 35
Removed entity naturereserve from grid at 7, 37
Removed entity naturereserve from grid at 15, 43
Added entity tree at 38, 34
Removed entity tree from grid at 40, 41
Removed entity human from grid at 45, 46
Removed entity human from grid at 34, 18
Removed entity human from grid at 39, 42
Removed entity human from grid at 19, 29
Added entity human at 30, 40
Added entity wolf at 38, 30
Added entity human at 38, 45
Removed entity naturereserve from grid at 43, 23
Removed entity human from grid at 15, 30
Added entity tree at 38, 44
Removed entity human from grid at 30, 40
Added entity house at 31, 5
Removed entity cow from grid at 38, 16
Removed entity cow from grid at 45, 46
Removed entity cow from grid at 40, 47
Removed entity tree from grid at 42, 25
Removed entity wolf from grid at 25, 16
Removed entity wolf from grid at 23, 17
Added entity house at 26, 23
Removed entity human from grid at 31, 21
Added entity human at 7, 44
Removed entity wolf from grid at 23, 44
Added entity human at 33, 39
Added entity berry at 23, 26
Added entity human at 43, 23
Removed entity wolf from grid at 2, 29
Added entity human at 42, 41
Added entity wolf at 25, 41
Removed entity naturereserve from grid at 1, 37
Removed entity human from grid at 8, 44
Added entity tree at 42, 40
Removed entity human from grid at 43, 23
Removed entity human from grid at 39, 34
Added entity house at 37, 17
Added entity human at 37, 19
Removed entity human from grid at 19, 29
Removed entity human from grid at 30, 7
Removed entity cow from grid at 40, 17
Removed entity wolf from grid at 25, 41
Added entity human at 9, 3
Added entity human at 17, 24
Added entity human at 36, 34
Added entity human at 35, 9
Removed entity wolf from grid at 0, 30
Removed entity naturereserve from grid at 4, 44
Removed entity human from grid at 36, 34
Removed entity human from grid at 17, 24
Added entity house at 37, 47
Removed entity human from grid at 41, 26
Added entity house at 25, 10
Removed entity cow from grid at 39, 18
Removed entity human from grid at 31, 17
Removed entity human from grid at 25, 22
Added entity human at 24, 27
Added entity human at 46, 40
Added entity human at 22, 10
Added entity human at 34, 15
Removed entity naturereserve from grid at 2, 36
Removed entity naturereserve from grid at 8, 31
Removed entity tree from grid at 37, 41
Removed entity human from grid at 22, 28
Removed entity cow from grid at 43, 47
Removed entity cow from grid at 40, 41
Removed entity wolf from grid at 2, 30
Removed entity tree from grid at 32, 33
Removed entity tree from grid at 42, 40
Removed entity tree from grid at 42, 24
Removed entity human from grid at 29, 30
Added entity human at 19, 22
Added entity human at 32, 21
Added entity wolf at 1, 48
Added entity tree at 32, 20
Added entity tree at 18, 21
Removed entity human from grid at 32, 17
Added entity tree at 22, 10
Added entity tree at 47, 42
Added entity human at 38, 18
Removed entity tree from grid at 38, 44
Added entity house at 49, 42
Removed entity cow from grid at 39, 21
Removed entity cow from grid at 39, 19
Added entity house at 9, 14
Removed entity wolf from grid at 22, 39
Added entity human at 37, 35
Added entity human at 22, 26
Added entity human at 11, 13
Added entity human at 21, 22
Added entity human at 28, 24
Removed entity human from grid at 3, 34
Added entity wolf at 13, 2
Removed entity human from grid at 21, 22
Added entity tree at 22, 25
Removed entity human from grid at 37, 35
Removed entity tree from grid at 22, 10
Removed entity wolf from grid at 26, 20
Added entity cow at 44, 27
Removed entity human from grid at 15, 4
Removed entity human from grid at 37, 20
Added entity house at 27, 35
Removed entity tree from grid at 39, 40
Removed entity human from grid at 21, 28
Added entity human at 44, 39
Added entity human at 13, 8
Added entity human at 34, 47
Added entity human at 16, 7
Removed entity naturereserve from grid at 2, 49
Removed entity human from grid at 16, 7
Added entity tree at 33, 47
Added entity tree at 12, 7
Removed entity human from grid at 25, 28
Added entity human at 33, 7
Removed entity human from grid at 9, 3
Removed entity human from grid at 13, 4
Removed entity tree from grid at 47, 42
Removed entity cow from grid at 37, 7
Removed entity human from grid at 27, 36
Removed entity tree from grid at 33, 47
Removed entity tree from grid at 8, 13
Removed entity human from grid at 40, 12
Added entity human at 21, 10
Removed entity wolf from grid at 24, 47
Added entity human at 32, 29
Removed entity wolf from grid at 6, 30
Added entity human at 19, 11
Added entity human at 40, 25
Removed entity naturereserve from grid at 24, 26
Removed entity human from grid at 40, 25
Added entity tree at 32, 28
Added entity tree at 20, 9
Added entity tree at 33, 6
Removed entity tree from grid at 32, 20
Added entity human at 22, 21
Removed entity tree from grid at 27, 7
Removed entity human from grid at 42, 23
Added entity house at 46, 49
Removed entity human from grid at 28, 35
Removed entity wolf from grid at 6, 32
Added entity house at 16, 25
Removed entity human from grid at 6, 19
Added entity wolf at 39, 30
Added entity human at 19, 7
Added entity wolf at 0, 32
Added entity tree at 20, 6
Added entity tree at 21, 20
Removed entity human from grid at 32, 29
Removed entity tree from grid at 33, 6
Added entity house at 36, 47
Removed entity tree from grid at 22, 25
Removed entity human from grid at 37, 37
Removed entity human from grid at 17, 6
Added entity human at 28, 10
Added entity human at 15, 26
Removed entity tree from grid at 17, 25
Added entity wolf at 4, 36
Removed entity naturereserve from grid at 1, 32
Removed entity human from grid at 3, 20
Added entity tree at 15, 25
Added entity tree at 28, 9
Added entity tree at 18, 7
Added entity human at 23, 22
Removed entity tree from grid at 34, 46
Added entity cow at 43, 26
Added entity house at 17, 28
Removed entity human from grid at 33, 23
Removed entity human from grid at 37, 23
Added entity house at 49, 45
Removed entity human from grid at 35, 22
Added entity human at 32, 31
Added entity human at 22, 24
Added entity human at 10, 17
Added entity human at 19, 4
Added entity human at 36, 32
Added entity human at 4, 16
Removed entity naturereserve from grid at 27, 19
Removed entity human from grid at 36, 32
Added entity tree at 19, 3
Removed entity human from grid at 32, 31
Added entity cow at 42, 27
Removed entity tree from grid at 22, 22
Added entity human at 21, 26
Added entity house at 47, 49
Removed entity human from grid at 33, 23
Added entity house at 29, 45
Added entity house at 32, 37
Added entity house at 35, 15
Removed entity human from grid at 10, 6
Added entity human at 42, 45
Removed entity human from grid at 5, 36
Added entity human at 26, 10
Added entity tree at 25, 9
Removed entity human from grid at 19, 4
Removed entity human from grid at 22, 21
Removed entity tree from grid at 19, 26
Removed entity cow from grid at 40, 14
Added entity house at 28, 47
Removed entity human from grid at 34, 36
Removed entity human from grid at 13, 25
Added entity human at 36, 25
Added entity house at 13, 28
Added entity human at 31, 49
Added entity wolf at 27, 29
Removed entity naturereserve from grid at 23, 19
Added entity tree at 31, 48
Removed entity human from grid at 36, 25
Removed entity human from grid at 22, 25
Added entity human at 12, 13
Removed entity human from grid at 39, 13
Added entity house at 49, 49
Added entity house at 45, 45
Removed entity human from grid at 28, 45
Removed entity human from grid at 37, 26
Added entity house at 16, 24
Removed entity human from grid at 37, 25
Removed entity human from grid at 34, 37
Added entity human at 46, 42
Added entity human at 16, 31
Removed entity human from grid at 27, 46
Removed entity human from grid at 17, 4
Added entity human at 16, 11
Added entity wolf at 49, 17
Removed entity naturereserve from grid at 10, 42
Removed entity naturereserve from grid at 30, 37
Removed entity naturereserve from grid at 1, 40
Removed entity naturereserve from grid at 46, 15
Removed entity human from grid at 32, 36
Removed entity human from grid at 16, 31
Added entity human at 11, 12
Removed entity tree from grid at 31, 48
Added entity cow at 43, 28
Added entity house at 26, 21
Removed entity human from grid at 33, 36
Added entity human at 30, 15
Added entity human at 18, 26
Added entity human at 19, 22
Added entity human at 34, 43
Removed entity naturereserve from grid at 29, 48
Removed entity naturereserve from grid at 22, 31
Removed entity naturereserve from grid at 22, 29
Removed entity naturereserve from grid at 44, 17
Added entity tree at 33, 42
Added entity cow at 44, 27
Added entity human at 10, 11
Removed entity human from grid at 25, 22
Removed entity human from grid at 28, 26
Removed entity tree from grid at 26, 22
Added entity house at 22, 36
Removed entity tree from grid at 15, 23
Removed entity human from grid at 41, 40
Removed entity cow from grid at 42, 9
Added entity human at 20, 26
Removed entity tree from grid at 12, 30
Added entity tree at 15, 46
Added entity tree at 20, 25
Added entity tree at 9, 10
Removed entity tree from grid at 33, 42
Removed entity human from grid at 21, 23
Added entity house at 14, 33
Removed entity human from grid at 9, 19
Added entity house at 40, 40
Removed entity human from grid at 21, 36
Removed entity wolf from grid at 25, 29
Added entity human at 26, 10
Added entity human at 24, 25
Added entity house at 12, 30
Removed entity human from grid at 22, 37
Added entity human at 9, 44
Added entity wolf at 6, 35
Removed entity human from grid at 9, 45
Added entity tree at 26, 9
Added entity cow at 45, 26
Removed entity human from grid at 28, 46
Added entity house at 29, 3
Added entity human at 40, 7
Added entity human at 22, 30
Added entity human at 15, 28
Removed entity tree from grid at 28, 9
Removed entity human from grid at 12, 28
Removed entity human from grid at 13, 29
Added entity human at 42, 33
Added entity human at 41, 29
Added entity human at 38, 9
Added entity human at 30, 27
Removed entity naturereserve from grid at 13, 11
Removed entity naturereserve from grid at 12, 3
Removed entity naturereserve from grid at 21, 41
Added entity tree at 30, 26
Removed entity human from grid at 41, 29
Removed entity human from grid at 42, 33
Added entity human at 41, 6
Removed entity tree from grid at 26, 9
Removed entity tree from grid at 9, 10
Removed entity human from grid at 38, 41
Removed entity tree from grid at 27, 26
Removed entity human from grid at 14, 34
Removed entity human from grid at 32, 27
Added entity human at 9, 44
Added entity human at 26, 24
Added entity human at 8, 17
Removed entity human from grid at 7, 44
Added entity tree at 8, 16
Added entity tree at 25, 23
Added entity tree at 10, 43
Added entity cow at 46, 25
Removed entity cow from grid at 38, 5
Removed entity tree from grid at 38, 39
Removed entity human from grid at 36, 25
Added entity human at 20, 30
Removed entity human from grid at 11, 30
Added entity human at 12, 5
Added entity human at 32, 48
Added entity cow at 45, 32
Removed entity naturereserve from grid at 8, 41
Added entity cow at 44, 31
Added entity tree at 31, 47
Removed entity human from grid at 12, 5
Removed entity tree from grid at 27, 23
Removed entity human from grid at 37, 10
Added entity human at 9, 10
Removed entity human from grid at 42, 43
Removed entity human from grid at 44, 43
Added entity house at 25, 12
Added entity human at 28, 24
Added entity human at 30, 13
Removed entity naturereserve from grid at 23, 21
Added entity tree at 30, 12
Added entity cow at 45, 24
Removed entity tree from grid at 10, 44
Removed entity tree from grid at 30, 26
Added entity house at 13, 27
Removed entity tree from grid at 25, 9
Added entity house at 32, 35
Added entity house at 17, 21
Removed entity human from grid at 12, 22
Added entity house at 8, 22
Removed entity human from grid at 35, 26
Added entity human at 42, 23
Added entity cow at 46, 23
Added entity tree at 31, 12
Added entity tree at 26, 25
Added entity tree at 9, 8
Removed entity tree from grid at 20, 25
Removed entity tree from grid at 18, 21
Added entity human at 29, 21
Added entity human at 34, 17
Added entity wolf at 39, 30
Added entity wolf at 13, 13
Removed entity naturereserve from grid at 5, 40
Added entity tree at 34, 16
Added entity tree at 29, 20
Removed entity tree from grid at 30, 12
Removed entity human from grid at 9, 18
Added entity house at 8, 47
Removed entity tree from grid at 15, 25
Added entity house at 6, 23
Removed entity human from grid at 19, 12
Removed entity human from grid at 10, 14
Added entity house at 23, 9
Removed entity human from grid at 18, 11
Removed entity human from grid at 42, 40
Removed entity human from grid at 44, 39
Removed entity human from grid at 8, 15
Removed entity human from grid at 7, 24
Added entity human at 34, 43
Removed entity human from grid at 11, 30
Removed entity human from grid at 9, 48
Added entity tree at 33, 42
Added entity tree at 35, 16
Removed entity human from grid at 7, 46
Removed entity human from grid at 14, 10
Added entity house at 24, 49
Removed entity human from grid at 7, 23
Removed entity human from grid at 11, 12
Removed entity human from grid at 19, 9
Added entity berry at 38, 1
Added entity house at 22, 11
Removed entity tree from grid at 31, 12
Added entity human at 20, 24
Added entity human at 25, 6
Added entity human at 37, 27
Added entity human at 30, 19
Removed entity naturereserve from grid at 24, 40
Removed entity naturereserve from grid at 21, 46
Removed entity naturereserve from grid at 33, 48
Added entity tree at 29, 18
Added entity tree at 37, 26
Removed entity human from grid at 37, 27
Added entity house at 34, 18
Added entity cow at 45, 24
Removed entity wolf from grid at 40, 24
Added entity cow at 45, 32
Removed entity cow from grid at 46, 12
Added entity house at 17, 33
Added entity house at 37, 0
Removed entity human from grid at 44, 41
Removed entity human from grid at 16, 22
Removed entity human from grid at 31, 13
Removed entity human from grid at 16, 20
Added entity human at 7, 20
Added entity human at 2, 13
Added entity human at 38, 48
Added entity tree at 6, 34
Added entity human at 37, 21
Removed entity human from grid at 38, 48
Added entity cow at 44, 25
Removed entity tree from grid at 29, 20
Removed entity tree from grid at 34, 16
Added entity house at 22, 21
Added entity human at 27, 30
Added entity house at 11, 28
Removed entity human from grid at 24, 48
Removed entity human from grid at 10, 14
Removed entity human from grid at 15, 2
Added entity house at 20, 36
Added entity berry at 40, 29
Added entity human at 34, 19
Removed entity berry from grid at 40, 29
Added entity human at 18, 13
Added entity human at 34, 48
Removed entity human from grid at 18, 13
Added entity human at 26, 31
Removed entity human from grid at 39, 23
Removed entity tree from grid at 31, 47
Removed entity tree from grid at 38, 37
Removed entity human from grid at 8, 13
Removed entity tree from grid at 20, 9
Removed entity human from grid at 20, 37
Removed entity human from grid at 23, 49
Removed entity tree from grid at 35, 16
Added entity berry at 43, 22
Removed entity berry from grid at 43, 22
Added entity human at 44, 41
Added entity human at 17, 9
Added entity wolf at 5, 34
Added entity tree at 8, 40
Added entity tree at 16, 8
Removed entity human from grid at 44, 41
Added entity tree at 25, 30
Added entity tree at 32, 46
Removed entity tree from grid at 21, 20
Removed entity cow from grid at 43, 11
Added entity house at 28, 49
Added entity house at 21, 19
Added entity human at 30, 28
Added entity human at 28, 24
Added entity human at 28, 26
Removed entity house from grid at 29, 25
Added entity tree at 29, 25
Removed entity human from grid at 29, 28
Added entity cow at 43, 24
Added entity human at 12, 10
Removed entity human from grid at 15, 33
Removed entity human from grid at 18, 33
Removed entity human from grid at 10, 29
Removed entity cow from grid at 32, 30
Removed entity wolf from grid at 10, 0
Added entity human at 30, 23
Added entity cow at 44, 23
Removed entity tree from grid at 32, 46
Added entity human at 37, 18
Removed entity human from grid at 40, 29
Removed entity wolf from grid at 47, 12
Removed entity tree from grid at 15, 34
Added entity human at 19, 24
Added entity human at 5, 20
Removed entity tree from grid at 21, 16
Added entity human at 40, 45
Added entity human at 27, 22
Added entity human at 28, 26
Added entity wolf at 14, 11
Removed entity human from grid at 19, 35
Added entity tree at 28, 27
Added entity tree at 27, 21
Removed entity human from grid at 40, 45
Added entity tree at 19, 23
Added entity human at 38, 17
Removed entity wolf from grid at 14, 11
Removed entity human from grid at 27, 22
Removed entity human from grid at 39, 35
Removed entity cow from grid at 38, 16
Added entity human at 3, 20
Added entity tree at 17, 4
Added entity human at 7, 20
Added entity human at 33, 23
Removed entity human from grid at 1, 42
Added entity wolf at 47, 11
Added entity human at 19, 5
Removed entity house from grid at 37, 31
Added entity human at 39, 16
Removed entity tree from grid at 29, 25
Added entity human at 30, 29
Added entity cow at 44, 31
Added entity house at 36, 22
Removed entity wolf from grid at 20, 44
Added entity human at 42, 21
Added entity human at 37, 21
Added entity human at 29, 22
Removed entity human from grid at 42, 21
Added entity human at 40, 15
Removed entity human from grid at 4, 23
Removed entity cow from grid at 36, 21
Removed entity human from grid at 13, 13
Removed entity cow from grid at 36, 27
Removed entity human from grid at 16, 23
Removed entity tree from grid at 33, 42
Added entity human at 27, 17
Added entity human at 15, 28
Added entity human at 22, 28
Added entity human at 9, 11
Added entity human at 10, 17
Added entity human at 38, 4
Added entity tree at 37, 3
Removed entity human from grid at 9, 11
Added entity human at 41, 14
Removed entity tree from grid at 27, 21
Removed entity cow from grid at 40, 16
Added entity human at 23, 21
Removed entity human from grid at 18, 24
Removed entity cow from grid at 36, 23
Removed entity wolf from grid at 13, 18
Added entity house at 29, 37
Removed entity wolf from grid at 47, 15
Added entity house at 14, 23
Added entity human at 34, 17
Added entity tree at 9, 4
Added entity human at 6, 11
Added entity human at 14, 8
Added entity human at 36, 43
Removed entity house from grid at 37, 44
Removed entity human from grid at 39, 38
Added entity human at 40, 13
Added entity house at 38, 3
Added entity house at 10, 19
Added entity cow at 43, 22
Removed entity cow from grid at 40, 19
Removed entity tree from grid at 37, 26
Removed entity wolf from grid at 45, 14
Removed entity cow from grid at 45, 15
Removed entity human from grid at 20, 9
Removed entity cow from grid at 38, 19
Removed entity wolf from grid at 16, 42
Added entity human at 37, 35
Added entity human at 15, 6
Added entity human at 40, 42
Added entity human at 28, 13
Added entity human at 27, 21
Added entity wolf at 1, 43
Added entity human at 42, 42
Removed entity human from grid at 11, 29
Removed entity human from grid at 42, 42
Added entity tree at 26, 20
Added entity cow at 42, 23
Removed entity cow from grid at 39, 40
Removed entity tree from grid at 11, 17
Removed entity cow from grid at 40, 16
Removed entity cow from grid at 41, 18
Removed entity tree from grid at 12, 23
Removed entity wolf from grid at 0, 30
Added entity house at 19, 0
Added entity house at 24, 21
Added entity human at 37, 19
Added entity human at 30, 33
Added entity human at 18, 29
Added entity human at 20, 9
Added entity human at 20, 26
Removed entity human from grid at 1, 43
Added entity wolf at 27, 45
Added entity tree at 20, 25
Added entity tree at 20, 8
Removed entity tree from grid at 26, 20
Added entity human at 22, 23
Removed entity tree from grid at 37, 3
Added entity berry at 11, 19
Added entity human at 34, 27
Removed entity human from grid at 3, 22
Added entity house at 23, 33
Removed entity tree from grid at 32, 28
Removed entity wolf from grid at 1, 30
Removed entity wolf from grid at 19, 44
Removed entity cow from grid at 38, 23
Removed entity human from grid at 31, 49
Added entity human at 22, 25
Removed entity wolf from grid at 46, 0
Added entity tree at 21, 24
Added entity tree at 35, 26
Added entity tree at 22, 22
Removed entity tree from grid at 20, 8
Removed entity cow from grid at 39, 20
Added entity human at 32, 28
Removed entity tree from grid at 35, 26
Removed entity cow from grid at 37, 29
Added entity house at 15, 21
Removed entity tree from grid at 19, 3
Removed entity tree from grid at 25, 23
Added entity human at 33, 41
Added entity human at 34, 47
Added entity human at 32, 27
Removed entity naturereserve from grid at 49, 16
Removed entity naturereserve from grid at 46, 19
Added entity human at 31, 22
Added entity human at 31, 23
Removed entity house from grid at 32, 23
Added entity tree at 32, 22
Added entity tree at 30, 21
Added entity tree at 32, 26
Removed entity human from grid at 34, 47
Removed entity human from grid at 33, 41
Added entity tree at 31, 27
Added entity human at 35, 26
Removed entity tree from grid at 22, 22
Removed entity cow from grid at 42, 18
Removed entity human from grid at 35, 25
Added entity house at 19, 13
Removed entity tree from grid at 25, 30
Added entity house at 29, 25
Removed entity cow from grid at 36, 25
Added entity house at 14, 22
Added entity house at 14, 12
Removed entity tree from grid at 16, 19
Added entity human at 22, 31
Added entity human at 38, 41
Added entity human at 33, 41
Added entity house at 17, 19
Added entity human at 39, 39
Removed entity cow from grid at 45, 3
Added entity wolf at 21, 28
Removed entity human from grid at 33, 41
Removed entity human from grid at 22, 31
Removed entity human from grid at 22, 26
Removed entity human from grid at 22, 23
Removed entity human from grid at 20, 26
Removed entity human from grid at 16, 31
Removed entity human from grid at 28, 28
Removed entity human from grid at 28, 45
Removed entity human from grid at 28, 38
Removed entity human from grid at 24, 23
Added entity cow at 49, 44
Cow Endangered Reproduction!
Added entity human at 35, 19
Removed entity house from grid at 36, 20
Added entity cow at 43, 22
Cow Endangered Reproduction!
Added entity cow at 45, 30
Cow Endangered Reproduction!
Added entity tree at 33, 25
Added entity tree at 33, 19
Added entity tree at 37, 22
Removed entity human from grid at 23, 32
Removed entity tree from grid at 29, 26
Removed entity human from grid at 15, 14
Removed entity wolf from grid at 47, 12
Added entity house at 27, 13
Added entity human at 19, 31
Removed entity wolf from grid at 7, 32
Removed entity tree from grid at 32, 22
Added entity human at 22, 27
Added entity human at 27, 30
Added entity human at 4, 11
Added entity human at 17, 6
Removed entity house from grid at 18, 6
Added entity tree at 3, 10
Removed entity human from grid at 27, 30
Added entity tree at 18, 30
Added entity cow at 42, 21
Removed entity tree from grid at 33, 19
Added entity human at 29, 31
Removed entity tree from grid at 37, 22
Removed entity human from grid at 20, 31
Added entity house at 12, 19
Removed entity wolf from grid at 1, 31
Removed entity wolf from grid at 7, 32
Added entity house at 32, 22
Added entity human at 27, 17
Added entity human at 6, 13
Removed entity wolf from grid at 47, 2
Added entity human at 29, 19
Added entity human at 40, 41
Removed entity house from grid at 41, 41
Added entity human at 16, 7
Added entity human at 17, 9
Removed entity house from grid at 17, 8
Removed entity house from grid at 31, 24
Added entity tree at 17, 8
Added entity tree at 15, 6
Added entity human at 28, 30
Added entity cow at 44, 29
Added entity human at 35, 20
Removed entity tree from grid at 29, 18
Removed entity tree from grid at 38, 34
Removed entity human from grid at 21, 30
Removed entity cow from grid at 48, 14
Removed entity tree from grid at 11, 21
Added entity human at 42, 6
Added entity human at 29, 21
Added entity human at 8, 18
Added entity human at 29, 49
Removed entity human from grid at 1, 31
Added entity human at 30, 25
Removed entity house from grid at 31, 26
Added entity tree at 29, 24
Added entity tree at 28, 48
Added entity tree at 7, 17
Removed entity human from grid at 42, 6
Removed entity tree from grid at 18, 9
Removed entity human from grid at 41, 40
Added entity house at 26, 20
Added entity house at 5, 13
Removed entity wolf from grid at 22, 28
Added entity human at 39, 42
Added entity human at 35, 19
Added entity house at 38, 10
Removed entity human from grid at 20, 40
Removed entity tree from grid at 19, 23
Added entity house at 37, 13
Removed entity wolf from grid at 21, 42
Added entity human at 37, 19
Removed entity tree from grid at 32, 26
Added entity human at 24, 24
Added entity human at 22, 26
Added entity human at 27, 32
Added entity human at 9, 19
Added entity wolf at 2, 31
Removed entity naturereserve from grid at 48, 13
Removed entity naturereserve from grid at 20, 29
Added entity tree at 26, 31
Added entity tree at 22, 25
Added entity tree at 23, 23
Removed entity human from grid at 39, 42
Added entity human at 27, 20
Added entity cow at 43, 20
Removed entity tree from grid at 7, 13
Added entity cow at 48, 43
Removed entity human from grid at 41, 43
Removed entity tree from grid at 33, 25
Removed entity cow from grid at 37, 30
Removed entity cow from grid at 37, 31
Added entity house at 18, 0
Removed entity human from grid at 39, 40
Removed entity tree from grid at 30, 21
Removed entity tree from grid at 16, 10
Removed entity human from grid at 37, 32
Removed entity wolf from grid at 47, 13
Added entity house at 10, 21
Added entity human at 18, 20
Removed entity human from grid at 23, 5
Removed entity human from grid at 36, 11
Added entity human at 21, 10
Added entity human at 35, 9
Added entity human at 44, 40
Removed entity naturereserve from grid at 13, 12
Removed entity human from grid at 44, 40
Added entity tree at 34, 8
Added entity tree at 20, 9
Added entity tree at 18, 19
Added entity cow at 47, 42
Added entity tree at 26, 19
Removed entity human from grid at 27, 31
Removed entity tree from grid at 22, 25
Added entity human at 33, 22
Added entity human at 34, 25
Added entity house at 22, 14
Added entity house at 41, 42
Added entity human at 45, 12
Removed entity cow from grid at 38, 31
Removed entity cow from grid at 42, 21
Removed entity human from grid at 46, 13
Removed entity tree from grid at 10, 20
Added entity human at 13, 30
Added entity human at 32, 45
Removed entity wolf from grid at 6, 33
Added entity human at 35, 41
Added entity human at 42, 29
Added entity human at 19, 20
Added entity human at 14, 10
Added entity human at 8, 14
Added entity cow at 48, 41
Added entity cow at 42, 19
Added entity human at 36, 23
Removed entity wolf from grid at 6, 33
Added entity human at 9, 46
Removed entity naturereserve from grid at 15, 16
Removed entity human from grid at 9, 46
Added entity berry at 17, 22
Added entity tree at 37, 40
Added entity human at 22, 28
Removed entity naturereserve from grid at 5, 35
Added entity cow at 41, 18
Added entity cow at 47, 40
Removed entity wolf from grid at 5, 32
Added entity human at 14, 28
Added entity human at 43, 23
Added entity tree at 7, 43
Removed entity naturereserve from grid at 26, 28
Added entity cow at 46, 39
Added entity cow at 42, 17
Added entity naturereserve at 24, 22
Human Quinn built Nature Reserve for WOLF
Added entity naturereserve at 13, 1
Human Eve built Nature Reserve for WOLF
Added entity human at 32, 43
Added entity naturereserve at 42, 15
Human Wendy built Nature Reserve for WOLF
Added entity human at 48, 24
Added entity human at 30, 29
Added entity human at 13, 24
Added entity human at 20, 28
Added entity human at 28, 10
Removed entity naturereserve from grid at 48, 12
Added entity cow at 41, 16
Added entity naturereserve at 16, 17
Human Sam built Nature Reserve for WOLF
Added entity tree at 33, 7
Added entity naturereserve at 49, 15
Human Bob built Nature Reserve for WOLF
Removed entity human from grid at 43, 29
Added entity human at 34, 19
Added entity human at 38, 6
Removed entity human from grid at 5, 34
Added entity cow at 40, 15
Added entity cow at 45, 40
Removed entity wolf from grid at 4, 32
Added entity human at 20, 10
Added entity human at 32, 45
Removed entity naturereserve from grid at 26, 46
Added entity cow at 44, 41
Removed entity wolf from grid at 49, 4
Added entity naturereserve at 15, 17
Human Xander built Nature Reserve for WOLF
Added entity cow at 45, 30
Removed entity wolf from grid at 4, 33
Added entity human at 30, 44
Added entity human at 9, 44
Added entity human at 34, 43
Removed entity human from grid at 1, 40
Added entity cow at 41, 14
Added entity naturereserve at 48, 20
Human Zane built Nature Reserve for WOLF
Added entity naturereserve at 21, 1
Human Xander built Nature Reserve for WOLF
Added entity naturereserve at 26, 40
Human Oscar built Nature Reserve for WOLF
Added entity naturereserve at 44, 16
Human Pip built Nature Reserve for WOLF
Removed entity human from grid at 3, 21
Added entity naturereserve at 20, 17
Human Ivy built Nature Reserve for WOLF
Added entity human at 20, 31
Added entity cow at 46, 31
Added entity naturereserve at 2, 8
Human Frank built Nature Reserve for WOLF
Added entity naturereserve at 49, 11
Human Bob built Nature Reserve for WOLF
Added entity naturereserve at 47, 7
Human Milo built Nature Reserve for WOLF
Added entity naturereserve at 3, 1
Human Ivy built Nature Reserve for WOLF
Added entity naturereserve at 48, 14
Human Wendy built Nature Reserve for WOLF
Added entity human at 24, 29
Added entity human at 19, 22
Added entity human at 9, 21
Added entity human at 16, 11
Added entity naturereserve at 49, 5
Human Victor built Nature Reserve for WOLF
Removed entity naturereserve from grid at 39, 31
Removed entity human from grid at 6, 22
Added entity naturereserve at 41, 16
Human Diana built Nature Reserve for WOLF
Added entity naturereserve at 8, 34
Human Xander built Nature Reserve for WOLF
Removed entity wolf from grid at 3, 34
Removed entity wolf from grid at 4, 29
Added entity naturereserve at 49, 13
Human Diana built Nature Reserve for WOLF
Added entity human at 28, 28
Added entity human at 35, 36
Added entity human at 28, 26
Removed entity house from grid at 29, 27
Added entity cow at 42, 13
Added entity naturereserve at 49, 1
Human Sam built Nature Reserve for WOLF
Added entity naturereserve at 3, 32
Human Sam built Nature Reserve for WOLF
Removed entity human from grid at 9, 43
Removed entity wolf from grid at 7, 33
Removed entity human from grid at 5, 22
Added entity human at 16, 28
Removed entity wolf from grid at 1, 28
Added entity cow at 47, 32
Added entity wolf at 21, 16
Added entity wolf at 22, 1
Removed entity human from grid at 20, 10
Removed entity human from grid at 29, 1
Removed entity human from grid at 26, 11
Removed entity cow from grid at 38, 31
Removed entity wolf from grid at 48, 1
Removed entity human from grid at 20, 1
Removed entity human from grid at 17, 6
Added entity naturereserve at 14, 47
Human Bob built Nature Reserve for WOLF
Removed entity wolf from grid at 2, 34
Added entity naturereserve at 20, 44
Human Diana built Nature Reserve for WOLF
Removed entity human from grid at 21, 8
Removed entity human from grid at 23, 6
Removed entity human from grid at 21, 23
Added entity naturereserve at 9, 33
Human Pip built Nature Reserve for WOLF
Added entity naturereserve at 42, 16
Human Hank built Nature Reserve for WOLF
Removed entity human from grid at 18, 14
Removed entity human from grid at 21, 22
Added entity human at 26, 28
Removed entity human from grid at 28, 16
Removed entity human from grid at 21, 14
Added entity human at 46, 44
Added entity human at 13, 4
Removed entity human from grid at 22, 12
Added entity human at 28, 26
Removed entity human from grid at 46, 44
Added entity cow at 48, 31
Added entity wolf at 14, 16
Removed entity human from grid at 12, 10
Removed entity human from grid at 16, 23
Added entity naturereserve at 25, 47
Human Yara built Nature Reserve for WOLF
Added entity naturereserve at 24, 45
Human Yara built Nature Reserve for WOLF
Added entity naturereserve at 48, 15
Human Bob built Nature Reserve for WOLF
Removed entity human from grid at 18, 18
Removed entity human from grid at 9, 15
Added entity naturereserve at 19, 43
Human Hank built Nature Reserve for WOLF
Removed entity human from grid at 9, 21
Added entity naturereserve at 49, 10
Human Nina built Nature Reserve for WOLF
Removed entity human from grid at 10, 22
Removed entity human from grid at 13, 22
Added entity naturereserve at 4, 29
Human Oscar built Nature Reserve for WOLF
Added entity naturereserve at 30, 34
Human Nina built Nature Reserve for WOLF
Removed entity human from grid at 17, 23
Added entity human at 40, 6
Added entity human at 30, 19
Removed entity house from grid at 31, 20
Removed entity human from grid at 15, 22
Added entity wolf at 21, 44
Added entity cow at 41, 12
Removed entity human from grid at 13, 8
Added entity naturereserve at 10, 37
Human Wendy built Nature Reserve for WOLF
Added entity naturereserve at 21, 43
Human Milo built Nature Reserve for WOLF
Added entity naturereserve at 46, 14
Human Bob built Nature Reserve for WOLF
Removed entity human from grid at 8, 11
Removed entity wolf from grid at 21, 44
Removed entity human from grid at 18, 14
Added entity naturereserve at 49, 17
Human Wendy built Nature Reserve for WOLF
Added entity human at 6, 19
Added entity human at 32, 29
Added entity human at 38, 33
Added entity human at 31, 19
Removed entity house from grid at 43, 35
Added entity human at 32, 45
Removed entity house from grid at 33, 46
Added entity cow at 42, 11
Added entity cow at 47, 30
Added entity wolf at 41, 15
Removed entity human from grid at 13, 19
Removed entity human from grid at 15, 23
Removed entity human from grid at 39, 22
Removed entity human from grid at 35, 13
Removed entity human from grid at 37, 16
Removed entity human from grid at 37, 19
Added entity naturereserve at 1, 4
Human Eve built Nature Reserve for WOLF
Added entity human at 32, 40
Removed entity cow from grid at 38, 25
Added entity human at 39, 27
Added entity cow at 46, 29
Added entity cow at 41, 10
Removed entity human from grid at 8, 17
Added entity wolf at 48, 21
Removed entity wolf from grid at 43, 17
Removed entity human from grid at 41, 6
Added entity naturereserve at 19, 49
Human Eve built Nature Reserve for WOLF
Added entity naturereserve at 20, 47
Human Victor built Nature Reserve for WOLF
Added entity naturereserve at 4, 10
Human Ivy built Nature Reserve for WOLF
Added entity human at 32, 44
Added entity human at 30, 30
Added entity human at 5, 20
Added entity human at 19, 20
Removed entity human from grid at 13, 4
Removed entity human from grid at 44, 27
Removed entity human from grid at 14, 32
Added entity naturereserve at 49, 6
Human Hank built Nature Reserve for WOLF
Added entity naturereserve at 48, 12
Human Diana built Nature Reserve for WOLF
Added entity naturereserve at 3, 33
Human Xander built Nature Reserve for WOLF
Removed entity human from grid at 13, 13
Removed entity wolf from grid at 0, 33
Added entity naturereserve at 1, 30
Human Oscar built Nature Reserve for WOLF
Added entity human at 32, 32
Added entity human at 13, 6
Removed entity house from grid at 14, 7
Added entity human at 19, 7
Removed entity house from grid at 20, 7
Removed entity human from grid at 19, 7
Removed entity human from grid at 17, 18
Added entity cow at 40, 9
Added entity wolf at 30, 35
Removed entity human from grid at 34, 32
Removed entity human from grid at 29, 31
Added entity cow at 44, 39
Removed entity human from grid at 37, 35
Removed entity human from grid at 32, 31
Added entity naturereserve at 3, 4
Human Eve built Nature Reserve for WOLF
Removed entity wolf from grid at 47, 0
Added entity naturereserve at 48, 2
Human Diana built Nature Reserve for WOLF
Added entity naturereserve at 3, 34
Human Oscar built Nature Reserve for WOLF
Added entity human at 15, 26
Added entity human at 11, 5
Added entity human at 10, 5
Added entity human at 19, 3
Added entity human at 31, 26
Removed entity human from grid at 19, 3
Added entity cow at 39, 10
Removed entity human from grid at 31, 33
Added entity cow at 45, 28
Removed entity human from grid at 33, 28
Removed entity human from grid at 32, 29
Removed entity human from grid at 23, 32
Added entity naturereserve at 25, 32
Human Uma built Nature Reserve for WOLF
Added entity wolf at 15, 18
Removed entity human from grid at 29, 7
Added entity wolf at 14, 1
Removed entity human from grid at 13, 13
Removed entity human from grid at 12, 5
Added entity naturereserve at 20, 48
Human Oscar built Nature Reserve for WOLF
Added entity naturereserve at 2, 2
Human Jack built Nature Reserve for WOLF
Removed entity wolf from grid at 3, 35
Added entity human at 29, 46
Added entity human at 33, 38
Added entity naturereserve at 0, 30
Human Diana built Nature Reserve for WOLF
Added entity berry at 9, 30
Added entity naturereserve at 17, 49
Human Alice built Nature Reserve for WOLF
Added entity human at 36, 25
Added entity human at 28, 26
Added entity cow at 38, 11
Removed entity human from grid at 9, 3
Removed entity human from grid at 29, 38
Removed entity human from grid at 31, 26
Removed entity human from grid at 25, 28
Removed entity human from grid at 36, 32
Removed entity human from grid at 33, 26
Added entity naturereserve at 13, 42
Human Eve built Nature Reserve for WOLF
Removed entity wolf from grid at 1, 34
Removed entity wolf from grid at 3, 36
Added entity human at 18, 18
Added entity human at 35, 25
Added entity human at 18, 29
Removed entity human from grid at 41, 21
Added entity human at 34, 47
Added entity human at 32, 19
Removed entity house from grid at 33, 20
Removed entity human from grid at 32, 19
Removed entity human from grid at 18, 18
Added entity cow at 37, 10
Removed entity human from grid at 26, 28
Removed entity human from grid at 17, 10
Removed entity human from grid at 32, 14
Removed entity cow from grid at 44, 43
Removed entity human from grid at 44, 23
Added entity naturereserve at 45, 12
Human Milo built Nature Reserve for WOLF
Removed entity wolf from grid at 48, 3
Added entity naturereserve at 46, 0
Human Milo built Nature Reserve for WOLF
Added entity naturereserve at 45, 1
Human Victor built Nature Reserve for WOLF
Removed entity wolf from grid at 4, 35
Added entity human at 40, 47
Added entity human at 41, 27
Removed entity house from grid at 27, 9
Added entity tree at 13, 44
Added entity berry at 6, 9
Removed entity human from grid at 40, 47
Removed entity human from grid at 35, 37
Added entity wolf at 25, 31
Removed entity human from grid at 15, 23
Removed entity human from grid at 30, 41
Added entity wolf at 25, 46
Added entity naturereserve at 47, 13
Human Zane built Nature Reserve for WOLF
Removed entity human from grid at 13, 2
Added entity naturereserve at 2, 7
Human Sam built Nature Reserve for WOLF
Added entity naturereserve at 46, 2
Human Victor built Nature Reserve for WOLF
Added entity naturereserve at 49, 0
Human Diana built Nature Reserve for WOLF
Added entity human at 33, 37
Added entity human at 11, 46
Added entity human at 29, 0
Removed entity house from grid at 30, 1
Removed entity human from grid at 33, 37
Removed entity human from grid at 43, 25
Added entity cow at 36, 11
Added entity cow at 44, 27
Removed entity human from grid at 23, 20
Added entity wolf at 30, 35
Removed entity human from grid at 24, 29
Removed entity wolf from grid at 24, 43
Removed entity wolf from grid at 26, 32
Added entity naturereserve at 43, 2
Human Frank built Nature Reserve for WOLF
Added entity naturereserve at 49, 4
Human Ruby built Nature Reserve for WOLF
Added entity human at 32, 15
Removed entity human from grid at 0, 36
Added entity human at 6, 14
Removed entity house from grid at 7, 15
Added entity human at 36, 7
Removed entity house from grid at 37, 8
Removed entity human from grid at 6, 14
Removed entity human from grid at 32, 15
Added entity cow at 45, 26
Removed entity human from grid at 30, 43
Removed entity human from grid at 32, 43
Added entity cow at 45, 40
Removed entity human from grid at 36, 30
Added entity wolf at 2, 3
Added entity naturereserve at 22, 43
Human Grace built Nature Reserve for WOLF
Removed entity wolf from grid at 45, 42
Added entity naturereserve at 24, 42
Human Yara built Nature Reserve for WOLF
Added entity naturereserve at 9, 0
Human Eve built Nature Reserve for WOLF
Added entity naturereserve at 18, 44
Human Victor built Nature Reserve for WOLF
Added entity human at 9, 44
Added entity human at 22, 26
Added entity naturereserve at 5, 32
Human Uma built Nature Reserve for WOLF
Removed entity human from grid at 9, 46
Removed entity house from grid at 43, 36
Removed entity house from grid at 28, 23
Added entity cow at 46, 25
Added entity cow at 35, 10
Removed entity human from grid at 27, 1
Added entity wolf at 13, 43
Added entity wolf at 41, 15
Removed entity human from grid at 37, 18
Added entity naturereserve at 45, 0
Human Charlie built Nature Reserve for WOLF
Added entity human at 13, 29
Added entity human at 28, 46
Added entity human at 25, 24
Added entity human at 42, 29
Added entity human at 19, 24
Added entity human at 40, 23
Removed entity human from grid at 42, 29
Added entity cow at 34, 11
Removed entity human from grid at 9, 43
Added entity cow at 44, 41
Removed entity human from grid at 38, 9
Added entity wolf at 48, 1
Added entity naturereserve at 9, 37
Human Pip built Nature Reserve for WOLF
Removed entity human from grid at 13, 2
Removed entity wolf from grid at 2, 30
Added entity naturereserve at 47, 1
Human Ruby built Nature Reserve for WOLF
Added entity naturereserve at 23, 41
Human Jack built Nature Reserve for WOLF
Removed entity human from grid at 47, 24
Removed entity human from grid at 30, 17
Added entity naturereserve at 0, 33
Human Oscar built Nature Reserve for WOLF
Removed entity human from grid at 5, 19
Added entity human at 28, 34
Removed entity wolf from grid at 3, 37
Removed entity human from grid at 27, 46
Added entity human at 33, 25
Removed entity human from grid at 28, 45
Added entity human at 27, 19
Removed entity human from grid at 1, 40
Added entity human at 9, 44
Added entity human at 9, 46
Removed entity house from grid at 10, 45
Added entity human at 38, 42
Removed entity house from grid at 39, 43
Removed entity human from grid at 27, 19
Removed entity human from grid at 28, 34
Added entity cow at 33, 12
Removed entity wolf from grid at 44, 18
Added entity wolf at 2, 33
Added entity wolf at 19, 42
Added entity wolf at 40, 15
Added entity wolf at 23, 21
Removed entity human from grid at 29, 26
Removed entity wolf from grid at 16, 42
Removed entity human from grid at 5, 11
Added entity naturereserve at 14, 49
Human Jack built Nature Reserve for WOLF
Added entity naturereserve at 43, 14
Human Hank built Nature Reserve for WOLF
Removed entity wolf from grid at 2, 33
Added entity naturereserve at 25, 44
Human Alice built Nature Reserve for WOLF
Added entity human at 32, 42
Added entity human at 35, 38
Added entity human at 39, 27
Removed entity human from grid at 4, 12
Removed entity human from grid at 35, 38
Removed entity human from grid at 32, 42
Added entity cow at 34, 13
Removed entity human from grid at 22, 27
Added entity cow at 47, 24
Removed entity human from grid at 17, 25
Added entity naturereserve at 5, 1
Human Eve built Nature Reserve for WOLF
Added entity naturereserve at 17, 40
Human Victor built Nature Reserve for WOLF
Removed entity wolf from grid at 2, 41
Added entity naturereserve at 49, 8
Human Frank built Nature Reserve for WOLF
Removed entity wolf from grid at 1, 36
Added entity naturereserve at 10, 38
Human Charlie built Nature Reserve for WOLF
Added entity human at 35, 34
Added entity human at 42, 25
Added entity wolf at 0, 40
Added entity wolf at 1, 36
Removed entity human from grid at 42, 25
Removed entity human from grid at 35, 34
Removed entity human from grid at 20, 27
Added entity wolf at 8, 1
Added entity wolf at 43, 1
Added entity wolf at 20, 49
Removed entity human from grid at 29, 28
Added entity naturereserve at 48, 11
Human Uma built Nature Reserve for WOLF
Added entity naturereserve at 40, 17
Human Sam built Nature Reserve for WOLF
Removed entity wolf from grid at 46, 22
Removed entity wolf from grid at 2, 38
Removed entity wolf from grid at 15, 44
Removed entity wolf from grid at 3, 36
Removed entity wolf from grid at 4, 44
Added entity human at 7, 48
Added entity human at 13, 29
Added entity human at 18, 9
Added entity human at 18, 11
Removed entity human from grid at 2, 39
Removed entity human from grid at 0, 36
Removed entity human from grid at 18, 9
Removed entity human from grid at 7, 48
Added entity wolf at 49, 7
Added entity cow at 33, 12
Added entity cow at 45, 40
Added entity wolf at 2, 5
Added entity naturereserve at 47, 12
Human Uma built Nature Reserve for WOLF
Added entity naturereserve at 23, 44
Human Grace built Nature Reserve for WOLF
Added entity wolf at 42, 14
Added entity wolf at 13, 0
Removed entity wolf from grid at 30, 35
Added entity naturereserve at 16, 44
Human Yara built Nature Reserve for WOLF
Removed entity cow from grid at 45, 22
Removed entity wolf from grid at 17, 48
Removed entity wolf from grid at 47, 0
Added entity human at 28, 17
Removed entity human from grid at 28, 17
Added entity cow at 32, 13
Removed entity human from grid at 16, 13
Added entity wolf at 48, 13
Removed entity human from grid at 17, 34
Removed entity wolf from grid at 48, 13
Removed entity human from grid at 39, 3
Removed entity wolf from grid at 7, 1
Added entity human at 9, 48
Added entity human at 18, 22
Removed entity wolf from grid at 0, 36
Added entity human at 43, 23
Removed entity human from grid at 7, 47
Added entity human at 15, 1
Removed entity human from grid at 15, 1
Added entity cow at 46, 39
Added entity wolf at 6, 0
Added entity naturereserve at 11, 48
Human Tina built Nature Reserve for WOLF
Added entity naturereserve at 25, 40
Human Charlie built Nature Reserve for WOLF
Added entity wolf at 25, 48
Added entity naturereserve at 46, 17
Human Milo built Nature Reserve for WOLF
Removed entity wolf from grid at 2, 44
Removed entity wolf from grid at 42, 12
Added entity tree at 19, 7
Added entity human at 26, 28
Added entity human at 21, 10
Added entity human at 8, 11
Added entity human at 12, 5
Added entity human at 19, 9
Removed entity human from grid at 19, 9
Removed entity human from grid at 12, 5
Removed entity human from grid at 8, 11
Removed entity human from grid at 21, 10
Removed entity human from grid at 26, 28
Added entity cow at 47, 38
Added entity cow at 31, 12
Removed entity human from grid at 35, 19
Added entity wolf at 12, 43
Added entity naturereserve at 1, 37
Human Wendy built Nature Reserve for WOLF
Added entity naturereserve at 0, 25
Human Sam built Nature Reserve for WOLF
Added entity human at 13, 34
Added entity human at 10, 15
Added entity human at 19, 5
Removed entity human from grid at 19, 5
Removed entity human from grid at 10, 15
Added entity cow at 30, 13
Removed entity cow from grid at 45, 23
Added entity naturereserve at 4, 45
Human Bob built Nature Reserve for WOLF
Added entity wolf at 22, 41
Removed entity cow from grid at 45, 17
Added entity wolf at 25, 45
Removed entity wolf from grid at 47, 18
Removed entity wolf from grid at 13, 43
Removed entity wolf from grid at 22, 41
Removed entity cow from grid at 48, 22
Removed entity cow from grid at 45, 19
Removed entity cow from grid at 41, 14
Removed entity human from grid at 7, 22
Removed entity cow from grid at 48, 6
Added entity human at 19, 37
Removed entity wolf from grid at 1, 5
Added entity berry at 35, 20
Removed entity human from grid at 35, 21
Removed entity cow from grid at 45, 22
Removed entity human from grid at 5, 19
Added entity human at 18, 13
Added entity cow at 29, 14
Removed entity human from grid at 18, 21
Added entity cow at 46, 23
Removed entity human from grid at 31, 35
Added entity wolf at 4, 3
Added entity wolf at 18, 49
Added entity wolf at 1, 8
Added entity wolf at 47, 19
Added entity tree at 10, 5
Added entity naturereserve at 3, 28
Human Ivy built Nature Reserve for WOLF
Removed entity wolf from grid at 2, 47
Added entity human at 16, 32
Added entity human at 5, 24
Added entity human at 23, 37
Added entity human at 10, 13
Added entity human at 19, 33
Added entity berry at 49, 28
Added entity human at 39, 23
Added entity human at 20, 24
Added entity human at 44, 40
Removed entity human from grid at 37, 3
Added entity human at 46, 40
Removed entity human from grid at 23, 37
Added entity cow at 47, 22
Added entity wolf at 20, 49
Removed entity wolf from grid at 23, 40
Added entity wolf at 26, 47
Added entity wolf at 9, 35
Removed entity human from grid at 11, 31
Removed entity human from grid at 44, 23
Removed entity human from grid at 11, 20
Removed entity wolf from grid at 48, 19
Removed entity wolf from grid at 1, 36
Removed entity wolf from grid at 6, 3
Removed entity wolf from grid at 44, 0
Added entity human at 21, 35
Removed entity wolf from grid at 3, 0
Removed entity human from grid at 13, 33
Added entity human at 40, 13
Added entity human at 36, 23
Added entity human at 38, 35
Added entity cow at 48, 21
Added entity cow at 28, 15
Added entity wolf at 10, 36
Removed entity human from grid at 15, 11
Added entity wolf at 8, 33
Added entity wolf at 41, 15
Removed entity wolf from grid at 8, 38
Removed entity wolf from grid at 48, 8
Removed entity human from grid at 17, 34
Removed entity wolf from grid at 1, 38
Added entity naturereserve at 48, 0
Human Nina built Nature Reserve for WOLF
Added entity naturereserve at 37, 44
Human Pip built Nature Reserve for WOLF
Removed entity human from grid at 11, 30
Removed entity berry from grid at 49, 28
Removed entity wolf from grid at 3, 39
Removed entity human from grid at 20, 37
Added entity human at 44, 42
Added entity cow at 49, 22
Added entity naturereserve at 15, 43
Human Tina built Nature Reserve for WOLF
Added entity wolf at 6, 33
Removed entity wolf from grid at 24, 40
Added entity wolf at 49, 21
Removed entity wolf from grid at 45, 19
Removed entity human from grid at 36, 18
Removed entity wolf from grid at 6, 33
Removed entity wolf from grid at 1, 40
Added entity naturereserve at 1, 3
Human Ivy built Nature Reserve for WOLF
Added entity human at 40, 25
Removed entity human from grid at 1, 47
Added entity cow at 48, 23
Removed entity cow from grid at 45, 42
Removed entity cow from grid at 39, 22
Removed entity cow from grid at 41, 11
Removed entity cow from grid at 46, 40
Removed entity cow from grid at 43, 20
Removed entity human from grid at 22, 15
Added entity cow at 48, 39
Added entity naturereserve at 12, 41
Human Nina built Nature Reserve for WOLF
Added entity wolf at 24, 43
Removed entity cow from grid at 45, 16
Removed entity cow from grid at 45, 6
Removed entity cow from grid at 40, 20
Removed entity cow from grid at 45, 22
Removed entity cow from grid at 47, 9
Added entity naturereserve at 14, 39
Human Xander built Nature Reserve for WOLF
Removed entity human from grid at 20, 37
Removed entity wolf from grid at 9, 1
Removed entity cow from grid at 45, 9
Removed entity cow from grid at 42, 9
Removed entity human from grid at 28, 1
Added entity cow at 29, 14
Added entity wolf at 45, 13
Added entity wolf at 47, 16
Added entity wolf at 48, 6
Added entity naturereserve at 6, 32
Human Pip built Nature Reserve for WOLF
Removed entity wolf from grid at 9, 36
Added entity naturereserve at 13, 36
Human Bob built Nature Reserve for WOLF
Removed entity wolf from grid at 20, 43
Added entity naturereserve at 3, 41
Human Milo built Nature Reserve for WOLF
Added entity human at 39, 39
Added entity wolf at 12, 35
Added entity cow at 30, 15
Removed entity human from grid at 42, 23
Removed entity human from grid at 17, 31
Added entity naturereserve at 8, 32
Human Frank built Nature Reserve for WOLF
Added entity wolf at 45, 16
Removed entity wolf from grid at 47, 20
Added entity wolf at 3, 8
Added entity wolf at 41, 15
Removed entity wolf from grid at 17, 45
Removed entity human from grid at 37, 21
Removed entity wolf from grid at 0, 37
Removed entity wolf from grid at 4, 35
Removed entity wolf from grid at 3, 8
Added entity human at 12, 29
Added entity human at 35, 39
Removed entity human from grid at 27, 49
Removed entity cow from grid at 41, 40
Added entity cow at 47, 22
Removed entity human from grid at 39, 19
Removed entity wolf from grid at 6, 10
Added entity naturereserve at 25, 34
Human Bob built Nature Reserve for WOLF
Removed entity wolf from grid at 1, 43
Removed entity wolf from grid at 44, 17
Added entity wolf at 11, 36
Added entity wolf at 2, 33
Added entity wolf at 40, 15
Removed entity wolf from grid at 11, 36
Removed entity wolf from grid at 12, 35
Removed entity wolf from grid at 23, 43
Added entity naturereserve at 1, 35
Human Sam built Nature Reserve for WOLF
Removed entity wolf from grid at 2, 49
Added entity human at 29, 47
Added entity cow at 48, 21
Added entity naturereserve at 46, 18
Human Nina built Nature Reserve for WOLF
Added entity wolf at 39, 18
Added entity wolf at 4, 33
Added entity wolf at 1, 8
Added entity wolf at 2, 4
Removed entity human from grid at 39, 23
Removed entity wolf from grid at 4, 33
Added entity tree at 12, 5
Added entity naturereserve at 0, 49
Human Charlie built Nature Reserve for WOLF
Added entity human at 9, 11
Removed entity human from grid at 9, 11
Removed entity human from grid at 31, 45
Added entity cow at 47, 40
Added entity naturereserve at 48, 8
Human Uma built Nature Reserve for WOLF
Removed entity wolf from grid at 43, 17
Removed entity wolf from grid at 49, 9
Added entity wolf at 24, 48
Added entity wolf at 43, 15
Added entity wolf at 26, 41
Removed entity cow from grid at 34, 36
Removed entity human from grid at 42, 23
Removed entity human from grid at 31, 37
Added entity human at 25, 48
Added entity human at 29, 48
Removed entity human from grid at 7, 24
Added entity human at 37, 25
Added entity human at 39, 35
Removed entity human from grid at 1, 44
Added entity wolf at 1, 47
Removed entity human from grid at 37, 25
Removed entity human from grid at 29, 48
Removed entity human from grid at 25, 48
Removed entity human from grid at 30, 44
Removed entity wolf from grid at 45, 17
Added entity wolf at 17, 41
Added entity wolf at 5, 0
Removed entity berry from grid at 35, 20
Added entity naturereserve at 11, 36
Human Pip built Nature Reserve for WOLF
Added entity naturereserve at 47, 4
Human Hank built Nature Reserve for WOLF
Removed entity human from grid at 2, 13
Removed entity wolf from grid at 2, 30
Removed entity wolf from grid at 17, 41
Added entity human at 26, 34
Added entity human at 40, 13
Removed entity human from grid at 1, 46
Removed entity human from grid at 40, 13
Added entity cow at 46, 39
Added entity cow at 29, 14
Added entity wolf at 2, 41
Removed entity wolf from grid at 48, 16
Added entity naturereserve at 15, 42
Human Tina built Nature Reserve for WOLF
Added entity wolf at 2, 6
Added entity human at 40, 45
Added entity cow at 30, 15
Removed entity cow from grid at 44, 17
Removed entity wolf from grid at 2, 40
Added entity wolf at 42, 3
Added entity wolf at 45, 3
Added entity wolf at 24, 47
Removed entity wolf from grid at 0, 35
Removed entity human from grid at 40, 12
Removed entity wolf from grid at 1, 38
Removed entity wolf from grid at 49, 16
Added entity cow at 45, 38
Removed entity human from grid at 26, 35
Added entity cow at 47, 20
Removed entity wolf from grid at 45, 15
Removed entity wolf from grid at 14, 46
Added entity wolf at 23, 21
Added entity naturereserve at 1, 31
Human Milo built Nature Reserve for WOLF
Added entity naturereserve at 2, 32
Human Oscar built Nature Reserve for WOLF
Added entity human at 14, 27
Removed entity wolf from grid at 3, 2
Added entity human at 22, 30
Added entity human at 16, 31
Removed entity human from grid at 27, 47
Added entity wolf at 1, 44
Added entity wolf at 0, 35
Added entity wolf at 15, 40
Added entity wolf at 37, 45
Added entity naturereserve at 30, 42
Human Wendy built Nature Reserve for WOLF
Added entity wolf at 1, 36
Added entity wolf at 1, 7
Added entity naturereserve at 47, 9
Human Zane built Nature Reserve for WOLF
Added entity naturereserve at 44, 1
Human Uma built Nature Reserve for WOLF
Removed entity human from grid at 40, 38
Added entity naturereserve at 5, 34
Human Xander built Nature Reserve for WOLF
Removed entity wolf from grid at 1, 36
Added entity human at 39, 39
Added entity human at 5, 20
Removed entity human from grid at 39, 39
Added entity cow at 46, 19
Added entity cow at 27, 12
Removed entity human from grid at 36, 44
Removed entity human from grid at 34, 44
Removed entity human from grid at 41, 41
Added entity wolf at 6, 2
Added entity wolf at 24, 43
Removed entity wolf from grid at 22, 44
Added entity wolf at 3, 9
Added entity naturereserve at 1, 24
Human Pip built Nature Reserve for WOLF
Removed entity wolf from grid at 26, 43
Removed entity wolf from grid at 46, 4
Removed entity wolf from grid at 14, 41
Added entity naturereserve at 3, 35
Human Sam built Nature Reserve for WOLF
Added entity human at 40, 6
Added entity human at 38, 49
Added entity human at 9, 3
Added entity human at 42, 43
Removed entity human from grid at 0, 44
Removed entity human from grid at 9, 3
Removed entity human from grid at 38, 49
Removed entity human from grid at 40, 6
Added entity cow at 26, 11
Added entity cow at 45, 18
Added entity wolf at 15, 38
Added entity naturereserve at 6, 35
Human Wendy built Nature Reserve for WOLF
Removed entity human from grid at 19, 33
Removed entity cow from grid at 43, 5
Added entity wolf at 21, 17
Removed entity wolf from grid at 23, 42
Removed entity wolf from grid at 0, 35
Added entity human at 25, 48
Removed entity wolf from grid at 47, 17
Added entity human at 8, 18
Removed entity human from grid at 8, 18
Removed entity human from grid at 25, 48
Removed entity human from grid at 40, 45
Removed entity human from grid at 8, 21
Added entity cow at 44, 39
Added entity wolf at 26, 33
Removed entity human from grid at 24, 28
Removed entity cow from grid at 46, 19
Removed entity cow from grid at 44, 17
Added entity wolf at 49, 9
Removed entity cow from grid at 45, 24
Removed entity cow from grid at 43, 10
Added entity wolf at 42, 17
Removed entity wolf from grid at 18, 41
Removed entity human from grid at 33, 32
Added entity human at 24, 29
Added entity human at 24, 25
Removed entity human from grid at 24, 25
Removed entity wolf from grid at 35, 43
Added entity wolf at 48, 7
Removed entity human from grid at 22, 31
Added entity wolf at 2, 31
Removed entity human from grid at 19, 22
Added entity naturereserve at 0, 28
Human Wendy built Nature Reserve for WOLF
Removed entity wolf from grid at 2, 31
Added entity human at 12, 27
Removed entity wolf from grid at 43, 16
Added entity human at 20, 26
Added entity human at 42, 33
Added entity cow at 27, 12
Added entity wolf at 24, 32
Added entity wolf at 48, 4
Added entity naturereserve at 25, 42
Human Yara built Nature Reserve for WOLF
Removed entity wolf from grid at 14, 15
Added entity human at 28, 36
Removed entity wolf from grid at 47, 11
Added entity human at 30, 44
Removed entity human from grid at 44, 31
Removed entity human from grid at 18, 28
Added entity cow at 45, 40
Added entity cow at 45, 20
Added entity wolf at 45, 16
Added entity naturereserve at 2, 31
Human Milo built Nature Reserve for WOLF
Removed entity human from grid at 2, 14
Removed entity wolf from grid at 49, 7
Removed entity wolf from grid at 44, 0
Removed entity cow from grid at 46, 19
Added entity human at 17, 24
Added entity cow at 28, 11
Removed entity human from grid at 25, 28
Added entity human at 35, 32
Added entity cow at 27, 10
Added entity cow at 44, 19
Added entity cow at 44, 39
Removed entity wolf from grid at 27, 47
Removed entity wolf from grid at 25, 33
Added entity wolf at 1, 48
Removed entity cow from grid at 35, 29
Added entity wolf at 24, 40
Added entity wolf at 26, 44
Removed entity cow from grid at 41, 13
Removed entity wolf from grid at 17, 46
Added entity naturereserve at 6, 44
Human Grace built Nature Reserve for WOLF
Removed entity human from grid at 28, 45
Added entity naturereserve at 13, 39
Human Jack built Nature Reserve for WOLF
Added entity human at 21, 31
Added entity human at 17, 6
Removed entity human from grid at 21, 31
Added entity cow at 28, 9
Removed entity human from grid at 15, 22
Added entity wolf at 26, 43
Removed entity human from grid at 15, 28
Removed entity human from grid at 33, 43
Added entity wolf at 24, 44
Added entity wolf at 47, 10
Removed entity cow from grid at 48, 23
Added entity wolf at 1, 8
Added entity naturereserve at 2, 33
Human Pip built Nature Reserve for WOLF
Added entity wolf at 42, 14
Removed entity wolf from grid at 1, 46
Removed entity cow from grid at 39, 7
Added entity human at 22, 32
Added entity naturereserve at 0, 48
Human Victor built Nature Reserve for WOLF
Added entity human at 5, 22
Added entity human at 42, 19
Added entity human at 40, 42
Removed entity human from grid at 42, 19
Removed entity human from grid at 22, 32
Removed entity human from grid at 19, 8
Added entity cow at 43, 18
Removed entity cow from grid at 37, 32
Removed entity cow from grid at 33, 30
Removed entity cow from grid at 43, 15
Removed entity wolf from grid at 49, 24
Removed entity wolf from grid at 0, 46
Removed entity wolf from grid at 47, 10
Removed entity wolf from grid at 23, 45
Added entity wolf at 49, 9
Added entity naturereserve at 2, 29
Human Yara built Nature Reserve for WOLF
Removed entity wolf from grid at 0, 39
Added entity naturereserve at 5, 35
Human Sam built Nature Reserve for WOLF
Added entity human at 13, 34
Added entity human at 21, 37
Removed entity cow from grid at 48, 16
Added entity human at 5, 22
Removed entity human from grid at 21, 37
Removed entity human from grid at 13, 34
Added entity cow at 44, 17
Removed entity human from grid at 7, 24
Added entity cow at 27, 8
Removed entity wolf from grid at 43, 12
Added entity naturereserve at 16, 46
Human Tina built Nature Reserve for WOLF
Added entity wolf at 1, 32
Added entity naturereserve at 0, 44
Human Hank built Nature Reserve for WOLF
Added entity wolf at 22, 42
Removed entity human from grid at 8, 14
Added entity naturereserve at 17, 44
Human Jack built Nature Reserve for WOLF
Removed entity human from grid at 15, 30
Added entity cow at 45, 18
Added entity wolf at 48, 3
Added entity wolf at 15, 38
Added entity wolf at 48, 4
Added entity naturereserve at 2, 36
Human Pip built Nature Reserve for WOLF
Removed entity human from grid at 12, 18
Removed entity wolf from grid at 2, 47
Added entity human at 44, 44
Added entity tree at 9, 27
Added entity wolf at 12, 38
Added entity cow at 45, 40
Removed entity cow from grid at 39, 35
Removed entity wolf from grid at 24, 44
Removed entity human from grid at 28, 38
Added entity wolf at 3, 6
Added entity wolf at 3, 3
Added entity wolf at 20, 43
Added entity wolf at 8, 33
Removed entity wolf from grid at 15, 40
Removed entity wolf from grid at 1, 32
Added entity human at 15, 25
Removed entity human from grid at 7, 20
Added entity human at 32, 27
Removed entity wolf from grid at 2, 40
Added entity human at 9, 13
Removed entity human from grid at 9, 13
Removed entity human from grid at 15, 25
Added entity naturereserve at 42, 0
Human Uma built Nature Reserve for WOLF
Removed entity wolf from grid at 18, 37
Added entity wolf at 41, 17
Added entity wolf at 21, 0
Added entity naturereserve at 4, 49
Human Pip built Nature Reserve for WOLF
Removed entity wolf from grid at 47, 2
Removed entity wolf from grid at 45, 16
Added entity human at 25, 7
Added entity human at 21, 12
Added entity human at 17, 6
Added entity human at 31, 10
Removed entity house from grid at 32, 11
Removed entity human from grid at 17, 6
Removed entity human from grid at 21, 12
Removed entity human from grid at 25, 7
Added entity cow at 28, 9
Removed entity cow from grid at 44, 39
Removed entity wolf from grid at 21, 44
Added entity wolf at 24, 32
Added entity wolf at 41, 17
Removed entity human from grid at 10, 28
Removed entity wolf from grid at 12, 37
Added entity human at 23, 10
Added entity human at 33, 41
Added entity human at 19, 22
Added entity human at 17, 24
Added entity human at 10, 15
Removed entity human from grid at 4, 22
Added entity human at 40, 28
Removed entity human from grid at 10, 15
Removed entity human from grid at 17, 24
Removed entity human from grid at 33, 41
Removed entity human from grid at 23, 10
Removed entity human from grid at 30, 11
Added entity cow at 44, 19
Removed entity cow from grid at 44, 40
Removed entity cow from grid at 40, 36
Removed entity wolf from grid at 9, 32
Removed entity human from grid at 10, 27
Removed entity cow from grid at 43, 16
Removed entity cow from grid at 47, 20
Removed entity wolf from grid at 45, 15
Removed entity cow from grid at 39, 11
Added entity wolf at 46, 15
Added entity human at 11, 22
Added entity human at 20, 12
Added entity human at 14, 20
Removed entity cow from grid at 45, 17
Added entity human at 8, 13
Added entity human at 33, 21
Added entity human at 12, 8
Removed entity house from grid at 45, 39
Removed entity house from grid at 37, 5
Removed entity human from grid at 8, 13
Removed entity human from grid at 14, 20
Removed entity human from grid at 20, 12
Removed entity human from grid at 11, 22
Added entity cow at 43, 20
Removed entity human from grid at 36, 23
Added entity wolf at 1, 26
Added entity wolf at 6, 2
Removed entity human from grid at 39, 10
Added entity human at 18, 12
Added entity human at 13, 24
Removed entity human from grid at 14, 9
Added entity human at 24, 25
Removed entity human from grid at 24, 25
Removed entity human from grid at 13, 24
Removed entity human from grid at 18, 12
Added entity cow at 44, 21
Added entity cow at 46, 39
Removed entity human from grid at 3, 21
Added entity naturereserve at 0, 43
Human Sam built Nature Reserve for WOLF
Removed entity wolf from grid at 46, 4
Added entity human at 42, 23
Added entity human at 36, 13
Added entity human at 20, 24
Added entity human at 12, 9
Added entity human at 12, 10
Removed entity house from grid at 13, 9
Removed entity human from grid at 20, 24
Removed entity human from grid at 36, 13
Added entity cow at 45, 20
Added entity wolf at 0, 31
Added entity wolf at 12, 0
Removed entity wolf from grid at 49, 16
Added entity human at 15, 32
Added entity naturereserve at 3, 45
Human Uma built Nature Reserve for WOLF
Added entity tree at 9, 19
Added entity human at 8, 18
Removed entity house from grid at 35, 48
Added entity human at 29, 17
Removed entity house from grid at 30, 18
Added entity human at 17, 9
Added entity human at 18, 9
Removed entity house from grid at 18, 8
Added entity human at 34, 29
Removed entity house from grid at 35, 30
Removed entity human from grid at 18, 9
Removed entity human from grid at 29, 17
Removed entity human from grid at 8, 18
Added entity cow at 44, 19
Removed entity human from grid at 40, 21
Added entity cow at 47, 40
Removed entity cow from grid at 40, 27
Removed entity cow from grid at 45, 38
Removed entity cow from grid at 40, 41
Removed entity cow from grid at 39, 40
Removed entity cow from grid at 39, 21
Added entity wolf at 14, 38
Removed entity human from grid at 31, 24
Added entity wolf at 24, 40
Removed entity wolf from grid at 41, 15
Added entity wolf at 18, 43
Added entity human at 18, 29
Added entity human at 30, 15
Removed entity human from grid at 18, 31
Added entity human at 27, 32
Added entity human at 38, 35
Removed entity cow from grid at 38, 34
Removed entity human from grid at 27, 32
Removed entity human from grid at 30, 15
Added entity cow at 45, 18
Removed entity human from grid at 15, 31
Added entity naturereserve at 31, 17
Human Xander built Nature Reserve for WOLF
Added entity cow at 27, 8
Removed entity wolf from grid at 15, 44
Removed entity wolf from grid at 24, 41
Added entity wolf at 2, 27
Added entity wolf at 18, 49
Removed entity wolf from grid at 25, 43
Removed entity wolf from grid at 23, 38
Added entity wolf at 47, 6
Removed entity wolf from grid at 1, 32
Added entity human at 11, 18
Added entity human at 22, 34
Added entity human at 21, 2
Removed entity human from grid at 21, 2
Removed entity human from grid at 22, 34
Removed entity human from grid at 11, 18
Added entity cow at 28, 7
Removed entity human from grid at 15, 23
Removed entity human from grid at 8, 23
Added entity wolf at 16, 42
Added entity wolf at 4, 28
Added entity wolf at 22, 42
Added entity naturereserve at 48, 13
Human Pip built Nature Reserve for WOLF
Added entity wolf at 49, 12
Added entity naturereserve at 45, 10
Human Uma built Nature Reserve for WOLF
Added entity wolf at 20, 43
Added entity naturereserve at 24, 40
Human Charlie built Nature Reserve for WOLF
Added entity naturereserve at 41, 0
Human Frank built Nature Reserve for WOLF
Added entity human at 42, 19
Added entity human at 7, 20
Added entity human at 42, 39
Added entity human at 34, 34
Added entity human at 33, 26
Added entity cow at 46, 41
Removed entity human from grid at 32, 32
Added entity wolf at 48, 9
Added entity wolf at 4, 41
Added entity wolf at 36, 44
Added entity wolf at 4, 46
Added entity wolf at 4, 9
Added entity wolf at 1, 9
Added entity wolf at 48, 19
Removed entity wolf from grid at 48, 9
Removed entity wolf from grid at 20, 41
Removed entity cow from grid at 36, 9
Added entity human at 30, 36
Removed entity cow from grid at 36, 15
Removed entity wolf from grid at 48, 3
Added entity human at 15, 30
Removed entity wolf from grid at 48, 19
Added entity human at 29, 32
Removed entity human from grid at 29, 32
Removed entity human from grid at 30, 36
Added entity cow at 45, 42
Removed entity human from grid at 42, 39
Removed entity human from grid at 5, 22
Removed entity human from grid at 37, 43
Added entity wolf at 11, 37
Removed entity wolf from grid at 46, 4
Removed entity human from grid at 27, 49
Added entity wolf at 47, 3
Removed entity wolf from grid at 21, 45
Added entity human at 9, 20
Removed entity human from grid at 15, 32
Added entity naturereserve at 44, 5
Human Milo built Nature Reserve for WOLF
Removed entity wolf from grid at 11, 37
Removed entity wolf from grid at 2, 44
Added entity human at 35, 38
Added entity human at 26, 28
Removed entity human from grid at 26, 28
Removed entity human from grid at 35, 38
Added entity cow at 28, 8
Removed entity human from grid at 19, 9
Added entity wolf at 1, 42
Removed entity human from grid at 41, 43
Removed entity human from grid at 39, 42
Removed entity wolf from grid at 13, 37
Added entity wolf at 15, 48
Added entity naturereserve at 45, 13
Human Pip built Nature Reserve for WOLF
Removed entity wolf from grid at 47, 5
Added entity human at 22, 29
Added entity human at 33, 25
Removed entity human from grid at 22, 29
Added entity cow at 27, 9
Added entity cow at 44, 43
Removed entity human from grid at 13, 29
Removed entity human from grid at 31, 35
Removed entity cow from grid at 43, 18
Removed entity cow from grid at 48, 21
Added entity wolf at 5, 43
Added entity naturereserve at 13, 37
Human Wendy built Nature Reserve for WOLF
Added entity wolf at 4, 44
Removed entity wolf from grid at 0, 38
Removed entity wolf from grid at 17, 41
Removed entity cow from grid at 44, 19
Added entity human at 13, 24
Removed entity cow from grid at 39, 15
Added entity human at 32, 44
Removed entity cow from grid at 48, 19
Removed entity wolf from grid at 4, 44
Added entity human at 4, 15
Added entity human at 34, 30
Added entity cow at 26, 8
Added entity cow at 44, 19
Added entity naturereserve at 44, 13
Human Pip built Nature Reserve for WOLF
Added entity wolf at 44, 17
Added entity wolf at 48, 16
Added entity naturereserve at 6, 30
Human Xander built Nature Reserve for WOLF
Removed entity wolf from grid at 11, 43
Added entity human at 30, 40
Removed entity wolf from grid at 4, 44
Added entity human at 35, 36
Removed entity human from grid at 35, 36
Removed entity human from grid at 30, 40
Removed entity human from grid at 32, 44
Added entity cow at 45, 44
Removed entity wolf from grid at 6, 4
Added entity wolf at 12, 37
Removed entity wolf from grid at 0, 40
Added entity wolf at 18, 41
Added entity naturereserve at 1, 46
Human Tina built Nature Reserve for WOLF
Added entity wolf at 2, 35
Added entity wolf at 3, 2
Added entity wolf at 43, 17
Removed entity human from grid at 42, 20
Removed entity wolf from grid at 18, 41
Removed entity human from grid at 37, 12
Added entity human at 25, 24
Added entity human at 3, 20
Removed entity human from grid at 3, 20
Added entity cow at 44, 45
Added entity cow at 27, 7
Removed entity human from grid at 4, 16
Removed entity human from grid at 37, 36
Removed entity cow from grid at 47, 20
Added entity wolf at 18, 45
Removed entity cow from grid at 40, 27
Added entity wolf at 43, 1
Removed entity wolf from grid at 47, 14
Removed entity wolf from grid at 45, 15
Added entity wolf at 49, 16
Added entity wolf at 22, 2
Removed entity cow from grid at 38, 16
Added entity human at 21, 22
Removed entity cow from grid at 39, 17
Added entity human at 29, 46
Added entity human at 28, 46
Added entity human at 20, 7
Added entity human at 9, 44
Added entity human at 29, 1
Added entity human at 44, 29
Added entity human at 34, 17
Added entity human at 42, 41
Removed entity human from grid at 42, 41
Removed entity human from grid at 29, 1
Removed entity human from grid at 9, 44
Removed entity human from grid at 20, 7
Added entity cow at 26, 6
Added entity cow at 45, 20
Removed entity human from grid at 13, 23
Removed entity cow from grid at 35, 26
Removed entity wolf from grid at 14, 41
Added entity wolf at 0, 35
Removed entity wolf from grid at 0, 35
Removed entity wolf from grid at 47, 14
Added entity wolf at 19, 46
Added entity wolf at 8, 33
Added entity wolf at 49, 12
Added entity wolf at 48, 21
Removed entity human from grid at 13, 19
Removed entity wolf from grid at 1, 36
Added entity human at 17, 26
Added entity human at 37, 27
Added entity human at 44, 39
Added entity human at 6, 13
Removed entity human from grid at 6, 13
Removed entity human from grid at 23, 20
Removed entity wolf from grid at 12, 16
Added entity wolf at 4, 36
Added entity wolf at 5, 45
Removed entity wolf from grid at 18, 46
Added entity wolf at 8, 31
Added entity wolf at 13, 48
Removed entity tree from grid at 3, 31
Removed entity wolf from grid at 19, 46
Added entity human at 20, 18
Added entity human at 39, 19
Added entity human at 26, 10
Added entity human at 13, 4
Removed entity human from grid at 13, 4
Removed entity human from grid at 26, 10
Removed entity human from grid at 20, 18
Removed entity cow from grid at 38, 24
Added entity cow at 46, 19
Added entity cow at 25, 7
Removed entity cow from grid at 44, 28
Added entity cow at 45, 44
Removed entity cow from grid at 37, 26
Removed entity cow from grid at 44, 19
Removed entity cow from grid at 36, 27
Added entity wolf at 14, 38
Added entity wolf at 46, 3
Removed entity human from grid at 32, 19
Added entity wolf at 18, 49
Added entity wolf at 46, 6
Added entity human at 21, 13
Removed entity wolf from grid at 8, 31
Removed entity human from grid at 27, 46
Removed entity cow from grid at 36, 18
Removed entity tree from grid at 4, 37
Added entity human at 7, 46
Removed entity wolf from grid at 48, 16
Added entity human at 21, 20
Added entity human at 44, 41
Removed entity human from grid at 9, 46
Removed entity human from grid at 44, 41
Removed entity human from grid at 21, 20
Removed entity human from grid at 21, 13
Removed entity wolf from grid at 47, 16
Added entity wolf at 27, 39
Added entity wolf at 14, 16
Removed entity wolf from grid at 3, 37
Added entity human at 16, 34
Added entity human at 22, 28
Added entity human at 32, 13
Added entity human at 15, 1
Removed entity human from grid at 15, 1
Removed entity human from grid at 16, 34
Removed entity cow from grid at 39, 18
Added entity human at 38, 25
Removed entity wolf from grid at 15, 39
Removed entity wolf from grid at 16, 48
Removed entity human from grid at 4, 11
Removed entity wolf from grid at 23, 39
Added entity wolf at 22, 44
Removed entity wolf from grid at 47, 15
Added entity wolf at 49, 16
Added entity wolf at 30, 33
Added entity wolf at 10, 34
Added entity wolf at 16, 18
Removed entity wolf from grid at 10, 34
Added entity human at 7, 48
Added entity human at 35, 11
Added entity human at 38, 16
Added entity human at 15, 1
Removed entity human from grid at 15, 1
Removed entity human from grid at 7, 48
Added entity human at 33, 12
Removed entity tree from grid at 20, 25
Added entity cow at 45, 20
Removed entity human from grid at 42, 38
Removed entity cow from grid at 36, 25
Removed entity tree from grid at 34, 8
Added entity wolf at 16, 43
Removed entity wolf from grid at 14, 48
Added entity wolf at 2, 42
Added entity human at 1, 36
Added entity wolf at 46, 12
Added entity wolf at 4, 33
Removed entity wolf from grid at 2, 42
Added entity human at 16, 20
Added entity human at 37, 32
Added entity human at 33, 39
Added entity human at 8, 13
Added entity human at 34, 17
Removed entity human from grid at 8, 13
Removed entity human from grid at 37, 32
Removed entity human from grid at 16, 20
Added entity cow at 46, 21
Added entity human at 32, 13
Removed entity human from grid at 36, 27
Added entity cow at 45, 44
Added entity cow at 26, 8
Removed entity human from grid at 33, 25
Removed entity human from grid at 37, 27
Removed entity human from grid at 26, 24
Removed entity human from grid at 30, 28
Removed entity human from grid at 37, 26
Removed entity human from grid at 34, 27
Added entity wolf at 14, 42
Removed entity wolf from grid at 4, 33
Removed entity cow from grid at 47, 18
Removed entity wolf from grid at 46, 12
Added entity wolf at 14, 48
Removed entity wolf from grid at 5, 29
Added entity human at 9, 23
Added entity human at 20, 26
Added entity human at 41, 35
Added entity human at 29, 19
Removed entity human from grid at 29, 19
Removed entity tree from grid at 40, 35
Removed entity human from grid at 9, 23
Removed entity human from grid at 32, 13
Removed entity human from grid at 32, 15
Removed entity human from grid at 33, 6
Removed entity wolf from grid at 17, 45
Added entity wolf at 1, 26
Removed entity cow from grid at 45, 19
Added entity wolf at 29, 33
Added entity wolf at 14, 46
Added entity human at 16, 20
Removed entity human from grid at 24, 29
Removed entity human from grid at 16, 20
Removed entity tree from grid at 4, 34
Removed entity cow from grid at 31, 11
Added entity wolf at 10, 34
Removed entity wolf from grid at 15, 47
Removed entity cow from grid at 48, 17
Removed entity wolf from grid at 1, 45
Removed entity human from grid at 31, 21
Removed entity human from grid at 11, 43
Added entity human at 13, 29
Added entity human at 5, 20
Added entity cow at 27, 9
Added entity human at 31, 11
Removed entity human from grid at 22, 26
Added entity wolf at 16, 41
Removed entity human from grid at 28, 44
Added entity wolf at 25, 41
Added entity wolf at 1, 8
Removed entity wolf from grid at 22, 42
Removed entity wolf from grid at 48, 17
Added entity human at 28, 26
Removed entity cow from grid at 32, 16
Added entity human at 13, 34
Added entity human at 18, 20
Added entity human at 39, 23
Added entity human at 14, 9
Removed entity human from grid at 14, 9
Removed entity cow from grid at 40, 24
Removed entity human from grid at 18, 20
Removed entity human from grid at 13, 34
Removed entity human from grid at 31, 11
Removed entity human from grid at 4, 20
Added entity cow at 47, 20
Removed entity human from grid at 33, 34
Removed entity tree from grid at 33, 7
Removed entity human from grid at 37, 33
Removed entity wolf from grid at 49, 18
Added entity wolf at 48, 6
Added entity wolf at 21, 17
Added entity wolf at 21, 0
Added entity wolf at 13, 2
Removed entity wolf from grid at 17, 41
Added entity berry at 45, 4
Added entity human at 46, 26
Added entity cow at 46, 19
Removed entity tree from grid at 27, 28
Added entity cow at 28, 10
Removed entity human from grid at 40, 32
Removed entity cow from grid at 31, 13
Removed entity human from grid at 11, 12
Added entity berry at 33, 41
Removed entity wolf from grid at 17, 42
Added entity human at 11, 20
Removed entity wolf from grid at 7, 37
Removed entity human from grid at 32, 16
Removed entity human from grid at 11, 20
Added entity cow at 47, 18
Added entity tree at 44, 25
Added entity house at 29, 27
Added entity cow at 46, 45
Removed entity human from grid at 32, 10
Added entity wolf at 5, 44
Added entity wolf at 0, 31
Removed entity wolf from grid at 47, 2
Added entity wolf at 9, 39
Removed entity human from grid at 33, 42
Added entity wolf at 3, 6
Removed entity wolf from grid at 24, 43
Added entity human at 21, 13
Removed entity human from grid at 21, 13
Added entity cow at 45, 46
Added entity cow at 27, 9
Removed entity tree from grid at 28, 27
Removed entity human from grid at 30, 12
Removed entity wolf from grid at 22, 44
Removed entity wolf from grid at 47, 11
Added entity wolf at 13, 49
Removed entity wolf from grid at 15, 48
Removed entity human from grid at 36, 6
Added entity human at 26, 28
Added entity human at 16, 31
Added entity human at 8, 17
Added entity human at 41, 27
Added entity tree at 41, 26
Removed entity human from grid at 8, 17
Added entity cow at 26, 8
Added entity cow at 48, 17
Removed entity human from grid at 40, 25
Removed entity human from grid at 28, 13
Removed entity human from grid at 34, 43
Added entity wolf at 2, 28
Removed entity human from grid at 26, 39
Removed entity human from grid at 12, 31
Removed entity wolf from grid at 1, 44
Added entity wolf at 9, 36
Added entity wolf at 24, 48
Added entity wolf at 26, 39
Added entity human at 15, 23
Added entity human at 32, 31
Added entity human at 43, 25
Added entity human at 43, 26
Removed entity house from grid at 44, 26
Removed entity house from grid at 35, 46
Removed entity human from grid at 32, 31
Added entity cow at 47, 16
Added entity cow at 25, 7
Removed entity cow from grid at 41, 28
Removed entity cow from grid at 46, 25
Removed entity human from grid at 30, 26
Removed entity cow from grid at 29, 11
Removed entity cow from grid at 47, 23
Added entity wolf at 7, 33
Added entity wolf at 40, 18
Removed entity cow from grid at 48, 17
Added entity wolf at 22, 44
Removed entity cow from grid at 47, 18
Added entity wolf at 48, 16
Added entity wolf at 43, 16
Added entity wolf at 43, 15
Removed entity human from grid at 30, 12
Added entity human at 29, 48
Added entity human at 31, 24
Added entity human at 31, 25
Removed entity house from grid at 32, 25
Removed entity human from grid at 29, 48
Added entity cow at 24, 8
Removed entity human from grid at 43, 25
Removed entity human from grid at 41, 27
Removed entity human from grid at 30, 24
Added entity cow at 44, 45
Removed entity wolf from grid at 47, 2
Removed entity wolf from grid at 7, 32
Added entity wolf at 10, 34
Added entity wolf at 46, 7
Added entity wolf at 15, 18
Added entity human at 30, 45
Added entity human at 32, 44
Added entity cow at 45, 44
Removed entity tree from grid at 29, 24
Removed entity human from grid at 30, 23
Removed entity human from grid at 28, 13
Added entity wolf at 44, 12
Added entity wolf at 47, 0
Removed entity wolf from grid at 7, 33
Added entity wolf at 49, 18
Added entity wolf at 48, 1
Added entity wolf at 20, 1
Added entity human at 5, 22
Added entity human at 39, 21
Added entity cow at 35, 42
Added entity human at 27, 19
Removed entity house from grid at 28, 20
Removed entity human from grid at 27, 19
Added entity cow at 34, 43
Removed entity human from grid at 39, 21
Removed entity cow from grid at 43, 24
Removed entity cow from grid at 42, 24
Added entity berry at 4, 3
Removed entity cow from grid at 49, 27
Added entity tree at 5, 43
Removed entity cow from grid at 48, 18
Removed entity wolf from grid at 48, 17
Added entity wolf at 1, 29
Added entity wolf at 48, 3
Added entity wolf at 48, 7
Added entity human at 37, 2
Added entity human at 21, 35
Added entity human at 31, 36
Added entity human at 28, 34
Removed entity wolf from grid at 46, 16
Added entity human at 36, 23
Removed entity human from grid at 36, 23
Removed entity human from grid at 28, 34
Removed entity human from grid at 31, 36
Removed entity human from grid at 21, 35
Removed entity human from grid at 37, 2
Added entity cow at 46, 45
Removed entity cow from grid at 34, 43
Added entity cow at 23, 7
Added entity house at 32, 25
Removed entity human from grid at 18, 22
Removed entity human from grid at 28, 16
Removed entity cow from grid at 22, 10
Removed entity wolf from grid at 15, 49
Added entity wolf at 6, 31
Removed entity wolf from grid at 4, 37
Added entity wolf at 39, 18
Removed entity wolf from grid at 43, 1
Removed entity wolf from grid at 4, 34
Added entity wolf at 22, 1
Added entity wolf at 24, 23
Removed entity human from grid at 16, 31
Added entity human at 33, 38
Removed entity human from grid at 31, 24
Removed entity human from grid at 40, 25
Removed entity human from grid at 22, 27
Added entity wolf at 41, 18
Removed entity wolf from grid at 4, 34
Added entity wolf at 19, 47
Added entity wolf at 4, 31
Added entity wolf at 25, 39
Removed entity wolf from grid at 15, 44
Removed entity wolf from grid at 42, 14
Added entity human at 30, 28
Added entity human at 18, 9
Removed entity human from grid at 31, 36
Added entity wolf at 1, 47
Removed entity wolf from grid at 47, 0
Removed entity wolf from grid at 27, 41
Removed entity wolf from grid at 12, 40
Removed entity human from grid at 6, 24
Added entity human at 29, 48
Added entity human at 22, 29
Removed entity human from grid at 22, 29
Removed entity tree from grid at 18, 7
Removed entity human from grid at 32, 26
Removed entity human from grid at 36, 46
Added entity cow at 48, 18
Removed entity human from grid at 39, 22
Removed entity wolf from grid at 7, 34
Added entity wolf at 43, 12
Removed entity wolf from grid at 43, 12
Removed entity human from grid at 19, 9
Added entity wolf at 1, 44
Removed entity wolf from grid at 16, 43
Removed entity wolf from grid at 47, 2
Removed entity wolf from grid at 6, 36
Added entity wolf at 4, 32
Added entity wolf at 19, 48
Removed entity wolf from grid at 48, 16
Added entity wolf at 8, 33
Added entity wolf at 3, 9
Added entity human at 39, 2
Added entity human at 33, 36
Added entity human at 18, 13
Removed entity human from grid at 18, 13
Removed entity human from grid at 33, 36
Added entity tree at 39, 1
Removed entity human from grid at 27, 48
Added entity cow at 45, 46
Added entity wolf at 46, 12
Removed entity wolf from grid at 46, 12
Added entity wolf at 47, 6
Added entity human at 19, 33
Added entity human at 30, 5
Removed entity human from grid at 30, 5
Removed entity wolf from grid at 8, 33
Removed entity cow from grid at 33, 42
Removed entity human from grid at 47, 24
Added entity wolf at 2, 30
Added entity wolf at 13, 40
Removed entity wolf from grid at 9, 40
Added entity wolf at 42, 2
Added entity wolf at 4, 34
Removed entity wolf from grid at 49, 16
Added entity human at 18, 18
Removed entity wolf from grid at 17, 46
Added entity human at 28, 34
Removed entity human from grid at 28, 34
Removed entity human from grid at 19, 31
Added entity wolf at 2, 45
Added entity wolf at 41, 1
Added entity wolf at 48, 10
Added entity wolf at 25, 33
Removed entity wolf from grid at 46, 13
Added entity wolf at 47, 16
Removed entity cow from grid at 48, 18
Added entity wolf at 20, 43
Added entity wolf at 27, 40
Added entity human at 24, 31
Added entity human at 24, 29
Added entity human at 34, 17
Added entity human at 22, 8
Added entity human at 39, 38
Removed entity human from grid at 22, 8
Removed entity human from grid at 34, 17
Removed entity human from grid at 24, 29
Removed entity human from grid at 24, 31
Removed entity human from grid at 20, 33
Removed entity human from grid at 39, 3
Added entity cow at 22, 6
Removed entity wolf from grid at 20, 43
Removed entity wolf from grid at 47, 0
Removed entity wolf from grid at 48, 1
Removed entity wolf from grid at 47, 16
Added entity wolf at 47, 14
Removed entity wolf from grid at 48, 16
Added entity wolf at 19, 44
Added entity wolf at 19, 18
Added entity wolf at 47, 19
Removed entity wolf from grid at 18, 45
Added entity human at 19, 35
Added entity human at 40, 6
Removed entity wolf from grid at 47, 14
Added entity human at 27, 19
Added entity human at 35, 39
Added entity human at 6, 13
Added entity human at 21, 20
Added entity human at 17, 9
Added entity human at 13, 3
Added entity human at 20, 8
Removed entity human from grid at 20, 8
Removed entity human from grid at 13, 3
Removed entity human from grid at 17, 9
Removed entity human from grid at 21, 20
Removed entity human from grid at 6, 13
Removed entity human from grid at 27, 19
Removed entity human from grid at 40, 6
Removed entity human from grid at 19, 35
Removed entity human from grid at 17, 18
Removed entity human from grid at 30, 43
Removed entity wolf from grid at 47, 8
Removed entity wolf from grid at 16, 43
Removed entity wolf from grid at 14, 45
Removed entity wolf from grid at 4, 36
Removed entity wolf from grid at 49, 9
Added entity wolf at 43, 1
Added entity wolf at 4, 9
Added entity wolf at 31, 35
Removed entity wolf from grid at 15, 38
Added entity human at 8, 19
Added entity human at 2, 15
Added entity human at 43, 25
Added entity human at 39, 40
Added entity human at 26, 26
Removed entity human from grid at 26, 26
Removed entity cow from grid at 43, 24
Removed entity human from grid at 2, 15
Removed entity human from grid at 35, 39
Removed entity human from grid at 36, 41
Added entity house at 33, 47
Added entity wolf at 37, 43
Removed entity wolf from grid at 49, 9
Removed entity wolf from grid at 45, 19
Removed entity wolf from grid at 46, 15
Added entity human at 42, 21
Added entity human at 41, 25
Removed entity tree from grid at 41, 26
Removed entity human from grid at 42, 21
Removed entity tree from grid at 44, 25
Added entity cow at 21, 5
Added entity berry at 33, 46
Removed entity human from grid at 34, 46
Added entity wolf at 46, 13
Removed entity berry from grid at 17, 22
Added entity human at 13, 13
Added entity human at 36, 16
Added entity human at 9, 3
Added entity human at 16, 11
Removed entity human from grid at 16, 11
Removed entity human from grid at 9, 3
Removed entity human from grid at 36, 16
Removed entity human from grid at 13, 13
Added entity tree at 40, 24
Added entity tree at 36, 40
Added entity wolf at 26, 43
Added entity wolf at 24, 35
Removed entity wolf from grid at 19, 41
Added entity wolf at 25, 41
Added entity wolf at 42, 2
Added entity wolf at 48, 7
Removed entity wolf from grid at 45, 17
Removed entity wolf from grid at 47, 14
Added entity human at 37, 11
Removed entity wolf from grid at 7, 29
Added entity human at 4, 13
Added entity human at 34, 32
Added entity human at 40, 25
Added entity human at 42, 25
Removed entity house from grid at 41, 24
Removed entity human from grid at 34, 32
Removed entity human from grid at 37, 11
Removed entity tree from grid at 37, 40
Removed entity wolf from grid at 22, 41
Added entity wolf at 3, 29
Added entity wolf at 10, 0
Added entity wolf at 10, 34
Added entity human at 36, 19
Added entity human at 40, 45
Added entity human at 36, 43
Removed entity human from grid at 36, 43
Removed entity human from grid at 40, 45
Removed entity human from grid at 36, 19
Removed entity human from grid at 6, 15
Added entity cow at 46, 47
Removed entity human from grid at 20, 7
Added entity wolf at 43, 12
Added entity wolf at 42, 1
Removed entity wolf from grid at 24, 39
Added entity wolf at 47, 17
Removed entity human from grid at 43, 23
Added entity wolf at 10, 1
Added entity wolf at 22, 42
Removed entity wolf from grid at 47, 17
Added entity wolf at 41, 17
Added entity wolf at 21, 16
Added entity human at 10, 13
Added entity human at 42, 19
Added entity human at 16, 30
Added entity human at 34, 43
Removed entity human from grid at 42, 19
Added entity cow at 22, 6
Removed entity wolf from grid at 13, 17
Removed entity wolf from grid at 49, 7
Removed entity human from grid at 5, 11
Added entity wolf at 45, 2
Added entity wolf at 2, 30
Removed entity wolf from grid at 45, 2
Added entity wolf at 45, 2
Added entity wolf at 40, 16
Added entity wolf at 16, 18
Removed entity human from grid at 36, 45
Removed entity human from grid at 10, 14
Added entity cow at 47, 46
Removed entity human from grid at 37, 23
Removed entity human from grid at 37, 25
Removed entity wolf from grid at 12, 18
Added entity wolf at 44, 14
Added entity wolf at 30, 18
Added entity wolf at 2, 37
Added entity wolf at 15, 44
Removed entity wolf from grid at 24, 36
Removed entity wolf from grid at 45, 2
Added entity wolf at 15, 49
Added entity wolf at 45, 2
Added entity wolf at 25, 31
Added entity wolf at 48, 6
Added entity wolf at 41, 17
Removed entity wolf from grid at 44, 12
Added entity human at 13, 18
Added entity human at 14, 29
Added entity tree at 10, 29
Added entity human at 7, 21
Removed entity human from grid at 13, 18
Removed entity wolf from grid at 48, 6
Removed entity wolf from grid at 4, 31
Removed entity wolf from grid at 45, 2
Removed entity wolf from grid at 45, 15
Added entity wolf at 25, 31
Added entity wolf at 21, 42
Added entity wolf at 4, 2
Added entity wolf at 20, 0
Added entity wolf at 47, 19
Added entity human at 18, 34
Added entity human at 26, 28
Added entity tree at 5, 16
Added entity human at 14, 30
Removed entity human from grid at 18, 34
Added entity cow at 23, 5
Added entity wolf at 48, 3
Removed entity human from grid at 39, 3
Added entity human at 23, 48
Added entity human at 8, 15
Added entity human at 21, 12
Added entity human at 15, 4
Removed entity human from grid at 15, 4
Removed entity human from grid at 21, 12
Removed entity human from grid at 8, 15
Removed entity human from grid at 23, 48
Removed entity human from grid at 12, 28
Removed entity human from grid at 25, 28
Added entity cow at 48, 45
Removed entity wolf from grid at 15, 16
Added entity wolf at 4, 35
Added entity wolf at 45, 19
Removed entity wolf from grid at 44, 2
Added entity wolf at 43, 15
Added entity wolf at 3, 2
Removed entity wolf from grid at 43, 15
Added entity human at 17, 23
Removed entity wolf from grid at 46, 15
Added entity human at 5, 22
Added entity human at 27, 6
Removed entity human from grid at 27, 6
Added entity cow at 49, 44
Removed entity human from grid at 12, 27
Removed entity wolf from grid at 40, 16
Removed entity human from grid at 37, 40
Added entity wolf at 1, 44
Added entity wolf at 24, 41
Removed entity wolf from grid at 45, 20
Added entity wolf at 41, 15
Removed entity wolf from grid at 39, 14
Added entity human at 12, 27
Added entity human at 8, 11
Added entity human at 44, 30
Added entity human at 32, 30
Added entity human at 31, 47
Removed entity human from grid at 32, 30
Removed entity human from grid at 8, 11
Removed entity human from grid at 7, 20
Removed entity human from grid at 11, 29
Removed entity wolf from grid at 44, 2
Removed entity wolf from grid at 18, 45
Added entity wolf at 26, 33
Removed entity wolf from grid at 41, 10
Removed entity wolf from grid at 5, 36
Added entity wolf at 24, 41
Added entity wolf at 46, 1
Removed entity wolf from grid at 42, 14
Added entity wolf at 19, 42
Added entity human at 11, 22
Removed entity human from grid at 3, 22
Added entity human at 24, 10
Added entity human at 7, 22
Removed entity wolf from grid at 48, 18
Added entity human at 13, 24
Added entity human at 5, 22
Added entity human at 18, 13
Removed entity human from grid at 18, 13
Removed entity human from grid at 24, 10
Removed entity human from grid at 31, 47
Removed entity human from grid at 12, 27
Removed entity human from grid at 17, 18
Removed entity human from grid at 3, 21
Removed entity wolf from grid at 17, 42
Removed entity wolf from grid at 46, 1
Added entity human at 16, 22
Added entity human at 19, 22
Added entity human at 38, 48
Removed entity human from grid at 19, 22
Removed entity human from grid at 5, 24
Removed entity human from grid at 41, 33
Added entity cow at 48, 43
Added entity cow at 22, 6
Removed entity wolf from grid at 42, 2
Removed entity wolf from grid at 3, 37
Added entity wolf at 23, 40
Added entity wolf at 46, 8
Removed entity wolf from grid at 22, 42
Added entity human at 14, 20
Added entity human at 28, 17
Added entity human at 18, 31
Added entity human at 8, 17
Added entity human at 32, 27
Added entity human at 38, 23
Added entity human at 21, 6
Removed entity human from grid at 21, 6
Removed entity human from grid at 32, 27
Removed entity human from grid at 8, 17
Removed entity human from grid at 18, 31
Removed entity human from grid at 14, 20
Added entity cow at 21, 7
Added entity cow at 47, 44
Removed entity human from grid at 38, 46
Removed entity wolf from grid at 42, 2
Added entity wolf at 5, 36
Added entity human at 28, 44
Added entity human at 13, 30
Added entity human at 29, 30
Added entity human at 11, 13
Added entity human at 29, 47
Added entity human at 29, 48
Removed entity house from grid at 30, 48
Added entity human at 42, 41
Removed entity house from grid at 43, 42
Removed entity house from grid at 40, 37
Removed entity human from grid at 42, 41
Removed entity human from grid at 11, 13
Removed entity human from grid at 29, 30
Removed entity human from grid at 28, 44
Removed entity human from grid at 36, 25
Removed entity human from grid at 11, 22
Added entity wolf at 12, 38
Removed entity wolf from grid at 43, 1
Added entity wolf at 47, 19
Added entity wolf at 23, 43
Added entity wolf at 3, 8
Removed entity wolf from grid at 47, 19
Added entity wolf at 2, 4
Removed entity human from grid at 27, 49
Added entity wolf at 22, 42
Added entity wolf at 25, 48
Added entity wolf at 15, 18
Removed entity wolf from grid at 22, 42
Added entity human at 24, 32
Added entity human at 9, 21
Added entity human at 46, 26
Added entity human at 7, 42
Added entity human at 11, 5
Added entity human at 19, 2
Removed entity human from grid at 19, 2
Removed entity human from grid at 7, 42
Removed entity human from grid at 9, 21
Removed entity human from grid at 24, 32
Removed entity wolf from grid at 27, 47
Removed entity human from grid at 13, 31
Removed entity human from grid at 28, 16
Removed entity human from grid at 13, 24
Removed entity human from grid at 36, 25
Removed entity wolf from grid at 11, 38
Removed entity human from grid at 15, 30
Added entity wolf at 1, 49
Added entity wolf at 26, 35
Added entity wolf at 9, 32
Added entity wolf at 49, 3
Added entity wolf at 2, 35
Added entity wolf at 48, 3
Added entity wolf at 48, 7
Removed entity human from grid at 37, 18
Added entity human at 15, 11
Removed entity human from grid at 13, 22
Added entity human at 13, 22
Added entity human at 35, 21
Added entity human at 7, 22
Added entity human at 34, 43
Added entity human at 34, 44
Added entity human at 34, 45
Removed entity house from grid at 35, 44
Added entity human at 28, 11
Added entity human at 28, 12
Removed entity house from grid at 29, 12
Removed entity house from grid at 22, 0
Removed entity human from grid at 28, 12
Removed entity human from grid at 28, 11
Removed entity human from grid at 34, 45
Removed entity human from grid at 7, 22
Removed entity human from grid at 35, 21
Removed entity human from grid at 13, 22
Removed entity human from grid at 13, 3
Added entity cow at 48, 43
Removed entity human from grid at 5, 22
Removed entity human from grid at 36, 21
Removed entity wolf from grid at 4, 35
Added entity wolf at 21, 42
Added entity wolf at 24, 31
Added entity wolf at 4, 34
Added entity wolf at 4, 32
Added entity wolf at 20, 0
Added entity human at 11, 18
Added entity human at 27, 48
Added entity human at 19, 37
Removed entity house from grid at 18, 4
Added entity human at 42, 38
Added entity human at 42, 39
Removed entity house from grid at 43, 38
Added entity human at 32, 15
Added entity human at 32, 16
Removed entity house from grid at 33, 16
Added entity human at 36, 34
Removed entity house from grid at 37, 34
Removed entity human from grid at 36, 34
Removed entity human from grid at 32, 16
Removed entity human from grid at 42, 39
Removed entity human from grid at 19, 37
Removed entity human from grid at 11, 18
Removed entity wolf from grid at 26, 45
Removed entity wolf from grid at 7, 32
Added entity wolf at 43, 4
Removed entity wolf from grid at 43, 4
Added entity human at 38, 14
Added entity human at 32, 33
Added entity human at 35, 37
Removed entity human from grid at 35, 37
Removed entity human from grid at 32, 33
Removed entity human from grid at 38, 14
Removed entity human from grid at 16, 12
Removed entity human from grid at 42, 30
Added entity cow at 22, 8
Removed entity human from grid at 7, 19
Removed entity human from grid at 14, 13
Removed entity wolf from grid at 0, 36
Removed entity human from grid at 15, 27
Added entity wolf at 46, 4
Added entity wolf at 1, 25
Removed entity wolf from grid at 48, 9
Added entity wolf at 49, 7
Added entity human at 38, 11
Added entity human at 22, 30
Added entity human at 33, 39
Added entity human at 35, 21
Added entity human at 33, 29
Added entity human at 38, 48
Removed entity house from grid at 39, 29
Removed entity human from grid at 38, 48
Removed entity human from grid at 33, 29
Removed entity human from grid at 35, 21
Removed entity human from grid at 33, 39
Removed entity human from grid at 22, 30
Added entity cow at 23, 7
Removed entity human from grid at 34, 17
Added entity wolf at 2, 46
Removed entity wolf from grid at 46, 4
Added entity wolf at 29, 42
Added entity wolf at 11, 47
Removed entity wolf from grid at 49, 9
Added entity wolf at 22, 40
Added entity wolf at 24, 41
Added entity wolf at 14, 42
Added entity human at 28, 38
Added entity human at 18, 29
Added entity human at 30, 13
Added entity human at 40, 44
Added entity human at 40, 45
Removed entity house from grid at 41, 44
Removed entity human from grid at 30, 13
Removed entity human from grid at 28, 38
Removed entity human from grid at 40, 43
Removed entity wolf from grid at 26, 42
Removed entity human from grid at 32, 43
Removed entity wolf from grid at 0, 37
Added entity wolf at 2, 45
Added entity wolf at 14, 36
Added entity wolf at 1, 43
Added entity wolf at 8, 33
Added entity human at 18, 1
Added entity human at 18, 11
Added entity human at 32, 43
Removed entity house from grid at 29, 6
Added entity human at 41, 27
Removed entity house from grid at 42, 28
Removed entity human from grid at 18, 1
Removed entity human from grid at 41, 45
Removed entity wolf from grid at 21, 30
Removed entity wolf from grid at 24, 43
Added entity berry at 25, 15
Removed entity wolf from grid at 4, 32
Removed entity wolf from grid at 49, 3
Added entity berry at 26, 6
Added entity berry at 46, 42
Added entity wolf at 7, 32
Added entity wolf at 43, 16
Added entity wolf at 16, 16
Added entity human at 14, 27
Added entity human at 42, 6
Added entity human at 5, 20
Added entity human at 6, 16
Removed entity house from grid at 22, 4
Added entity human at 15, 1
Added entity human at 15, 2
Removed entity house from grid at 16, 2
Removed entity house from grid at 29, 8
Removed entity house from grid at 27, 4
Added entity human at 20, 10
Removed entity house from grid at 21, 9
Removed entity human from grid at 6, 16
Removed entity human from grid at 42, 6
Removed entity wolf from grid at 39, 29
Removed entity human from grid at 42, 47
Added entity cow at 22, 6
Removed entity berry from grid at 46, 42
Removed entity wolf from grid at 4, 32
Added entity wolf at 40, 18
Added entity wolf at 3, 5
Added entity human at 7, 42
Added entity human at 17, 9
Removed entity human from grid at 17, 9
Removed entity human from grid at 7, 42
Removed entity human from grid at 4, 20
Removed entity human from grid at 41, 47
Removed entity wolf from grid at 23, 43
Added entity wolf at 3, 5
Added entity wolf at 13, 47
Added entity wolf at 45, 17
Added entity human at 4, 12
Added entity human at 26, 26
Added entity human at 26, 27
Removed entity house from grid at 27, 27
Removed entity house from grid at 39, 49
Added entity human at 35, 9
Removed entity house from grid at 36, 10
Removed entity human from grid at 26, 27
Removed entity human from grid at 26, 26
Added entity cow at 21, 5
Removed entity human from grid at 22, 12
Removed entity wolf from grid at 14, 1
Removed entity human from grid at 15, 28
Removed entity wolf from grid at 37, 16
Added entity cow at 47, 42
Removed entity wolf from grid at 48, 10
Added entity wolf at 43, 1
Added entity wolf at 23, 46
Added entity human at 27, 46
Added entity human at 19, 31
Added entity human at 7, 20
Removed entity house from grid at 31, 8
Added entity human at 37, 25
Added entity human at 37, 26
Removed entity house from grid at 38, 26
Removed entity house from grid at 33, 49
Removed entity house from grid at 40, 34
Added entity human at 4, 16
Removed entity house from grid at 5, 17
Removed entity human from grid at 19, 31
Removed entity human from grid at 27, 46
Removed entity human from grid at 4, 13
Removed entity human from grid at 15, 4
Removed entity human from grid at 19, 9
Removed entity cow from grid at 34, 41
Added entity wolf at 4, 34
Added entity wolf at 45, 17
Added entity wolf at 26, 41
Removed entity human from grid at 38, 0
Added entity human at 13, 22
Removed entity human from grid at 20, 33
Added entity human at 9, 46
Added entity human at 23, 35
Removed entity human from grid at 8, 48
Added entity human at 29, 1
Removed entity house from grid at 40, 39
Removed entity human from grid at 29, 1
Removed entity human from grid at 23, 35
Removed entity human from grid at 3, 15
Added entity cow at 22, 4
Removed entity human from grid at 37, 11
Removed entity wolf from grid at 11, 1
Removed entity human from grid at 39, 23
Removed entity berry from grid at 25, 15
Removed entity berry from grid at 26, 6
Removed entity cow from grid at 43, 9
Removed entity human from grid at 33, 40
Added entity wolf at 41, 17
Added entity human at 36, 12
Added entity human at 16, 32
Removed entity human from grid at 2, 18
Added entity human at 6, 11
Added entity human at 34, 32
Removed entity house from grid at 35, 33
Added entity human at 33, 27
Added entity human at 33, 28
Removed entity house from grid at 34, 28
Removed entity human from grid at 33, 27
Removed entity human from grid at 34, 32
Removed entity human from grid at 6, 11
Removed entity human from grid at 16, 32
Removed entity human from grid at 36, 12
Added entity cow at 21, 3
Added entity cow at 46, 41
Removed entity wolf from grid at 17, 37
Added entity berry at 5, 47
Removed entity human from grid at 38, 19
Removed entity human from grid at 43, 43
Removed entity cow from grid at 33, 40
Removed entity human from grid at 33, 38
Added entity human at 9, 48
Added entity human at 40, 45
Added entity human at 15, 4
Added entity human at 15, 5
Removed entity house from grid at 16, 5
Removed entity house from grid at 20, 3
Removed entity house from grid at 46, 37
Added entity human at 40, 31
Added entity human at 40, 32
Removed entity house from grid at 41, 32
Removed entity human from grid at 15, 4
Removed entity human from grid at 9, 48
Added entity cow at 45, 40
Removed entity human from grid at 13, 23
Removed entity human from grid at 30, 44
Removed entity wolf from grid at 25, 43
Removed entity human from grid at 40, 12
Added entity wolf at 21, 48
Added entity human at 38, 13
Added entity human at 8, 13
Removed entity human from grid at 8, 13
Removed entity human from grid at 38, 13
Added entity cow at 44, 41
Removed entity human from grid at 42, 47
Added entity cow at 22, 2
Removed entity human from grid at 30, 27
Removed entity human from grid at 13, 29
Added entity wolf at 47, 3
Added entity wolf at 5, 45
Added entity wolf at 9, 1
Added entity wolf at 23, 45
Added entity human at 7, 23
Added entity human at 22, 27
Added entity human at 24, 24
Added entity human at 8, 15
Added entity human at 8, 17
Removed entity house from grid at 9, 16
Added entity human at 32, 43
Removed entity house from grid at 33, 44
Added entity human at 26, 24
Removed entity house from grid at 27, 25
Added entity human at 14, 9
Added entity human at 14, 10
Removed entity house from grid at 15, 10
Added entity human at 8, 18
Added entity human at 9, 16
Removed entity house from grid at 9, 17
Removed entity human from grid at 8, 18
Removed entity human from grid at 26, 24
Removed entity human from grid at 8, 15
Removed entity human from grid at 24, 24
Removed entity human from grid at 22, 27
Added entity cow at 23, 3
Removed entity cow from grid at 35, 37
Added entity wolf at 2, 24
Added entity wolf at 46, 1
Added entity wolf at 2, 0
Added entity wolf at 2, 9
Added entity human at 16, 20
Removed entity house from grid at 45, 37
Removed entity human from grid at 16, 20
Added entity cow at 24, 2
Removed entity human from grid at 39, 31
Removed entity human from grid at 37, 28
Removed entity wolf from grid at 14, 18
Removed entity wolf from grid at 15, 40
Added entity wolf at 0, 47
Added entity wolf at 47, 19
Removed entity wolf from grid at 47, 2
Added entity wolf at 16, 41
Removed entity human from grid at 40, 12
Added entity wolf at 49, 21
Added entity human at 39, 9
Added entity human at 18, 20
Added entity human at 32, 27
Added entity human at 29, 30
Added entity human at 7, 19
Added entity human at 7, 20
Removed entity house from grid at 8, 20
Added entity human at 35, 36
Added entity human at 35, 37
Removed entity house from grid at 36, 37
Added entity human at 16, 11
Removed entity house from grid at 17, 12
Added entity human at 22, 23
Removed entity house from grid at 23, 24
Removed entity human from grid at 7, 20
Removed entity human from grid at 29, 30
Removed entity human from grid at 32, 27
Removed entity human from grid at 39, 9
Removed entity cow from grid at 19, 2
Removed entity wolf from grid at 15, 41
Removed entity wolf from grid at 47, 10
Removed entity wolf from grid at 47, 2
Added entity wolf at 4, 27
Removed entity cow from grid at 36, 34
Added entity wolf at 17, 45
Added entity human at 15, 32
Added entity human at 20, 18
Removed entity house from grid at 32, 4
Added entity human at 44, 42
Removed entity house from grid at 45, 41
Removed entity human from grid at 44, 42
Removed entity human from grid at 20, 18
Removed entity human from grid at 21, 23
Removed entity wolf from grid at 13, 13
Removed entity human from grid at 31, 34
Added entity wolf at 24, 39
Added entity wolf at 26, 48
Added entity wolf at 15, 18
Added entity human at 31, 23
Added entity human at 37, 27
Added entity human at 5, 20
Added entity human at 38, 31
Removed entity house from grid at 39, 32
Removed entity house from grid at 38, 38
Removed entity human from grid at 37, 27
Removed entity human from grid at 31, 23
Removed entity human from grid at 32, 33
Added entity cow at 23, 1
Added entity cow at 45, 40
Removed entity wolf from grid at 14, 17
Removed entity wolf from grid at 15, 40
Removed entity wolf from grid at 24, 43
Removed entity wolf from grid at 25, 41
Added entity wolf at 30, 17
Added entity wolf at 6, 43
Added entity wolf at 24, 41
Removed entity wolf from grid at 46, 1
Removed entity human from grid at 13, 34
Added entity wolf at 3, 11
Added entity human at 13, 29
Added entity human at 39, 25
Added entity human at 39, 26
Removed entity house from grid at 40, 26
Removed entity human from grid at 39, 25
Added entity cow at 22, 0
Removed entity cow from grid at 39, 34
Removed entity wolf from grid at 11, 15
Removed entity wolf from grid at 12, 18
Removed entity wolf from grid at 14, 40
Removed entity wolf from grid at 24, 43
Removed entity wolf from grid at 12, 38
Added entity wolf at 25, 35
Removed entity wolf from grid at 46, 1
Added entity wolf at 25, 22
Removed entity wolf from grid at 46, 13
Added entity human at 33, 43
Added entity human at 33, 36
Added entity human at 13, 2
Added entity human at 13, 3
Removed entity house from grid at 14, 2
Added entity human at 38, 45
Removed entity house from grid at 39, 46
Removed entity human from grid at 33, 36
Removed entity wolf from grid at 34, 27
Removed entity wolf from grid at 13, 14
Removed entity wolf from grid at 46, 15
Removed entity wolf from grid at 15, 40
Added entity wolf at 3, 31
Added entity wolf at 45, 18
Added entity wolf at 47, 0
Added entity wolf at 9, 36
Added entity wolf at 19, 18
Removed entity human from grid at 12, 31
Added entity human at 11, 31
Added entity human at 33, 43
Removed entity human from grid at 33, 43
Removed entity human from grid at 11, 31
Removed entity human from grid at 35, 41
Removed entity wolf from grid at 14, 15
Removed entity wolf from grid at 45, 16
Removed entity wolf from grid at 26, 42
Added entity wolf at 45, 14
Added entity wolf at 42, 1
Added entity wolf at 3, 42
Added entity wolf at 46, 1
Removed entity wolf from grid at 45, 14
Added entity human at 40, 19
Added entity human at 31, 9
Added entity human at 32, 42
Removed entity house from grid at 43, 32
Added entity human at 25, 6
Removed entity house from grid at 26, 7
Removed entity human from grid at 25, 6
Removed entity human from grid at 32, 42
Removed entity human from grid at 31, 9
Removed entity human from grid at 40, 19
Added entity cow at 46, 39
Removed entity human from grid at 3, 20
Added entity wolf at 48, 4
Added entity wolf at 48, 1
Removed entity wolf from grid at 46, 1
Added entity wolf at 10, 48
Added entity wolf at 4, 11
Added entity wolf at 49, 12
Added entity wolf at 17, 18
Added entity human at 37, 21
Added entity human at 41, 25
Removed entity house from grid at 42, 26
Added entity human at 19, 5
Removed entity house from grid at 20, 5
Added entity human at 30, 13
Added entity human at 30, 14
Removed entity house from grid at 31, 14
Added entity human at 17, 9
Added entity human at 17, 10
Removed entity house from grid at 18, 10
Removed entity human from grid at 38, 46
Removed entity human from grid at 17, 25
Removed entity wolf from grid at 17, 16
Removed entity wolf from grid at 17, 42
Added entity wolf at 2, 44
Removed entity wolf from grid at 46, 1
Added entity wolf at 19, 18
Removed entity wolf from grid at 47, 16
Added entity human at 28, 14
Added entity human at 20, 20
Removed entity house from grid at 45, 35
Added entity human at 36, 24
Added entity human at 36, 25
Removed entity house from grid at 37, 24
Removed entity house from grid at 19, 25
Removed entity human from grid at 36, 24
Removed entity human from grid at 20, 20
Removed entity human from grid at 28, 14
Added entity cow at 47, 38
Removed entity wolf from grid at 27, 38
Removed entity wolf from grid at 18, 18
Added entity berry at 10, 48
Removed entity cow from grid at 44, 15
Removed entity wolf from grid at 48, 1
Added entity wolf at 48, 10
Added entity wolf at 42, 3
Removed entity cow from grid at 45, 15
Added entity human at 15, 30
Removed entity wolf from grid at 48, 16
Added entity human at 34, 19
Added entity human at 33, 6
Removed entity house from grid at 34, 7
Added entity human at 32, 30
Added entity human at 32, 31
Removed entity house from grid at 33, 31
Added entity human at 19, 20
Added entity human at 19, 21
Removed entity house from grid at 20, 21
Removed entity human from grid at 32, 30
Added entity cow at 48, 37
Removed entity human from grid at 37, 20
Removed entity wolf from grid at 6, 29
Removed entity wolf from grid at 31, 40
Removed entity wolf from grid at 18, 18
Removed entity cow from grid at 12, 15
Removed entity human from grid at 20, 1
Added entity wolf at 1, 33
Added entity wolf at 16, 45
Added entity wolf at 5, 2
Added entity wolf at 14, 48
Added entity wolf at 47, 14
Added entity tree at 21, 10
Removed entity wolf from grid at 46, 15
Added entity human at 24, 26
Added entity human at 17, 1
Added entity human at 17, 2
Removed entity house from grid at 18, 2
Removed entity human from grid at 17, 1
Removed entity human from grid at 24, 26
Added entity cow at 47, 36
Removed entity wolf from grid at 29, 34
Removed entity human from grid at 32, 6
Removed entity human from grid at 22, 20
Removed entity wolf from grid at 26, 15
Added entity wolf at 14, 38
Added entity wolf at 46, 11
Added entity human at 23, 13
Removed entity wolf from grid at 47, 14
Added entity human at 18, 5
Added entity human at 18, 31
Added entity human at 22, 24
Removed entity house from grid at 45, 31
Added entity human at 4, 11
Added entity human at 4, 12
Removed entity house from grid at 5, 12
Added entity human at 17, 22
Removed entity house from grid at 18, 23
Removed entity human from grid at 22, 24
Removed entity human from grid at 18, 31
Removed entity human from grid at 18, 5
Removed entity human from grid at 23, 13
Removed entity human from grid at 18, 1
Removed entity human from grid at 21, 20
Removed entity human from grid at 23, 3
Removed entity human from grid at 30, 27
Removed entity wolf from grid at 22, 15
Removed entity cow from grid at 18, 15
Removed entity wolf from grid at 18, 46
Removed entity wolf from grid at 46, 11
Added entity wolf at 9, 34
Added entity human at 11, 20
Added entity human at 42, 39
Added entity human at 42, 40
Removed entity house from grid at 43, 40
Added entity human at 33, 21
Added entity human at 33, 22
Removed entity house from grid at 34, 22
Added entity human at 42, 29
Removed entity house from grid at 43, 30
Added entity tree at 6, 38
Removed entity human from grid at 33, 22
Removed entity human from grid at 33, 21
Removed entity human from grid at 19, 22
Added entity cow at 48, 35
Removed entity human from grid at 35, 19
Removed entity wolf from grid at 22, 19
Removed entity human from grid at 35, 42
Added entity berry at 14, 11
Removed entity wolf from grid at 48, 10
Added entity wolf at 14, 40
Added entity wolf at 4, 0
Added entity wolf at 48, 1
Added entity wolf at 12, 2
Added entity tree at 4, 11
Added entity human at 38, 40
Removed entity human from grid at 38, 40
Removed entity human from grid at 41, 40
Removed entity human from grid at 9, 18
Removed entity human from grid at 33, 19
Removed entity human from grid at 46, 24
Removed entity wolf from grid at 46, 1
Added entity wolf at 49, 7
Added entity human at 29, 46
Added entity human at 35, 3
Added entity human at 30, 40
Added entity human at 27, 3
Removed entity human from grid at 27, 3
Removed entity human from grid at 35, 3
Added entity cow at 49, 34
Removed entity human from grid at 41, 40
Removed entity human from grid at 25, 19
Added entity wolf at 4, 44
Removed entity wolf from grid at 48, 1
Added entity human at 43, 23
Added entity human at 43, 24
Removed entity house from grid at 44, 24
Removed entity human from grid at 24, 20
Removed entity human from grid at 25, 21
Removed entity wolf from grid at 39, 43
Added entity wolf at 46, 13
Added entity wolf at 48, 6
Removed entity human from grid at 28, 32
Added entity human at 28, 26
Added entity human at 37, 46
Added entity human at 18, 31
Added entity human at 38, 23
Added entity human at 38, 24
Removed entity house from grid at 39, 24
Added entity human at 20, 24
Removed entity house from grid at 21, 25
Added entity human at 42, 47
Added entity human at 42, 49
Removed entity house from grid at 42, 48
Added entity human at 9, 11
Added entity human at 9, 12
Removed entity house from grid at 10, 12
Added entity human at 33, 34
Added entity human at 33, 35
Removed entity house from grid at 34, 35
Added entity human at 38, 41
Added entity human at 38, 42
Removed entity house from grid at 39, 41
Removed entity cow from grid at 41, 48
Removed entity cow from grid at 43, 47
Removed entity human from grid at 28, 26
Removed entity human from grid at 25, 19
Removed entity human from grid at 31, 15
Removed entity wolf from grid at 33, 27
Removed entity cow from grid at 18, 9
Removed entity berry from grid at 15, 13
Added entity wolf at 31, 42
Added entity wolf at 15, 39
Added entity human at 15, 25
Added entity human at 28, 34
Added entity human at 21, 31
Added entity human at 22, 31
Added entity human at 34, 19
Added entity human at 35, 34
Removed entity house from grid at 34, 0
Added entity human at 2, 13
Added entity human at 2, 14
Removed entity house from grid at 3, 14
Removed entity wolf from grid at 48, 23
Removed entity wolf from grid at 15, 37
Removed entity human from grid at 24, 20
Removed entity wolf from grid at 27, 16
Removed entity wolf from grid at 7, 30
Removed entity wolf from grid at 5, 9
Added entity wolf at 45, 11
Added entity wolf at 32, 17
Added entity wolf at 2, 23
Added entity wolf at 10, 36
Added entity human at 35, 21
Added entity human at 20, 20
Added entity human at 32, 42
Added entity human at 32, 10
Removed entity human from grid at 27, 47
Removed entity human from grid at 32, 10
Removed entity human from grid at 32, 42
Removed entity human from grid at 35, 21
Removed entity wolf from grid at 1, 14
Removed entity human from grid at 34, 47
Removed entity wolf from grid at 14, 38
Removed entity cow from grid at 16, 22
Removed entity wolf from grid at 46, 11
Removed entity wolf from grid at 47, 14
Added entity wolf at 47, 18
Added entity wolf at 26, 43
Added entity wolf at 48, 10
Removed entity wolf from grid at 46, 15
Added entity human at 27, 30
Removed entity house from grid at 28, 31
Removed entity house from grid at 45, 33
Removed entity house from grid at 30, 3
Removed entity house from grid at 45, 29
Removed entity human from grid at 2, 16
Removed entity wolf from grid at 0, 13
Removed entity human from grid at 33, 19
Removed entity human from grid at 34, 23
Removed entity human from grid at 19, 32
Removed entity human from grid at 30, 43
Removed entity wolf from grid at 29, 22
Removed entity wolf from grid at 47, 18
Removed entity human from grid at 25, 21
Added entity human at 31, 26
Removed entity wolf from grid at 48, 10
Added entity wolf at 4, 36
Removed entity wolf from grid at 48, 3
Added entity wolf at 48, 7
Added entity wolf at 21, 17
Added entity human at 23, 13
Added entity human at 33, 36
Added entity human at 33, 38
Removed entity human from grid at 16, 21
Added entity human at 27, 1
Added entity human at 27, 2
Removed entity house from grid at 28, 2
Removed entity human from grid at 23, 13
Removed entity wolf from grid at 2, 13
Removed entity human from grid at 31, 38
Removed entity wolf from grid at 3, 8
Removed entity wolf from grid at 16, 40
Removed entity human from grid at 21, 6
Removed entity wolf from grid at 15, 44
Added entity wolf at 13, 49
Added entity human at 13, 11
Added entity human at 26, 36
Added entity human at 10, 6
Added entity human at 11, 5
Removed entity house from grid at 11, 6
Added entity human at 1, 16
Added entity human at 1, 17
Removed entity house from grid at 2, 17
Removed entity human from grid at 11, 5
Removed entity human from grid at 26, 36
Removed entity human from grid at 26, 2
Removed entity wolf from grid at 4, 7
Removed entity wolf from grid at 15, 39
Removed entity wolf from grid at 26, 17
Added entity wolf at 42, 1
Added entity human at 20, 28
Removed entity house from grid at 47, 39
Removed entity human from grid at 26, 2
Removed entity human from grid at 32, 38
Removed entity human from grid at 21, 20
Removed entity wolf from grid at 28, 39
Removed entity wolf from grid at 3, 8
Removed entity wolf from grid at 24, 15
Removed entity wolf from grid at 12, 0
Removed entity wolf from grid at 15, 44
Removed entity wolf from grid at 8, 0
Removed entity wolf from grid at 21, 41
Added entity wolf at 46, 13
Removed entity wolf from grid at 48, 9
Added entity wolf at 30, 43
Added entity wolf at 48, 9
Added entity wolf at 24, 34
Removed entity wolf from grid at 46, 13
Removed entity wolf from grid at 30, 43
Added entity wolf at 23, 43
Added entity wolf at 26, 33
Removed entity wolf from grid at 48, 9
Added entity human at 20, 14
Added entity human at 30, 36
Added entity human at 5, 24
Added entity human at 15, 34
Added entity tree at 18, 6
Removed entity house from grid at 34, 2
Removed entity human from grid at 15, 34
Removed entity human from grid at 5, 24
Removed entity human from grid at 30, 36
Removed entity human from grid at 22, 30
Removed entity human from grid at 18, 28
Removed entity wolf from grid at 3, 7
Added entity cow at 23, 2
Removed entity wolf from grid at 3, 9
Removed entity wolf from grid at 22, 41
Added entity wolf at 4, 48
Added entity wolf at 9, 39
Added entity wolf at 26, 43
Added entity human at 40, 41
Added entity human at 33, 37
Added entity human at 33, 38
Removed entity house from grid at 34, 38
Removed entity human from grid at 4, 14
Removed entity human from grid at 25, 24
Added entity cow at 48, 33
Removed entity cow from grid at 33, 44
Removed entity wolf from grid at 8, 36
Added entity wolf at 23, 42
Added entity wolf at 2, 34
Added entity wolf at 22, 0
Added entity human at 8, 13
Added entity human at 24, 29
Added entity human at 34, 17
Added entity human at 11, 5
Added entity human at 5, 20
Added entity human at 5, 21
Removed entity house from grid at 6, 21
Added entity human at 6, 11
Added entity human at 6, 13
Removed entity house from grid at 7, 12
Removed entity human from grid at 11, 5
Removed entity human from grid at 24, 29
Removed entity human from grid at 8, 13
Added entity cow at 47, 32
Added entity cow at 24, 3
Removed entity human from grid at 22, 12
Removed entity wolf from grid at 26, 42
Removed entity human from grid at 27, 36
Removed entity wolf from grid at 2, 6
Removed entity human from grid at 18, 26
Removed entity wolf from grid at 6, 1
Removed entity wolf from grid at 9, 35
Added entity wolf at 2, 23
Added entity wolf at 5, 2
Added entity wolf at 47, 0
Added entity wolf at 10, 0
Added entity wolf at 24, 33
Added entity wolf at 3, 9
Added entity wolf at 8, 33
Added entity wolf at 42, 17
Added entity wolf at 15, 18
Removed entity human from grid at 7, 22
Added entity human at 13, 20
Removed entity human from grid at 13, 20
Added entity cow at 46, 31
Removed entity wolf from grid at 33, 15
Removed entity wolf from grid at 4, 1
Removed entity wolf from grid at 1, 11
Removed entity wolf from grid at 7, 34
Removed entity wolf from grid at 2, 9
Removed entity wolf from grid at 10, 0
Removed entity wolf from grid at 23, 42
Added entity wolf at 4, 46
Added entity wolf at 19, 48
Added entity human at 4, 14
Added entity human at 39, 21
Removed entity human from grid at 39, 21
Added entity cow at 47, 30
Removed entity wolf from grid at 28, 32
Removed entity wolf from grid at 3, 0
Removed entity wolf from grid at 17, 46
Removed entity wolf from grid at 6, 1
Added entity wolf at 25, 31
Added entity wolf at 31, 35
Added entity wolf at 7, 34
Added entity wolf at 13, 0
Removed entity wolf from grid at 49, 7
Added entity human at 39, 2
Added entity human at 18, 20
Added entity human at 40, 21
Removed entity human from grid at 18, 20
Removed entity human from grid at 39, 2
Added entity cow at 46, 29
Removed entity human from grid at 5, 12
Removed entity wolf from grid at 30, 33
Removed entity wolf from grid at 3, 0
Removed entity cow from grid at 15, 9
Removed entity wolf from grid at 26, 33
Removed entity human from grid at 24, 29
Removed entity human from grid at 21, 30
Removed entity wolf from grid at 7, 33
Added entity wolf at 29, 42
Added entity wolf at 24, 34
Added entity human at 16, 34
Added entity human at 14, 26
Removed entity wolf from grid at 44, 14
Removed entity human from grid at 16, 34
Added entity cow at 47, 28
Removed entity wolf from grid at 27, 33
Removed entity wolf from grid at 28, 8
Added entity wolf at 44, 10
Removed entity wolf from grid at 7, 37
Added entity wolf at 26, 43
Added entity human at 28, 26
Added entity human at 24, 11
Added entity human at 42, 6
Added entity human at 3, 20
Removed entity human from grid at 42, 6
Removed entity human from grid at 24, 11
Removed entity human from grid at 28, 26
Added entity cow at 46, 27
Removed entity wolf from grid at 1, 14
Removed entity wolf from grid at 2, 0
Removed entity wolf from grid at 24, 35
Removed entity human from grid at 35, 14
Removed entity wolf from grid at 3, 8
Removed entity wolf from grid at 28, 43
Added entity wolf at 46, 1
Added entity human at 16, 20
Added entity human at 20, 12
Added entity human at 12, 26
Added entity human at 27, 19
Added entity human at 31, 21
Added entity human at 21, 12
Added entity human at 5, 22
Added entity human at 4, 13
Added entity human at 4, 14
Removed entity house from grid at 5, 14
Removed entity human from grid at 5, 22
Removed entity human from grid at 21, 12
Added entity cow at 47, 26
Removed entity wolf from grid at 2, 1
Removed entity human from grid at 13, 12
Removed entity wolf from grid at 1, 9
Removed entity wolf from grid at 4, 34
Removed entity wolf from grid at 31, 9
Removed entity wolf from grid at 15, 44
Removed entity wolf from grid at 47, 11
Added entity wolf at 22, 44
Added entity wolf at 29, 33
Added entity wolf at 49, 9
Added entity wolf at 49, 12
Added entity human at 24, 11
Added entity human at 18, 9
Added entity human at 37, 21
Added entity human at 37, 22
Removed entity house from grid at 38, 22
Removed entity human from grid at 18, 9
Removed entity human from grid at 29, 23
Removed entity human from grid at 20, 13
Added entity berry at 46, 32
Removed entity human from grid at 3, 21
Removed entity wolf from grid at 2, 1
Removed entity wolf from grid at 1, 9
Removed entity wolf from grid at 5, 36
Removed entity wolf from grid at 3, 8
Added entity human at 33, 26
Added entity wolf at 4, 0
Added entity human at 19, 35
Added entity human at 26, 28
Removed entity cow from grid at 39, 19
Added entity human at 20, 7
Added entity human at 16, 31
Removed entity human from grid at 16, 31
Removed entity human from grid at 20, 7
Removed entity human from grid at 26, 28
Removed entity human from grid at 19, 35
Added entity cow at 48, 25
Removed entity human from grid at 17, 23
Added entity cow at 23, 4
Removed entity human from grid at 32, 9
Removed entity wolf from grid at 4, 1
Removed entity wolf from grid at 4, 36
Removed entity wolf from grid at 24, 30
Removed entity human from grid at 32, 7
Removed entity wolf from grid at 3, 31
Removed entity wolf from grid at 49, 9
Removed entity wolf from grid at 6, 36
Removed entity human from grid at 13, 32
Added entity wolf at 4, 28
Added entity wolf at 3, 9
Added entity human at 9, 20
Added entity human at 27, 48
Added entity cow at 44, 33
Added entity human at 21, 35
Added entity human at 30, 44
Added entity human at 28, 28
Added entity human at 32, 29
Removed entity human from grid at 32, 29
Removed entity human from grid at 28, 28
Removed entity human from grid at 21, 35
Added entity cow at 43, 34
Added entity cow at 22, 3
Removed entity human from grid at 24, 12
Removed entity wolf from grid at 0, 9
Removed entity wolf from grid at 18, 43
Removed entity wolf from grid at 4, 32
Removed entity wolf from grid at 17, 45
Removed entity wolf from grid at 22, 41
Added entity wolf at 0, 35
Added entity wolf at 48, 18
Added entity wolf at 46, 15
Added entity wolf at 24, 47
Added entity human at 22, 32
Added entity human at 21, 20
Added entity human at 5, 22
Added entity human at 15, 30
Added entity human at 16, 28
Added entity human at 9, 3
Added entity human at 11, 5
Removed entity house from grid at 10, 4
Added entity cow at 46, 33
Added entity cow at 45, 32
Removed entity human from grid at 15, 30
Removed entity human from grid at 22, 32
Added entity cow at 42, 33
Removed entity human from grid at 17, 18
Removed entity wolf from grid at 30, 35
Removed entity wolf from grid at 3, 36
Removed entity wolf from grid at 34, 6
Removed entity wolf from grid at 45, 14
Removed entity human from grid at 32, 5
Removed entity cow from grid at 19, 1
Removed entity wolf from grid at 3, 37
Added entity wolf at 38, 44
Removed entity wolf from grid at 46, 5
Added entity human at 11, 20
Added entity human at 13, 23
Added entity human at 7, 23
Removed entity berry from grid at 46, 32
Added entity human at 23, 6
Added entity human at 15, 26
Added entity human at 3, 18
Added entity human at 3, 20
Removed entity house from grid at 4, 19
Added entity human at 35, 38
Added entity human at 35, 39
Removed entity house from grid at 36, 39
Removed entity human from grid at 23, 6
Removed entity human from grid at 7, 23
Added entity cow at 43, 32
Added entity cow at 46, 31
Added entity cow at 49, 24
Removed entity wolf from grid at 3, 31
Removed entity wolf from grid at 0, 6
Added entity wolf at 3, 42
Added entity wolf at 20, 43
Added entity wolf at 20, 18
Added entity human at 15, 23
Removed entity human from grid at 15, 23
Added entity cow at 42, 31
Removed entity wolf from grid at 10, 2
Added entity cow at 23, 2
Removed entity wolf from grid at 22, 16
Removed entity human from grid at 19, 1
Added entity wolf at 5, 36
Removed entity human from grid at 28, 44
Added entity wolf at 5, 45
Added entity human at 26, 12
Added entity human at 15, 11
Added entity human at 15, 28
Added entity human at 7, 42
Added entity human at 6, 19
Added entity human at 20, 26
Removed entity house from grid at 21, 27
Removed entity human from grid at 8, 44
Removed entity human from grid at 15, 11
Added entity cow at 24, 1
Added entity cow at 47, 30
Removed entity human from grid at 15, 25
Removed entity human from grid at 17, 25
Removed entity wolf from grid at 20, 41
Removed entity wolf from grid at 4, 33
Removed entity wolf from grid at 15, 44
Removed entity wolf from grid at 26, 42
Removed entity wolf from grid at 47, 2
Added entity wolf at 25, 39
Removed entity wolf from grid at 3, 36
Added entity wolf at 0, 32
Added entity human at 24, 34
Added entity human at 31, 34
Added entity human at 38, 16
Added entity human at 46, 24
Added entity human at 22, 29
Added entity human at 26, 10
Added entity human at 3, 22
Added entity human at 4, 20
Removed entity house from grid at 4, 21
Added entity human at 13, 4
Added entity human at 13, 5
Removed entity house from grid at 14, 5
Added entity human at 30, 27
Added entity human at 30, 28
Removed entity house from grid at 31, 28
Removed entity cow from grid at 31, 29
Removed entity cow from grid at 26, 11
Removed entity human from grid at 46, 24
Removed entity cow from grid at 37, 15
Removed entity human from grid at 31, 34
Removed entity human from grid at 24, 34
Added entity cow at 43, 30
Removed entity cow from grid at 37, 39
Removed entity cow from grid at 35, 23
Removed entity cow from grid at 14, 17
Removed entity human from grid at 38, 46
Removed entity wolf from grid at 2, 6
Removed entity human from grid at 30, 3
Removed entity wolf from grid at 49, 18
Removed entity wolf from grid at 14, 16
Removed entity wolf from grid at 45, 2
Removed entity berry from grid at 18, 17
Added entity wolf at 25, 43
Added entity wolf at 0, 2
Added entity wolf at 2, 9
Added entity wolf at 26, 39
Added entity human at 40, 43
Added entity human at 32, 42
Added entity human at 28, 12
Added entity human at 35, 27
Added entity human at 31, 7
Added entity human at 32, 5
Removed entity house from grid at 31, 6
Removed entity human from grid at 40, 43
Removed entity wolf from grid at 4, 44
Removed entity cow from grid at 35, 41
Removed entity cow from grid at 37, 39
Removed entity cow from grid at 18, 17
Removed entity wolf from grid at 3, 6
Removed entity wolf from grid at 26, 42
Removed entity wolf from grid at 26, 43
Removed entity wolf from grid at 47, 18
Removed entity cow from grid at 30, 5
Removed entity wolf from grid at 7, 4
Removed entity wolf from grid at 25, 43
Added entity wolf at 24, 39
Added entity wolf at 30, 17
Added entity wolf at 1, 42
Added entity wolf at 4, 42
Added entity wolf at 15, 44
Removed entity wolf from grid at 49, 2
Added entity human at 37, 35
Removed entity human from grid at 29, 5
Removed entity cow from grid at 38, 25
Added entity cow at 42, 29
Removed entity human from grid at 26, 9
Removed entity human from grid at 36, 18
Removed entity cow from grid at 22, 13
Removed entity cow from grid at 35, 41
Removed entity cow from grid at 37, 40
Removed entity wolf from grid at 0, 8
Removed entity wolf from grid at 16, 45
Removed entity cow from grid at 37, 12
Added entity wolf at 2, 3
Added entity wolf at 21, 44
Added entity wolf at 16, 16
Added entity human at 14, 27
Added entity human at 30, 29
Removed entity human from grid at 30, 3
Removed entity cow from grid at 37, 26
Removed entity human from grid at 28, 11
Removed entity cow from grid at 26, 24
Removed entity cow from grid at 35, 41
Removed entity wolf from grid at 1, 25
Removed entity cow from grid at 44, 17
Removed entity wolf from grid at 16, 15
Removed entity wolf from grid at 23, 39
Removed entity wolf from grid at 13, 46
Removed entity wolf from grid at 3, 29
Removed entity cow from grid at 31, 11
Added entity wolf at 45, 6
Added entity wolf at 14, 40
Added entity wolf at 26, 33
Added entity wolf at 25, 43
Added entity human at 29, 9
Added entity human at 28, 17
Added entity human at 7, 44
Added entity human at 32, 8
Added entity human at 32, 10
Removed entity house from grid at 33, 9
Added entity human at 6, 17
Removed entity house from grid at 7, 18
Removed entity cow from grid at 32, 9
Removed entity human from grid at 7, 44
Removed entity human from grid at 28, 17
Removed entity cow from grid at 39, 32
Removed entity cow from grid at 26, 22
Removed entity human from grid at 22, 26
Removed entity cow from grid at 36, 41
Removed entity wolf from grid at 3, 5
Removed entity cow from grid at 49, 20
Added entity wolf at 14, 38
Added entity wolf at 44, 0
Added entity wolf at 4, 32
Added entity wolf at 47, 19
Added entity cow at 43, 30
Removed entity cow from grid at 40, 32
Removed entity cow from grid at 38, 24
Removed entity human from grid at 22, 30
Added entity cow at 48, 31
Added entity cow at 23, 2
Removed entity cow from grid at 21, 11
Removed entity cow from grid at 36, 41
Removed entity wolf from grid at 4, 35
Removed entity wolf from grid at 26, 43
Removed entity cow from grid at 39, 19
Removed entity wolf from grid at 48, 19
Removed entity cow from grid at 49, 21
Removed entity cow from grid at 30, 2
Added entity wolf at 43, 4
Added entity wolf at 16, 45
Added entity wolf at 8, 0
Added entity human at 6, 14
Added entity human at 27, 48
Added entity human at 21, 33
Added entity human at 30, 15
Added entity human at 18, 11
Added entity human at 19, 22
Added entity human at 19, 23
Removed entity house from grid at 20, 23
Added entity human at 19, 11
Added entity human at 20, 10
Removed entity house from grid at 20, 11
Removed entity human from grid at 30, 15
Removed entity human from grid at 21, 33
Removed entity cow from grid at 32, 12
Removed entity cow from grid at 34, 41
Removed entity wolf from grid at 1, 27
Removed entity cow from grid at 44, 20
Removed entity wolf from grid at 20, 43
Added entity wolf at 18, 41
Added entity wolf at 12, 42
Added entity wolf at 13, 47
Added entity human at 38, 12
Removed entity human from grid at 8, 23
Added entity human at 35, 19
Added entity human at 9, 46
Removed entity human from grid at 36, 25
Added entity human at 33, 39
Removed entity human from grid at 9, 46
Added entity cow at 24, 3
Added entity cow at 47, 30
Removed entity human from grid at 30, 9
Removed entity cow from grid at 19, 2
Added entity cow at 48, 25
Removed entity human from grid at 35, 40
Removed entity wolf from grid at 2, 27
Removed entity wolf from grid at 16, 43
Removed entity wolf from grid at 28, 1
Removed entity wolf from grid at 0, 26
Added entity wolf at 0, 45
Removed entity wolf from grid at 45, 3
Added entity wolf at 16, 43
Removed entity wolf from grid at 47, 2
Added entity wolf at 44, 17
Added entity wolf at 23, 21
Added entity human at 19, 35
Added entity human at 16, 34
Removed entity human from grid at 22, 22
Added entity human at 37, 21
Added entity human at 18, 26
Removed entity house from grid at 19, 27
Removed entity house from grid at 38, 36
Removed entity human from grid at 37, 21
Removed entity human from grid at 16, 34
Removed entity human from grid at 19, 35
Added entity cow at 48, 29
Removed entity cow from grid at 32, 12
Removed entity wolf from grid at 26, 30
Removed entity cow from grid at 30, 19
Removed entity cow from grid at 28, 20
Removed entity human from grid at 22, 8
Removed entity human from grid at 35, 48
Removed entity cow from grid at 25, 9
Removed entity wolf from grid at 18, 41
Removed entity human from grid at 28, 11
Removed entity wolf from grid at 44, 2
Added entity wolf at 45, 16
Added entity wolf at 22, 44
Added entity human at 9, 20
Added entity human at 15, 22
Added entity human at 36, 1
Added entity human at 9, 48
Added entity human at 40, 13
Added entity human at 26, 26
Added entity human at 36, 41
Added entity human at 36, 42
Removed entity house from grid at 37, 42
Added entity human at 33, 39
Added entity human at 33, 40
Removed entity house from grid at 34, 40
Removed entity human from grid at 40, 13
Removed entity human from grid at 9, 48
Added entity cow at 49, 28
Added entity cow at 23, 4
Removed entity human from grid at 34, 19
Removed entity wolf from grid at 23, 21
Removed entity human from grid at 27, 49
Added entity cow at 44, 31
Removed entity human from grid at 28, 5
Removed entity cow from grid at 31, 18
Removed entity cow from grid at 20, 1
Removed entity cow from grid at 25, 24
Removed entity cow from grid at 38, 40
Removed entity human from grid at 32, 43
Removed entity cow from grid at 49, 23
Removed entity human from grid at 4, 12
Removed entity cow from grid at 29, 0
Added entity human at 34, 48
Added entity wolf at 25, 35
Removed entity human from grid at 36, 13
Added entity wolf at 47, 2
Added entity wolf at 46, 13
Added entity wolf at 16, 16
Added entity wolf at 49, 16
Removed entity human from grid at 27, 47
Added entity human at 12, 27
Added entity human at 24, 25
Added entity human at 24, 26
Removed entity house from grid at 25, 25
Added entity human at 33, 25
Removed entity house from grid at 34, 26
Removed entity human from grid at 33, 25
Removed entity human from grid at 34, 48
Removed entity cow from grid at 36, 38
Removed entity human from grid at 36, 14
Removed entity human from grid at 18, 11
Removed entity wolf from grid at 0, 38
Removed entity human from grid at 40, 42
Removed entity wolf from grid at 29, 18
Removed entity human from grid at 14, 20
Removed entity wolf from grid at 17, 42
Removed entity wolf from grid at 23, 43
Added entity wolf at 46, 10
Added entity wolf at 45, 2
Added entity wolf at 15, 38
Removed entity wolf from grid at 45, 2
Added entity wolf at 2, 27
Added entity wolf at 25, 31
Added entity wolf at 20, 43
Added entity wolf at 23, 45
Removed entity wolf from grid at 48, 3
Added entity human at 23, 48
Removed entity human from grid at 23, 48
Added entity cow at 45, 30
Added entity cow at 22, 5
Removed entity wolf from grid at 39, 45
Removed entity human from grid at 35, 3
Added entity cow at 47, 26
Removed entity human from grid at 23, 5
Removed entity human from grid at 25, 28
Removed entity wolf from grid at 1, 39
Removed entity wolf from grid at 3, 29
Removed entity human from grid at 18, 13
Removed entity wolf from grid at 24, 44
Removed entity wolf from grid at 28, 2
Added entity wolf at 44, 14
Added entity wolf at 23, 40
Added entity wolf at 3, 46
Added entity wolf at 14, 42
Added entity wolf at 46, 5
Added entity wolf at 13, 40
Removed entity wolf from grid at 49, 3
Added entity human at 16, 22
Added entity human at 38, 16
Added entity human at 42, 8
Added entity human at 36, 13
Removed entity house from grid at 25, 4
Removed entity human from grid at 42, 8
Removed entity human from grid at 38, 16
Added entity cow at 21, 6
Added entity cow at 46, 31
Removed entity human from grid at 12, 28
Removed entity human from grid at 13, 22
Removed entity wolf from grid at 20, 1
Removed entity wolf from grid at 0, 37
Removed entity wolf from grid at 12, 3
Removed entity wolf from grid at 1, 27
Removed entity wolf from grid at 45, 17
Removed entity wolf from grid at 2, 0
Added entity wolf at 49, 7
Added entity wolf at 4, 33
Removed entity wolf from grid at 48, 3
Removed entity house from grid at 41, 30
Added entity human at 18, 10
Added entity human at 18, 11
Removed entity house from grid at 19, 10
Added entity cow at 20, 7
Added entity cow at 48, 27
Removed entity cow from grid at 38, 37
Removed entity wolf from grid at 8, 5
Removed entity cow from grid at 38, 46
Removed entity cow from grid at 25, 14
Removed entity wolf from grid at 1, 39
Removed entity wolf from grid at 10, 1
Removed entity cow from grid at 21, 3
Removed entity cow from grid at 27, 4
Removed entity wolf from grid at 46, 15
Removed entity wolf from grid at 17, 41
Removed entity wolf from grid at 22, 42
Removed entity cow from grid at 28, 1
Added entity human at 28, 26
Added entity wolf at 9, 31
Added entity wolf at 47, 0
Added entity wolf at 43, 3
Added entity wolf at 4, 28
Added entity wolf at 47, 15
Added entity human at 35, 17
Added entity human at 35, 27
Added entity cow at 47, 28
Removed entity cow from grid at 35, 13
Removed entity human from grid at 17, 20
Removed entity cow from grid at 26, 18
Removed entity human from grid at 11, 18
Removed entity wolf from grid at 20, 41
Removed entity cow from grid at 47, 21
Removed entity cow from grid at 23, 4
Removed entity cow from grid at 27, 1
Removed entity wolf from grid at 17, 45
Removed entity wolf from grid at 44, 0
Added entity wolf at 26, 42
Added entity wolf at 7, 32
Added entity wolf at 0, 2
Added entity wolf at 16, 41
Added entity wolf at 47, 2
Added entity wolf at 14, 16
Removed entity wolf from grid at 47, 2
Added entity human at 13, 18
Added entity human at 23, 48
Added entity human at 15, 34
Removed entity human from grid at 15, 34
Removed entity human from grid at 23, 48
Removed entity human from grid at 13, 18
Removed entity human from grid at 36, 17
Removed entity cow from grid at 20, 7
Removed entity cow from grid at 38, 46
Removed entity cow from grid at 26, 12
Added entity human at 24, 18
Removed entity wolf from grid at 23, 1
Removed entity tree from grid at 26, 19
Removed entity wolf from grid at 23, 39
Removed entity wolf from grid at 47, 15
Added entity wolf at 12, 40
Added entity wolf at 2, 1
Removed entity wolf from grid at 49, 2
Added entity tree at 29, 49
Added entity human at 25, 24
Added entity human at 35, 27
Removed entity house from grid at 36, 28
Added entity tree at 4, 34
Removed entity human from grid at 25, 24
Added entity human at 25, 19
Added entity house at 37, 31
Added entity human at 22, 9
Removed entity tree from grid at 20, 6
Added entity cow at 45, 32
Removed entity wolf from grid at 26, 28
Removed entity wolf from grid at 16, 14
Removed entity wolf from grid at 25, 38
Added entity wolf at 23, 45
Added entity wolf at 47, 3
Added entity wolf at 11, 38
Added entity human at 13, 29
Added entity human at 16, 31
Added entity human at 17, 29
Removed entity house from grid at 17, 30
Added entity human at 23, 3
Added entity human at 23, 4
Removed entity house from grid at 24, 4
Removed entity cow from grid at 22, 4
Removed entity human from grid at 13, 29
Removed entity tree from grid at 21, 10
Added entity cow at 48, 29
Removed entity tree from grid at 39, 37
Removed entity tree from grid at 18, 3
Removed entity wolf from grid at 3, 29
Removed entity wolf from grid at 15, 37
Added entity berry at 39, 43
Added entity wolf at 24, 41
Added entity human at 37, 11
Added entity human at 13, 29
Added entity human at 33, 43
Removed entity human from grid at 15, 31
Removed entity cow from grid at 21, 6
Added entity house at 39, 38
Added entity human at 37, 38
Removed entity tree from grid at 36, 40
Removed entity human from grid at 27, 9
Removed entity human from grid at 33, 42
Removed entity wolf from grid at 15, 38
Removed entity cow from grid at 42, 43
Removed entity wolf from grid at 48, 17
Added entity wolf at 46, 11
Added entity human at 35, 21
Added entity human at 29, 9
Added entity human at 25, 5
Added entity human at 30, 40
Added entity human at 30, 41
Removed entity house from grid at 31, 41
Added entity human at 14, 28
Added entity human at 14, 29
Removed entity house from grid at 15, 29
Removed entity house from grid at 35, 12
Added entity human at 35, 25
Added entity human at 35, 26
Removed entity house from grid at 36, 26
Added entity human at 44, 42
Removed entity house from grid at 45, 43
Removed entity human from grid at 12, 29
Removed entity human from grid at 39, 9
Added entity cow at 47, 30
Added entity cow at 46, 33
Added entity human at 24, 20
Removed entity tree from grid at 41, 38
Added entity human at 38, 37
Added entity house at 19, 25
Added entity human at 21, 20
Removed entity wolf from grid at 27, 39
Removed entity wolf from grid at 8, 1
Added entity wolf at 1, 26
Added entity wolf at 25, 39
Added entity human at 17, 24
Added entity human at 10, 15
Added entity human at 40, 21
Added entity human at 30, 33
Added entity human at 34, 17
Added entity human at 34, 19
Removed entity house from grid at 35, 18
Removed entity human from grid at 30, 33
Removed entity human from grid at 10, 15
Added entity human at 25, 19
Removed entity human from grid at 13, 30
Removed entity cow from grid at 41, 34
Removed entity tree from grid at 20, 9
Removed entity cow from grid at 27, 7
Removed entity tree from grid at 21, 24
Removed entity human from grid at 21, 9
Removed entity human from grid at 22, 41
Added entity house at 31, 7
Added entity berry at 41, 45
Added entity wolf at 44, 11
Added entity wolf at 31, 42
Added entity wolf at 5, 28
Added entity wolf at 23, 22
Removed entity house from grid at 32, 2
Added entity human at 13, 24
Added entity human at 13, 25
Removed entity house from grid at 14, 25
Added entity human at 34, 5
Removed entity house from grid at 35, 5
Added entity tree at 33, 4
Added entity tree at 12, 23
Added entity house at 34, 21
Added entity human at 41, 24
Added entity human at 39, 36
Removed entity human from grid at 36, 46
Added entity human at 24, 4
Added entity human at 31, 26
Removed entity tree from grid at 41, 36
Removed entity wolf from grid at 17, 16
Removed entity cow from grid at 21, 9
Removed entity cow from grid at 41, 37
Removed entity human from grid at 20, 25
Added entity human at 40, 22
Removed entity wolf from grid at 16, 39
Added entity wolf at 29, 41
Added entity wolf at 21, 44
Added entity wolf at 15, 18
Added entity human at 39, 21
Added entity human at 22, 28
Removed entity house from grid at 34, 4
Added entity human at 40, 21
Removed entity house from grid at 41, 22
Added entity human at 22, 29
Added entity human at 23, 29
Removed entity house from grid at 23, 28
Added entity human at 45, 42
Removed entity house from grid at 46, 43
Added entity tree at 46, 41
Removed entity human from grid at 22, 29
Removed entity human from grid at 22, 28
Removed entity human from grid at 31, 26
Removed entity human from grid at 42, 25
Removed entity human from grid at 13, 24
Removed entity wolf from grid at 25, 20
Added entity cow at 46, 31
Removed entity human from grid at 40, 37
Removed entity human from grid at 39, 37
Removed entity tree from grid at 19, 7
Removed entity cow from grid at 23, 4
Removed entity cow from grid at 38, 22
Added entity house at 40, 34
Removed entity cow from grid at 18, 4
Added entity wolf at 44, 4
Added entity wolf at 1, 49
Added entity wolf at 38, 43
Added entity human at 17, 1
Added entity human at 12, 29
Added entity human at 30, 45
Added entity human at 30, 30
Added entity human at 28, 17
Added entity human at 7, 44
Added entity human at 8, 44
Removed entity house from grid at 8, 43
Added entity human at 22, 26
Added entity human at 22, 27
Removed entity house from grid at 23, 27
Added entity human at 30, 32
Added entity human at 30, 33
Removed entity house from grid at 31, 32
Added entity human at 35, 32
Removed entity house from grid at 36, 33
Removed entity human from grid at 17, 1
Added entity cow at 45, 32
Removed entity human from grid at 15, 26
Removed entity wolf from grid at 17, 16
Removed entity wolf from grid at 7, 0
Removed entity wolf from grid at 27, 39
Removed entity wolf from grid at 3, 3
Removed entity human from grid at 11, 27
Removed entity cow from grid at 33, 6
Added entity wolf at 46, 10
Added entity wolf at 0, 34
Added entity human at 22, 18
Added entity human at 26, 10
Added entity human at 26, 11
Removed entity house from grid at 27, 11
Added entity tree at 27, 10
Removed entity tree from grid at 27, 10
Added entity cow at 44, 31
Removed entity tree from grid at 10, 29
Removed entity human from grid at 42, 19
Removed entity human from grid at 20, 7
Removed entity cow from grid at 39, 41
Removed entity human from grid at 39, 39
Removed entity tree from grid at 31, 27
Removed entity tree from grid at 13, 35
Removed entity tree from grid at 40, 24
Added entity house at 41, 37
Added entity human at 35, 42
Removed entity human from grid at 30, 8
Removed entity tree from grid at 17, 8
Removed entity tree from grid at 17, 5
Removed entity cow from grid at 21, 6
Removed entity human from grid at 30, 32
Removed entity wolf from grid at 17, 42
Removed entity human from grid at 38, 38
Removed entity wolf from grid at 26, 43
Added entity wolf at 29, 41
Removed entity wolf from grid at 46, 3
Added entity wolf at 10, 47
Added entity wolf at 49, 7
Added entity wolf at 31, 33
Added entity wolf at 49, 16
Added entity human at 28, 36
Added entity cow at 43, 32
Removed entity wolf from grid at 34, 32
Added entity tree at 25, 17
Added entity cow at 45, 34
Removed entity wolf from grid at 39, 45
Added entity wolf at 3, 49
Added entity wolf at 4, 42
Added entity wolf at 21, 42
Added entity wolf at 4, 1
Added entity wolf at 46, 8
Added entity human at 38, 49
Added entity human at 35, 41
Removed entity human from grid at 35, 41
Removed entity human from grid at 30, 32
Added entity tree at 26, 17
Removed entity wolf from grid at 12, 38
Removed entity human from grid at 30, 44
Removed entity wolf from grid at 47, 15
Added entity human at 30, 26
Added entity wolf at 0, 45
Added entity wolf at 44, 14
Removed entity wolf from grid at 16, 48
Added entity wolf at 46, 9
Added entity wolf at 48, 1
Added entity wolf at 46, 13
Added entity cow at 44, 33
Added entity tree at 27, 17
Removed entity wolf from grid at 26, 42
Removed entity wolf from grid at 18, 43
Removed entity human from grid at 29, 38
Removed entity wolf from grid at 46, 15
Removed entity berry from grid at 41, 45
Removed entity wolf from grid at 46, 3
Added entity human at 21, 15
Added entity human at 36, 14
Removed entity wolf from grid at 30, 41
Added entity tree at 46, 38
Removed entity wolf from grid at 45, 14
Removed entity wolf from grid at 49, 18
Added entity wolf at 31, 42
Added entity wolf at 43, 13
Added entity human at 42, 45
Added entity human at 29, 22
Added entity human at 29, 23
Removed entity house from grid at 30, 22
Added entity cow at 45, 34
Added entity cow at 42, 33
Removed entity wolf from grid at 30, 41
Added entity tree at 45, 38
Removed entity wolf from grid at 10, 6
Removed entity wolf from grid at 18, 41
Removed entity wolf from grid at 13, 41
Added entity wolf at 17, 45
Added entity wolf at 19, 44
Added entity human at 32, 4
Added entity human at 24, 1
Added entity human at 24, 2
Removed entity house from grid at 25, 2
Added entity tree at 23, 1
Added entity tree at 24, 0
Added entity cow at 43, 34
Added entity house at 39, 48
Removed entity tree from grid at 46, 38
Added entity cow at 48, 27
Removed entity tree from grid at 16, 3
Removed entity berry from grid at 39, 43
Added entity wolf at 26, 43
Added entity wolf at 44, 2
Added entity wolf at 47, 8
Added entity wolf at 20, 43
Added entity human at 26, 12
Added entity human at 37, 21
Added entity human at 29, 48
Added entity human at 39, 46
Added entity human at 15, 26
Removed entity house from grid at 16, 27
Removed entity human from grid at 29, 48
Added entity cow at 46, 33
Removed entity cow from grid at 32, 10
Added entity tree at 46, 38
Removed entity wolf from grid at 20, 43
Removed entity cow from grid at 20, 6
Removed entity wolf from grid at 49, 16
Removed entity wolf from grid at 15, 40
Removed entity wolf from grid at 44, 3
Added entity wolf at 48, 1
Added entity wolf at 40, 16
Added entity human at 25, 20
Added entity human at 34, 25
Added entity human at 42, 19
Added entity human at 19, 33
Added entity human at 34, 3
Added entity human at 34, 5
Removed entity house from grid at 35, 4
Removed entity human from grid at 42, 19
Removed entity human from grid at 39, 19
Added entity tree at 45, 39
Removed entity wolf from grid at 40, 14
Removed entity wolf from grid at 14, 42
Removed entity wolf from grid at 43, 11
Added entity wolf at 40, 0
Added entity wolf at 1, 44
Added entity wolf at 12, 35
Added entity wolf at 11, 37
Added entity wolf at 25, 41
Added entity human at 21, 15
Added entity human at 21, 20
Added entity human at 18, 20
Added entity human at 29, 19
Removed entity human from grid at 35, 2
Removed entity human from grid at 19, 32
Added entity cow at 45, 32
Added entity cow at 47, 26
Added entity cow at 42, 33
Removed entity wolf from grid at 11, 38
Added entity wolf at 18, 45
Added entity wolf at 48, 17
Added entity wolf at 21, 18
Added entity human at 32, 43
Added entity human at 23, 6
Removed entity house from grid at 24, 6
Added entity human at 28, 16
Removed entity house from grid at 29, 16
Removed entity cow from grid at 23, 5
Removed entity human from grid at 23, 15
Removed entity wolf from grid at 1, 2
Removed entity wolf from grid at 49, 16
Removed entity wolf from grid at 46, 8
Added entity wolf at 26, 43
Added entity wolf at 2, 42
Added entity wolf at 25, 41
Added entity human at 22, 20
Added entity human at 30, 29
Removed entity house from grid at 31, 30
Removed entity human from grid at 22, 20
Added entity cow at 41, 34
Removed entity human from grid at 22, 15
Removed entity wolf from grid at 26, 43
Removed entity wolf from grid at 23, 39
Removed entity wolf from grid at 46, 11
Removed entity wolf from grid at 13, 35
Removed entity human from grid at 24, 20
Removed entity human from grid at 27, 14
Removed entity wolf from grid at 46, 8
Removed entity wolf from grid at 16, 45
Added entity wolf at 1, 2
Added entity wolf at 5, 2
Added entity wolf at 4, 9
Added entity wolf at 19, 48
Added entity human at 16, 20
Added entity human at 7, 22
Added entity human at 16, 27
Added entity human at 33, 42
Added entity human at 33, 43
Removed entity house from grid at 34, 42
Removed entity human from grid at 16, 20
Added entity cow at 40, 35
Removed entity human from grid at 27, 18
Added entity cow at 46, 33
Removed entity human from grid at 22, 19
Removed entity cow from grid at 42, 36
Removed entity wolf from grid at 47, 10
Removed entity wolf from grid at 47, 11
Removed entity wolf from grid at 4, 4
Removed entity wolf from grid at 18, 41
Removed entity human from grid at 6, 22
Removed entity human from grid at 14, 21
Added entity wolf at 12, 38
Added entity wolf at 45, 18
Added entity human at 25, 21
Added entity human at 33, 36
Added entity human at 34, 23
Added entity human at 42, 43
Removed entity house from grid at 43, 44
Removed entity cow from grid at 43, 42
Added entity cow at 47, 34
Added entity cow at 39, 36
Added entity cow at 48, 25
Removed entity human from grid at 36, 3
Removed entity human from grid at 19, 24
Removed entity human from grid at 17, 24
Removed entity wolf from grid at 4, 32
Removed entity wolf from grid at 41, 1
Removed entity cow from grid at 23, 8
Removed entity wolf from grid at 3, 9
Removed entity wolf from grid at 2, 4
Removed entity wolf from grid at 46, 6
Added entity wolf at 1, 2
Added entity wolf at 39, 18
Added entity wolf at 44, 14
Added entity wolf at 42, 17
Added entity human at 9, 23
Added entity human at 31, 36
Added entity human at 8, 15
Added entity human at 40, 45
Removed entity cow from grid at 41, 45
Added entity cow at 47, 24
Added entity cow at 48, 35
Removed entity cow from grid at 41, 43
Removed entity human from grid at 35, 22
Removed entity wolf from grid at 18, 45
Removed entity wolf from grid at 47, 14
Removed entity wolf from grid at 8, 36
Removed entity wolf from grid at 16, 40
Removed entity wolf from grid at 43, 15
Removed entity wolf from grid at 5, 0
Removed entity human from grid at 8, 23
Removed entity cow from grid at 47, 19
Added entity wolf at 5, 36
Added entity wolf at 45, 16
Added entity human at 13, 20
Added entity human at 39, 39
Removed entity human from grid at 13, 20
Removed entity human from grid at 10, 13
Removed entity human from grid at 10, 22
Added entity cow at 38, 37
Removed entity cow from grid at 41, 43
Removed entity human from grid at 12, 26
Removed entity cow from grid at 31, 1
Removed entity cow from grid at 43, 35
Removed entity human from grid at 13, 22
Removed entity wolf from grid at 16, 42
Removed entity wolf from grid at 45, 17
Removed entity wolf from grid at 49, 7
Added entity wolf at 47, 8
Added entity wolf at 17, 48
Added entity wolf at 49, 20
Added entity human at 19, 1
Added entity human at 32, 17
Added entity human at 32, 18
Added entity human at 32, 19
Removed entity house from grid at 33, 18
Added entity house at 32, 20
Added entity cow at 48, 23
Removed entity tree from grid at 26, 31
Removed entity human from grid at 38, 17
Removed entity cow from grid at 33, 40
Removed entity tree from grid at 25, 17
Removed entity tree from grid at 21, 40
Added entity human at 14, 1
Added entity human at 30, 18
Removed entity tree from grid at 26, 25
Removed entity wolf from grid at 41, 15
Removed entity wolf from grid at 43, 16
Removed entity human from grid at 12, 27
Removed entity tree from grid at 12, 4
Removed entity wolf from grid at 5, 0
Added entity wolf at 40, 0
Added entity wolf at 26, 41
Added entity wolf at 26, 43
Added entity wolf at 48, 1
Added entity wolf at 40, 15
Added entity human at 4, 12
Added entity human at 37, 4
Added entity human at 21, 12
Added entity human at 20, 28
Added entity human at 20, 29
Removed entity house from grid at 21, 29
Removed entity house from grid at 47, 33
Added entity human at 21, 6
Added entity human at 21, 7
Removed entity house from grid at 22, 7
Added entity human at 27, 18
Added entity human at 27, 19
Removed entity house from grid at 28, 18
Removed entity house from grid at 44, 48
Added entity tree at 10, 29
Added entity tree at 26, 18
Added entity tree at 28, 17
Added entity tree at 20, 6
Added entity tree at 21, 5
Removed entity human from grid at 21, 12
Removed entity human from grid at 37, 4
Added entity human at 29, 19
Removed entity human from grid at 32, 18
Removed entity tree from grid at 17, 3
Removed entity tree from grid at 28, 17
Removed entity wolf from grid at 4, 32
Removed entity wolf from grid at 17, 42
Removed entity human from grid at 43, 15
Removed entity wolf from grid at 42, 17
Added entity human at 20, 9
Removed entity wolf from grid at 23, 40
Added entity house at 16, 6
Removed entity wolf from grid at 13, 41
Removed entity wolf from grid at 48, 7
Added entity wolf at 11, 37
Added entity wolf at 5, 29
Added entity wolf at 10, 33
Added entity wolf at 14, 2
Added entity berry at 22, 25
Added entity human at 20, 20
Removed entity human from grid at 20, 20
Added entity tree at 28, 18
Added entity tree at 26, 19
Removed entity tree from grid at 20, 6
Removed entity tree from grid at 21, 5
Removed entity human from grid at 33, 21
Removed entity tree from grid at 42, 35
Removed entity human from grid at 27, 38
Removed entity wolf from grid at 0, 26
Removed entity human from grid at 25, 17
Removed entity human from grid at 22, 40
Removed entity wolf from grid at 19, 47
Removed entity tree from grid at 18, 40
Added entity human at 19, 40
Removed entity wolf from grid at 17, 42
Removed entity human from grid at 21, 7
Removed entity human from grid at 17, 5
Removed entity wolf from grid at 16, 42
Removed entity human from grid at 16, 7
Removed entity cow from grid at 43, 20
Added entity wolf at 16, 49
Added entity wolf at 44, 15
Added entity human at 28, 24
Added entity human at 27, 20
Added entity human at 46, 24
Added entity human at 29, 9
Removed entity house from grid at 30, 10
Removed entity house from grid at 31, 16
Added entity tree at 28, 8
Removed entity human from grid at 46, 24
Added entity tree at 28, 19
Added entity tree at 27, 23
Added entity tree at 29, 18
Removed entity tree from grid at 26, 19
Added entity cow at 49, 24
Removed entity tree from grid at 45, 39
Removed entity wolf from grid at 14, 16
Removed entity tree from grid at 46, 41
Added entity human at 45, 9
Removed entity wolf from grid at 44, 14
Added entity human at 3, 2
Removed entity wolf from grid at 25, 41
Removed entity human from grid at 15, 2
Added entity wolf at 43, 0
Added entity wolf at 14, 41
Added entity wolf at 7, 33
Added entity human at 20, 1
Added entity human at 21, 37
Added entity human at 42, 8
Added entity human at 20, 5
Added entity human at 28, 28
Removed entity house from grid at 29, 29
Removed entity human from grid at 20, 5
Removed entity human from grid at 42, 8
Removed entity human from grid at 21, 37
Removed entity human from grid at 20, 1
Added entity tree at 4, 1
Added entity tree at 44, 8
Added entity tree at 29, 8
Added entity human at 17, 8
Removed entity human from grid at 21, 7
Removed entity cow from grid at 36, 23
Added entity cow at 47, 34
Removed entity tree from grid at 28, 25
Added entity house at 16, 30
Added entity human at 28, 42
Removed entity cow from grid at 43, 22
Removed entity human from grid at 17, 0
Removed entity wolf from grid at 16, 43
Removed entity wolf from grid at 13, 3
Added entity wolf at 2, 30
Added entity wolf at 2, 4
Added entity wolf at 42, 17
Added entity human at 20, 12
Added entity human at 9, 20
Added entity human at 24, 11
Added entity human at 37, 19
Added entity human at 37, 20
Removed entity house from grid at 38, 20
Added entity tree at 37, 18
Removed entity tree from grid at 16, 8
Removed entity tree from grid at 4, 1
Added entity human at 46, 8
Removed entity tree from grid at 28, 19
Removed entity cow from grid at 20, 6
Added entity cow at 39, 37
Removed entity human from grid at 28, 44
Added entity house at 27, 6
Removed entity tree from grid at 33, 4
Removed entity tree from grid at 18, 30
Removed entity wolf from grid at 4, 31
Removed entity wolf from grid at 46, 5
Removed entity wolf from grid at 47, 15
Removed entity tree from grid at 17, 4
Removed entity wolf from grid at 46, 3
Removed entity cow from grid at 48, 22
Removed entity wolf from grid at 43, 16
Added entity wolf at 45, 2
Added entity wolf at 49, 7
Added entity human at 17, 23
Added entity human at 15, 30
Added entity cow at 38, 36
Added entity tree at 35, 20
Added entity tree at 36, 18
Added entity tree at 22, 9
Added entity tree at 7, 18
Added entity tree at 27, 42
Added entity tree at 16, 7
Added entity cow at 48, 25
Removed entity human from grid at 25, 21
Added entity human at 17, 39
Added entity human at 30, 18
Removed entity human from grid at 21, 14
Removed entity human from grid at 43, 39
Removed entity human from grid at 27, 46
Added entity house at 33, 5
Removed entity wolf from grid at 42, 1
Removed entity tree from grid at 20, 46
Removed entity cow from grid at 34, 29
Removed entity cow from grid at 22, 2
Removed entity wolf from grid at 1, 1
Removed entity wolf from grid at 48, 21
Removed entity wolf from grid at 17, 46
Added entity wolf at 5, 2
Added entity wolf at 3, 8
Added entity human at 16, 20
Added entity human at 26, 13
Added entity human at 23, 37
Added entity human at 24, 26
Added entity tree at 24, 25
Added entity human at 31, 19
Added entity cow at 47, 24
Added entity cow at 37, 37
Added entity human at 29, 42
Removed entity wolf from grid at 4, 1
Added entity house at 32, 11
Removed entity human from grid at 5, 12
Removed entity cow from grid at 39, 21
Removed entity cow from grid at 43, 37
Removed entity tree from grid at 28, 8
Added entity house at 39, 29
Removed entity wolf from grid at 7, 37
Removed entity wolf from grid at 12, 43
Added entity house at 14, 7
Removed entity wolf from grid at 47, 3
Added entity human at 32, 46
Added entity wolf at 0, 45
Added entity wolf at 9, 31
Added entity wolf at 20, 43
Added entity human at 22, 34
Added entity human at 28, 36
Added entity human at 18, 5
Added entity human at 29, 30
Added entity human at 29, 31
Removed entity house from grid at 30, 31
Added entity tree at 28, 30
Added entity cow at 36, 38
Added entity cow at 46, 25
Removed entity tree from grid at 24, 25
Removed entity human from grid at 21, 37
Removed entity tree from grid at 18, 19
Removed entity human from grid at 14, 30
Removed entity wolf from grid at 49, 7
Added entity house at 19, 8
Added entity house at 17, 9
Added entity house at 29, 6
Added entity house at 20, 27
Removed entity tree from grid at 15, 6
Added entity wolf at 43, 15
Added entity human at 5, 22
Removed entity house from grid at 41, 49
Removed entity human from grid at 5, 22
Added entity cow at 45, 26
Added entity cow at 35, 37
Added entity tree at 29, 30
Added entity tree at 27, 30
Added entity tree at 16, 5
Removed entity human from grid at 22, 34
Added entity human at 15, 40
Added entity human at 49, 7
Added entity human at 4, 1
Removed entity tree from grid at 35, 20
Removed entity cow from grid at 36, 34
Added entity house at 34, 26
Removed entity tree from grid at 29, 8
Added entity house at 40, 47
Removed entity human from grid at 37, 1
Removed entity cow from grid at 40, 24
Removed entity wolf from grid at 2, 35
Added entity human at 47, 8
Added entity tree at 47, 43
Added entity wolf at 48, 10
Added entity wolf at 5, 9
Added entity wolf at 31, 35
Added entity wolf at 19, 44
Added entity wolf at 44, 17
Added entity human at 13, 22
Removed entity house from grid at 49, 40
Added entity tree at 48, 7
Added entity human at 5, 0
Added entity human at 16, 39
Added entity cow at 36, 36
Removed entity human from grid at 28, 34
Removed entity human from grid at 26, 28
Removed entity tree from grid at 18, 6
Removed entity human from grid at 34, 27
Removed entity tree from grid at 16, 7
Added entity house at 43, 38
Removed entity tree from grid at 27, 42
Added entity house at 29, 8
Removed entity cow from grid at 42, 23
New Faction PINK_990 registered with traits: {
  moveSpeed: [33m0.9066865623148898[39m,
  hungerRate: [33m0.9674935969874323[39m,
  visionRadius: [33m0.9163143942170922[39m,
  aggression: [33m1.0430210103821387[39m
}
Societal Split! BLUE -> PINK_990 (Threshold: 6)
Added entity house at 36, 45
Removed entity human from grid at 14, 8
Removed entity tree from grid at 37, 18
Added entity wolf at 46, 1
Added entity human at 13, 13
Added entity human at 30, 44
Added entity human at 17, 24
Added entity tree at 30, 43
Removed entity human from grid at 13, 13
Added entity cow at 35, 35
Added entity tree at 46, 8
Added entity tree at 48, 6
Added entity tree at 15, 39
Added entity cow at 44, 25
Removed entity human from grid at 15, 8
Removed entity human from grid at 20, 15
Removed entity cow from grid at 35, 14
Removed entity human from grid at 16, 7
Removed entity cow from grid at 39, 25
Added entity house at 34, 49
Removed entity wolf from grid at 1, 29
Added entity house at 14, 4
Removed entity tree from grid at 23, 23
Removed entity cow from grid at 28, 3
Removed entity human from grid at 32, 34
Added entity house at 17, 4
Removed entity human from grid at 13, 5
Removed entity wolf from grid at 8, 8
Removed entity wolf from grid at 16, 45
Removed entity cow from grid at 33, 3
Added entity wolf at 48, 10
Added entity human at 16, 18
Added entity human at 15, 32
Added entity human at 38, 11
Added entity tree at 15, 31
Added entity cow at 43, 26
Added entity cow at 36, 34
Added entity human at 17, 38
Removed entity wolf from grid at 48, 9
Removed entity human from grid at 29, 28
Removed entity wolf from grid at 29, 32
Removed entity tree from grid at 30, 43
Added entity human at 27, 18
Added entity house at 44, 21
Added entity human at 21, 8
Removed entity cow from grid at 26, 0
Removed entity human from grid at 16, 7
Removed entity cow from grid at 36, 42
Added entity house at 25, 31
Removed entity cow from grid at 36, 28
Added entity house at 7, 20
Removed entity wolf from grid at 20, 43
Removed entity human from grid at 46, 36
Removed entity tree from grid at 16, 5
Removed entity human from grid at 7, 21
Removed entity human from grid at 15, 33
Removed entity tree from grid at 36, 18
Added entity wolf at 25, 41
Added entity wolf at 1, 29
Added entity wolf at 4, 36
Added entity wolf at 48, 4
Added entity wolf at 47, 3
Added entity wolf at 2, 1
Added entity wolf at 1, 5
Added entity human at 27, 20
Added entity tree at 26, 19
Added entity tree at 20, 7
Added entity tree at 28, 17
Added entity cow at 37, 33
Removed entity human from grid at 40, 13
Added entity human at 48, 9
Added entity house at 36, 44
Removed entity human from grid at 29, 44
Removed entity human from grid at 43, 20
Added entity cow at 48, 35
Removed entity human from grid at 13, 5
Added entity house at 29, 10
Removed entity tree from grid at 27, 30
Removed entity tree from grid at 9, 19
Removed entity cow from grid at 45, 37
Removed entity tree from grid at 44, 8
Added entity house at 19, 4
Removed entity wolf from grid at 46, 3
Removed entity wolf from grid at 8, 6
Added entity wolf at 46, 9
Added entity wolf at 47, 11
Added entity wolf at 40, 15
Added entity human at 30, 44
Added entity human at 27, 24
Added entity human at 18, 18
Added entity tree at 17, 17
Added entity tree at 28, 23
Removed entity human from grid at 30, 44
Added entity cow at 49, 36
Removed entity wolf from grid at 48, 10
Added entity cow at 38, 32
Added entity tree at 27, 19
Added entity cow at 44, 25
Removed entity human from grid at 15, 26
Removed entity tree from grid at 8, 3
Removed entity human from grid at 34, 43
Removed entity human from grid at 35, 17
Removed entity human from grid at 37, 22
Added entity house at 40, 29
Removed entity wolf from grid at 25, 41
Removed entity tree from grid at 46, 38
Removed entity human from grid at 44, 20
Added entity wolf at 7, 33
Added entity wolf at 26, 45
Added entity wolf at 13, 41
Added entity wolf at 47, 16
Added entity wolf at 8, 35
Added entity wolf at 44, 17
Added entity wolf at 23, 22
Added entity human at 22, 31
Added entity human at 18, 5
Removed entity house from grid at 19, 6
Removed entity human from grid at 18, 18
Removed entity human from grid at 27, 24
Removed entity human from grid at 27, 20
Removed entity human from grid at 28, 44
Removed entity human from grid at 33, 48
Removed entity human from grid at 17, 18
Removed entity wolf from grid at 18, 48
Removed entity human from grid at 18, 27
Removed entity wolf from grid at 27, 46
Removed entity wolf from grid at 43, 18
Added entity tree at 30, 48
Removed entity wolf from grid at 5, 39
Removed entity wolf from grid at 43, 15
Added entity tree at 21, 0
Removed entity wolf from grid at 46, 12
Removed entity human from grid at 16, 19
Added entity wolf at 31, 42
Added entity wolf at 11, 38
Added entity human at 37, 2
Added entity human at 46, 25
Added entity human at 47, 24
Removed entity house from grid at 47, 25
Added entity human at 22, 29
Removed entity house from grid at 23, 30
Added entity cow at 39, 33
Removed entity human from grid at 18, 40
Removed entity wolf from grid at 9, 31
Added entity human at 7, 7
Removed entity wolf from grid at 46, 5
Removed entity human from grid at 28, 26
Removed entity human from grid at 27, 21
Removed entity human from grid at 16, 8
Removed entity wolf from grid at 47, 3
Removed entity human from grid at 19, 28
Added entity human at 42, 25
Removed entity wolf from grid at 47, 15
Removed entity human from grid at 6, 20
Added entity wolf at 14, 36
Added entity wolf at 1, 9
Added entity human at 19, 31
Added entity human at 19, 32
Removed entity house from grid at 20, 32
Removed entity house from grid at 37, 48
Removed entity human from grid at 19, 31
Added entity human at 43, 26
Added entity human at 8, 8
Added entity cow at 38, 34
Removed entity human from grid at 21, 28
Removed entity cow from grid at 48, 24
Removed entity cow from grid at 44, 26
Removed entity human from grid at 39, 4
Added entity cow at 43, 24
Removed entity human from grid at 35, 45
Removed entity cow from grid at 42, 26
Removed entity cow from grid at 38, 27
Removed entity cow from grid at 43, 30
Removed entity human from grid at 30, 28
Removed entity tree from grid at 22, 9
Removed entity cow from grid at 44, 34
Removed entity cow from grid at 40, 27
Removed entity wolf from grid at 8, 36
Removed entity wolf from grid at 16, 40
Added entity house at 14, 9
Removed entity human from grid at 17, 31
Added entity wolf at 6, 33
Added entity wolf at 7, 33
Added entity human at 42, 41
Added entity human at 7, 21
Added entity tree at 41, 40
Removed entity tree from grid at 9, 8
Removed entity cow from grid at 43, 24
Removed entity tree from grid at 28, 23
Removed entity human from grid at 17, 25
Removed entity wolf from grid at 22, 30
Removed entity tree from grid at 23, 1
Removed entity human from grid at 23, 8
Removed entity wolf from grid at 18, 41
Added entity human at 24, 2
Removed entity tree from grid at 20, 7
Removed entity cow from grid at 47, 18
Added entity wolf at 12, 38
Added entity wolf at 25, 39
Added entity wolf at 31, 18
Added entity wolf at 1, 32
Added entity wolf at 17, 16
Added entity human at 9, 48
Added entity human at 41, 41
Removed entity human from grid at 41, 41
Removed entity human from grid at 9, 48
Added entity tree at 23, 1
Added entity tree at 42, 40
Added entity cow at 37, 35
Added entity tree at 43, 25
Added entity tree at 41, 24
Removed entity human from grid at 32, 38
Removed entity human from grid at 24, 12
Removed entity human from grid at 15, 10
Removed entity human from grid at 43, 29
Removed entity tree from grid at 28, 30
Added entity house at 30, 22
Removed entity wolf from grid at 5, 40
Removed entity human from grid at 19, 7
Removed entity tree from grid at 13, 7
Added entity house at 20, 6
Removed entity human from grid at 16, 10
Added entity wolf at 3, 40
Added entity wolf at 47, 16
Added entity wolf at 1, 34
Added entity human at 19, 37
Added entity human at 23, 22
Added entity human at 16, 34
Added entity human at 35, 46
Added entity human at 40, 6
Added entity human at 40, 7
Removed entity house from grid at 41, 7
Removed entity human from grid at 35, 46
Removed entity human from grid at 16, 34
Removed entity human from grid at 19, 37
Added entity cow at 48, 35
Removed entity wolf from grid at 17, 16
Removed entity wolf from grid at 0, 9
Removed entity human from grid at 31, 19
Removed entity wolf from grid at 26, 39
Added entity wolf at 21, 46
Added entity wolf at 25, 46
Added entity human at 4, 14
Added entity human at 7, 46
Added entity human at 27, 48
Added entity human at 26, 9
Added entity human at 40, 11
Added entity human at 24, 26
Added entity human at 24, 27
Removed entity house from grid at 25, 27
Removed entity human from grid at 40, 11
Removed entity human from grid at 26, 9
Removed entity human from grid at 27, 48
Removed entity human from grid at 7, 46
Removed entity human from grid at 4, 14
Added entity cow at 47, 36
Removed entity human from grid at 40, 39
Added entity berry at 49, 33
Removed entity human from grid at 30, 21
Removed entity wolf from grid at 1, 7
Removed entity wolf from grid at 46, 6
Removed entity wolf from grid at 14, 38
Removed entity human from grid at 36, 32
Removed entity wolf from grid at 32, 17
Added entity tree at 23, 3
Removed entity wolf from grid at 5, 40
Added entity wolf at 2, 46
Added entity wolf at 3, 48
Added entity wolf at 16, 40
Added entity wolf at 23, 42
Added entity human at 37, 11
Added entity human at 29, 48
Added entity tree at 36, 10
Added entity human at 25, 5
Removed entity berry from grid at 33, 41
Removed entity wolf from grid at 33, 38
Added entity house at 37, 30
Removed entity cow from grid at 47, 26
Removed entity human from grid at 33, 39
Removed entity wolf from grid at 24, 44
Removed entity wolf from grid at 49, 16
Removed entity berry from grid at 49, 33
Added entity wolf at 0, 29
Added entity wolf at 10, 47
Added entity human at 36, 12
Added entity human at 23, 48
Added entity human at 28, 2
Removed entity human from grid at 23, 48
Added entity human at 24, 6
Removed entity tree from grid at 36, 10
Added entity cow at 36, 36
Removed entity wolf from grid at 47, 10
Removed entity wolf from grid at 16, 38
Removed entity wolf from grid at 49, 2
Removed entity wolf from grid at 21, 44
Removed entity tree from grid at 29, 18
Removed entity wolf from grid at 47, 0
Added entity house at 31, 28
Removed entity human from grid at 7, 22
Added entity wolf at 45, 6
Added entity wolf at 5, 48
Added entity wolf at 29, 41
Added entity wolf at 0, 35
Added entity wolf at 18, 43
Added entity wolf at 15, 16
Added entity wolf at 41, 15
Added entity human at 16, 22
Added entity human at 12, 29
Removed entity house from grid at 49, 37
Added entity cow at 35, 37
Added entity cow at 48, 37
Removed entity wolf from grid at 49, 18
Removed entity wolf from grid at 8, 33
Removed entity wolf from grid at 0, 5
Removed entity human from grid at 15, 22
Removed entity wolf from grid at 26, 38
Removed entity wolf from grid at 42, 2
Removed entity wolf from grid at 23, 47
Removed entity wolf from grid at 19, 44
Added entity tree at 32, 38
Added entity tree at 28, 35
Removed entity wolf from grid at 5, 40
Removed entity cow from grid at 37, 41
Removed entity wolf from grid at 47, 16
Removed entity human from grid at 9, 20
Added entity wolf at 24, 43
Added entity wolf at 1, 2
Added entity wolf at 2, 3
Added entity human at 33, 21
Added entity human at 13, 23
Added entity human at 26, 36
Removed entity human from grid at 26, 36
Added entity cow at 49, 36
Added entity cow at 34, 36
Removed entity human from grid at 37, 12
Added entity human at 47, 24
Removed entity wolf from grid at 46, 7
Removed entity tree from grid at 28, 48
Removed entity tree from grid at 29, 49
Removed entity human from grid at 4, 5
Removed entity wolf from grid at 5, 0
Added entity human at 31, 24
Added entity wolf at 46, 11
Added entity wolf at 26, 43
Added entity wolf at 24, 44
Added entity wolf at 27, 41
Added entity human at 18, 1
Added entity human at 11, 18
Added entity human at 16, 20
Added entity human at 30, 43
Added entity human at 30, 44
Removed entity house from grid at 31, 43
Added entity human at 40, 19
Added entity human at 40, 20
Removed entity house from grid at 41, 20
Added entity tree at 39, 19
Added entity tree at 29, 42
Removed entity human from grid at 16, 20
Removed entity human from grid at 11, 18
Added entity human at 48, 25
Removed entity cow from grid at 47, 26
Removed entity wolf from grid at 6, 33
Removed entity human from grid at 26, 32
Removed entity wolf from grid at 23, 43
Added entity house at 32, 2
Removed entity wolf from grid at 24, 41
Removed entity tree from grid at 26, 17
Added entity house at 40, 27
Removed entity cow from grid at 33, 37
Removed entity wolf from grid at 22, 44
Removed entity wolf from grid at 47, 10
Removed entity human from grid at 13, 9
Added entity house at 32, 9
Added entity wolf at 43, 13
Added entity wolf at 40, 0
Added entity wolf at 44, 0
Added entity wolf at 14, 48
Added entity human at 30, 2
Added entity human at 13, 32
Added entity human at 31, 38
Removed entity human from grid at 31, 38
Added entity tree at 29, 1
Added entity human at 47, 26
Removed entity cow from grid at 46, 24
Added entity cow at 35, 37
Removed entity human from grid at 13, 22
Added entity human at 29, 19
Removed entity human from grid at 16, 23
Added entity human at 24, 3
Removed entity wolf from grid at 40, 0
Removed entity human from grid at 45, 25
Removed entity wolf from grid at 12, 16
Removed entity human from grid at 39, 10
Removed entity human from grid at 35, 20
Removed entity human from grid at 13, 33
Added entity wolf at 7, 29
Added entity wolf at 47, 16
Added entity human at 18, 18
Added entity human at 18, 19
Removed entity house from grid at 19, 19
Removed entity house from grid at 35, 24
Removed entity house from grid at 32, 0
Added entity human at 37, 46
Removed entity house from grid at 38, 47
Added entity human at 25, 2
Removed entity tree from grid at 28, 18
Added entity human at 46, 27
Removed entity human from grid at 30, 1
Removed entity cow from grid at 48, 24
Removed entity tree from grid at 29, 1
Removed entity wolf from grid at 2, 3
Removed entity cow from grid at 46, 26
Added entity human at 12, 17
Removed entity tree from grid at 28, 17
Removed entity wolf from grid at 18, 46
Removed entity wolf from grid at 45, 17
Removed entity tree from grid at 32, 38
Added entity house at 11, 45
Added entity human at 37, 42
Removed entity human from grid at 10, 46
Added entity wolf at 15, 44
Removed entity human from grid at 10, 45
Added entity human at 14, 29
Added entity human at 34, 16
Added entity human at 18, 29
Added entity human at 18, 30
Removed entity house from grid at 19, 30
Added entity human at 30, 43
Added entity human at 30, 44
Removed entity house from grid at 31, 44
Added entity tree at 18, 28
Added entity tree at 33, 15
Removed entity human from grid at 14, 29
Added entity tree at 36, 41
Added entity tree at 12, 16
Added entity cow at 36, 36
Removed entity cow from grid at 48, 26
Removed entity tree from grid at 39, 19
Removed entity wolf from grid at 28, 41
Removed entity cow from grid at 31, 41
Removed entity tree from grid at 27, 23
Removed entity cow from grid at 34, 27
Removed entity wolf from grid at 7, 32
Removed entity tree from grid at 29, 30
Removed entity human from grid at 14, 18
Removed entity tree from grid at 41, 24
Removed entity tree from grid at 12, 44
Removed entity cow from grid at 39, 43
Added entity wolf at 17, 16
Added entity human at 13, 30
Added entity human at 27, 3
Added entity human at 27, 4
Removed entity house from grid at 28, 4
Added entity tree at 26, 3
Added entity tree at 27, 2
Added entity tree at 28, 42
Added entity tree at 19, 28
Removed entity human from grid at 34, 16
Added entity tree at 37, 41
Added entity human at 27, 1
Removed entity tree from grid at 17, 17
Removed entity wolf from grid at 7, 34
Removed entity human from grid at 33, 42
Added entity house at 18, 23
Removed entity human from grid at 22, 8
Removed entity cow from grid at 44, 19
Removed entity wolf from grid at 0, 1
Added entity wolf at 44, 12
Added entity wolf at 48, 1
Added entity wolf at 48, 10
Removed entity house from grid at 43, 46
Added entity human at 13, 30
Removed entity house from grid at 14, 31
Added entity tree at 26, 0
Removed entity human from grid at 27, 3
Removed entity tree from grid at 37, 41
Removed entity tree from grid at 43, 25
Added entity human at 27, 18
Added entity house at 21, 24
Removed entity wolf from grid at 48, 10
Removed entity human from grid at 19, 22
Removed entity human from grid at 20, 8
Removed entity wolf from grid at 46, 12
Removed entity cow from grid at 32, 38
Removed entity tree from grid at 23, 3
Added entity wolf at 46, 12
Added entity human at 11, 29
Added entity human at 8, 15
Removed entity house from grid at 47, 45
Added entity human at 35, 1
Added entity human at 35, 2
Removed entity house from grid at 36, 2
Added entity tree at 35, 0
Added entity tree at 26, 17
Removed entity human from grid at 13, 30
Added entity tree at 27, 0
Added entity house at 30, 45
Removed entity tree from grid at 36, 41
Added entity cow at 48, 37
Added entity human at 3, 3
Removed entity wolf from grid at 43, 18
Added entity human at 30, 24
Removed entity human from grid at 22, 18
Added entity house at 22, 27
Removed entity wolf from grid at 21, 46
Removed entity tree from grid at 20, 45
Removed entity human from grid at 10, 15
Removed entity human from grid at 5, 11
Removed entity human from grid at 28, 17
Added entity house at 42, 26
Added entity wolf at 31, 16
Added entity wolf at 49, 7
Added entity wolf at 26, 39
Added entity wolf at 13, 2
Added entity human at 11, 29
Added entity human at 35, 46
Added entity human at 30, 4
Removed entity house from grid at 48, 47
Removed entity house from grid at 47, 41
Added entity tree at 31, 3
Removed entity cow from grid at 36, 46
Added entity tree at 29, 23
Removed entity tree from grid at 35, 0
Removed entity human from grid at 11, 31
Removed entity tree from grid at 27, 2
Added entity cow at 37, 37
Removed entity human from grid at 30, 44
Removed entity wolf from grid at 15, 15
Added entity human at 45, 23
Removed entity human from grid at 35, 42
Removed entity cow from grid at 37, 22
Removed entity human from grid at 34, 20
Removed entity wolf from grid at 44, 0
Removed entity human from grid at 26, 12
Removed entity human from grid at 25, 21
Added entity human at 20, 24
Added entity house at 35, 39
Removed entity cow from grid at 48, 19
Removed entity tree from grid at 28, 35
Added entity wolf at 12, 43
Added entity human at 16, 34
Added entity human at 25, 24
Added entity tree at 24, 23
Removed entity human from grid at 16, 34
Added entity tree at 19, 23
Added entity tree at 44, 22
Removed entity tree from grid at 1, 0
Added entity cow at 49, 38
Removed entity cow from grid at 45, 24
Removed entity tree from grid at 39, 1
Removed entity wolf from grid at 10, 34
Removed entity wolf from grid at 30, 16
Removed entity tree from grid at 12, 23
Added entity house at 35, 24
Removed entity wolf from grid at 15, 49
Added entity house at 12, 47
Removed entity human from grid at 33, 40
Added entity wolf at 23, 40
Removed entity human from grid at 12, 46
Added entity wolf at 24, 41
Added entity wolf at 43, 15
Added entity human at 19, 1
Added entity human at 12, 29
Removed entity house from grid at 41, 46
Added entity tree at 25, 23
Added entity tree at 20, 23
Added entity tree at 45, 22
Added entity cow at 38, 36
Added entity human at 0, 0
Removed entity human from grid at 25, 16
Added entity human at 23, 29
Removed entity cow from grid at 38, 41
Added entity house at 21, 9
Removed entity tree from grid at 19, 28
Removed entity wolf from grid at 46, 10
Removed entity tree from grid at 44, 22
Removed entity tree from grid at 45, 22
Removed entity wolf from grid at 16, 40
Removed entity human from grid at 34, 38
Removed entity human from grid at 34, 39
Removed entity human from grid at 25, 37
Removed entity tree from grid at 31, 3
Added entity wolf at 9, 1
Added entity wolf at 44, 12
Removed entity human from grid at 10, 27
Added entity human at 38, 11
Added entity human at 38, 12
Removed entity house from grid at 39, 12
Removed entity human from grid at 38, 12
Added entity tree at 37, 10
Added entity tree at 22, 28
Added entity tree at 1, 0
Added entity cow at 37, 35
Added entity tree at 24, 24
Added entity house at 27, 8
Added entity human at 27, 1
Added entity human at 38, 41
Removed entity human from grid at 12, 0
Removed entity wolf from grid at 46, 12
Removed entity wolf from grid at 20, 39
Removed entity tree from grid at 15, 46
Added entity house at 32, 49
Removed entity wolf from grid at 10, 1
Removed entity human from grid at 14, 28
Added entity wolf at 5, 48
Added entity wolf at 7, 32
Added entity wolf at 43, 15
Added entity human at 23, 20
Added entity tree at 22, 19
Added entity human at 28, 0
Added entity human at 17, 15
Removed entity cow from grid at 37, 40
Added entity house at 19, 30
Removed entity human from grid at 24, 31
Added entity house at 39, 31
Added entity house at 9, 16
Added entity house at 37, 49
Removed entity wolf from grid at 25, 41
Added entity wolf at 30, 18
Added entity wolf at 3, 48
Added entity wolf at 49, 16
Added entity wolf at 17, 18
Added entity human at 15, 13
Added entity human at 25, 22
Removed entity house from grid at 26, 23
Removed entity house from grid at 31, 5
Removed entity human from grid at 15, 13
Removed entity human from grid at 23, 20
Added entity cow at 36, 36
Removed entity tree from grid at 1, 0
Added entity cow at 48, 39
Removed entity tree from grid at 30, 48
Removed entity tree from grid at 29, 23
Removed entity cow from grid at 32, 39
Removed entity cow from grid at 38, 40
Removed entity human from grid at 20, 12
Removed entity human from grid at 30, 23
Removed entity cow from grid at 37, 28
Removed entity human from grid at 10, 17
Removed entity human from grid at 17, 23
Removed entity human from grid at 31, 23
Removed entity tree from grid at 46, 8
Removed entity wolf from grid at 48, 16
Removed entity tree from grid at 10, 16
Added entity house at 18, 11
Removed entity wolf from grid at 46, 13
Removed entity human from grid at 9, 21
Removed entity human from grid at 12, 46
Added entity wolf at 49, 18
Added entity human at 39, 9
Added entity human at 34, 16
Added entity human at 36, 16
Added entity human at 36, 17
Removed entity house from grid at 37, 17
Removed entity human from grid at 36, 16
Removed entity human from grid at 39, 9
Added entity cow at 49, 40
Added entity cow at 35, 35
Added entity tree at 28, 19
Added entity tree at 17, 13
Added entity tree at 28, 0
Added entity tree at 38, 40
Added entity tree at 26, 1
Removed entity human from grid at 26, 14
Added entity human at 31, 37
Added entity house at 38, 45
Removed entity cow from grid at 34, 37
Removed entity human from grid at 39, 39
Removed entity wolf from grid at 24, 38
Removed entity wolf from grid at 29, 17
Added entity house at 43, 30
Removed entity human from grid at 32, 47
Removed entity human from grid at 9, 17
Added entity wolf at 45, 14
Added entity wolf at 5, 36
Added entity wolf at 1, 48
Added entity wolf at 37, 43
Added entity human at 21, 35
Added entity human at 24, 9
Removed entity house from grid at 25, 10
Removed entity house from grid at 37, 47
Added entity cow at 34, 36
Added entity cow at 48, 41
Removed entity tree from grid at 28, 0
Removed entity tree from grid at 26, 3
Removed entity wolf from grid at 6, 3
Removed entity human from grid at 18, 12
Removed entity human from grid at 38, 44
Removed entity cow from grid at 37, 39
Removed entity tree from grid at 18, 28
Removed entity cow from grid at 29, 34
Removed entity cow from grid at 34, 36
Removed entity tree from grid at 22, 28
Added entity house at 7, 15
Removed entity human from grid at 17, 12
Removed entity human from grid at 38, 47
Removed entity wolf from grid at 49, 18
Added entity human at 33, 21
Added entity human at 20, 12
Removed entity human from grid at 20, 12
Added entity tree at 33, 20
Added entity cow at 47, 40
Added entity tree at 24, 7
Added entity tree at 21, 33
Added entity tree at 29, 35
Added entity human at 28, 2
Removed entity human from grid at 39, 40
Added entity human at 30, 23
Added entity house at 41, 32
Removed entity tree from grid at 38, 40
Removed entity wolf from grid at 47, 6
Removed entity wolf from grid at 46, 15
Removed entity tree from grid at 8, 16
Removed entity cow from grid at 32, 34
Added entity house at 35, 4
Added entity wolf at 7, 32
Added entity human at 8, 13
Added entity human at 8, 14
Removed entity house from grid at 9, 14
Removed entity house from grid at 49, 42
Added entity tree at 1, 19
Added entity tree at 9, 13
Added entity human at 31, 22
Removed entity tree from grid at 24, 7
Removed entity wolf from grid at 15, 13
Added entity house at 15, 27
Removed entity human from grid at 26, 2
Removed entity human from grid at 43, 37
Removed entity tree from grid at 37, 10
Added entity house at 42, 30
Removed entity human from grid at 35, 47
Added entity house at 22, 7
Added entity wolf at 6, 33
Added entity wolf at 13, 43
Added entity wolf at 19, 47
Added entity wolf at 41, 15
Added entity human at 24, 34
Added entity human at 27, 46
Added entity human at 26, 34
Added entity human at 26, 35
Removed entity house from grid at 27, 35
Added entity berry at 6, 4
Added entity tree at 27, 34
Added entity tree at 25, 33
Added entity human at 26, 3
Removed entity tree from grid at 33, 20
Added entity human at 4, 2
Removed entity human from grid at 26, 4
Removed entity cow from grid at 34, 36
Added entity house at 36, 10
Removed entity wolf from grid at 38, 41
Removed entity human from grid at 15, 30
Added entity house at 32, 30
Removed entity wolf from grid at 15, 41
Added entity house at 9, 45
Removed entity cow from grid at 34, 46
Added entity wolf at 5, 29
Added entity wolf at 1, 32
Added entity wolf at 10, 1
Added entity wolf at 19, 48
Added entity human at 33, 36
Added entity tree at 33, 35
Added entity human at 27, 4
Removed entity tree from grid at 27, 34
Added entity cow at 48, 39
Added entity human at 31, 34
Removed entity human from grid at 22, 34
Removed entity wolf from grid at 42, 17
Added entity house at 38, 42
Removed entity cow from grid at 34, 33
Added entity house at 35, 9
Removed entity human from grid at 9, 44
Added entity berry at 42, 35
Removed entity wolf from grid at 8, 1
Added entity wolf at 44, 6
Added entity wolf at 32, 18
Added entity wolf at 16, 41
Removed entity human from grid at 9, 46
Added entity wolf at 3, 8
Added entity human at 15, 25
Added entity human at 15, 26
Removed entity house from grid at 16, 25
Removed entity house from grid at 46, 49
Added entity cow at 47, 38
Removed entity human from grid at 33, 20
Removed entity wolf from grid at 29, 18
Added entity tree at 22, 0
Removed entity wolf from grid at 48, 10
Removed entity wolf from grid at 47, 2
Removed entity human from grid at 36, 9
Removed entity human from grid at 6, 15
Removed entity human from grid at 27, 46
Added entity wolf at 43, 6
Added entity wolf at 3, 44
Added entity wolf at 21, 42
Added entity wolf at 20, 43
Added entity wolf at 14, 46
Added entity human at 21, 13
Removed entity human from grid at 20, 37
Added entity human at 35, 47
Added entity human at 35, 48
Removed entity house from grid at 36, 47
Removed entity cow from grid at 35, 46
Added entity cow at 48, 37
Removed entity wolf from grid at 43, 15
Removed entity wolf from grid at 18, 39
Removed entity cow from grid at 45, 22
Removed entity berry from grid at 42, 35
Added entity wolf at 5, 29
Added entity wolf at 17, 45
Added entity wolf at 11, 38
Added entity wolf at 47, 14
Added entity cow at 40, 35
Added entity wolf at 27, 39
Added entity human at 23, 15
Added entity human at 28, 14
Added entity human at 25, 20
Added entity human at 30, 38
Added entity human at 23, 20
Added entity human at 23, 10
Removed entity house from grid at 49, 45
Added entity human at 16, 27
Removed entity house from grid at 17, 28
Removed entity human from grid at 16, 27
Removed entity human from grid at 30, 38
Removed entity wolf from grid at 27, 40
Removed entity human from grid at 18, 30
Removed entity cow from grid at 35, 35
Removed entity tree from grid at 45, 38
Removed entity wolf from grid at 45, 5
Removed entity wolf from grid at 3, 7
Removed entity human from grid at 18, 31
Removed entity wolf from grid at 19, 47
Removed entity wolf from grid at 17, 45
Removed entity wolf from grid at 20, 46
Added entity wolf at 39, 17
Added entity wolf at 14, 48
Added entity wolf at 5, 11
Added entity human at 11, 20
Added entity human at 14, 20
Added entity human at 5, 24
Added entity human at 16, 20
Added entity human at 34, 14
Added entity human at 34, 15
Removed entity house from grid at 35, 15
Added entity human at 31, 36
Added entity human at 31, 37
Removed entity house from grid at 32, 37
Added entity human at 28, 44
Added entity human at 28, 45
Removed entity house from grid at 29, 45
Removed entity house from grid at 47, 49
Removed entity human from grid at 5, 24
Added entity cow at 39, 36
Added entity cow at 49, 38
Removed entity wolf from grid at 40, 18
Added entity tree at 22, 1
Removed entity wolf from grid at 20, 41
Added entity human at 18, 26
Removed entity wolf from grid at 17, 45
Removed entity wolf from grid at 47, 14
Added entity wolf at 47, 8
Added entity cow at 34, 45
Added entity wolf at 4, 5
Added entity human at 25, 48
Added entity human at 15, 25
Added entity human at 12, 27
Added entity human at 12, 28
Removed entity house from grid at 13, 28
Added entity human at 27, 46
Added entity human at 27, 47
Removed entity house from grid at 28, 47
Added entity cow at 35, 44
Removed entity cow from grid at 35, 46
Removed entity wolf from grid at 4, 5
Removed entity human from grid at 6, 16
Removed entity wolf from grid at 18, 41
Added entity wolf at 7, 44
Added entity wolf at 14, 36
Added entity wolf at 25, 43
Added entity wolf at 49, 3
Added entity human at 7, 23
Added entity human at 15, 25
Removed entity house from grid at 16, 24
Removed entity house from grid at 45, 45
Removed entity house from grid at 49, 49
Removed entity human from grid at 29, 45
Removed entity wolf from grid at 6, 11
Removed entity wolf from grid at 45, 8
Removed entity wolf from grid at 49, 3
Added entity wolf at 15, 49
Added entity wolf at 42, 3
Added entity human at 11, 20
Added entity human at 13, 21
Added entity human at 30, 26
Added entity human at 12, 26
Added entity human at 25, 20
Added entity human at 25, 21
Removed entity house from grid at 26, 21
Added entity cow at 34, 43
Removed entity human from grid at 25, 48
Removed entity berry from grid at 33, 46
Removed entity wolf from grid at 24, 44
Removed entity tree from grid at 5, 6
Removed entity tree from grid at 42, 40
Removed entity tree from grid at 41, 40
Removed entity wolf from grid at 15, 40
Removed entity cow from grid at 33, 46
Added entity wolf at 7, 34
Added entity human at 11, 22
Added entity human at 33, 17
Added entity human at 12, 28
Added entity human at 21, 35
Added entity human at 21, 37
Removed entity house from grid at 22, 36
Removed entity human from grid at 11, 22
Added entity cow at 33, 42
Added entity tree at 24, 20
Added entity tree at 25, 20
Added entity tree at 27, 27
Removed entity human from grid at 12, 26
Added entity human at 7, 7
Removed entity wolf from grid at 7, 34
Removed entity human from grid at 8, 23
Added entity human at 31, 26
Added entity human at 39, 2
Added entity human at 22, 18
Added entity human at 11, 29
Added entity human at 11, 30
Removed entity house from grid at 12, 30
Added entity human at 39, 39
Added entity human at 39, 41
Removed entity house from grid at 40, 40
Added entity human at 13, 32
Added entity human at 13, 33
Removed entity house from grid at 14, 33
Removed entity cow from grid at 39, 40
Removed entity human from grid at 39, 2
Added entity cow at 34, 41
Added entity cow at 48, 37
Removed entity wolf from grid at 44, 0
Removed entity wolf from grid at 47, 14
Added entity wolf at 12, 35
Removed entity house from grid at 29, 3
Added entity cow at 35, 40
Added entity human at 39, 41
Removed entity tree from grid at 5, 7
Added entity human at 20, 15
Removed entity human from grid at 19, 42
Removed entity cow from grid at 33, 42
Removed entity human from grid at 4, 15
Removed entity human from grid at 27, 42
Removed entity human from grid at 27, 48
Removed entity cow from grid at 32, 46
Removed entity human from grid at 13, 28
Added entity wolf at 4, 44
Added entity tree at 39, 40
Added entity cow at 49, 36
Added entity cow at 38, 35
Added entity human at 37, 14
Removed entity wolf from grid at 19, 45
Added entity house at 20, 11
Added entity human at 44, 15
Added entity wolf at 48, 9
Added entity human at 15, 7
Removed entity wolf from grid at 16, 48
Removed entity wolf from grid at 10, 36
Added entity wolf at 44, 10
Added entity wolf at 14, 44
Added entity wolf at 25, 43
Added entity human at 24, 11
Added entity human at 24, 12
Removed entity house from grid at 25, 12
Removed entity human from grid at 24, 11
Added entity cow at 37, 34
Removed entity human from grid at 36, 8
Removed entity tree from grid at 17, 13
Removed entity wolf from grid at 43, 9
Removed entity wolf from grid at 48, 9
Removed entity cow from grid at 33, 46
Removed entity wolf from grid at 14, 45
Added entity wolf at 7, 30
Added entity wolf at 4, 46
Added entity wolf at 3, 48
Added entity wolf at 13, 43
Added entity wolf at 49, 14
Added entity human at 7, 21
Added entity human at 7, 22
Removed entity house from grid at 8, 22
Added entity human at 16, 20
Removed entity house from grid at 17, 21
Added entity human at 31, 34
Removed entity house from grid at 32, 35
Added entity human at 12, 26
Added entity human at 14, 26
Removed entity house from grid at 13, 27
Added entity cow at 36, 35
Added entity tree at 23, 11
Removed entity wolf from grid at 23, 42
Removed entity wolf from grid at 7, 33
Added entity house at 43, 41
Removed entity wolf from grid at 49, 16
Removed entity wolf from grid at 13, 43
Removed entity human from grid at 43, 7
Added entity human at 38, 39
Removed entity cow from grid at 30, 31
Added entity wolf at 10, 47
Added entity human at 6, 14
Removed entity human from grid at 37, 39
Added entity cow at 35, 34
Added entity human at 42, 11
Removed entity tree from grid at 39, 40
Removed entity cow from grid at 39, 42
Removed entity wolf from grid at 7, 30
Removed entity human from grid at 45, 18
Removed entity human from grid at 40, 42
Removed entity cow from grid at 38, 19
Added entity wolf at 0, 29
Added entity human at 22, 8
Removed entity house from grid at 23, 9
Added entity human at 5, 22
Added entity human at 5, 24
Removed entity house from grid at 6, 23
Added entity human at 7, 46
Added entity human at 7, 47
Removed entity house from grid at 8, 47
Added entity tree at 21, 7
New Faction LIME_480 registered with traits: {
  moveSpeed: [33m1.0973515313454842[39m,
  hungerRate: [33m0.9389329126359506[39m,
  visionRadius: [33m1.0343305575366346[39m,
  aggression: [33m0.9660450124457521[39m
}
Societal Split! BLUE -> LIME_480 (Threshold: 6)
Added entity cow at 35, 41
Removed entity wolf from grid at 2, 26
Removed entity cow from grid at 37, 47
Added entity house at 40, 40
Removed entity cow from grid at 42, 41
Removed entity cow from grid at 47, 21
Added entity wolf at 26, 39
Added entity wolf at 49, 12
Added entity wolf at 44, 2
Added entity wolf at 4, 1
Added entity human at 22, 32
Added entity human at 21, 10
Removed entity house from grid at 22, 11
Added entity human at 23, 49
Added entity human at 24, 48
Removed entity house from grid at 24, 49
Added entity cow at 36, 40
Removed entity human from grid at 22, 33
Removed entity wolf from grid at 1, 28
Removed entity human from grid at 36, 3
Removed entity wolf from grid at 3, 0
Removed entity wolf from grid at 11, 41
Added entity wolf at 14, 42
Added entity wolf at 15, 44
Added entity wolf at 48, 1
Added entity wolf at 19, 48
Added entity wolf at 29, 34
Added entity wolf at 44, 17
Added entity cow at 32, 47
Removed entity human from grid at 36, 1
Added entity human at 36, 0
Added entity human at 36, 1
Removed entity house from grid at 37, 0
Added entity human at 17, 32
Added entity human at 17, 34
Removed entity house from grid at 17, 33
Added entity human at 33, 17
Removed entity house from grid at 34, 18
Removed entity human from grid at 23, 32
Removed entity wolf from grid at 17, 42
Removed entity wolf from grid at 45, 16
Removed entity wolf from grid at 25, 39
Added entity human at 15, 8
Removed entity wolf from grid at 9, 47
Removed entity wolf from grid at 9, 40
Added entity wolf at 11, 37
Removed entity wolf from grid at 28, 34
Added entity wolf at 16, 39
Added entity wolf at 47, 14
Added entity human at 15, 11
Added entity human at 19, 35
Added entity human at 19, 36
Removed entity house from grid at 20, 36
Added entity human at 10, 27
Added entity human at 11, 27
Removed entity house from grid at 11, 28
Added entity human at 21, 20
Removed entity house from grid at 22, 21
Removed entity wolf from grid at 46, 15
Removed entity wolf from grid at 1, 29
Removed entity wolf from grid at 2, 28
Removed entity wolf from grid at 18, 49
Removed entity cow from grid at 30, 30
Removed entity wolf from grid at 9, 35
Added entity human at 15, 3
Removed entity wolf from grid at 11, 35
Removed entity cow from grid at 47, 22
Added entity wolf at 47, 10
Added entity wolf at 47, 16
Added entity wolf at 17, 16
Removed entity wolf from grid at 17, 37
Removed entity human from grid at 15, 11
Removed entity human from grid at 14, 8
Removed entity wolf from grid at 46, 15
Added entity cow at 35, 36
Removed entity human from grid at 17, 10
Removed entity wolf from grid at 7, 34
Removed entity wolf from grid at 47, 10
Removed entity wolf from grid at 19, 40
Removed entity wolf from grid at 6, 40
Removed entity wolf from grid at 44, 0
Added entity wolf at 0, 29
Added entity wolf at 17, 39
Added entity human at 20, 18
Removed entity house from grid at 21, 19
Removed entity house from grid at 28, 49
Added entity cow at 36, 37
Added entity cow at 33, 48
Added entity cow at 37, 40
Added entity human at 44, 15
Removed entity cow from grid at 33, 39
Removed entity human from grid at 15, 20
Removed entity wolf from grid at 0, 29
Removed entity human from grid at 22, 13
Added entity human at 8, 25
Removed entity human from grid at 23, 47
Added entity berry at 17, 28
Removed entity wolf from grid at 17, 41
Removed entity human from grid at 12, 20
Removed entity tree from grid at 6, 34
Added entity human at 8, 19
Added entity human at 33, 25
Removed entity human from grid at 19, 45
Removed entity human from grid at 12, 18
Removed entity human from grid at 27, 48
Added entity wolf at 26, 43
Added entity wolf at 10, 1
Added entity tree at 33, 24
Added entity cow at 38, 39
Added entity cow at 34, 47
Added entity cow at 37, 36
Removed entity human from grid at 14, 3
Removed entity human from grid at 16, 34
Removed entity tree from grid at 18, 42
Removed entity wolf from grid at 47, 3
Removed entity human from grid at 20, 46
Removed entity wolf from grid at 6, 41
Removed entity human from grid at 47, 16
Added entity human at 32, 48
Added entity wolf at 2, 25
Removed entity tree from grid at 29, 35
Added entity wolf at 18, 39
Added entity human at 16, 20
Added entity human at 16, 18
Removed entity human from grid at 16, 18
Added entity tree at 31, 47
Added entity cow at 38, 35
Added entity cow at 35, 46
Added entity tree at 34, 24
Removed entity human from grid at 7, 19
Added entity human at 45, 14
Removed entity tree from grid at 15, 39
Added entity cow at 48, 37
Removed entity tree from grid at 18, 47
Removed entity wolf from grid at 23, 43
Added entity human at 19, 40
Removed entity human from grid at 41, 14
Removed entity tree from grid at 47, 43
Added entity house at 33, 28
Removed entity wolf from grid at 2, 25
Removed entity tree from grid at 17, 43
Removed entity cow from grid at 36, 26
Added entity wolf at 9, 35
Added entity tree at 19, 39
Added entity cow at 49, 38
Added entity tree at 44, 15
Added entity cow at 39, 36
Added entity tree at 31, 48
Added entity tree at 34, 25
Removed entity human from grid at 14, 27
Removed entity human from grid at 11, 27
Removed entity human from grid at 33, 40
Added entity human at 9, 10
Removed entity human from grid at 17, 18
Removed entity human from grid at 13, 22
Removed entity cow from grid at 29, 26
Removed entity wolf from grid at 7, 33
Removed entity tree from grid at 33, 35
Removed entity tree from grid at 28, 42
Removed entity wolf from grid at 4, 26
Removed entity wolf from grid at 17, 43
Removed entity human from grid at 13, 23
Added entity human at 13, 3
Added entity human at 19, 28
Removed entity human from grid at 19, 45
Removed entity human from grid at 42, 3
Removed entity cow from grid at 48, 21
Removed entity wolf from grid at 5, 42
Removed entity cow from grid at 31, 46
Added entity wolf at 25, 43
Added entity human at 35, 21
Added entity human at 35, 22
Removed entity house from grid at 36, 22
Added entity tree at 36, 21
Added entity tree at 34, 20
Removed entity human from grid at 13, 3
Removed entity tree from grid at 44, 15
Added entity cow at 34, 45
Removed entity tree from grid at 31, 48
Removed entity tree from grid at 33, 15
Added entity human at 16, 39
Added entity house at 38, 40
Removed entity cow from grid at 35, 40
Removed entity wolf from grid at 24, 43
Removed entity human from grid at 41, 6
Removed entity cow from grid at 48, 21
Removed entity tree from grid at 6, 45
Removed entity human from grid at 28, 41
Added entity human at 6, 19
Added entity human at 15, 29
Removed entity wolf from grid at 2, 39
Removed entity human from grid at 8, 20
Removed entity tree from grid at 6, 25
Added entity human at 32, 46
Added entity berry at 42, 40
Added entity wolf at 3, 46
Added entity wolf at 15, 46
Added entity tree at 32, 45
Removed entity human from grid at 15, 29
Added entity cow at 35, 44
Added entity tree at 34, 22
Added entity tree at 36, 20
Added entity cow at 38, 35
Added entity tree at 44, 15
Added entity tree at 31, 48
Added entity cow at 37, 38
Removed entity cow from grid at 35, 26
Removed entity human from grid at 6, 13
Removed entity wolf from grid at 11, 17
Removed entity cow from grid at 31, 31
Removed entity cow from grid at 35, 20
Removed entity tree from grid at 19, 39
Removed entity wolf from grid at 9, 32
Removed entity wolf from grid at 17, 46
Added entity human at 31, 32
Removed entity wolf from grid at 2, 39
Added entity human at 16, 42
Removed entity wolf from grid at 6, 40
Added entity human at 45, 18
Removed entity human from grid at 6, 23
Removed entity tree from grid at 26, 1
Added entity wolf at 13, 48
Added entity wolf at 24, 41
Added entity wolf at 48, 16
Added entity human at 13, 22
Added entity human at 13, 23
Removed entity house from grid at 14, 23
Added entity human at 28, 36
Added entity human at 28, 37
Removed entity house from grid at 29, 37
Added entity tree at 27, 35
Added entity tree at 12, 22
Removed entity human from grid at 13, 23
Added entity human at 32, 33
Added entity cow at 36, 37
Added entity cow at 37, 34
Removed entity tree from grid at 32, 45
Removed entity tree from grid at 34, 22
Added entity human at 11, 14
Removed entity human from grid at 30, 40
Removed entity human from grid at 26, 29
Removed entity tree from grid at 36, 20
Added entity house at 7, 46
Removed entity wolf from grid at 23, 40
Added entity human at 16, 10
Removed entity wolf from grid at 49, 16
Added entity house at 37, 27
Added entity wolf at 46, 8
Added entity human at 9, 18
Added entity human at 9, 19
Removed entity house from grid at 10, 19
Added entity human at 37, 2
Added entity human at 37, 3
Removed entity house from grid at 38, 3
Added entity tree at 36, 1
Added entity tree at 11, 13
Added entity cow at 35, 36
Added entity tree at 33, 32
Removed entity cow from grid at 32, 32
Added entity cow at 48, 39
Removed entity human from grid at 45, 15
Removed entity tree from grid at 33, 24
Removed entity wolf from grid at 4, 32
Removed entity human from grid at 8, 47
Added entity human at 9, 14
Removed entity cow from grid at 33, 30
Removed entity human from grid at 7, 45
Removed entity human from grid at 27, 32
Removed entity human from grid at 48, 9
Removed entity wolf from grid at 45, 8
Removed entity wolf from grid at 6, 0
Removed entity cow from grid at 38, 23
Removed entity tree from grid at 44, 15
Added entity wolf at 45, 5
Added entity wolf at 3, 11
Added entity human at 6, 14
Removed entity house from grid at 24, 21
Added entity human at 18, 1
Removed entity house from grid at 19, 0
Added entity tree at 17, 0
Removed entity human from grid at 6, 14
Added entity tree at 8, 13
Added entity cow at 34, 37
Added entity cow at 38, 33
Added entity house at 38, 34
Removed entity wolf from grid at 14, 45
Removed entity cow from grid at 34, 31
Added entity house at 38, 26
Removed entity tree from grid at 34, 25
Added entity wolf at 20, 43
Added entity human at 22, 33
Added entity human at 22, 34
Removed entity house from grid at 23, 33
Added entity tree at 21, 32
Added entity cow at 37, 32
Added entity cow at 33, 36
Removed entity tree from grid at 9, 13
Added entity cow at 49, 40
Added entity human at 11, 14
Removed entity tree from grid at 14, 43
Removed entity tree from grid at 33, 32
Added entity cow at 34, 45
Removed entity cow from grid at 33, 46
Removed entity cow from grid at 32, 47
Removed entity wolf from grid at 4, 33
Removed entity wolf from grid at 2, 30
Removed entity cow from grid at 33, 37
Removed entity cow from grid at 38, 29
Removed entity cow from grid at 38, 33
Added entity human at 29, 21
Removed entity cow from grid at 45, 24
Removed entity wolf from grid at 46, 4
Removed entity cow from grid at 31, 46
Added entity wolf at 6, 43
Added entity wolf at 3, 5
Added entity human at 14, 20
Added entity human at 14, 21
Removed entity house from grid at 15, 21
Added entity tree at 28, 20
Added entity cow at 35, 46
Added entity tree at 12, 13
Added entity cow at 32, 37
Added entity tree at 22, 32
New Faction LIME_222 registered with traits: {
  moveSpeed: [33m1.073572162328565[39m,
  hungerRate: [33m1.0848509084170133[39m,
  visionRadius: [33m1.0733768686055254[39m,
  aggression: [33m0.9635837167577271[39m
}
Societal Split! BLUE -> LIME_222 (Threshold: 6)
Added entity human at 46, 19
Removed entity tree from grid at 15, 45
Removed entity wolf from grid at 8, 36
Added entity human at 35, 30
Removed entity cow from grid at 31, 36
Removed entity human from grid at 47, 10
Added entity house at 36, 22
Added entity wolf at 42, 1
Added entity wolf at 40, 18
Added entity wolf at 22, 44
Added entity human at 16, 18
Added entity human at 16, 19
Removed entity house from grid at 17, 19
Added entity human at 13, 11
Added entity human at 13, 12
Removed entity house from grid at 14, 12
Added entity human at 13, 21
Added entity human at 14, 21
Removed entity house from grid at 14, 22
Added entity human at 28, 24
Removed entity house from grid at 29, 25
Added entity human at 18, 12
Added entity human at 18, 13
Removed entity house from grid at 19, 13
Added entity tree at 17, 12
Removed entity human from grid at 14, 10
Added entity human at 36, 29
Added entity human at 47, 20
Added entity cow at 31, 36
Added entity cow at 36, 47
Removed entity tree from grid at 11, 13
Added entity human at 21, 34
Added entity human at 10, 13
Added entity human at 30, 36
Added entity human at 13, 45
Removed entity human from grid at 35, 23
Removed entity wolf from grid at 7, 34
Removed entity wolf from grid at 23, 45
Removed entity human from grid at 33, 11
Removed entity human from grid at 37, 23
Added entity wolf at 8, 1
Added entity tree at 12, 44
Removed entity human from grid at 9, 12
Added entity human at 20, 35
Added entity cow at 37, 48
Added entity cow at 30, 37
Added entity human at 35, 28
Removed entity tree from grid at 17, 12
Added entity house at 20, 10
Removed entity cow from grid at 36, 30
Removed entity cow from grid at 31, 36
Added entity house at 36, 33
Removed entity tree from grid at 17, 47
Removed entity wolf from grid at 9, 35
Added entity house at 27, 15
Removed entity tree from grid at 34, 24
Added entity tree at 24, 1
Removed entity wolf from grid at 21, 44
Added entity wolf at 18, 39
Added entity wolf at 47, 0
Added entity human at 26, 12
Removed entity house from grid at 27, 13
Added entity tree at 25, 11
Added entity tree at 34, 27
Removed entity tree from grid at 27, 35
Added entity house at 29, 24
Removed entity human from grid at 16, 2
Removed entity human from grid at 39, 25
Removed entity human from grid at 33, 23
Removed entity wolf from grid at 18, 38
Removed entity tree from grid at 29, 42
Removed entity human from grid at 28, 46
Removed entity human from grid at 32, 23
Added entity house at 40, 44
Added entity human at 13, 10
Removed entity human from grid at 34, 25
Removed entity wolf from grid at 6, 0
Removed entity human from grid at 36, 25
Added entity human at 38, 39
Added entity wolf at 43, 6
Added entity house at 29, 25
Added entity human at 40, 43
Added entity human at 39, 11
Added entity human at 25, 19
Added entity human at 31, 21
Added entity human at 31, 22
Removed entity house from grid at 32, 22
Added entity human at 11, 20
Added entity human at 12, 18
Removed entity house from grid at 12, 19
Added entity tree at 10, 19
Added entity tree at 30, 21
Removed entity tree from grid at 30, 21
Removed entity human from grid at 39, 11
Removed entity cow from grid at 38, 38
Added entity human at 36, 27
Added entity cow at 30, 35
Removed entity human from grid at 19, 35
Added entity human at 27, 35
Removed entity cow from grid at 38, 32
Removed entity human from grid at 30, 23
Removed entity human from grid at 36, 4
Added entity human at 15, 39
Removed entity berry from grid at 42, 40
Added entity house at 33, 44
Removed entity tree from grid at 27, 17
Removed entity cow from grid at 31, 36
Removed entity cow from grid at 35, 34
Removed entity human from grid at 43, 25
Added entity human at 33, 22
Removed entity wolf from grid at 6, 36
Added entity house at 18, 6
Added entity wolf at 46, 8
Added entity wolf at 3, 6
Added entity wolf at 18, 48
Removed entity human from grid at 33, 22
Added entity tree at 14, 38
Added entity tree at 26, 34
Removed entity human from grid at 36, 27
Added entity house at 29, 20
Added entity cow at 38, 46
Added entity human at 15, 16
Removed entity tree from grid at 23, 11
Removed entity tree from grid at 34, 27
Added entity cow at 48, 41
Removed entity wolf from grid at 44, 8
Removed entity human from grid at 12, 34
Removed entity human from grid at 31, 24
Added entity human at 12, 46
Added entity human at 10, 44
Removed entity wolf from grid at 43, 6
Removed entity human from grid at 10, 45
Removed entity wolf from grid at 1, 32
Removed entity cow from grid at 46, 23
Added entity wolf at 12, 38
Removed entity tree from grid at 27, 27
Added entity human at 36, 12
Added entity human at 36, 13
Removed entity house from grid at 37, 13
Added entity human at 37, 9
Added entity human at 37, 10
Removed entity house from grid at 38, 10
Added entity human at 4, 12
Added entity human at 4, 13
Removed entity house from grid at 5, 13
Added entity human at 25, 19
Removed entity house from grid at 26, 20
Added entity tree at 15, 47
Added entity tree at 24, 18
Added entity tree at 36, 8
Removed entity human from grid at 10, 44
Added entity cow at 37, 45
Removed entity tree from grid at 26, 34
Added entity cow at 30, 37
Removed entity tree from grid at 25, 23
Added entity house at 37, 38
Added entity house at 36, 37
Added entity house at 10, 47
Removed entity human from grid at 37, 21
Removed entity tree from grid at 25, 33
Removed entity wolf from grid at 4, 37
Added entity human at 33, 45
Added entity wolf at 1, 34
Added entity wolf at 14, 41
Added entity human at 9, 21
Added entity human at 10, 20
Removed entity house from grid at 10, 21
Added entity human at 17, 1
Removed entity house from grid at 18, 0
Added entity tree at 16, 0
Added entity tree at 32, 46
Added entity cow at 38, 44
Added entity tree at 25, 18
Removed entity tree from grid at 36, 8
Added entity cow at 47, 42
Removed entity human from grid at 14, 15
Removed entity tree from grid at 14, 38
Added entity human at 26, 34
Removed entity cow from grid at 30, 37
Removed entity wolf from grid at 18, 48
Removed entity wolf from grid at 15, 39
Removed entity tree from grid at 36, 21
Removed entity tree from grid at 32, 46
Removed entity human from grid at 36, 36
Removed entity wolf from grid at 3, 6
Added entity house at 29, 4
Added entity house at 36, 20
Removed entity cow from grid at 32, 45
Removed entity tree from grid at 21, 7
Added entity human at 40, 42
Removed entity house from grid at 41, 42
Added entity human at 21, 13
Removed entity house from grid at 22, 14
Added entity tree at 20, 12
Added entity tree at 39, 41
Added entity tree at 25, 33
Added entity cow at 48, 43
Added entity cow at 39, 43
Added entity tree at 18, 0
Added entity tree at 32, 45
Removed entity tree from grid at 26, 19
Removed entity cow from grid at 37, 29
Added entity human at 17, 47
Removed entity tree from grid at 32, 45
Added entity human at 32, 46
Removed entity cow from grid at 35, 34
Removed entity tree from grid at 13, 44
Added entity human at 17, 22
Removed entity wolf from grid at 3, 6
Removed entity wolf from grid at 42, 1
Removed entity wolf from grid at 42, 21
Added entity cow at 36, 41
Added entity wolf at 12, 36
Added entity wolf at 0, 26
Added entity tree at 33, 46
Added entity tree at 17, 46
Added entity tree at 21, 12
Removed entity human from grid at 40, 43
Removed entity human from grid at 25, 35
Added entity human at 32, 44
Removed entity cow from grid at 30, 36
Added entity house at 28, 22
Removed entity wolf from grid at 4, 33
Removed entity human from grid at 42, 9
Removed entity cow from grid at 31, 44
Added entity tree at 20, 1
Removed entity tree from grid at 25, 33
Removed entity wolf from grid at 3, 49
Removed entity tree from grid at 34, 20
Removed entity wolf from grid at 3, 36
Added entity wolf at 22, 45
Added entity tree at 31, 43
Added entity cow at 35, 40
Removed entity tree from grid at 33, 46
Removed entity tree from grid at 16, 47
Added entity cow at 38, 44
Removed entity cow from grid at 40, 41
Removed entity cow from grid at 34, 44
New Faction INDIGO_181 registered with traits: {
  moveSpeed: [33m0.9854454926887966[39m,
  hungerRate: [33m0.9855169816193453[39m,
  visionRadius: [33m1.0873427846071937[39m,
  aggression: [33m0.9876458008115999[39m
}
Societal Split! BLUE -> INDIGO_181 (Threshold: 6)
Removed entity human from grid at 32, 44
Removed entity cow from grid at 45, 23
Removed entity wolf from grid at 15, 37
Removed entity wolf from grid at 1, 1
Added entity human at 43, 22
Removed entity cow from grid at 31, 36
Removed entity wolf from grid at 3, 36
Removed entity naturereserve from grid at 42, 15
Removed entity naturereserve from grid at 13, 1
Removed entity naturereserve from grid at 24, 22
Added entity cow at 47, 44
Added entity naturereserve at 13, 41
Human Eve built Nature Reserve for WOLF
Added entity human at 13, 48
Added entity human at 18, 7
Added entity naturereserve at 46, 5
Human Bob built Nature Reserve for WOLF
Removed entity human from grid at 44, 20
Added entity wolf at 43, 6
Added entity tree at 14, 12
Added entity tree at 24, 25
Added entity wolf at 2, 5
Removed entity naturereserve from grid at 49, 15
Removed entity naturereserve from grid at 16, 17
Added entity cow at 36, 39
Added entity human at 31, 45
Added entity house at 41, 42
Removed entity tree from grid at 31, 43
Removed entity human from grid at 23, 22
Removed entity human from grid at 37, 9
Removed entity human from grid at 28, 31
Added entity house at 27, 23
Removed entity wolf from grid at 9, 36
Removed entity wolf from grid at 11, 37
Added entity human at 35, 44
Added entity human at 13, 8
Removed entity wolf from grid at 4, 5
Removed entity wolf from grid at 3, 48
Removed entity wolf from grid at 47, 2
Removed entity cow from grid at 45, 24
Removed entity human from grid at 13, 12
Added entity wolf at 7, 34
Added entity wolf at 44, 11
Removed entity human from grid at 9, 48
Added entity naturereserve at 11, 10
Human Frank built Nature Reserve for WOLF
Removed entity wolf from grid at 9, 36
Removed entity wolf from grid at 1, 25
Removed entity wolf from grid at 23, 48
Removed entity wolf from grid at 5, 39
Removed entity wolf from grid at 43, 6
Added entity human at 45, 20
Added entity wolf at 13, 43
Added entity wolf at 5, 28
Removed entity naturereserve from grid at 15, 17
Removed entity human from grid at 45, 20
Removed entity human from grid at 13, 48
Added entity cow at 48, 45
Removed entity wolf from grid at 49, 14
Removed entity cow from grid at 31, 31
Removed entity wolf from grid at 45, 11
Added entity human at 26, 30
Added entity naturereserve at 47, 11
Human Yara built Nature Reserve for WOLF
Added entity wolf at 43, 13
Added entity wolf at 19, 45
Removed entity naturereserve from grid at 20, 17
Removed entity naturereserve from grid at 44, 16
Removed entity naturereserve from grid at 26, 40
Removed entity naturereserve from grid at 21, 1
Removed entity naturereserve from grid at 48, 20
Added entity cow at 47, 46
Added entity cow at 37, 45
Removed entity wolf from grid at 16, 42
Added entity human at 10, 17
Added entity human at 19, 22
Removed entity wolf from grid at 4, 36
Removed entity human from grid at 2, 34
Added entity wolf at 0, 23
Added entity wolf at 0, 29
Added entity wolf at 19, 44
Removed entity naturereserve from grid at 49, 5
Removed entity naturereserve from grid at 48, 14
Removed entity naturereserve from grid at 3, 1
Removed entity naturereserve from grid at 47, 7
Removed entity naturereserve from grid at 49, 11
Removed entity naturereserve from grid at 2, 8
Added entity cow at 48, 47
Added entity naturereserve at 28, 38
Human Oscar built Nature Reserve for WOLF
Added entity human at 8, 15
Added entity human at 13, 46
Added entity human at 20, 7
Added entity human at 35, 20
Added entity naturereserve at 44, 2
Human Jack built Nature Reserve for WOLF
Added entity wolf at 40, 0
Added entity wolf at 16, 41
Added entity wolf at 13, 40
Removed entity naturereserve from grid at 49, 13
Removed entity naturereserve from grid at 8, 34
Removed entity naturereserve from grid at 41, 16
Removed entity human from grid at 13, 46
Added entity cow at 35, 40
Removed entity wolf from grid at 42, 15
Removed entity wolf from grid at 17, 42
Removed entity wolf from grid at 17, 45
Removed entity wolf from grid at 4, 28
Removed entity wolf from grid at 21, 42
Added entity human at 17, 10
Added entity naturereserve at 47, 17
Human Sam built Nature Reserve for WOLF
Added entity naturereserve at 7, 1
Human Eve built Nature Reserve for WOLF
Removed entity cow from grid at 31, 44
Added entity wolf at 1, 36
Added entity tree at 8, 7
Added entity wolf at 45, 18
Removed entity naturereserve from grid at 3, 32
Removed entity naturereserve from grid at 49, 1
Added entity cow at 36, 46
Added entity naturereserve at 21, 16
Human Wendy built Nature Reserve for WOLF
Added entity naturereserve at 25, 36
Human Quinn built Nature Reserve for WOLF
Removed entity wolf from grid at 14, 38
Added entity naturereserve at 35, 16
Human Sam built Nature Reserve for WOLF
Removed entity wolf from grid at 39, 1
Added entity naturereserve at 20, 45
Human Jack built Nature Reserve for WOLF
Added entity human at 29, 23
Added entity naturereserve at 5, 2
Human Eve built Nature Reserve for WOLF
Added entity wolf at 1, 28
Added entity wolf at 2, 3
Added entity wolf at 47, 2
Removed entity naturereserve from grid at 42, 16
Removed entity naturereserve from grid at 9, 33
Removed entity naturereserve from grid at 20, 44
Removed entity naturereserve from grid at 14, 47
Added entity cow at 34, 41
Added entity cow at 47, 48
Removed entity cow from grid at 42, 39
Removed entity cow from grid at 41, 48
Removed entity cow from grid at 35, 38
Removed entity cow from grid at 33, 42
Removed entity cow from grid at 37, 24
Removed entity cow from grid at 42, 25
Added entity naturereserve at 8, 33
Human Pip built Nature Reserve for WOLF
Removed entity wolf from grid at 49, 16
Removed entity cow from grid at 35, 31
Removed entity wolf from grid at 3, 2
Added entity wolf at 2, 25
Removed entity naturereserve from grid at 30, 34
Removed entity naturereserve from grid at 4, 29
Removed entity naturereserve from grid at 49, 10
Removed entity naturereserve from grid at 19, 43
Removed entity naturereserve from grid at 48, 15
Removed entity naturereserve from grid at 24, 45
Removed entity naturereserve from grid at 25, 47
Added entity cow at 46, 49
Added entity cow at 33, 42
Added entity wolf at 35, 15
Added entity cow at 35, 45
Added entity naturereserve at 22, 39
Human Bob built Nature Reserve for WOLF
Added entity naturereserve at 21, 40
Human Eve built Nature Reserve for WOLF
Removed entity human from grid at 36, 19
Removed entity human from grid at 31, 9
Added entity naturereserve at 44, 4
Human Pip built Nature Reserve for WOLF
Removed entity wolf from grid at 7, 37
Removed entity wolf from grid at 3, 27
Added entity naturereserve at 49, 16
Human Zane built Nature Reserve for WOLF
Added entity wolf at 47, 0
Removed entity naturereserve from grid at 49, 17
Removed entity naturereserve from grid at 46, 14
Removed entity naturereserve from grid at 21, 43
Removed entity naturereserve from grid at 10, 37
Removed entity human from grid at 37, 20
Added entity cow at 32, 43
Added entity wolf at 20, 46
Added entity wolf at 8, 2
Removed entity human from grid at 13, 6
Added entity wolf at 12, 42
Removed entity human from grid at 30, 21
Removed entity human from grid at 33, 11
Added entity naturereserve at 12, 19
Human Pip built Nature Reserve for WOLF
Added entity human at 10, 46
Removed entity wolf from grid at 4, 25
Added entity human at 31, 19
Removed entity naturereserve from grid at 1, 4
Removed entity human from grid at 31, 19
Removed entity human from grid at 10, 46
Added entity cow at 31, 44
Added entity cow at 34, 46
Added entity cow at 45, 48
Removed entity wolf from grid at 35, 17
Removed entity cow from grid at 36, 40
Removed entity cow from grid at 46, 49
Removed entity cow from grid at 35, 40
Removed entity cow from grid at 31, 44
Removed entity cow from grid at 31, 46
Removed entity cow from grid at 32, 38
Removed entity cow from grid at 44, 27
Added entity wolf at 6, 43
Removed entity naturereserve from grid at 4, 10
Removed entity naturereserve from grid at 20, 47
Removed entity naturereserve from grid at 19, 49
Added entity naturereserve at 46, 49
Human Sam built Nature Reserve for WOLF
Removed entity wolf from grid at 15, 40
Added entity naturereserve at 38, 16
Human Alice built Nature Reserve for WOLF
Added entity naturereserve at 7, 33
Human Pip built Nature Reserve for WOLF
Added entity naturereserve at 39, 1
Human Frank built Nature Reserve for WOLF
Added entity human at 24, 30
Removed entity wolf from grid at 1, 27
Added entity naturereserve at 49, 20
Human Wendy built Nature Reserve for WOLF
Added entity wolf at 45, 19
Removed entity naturereserve from grid at 1, 30
Removed entity naturereserve from grid at 3, 33
Removed entity naturereserve from grid at 48, 12
Removed entity naturereserve from grid at 49, 6
Added entity cow at 45, 48
Added entity naturereserve at 26, 49
Human Quinn built Nature Reserve for WOLF
Added entity wolf at 47, 6
Added entity naturereserve at 6, 11
Human Diana built Nature Reserve for WOLF
Removed entity wolf from grid at 3, 32
Added entity human at 39, 46
Added entity human at 18, 31
Added entity naturereserve at 27, 44
Human Alice built Nature Reserve for WOLF
Added entity naturereserve at 1, 8
Human Ivy built Nature Reserve for WOLF
Added entity wolf at 45, 19
Removed entity naturereserve from grid at 3, 34
Removed entity naturereserve from grid at 48, 2
Removed entity naturereserve from grid at 3, 4
Added entity wolf at 23, 38
Removed entity human from grid at 20, 31
Added entity naturereserve at 5, 4
Human Milo built Nature Reserve for WOLF
Added entity naturereserve at 45, 8
Human Wendy built Nature Reserve for WOLF
Added entity human at 18, 29
Added entity naturereserve at 36, 14
Human Wendy built Nature Reserve for WOLF
Removed entity wolf from grid at 46, 7
Removed entity human from grid at 43, 26
Removed entity human from grid at 3, 34
Removed entity naturereserve from grid at 17, 49
Removed entity naturereserve from grid at 0, 30
Removed entity naturereserve from grid at 2, 2
Removed entity naturereserve from grid at 20, 48
Removed entity naturereserve from grid at 25, 32
Added entity wolf at 7, 12
Added entity cow at 44, 49
Removed entity human from grid at 8, 16
Added entity naturereserve at 43, 16
Human Victor built Nature Reserve for WOLF
Removed entity human from grid at 10, 16
Added entity naturereserve at 22, 47
Human Zane built Nature Reserve for WOLF
Added entity naturereserve at 42, 9
Human Bob built Nature Reserve for WOLF
Removed entity human from grid at 18, 31
Added entity human at 6, 14
Added entity human at 34, 38
Added entity human at 31, 46
Removed entity human from grid at 9, 44
Removed entity human from grid at 13, 10
Added entity naturereserve at 47, 3
Human Milo built Nature Reserve for WOLF
Added entity wolf at 2, 28
Removed entity naturereserve from grid at 13, 42
Removed entity human from grid at 6, 14
Removed entity human from grid at 24, 31
Added entity cow at 35, 47
Removed entity wolf from grid at 7, 10
Removed entity tree from grid at 12, 6
Added entity human at 39, 7
Removed entity tree from grid at 24, 25
Removed entity human from grid at 19, 43
Removed entity wolf from grid at 6, 36
Removed entity human from grid at 46, 8
Removed entity wolf from grid at 48, 3
Removed entity human from grid at 25, 32
Removed entity naturereserve from grid at 45, 1
Removed entity naturereserve from grid at 46, 0
Removed entity naturereserve from grid at 45, 12
Added entity cow at 36, 48
Removed entity cow from grid at 32, 44
Added entity naturereserve at 31, 16
Human Alice built Nature Reserve for WOLF
Added entity naturereserve at 12, 31
Human Eve built Nature Reserve for WOLF
Removed entity wolf from grid at 3, 32
Removed entity wolf from grid at 22, 36
Removed entity wolf from grid at 4, 35
Removed entity wolf from grid at 48, 1
Added entity wolf at 49, 7
Removed entity naturereserve from grid at 49, 0
Removed entity naturereserve from grid at 46, 2
Removed entity naturereserve from grid at 2, 7
Removed entity naturereserve from grid at 47, 13
Added entity wolf at 44, 9
Added entity wolf at 0, 9
Removed entity wolf from grid at 8, 0
Added entity wolf at 12, 42
Added entity naturereserve at 2, 0
Human Frank built Nature Reserve for WOLF
Removed entity wolf from grid at 49, 15
Added entity naturereserve at 24, 39
Human Uma built Nature Reserve for WOLF
Removed entity wolf from grid at 44, 9
Removed entity wolf from grid at 2, 27
Removed entity wolf from grid at 6, 36
Added entity naturereserve at 16, 38
Human Frank built Nature Reserve for WOLF
Removed entity wolf from grid at 48, 17
Added entity wolf at 1, 44
Added entity wolf at 44, 0
Added entity wolf at 0, 36
Removed entity naturereserve from grid at 49, 4
Removed entity naturereserve from grid at 43, 2
Added entity cow at 37, 47
Added entity wolf at 12, 20
Added entity wolf at 48, 18
Added entity naturereserve at 8, 1
Human Uma built Nature Reserve for WOLF
Removed entity cow from grid at 35, 34
Added entity naturereserve at 1, 26
Human Frank built Nature Reserve for WOLF
Added entity naturereserve at 25, 37
Human Uma built Nature Reserve for WOLF
Removed entity human from grid at 29, 44
Added entity naturereserve at 4, 28
Human Frank built Nature Reserve for WOLF
Added entity naturereserve at 32, 16
Human Ivy built Nature Reserve for WOLF
Added entity naturereserve at 18, 40
Human Grace built Nature Reserve for WOLF
Removed entity wolf from grid at 47, 7
Added entity human at 15, 10
Added entity naturereserve at 5, 29
Human Grace built Nature Reserve for WOLF
Added entity wolf at 18, 43
Removed entity naturereserve from grid at 5, 32
Removed entity naturereserve from grid at 18, 44
Removed entity naturereserve from grid at 9, 0
Removed entity naturereserve from grid at 24, 42
Removed entity naturereserve from grid at 22, 43
Removed entity human from grid at 18, 24
Removed entity wolf from grid at 44, 0
Removed entity wolf from grid at 22, 48
Added entity naturereserve at 3, 7
Human Tina built Nature Reserve for WOLF
Removed entity wolf from grid at 1, 30
Removed entity cow from grid at 36, 34
Removed entity human from grid at 17, 22
Added entity human at 38, 49
Added entity naturereserve at 44, 0
Human Charlie built Nature Reserve for WOLF
Added entity wolf at 25, 39
Added entity wolf at 22, 42
Removed entity naturereserve from grid at 45, 0
Added entity wolf at 17, 41
Added entity cow at 36, 48
Added entity wolf at 25, 48
Added entity naturereserve at 41, 14
Human Victor built Nature Reserve for WOLF
Removed entity wolf from grid at 22, 42
Added entity naturereserve at 8, 34
Human Luna built Nature Reserve for WOLF
Removed entity human from grid at 21, 23
Added entity naturereserve at 43, 5
Human Wendy built Nature Reserve for WOLF
Removed entity human from grid at 20, 25
Removed entity wolf from grid at 17, 41
Removed entity wolf from grid at 19, 41
Added entity naturereserve at 49, 1
Human Charlie built Nature Reserve for WOLF
Removed entity wolf from grid at 15, 21
Added entity berry at 5, 25
Added entity naturereserve at 45, 9
Human Jack built Nature Reserve for WOLF
Removed entity naturereserve from grid at 0, 33
Removed entity naturereserve from grid at 23, 41
Removed entity naturereserve from grid at 47, 1
Removed entity naturereserve from grid at 9, 37
Added entity wolf at 1, 25
Added entity wolf at 13, 40
Removed entity wolf from grid at 1, 25
Removed entity wolf from grid at 24, 38
Added entity naturereserve at 17, 15
Human Diana built Nature Reserve for WOLF
Removed entity naturereserve from grid at 25, 44
Removed entity naturereserve from grid at 43, 14
Removed entity naturereserve from grid at 14, 49
Added entity naturereserve at 14, 13
Human Luna built Nature Reserve for WOLF
Added entity naturereserve at 6, 0
Human Wendy built Nature Reserve for WOLF
Removed entity wolf from grid at 0, 29
Added entity naturereserve at 32, 35
Human Victor built Nature Reserve for WOLF
Added entity naturereserve at 40, 19
Human Pip built Nature Reserve for WOLF
Removed entity wolf from grid at 48, 16
Added entity naturereserve at 49, 11
Human Pip built Nature Reserve for WOLF
Removed entity cow from grid at 49, 23
Added entity naturereserve at 49, 3
Human Uma built Nature Reserve for WOLF
Added entity naturereserve at 26, 41
Human Sam built Nature Reserve for WOLF
Added entity naturereserve at 20, 40
Human Wendy built Nature Reserve for WOLF
Removed entity naturereserve from grid at 10, 38
Removed entity naturereserve from grid at 49, 8
Removed entity naturereserve from grid at 17, 40
Removed entity naturereserve from grid at 5, 1
Added entity wolf at 33, 36
Removed entity human from grid at 37, 39
Added entity wolf at 20, 41
Added entity wolf at 22, 17
Added entity wolf at 28, 39
Removed entity human from grid at 30, 29
Removed entity wolf from grid at 20, 41
Removed entity human from grid at 22, 9
Removed entity human from grid at 18, 12
Added entity naturereserve at 6, 1
Human Wendy built Nature Reserve for WOLF
Removed entity wolf from grid at 24, 49
Removed entity human from grid at 27, 16
Added entity naturereserve at 18, 38
Human Ivy built Nature Reserve for WOLF
Added entity human at 33, 19
Removed entity human from grid at 35, 36
Removed entity wolf from grid at 3, 31
Removed entity naturereserve from grid at 40, 17
Removed entity naturereserve from grid at 48, 11
Added entity wolf at 19, 39
Added entity wolf at 32, 17
Added entity wolf at 3, 27
Removed entity human from grid at 33, 43
Added entity naturereserve at 13, 15
Human Yara built Nature Reserve for WOLF
Added entity naturereserve at 1, 30
Human Frank built Nature Reserve for WOLF
Removed entity human from grid at 34, 38
Removed entity wolf from grid at 0, 31
Removed entity human from grid at 21, 23
Removed entity wolf from grid at 15, 39
Added entity human at 37, 11
Removed entity wolf from grid at 19, 39
Added entity naturereserve at 43, 13
Human Sam built Nature Reserve for WOLF
Removed entity wolf from grid at 29, 38
Removed entity human from grid at 26, 15
Removed entity human from grid at 30, 10
Removed entity naturereserve from grid at 16, 44
Removed entity naturereserve from grid at 23, 44
Removed entity naturereserve from grid at 47, 12
Removed entity human from grid at 37, 11
Added entity wolf at 18, 14
Added entity wolf at 5, 27
Added entity naturereserve at 26, 44
Human Tina built Nature Reserve for WOLF
Removed entity human from grid at 29, 19
Added entity naturereserve at 23, 49
Human Nina built Nature Reserve for WOLF
Removed entity human from grid at 19, 24
Removed entity human from grid at 21, 8
Added entity naturereserve at 47, 25
Human Sam built Nature Reserve for WOLF
Added entity berry at 38, 36
Added entity naturereserve at 48, 19
Human Yara built Nature Reserve for WOLF
Removed entity human from grid at 28, 9
Removed entity human from grid at 18, 9
Added entity naturereserve at 27, 40
Human Alice built Nature Reserve for WOLF
Added entity wolf at 17, 45
Removed entity human from grid at 33, 19
Added entity cow at 45, 48
Added entity wolf at 0, 7
Added entity wolf at 25, 48
Removed entity wolf from grid at 19, 43
Added entity naturereserve at 47, 0
Human Milo built Nature Reserve for WOLF
Removed entity cow from grid at 44, 25
Removed entity human from grid at 32, 31
Removed entity wolf from grid at 3, 27
Added entity naturereserve at 19, 41
Human Grace built Nature Reserve for WOLF
Removed entity wolf from grid at 18, 16
Added entity naturereserve at 23, 41
Human Luna built Nature Reserve for WOLF
Added entity naturereserve at 43, 2
Human Milo built Nature Reserve for WOLF
Removed entity naturereserve from grid at 46, 17
Removed entity naturereserve from grid at 25, 40
Removed entity naturereserve from grid at 11, 48
Added entity cow at 46, 47
Added entity wolf at 19, 40
Added entity wolf at 12, 11
Added entity naturereserve at 23, 16
Human Oscar built Nature Reserve for WOLF
Removed entity wolf from grid at 9, 37
Removed entity wolf from grid at 2, 9
Removed entity wolf from grid at 1, 11
Removed entity human from grid at 33, 43
Removed entity human from grid at 15, 10
Added entity naturereserve at 46, 13
Human Frank built Nature Reserve for WOLF
Removed entity human from grid at 31, 9
Removed entity human from grid at 28, 24
Added entity naturereserve at 2, 6
Human Ivy built Nature Reserve for WOLF
Removed entity human from grid at 16, 7
Added entity naturereserve at 5, 32
Human Grace built Nature Reserve for WOLF
Added entity wolf at 5, 36
Removed entity naturereserve from grid at 0, 25
Removed entity naturereserve from grid at 1, 37
Added entity wolf at 25, 43
Added entity wolf at 40, 2
Added entity naturereserve at 20, 44
Human Tina built Nature Reserve for WOLF
Removed entity wolf from grid at 5, 36
Added entity naturereserve at 1, 4
Human Frank built Nature Reserve for WOLF
Removed entity berry from grid at 38, 36
Removed entity human from grid at 26, 23
Removed entity wolf from grid at 24, 49
Removed entity human from grid at 20, 26
Removed entity wolf from grid at 0, 32
Added entity human at 16, 10
Added entity naturereserve at 22, 42
Human Luna built Nature Reserve for WOLF
Added entity naturereserve at 29, 36
Human Zane built Nature Reserve for WOLF
Added entity naturereserve at 48, 3
Human Quinn built Nature Reserve for WOLF
Added entity naturereserve at 4, 32
Human Grace built Nature Reserve for WOLF
Removed entity human from grid at 16, 8
Added entity wolf at 13, 35
Removed entity naturereserve from grid at 4, 45
Added entity wolf at 48, 24
Added entity naturereserve at 21, 17
Human Luna built Nature Reserve for WOLF
Removed entity wolf from grid at 3, 32
Removed entity wolf from grid at 7, 38
Removed entity wolf from grid at 21, 39
Removed entity wolf from grid at 25, 41
Removed entity wolf from grid at 30, 35
Added entity naturereserve at 22, 37
Human Sam built Nature Reserve for WOLF
Added entity wolf at 2, 25
Added entity wolf at 14, 38
Removed entity naturereserve from grid at 3, 28
Added entity cow at 47, 48
Added entity wolf at 45, 0
Removed entity cow from grid at 31, 30
Added entity wolf at 48, 16
Added entity naturereserve at 0, 2
Human Uma built Nature Reserve for WOLF
Added entity naturereserve at 19, 42
Human Tina built Nature Reserve for WOLF
Added entity naturereserve at 22, 45
Human Zane built Nature Reserve for WOLF
Added entity tree at 22, 33
Removed entity cow from grid at 29, 43
Removed entity wolf from grid at 38, 18
Removed entity wolf from grid at 16, 36
Added entity human at 29, 44
Added entity human at 13, 5
Added entity naturereserve at 40, 21
Human Zane built Nature Reserve for WOLF
Added entity naturereserve at 40, 8
Human Wendy built Nature Reserve for WOLF
Removed entity wolf from grid at 12, 14
Removed entity wolf from grid at 42, 2
Added entity wolf at 45, 17
Added entity cow at 48, 47
Added entity cow at 35, 47
Added entity wolf at 10, 11
Added entity naturereserve at 3, 5
Human Diana built Nature Reserve for WOLF
Added entity berry at 12, 34
Removed entity wolf from grid at 2, 34
Removed entity human from grid at 27, 21
Added entity naturereserve at 39, 17
Human Uma built Nature Reserve for WOLF
Added entity human at 6, 21
Removed entity wolf from grid at 49, 14
Added entity naturereserve at 47, 6
Human Jack built Nature Reserve for WOLF
Removed entity naturereserve from grid at 37, 44
Removed entity naturereserve from grid at 48, 0
Added entity cow at 34, 46
Added entity wolf at 15, 37
Added entity naturereserve at 24, 48
Human Tina built Nature Reserve for WOLF
Removed entity human from grid at 44, 30
Removed entity wolf from grid at 48, 24
Added entity naturereserve at 9, 3
Human Tina built Nature Reserve for WOLF
Removed entity wolf from grid at 15, 37
Added entity naturereserve at 7, 29
Human Bob built Nature Reserve for WOLF
Added entity human at 14, 26
Removed entity cow from grid at 46, 22
Added entity naturereserve at 45, 6
Human Uma built Nature Reserve for WOLF
Added entity naturereserve at 37, 16
Human Wendy built Nature Reserve for WOLF
Added entity human at 15, 5
Added entity wolf at 47, 13
Removed entity naturereserve from grid at 1, 3
Removed entity naturereserve from grid at 15, 43
Added entity cow at 35, 45
Added entity wolf at 26, 43
Added entity wolf at 26, 40
Removed entity wolf from grid at 48, 12
Removed entity wolf from grid at 9, 37
Added entity naturereserve at 4, 2
Human Wendy built Nature Reserve for WOLF
Removed entity wolf from grid at 8, 11
Added entity naturereserve at 21, 38
Human Jack built Nature Reserve for WOLF
Removed entity cow from grid at 34, 33
Added entity wolf at 2, 30
Removed entity naturereserve from grid at 14, 39
Removed entity naturereserve from grid at 12, 41
Added entity cow at 49, 46
Added entity wolf at 23, 15
Added entity wolf at 0, 29
Removed entity wolf from grid at 43, 1
Added entity naturereserve at 13, 19
Human Milo built Nature Reserve for WOLF
Added entity naturereserve at 0, 5
Human Frank built Nature Reserve for WOLF
Removed entity human from grid at 29, 44
Added entity human at 34, 3
Added entity human at 19, 28
Added entity human at 15, 29
Added entity wolf at 1, 45
Added entity wolf at 47, 10
Removed entity naturereserve from grid at 3, 41
Removed entity naturereserve from grid at 13, 36
Removed entity naturereserve from grid at 6, 32
Added entity tree at 11, 6
Added entity cow at 34, 44
Added entity wolf at 21, 45
Added entity wolf at 46, 10
Added entity wolf at 33, 16
Added entity naturereserve at 48, 11
Human Xander built Nature Reserve for WOLF
Added entity wolf at 34, 16
Added entity tree at 26, 16
Added entity naturereserve at 1, 7
Human Diana built Nature Reserve for WOLF
Removed entity human from grid at 26, 9
Added entity naturereserve at 1, 0
Human Wendy built Nature Reserve for WOLF
Removed entity human from grid at 26, 23
Removed entity human from grid at 23, 8
Removed entity wolf from grid at 3, 38
Removed entity wolf from grid at 22, 40
Removed entity wolf from grid at 47, 13
Added entity naturereserve at 39, 7
Human Ruby built Nature Reserve for WOLF
Added entity human at 8, 19
Removed entity human from grid at 21, 28
Added entity wolf at 23, 39
Removed entity naturereserve from grid at 8, 32
Added entity tree at 6, 45
Added entity cow at 33, 43
Added entity wolf at 45, 7
Added entity wolf at 39, 18
Added entity wolf at 19, 43
Added entity wolf at 2, 5
Removed entity cow from grid at 41, 40
Removed entity wolf from grid at 2, 5
Removed entity wolf from grid at 3, 37
Removed entity wolf from grid at 44, 10
Removed entity wolf from grid at 23, 40
Added entity human at 15, 3
Removed entity wolf from grid at 39, 18
Removed entity wolf from grid at 1, 33
Added entity human at 30, 28
Added entity wolf at 4, 36
Added entity wolf at 48, 4
Added entity wolf at 47, 8
Removed entity naturereserve from grid at 1, 35
Removed entity naturereserve from grid at 25, 34
Added entity cow at 32, 42
Added entity wolf at 22, 46
Added entity wolf at 33, 34
Removed entity cow from grid at 39, 40
Removed entity wolf from grid at 25, 16
Added entity naturereserve at 1, 1
Human Frank built Nature Reserve for WOLF
Added entity human at 8, 47
Removed entity human from grid at 37, 32
Removed entity wolf from grid at 21, 45
Removed entity wolf from grid at 36, 17
Removed entity wolf from grid at 46, 9
Removed entity human from grid at 6, 47
Removed entity cow from grid at 41, 29
Removed entity wolf from grid at 1, 33
Added entity wolf at 3, 33
Removed entity naturereserve from grid at 0, 49
Removed entity naturereserve from grid at 46, 18
Removed entity human from grid at 31, 29
Added entity cow at 48, 45
Added entity wolf at 22, 38
Added entity wolf at 40, 22
Removed entity wolf from grid at 22, 38
Added entity wolf at 47, 14
Added entity wolf at 46, 1
Added entity wolf at 32, 15
Removed entity human from grid at 35, 8
Added entity human at 8, 47
Added entity naturereserve at 49, 5
Human Ivy built Nature Reserve for WOLF
Removed entity human from grid at 6, 21
Removed entity wolf from grid at 23, 40
Removed entity human from grid at 7, 21
Removed entity wolf from grid at 38, 14
Removed entity human from grid at 7, 45
Removed entity wolf from grid at 20, 41
Removed entity human from grid at 42, 29
Removed entity naturereserve from grid at 48, 8
Added entity cow at 33, 41
Added entity wolf at 43, 6
Removed entity cow from grid at 42, 40
Removed entity wolf from grid at 47, 10
Removed entity human from grid at 32, 31
Removed entity wolf from grid at 46, 7
Added entity wolf at 21, 46
Added entity wolf at 14, 40
Removed entity human from grid at 36, 4
Added entity naturereserve at 8, 3
Human Diana built Nature Reserve for WOLF
Removed entity wolf from grid at 14, 40
Removed entity wolf from grid at 4, 38
Removed entity human from grid at 35, 32
Added entity wolf at 24, 41
Removed entity naturereserve from grid at 47, 4
Removed entity naturereserve from grid at 11, 36
Added entity wolf at 48, 26
Added entity wolf at 26, 42
Added entity wolf at 43, 1
Added entity wolf at 48, 17
Removed entity wolf from grid at 22, 49
Removed entity wolf from grid at 43, 6
Added entity human at 36, 40
Removed entity cow from grid at 30, 47
Added entity naturereserve at 26, 39
Human Sam built Nature Reserve for WOLF
Removed entity naturereserve from grid at 15, 42
Added entity wolf at 45, 5
Removed entity wolf from grid at 45, 5
Added entity wolf at 19, 45
Removed entity wolf from grid at 21, 48
Added entity naturereserve at 38, 15
Human Victor built Nature Reserve for WOLF
Removed entity wolf from grid at 2, 30
Added entity naturereserve at 47, 27
Human Ruby built Nature Reserve for WOLF
Removed entity wolf from grid at 47, 8
Removed entity wolf from grid at 26, 40
Added entity wolf at 2, 45
Added entity wolf at 46, 8
Removed entity human from grid at 25, 34
Added entity cow at 32, 42
Added entity wolf at 45, 48
Removed entity wolf from grid at 19, 45
Removed entity wolf from grid at 4, 31
Added entity naturereserve at 3, 4
Human Tina built Nature Reserve for WOLF
Added entity naturereserve at 46, 4
Human Ivy built Nature Reserve for WOLF
Added entity naturereserve at 44, 16
Human Wendy built Nature Reserve for WOLF
Removed entity wolf from grid at 36, 16
Removed entity wolf from grid at 48, 27
Removed entity wolf from grid at 49, 15
Added entity human at 19, 12
Added entity human at 31, 12
Added entity naturereserve at 40, 0
Human Wendy built Nature Reserve for WOLF
Removed entity human from grid at 0, 33
Removed entity naturereserve from grid at 2, 32
Removed entity naturereserve from grid at 1, 31
Removed entity human from grid at 19, 12
Added entity wolf at 40, 7
Removed entity wolf from grid at 46, 8
Added entity wolf at 36, 13
Added entity wolf at 47, 48
Added entity wolf at 7, 34
Removed entity wolf from grid at 22, 38
Removed entity human from grid at 33, 4
Removed entity naturereserve from grid at 5, 34
Removed entity naturereserve from grid at 44, 1
Removed entity naturereserve from grid at 47, 9
Removed entity naturereserve from grid at 30, 42
Removed entity human from grid at 33, 10
Added entity cow at 33, 43
Removed entity cow from grid at 41, 36
Added entity wolf at 23, 43
Added entity wolf at 9, 35
Removed entity human from grid at 42, 41
Added entity wolf at 25, 38
Removed entity wolf from grid at 25, 38
Removed entity cow from grid at 28, 37
Removed entity human from grid at 27, 21
Removed entity human from grid at 15, 30
Removed entity wolf from grid at 42, 5
Added entity human at 33, 22
Removed entity wolf from grid at 43, 1
Added entity wolf at 5, 48
Added entity wolf at 16, 43
Removed entity naturereserve from grid at 3, 35
Removed entity naturereserve from grid at 1, 24
Added entity naturereserve at 23, 3
Human Quinn built Nature Reserve for WOLF
Added entity wolf at 13, 18
Added entity wolf at 43, 1
Added entity wolf at 47, 19
Added entity wolf at 2, 1
Added entity wolf at 22, 46
Removed entity wolf from grid at 28, 37
Added entity wolf at 39, 2
Removed entity wolf from grid at 23, 45
Removed entity wolf from grid at 22, 46
Added entity human at 13, 27
Removed entity human from grid at 20, 38
Added entity human at 37, 21
Removed entity wolf from grid at 2, 1
Removed entity cow from grid at 48, 23
Added entity human at 34, 23
Added entity human at 12, 46
Removed entity wolf from grid at 47, 19
Removed entity cow from grid at 30, 38
Removed entity tree from grid at 8, 26
Added entity human at 39, 4
Removed entity human from grid at 14, 28
Added entity wolf at 3, 34
Removed entity naturereserve from grid at 6, 35
Removed entity human from grid at 34, 23
Removed entity human from grid at 37, 21
Added entity wolf at 47, 18
Added entity wolf at 0, 30
Added entity wolf at 31, 36
Added entity house at 27, 26
Removed entity wolf from grid at 4, 27
Removed entity human from grid at 10, 45
Removed entity wolf from grid at 5, 34
Added entity house at 17, 27
Added entity human at 35, 23
Added entity human at 10, 46
Added entity wolf at 49, 13
Added entity cow at 47, 46
Added entity wolf at 0, 0
Added entity wolf at 17, 39
Added entity wolf at 12, 30
Added entity wolf at 49, 17
Added entity wolf at 46, 18
Removed entity tree from grid at 17, 46
Removed entity wolf from grid at 7, 32
Removed entity wolf from grid at 20, 41
Removed entity human from grid at 18, 28
Removed entity wolf from grid at 46, 18
Removed entity wolf from grid at 40, 3
Removed entity human from grid at 37, 22
Removed entity human from grid at 1, 40
Added entity wolf at 7, 45
Removed entity naturereserve from grid at 0, 28
Removed entity human from grid at 11, 44
Removed entity wolf from grid at 9, 46
Added entity wolf at 25, 40
Removed entity tree from grid at 12, 44
Removed entity tree from grid at 10, 3
Added entity wolf at 26, 42
Removed entity wolf from grid at 29, 34
Added entity human at 28, 36
Added entity wolf at 23, 39
Removed entity wolf from grid at 42, 16
Removed entity wolf from grid at 3, 29
Removed entity wolf from grid at 12, 28
Removed entity wolf from grid at 48, 17
Removed entity tree from grid at 10, 29
Removed entity wolf from grid at 45, 3
Removed entity wolf from grid at 25, 40
Removed entity wolf from grid at 49, 13
Removed entity human from grid at 46, 19
Removed entity wolf from grid at 49, 17
Removed entity wolf from grid at 13, 21
Added entity wolf at 7, 45
Removed entity naturereserve from grid at 25, 42
Added entity wolf at 21, 41
Added entity wolf at 39, 16
Added entity naturereserve at 1, 3
Human Diana built Nature Reserve for WOLF
Removed entity wolf from grid at 47, 2
Removed entity wolf from grid at 20, 43
Removed entity wolf from grid at 21, 41
Added entity naturereserve at 33, 15
Human Sam built Nature Reserve for WOLF
Added entity human at 34, 8
Removed entity wolf from grid at 0, 30
Removed entity human from grid at 38, 25
Removed entity cow from grid at 32, 38
Added entity human at 33, 26
Removed entity naturereserve from grid at 2, 31
Removed entity human from grid at 33, 26
Added entity wolf at 24, 4
Added entity wolf at 24, 16
Added entity wolf at 20, 46
Removed entity human from grid at 17, 6
Added entity naturereserve at 21, 47
Human Quinn built Nature Reserve for WOLF
Removed entity wolf from grid at 25, 42
Removed entity human from grid at 29, 19
Removed entity wolf from grid at 15, 37
Removed entity wolf from grid at 38, 23
Added entity human at 35, 27
Removed entity human from grid at 28, 11
Added entity human at 15, 6
Added entity naturereserve at 12, 37
Human Zane built Nature Reserve for WOLF
Added entity wolf at 1, 37
Added entity tree at 2, 19
Added entity cow at 46, 47
Added entity cow at 32, 42
Added entity wolf at 38, 7
Added entity wolf at 9, 2
Removed entity human from grid at 14, 3
Added entity wolf at 23, 42
Added entity wolf at 9, 33
Added entity wolf at 48, 15
Removed entity wolf from grid at 23, 42
Removed entity wolf from grid at 9, 33
Removed entity cow from grid at 28, 44
Added entity human at 39, 25
Removed entity wolf from grid at 23, 38
Added entity berry at 21, 14
Removed entity human from grid at 32, 6
Added entity naturereserve at 6, 28
Human Sam built Nature Reserve for WOLF
Removed entity human from grid at 17, 3
Removed entity naturereserve from grid at 13, 39
Removed entity naturereserve from grid at 6, 44
Removed entity human from grid at 14, 5
Removed entity human from grid at 34, 8
Added entity wolf at 23, 47
Added entity wolf at 12, 20
Added entity wolf at 21, 41
Removed entity human from grid at 18, 8
Removed entity wolf from grid at 18, 44
Added entity naturereserve at 20, 46
Human Quinn built Nature Reserve for WOLF
Removed entity wolf from grid at 3, 28
Added entity human at 11, 48
Added entity naturereserve at 34, 16
Human Alice built Nature Reserve for WOLF
Removed entity wolf from grid at 49, 14
Removed entity human from grid at 14, 8
Removed entity human from grid at 34, 5
Removed entity wolf from grid at 7, 30
Added entity naturereserve at 48, 2
Human Wendy built Nature Reserve for WOLF
Added entity wolf at 14, 36
Removed entity wolf from grid at 12, 20
Removed entity naturereserve from grid at 0, 48
Removed entity naturereserve from grid at 2, 33
Added entity cow at 31, 43
Removed entity human from grid at 10, 46
Removed entity human from grid at 27, 5
Added entity wolf at 35, 13
Removed entity wolf from grid at 41, 15
Added entity naturereserve at 15, 38
Human Alice built Nature Reserve for WOLF
Added entity naturereserve at 1, 25
Human Luna built Nature Reserve for WOLF
Removed entity human from grid at 19, 3
Removed entity wolf from grid at 22, 41
Removed entity cow from grid at 33, 42
Added entity naturereserve at 19, 40
Human Yara built Nature Reserve for WOLF
Added entity human at 13, 48
Removed entity wolf from grid at 42, 6
Added entity naturereserve at 30, 37
Human Sam built Nature Reserve for WOLF
Removed entity human from grid at 0, 37
Removed entity naturereserve from grid at 5, 35
Removed entity naturereserve from grid at 2, 29
Added entity wolf at 18, 41
Added entity cow at 30, 44
Added entity wolf at 41, 21
Added entity wolf at 2, 3
Added entity wolf at 41, 19
Added entity wolf at 13, 12
Added entity wolf at 18, 16
Removed entity cow from grid at 31, 42
Added entity wolf at 7, 32
Added entity wolf at 26, 36
Added entity tree at 7, 3
Added entity tree at 4, 13
Removed entity human from grid at 17, 42
Removed entity wolf from grid at 2, 3
Added entity human at 38, 28
Removed entity berry from grid at 30, 46
Added entity human at 10, 44
Added entity human at 42, 37
Removed entity naturereserve from grid at 17, 44
Removed entity naturereserve from grid at 0, 44
Removed entity naturereserve from grid at 16, 46
Final population: 795

 [32m✓[39m src/engine/LongRun.test.js [2m([22m[2m1 test[22m[2m)[22m[33m 3290[2mms[22m[39m
     [33m[2m✓[22m[39m should run for 1000 ticks without crashing or exploding [33m 3287[2mms[22m[39m

[2m Test Files [22m [1m[32m2 passed[39m[22m[90m (2)[39m
[2m      Tests [22m [1m[32m4 passed[39m[22m[90m (4)[39m
[2m   Start at [22m 21:12:05
[2m   Duration [22m 3.44s

[1m[42m PASS [49m[22m [32mWaiting for file changes...[39m
       [2mpress [22m[1mh[22m[2m to show help[22m[2m, [22m[2mpress [22m[1mq[22m[2m to quit[22m
c[3J[1m[44m RERUN [49m[22m [34m[2msrc/engine/World.js [22m[39m
       [2m Filename pattern: [22m[34msrc/engine/StatsDrift.test.js, run[39m

 [32m✓[39m src/engine/StatsDrift.test.js [2m([22m[2m3 tests[22m[2m)[22m[32m 16[2mms[22m[39m
[90mstdout[2m | src/engine/LongRun.test.js[2m > [22m[2mLong Run Stability[2m > [22m[2mshould run for 1000 ticks without crashing or exploding
[22m[39mCow Endangered Reproduction!
Cow Endangered Reproduction!
Cow Endangered Reproduction!
Cow Endangered Reproduction!
Cow Endangered Reproduction!
Cow Endangered Reproduction!
Cow Endangered Reproduction!
Cow Endangered Reproduction!
Cow Endangered Reproduction!
Cow Endangered Reproduction!
Cow Endangered Reproduction!
Cow Endangered Reproduction!
Cow Endangered Reproduction!
Cow Endangered Reproduction!
Cow Endangered Reproduction!
Cow Endangered Reproduction!
Cow Endangered Reproduction!
Cow Endangered Reproduction!
Cow Endangered Reproduction!
Cow Endangered Reproduction!
Cow Endangered Reproduction!
Cow Endangered Reproduction!
Cow Endangered Reproduction!
Cow Endangered Reproduction!
Cow Endangered Reproduction!
Cow Endangered Reproduction!
Cow Endangered Reproduction!
Cow Endangered Reproduction!
Cow Endangered Reproduction!
Cow Endangered Reproduction!
Human Tina built Nature Reserve for WOLF
Human Eve built Nature Reserve for WOLF
Human Bob built Nature Reserve for WOLF
Human Alice built Nature Reserve for WOLF
Human Milo built Nature Reserve for WOLF
Human Eve built Nature Reserve for WOLF
Human Tina built Nature Reserve for WOLF
Human Oscar built Nature Reserve for WOLF
Human Bob built Nature Reserve for WOLF
Human Luna built Nature Reserve for WOLF
Human Wendy built Nature Reserve for WOLF
Human Ivy built Nature Reserve for WOLF
Human Frank built Nature Reserve for WOLF
Human Victor built Nature Reserve for WOLF
Human Eve built Nature Reserve for WOLF
Human Ivy built Nature Reserve for WOLF
Human Oscar built Nature Reserve for WOLF
Human Quinn built Nature Reserve for WOLF
Human Wendy built Nature Reserve for WOLF
Human Zane built Nature Reserve for WOLF
Human Sam built Nature Reserve for WOLF
Human Yara built Nature Reserve for WOLF
Human Zane built Nature Reserve for WOLF
Human Pip built Nature Reserve for WOLF
Human Victor built Nature Reserve for WOLF
Human Xander built Nature Reserve for WOLF
Human Zane built Nature Reserve for WOLF
Human Victor built Nature Reserve for WOLF
Human Tina built Nature Reserve for WOLF
Human Diana built Nature Reserve for WOLF
Human Sam built Nature Reserve for WOLF
Human Eve built Nature Reserve for WOLF
Human Quinn built Nature Reserve for WOLF
Human Oscar built Nature Reserve for WOLF
Human Uma built Nature Reserve for WOLF
Human Pip built Nature Reserve for WOLF
Human Nina built Nature Reserve for WOLF
Human Xander built Nature Reserve for WOLF
Human Zane built Nature Reserve for WOLF
Human Milo built Nature Reserve for WOLF
Human Charlie built Nature Reserve for WOLF
Human Sam built Nature Reserve for WOLF
Human Yara built Nature Reserve for WOLF
Human Hank built Nature Reserve for WOLF
Human Xander built Nature Reserve for WOLF
Human Quinn built Nature Reserve for WOLF
Human Zane built Nature Reserve for WOLF
Human Pip built Nature Reserve for WOLF
Human Tina built Nature Reserve for WOLF
Human Charlie built Nature Reserve for WOLF
Human Eve built Nature Reserve for WOLF
Human Nina built Nature Reserve for WOLF
Human Ivy built Nature Reserve for WOLF
Human Milo built Nature Reserve for WOLF
Human Quinn built Nature Reserve for WOLF
Human Yara built Nature Reserve for WOLF
Human Sam built Nature Reserve for WOLF
Human Eve built Nature Reserve for WOLF
Human Uma built Nature Reserve for WOLF
Human Eve built Nature Reserve for WOLF
Human Zane built Nature Reserve for WOLF
Human Quinn built Nature Reserve for WOLF
Human Quinn built Nature Reserve for WOLF
Human Frank built Nature Reserve for WOLF
Human Zane built Nature Reserve for WOLF
Human Ivy built Nature Reserve for WOLF
Human Frank built Nature Reserve for WOLF
Human Pip built Nature Reserve for WOLF
Human Oscar built Nature Reserve for WOLF
Human Xander built Nature Reserve for WOLF
Human Pip built Nature Reserve for WOLF
Human Milo built Nature Reserve for WOLF
Human Eve built Nature Reserve for WOLF
Human Quinn built Nature Reserve for WOLF
Human Oscar built Nature Reserve for WOLF
Human Sam built Nature Reserve for WOLF
Human Sam built Nature Reserve for WOLF
Human Victor built Nature Reserve for WOLF
Human Eve built Nature Reserve for WOLF
Human Ivy built Nature Reserve for WOLF
Human Charlie built Nature Reserve for WOLF
Human Tina built Nature Reserve for WOLF
Human Quinn built Nature Reserve for WOLF
Human Xander built Nature Reserve for WOLF
Human Quinn built Nature Reserve for WOLF
Human Ivy built Nature Reserve for WOLF
Human Wendy built Nature Reserve for WOLF
Human Pip built Nature Reserve for WOLF
Human Uma built Nature Reserve for WOLF
Human Sam built Nature Reserve for WOLF
Human Diana built Nature Reserve for WOLF
Human Yara built Nature Reserve for WOLF
Human Wendy built Nature Reserve for WOLF
Human Eve built Nature Reserve for WOLF
Human Quinn built Nature Reserve for WOLF
Human Pip built Nature Reserve for WOLF
Human Bob built Nature Reserve for WOLF
Human Yara built Nature Reserve for WOLF
Human Sam built Nature Reserve for WOLF
Human Wendy built Nature Reserve for WOLF
Human Oscar built Nature Reserve for WOLF
Human Frank built Nature Reserve for WOLF
Human Zane built Nature Reserve for WOLF
Human Zane built Nature Reserve for WOLF
Human Ivy built Nature Reserve for WOLF
Human Luna built Nature Reserve for WOLF
Human Hank built Nature Reserve for WOLF
Human Uma built Nature Reserve for WOLF
Human Quinn built Nature Reserve for WOLF
Human Wendy built Nature Reserve for WOLF
Human Alice built Nature Reserve for WOLF
Human Ivy built Nature Reserve for WOLF
Human Eve built Nature Reserve for WOLF
Human Zane built Nature Reserve for WOLF
Human Frank built Nature Reserve for WOLF
Human Frank built Nature Reserve for WOLF
Human Sam built Nature Reserve for WOLF
Human Yara built Nature Reserve for WOLF
Human Diana built Nature Reserve for WOLF
Human Milo built Nature Reserve for WOLF
Human Quinn built Nature Reserve for WOLF
Human Tina built Nature Reserve for WOLF
Human Zane built Nature Reserve for WOLF
Human Wendy built Nature Reserve for WOLF
Human Milo built Nature Reserve for WOLF
Human Frank built Nature Reserve for WOLF
Human Tina built Nature Reserve for WOLF
Human Hank built Nature Reserve for WOLF
Human Bob built Nature Reserve for WOLF
Human Oscar built Nature Reserve for WOLF
Human Eve built Nature Reserve for WOLF
New Faction INDIGO_584 registered with traits: {
  moveSpeed: [33m1.0134282580211518[39m,
  hungerRate: [33m0.9174930351399601[39m,
  visionRadius: [33m0.9608797746181031[39m,
  aggression: [33m0.9080696457180204[39m
}
Societal Split! RED -> INDIGO_584 (Threshold: 6)
New Faction TEAL_668 registered with traits: {
  moveSpeed: [33m1.0990380707929568[39m,
  hungerRate: [33m0.9126500909956884[39m,
  visionRadius: [33m0.9950278661530907[39m,
  aggression: [33m0.9560568614233818[39m
}
Societal Split! BLUE -> TEAL_668 (Threshold: 6)
New Faction PINK_298 registered with traits: {
  moveSpeed: [33m1.0245241312398865[39m,
  hungerRate: [33m0.9701790462159801[39m,
  visionRadius: [33m0.9398155201483072[39m,
  aggression: [33m1.0486472090147696[39m
}
Societal Split! RED -> PINK_298 (Threshold: 6)
New Faction PURPLE_812 registered with traits: {
  moveSpeed: [33m0.958302820603725[39m,
  hungerRate: [33m1.0356837085527268[39m,
  visionRadius: [33m1.0520196711272556[39m,
  aggression: [33m1.0908899213594405[39m
}
Societal Split! RED -> PURPLE_812 (Threshold: 6)
Human Hank built Nature Reserve for WOLF
Human Eve built Nature Reserve for WOLF
Human Wendy built Nature Reserve for WOLF
Human Bob built Nature Reserve for WOLF
Human Wendy built Nature Reserve for WOLF
Human Charlie built Nature Reserve for WOLF
Human Wendy built Nature Reserve for WOLF
Human Wendy built Nature Reserve for WOLF
Human Jack built Nature Reserve for WOLF
Human Alice built Nature Reserve for WOLF
Human Uma built Nature Reserve for WOLF
Human Zane built Nature Reserve for WOLF
Human Sam built Nature Reserve for WOLF
Human Victor built Nature Reserve for WOLF
Human Sam built Nature Reserve for WOLF
Human Ivy built Nature Reserve for WOLF
Human Sam built Nature Reserve for WOLF
Human Alice built Nature Reserve for WOLF
Human Frank built Nature Reserve for WOLF
Human Jack built Nature Reserve for WOLF
Human Milo built Nature Reserve for WOLF
Human Pip built Nature Reserve for WOLF
Human Victor built Nature Reserve for WOLF
Human Frank built Nature Reserve for WOLF
Human Nina built Nature Reserve for WOLF
Human Frank built Nature Reserve for WOLF
Human Bob built Nature Reserve for WOLF
Human Charlie built Nature Reserve for WOLF
Human Quinn built Nature Reserve for WOLF
Human Tina built Nature Reserve for WOLF
Human Wendy built Nature Reserve for WOLF
Human Eve built Nature Reserve for WOLF
Human Ivy built Nature Reserve for WOLF
Human Ruby built Nature Reserve for WOLF
Human Jack built Nature Reserve for WOLF
Human Yara built Nature Reserve for WOLF
Human Zane built Nature Reserve for WOLF
Human Nina built Nature Reserve for WOLF
Human Ivy built Nature Reserve for WOLF
Human Wendy built Nature Reserve for WOLF
Human Hank built Nature Reserve for WOLF
Human Wendy built Nature Reserve for WOLF
Human Charlie built Nature Reserve for WOLF
Human Uma built Nature Reserve for WOLF
Human Sam built Nature Reserve for WOLF
Human Eve built Nature Reserve for WOLF
Human Ivy built Nature Reserve for WOLF
Human Diana built Nature Reserve for WOLF
Human Milo built Nature Reserve for WOLF
Human Charlie built Nature Reserve for WOLF
Human Alice built Nature Reserve for WOLF
Human Ruby built Nature Reserve for WOLF
Human Milo built Nature Reserve for WOLF
Human Luna built Nature Reserve for WOLF
Human Diana built Nature Reserve for WOLF
Human Alice built Nature Reserve for WOLF
Human Pip built Nature Reserve for WOLF
Human Yara built Nature Reserve for WOLF
Human Wendy built Nature Reserve for WOLF
Human Victor built Nature Reserve for WOLF
Human Tina built Nature Reserve for WOLF
Human Ivy built Nature Reserve for WOLF
Human Hank built Nature Reserve for WOLF
Human Diana built Nature Reserve for WOLF
Human Eve built Nature Reserve for WOLF
Human Nina built Nature Reserve for WOLF
Human Eve built Nature Reserve for WOLF
Human Eve built Nature Reserve for WOLF
Human Alice built Nature Reserve for WOLF
Human Oscar built Nature Reserve for WOLF
Human Sam built Nature Reserve for WOLF
Human Eve built Nature Reserve for WOLF
Human Hank built Nature Reserve for WOLF
Human Zane built Nature Reserve for WOLF
Human Zane built Nature Reserve for WOLF
Human Xander built Nature Reserve for WOLF
Human Ruby built Nature Reserve for WOLF
Human Sam built Nature Reserve for WOLF
Human Grace built Nature Reserve for WOLF
Human Tina built Nature Reserve for WOLF
Human Hank built Nature Reserve for WOLF
Human Frank built Nature Reserve for WOLF
Human Ivy built Nature Reserve for WOLF
Human Zane built Nature Reserve for WOLF
Human Tina built Nature Reserve for WOLF
Human Diana built Nature Reserve for WOLF
Human Nina built Nature Reserve for WOLF
Human Eve built Nature Reserve for WOLF
Human Victor built Nature Reserve for WOLF
Human Victor built Nature Reserve for WOLF
Human Quinn built Nature Reserve for WOLF
Human Victor built Nature Reserve for WOLF
Human Frank built Nature Reserve for WOLF
Human Pip built Nature Reserve for WOLF
Human Ruby built Nature Reserve for WOLF
Human Ruby built Nature Reserve for WOLF
Human Alice built Nature Reserve for WOLF
Human Alice built Nature Reserve for WOLF
Human Victor built Nature Reserve for WOLF
Human Xander built Nature Reserve for WOLF
Human Alice built Nature Reserve for WOLF
Human Alice built Nature Reserve for WOLF
Human Charlie built Nature Reserve for WOLF
Human Zane built Nature Reserve for WOLF
Human Victor built Nature Reserve for WOLF
Human Victor built Nature Reserve for WOLF
Human Uma built Nature Reserve for WOLF
Human Eve built Nature Reserve for WOLF
Human Zane built Nature Reserve for WOLF
Human Bob built Nature Reserve for WOLF
Human Oscar built Nature Reserve for WOLF
Human Alice built Nature Reserve for WOLF
Human Eve built Nature Reserve for WOLF
Human Uma built Nature Reserve for WOLF
Human Oscar built Nature Reserve for WOLF
Human Grace built Nature Reserve for WOLF
Human Yara built Nature Reserve for WOLF
Human Ruby built Nature Reserve for WOLF
Human Victor built Nature Reserve for WOLF
Human Zane built Nature Reserve for WOLF
Human Eve built Nature Reserve for WOLF
Human Ruby built Nature Reserve for WOLF
Human Eve built Nature Reserve for WOLF
Human Hank built Nature Reserve for WOLF
Human Yara built Nature Reserve for WOLF
Human Sam built Nature Reserve for WOLF
Human Milo built Nature Reserve for WOLF
Human Ivy built Nature Reserve for WOLF
Human Frank built Nature Reserve for WOLF
Human Quinn built Nature Reserve for WOLF
Human Diana built Nature Reserve for WOLF
Human Nina built Nature Reserve for WOLF
Human Uma built Nature Reserve for WOLF
Human Victor built Nature Reserve for WOLF
Human Xander built Nature Reserve for WOLF
Human Bob built Nature Reserve for WOLF
Human Milo built Nature Reserve for WOLF
Human Alice built Nature Reserve for WOLF
Human Charlie built Nature Reserve for WOLF
Human Diana built Nature Reserve for WOLF
Human Grace built Nature Reserve for WOLF
Human Wendy built Nature Reserve for WOLF
Human Yara built Nature Reserve for WOLF
Human Eve built Nature Reserve for WOLF
Human Eve built Nature Reserve for WOLF
Human Charlie built Nature Reserve for WOLF
Human Alice built Nature Reserve for WOLF
Human Eve built Nature Reserve for WOLF
Human Bob built Nature Reserve for WOLF
Human Zane built Nature Reserve for WOLF
Human Victor built Nature Reserve for WOLF
Human Oscar built Nature Reserve for WOLF
Human Milo built Nature Reserve for WOLF
Human Frank built Nature Reserve for WOLF
Human Wendy built Nature Reserve for WOLF
Human Eve built Nature Reserve for WOLF
Human Charlie built Nature Reserve for WOLF
Human Quinn built Nature Reserve for WOLF
Human Ruby built Nature Reserve for WOLF
Human Victor built Nature Reserve for WOLF
Human Wendy built Nature Reserve for WOLF
Human Oscar built Nature Reserve for WOLF
Human Quinn built Nature Reserve for WOLF
Human Yara built Nature Reserve for WOLF
Human Tina built Nature Reserve for WOLF
Human Bob built Nature Reserve for WOLF
Human Eve built Nature Reserve for WOLF
Human Sam built Nature Reserve for WOLF
Human Zane built Nature Reserve for WOLF
Human Victor built Nature Reserve for WOLF
Human Tina built Nature Reserve for WOLF
Human Frank built Nature Reserve for WOLF
Human Charlie built Nature Reserve for WOLF
Human Nina built Nature Reserve for WOLF
Human Ruby built Nature Reserve for WOLF
Human Oscar built Nature Reserve for WOLF
Human Eve built Nature Reserve for WOLF
Human Tina built Nature Reserve for WOLF
Human Diana built Nature Reserve for WOLF
Human Victor built Nature Reserve for WOLF
Human Eve built Nature Reserve for WOLF
Human Nina built Nature Reserve for WOLF
Human Milo built Nature Reserve for WOLF
Human Tina built Nature Reserve for WOLF
Human Tina built Nature Reserve for WOLF
Human Ruby built Nature Reserve for WOLF
Human Grace built Nature Reserve for WOLF
Human Eve built Nature Reserve for WOLF
Human Grace built Nature Reserve for WOLF
Human Sam built Nature Reserve for WOLF
Human Sam built Nature Reserve for WOLF
Human Victor built Nature Reserve for WOLF
Human Nina built Nature Reserve for WOLF
Human Alice built Nature Reserve for WOLF
Human Wendy built Nature Reserve for WOLF
Human Victor built Nature Reserve for WOLF
Human Diana built Nature Reserve for WOLF
Human Victor built Nature Reserve for WOLF
Human Nina built Nature Reserve for WOLF
Human Charlie built Nature Reserve for WOLF
Human Yara built Nature Reserve for WOLF
Human Ivy built Nature Reserve for WOLF
Human Diana built Nature Reserve for WOLF
Human Milo built Nature Reserve for WOLF
Human Charlie built Nature Reserve for WOLF
Human Ivy built Nature Reserve for WOLF
Human Eve built Nature Reserve for WOLF
Human Charlie built Nature Reserve for WOLF
Human Diana built Nature Reserve for WOLF
Human Quinn built Nature Reserve for WOLF
Human Victor built Nature Reserve for WOLF
Human Victor built Nature Reserve for WOLF
Human Victor built Nature Reserve for WOLF
Human Diana built Nature Reserve for WOLF
Human Tina built Nature Reserve for WOLF
Human Eve built Nature Reserve for WOLF
Human Hank built Nature Reserve for WOLF
Human Alice built Nature Reserve for WOLF
Human Eve built Nature Reserve for WOLF
Human Victor built Nature Reserve for WOLF
Human Nina built Nature Reserve for WOLF
Human Eve built Nature Reserve for WOLF
Human Jack built Nature Reserve for WOLF
Human Quinn built Nature Reserve for WOLF
Human Tina built Nature Reserve for WOLF
Human Oscar built Nature Reserve for WOLF
Human Milo built Nature Reserve for WOLF
Human Eve built Nature Reserve for WOLF
Human Eve built Nature Reserve for WOLF
Human Wendy built Nature Reserve for WOLF
Human Eve built Nature Reserve for WOLF
Human Alice built Nature Reserve for WOLF
Human Eve built Nature Reserve for WOLF
Human Yara built Nature Reserve for WOLF
Human Xander built Nature Reserve for WOLF
Human Victor built Nature Reserve for WOLF
New Faction PINK_892 registered with traits: {
  moveSpeed: [33m0.9950611078246105[39m,
  hungerRate: [33m1.0607264832144905[39m,
  visionRadius: [33m0.9746084194079927[39m,
  aggression: [33m0.9346917329948915[39m
}
Societal Split! RED -> PINK_892 (Threshold: 6)
Human Oscar built Nature Reserve for COW
Cow Endangered Reproduction!
Human Grace built Nature Reserve for COW
Human Ruby built Nature Reserve for COW
Cow Endangered Reproduction!
Cow Endangered Reproduction!
Cow Endangered Reproduction!
Cow Endangered Reproduction!
Human Grace built Nature Reserve for COW
Human Hank built Nature Reserve for COW
Human Luna built Nature Reserve for COW
Human Eve built Nature Reserve for COW
Cow Endangered Reproduction!
Human Quinn built Nature Reserve for COW
Human Yara built Nature Reserve for COW
Human Xander built Nature Reserve for COW
Human Victor built Nature Reserve for COW
Human Ruby built Nature Reserve for COW
Human Charlie built Nature Reserve for COW
Human Ivy built Nature Reserve for COW
Cow Endangered Reproduction!
Cow Endangered Reproduction!
Cow Endangered Reproduction!
Cow Endangered Reproduction!
Cow Endangered Reproduction!
Human Grace built Nature Reserve for COW
Human Ivy built Nature Reserve for COW
Cow Endangered Reproduction!
Cow Endangered Reproduction!
Cow Endangered Reproduction!
Human Yara built Nature Reserve for WOLF
Human Victor built Nature Reserve for WOLF
Human Alice built Nature Reserve for WOLF
Human Quinn built Nature Reserve for WOLF
Cow Endangered Reproduction!
Cow Endangered Reproduction!
Human Xander built Nature Reserve for WOLF
Human Quinn built Nature Reserve for WOLF
Human Zane built Nature Reserve for WOLF
Human Oscar built Nature Reserve for WOLF
Human Ivy built Nature Reserve for WOLF
Human Hank built Nature Reserve for WOLF
Human Tina built Nature Reserve for WOLF
Human Pip built Nature Reserve for WOLF
Human Eve built Nature Reserve for WOLF
Human Ivy built Nature Reserve for WOLF
Human Bob built Nature Reserve for WOLF
Human Diana built Nature Reserve for WOLF
Human Yara built Nature Reserve for WOLF
Human Victor built Nature Reserve for WOLF
Human Jack built Nature Reserve for WOLF
Human Hank built Nature Reserve for WOLF
Human Pip built Nature Reserve for WOLF
Human Nina built Nature Reserve for WOLF
Human Victor built Nature Reserve for WOLF
Human Frank built Nature Reserve for WOLF
Human Bob built Nature Reserve for WOLF
Human Oscar built Nature Reserve for WOLF
Human Eve built Nature Reserve for WOLF
Human Jack built Nature Reserve for WOLF
Human Ruby built Nature Reserve for WOLF
Human Jack built Nature Reserve for WOLF
Human Zane built Nature Reserve for WOLF
Human Alice built Nature Reserve for WOLF
Human Ivy built Nature Reserve for WOLF
Human Grace built Nature Reserve for WOLF
Human Pip built Nature Reserve for WOLF
Human Grace built Nature Reserve for WOLF
Human Nina built Nature Reserve for WOLF
Human Pip built Nature Reserve for WOLF
Human Charlie built Nature Reserve for WOLF
Human Tina built Nature Reserve for WOLF
Human Yara built Nature Reserve for WOLF
Human Zane built Nature Reserve for WOLF
Human Alice built Nature Reserve for WOLF
Human Ivy built Nature Reserve for WOLF
Human Nina built Nature Reserve for WOLF
Human Grace built Nature Reserve for WOLF
Human Ruby built Nature Reserve for WOLF
Human Nina built Nature Reserve for WOLF
Human Sam built Nature Reserve for WOLF
Human Yara built Nature Reserve for WOLF
Human Hank built Nature Reserve for WOLF
Human Nina built Nature Reserve for WOLF
Human Charlie built Nature Reserve for WOLF
Human Uma built Nature Reserve for WOLF
Human Wendy built Nature Reserve for WOLF
Human Zane built Nature Reserve for WOLF
Human Oscar built Nature Reserve for WOLF
Human Quinn built Nature Reserve for WOLF
Human Ivy built Nature Reserve for WOLF
Human Uma built Nature Reserve for WOLF
Human Zane built Nature Reserve for WOLF
Human Ivy built Nature Reserve for WOLF
Human Diana built Nature Reserve for WOLF
Human Charlie built Nature Reserve for WOLF
Human Charlie built Nature Reserve for WOLF
Human Ruby built Nature Reserve for WOLF
Human Tina built Nature Reserve for WOLF
Human Pip built Nature Reserve for WOLF
Human Tina built Nature Reserve for WOLF
Human Ivy built Nature Reserve for WOLF
Human Victor built Nature Reserve for WOLF
Human Zane built Nature Reserve for WOLF
Human Ivy built Nature Reserve for WOLF
Human Zane built Nature Reserve for WOLF
Human Ivy built Nature Reserve for WOLF
Human Sam built Nature Reserve for WOLF
Human Victor built Nature Reserve for WOLF
Human Xander built Nature Reserve for WOLF
Human Zane built Nature Reserve for WOLF
Human Ruby built Nature Reserve for WOLF
Human Hank built Nature Reserve for WOLF
Human Grace built Nature Reserve for WOLF
Human Eve built Nature Reserve for WOLF
Human Charlie built Nature Reserve for WOLF
Human Quinn built Nature Reserve for WOLF
Human Hank built Nature Reserve for WOLF
Human Xander built Nature Reserve for WOLF
Human Alice built Nature Reserve for WOLF
Human Oscar built Nature Reserve for WOLF
Human Eve built Nature Reserve for WOLF
Human Victor built Nature Reserve for WOLF
Human Oscar built Nature Reserve for WOLF
Human Yara built Nature Reserve for WOLF
Human Zane built Nature Reserve for WOLF
Human Xander built Nature Reserve for WOLF
Human Oscar built Nature Reserve for WOLF
Human Charlie built Nature Reserve for WOLF
Human Yara built Nature Reserve for WOLF
Human Hank built Nature Reserve for WOLF
Human Oscar built Nature Reserve for WOLF
Human Eve built Nature Reserve for WOLF
Human Yara built Nature Reserve for WOLF
Human Hank built Nature Reserve for WOLF
Human Charlie built Nature Reserve for WOLF
Human Jack built Nature Reserve for WOLF
Human Zane built Nature Reserve for WOLF
Human Oscar built Nature Reserve for WOLF
Human Hank built Nature Reserve for WOLF
Human Yara built Nature Reserve for WOLF
Human Diana built Nature Reserve for WOLF
Human Quinn built Nature Reserve for WOLF
Human Oscar built Nature Reserve for WOLF
Human Wendy built Nature Reserve for WOLF
Human Quinn built Nature Reserve for WOLF
Human Grace built Nature Reserve for WOLF
Human Xander built Nature Reserve for WOLF
Human Zane built Nature Reserve for WOLF
Human Victor built Nature Reserve for WOLF
Human Oscar built Nature Reserve for WOLF
Human Alice built Nature Reserve for WOLF
Human Ivy built Nature Reserve for WOLF
Human Jack built Nature Reserve for WOLF
Human Grace built Nature Reserve for WOLF
Human Ruby built Nature Reserve for WOLF
Human Sam built Nature Reserve for WOLF
Human Hank built Nature Reserve for WOLF
Human Sam built Nature Reserve for WOLF
Human Hank built Nature Reserve for WOLF
Human Pip built Nature Reserve for WOLF
Human Sam built Nature Reserve for WOLF
Human Uma built Nature Reserve for WOLF
Human Pip built Nature Reserve for WOLF
Human Victor built Nature Reserve for WOLF
Human Eve built Nature Reserve for WOLF
Human Sam built Nature Reserve for WOLF
Human Pip built Nature Reserve for WOLF
Human Ruby built Nature Reserve for WOLF
Human Pip built Nature Reserve for WOLF
Human Bob built Nature Reserve for WOLF
Human Ivy built Nature Reserve for WOLF
Human Sam built Nature Reserve for WOLF
Human Bob built Nature Reserve for WOLF
Human Yara built Nature Reserve for WOLF
Human Oscar built Nature Reserve for WOLF
Human Oscar built Nature Reserve for WOLF
Human Quinn built Nature Reserve for WOLF
Human Xander built Nature Reserve for WOLF
Human Alice built Nature Reserve for WOLF
Human Zane built Nature Reserve for WOLF
Human Ivy built Nature Reserve for WOLF
Human Sam built Nature Reserve for WOLF
Human Charlie built Nature Reserve for WOLF
Human Wendy built Nature Reserve for WOLF
Human Victor built Nature Reserve for WOLF
Human Oscar built Nature Reserve for WOLF
Human Frank built Nature Reserve for WOLF
Human Milo built Nature Reserve for WOLF
Human Ruby built Nature Reserve for WOLF
Human Xander built Nature Reserve for WOLF
Human Xander built Nature Reserve for WOLF
Human Nina built Nature Reserve for WOLF
Human Quinn built Nature Reserve for WOLF
Human Hank built Nature Reserve for WOLF
Human Charlie built Nature Reserve for WOLF
Human Pip built Nature Reserve for WOLF
Human Victor built Nature Reserve for WOLF
Human Ivy built Nature Reserve for WOLF
Human Diana built Nature Reserve for WOLF
Human Yara built Nature Reserve for WOLF
Human Diana built Nature Reserve for WOLF
Human Jack built Nature Reserve for WOLF
Human Ivy built Nature Reserve for WOLF
Human Diana built Nature Reserve for WOLF
Human Uma built Nature Reserve for WOLF
Human Frank built Nature Reserve for WOLF
Human Sam built Nature Reserve for WOLF
Human Hank built Nature Reserve for WOLF
Human Bob built Nature Reserve for WOLF
Human Yara built Nature Reserve for WOLF
Human Hank built Nature Reserve for WOLF
Human Yara built Nature Reserve for WOLF
Human Tina built Nature Reserve for WOLF
Human Yara built Nature Reserve for WOLF
Human Pip built Nature Reserve for WOLF
Human Xander built Nature Reserve for WOLF
Human Wendy built Nature Reserve for WOLF
Human Grace built Nature Reserve for WOLF
Human Zane built Nature Reserve for WOLF
Human Sam built Nature Reserve for WOLF
Human Grace built Nature Reserve for WOLF
Human Charlie built Nature Reserve for WOLF
Human Hank built Nature Reserve for WOLF
Human Wendy built Nature Reserve for WOLF
Human Ivy built Nature Reserve for WOLF
Human Xander built Nature Reserve for WOLF
Human Grace built Nature Reserve for WOLF
Human Ivy built Nature Reserve for WOLF
Human Hank built Nature Reserve for WOLF
Human Pip built Nature Reserve for WOLF
Human Zane built Nature Reserve for WOLF
Human Frank built Nature Reserve for WOLF
Human Quinn built Nature Reserve for WOLF
Human Xander built Nature Reserve for WOLF
Human Tina built Nature Reserve for WOLF
Human Yara built Nature Reserve for WOLF
Human Eve built Nature Reserve for WOLF
Human Yara built Nature Reserve for WOLF
Human Bob built Nature Reserve for WOLF
Human Oscar built Nature Reserve for WOLF
Human Eve built Nature Reserve for WOLF
Human Jack built Nature Reserve for WOLF
Human Zane built Nature Reserve for WOLF
Human Quinn built Nature Reserve for WOLF
Human Ivy built Nature Reserve for WOLF
Human Quinn built Nature Reserve for WOLF
Human Eve built Nature Reserve for WOLF
Human Quinn built Nature Reserve for WOLF
Human Hank built Nature Reserve for WOLF
Human Victor built Nature Reserve for WOLF
Human Jack built Nature Reserve for WOLF
Human Milo built Nature Reserve for WOLF
Human Hank built Nature Reserve for WOLF
Human Wendy built Nature Reserve for WOLF
Human Pip built Nature Reserve for WOLF
Human Zane built Nature Reserve for WOLF
Human Jack built Nature Reserve for WOLF
Human Alice built Nature Reserve for WOLF
Human Sam built Nature Reserve for WOLF
Human Ruby built Nature Reserve for WOLF
Human Ivy built Nature Reserve for WOLF
Human Sam built Nature Reserve for WOLF
Human Alice built Nature Reserve for WOLF
Human Pip built Nature Reserve for WOLF
Human Eve built Nature Reserve for WOLF
Human Eve built Nature Reserve for WOLF
Human Jack built Nature Reserve for WOLF
Human Ivy built Nature Reserve for WOLF
Human Bob built Nature Reserve for WOLF
Human Diana built Nature Reserve for WOLF
Human Xander built Nature Reserve for WOLF
Human Frank built Nature Reserve for WOLF
Human Diana built Nature Reserve for WOLF
Human Quinn built Nature Reserve for WOLF
Human Ivy built Nature Reserve for WOLF
Human Alice built Nature Reserve for WOLF
Human Uma built Nature Reserve for WOLF
Human Diana built Nature Reserve for WOLF
Human Ruby built Nature Reserve for WOLF
Human Xander built Nature Reserve for WOLF
Human Ruby built Nature Reserve for WOLF
Human Diana built Nature Reserve for WOLF
Human Oscar built Nature Reserve for WOLF
Human Victor built Nature Reserve for WOLF
Human Alice built Nature Reserve for WOLF
Human Oscar built Nature Reserve for WOLF
Human Zane built Nature Reserve for WOLF
Human Hank built Nature Reserve for WOLF
Human Sam built Nature Reserve for WOLF
Human Quinn built Nature Reserve for WOLF
Human Uma built Nature Reserve for WOLF
Human Diana built Nature Reserve for WOLF
Human Milo built Nature Reserve for WOLF
Human Tina built Nature Reserve for WOLF
Human Diana built Nature Reserve for WOLF
Human Tina built Nature Reserve for WOLF
Human Sam built Nature Reserve for WOLF
Human Ivy built Nature Reserve for WOLF
Human Eve built Nature Reserve for WOLF
Human Pip built Nature Reserve for WOLF
Human Alice built Nature Reserve for WOLF
Human Sam built Nature Reserve for WOLF
Human Eve built Nature Reserve for WOLF
Human Charlie built Nature Reserve for WOLF
Human Eve built Nature Reserve for WOLF
Human Yara built Nature Reserve for WOLF
Human Grace built Nature Reserve for WOLF
Human Grace built Nature Reserve for WOLF
Human Eve built Nature Reserve for WOLF
Human Quinn built Nature Reserve for WOLF
Human Yara built Nature Reserve for WOLF
Human Quinn built Nature Reserve for WOLF
Human Pip built Nature Reserve for WOLF
Human Sam built Nature Reserve for WOLF
Human Eve built Nature Reserve for WOLF
Human Zane built Nature Reserve for WOLF
Human Xander built Nature Reserve for WOLF
Human Uma built Nature Reserve for WOLF
Human Ivy built Nature Reserve for WOLF
Human Eve built Nature Reserve for WOLF
Human Jack built Nature Reserve for WOLF
Human Nina built Nature Reserve for WOLF
Human Charlie built Nature Reserve for WOLF
Human Alice built Nature Reserve for WOLF
Human Ruby built Nature Reserve for WOLF
Human Grace built Nature Reserve for WOLF
Human Milo built Nature Reserve for WOLF
Human Ruby built Nature Reserve for WOLF
Human Nina built Nature Reserve for WOLF
Human Diana built Nature Reserve for WOLF
Human Milo built Nature Reserve for WOLF
Human Yara built Nature Reserve for WOLF
Human Eve built Nature Reserve for WOLF
Human Wendy built Nature Reserve for WOLF
Human Grace built Nature Reserve for WOLF
Human Eve built Nature Reserve for WOLF
Human Quinn built Nature Reserve for WOLF
Human Yara built Nature Reserve for WOLF
Human Sam built Nature Reserve for WOLF
Human Grace built Nature Reserve for WOLF
Human Hank built Nature Reserve for WOLF
Human Hank built Nature Reserve for WOLF
Human Frank built Nature Reserve for WOLF
Human Victor built Nature Reserve for WOLF
Human Ruby built Nature Reserve for WOLF
Human Frank built Nature Reserve for WOLF
Human Grace built Nature Reserve for WOLF
Human Eve built Nature Reserve for WOLF
Human Quinn built Nature Reserve for WOLF
Human Ruby built Nature Reserve for WOLF
Human Bob built Nature Reserve for WOLF
Human Charlie built Nature Reserve for WOLF
Human Diana built Nature Reserve for WOLF
Human Hank built Nature Reserve for WOLF
Human Ivy built Nature Reserve for WOLF
Human Bob built Nature Reserve for WOLF
Human Xander built Nature Reserve for WOLF
Human Jack built Nature Reserve for WOLF
Human Bob built Nature Reserve for WOLF
Human Nina built Nature Reserve for WOLF
Human Tina built Nature Reserve for WOLF
Human Yara built Nature Reserve for WOLF
Human Victor built Nature Reserve for WOLF
Human Frank built Nature Reserve for WOLF
Human Jack built Nature Reserve for WOLF
Human Ruby built Nature Reserve for WOLF
Human Ivy built Nature Reserve for WOLF
Human Bob built Nature Reserve for WOLF
Human Sam built Nature Reserve for WOLF
Human Grace built Nature Reserve for WOLF
Human Alice built Nature Reserve for WOLF
Human Nina built Nature Reserve for WOLF
Human Charlie built Nature Reserve for WOLF
Human Victor built Nature Reserve for WOLF
Final population: 1036

 [32m✓[39m src/engine/LongRun.test.js [2m([22m[2m1 test[22m[2m)[22m[33m 3466[2mms[22m[39m
     [33m[2m✓[22m[39m should run for 1000 ticks without crashing or exploding [33m 3464[2mms[22m[39m

[2m Test Files [22m [1m[32m2 passed[39m[22m[90m (2)[39m
[2m      Tests [22m [1m[32m4 passed[39m[22m[90m (4)[39m
[2m   Start at [22m 21:14:04
[2m   Duration [22m 5.60s

[1m[42m PASS [49m[22m [32mWaiting for file changes...[39m
       [2mpress [22m[1mh[22m[2m to show help[22m[2m, [22m[2mpress [22m[1mq[22m[2m to quit[22m
c[3J[1m[44m RERUN [49m[22m [34m[2msrc/engine/Config.js [22m[39m
       [2m Filename pattern: [22m[34msrc/engine/StatsDrift.test.js, run[39m

 [32m✓[39m src/engine/StatsDrift.test.js [2m([22m[2m3 tests[22m[2m)[22m[32m 26[2mms[22m[39m
[90mstdout[2m | src/engine/LongRun.test.js[2m > [22m[2mLong Run Stability[2m > [22m[2mshould run for 1000 ticks without crashing or exploding
[22m[39mCow Endangered Reproduction!
Cow Endangered Reproduction!
Cow Endangered Reproduction!
Cow Endangered Reproduction!
Cow Endangered Reproduction!
Cow Endangered Reproduction!
Cow Endangered Reproduction!
Cow Endangered Reproduction!
Cow Endangered Reproduction!
Cow Endangered Reproduction!
Cow Endangered Reproduction!
Cow Endangered Reproduction!
Cow Endangered Reproduction!
Cow Endangered Reproduction!
Cow Endangered Reproduction!
Cow Endangered Reproduction!
Cow Endangered Reproduction!
Cow Endangered Reproduction!
Cow Endangered Reproduction!
Cow Endangered Reproduction!
Cow Endangered Reproduction!
Cow Endangered Reproduction!
Cow Endangered Reproduction!
Cow Endangered Reproduction!
Cow Endangered Reproduction!
Cow Endangered Reproduction!
Cow Endangered Reproduction!
Cow Endangered Reproduction!
Cow Endangered Reproduction!
Cow Endangered Reproduction!
Human Bob built Nature Reserve for WOLF
Human Ivy built Nature Reserve for WOLF
Human Jack built Nature Reserve for WOLF
Human Quinn built Nature Reserve for WOLF
Human Pip built Nature Reserve for WOLF
Human Grace built Nature Reserve for WOLF
Human Bob built Nature Reserve for WOLF
Human Grace built Nature Reserve for WOLF
Human Xander built Nature Reserve for WOLF
Human Zane built Nature Reserve for WOLF
Human Alice built Nature Reserve for WOLF
Human Alice built Nature Reserve for WOLF
Human Ruby built Nature Reserve for WOLF
Human Diana built Nature Reserve for WOLF
Human Milo built Nature Reserve for WOLF
Human Wendy built Nature Reserve for WOLF
Human Alice built Nature Reserve for WOLF
Human Milo built Nature Reserve for WOLF
Human Tina built Nature Reserve for WOLF
Human Alice built Nature Reserve for WOLF
Human Jack built Nature Reserve for WOLF
Human Pip built Nature Reserve for WOLF
Human Luna built Nature Reserve for WOLF
Human Tina built Nature Reserve for WOLF
Human Frank built Nature Reserve for WOLF
Human Zane built Nature Reserve for WOLF
Human Diana built Nature Reserve for WOLF
Human Jack built Nature Reserve for WOLF
Human Ivy built Nature Reserve for WOLF
Human Wendy built Nature Reserve for WOLF
Human Quinn built Nature Reserve for WOLF
Human Frank built Nature Reserve for WOLF
Human Bob built Nature Reserve for WOLF
Human Wendy built Nature Reserve for WOLF
Human Jack built Nature Reserve for WOLF
Human Zane built Nature Reserve for WOLF
Human Ivy built Nature Reserve for WOLF
Human Quinn built Nature Reserve for WOLF
Human Ivy built Nature Reserve for WOLF
Human Alice built Nature Reserve for WOLF
Human Milo built Nature Reserve for WOLF
Human Ivy built Nature Reserve for WOLF
Human Victor built Nature Reserve for WOLF
Human Xander built Nature Reserve for WOLF
Human Tina built Nature Reserve for WOLF
Human Quinn built Nature Reserve for WOLF
Human Eve built Nature Reserve for WOLF
Human Jack built Nature Reserve for WOLF
Human Ivy built Nature Reserve for WOLF
Human Grace built Nature Reserve for WOLF
Human Charlie built Nature Reserve for WOLF
Human Pip built Nature Reserve for WOLF
Human Charlie built Nature Reserve for WOLF
Human Milo built Nature Reserve for WOLF
Human Ivy built Nature Reserve for WOLF
Human Ivy built Nature Reserve for WOLF
Human Diana built Nature Reserve for WOLF
Human Quinn built Nature Reserve for WOLF
Human Milo built Nature Reserve for WOLF
Human Quinn built Nature Reserve for WOLF
Human Zane built Nature Reserve for WOLF
Human Bob built Nature Reserve for WOLF
Human Grace built Nature Reserve for WOLF
Human Frank built Nature Reserve for WOLF
Human Grace built Nature Reserve for WOLF
Human Ivy built Nature Reserve for WOLF
Human Charlie built Nature Reserve for WOLF
Human Pip built Nature Reserve for WOLF
Human Tina built Nature Reserve for WOLF
Human Charlie built Nature Reserve for WOLF
Human Milo built Nature Reserve for WOLF
Human Victor built Nature Reserve for WOLF
Human Jack built Nature Reserve for WOLF
Human Wendy built Nature Reserve for WOLF
Human Milo built Nature Reserve for WOLF
Human Wendy built Nature Reserve for WOLF
Human Diana built Nature Reserve for WOLF
Human Quinn built Nature Reserve for WOLF
Human Ivy built Nature Reserve for WOLF
Human Tina built Nature Reserve for WOLF
Human Jack built Nature Reserve for WOLF
Human Milo built Nature Reserve for WOLF
Human Ivy built Nature Reserve for WOLF
Human Ruby built Nature Reserve for WOLF
Human Ivy built Nature Reserve for WOLF
Human Alice built Nature Reserve for WOLF
Human Hank built Nature Reserve for WOLF
Human Diana built Nature Reserve for WOLF
Human Luna built Nature Reserve for WOLF
Human Ivy built Nature Reserve for WOLF
Human Ivy built Nature Reserve for WOLF
Human Zane built Nature Reserve for WOLF
Human Quinn built Nature Reserve for WOLF
Human Frank built Nature Reserve for WOLF
Human Tina built Nature Reserve for WOLF
Human Alice built Nature Reserve for WOLF
Human Frank built Nature Reserve for WOLF
Human Pip built Nature Reserve for WOLF
Human Diana built Nature Reserve for WOLF
Human Bob built Nature Reserve for WOLF
Human Ivy built Nature Reserve for WOLF
Human Tina built Nature Reserve for WOLF
Human Tina built Nature Reserve for WOLF
Human Charlie built Nature Reserve for WOLF
Human Frank built Nature Reserve for WOLF
Human Diana built Nature Reserve for WOLF
Human Zane built Nature Reserve for WOLF
Human Quinn built Nature Reserve for WOLF
Human Bob built Nature Reserve for WOLF
Human Bob built Nature Reserve for WOLF
Human Jack built Nature Reserve for WOLF
Human Ivy built Nature Reserve for WOLF
Human Ivy built Nature Reserve for WOLF
Cow Endangered Reproduction!
Cow Endangered Reproduction!
Human Diana built Nature Reserve for COW
Cow Endangered Reproduction!
Cow Endangered Reproduction!
Human Quinn built Nature Reserve for COW
Human Alice built Nature Reserve for COW
Cow Endangered Reproduction!
Cow Endangered Reproduction!
Cow Endangered Reproduction!
Cow Endangered Reproduction!
Human Xander built Nature Reserve for COW
Cow Endangered Reproduction!
Human Grace built Nature Reserve for COW
Human Hank built Nature Reserve for COW
Human Wendy built Nature Reserve for COW
Human Xander built Nature Reserve for COW
Human Pip built Nature Reserve for COW
Human Alice built Nature Reserve for COW
Human Quinn built Nature Reserve for COW
Human Quinn built Nature Reserve for COW
Human Luna built Nature Reserve for COW
Human Zane built Nature Reserve for COW
Human Victor built Nature Reserve for COW
Human Charlie built Nature Reserve for COW
Human Sam built Nature Reserve for COW
Human Xander built Nature Reserve for COW
Human Yara built Nature Reserve for COW
Human Alice built Nature Reserve for COW
Human Frank built Nature Reserve for COW
Human Jack built Nature Reserve for COW
Human Luna built Nature Reserve for COW
Human Luna built Nature Reserve for COW
Human Hank built Nature Reserve for COW
Human Luna built Nature Reserve for COW
Human Eve built Nature Reserve for COW
Human Tina built Nature Reserve for COW
Human Xander built Nature Reserve for COW
Human Milo built Nature Reserve for COW
Human Oscar built Nature Reserve for COW
Human Luna built Nature Reserve for COW
Human Hank built Nature Reserve for COW
Cow Endangered Reproduction!
Human Bob built Nature Reserve for COW
Human Alice built Nature Reserve for COW
Cow Endangered Reproduction!
Human Pip built Nature Reserve for COW
Human Jack built Nature Reserve for WOLF
Human Nina built Nature Reserve for WOLF
Human Frank built Nature Reserve for WOLF
Human Yara built Nature Reserve for WOLF
Human Pip built Nature Reserve for WOLF
Human Luna built Nature Reserve for WOLF
Human Alice built Nature Reserve for WOLF
Cow Endangered Reproduction!
Cow Endangered Reproduction!
Cow Endangered Reproduction!
Human Sam built Nature Reserve for WOLF
Human Diana built Nature Reserve for WOLF
Human Alice built Nature Reserve for WOLF
Human Milo built Nature Reserve for WOLF
Human Uma built Nature Reserve for WOLF
Human Quinn built Nature Reserve for WOLF
Human Grace built Nature Reserve for WOLF
Human Uma built Nature Reserve for WOLF
Human Sam built Nature Reserve for WOLF
Human Charlie built Nature Reserve for WOLF
Human Tina built Nature Reserve for WOLF
Human Victor built Nature Reserve for WOLF
Human Nina built Nature Reserve for WOLF
Human Milo built Nature Reserve for WOLF
Human Milo built Nature Reserve for WOLF
Human Charlie built Nature Reserve for WOLF
Human Milo built Nature Reserve for WOLF
Human Hank built Nature Reserve for WOLF
Human Charlie built Nature Reserve for WOLF
Human Zane built Nature Reserve for WOLF
Human Luna built Nature Reserve for WOLF
Human Charlie built Nature Reserve for WOLF
Human Xander built Nature Reserve for WOLF
Human Zane built Nature Reserve for WOLF
Human Pip built Nature Reserve for WOLF
Human Nina built Nature Reserve for WOLF
Human Alice built Nature Reserve for WOLF
Human Xander built Nature Reserve for WOLF
Human Charlie built Nature Reserve for WOLF
Human Luna built Nature Reserve for WOLF
Human Zane built Nature Reserve for WOLF
Human Ivy built Nature Reserve for WOLF
Human Alice built Nature Reserve for WOLF
Human Uma built Nature Reserve for WOLF
Human Ruby built Nature Reserve for WOLF
Human Uma built Nature Reserve for WOLF
Human Luna built Nature Reserve for WOLF
Human Frank built Nature Reserve for WOLF
Human Bob built Nature Reserve for WOLF
Human Xander built Nature Reserve for WOLF
Human Grace built Nature Reserve for WOLF
Human Xander built Nature Reserve for WOLF
Human Hank built Nature Reserve for WOLF
Human Ruby built Nature Reserve for WOLF
Human Xander built Nature Reserve for WOLF
Human Charlie built Nature Reserve for WOLF
Human Grace built Nature Reserve for WOLF
Human Luna built Nature Reserve for WOLF
Human Alice built Nature Reserve for WOLF
Human Bob built Nature Reserve for WOLF
Human Wendy built Nature Reserve for WOLF
Human Zane built Nature Reserve for WOLF
Human Tina built Nature Reserve for WOLF
Human Xander built Nature Reserve for WOLF
Human Bob built Nature Reserve for WOLF
Human Milo built Nature Reserve for WOLF
Human Quinn built Nature Reserve for WOLF
Human Bob built Nature Reserve for WOLF
Human Hank built Nature Reserve for WOLF
Human Frank built Nature Reserve for WOLF
Human Yara built Nature Reserve for WOLF
Human Quinn built Nature Reserve for WOLF
Human Grace built Nature Reserve for WOLF
Human Alice built Nature Reserve for WOLF
Human Luna built Nature Reserve for WOLF
Human Xander built Nature Reserve for WOLF
Human Wendy built Nature Reserve for WOLF
Human Milo built Nature Reserve for WOLF
Human Oscar built Nature Reserve for WOLF
Human Pip built Nature Reserve for WOLF
Human Grace built Nature Reserve for WOLF
Human Ruby built Nature Reserve for WOLF
Human Luna built Nature Reserve for WOLF
Human Xander built Nature Reserve for WOLF
Human Milo built Nature Reserve for WOLF
Human Diana built Nature Reserve for WOLF
Human Oscar built Nature Reserve for WOLF
Human Tina built Nature Reserve for WOLF
Human Charlie built Nature Reserve for WOLF
Human Tina built Nature Reserve for WOLF
Human Xander built Nature Reserve for WOLF
Human Milo built Nature Reserve for WOLF
Human Yara built Nature Reserve for WOLF
Human Milo built Nature Reserve for WOLF
Human Uma built Nature Reserve for WOLF
Human Diana built Nature Reserve for WOLF
Human Zane built Nature Reserve for WOLF
Human Ruby built Nature Reserve for WOLF
Human Frank built Nature Reserve for WOLF
Human Milo built Nature Reserve for WOLF
Human Alice built Nature Reserve for WOLF
Human Oscar built Nature Reserve for WOLF
Human Grace built Nature Reserve for WOLF
Human Xander built Nature Reserve for WOLF
Human Grace built Nature Reserve for WOLF
Human Xander built Nature Reserve for WOLF
Human Wendy built Nature Reserve for WOLF
Human Hank built Nature Reserve for WOLF
Human Pip built Nature Reserve for WOLF
Human Oscar built Nature Reserve for WOLF
Human Ivy built Nature Reserve for WOLF
Human Grace built Nature Reserve for WOLF
Human Charlie built Nature Reserve for WOLF
Human Hank built Nature Reserve for WOLF
Human Wendy built Nature Reserve for WOLF
Human Alice built Nature Reserve for WOLF
Human Bob built Nature Reserve for WOLF
Human Grace built Nature Reserve for WOLF
Human Luna built Nature Reserve for WOLF
Human Tina built Nature Reserve for WOLF
Human Xander built Nature Reserve for WOLF
Human Uma built Nature Reserve for WOLF
Human Xander built Nature Reserve for WOLF
Human Bob built Nature Reserve for WOLF
Human Charlie built Nature Reserve for WOLF
Human Tina built Nature Reserve for WOLF
Human Uma built Nature Reserve for WOLF
Human Diana built Nature Reserve for WOLF
Human Grace built Nature Reserve for WOLF
Human Grace built Nature Reserve for WOLF
Human Victor built Nature Reserve for WOLF
Human Grace built Nature Reserve for WOLF
Human Wendy built Nature Reserve for WOLF
Human Xander built Nature Reserve for WOLF
Human Luna built Nature Reserve for WOLF
Human Quinn built Nature Reserve for WOLF
Human Luna built Nature Reserve for WOLF
Human Alice built Nature Reserve for WOLF
Human Alice built Nature Reserve for WOLF
Human Milo built Nature Reserve for WOLF
Human Nina built Nature Reserve for WOLF
Human Hank built Nature Reserve for WOLF
Human Wendy built Nature Reserve for WOLF
Human Bob built Nature Reserve for WOLF
Human Bob built Nature Reserve for WOLF
Human Ruby built Nature Reserve for WOLF
Human Wendy built Nature Reserve for WOLF
Human Milo built Nature Reserve for WOLF
Human Quinn built Nature Reserve for WOLF
Human Victor built Nature Reserve for WOLF
Human Luna built Nature Reserve for WOLF
Human Ruby built Nature Reserve for WOLF
Human Tina built Nature Reserve for WOLF
Human Wendy built Nature Reserve for WOLF
Human Pip built Nature Reserve for WOLF
Human Milo built Nature Reserve for WOLF
Human Eve built Nature Reserve for WOLF
Human Oscar built Nature Reserve for WOLF
Human Ruby built Nature Reserve for WOLF
Human Milo built Nature Reserve for WOLF
Human Tina built Nature Reserve for WOLF
Human Sam built Nature Reserve for WOLF
Human Frank built Nature Reserve for WOLF
Human Ivy built Nature Reserve for WOLF
Human Alice built Nature Reserve for WOLF
Human Tina built Nature Reserve for WOLF
Human Ruby built Nature Reserve for WOLF
Human Nina built Nature Reserve for WOLF
Human Ivy built Nature Reserve for WOLF
Human Oscar built Nature Reserve for WOLF
Human Wendy built Nature Reserve for WOLF
Human Tina built Nature Reserve for WOLF
Human Wendy built Nature Reserve for WOLF
Human Luna built Nature Reserve for WOLF
Human Zane built Nature Reserve for WOLF
Human Grace built Nature Reserve for WOLF
Human Uma built Nature Reserve for WOLF
Human Sam built Nature Reserve for WOLF
Human Ruby built Nature Reserve for WOLF
Human Milo built Nature Reserve for WOLF
Human Frank built Nature Reserve for WOLF
Human Luna built Nature Reserve for WOLF
Human Charlie built Nature Reserve for WOLF
Human Tina built Nature Reserve for WOLF
Human Wendy built Nature Reserve for WOLF
Human Charlie built Nature Reserve for WOLF
Human Pip built Nature Reserve for WOLF
Human Victor built Nature Reserve for WOLF
Human Diana built Nature Reserve for WOLF
Human Oscar built Nature Reserve for WOLF
Human Quinn built Nature Reserve for WOLF
Human Charlie built Nature Reserve for WOLF
Human Bob built Nature Reserve for WOLF
Human Quinn built Nature Reserve for WOLF
Human Nina built Nature Reserve for WOLF
Human Eve built Nature Reserve for WOLF
Human Victor built Nature Reserve for WOLF
Human Yara built Nature Reserve for WOLF
Human Eve built Nature Reserve for WOLF
Human Uma built Nature Reserve for WOLF
Human Uma built Nature Reserve for WOLF
Human Milo built Nature Reserve for WOLF
Human Uma built Nature Reserve for WOLF
Human Bob built Nature Reserve for WOLF
Human Tina built Nature Reserve for WOLF
Human Grace built Nature Reserve for WOLF
Human Victor built Nature Reserve for WOLF
Human Nina built Nature Reserve for WOLF
Human Zane built Nature Reserve for WOLF
Human Frank built Nature Reserve for WOLF
Human Hank built Nature Reserve for WOLF
Human Diana built Nature Reserve for WOLF
Human Ruby built Nature Reserve for WOLF
Human Bob built Nature Reserve for WOLF
Human Victor built Nature Reserve for WOLF
Human Tina built Nature Reserve for WOLF
Human Tina built Nature Reserve for WOLF
Human Diana built Nature Reserve for WOLF
Human Tina built Nature Reserve for WOLF
Human Hank built Nature Reserve for WOLF
Human Pip built Nature Reserve for WOLF
Human Bob built Nature Reserve for WOLF
Human Frank built Nature Reserve for WOLF
Human Zane built Nature Reserve for WOLF
Human Milo built Nature Reserve for WOLF
Human Alice built Nature Reserve for WOLF
Human Milo built Nature Reserve for WOLF
Human Milo built Nature Reserve for WOLF
Human Wendy built Nature Reserve for WOLF
Human Alice built Nature Reserve for WOLF
Human Jack built Nature Reserve for WOLF
Human Ivy built Nature Reserve for WOLF
Human Milo built Nature Reserve for WOLF
Human Ruby built Nature Reserve for WOLF
Human Hank built Nature Reserve for WOLF
Human Victor built Nature Reserve for WOLF
Human Zane built Nature Reserve for WOLF
Human Quinn built Nature Reserve for WOLF
Human Diana built Nature Reserve for WOLF
Human Quinn built Nature Reserve for WOLF
Human Charlie built Nature Reserve for WOLF
Human Oscar built Nature Reserve for WOLF
Human Luna built Nature Reserve for WOLF
Human Ruby built Nature Reserve for WOLF
Human Uma built Nature Reserve for WOLF
Human Diana built Nature Reserve for WOLF
Human Eve built Nature Reserve for WOLF
Human Grace built Nature Reserve for WOLF
Human Yara built Nature Reserve for WOLF
Human Grace built Nature Reserve for WOLF
Human Uma built Nature Reserve for WOLF
New Faction INDIGO_464 registered with traits: {
  moveSpeed: [33m0.9738760698674764[39m,
  hungerRate: [33m0.9458304661265923[39m,
  visionRadius: [33m0.9241348142511059[39m,
  aggression: [33m0.968708263686682[39m,
  heatTolerance: [33m0.9444310055846222[39m,
  coldTolerance: [33m0.9974141377598836[39m
}
Societal Split! RED -> INDIGO_464 (Threshold: 6)
Human Hank built Nature Reserve for WOLF
Human Nina built Nature Reserve for WOLF
Human Eve built Nature Reserve for WOLF
Human Milo built Nature Reserve for WOLF
Human Eve built Nature Reserve for WOLF
Human Charlie built Nature Reserve for WOLF
Human Sam built Nature Reserve for WOLF
New Faction ORANGE_580 registered with traits: {
  moveSpeed: [33m0.947239208066245[39m,
  hungerRate: [33m1.0432935982642164[39m,
  visionRadius: [33m1.0338918716169476[39m,
  aggression: [33m0.9485773356770069[39m,
  heatTolerance: [33m0.9692000342414292[39m,
  coldTolerance: [33m0.9178096399137906[39m
}
Societal Split! RED -> ORANGE_580 (Threshold: 6)
New Faction LIME_551 registered with traits: {
  moveSpeed: [33m0.9536332140388605[39m,
  hungerRate: [33m0.9641542102705521[39m,
  visionRadius: [33m0.9534854966036375[39m,
  aggression: [33m0.9854591961060155[39m,
  heatTolerance: [33m0.9105228934834777[39m,
  coldTolerance: [33m0.9237245438872809[39m
}
Societal Split! BLUE -> LIME_551 (Threshold: 6)
Cow Endangered Reproduction!
New Faction TEAL_414 registered with traits: {
  moveSpeed: [33m0.9983844408208509[39m,
  hungerRate: [33m0.9494828977275848[39m,
  visionRadius: [33m1.0786342298724538[39m,
  aggression: [33m1.080852299607637[39m,
  heatTolerance: [33m0.9502937379974161[39m,
  coldTolerance: [33m0.9843263578534603[39m
}
Societal Split! RED -> TEAL_414 (Threshold: 6)
New Faction LIME_345 registered with traits: {
  moveSpeed: [33m1.0998684503197287[39m,
  hungerRate: [33m0.9247414522764431[39m,
  visionRadius: [33m0.9519464882097975[39m,
  aggression: [33m0.936543213116511[39m,
  heatTolerance: [33m1.0573514615954802[39m,
  coldTolerance: [33m0.9572879000548669[39m
}
Societal Split! BLUE -> LIME_345 (Threshold: 6)
Cow Endangered Reproduction!
Cow Endangered Reproduction!
Cow Endangered Reproduction!
Cow Endangered Reproduction!
Cow Endangered Reproduction!
Human Alice built Nature Reserve for COW
Human Milo built Nature Reserve for COW
Human Bob built Nature Reserve for COW
Cow Endangered Reproduction!
Cow Endangered Reproduction!
Cow Endangered Reproduction!
Cow Endangered Reproduction!
Human Oscar built Nature Reserve for COW
Cow Endangered Reproduction!
Cow Endangered Reproduction!
Cow Endangered Reproduction!
Cow Endangered Reproduction!
Cow Endangered Reproduction!
Human Grace built Nature Reserve for COW
New Faction PINK_982 registered with traits: {
  moveSpeed: [33m0.9285475227879183[39m,
  hungerRate: [33m0.9302025073514788[39m,
  visionRadius: [33m0.9658666691209923[39m,
  aggression: [33m1.0147879809179159[39m,
  heatTolerance: [33m0.9585698258461932[39m,
  coldTolerance: [33m0.957317294299821[39m
}
Societal Split! RED -> PINK_982 (Threshold: 6)
Human Quinn built Nature Reserve for COW
Cow Endangered Reproduction!
Cow Endangered Reproduction!
Human Oscar built Nature Reserve for COW
Cow Endangered Reproduction!
New Faction PURPLE_449 registered with traits: {
  moveSpeed: [33m0.9374523238322072[39m,
  hungerRate: [33m0.9190166367946544[39m,
  visionRadius: [33m1.0593440664656313[39m,
  aggression: [33m1.0641710044355561[39m,
  heatTolerance: [33m0.9853746999585541[39m,
  coldTolerance: [33m0.9736878604825684[39m
}
Societal Split! RED -> PURPLE_449 (Threshold: 6)
New Faction ORANGE_631 registered with traits: {
  moveSpeed: [33m0.9420069911480855[39m,
  hungerRate: [33m1.0156919002811724[39m,
  visionRadius: [33m0.9996078221760749[39m,
  aggression: [33m1.0331488431448896[39m,
  heatTolerance: [33m1.0517449638962428[39m,
  coldTolerance: [33m1.0533375423461364[39m
}
Societal Split! RED -> ORANGE_631 (Threshold: 6)
Human Luna built Nature Reserve for WOLF
Human Tina built Nature Reserve for WOLF
Human Diana built Nature Reserve for WOLF
Human Oscar built Nature Reserve for WOLF
Human Ivy built Nature Reserve for WOLF
Human Xander built Nature Reserve for WOLF
Human Diana built Nature Reserve for WOLF
Human Sam built Nature Reserve for WOLF
Human Wendy built Nature Reserve for WOLF
Human Frank built Nature Reserve for WOLF
Human Diana built Nature Reserve for WOLF
Human Wendy built Nature Reserve for WOLF
Human Quinn built Nature Reserve for WOLF
Human Zane built Nature Reserve for WOLF
Human Quinn built Nature Reserve for WOLF
Human Ivy built Nature Reserve for WOLF
Human Quinn built Nature Reserve for WOLF
Human Bob built Nature Reserve for WOLF
Human Frank built Nature Reserve for WOLF
Human Uma built Nature Reserve for WOLF
Human Uma built Nature Reserve for WOLF
Human Xander built Nature Reserve for WOLF
Human Bob built Nature Reserve for WOLF
Human Frank built Nature Reserve for WOLF
Human Pip built Nature Reserve for WOLF
Human Luna built Nature Reserve for WOLF
Human Tina built Nature Reserve for WOLF
Human Wendy built Nature Reserve for WOLF
Human Ivy built Nature Reserve for WOLF
Human Jack built Nature Reserve for WOLF
Human Uma built Nature Reserve for WOLF
Human Pip built Nature Reserve for WOLF
Human Alice built Nature Reserve for WOLF
Human Wendy built Nature Reserve for WOLF
Human Victor built Nature Reserve for WOLF
Human Frank built Nature Reserve for WOLF
Human Quinn built Nature Reserve for WOLF
Human Sam built Nature Reserve for WOLF
Human Ivy built Nature Reserve for WOLF
Human Quinn built Nature Reserve for WOLF
Human Luna built Nature Reserve for WOLF
Human Ruby built Nature Reserve for WOLF
Human Ivy built Nature Reserve for WOLF
Human Wendy built Nature Reserve for WOLF
Human Hank built Nature Reserve for WOLF
Human Ivy built Nature Reserve for WOLF
Human Zane built Nature Reserve for WOLF
Human Bob built Nature Reserve for WOLF
Human Frank built Nature Reserve for WOLF
Human Zane built Nature Reserve for WOLF
Human Ivy built Nature Reserve for WOLF
Human Sam built Nature Reserve for WOLF
Human Sam built Nature Reserve for WOLF
Human Wendy built Nature Reserve for WOLF
Human Bob built Nature Reserve for WOLF
Human Ivy built Nature Reserve for WOLF
Human Diana built Nature Reserve for WOLF
Human Ivy built Nature Reserve for WOLF
Human Alice built Nature Reserve for WOLF
Human Quinn built Nature Reserve for WOLF
Human Diana built Nature Reserve for WOLF
Human Wendy built Nature Reserve for WOLF
Human Nina built Nature Reserve for WOLF
Human Diana built Nature Reserve for WOLF
Human Zane built Nature Reserve for WOLF
Human Alice built Nature Reserve for WOLF
Human Bob built Nature Reserve for WOLF
Human Bob built Nature Reserve for WOLF
Human Wendy built Nature Reserve for WOLF
Human Bob built Nature Reserve for WOLF
Human Eve built Nature Reserve for WOLF
Human Ivy built Nature Reserve for WOLF
Human Wendy built Nature Reserve for WOLF
Human Eve built Nature Reserve for WOLF
Human Eve built Nature Reserve for WOLF
Human Luna built Nature Reserve for WOLF
Human Milo built Nature Reserve for WOLF
Human Diana built Nature Reserve for WOLF
Human Sam built Nature Reserve for WOLF
Human Ivy built Nature Reserve for WOLF
Human Wendy built Nature Reserve for WOLF
Human Frank built Nature Reserve for WOLF
Human Uma built Nature Reserve for WOLF
Human Diana built Nature Reserve for WOLF
Human Jack built Nature Reserve for WOLF
Human Alice built Nature Reserve for WOLF
Human Frank built Nature Reserve for WOLF
Human Diana built Nature Reserve for WOLF
Human Jack built Nature Reserve for WOLF
Human Bob built Nature Reserve for WOLF
Human Frank built Nature Reserve for WOLF
Human Eve built Nature Reserve for WOLF
Human Zane built Nature Reserve for WOLF
Human Milo built Nature Reserve for WOLF
Human Jack built Nature Reserve for WOLF
Human Wendy built Nature Reserve for WOLF
Human Jack built Nature Reserve for WOLF
Human Grace built Nature Reserve for WOLF
Human Sam built Nature Reserve for WOLF
Human Luna built Nature Reserve for WOLF
Human Alice built Nature Reserve for WOLF
Human Bob built Nature Reserve for WOLF
Human Quinn built Nature Reserve for WOLF
Human Jack built Nature Reserve for WOLF
Human Jack built Nature Reserve for WOLF
Human Xander built Nature Reserve for WOLF
Human Luna built Nature Reserve for WOLF
Human Luna built Nature Reserve for WOLF
Human Hank built Nature Reserve for WOLF
Human Eve built Nature Reserve for WOLF
Human Quinn built Nature Reserve for WOLF
Human Eve built Nature Reserve for WOLF
Human Jack built Nature Reserve for WOLF
Human Eve built Nature Reserve for WOLF
Human Milo built Nature Reserve for WOLF
Human Zane built Nature Reserve for WOLF
Human Uma built Nature Reserve for WOLF
Human Tina built Nature Reserve for WOLF
Human Zane built Nature Reserve for WOLF
Human Wendy built Nature Reserve for WOLF
Human Ivy built Nature Reserve for WOLF
Human Zane built Nature Reserve for WOLF
Human Xander built Nature Reserve for WOLF
Human Alice built Nature Reserve for WOLF
Human Ruby built Nature Reserve for WOLF
Human Yara built Nature Reserve for WOLF
Human Eve built Nature Reserve for WOLF
Human Xander built Nature Reserve for WOLF
Human Alice built Nature Reserve for WOLF
Human Tina built Nature Reserve for WOLF
Human Zane built Nature Reserve for WOLF
Human Eve built Nature Reserve for WOLF
Human Ivy built Nature Reserve for WOLF
Human Quinn built Nature Reserve for WOLF
Human Bob built Nature Reserve for WOLF
Human Yara built Nature Reserve for WOLF
Human Luna built Nature Reserve for WOLF
Human Eve built Nature Reserve for WOLF
Human Luna built Nature Reserve for WOLF
Human Pip built Nature Reserve for WOLF
Human Luna built Nature Reserve for WOLF
Human Grace built Nature Reserve for WOLF
Human Milo built Nature Reserve for WOLF
Human Alice built Nature Reserve for WOLF
Human Oscar built Nature Reserve for WOLF
Human Pip built Nature Reserve for WOLF
Human Tina built Nature Reserve for WOLF
Human Zane built Nature Reserve for WOLF
Human Charlie built Nature Reserve for WOLF
Human Bob built Nature Reserve for WOLF
Human Pip built Nature Reserve for WOLF
Human Tina built Nature Reserve for WOLF
Human Ivy built Nature Reserve for WOLF
Human Ivy built Nature Reserve for WOLF
Human Ruby built Nature Reserve for WOLF
Human Tina built Nature Reserve for WOLF
Final population: 885

 [32m✓[39m src/engine/LongRun.test.js [2m([22m[2m1 test[22m[2m)[22m[33m 14020[2mms[22m[39m
     [33m[2m✓[22m[39m should run for 1000 ticks without crashing or exploding [33m 14016[2mms[22m[39m

[2m Test Files [22m [1m[32m2 passed[39m[22m[90m (2)[39m
[2m      Tests [22m [1m[32m4 passed[39m[22m[90m (4)[39m
[2m   Start at [22m 21:57:29
[2m   Duration [22m 17.58s

[1m[42m PASS [49m[22m [32mWaiting for file changes...[39m
       [2mpress [22m[1mh[22m[2m to show help[22m[2m, [22m[2mpress [22m[1mq[22m[2m to quit[22m
c[3J[1m[44m RERUN [49m[22m [34m[2msrc/engine/Config.js [22m[39m
       [2m Filename pattern: [22m[34msrc/engine/StatsDrift.test.js, run[39m

 [32m✓[39m src/engine/StatsDrift.test.js [2m([22m[2m3 tests[22m[2m)[22m[32m 84[2mms[22m[39m
[90mstdout[2m | src/engine/LongRun.test.js[2m > [22m[2mLong Run Stability[2m > [22m[2mshould run for 1000 ticks without crashing or exploding
[22m[39mCow Endangered Reproduction!
Cow Endangered Reproduction!
Cow Endangered Reproduction!
Cow Endangered Reproduction!
Cow Endangered Reproduction!
Cow Endangered Reproduction!
Cow Endangered Reproduction!
Cow Endangered Reproduction!
Cow Endangered Reproduction!
Cow Endangered Reproduction!
Cow Endangered Reproduction!
Cow Endangered Reproduction!
Cow Endangered Reproduction!
Cow Endangered Reproduction!
Cow Endangered Reproduction!
Cow Endangered Reproduction!
Cow Endangered Reproduction!
Cow Endangered Reproduction!
Cow Endangered Reproduction!
Cow Endangered Reproduction!
Cow Endangered Reproduction!
Cow Endangered Reproduction!
Cow Endangered Reproduction!
Cow Endangered Reproduction!
Cow Endangered Reproduction!
Cow Endangered Reproduction!
Cow Endangered Reproduction!
Cow Endangered Reproduction!
Cow Endangered Reproduction!
Cow Endangered Reproduction!
Human Tina built Nature Reserve for WOLF
Human Jack built Nature Reserve for WOLF
Human Uma built Nature Reserve for WOLF
Human Frank built Nature Reserve for WOLF
Human Luna built Nature Reserve for WOLF
Human Wendy built Nature Reserve for WOLF
Human Luna built Nature Reserve for WOLF
Human Quinn built Nature Reserve for WOLF
Human Quinn built Nature Reserve for WOLF
Human Eve built Nature Reserve for WOLF
Human Hank built Nature Reserve for WOLF
Human Grace built Nature Reserve for WOLF
Human Alice built Nature Reserve for WOLF
Human Sam built Nature Reserve for WOLF
Human Grace built Nature Reserve for WOLF
Human Wendy built Nature Reserve for WOLF
Human Quinn built Nature Reserve for WOLF
Human Bob built Nature Reserve for WOLF
Human Frank built Nature Reserve for WOLF
Human Zane built Nature Reserve for WOLF
Human Bob built Nature Reserve for WOLF
Human Tina built Nature Reserve for WOLF
Human Luna built Nature Reserve for WOLF
Human Victor built Nature Reserve for WOLF
Human Quinn built Nature Reserve for WOLF
Human Wendy built Nature Reserve for WOLF
Human Alice built Nature Reserve for WOLF
Human Wendy built Nature Reserve for WOLF
Human Oscar built Nature Reserve for WOLF
Human Eve built Nature Reserve for WOLF
Human Uma built Nature Reserve for WOLF
Human Wendy built Nature Reserve for WOLF
Human Jack built Nature Reserve for WOLF
Human Sam built Nature Reserve for WOLF
Human Pip built Nature Reserve for WOLF
Human Wendy built Nature Reserve for WOLF
Human Hank built Nature Reserve for WOLF
Human Wendy built Nature Reserve for WOLF
Human Milo built Nature Reserve for WOLF
Human Sam built Nature Reserve for WOLF
Human Nina built Nature Reserve for WOLF
Human Bob built Nature Reserve for WOLF
Human Zane built Nature Reserve for WOLF
Human Oscar built Nature Reserve for WOLF
Human Victor built Nature Reserve for WOLF
Human Jack built Nature Reserve for WOLF
Human Oscar built Nature Reserve for WOLF
Human Alice built Nature Reserve for WOLF
Human Pip built Nature Reserve for WOLF
Human Luna built Nature Reserve for WOLF
Human Oscar built Nature Reserve for WOLF
Human Grace built Nature Reserve for WOLF
Human Sam built Nature Reserve for WOLF
Human Ivy built Nature Reserve for WOLF
Human Wendy built Nature Reserve for WOLF
Human Frank built Nature Reserve for WOLF
Human Oscar built Nature Reserve for WOLF
Human Tina built Nature Reserve for WOLF
Human Grace built Nature Reserve for WOLF
Human Zane built Nature Reserve for WOLF
Human Quinn built Nature Reserve for WOLF
Human Frank built Nature Reserve for WOLF
Human Diana built Nature Reserve for WOLF
Human Oscar built Nature Reserve for WOLF
Human Yara built Nature Reserve for WOLF
Human Sam built Nature Reserve for WOLF
Human Sam built Nature Reserve for WOLF
Human Grace built Nature Reserve for WOLF
Human Jack built Nature Reserve for WOLF
Human Ivy built Nature Reserve for WOLF
Human Sam built Nature Reserve for WOLF
Human Sam built Nature Reserve for WOLF
Human Alice built Nature Reserve for WOLF
Human Pip built Nature Reserve for WOLF
Human Pip built Nature Reserve for WOLF
Human Eve built Nature Reserve for WOLF
Human Victor built Nature Reserve for WOLF
Human Hank built Nature Reserve for WOLF
Human Quinn built Nature Reserve for WOLF
Human Uma built Nature Reserve for WOLF
Human Oscar built Nature Reserve for WOLF
Human Grace built Nature Reserve for WOLF
Human Alice built Nature Reserve for WOLF
Human Bob built Nature Reserve for WOLF
Human Oscar built Nature Reserve for WOLF
Human Tina built Nature Reserve for WOLF
Human Jack built Nature Reserve for WOLF
Human Zane built Nature Reserve for WOLF
Human Tina built Nature Reserve for WOLF
Human Sam built Nature Reserve for WOLF
Human Alice built Nature Reserve for WOLF
Human Victor built Nature Reserve for WOLF
Human Sam built Nature Reserve for WOLF
Human Luna built Nature Reserve for WOLF
Human Luna built Nature Reserve for WOLF
Human Alice built Nature Reserve for WOLF
Human Hank built Nature Reserve for WOLF
Human Sam built Nature Reserve for WOLF
Human Luna built Nature Reserve for WOLF
Human Yara built Nature Reserve for WOLF
Human Sam built Nature Reserve for WOLF
Human Grace built Nature Reserve for WOLF
Human Pip built Nature Reserve for WOLF
Human Eve built Nature Reserve for WOLF
Human Quinn built Nature Reserve for WOLF
Human Uma built Nature Reserve for WOLF
Human Diana built Nature Reserve for WOLF
Human Pip built Nature Reserve for WOLF
Human Wendy built Nature Reserve for WOLF
Human Milo built Nature Reserve for WOLF
Human Quinn built Nature Reserve for WOLF
Human Pip built Nature Reserve for WOLF
Human Frank built Nature Reserve for WOLF
Human Grace built Nature Reserve for WOLF
Human Tina built Nature Reserve for WOLF
Human Oscar built Nature Reserve for WOLF
Human Wendy built Nature Reserve for WOLF
Human Hank built Nature Reserve for WOLF
Human Ivy built Nature Reserve for WOLF
Human Alice built Nature Reserve for WOLF
Human Frank built Nature Reserve for WOLF
Human Pip built Nature Reserve for WOLF
Human Grace built Nature Reserve for WOLF
Human Oscar built Nature Reserve for WOLF
Human Diana built Nature Reserve for WOLF
Human Sam built Nature Reserve for WOLF
Human Wendy built Nature Reserve for WOLF
Human Wendy built Nature Reserve for WOLF
Human Grace built Nature Reserve for WOLF
Human Tina built Nature Reserve for WOLF
Human Victor built Nature Reserve for WOLF
Human Jack built Nature Reserve for WOLF
Cow Endangered Reproduction!
Cow Endangered Reproduction!
Cow Endangered Reproduction!
Human Frank built Nature Reserve for COW
Human Pip built Nature Reserve for COW
Cow Endangered Reproduction!
Human Victor built Nature Reserve for COW
Human Sam built Nature Reserve for COW
Human Nina built Nature Reserve for COW
Human Jack built Nature Reserve for COW
Human Ivy built Nature Reserve for COW
Human Oscar built Nature Reserve for COW
Human Luna built Nature Reserve for COW
Human Eve built Nature Reserve for COW
Human Bob built Nature Reserve for COW
Human Zane built Nature Reserve for COW
Human Bob built Nature Reserve for COW
Cow Endangered Reproduction!
Human Ivy built Nature Reserve for COW
Human Ivy built Nature Reserve for COW
Human Eve built Nature Reserve for COW
Human Sam built Nature Reserve for COW
Human Sam built Nature Reserve for COW
Human Frank built Nature Reserve for COW
Human Luna built Nature Reserve for COW
Cow Endangered Reproduction!
Cow Endangered Reproduction!
Cow Endangered Reproduction!
Cow Endangered Reproduction!
Cow Endangered Reproduction!
New Faction TEAL_159 registered with traits: {
  moveSpeed: [33m1.0245262916467257[39m,
  hungerRate: [33m1.0920819344308204[39m,
  visionRadius: [33m0.9778753050689225[39m,
  aggression: [33m1.04732032221614[39m,
  heatTolerance: [33m0.9399733763267536[39m,
  coldTolerance: [33m0.9526679945010723[39m
}
Societal Split! RED -> TEAL_159 (Threshold: 6)
Human Yara built Nature Reserve for WOLF
Human Nina built Nature Reserve for WOLF
Human Alice built Nature Reserve for WOLF
Human Xander built Nature Reserve for WOLF
Human Oscar built Nature Reserve for WOLF
Human Ruby built Nature Reserve for WOLF
Human Jack built Nature Reserve for WOLF
Human Sam built Nature Reserve for WOLF
Human Oscar built Nature Reserve for WOLF
Human Zane built Nature Reserve for WOLF
Human Nina built Nature Reserve for WOLF
Human Milo built Nature Reserve for WOLF
Human Uma built Nature Reserve for WOLF
Human Eve built Nature Reserve for WOLF
Human Nina built Nature Reserve for WOLF
Human Ruby built Nature Reserve for WOLF
Human Pip built Nature Reserve for WOLF
Human Wendy built Nature Reserve for WOLF
Human Milo built Nature Reserve for WOLF
Human Grace built Nature Reserve for WOLF
Human Jack built Nature Reserve for WOLF
Human Sam built Nature Reserve for WOLF
Human Oscar built Nature Reserve for WOLF
Human Diana built Nature Reserve for WOLF
Human Luna built Nature Reserve for WOLF
Human Bob built Nature Reserve for WOLF
Human Grace built Nature Reserve for WOLF
Human Ivy built Nature Reserve for WOLF
Human Yara built Nature Reserve for WOLF
Human Ruby built Nature Reserve for WOLF
Human Zane built Nature Reserve for WOLF
Human Jack built Nature Reserve for WOLF
Human Milo built Nature Reserve for WOLF
Human Frank built Nature Reserve for WOLF
Human Nina built Nature Reserve for WOLF
Human Zane built Nature Reserve for WOLF
Human Oscar built Nature Reserve for WOLF
Human Grace built Nature Reserve for WOLF
Human Xander built Nature Reserve for WOLF
Human Alice built Nature Reserve for WOLF
Human Alice built Nature Reserve for WOLF
Human Sam built Nature Reserve for WOLF
Human Xander built Nature Reserve for WOLF
Human Ruby built Nature Reserve for WOLF
Human Nina built Nature Reserve for WOLF
Human Grace built Nature Reserve for WOLF
Human Zane built Nature Reserve for WOLF
Human Milo built Nature Reserve for WOLF
Human Hank built Nature Reserve for WOLF
Human Zane built Nature Reserve for WOLF
Human Grace built Nature Reserve for WOLF
Human Wendy built Nature Reserve for WOLF
Human Milo built Nature Reserve for WOLF
Human Zane built Nature Reserve for WOLF
Human Ivy built Nature Reserve for WOLF
Human Sam built Nature Reserve for WOLF
Human Frank built Nature Reserve for WOLF
Human Tina built Nature Reserve for WOLF
Human Frank built Nature Reserve for WOLF
Human Diana built Nature Reserve for WOLF
Human Xander built Nature Reserve for WOLF
Human Wendy built Nature Reserve for WOLF
Human Yara built Nature Reserve for WOLF
Human Hank built Nature Reserve for WOLF
Human Frank built Nature Reserve for WOLF
Human Pip built Nature Reserve for WOLF
Human Ruby built Nature Reserve for WOLF
Human Wendy built Nature Reserve for WOLF
Human Yara built Nature Reserve for WOLF
Human Eve built Nature Reserve for WOLF
Human Frank built Nature Reserve for WOLF
Human Nina built Nature Reserve for WOLF
Human Oscar built Nature Reserve for WOLF
Human Zane built Nature Reserve for WOLF
Human Bob built Nature Reserve for WOLF
Human Victor built Nature Reserve for WOLF
Human Quinn built Nature Reserve for WOLF
Human Uma built Nature Reserve for WOLF
Human Yara built Nature Reserve for WOLF
Human Frank built Nature Reserve for WOLF
Human Nina built Nature Reserve for WOLF
Human Pip built Nature Reserve for WOLF
Human Sam built Nature Reserve for WOLF
Human Frank built Nature Reserve for WOLF
Human Victor built Nature Reserve for WOLF
Human Sam built Nature Reserve for WOLF
Human Ruby built Nature Reserve for WOLF
Human Quinn built Nature Reserve for WOLF
Human Luna built Nature Reserve for WOLF
Human Milo built Nature Reserve for WOLF
Human Wendy built Nature Reserve for WOLF
Human Diana built Nature Reserve for WOLF
Human Nina built Nature Reserve for WOLF
Human Tina built Nature Reserve for WOLF
Human Yara built Nature Reserve for WOLF
Human Tina built Nature Reserve for WOLF
Human Yara built Nature Reserve for WOLF
Human Luna built Nature Reserve for WOLF
Human Diana built Nature Reserve for WOLF
Human Ruby built Nature Reserve for WOLF
Human Frank built Nature Reserve for WOLF
Human Grace built Nature Reserve for WOLF
Human Frank built Nature Reserve for WOLF
Human Wendy built Nature Reserve for WOLF
Human Milo built Nature Reserve for WOLF
Human Frank built Nature Reserve for WOLF
Human Ivy built Nature Reserve for WOLF
Human Charlie built Nature Reserve for WOLF
Human Nina built Nature Reserve for WOLF
Human Hank built Nature Reserve for WOLF
Human Charlie built Nature Reserve for WOLF
Human Zane built Nature Reserve for WOLF
Human Pip built Nature Reserve for WOLF
Human Frank built Nature Reserve for WOLF
Human Frank built Nature Reserve for WOLF
Human Luna built Nature Reserve for WOLF
Human Ivy built Nature Reserve for WOLF
Human Yara built Nature Reserve for WOLF
Human Ivy built Nature Reserve for WOLF
Human Xander built Nature Reserve for WOLF
Human Zane built Nature Reserve for WOLF
Human Luna built Nature Reserve for WOLF
Human Wendy built Nature Reserve for WOLF
Human Eve built Nature Reserve for WOLF
Human Quinn built Nature Reserve for WOLF
Human Uma built Nature Reserve for WOLF
Human Nina built Nature Reserve for WOLF
Human Ivy built Nature Reserve for WOLF
Human Zane built Nature Reserve for WOLF
Human Diana built Nature Reserve for WOLF
Human Wendy built Nature Reserve for WOLF
Human Frank built Nature Reserve for WOLF
Human Yara built Nature Reserve for WOLF
Human Frank built Nature Reserve for WOLF
Human Milo built Nature Reserve for WOLF
Human Sam built Nature Reserve for WOLF
Human Zane built Nature Reserve for WOLF
Human Xander built Nature Reserve for WOLF
Human Sam built Nature Reserve for WOLF
Human Jack built Nature Reserve for WOLF
Human Tina built Nature Reserve for WOLF
Human Pip built Nature Reserve for WOLF
Human Ruby built Nature Reserve for WOLF
Human Luna built Nature Reserve for WOLF
Human Diana built Nature Reserve for WOLF
New Faction LIME_98 registered with traits: {
  moveSpeed: [33m1.0690559159424657[39m,
  hungerRate: [33m0.9581395040423362[39m,
  visionRadius: [33m0.9953107338341336[39m,
  aggression: [33m0.9510008442054214[39m,
  heatTolerance: [33m0.9204482110759205[39m,
  coldTolerance: [33m0.9577474611349561[39m
}
Societal Split! RED -> LIME_98 (Threshold: 6)
Human Ruby built Nature Reserve for WOLF
Human Bob built Nature Reserve for WOLF
Human Uma built Nature Reserve for WOLF
Human Luna built Nature Reserve for WOLF
Human Victor built Nature Reserve for WOLF
Human Victor built Nature Reserve for WOLF
Human Xander built Nature Reserve for WOLF
Human Eve built Nature Reserve for WOLF
Human Victor built Nature Reserve for WOLF
Human Victor built Nature Reserve for WOLF
Human Jack built Nature Reserve for WOLF
Human Oscar built Nature Reserve for WOLF
Human Zane built Nature Reserve for WOLF
Human Sam built Nature Reserve for WOLF
Human Bob built Nature Reserve for WOLF
Human Diana built Nature Reserve for WOLF
Human Jack built Nature Reserve for WOLF
Human Wendy built Nature Reserve for WOLF
Human Pip built Nature Reserve for WOLF
Human Frank built Nature Reserve for WOLF
Human Yara built Nature Reserve for WOLF
Human Ruby built Nature Reserve for WOLF
Human Bob built Nature Reserve for WOLF
Human Luna built Nature Reserve for WOLF
Human Ruby built Nature Reserve for WOLF
Human Wendy built Nature Reserve for WOLF
Human Charlie built Nature Reserve for WOLF
Human Ivy built Nature Reserve for WOLF
Human Pip built Nature Reserve for WOLF
Human Oscar built Nature Reserve for WOLF
Human Frank built Nature Reserve for WOLF
Human Diana built Nature Reserve for WOLF
Human Grace built Nature Reserve for WOLF
Human Eve built Nature Reserve for WOLF
Human Xander built Nature Reserve for WOLF
Human Hank built Nature Reserve for WOLF
Human Frank built Nature Reserve for WOLF
Human Frank built Nature Reserve for WOLF
Human Diana built Nature Reserve for WOLF
Human Zane built Nature Reserve for WOLF
Human Ivy built Nature Reserve for WOLF
Human Yara built Nature Reserve for WOLF
Human Grace built Nature Reserve for WOLF
Human Milo built Nature Reserve for WOLF
Human Wendy built Nature Reserve for WOLF
Human Sam built Nature Reserve for WOLF
Human Yara built Nature Reserve for WOLF
Human Zane built Nature Reserve for WOLF
Human Wendy built Nature Reserve for WOLF
Human Quinn built Nature Reserve for WOLF
Human Yara built Nature Reserve for WOLF
Human Luna built Nature Reserve for WOLF
Human Charlie built Nature Reserve for WOLF
Human Ivy built Nature Reserve for WOLF
Human Wendy built Nature Reserve for WOLF
Human Diana built Nature Reserve for WOLF
Human Victor built Nature Reserve for WOLF
Human Frank built Nature Reserve for WOLF
Human Ruby built Nature Reserve for WOLF
Human Eve built Nature Reserve for WOLF
Human Diana built Nature Reserve for WOLF
Human Ruby built Nature Reserve for WOLF
Human Sam built Nature Reserve for WOLF
Human Tina built Nature Reserve for WOLF
Human Oscar built Nature Reserve for WOLF
Human Eve built Nature Reserve for WOLF
Human Zane built Nature Reserve for WOLF
Human Quinn built Nature Reserve for WOLF
Human Sam built Nature Reserve for WOLF
Human Diana built Nature Reserve for WOLF
Human Ruby built Nature Reserve for WOLF
Human Sam built Nature Reserve for WOLF
Human Victor built Nature Reserve for WOLF
Human Frank built Nature Reserve for WOLF
Human Zane built Nature Reserve for WOLF
Human Yara built Nature Reserve for WOLF
Human Zane built Nature Reserve for WOLF
Human Luna built Nature Reserve for WOLF
Human Jack built Nature Reserve for WOLF
Human Yara built Nature Reserve for WOLF
Human Oscar built Nature Reserve for WOLF
Human Ruby built Nature Reserve for WOLF
Human Luna built Nature Reserve for WOLF
Human Diana built Nature Reserve for WOLF
Human Diana built Nature Reserve for WOLF
Human Jack built Nature Reserve for WOLF
Human Charlie built Nature Reserve for WOLF
Human Ruby built Nature Reserve for WOLF
Human Luna built Nature Reserve for WOLF
Human Ruby built Nature Reserve for WOLF
Human Tina built Nature Reserve for WOLF
Human Bob built Nature Reserve for WOLF
Human Bob built Nature Reserve for WOLF
Human Wendy built Nature Reserve for WOLF
Human Zane built Nature Reserve for WOLF
Human Diana built Nature Reserve for WOLF
Human Ruby built Nature Reserve for WOLF
Human Bob built Nature Reserve for WOLF
Human Luna built Nature Reserve for WOLF
Human Grace built Nature Reserve for WOLF
Human Eve built Nature Reserve for WOLF
Human Ruby built Nature Reserve for WOLF
Human Charlie built Nature Reserve for WOLF
Human Charlie built Nature Reserve for WOLF
Human Wendy built Nature Reserve for WOLF
Human Grace built Nature Reserve for WOLF
Human Bob built Nature Reserve for WOLF
Human Ruby built Nature Reserve for WOLF
Human Quinn built Nature Reserve for WOLF
Human Zane built Nature Reserve for WOLF
Human Oscar built Nature Reserve for WOLF
Human Frank built Nature Reserve for WOLF
Human Charlie built Nature Reserve for WOLF
Human Oscar built Nature Reserve for WOLF
Human Milo built Nature Reserve for WOLF
Human Sam built Nature Reserve for WOLF
Human Wendy built Nature Reserve for WOLF
Human Diana built Nature Reserve for WOLF
Human Diana built Nature Reserve for WOLF
Human Luna built Nature Reserve for WOLF
Human Ruby built Nature Reserve for WOLF
Human Grace built Nature Reserve for WOLF
Human Yara built Nature Reserve for WOLF
Human Grace built Nature Reserve for WOLF
Human Jack built Nature Reserve for WOLF
Human Yara built Nature Reserve for WOLF
Human Victor built Nature Reserve for WOLF
Human Charlie built Nature Reserve for WOLF
Human Jack built Nature Reserve for WOLF
Human Luna built Nature Reserve for WOLF
Human Oscar built Nature Reserve for WOLF
Human Milo built Nature Reserve for WOLF
Human Uma built Nature Reserve for WOLF
Human Yara built Nature Reserve for WOLF
Human Sam built Nature Reserve for WOLF
Human Uma built Nature Reserve for WOLF
Human Oscar built Nature Reserve for WOLF
Human Grace built Nature Reserve for WOLF
Human Nina built Nature Reserve for WOLF
Human Bob built Nature Reserve for WOLF
Human Oscar built Nature Reserve for WOLF
Human Bob built Nature Reserve for WOLF
Human Ivy built Nature Reserve for WOLF
Human Milo built Nature Reserve for WOLF
Human Bob built Nature Reserve for WOLF
Human Ruby built Nature Reserve for WOLF
Human Yara built Nature Reserve for WOLF
Human Uma built Nature Reserve for WOLF
Human Luna built Nature Reserve for WOLF
Human Milo built Nature Reserve for WOLF
Human Grace built Nature Reserve for WOLF
Human Ivy built Nature Reserve for WOLF
Human Quinn built Nature Reserve for WOLF
Human Yara built Nature Reserve for WOLF
Human Wendy built Nature Reserve for WOLF
Human Ivy built Nature Reserve for WOLF
Human Bob built Nature Reserve for WOLF
Human Yara built Nature Reserve for WOLF
Human Milo built Nature Reserve for WOLF
Human Yara built Nature Reserve for WOLF
Human Oscar built Nature Reserve for WOLF
Human Ivy built Nature Reserve for WOLF
Human Grace built Nature Reserve for WOLF
Human Oscar built Nature Reserve for WOLF
Human Milo built Nature Reserve for WOLF
Human Quinn built Nature Reserve for WOLF
Human Frank built Nature Reserve for WOLF
Human Zane built Nature Reserve for WOLF
Human Oscar built Nature Reserve for WOLF
Human Luna built Nature Reserve for WOLF
Human Zane built Nature Reserve for WOLF
Human Yara built Nature Reserve for WOLF
Human Oscar built Nature Reserve for WOLF
Human Oscar built Nature Reserve for WOLF
Human Milo built Nature Reserve for WOLF
Human Zane built Nature Reserve for WOLF
Human Xander built Nature Reserve for WOLF
Human Xander built Nature Reserve for WOLF
Human Bob built Nature Reserve for WOLF
Human Tina built Nature Reserve for WOLF
Human Victor built Nature Reserve for WOLF
Human Grace built Nature Reserve for WOLF
Human Alice built Nature Reserve for WOLF
New Faction TEAL_234 registered with traits: {
  moveSpeed: [33m1.001705839800434[39m,
  hungerRate: [33m0.9007474594927639[39m,
  visionRadius: [33m1.089291564843836[39m,
  aggression: [33m1.0143103335229884[39m,
  heatTolerance: [33m1.0621367379626432[39m,
  coldTolerance: [33m1.0675725828535225[39m
}
Societal Split! RED -> TEAL_234 (Threshold: 6)
New Faction LIME_454 registered with traits: {
  moveSpeed: [33m0.9649219965467083[39m,
  hungerRate: [33m0.9405453701210991[39m,
  visionRadius: [33m0.9474133577474548[39m,
  aggression: [33m1.0133339790877471[39m,
  heatTolerance: [33m1.0835941142058458[39m,
  coldTolerance: [33m0.9740161929908094[39m
}
Societal Split! RED -> LIME_454 (Threshold: 6)
New Faction ORANGE_40 registered with traits: {
  moveSpeed: [33m0.9531868497528402[39m,
  hungerRate: [33m1.047071789398655[39m,
  visionRadius: [33m0.9874647520133985[39m,
  aggression: [33m0.9635719421243721[39m,
  heatTolerance: [33m1.0465158348093189[39m,
  coldTolerance: [33m1.0889217640290005[39m
}
Societal Split! RED -> ORANGE_40 (Threshold: 6)
New Faction ORANGE_777 registered with traits: {
  moveSpeed: [33m0.9376046796889426[39m,
  hungerRate: [33m0.9996646769901971[39m,
  visionRadius: [33m0.9967219640026763[39m,
  aggression: [33m1.0349827685018227[39m,
  heatTolerance: [33m1.070032788690444[39m,
  coldTolerance: [33m0.9344309174867127[39m
}
Societal Split! RED -> ORANGE_777 (Threshold: 6)
New Faction ORANGE_379 registered with traits: {
  moveSpeed: [33m0.8792041273995373[39m,
  hungerRate: [33m1.0195100094786536[39m,
  visionRadius: [33m0.9440202146811987[39m,
  aggression: [33m0.9872211311863146[39m,
  heatTolerance: [33m1.025195164026682[39m,
  coldTolerance: [33m0.8657661435865874[39m
}
Societal Split! ORANGE_777 -> ORANGE_379 (Threshold: 6)
New Faction PURPLE_19 registered with traits: {
  moveSpeed: [33m0.9624901125124846[39m,
  hungerRate: [33m0.9384939784506228[39m,
  visionRadius: [33m1.0918899188892115[39m,
  aggression: [33m0.9811766538057284[39m,
  heatTolerance: [33m1.0153717996395406[39m,
  coldTolerance: [33m1.0187893253075908[39m
}
Societal Split! RED -> PURPLE_19 (Threshold: 6)
Cow Endangered Reproduction!
Cow Endangered Reproduction!
Cow Endangered Reproduction!
Cow Endangered Reproduction!
Human Frank built Nature Reserve for COW
Cow Endangered Reproduction!
Cow Endangered Reproduction!
Cow Endangered Reproduction!
Cow Endangered Reproduction!
Cow Endangered Reproduction!
Cow Endangered Reproduction!
Cow Endangered Reproduction!
Cow Endangered Reproduction!
Cow Endangered Reproduction!
Cow Endangered Reproduction!
Cow Endangered Reproduction!
Cow Endangered Reproduction!
Cow Endangered Reproduction!
Human Grace built Nature Reserve for COW
Cow Endangered Reproduction!
Cow Endangered Reproduction!
Cow Endangered Reproduction!
Cow Endangered Reproduction!
Cow Endangered Reproduction!
Cow Endangered Reproduction!
New Faction PURPLE_292 registered with traits: {
  moveSpeed: [33m1.0297597383446142[39m,
  hungerRate: [33m0.9322130864424487[39m,
  visionRadius: [33m0.94014362658426[39m,
  aggression: [33m1.0999600252923314[39m,
  heatTolerance: [33m1.0949523969929023[39m,
  coldTolerance: [33m0.9046993971318499[39m
}
Societal Split! RED -> PURPLE_292 (Threshold: 6)
Cow Endangered Reproduction!
Human Luna built Nature Reserve for COW
Human Grace built Nature Reserve for COW
Cow Endangered Reproduction!
Cow Endangered Reproduction!
Cow Endangered Reproduction!
Cow Endangered Reproduction!
Cow Endangered Reproduction!
New Faction ORANGE_572 registered with traits: {
  moveSpeed: [33m1.020567689333383[39m,
  hungerRate: [33m0.9894535894208955[39m,
  visionRadius: [33m0.9778775583476648[39m,
  aggression: [33m1.070537705291302[39m,
  heatTolerance: [33m0.973136112510931[39m,
  coldTolerance: [33m0.9638640126599967[39m
}
Societal Split! RED -> ORANGE_572 (Threshold: 6)
New Faction LIME_871 registered with traits: {
  moveSpeed: [33m1.0812438379177443[39m,
  hungerRate: [33m0.9414644492570639[39m,
  visionRadius: [33m1.0515818373215868[39m,
  aggression: [33m0.9448453857053438[39m,
  heatTolerance: [33m0.9560710844254963[39m,
  coldTolerance: [33m0.9717179094845192[39m
}
Societal Split! BLUE -> LIME_871 (Threshold: 6)
New Faction INDIGO_866 registered with traits: {
  moveSpeed: [33m0.9191149014565055[39m,
  hungerRate: [33m1.0679376381846208[39m,
  visionRadius: [33m0.9283966283180158[39m,
  aggression: [33m0.9074770684581883[39m,
  heatTolerance: [33m0.9813702648434319[39m,
  coldTolerance: [33m0.9219063637541854[39m
}
Societal Split! RED -> INDIGO_866 (Threshold: 6)
Human Victor built Nature Reserve for WOLF
Human Pip built Nature Reserve for WOLF
Human Luna built Nature Reserve for WOLF
Human Oscar built Nature Reserve for WOLF
Human Jack built Nature Reserve for WOLF
Human Diana built Nature Reserve for WOLF
Human Oscar built Nature Reserve for WOLF
Human Quinn built Nature Reserve for WOLF
Human Yara built Nature Reserve for WOLF
Human Luna built Nature Reserve for WOLF
Human Eve built Nature Reserve for WOLF
Final population: 759

 [32m✓[39m src/engine/LongRun.test.js [2m([22m[2m1 test[22m[2m)[22m[33m 8106[2mms[22m[39m
     [33m[2m✓[22m[39m should run for 1000 ticks without crashing or exploding [33m 8081[2mms[22m[39m

[2m Test Files [22m [1m[32m2 passed[39m[22m[90m (2)[39m
[2m      Tests [22m [1m[32m4 passed[39m[22m[90m (4)[39m
[2m   Start at [22m 22:04:44
[2m   Duration [22m 15.81s

[1m[42m PASS [49m[22m [32mWaiting for file changes...[39m
       [2mpress [22m[1mh[22m[2m to show help[22m[2m, [22m[2mpress [22m[1mq[22m[2m to quit[22m
c[3J[1m[44m RERUN [49m[22m [34m[2msrc/engine/Config.js [22m[39m
       [2m Filename pattern: [22m[34msrc/engine/StatsDrift.test.js, run[39m

 [32m✓[39m src/engine/StatsDrift.test.js [2m([22m[2m3 tests[22m[2m)[22m[32m 32[2mms[22m[39m
[90mstdout[2m | src/engine/LongRun.test.js[2m > [22m[2mLong Run Stability[2m > [22m[2mshould run for 1000 ticks without crashing or exploding
[22m[39mCow Endangered Reproduction!
Cow Endangered Reproduction!
Cow Endangered Reproduction!
Cow Endangered Reproduction!
Cow Endangered Reproduction!
Cow Endangered Reproduction!
Cow Endangered Reproduction!
Cow Endangered Reproduction!
Cow Endangered Reproduction!
Cow Endangered Reproduction!
Cow Endangered Reproduction!
Cow Endangered Reproduction!
Cow Endangered Reproduction!
Cow Endangered Reproduction!
Cow Endangered Reproduction!
Cow Endangered Reproduction!
Cow Endangered Reproduction!
Cow Endangered Reproduction!
Cow Endangered Reproduction!
Cow Endangered Reproduction!
Cow Endangered Reproduction!
Cow Endangered Reproduction!
Cow Endangered Reproduction!
Cow Endangered Reproduction!
Cow Endangered Reproduction!
Cow Endangered Reproduction!
Cow Endangered Reproduction!
Cow Endangered Reproduction!
Cow Endangered Reproduction!
Cow Endangered Reproduction!
Human Quinn built Nature Reserve for WOLF
Human Frank built Nature Reserve for WOLF
Human Pip built Nature Reserve for WOLF
Human Luna built Nature Reserve for WOLF
Human Hank built Nature Reserve for WOLF
Human Ivy built Nature Reserve for WOLF
Human Zane built Nature Reserve for WOLF
Human Ivy built Nature Reserve for WOLF
Human Alice built Nature Reserve for WOLF
Human Milo built Nature Reserve for WOLF
Human Milo built Nature Reserve for WOLF
Human Victor built Nature Reserve for WOLF
Human Diana built Nature Reserve for WOLF
Human Wendy built Nature Reserve for WOLF
Human Diana built Nature Reserve for WOLF
Human Sam built Nature Reserve for WOLF
Human Zane built Nature Reserve for WOLF
Human Charlie built Nature Reserve for WOLF
Human Zane built Nature Reserve for WOLF
Human Bob built Nature Reserve for WOLF
Human Jack built Nature Reserve for WOLF
Human Pip built Nature Reserve for WOLF
Human Tina built Nature Reserve for WOLF
Human Wendy built Nature Reserve for WOLF
Human Hank built Nature Reserve for WOLF
Human Sam built Nature Reserve for WOLF
Human Charlie built Nature Reserve for WOLF
Human Victor built Nature Reserve for WOLF
Human Milo built Nature Reserve for WOLF
Human Ivy built Nature Reserve for WOLF
Human Hank built Nature Reserve for WOLF
Human Pip built Nature Reserve for WOLF
Human Xander built Nature Reserve for WOLF
Human Bob built Nature Reserve for WOLF
Human Pip built Nature Reserve for WOLF
Human Pip built Nature Reserve for WOLF
Human Milo built Nature Reserve for WOLF
Human Grace built Nature Reserve for WOLF
Human Pip built Nature Reserve for WOLF
Human Zane built Nature Reserve for WOLF
Human Diana built Nature Reserve for WOLF
Human Tina built Nature Reserve for WOLF
Human Grace built Nature Reserve for WOLF
Human Xander built Nature Reserve for WOLF
Human Pip built Nature Reserve for WOLF
Human Jack built Nature Reserve for WOLF
Human Diana built Nature Reserve for WOLF
Human Zane built Nature Reserve for WOLF
Human Zane built Nature Reserve for WOLF
Human Grace built Nature Reserve for WOLF
Human Nina built Nature Reserve for WOLF
Human Pip built Nature Reserve for WOLF
Human Tina built Nature Reserve for WOLF
Human Xander built Nature Reserve for WOLF
Human Oscar built Nature Reserve for WOLF
Human Hank built Nature Reserve for WOLF
Human Ivy built Nature Reserve for WOLF
Human Sam built Nature Reserve for WOLF
Human Victor built Nature Reserve for WOLF
Human Zane built Nature Reserve for WOLF
Human Victor built Nature Reserve for WOLF
Human Pip built Nature Reserve for WOLF
Human Alice built Nature Reserve for WOLF
Human Charlie built Nature Reserve for WOLF
Human Bob built Nature Reserve for WOLF
Human Ivy built Nature Reserve for WOLF
Human Nina built Nature Reserve for WOLF
Human Frank built Nature Reserve for WOLF
Human Xander built Nature Reserve for WOLF
Human Diana built Nature Reserve for WOLF
Human Wendy built Nature Reserve for WOLF
Human Xander built Nature Reserve for WOLF
Human Jack built Nature Reserve for WOLF
Human Yara built Nature Reserve for WOLF
Human Victor built Nature Reserve for WOLF
Human Victor built Nature Reserve for WOLF
Human Milo built Nature Reserve for WOLF
Human Charlie built Nature Reserve for WOLF
Human Zane built Nature Reserve for WOLF
Human Wendy built Nature Reserve for WOLF
Human Eve built Nature Reserve for WOLF
Human Wendy built Nature Reserve for WOLF
Human Quinn built Nature Reserve for WOLF
Human Ruby built Nature Reserve for WOLF
Human Yara built Nature Reserve for WOLF
Human Zane built Nature Reserve for WOLF
Human Oscar built Nature Reserve for WOLF
Human Bob built Nature Reserve for WOLF
Human Alice built Nature Reserve for WOLF
Human Diana built Nature Reserve for WOLF
Human Zane built Nature Reserve for WOLF
Human Pip built Nature Reserve for WOLF
Human Milo built Nature Reserve for WOLF
Human Pip built Nature Reserve for WOLF
Human Wendy built Nature Reserve for WOLF
Human Victor built Nature Reserve for WOLF
Human Wendy built Nature Reserve for WOLF
Human Frank built Nature Reserve for WOLF
Human Milo built Nature Reserve for WOLF
Human Jack built Nature Reserve for WOLF
Human Bob built Nature Reserve for WOLF
Human Zane built Nature Reserve for WOLF
Human Quinn built Nature Reserve for WOLF
Human Milo built Nature Reserve for WOLF
Human Sam built Nature Reserve for WOLF
Human Grace built Nature Reserve for WOLF
Human Pip built Nature Reserve for WOLF
Human Yara built Nature Reserve for WOLF
Human Quinn built Nature Reserve for WOLF
Human Victor built Nature Reserve for WOLF
Human Hank built Nature Reserve for WOLF
Human Charlie built Nature Reserve for WOLF
Human Ruby built Nature Reserve for WOLF
Human Sam built Nature Reserve for WOLF
Human Pip built Nature Reserve for WOLF
Human Bob built Nature Reserve for WOLF
Human Wendy built Nature Reserve for WOLF
Human Sam built Nature Reserve for WOLF
Human Nina built Nature Reserve for WOLF
Human Pip built Nature Reserve for WOLF
Human Diana built Nature Reserve for WOLF
Human Ruby built Nature Reserve for WOLF
Human Ivy built Nature Reserve for WOLF
Human Frank built Nature Reserve for WOLF
Human Victor built Nature Reserve for WOLF
Human Zane built Nature Reserve for WOLF
Human Hank built Nature Reserve for WOLF
Human Tina built Nature Reserve for WOLF
Human Xander built Nature Reserve for WOLF
Human Pip built Nature Reserve for WOLF
Human Zane built Nature Reserve for WOLF
Human Frank built Nature Reserve for WOLF
Human Zane built Nature Reserve for WOLF
Human Yara built Nature Reserve for WOLF
Human Zane built Nature Reserve for WOLF
Human Hank built Nature Reserve for COW
Human Hank built Nature Reserve for COW
Human Pip built Nature Reserve for COW
Human Diana built Nature Reserve for WOLF
Human Pip built Nature Reserve for WOLF
Human Oscar built Nature Reserve for WOLF
Human Tina built Nature Reserve for COW
Cow Endangered Reproduction!
Human Tina built Nature Reserve for COW
Cow Endangered Reproduction!
Cow Endangered Reproduction!
Human Tina built Nature Reserve for COW
Human Pip built Nature Reserve for COW
Human Quinn built Nature Reserve for COW
Human Ruby built Nature Reserve for COW
Human Diana built Nature Reserve for COW
Human Ivy built Nature Reserve for COW
Cow Endangered Reproduction!
Human Zane built Nature Reserve for COW
Human Pip built Nature Reserve for COW
Cow Endangered Reproduction!
Cow Endangered Reproduction!
Human Ruby built Nature Reserve for COW
Human Bob built Nature Reserve for COW
Human Pip built Nature Reserve for COW
Cow Endangered Reproduction!
Human Quinn built Nature Reserve for COW
Human Victor built Nature Reserve for COW
Cow Endangered Reproduction!
Human Uma built Nature Reserve for COW
Human Ivy built Nature Reserve for COW
Human Jack built Nature Reserve for COW
Cow Endangered Reproduction!
Cow Endangered Reproduction!
Human Diana built Nature Reserve for COW
Human Ruby built Nature Reserve for COW
Cow Endangered Reproduction!
Cow Endangered Reproduction!
Cow Endangered Reproduction!
Cow Endangered Reproduction!
Cow Endangered Reproduction!
Cow Endangered Reproduction!
Cow Endangered Reproduction!
Cow Endangered Reproduction!
Cow Endangered Reproduction!
Cow Endangered Reproduction!
Cow Endangered Reproduction!
Cow Endangered Reproduction!
Cow Endangered Reproduction!
Cow Endangered Reproduction!
Human Uma built Nature Reserve for COW
Cow Endangered Reproduction!
Human Victor built Nature Reserve for COW
Cow Endangered Reproduction!
Human Luna built Nature Reserve for WOLF
Human Bob built Nature Reserve for WOLF
Human Zane built Nature Reserve for WOLF
Human Ruby built Nature Reserve for WOLF
Human Hank built Nature Reserve for WOLF
Human Tina built Nature Reserve for WOLF
Human Pip built Nature Reserve for WOLF
Human Bob built Nature Reserve for WOLF
Human Tina built Nature Reserve for WOLF
Human Pip built Nature Reserve for WOLF
Human Ivy built Nature Reserve for WOLF
Human Yara built Nature Reserve for WOLF
Human Xander built Nature Reserve for WOLF
Human Grace built Nature Reserve for WOLF
New Faction ORANGE_174 registered with traits: {
  moveSpeed: [33m0.9564711857048696[39m,
  hungerRate: [33m0.9281474412377184[39m,
  visionRadius: [33m0.9039772847057295[39m,
  aggression: [33m0.9734223720541282[39m,
  heatTolerance: [33m0.9497727591136206[39m,
  coldTolerance: [33m1.0864091489854926[39m
}
Societal Split! BLUE -> ORANGE_174 (Threshold: 6)
Human Wendy built Nature Reserve for WOLF
Human Alice built Nature Reserve for WOLF
Human Luna built Nature Reserve for WOLF
Human Zane built Nature Reserve for WOLF
Human Milo built Nature Reserve for WOLF
Human Hank built Nature Reserve for WOLF
Human Zane built Nature Reserve for WOLF
Human Yara built Nature Reserve for WOLF
Human Frank built Nature Reserve for WOLF
Human Pip built Nature Reserve for WOLF
Human Alice built Nature Reserve for WOLF
Human Grace built Nature Reserve for WOLF
Human Pip built Nature Reserve for WOLF
Human Pip built Nature Reserve for WOLF
Human Luna built Nature Reserve for WOLF
Human Charlie built Nature Reserve for WOLF
Human Ivy built Nature Reserve for WOLF
Human Tina built Nature Reserve for WOLF
Human Luna built Nature Reserve for WOLF
Human Pip built Nature Reserve for WOLF
Human Oscar built Nature Reserve for WOLF
Human Alice built Nature Reserve for WOLF
Human Yara built Nature Reserve for WOLF
Human Luna built Nature Reserve for WOLF
Human Tina built Nature Reserve for WOLF
Human Hank built Nature Reserve for WOLF
Human Yara built Nature Reserve for WOLF
Human Alice built Nature Reserve for WOLF
Human Eve built Nature Reserve for WOLF
Human Alice built Nature Reserve for WOLF
Human Charlie built Nature Reserve for WOLF
Human Hank built Nature Reserve for WOLF
Human Charlie built Nature Reserve for WOLF
Human Ivy built Nature Reserve for WOLF
Human Bob built Nature Reserve for WOLF
Human Ivy built Nature Reserve for WOLF
Human Victor built Nature Reserve for WOLF
Human Eve built Nature Reserve for WOLF
Human Hank built Nature Reserve for WOLF
Human Eve built Nature Reserve for WOLF
Human Wendy built Nature Reserve for WOLF
Human Xander built Nature Reserve for WOLF
Human Ivy built Nature Reserve for WOLF
Human Alice built Nature Reserve for WOLF
Human Luna built Nature Reserve for WOLF
Human Xander built Nature Reserve for WOLF
Human Milo built Nature Reserve for WOLF
Human Xander built Nature Reserve for WOLF
Human Hank built Nature Reserve for WOLF
Human Grace built Nature Reserve for WOLF
Human Diana built Nature Reserve for WOLF
Human Ivy built Nature Reserve for WOLF
New Faction LIME_928 registered with traits: {
  moveSpeed: [33m0.979009823852035[39m,
  hungerRate: [33m0.970076437409428[39m,
  visionRadius: [33m1.0405374660564497[39m,
  aggression: [33m1.0832432986108582[39m,
  heatTolerance: [33m1.0912159843079063[39m,
  coldTolerance: [33m1.0511756628568947[39m
}
Societal Split! BLUE -> LIME_928 (Threshold: 6)
Human Bob built Nature Reserve for WOLF
Human Alice built Nature Reserve for WOLF
Human Xander built Nature Reserve for WOLF
Human Xander built Nature Reserve for WOLF
Human Bob built Nature Reserve for WOLF
Human Sam built Nature Reserve for WOLF
Human Quinn built Nature Reserve for WOLF
Human Wendy built Nature Reserve for WOLF
Human Sam built Nature Reserve for WOLF
Human Bob built Nature Reserve for WOLF
Human Charlie built Nature Reserve for WOLF
Human Alice built Nature Reserve for WOLF
Human Charlie built Nature Reserve for WOLF
Human Victor built Nature Reserve for WOLF
Human Milo built Nature Reserve for WOLF
Human Alice built Nature Reserve for WOLF
Human Hank built Nature Reserve for WOLF
Human Victor built Nature Reserve for WOLF
Human Tina built Nature Reserve for WOLF
Human Luna built Nature Reserve for WOLF
Human Oscar built Nature Reserve for WOLF
Human Hank built Nature Reserve for WOLF
Human Hank built Nature Reserve for WOLF
Human Yara built Nature Reserve for WOLF
Human Bob built Nature Reserve for WOLF
Human Pip built Nature Reserve for WOLF
Human Victor built Nature Reserve for WOLF
Human Alice built Nature Reserve for WOLF
Human Diana built Nature Reserve for WOLF
Human Bob built Nature Reserve for WOLF
Human Charlie built Nature Reserve for WOLF
Human Charlie built Nature Reserve for WOLF
Human Luna built Nature Reserve for WOLF
Human Luna built Nature Reserve for WOLF
Human Alice built Nature Reserve for WOLF
Human Hank built Nature Reserve for WOLF
Human Ruby built Nature Reserve for WOLF
Human Sam built Nature Reserve for WOLF
Human Hank built Nature Reserve for WOLF
Human Nina built Nature Reserve for WOLF
Human Pip built Nature Reserve for WOLF
Human Oscar built Nature Reserve for WOLF
Human Diana built Nature Reserve for WOLF
Human Nina built Nature Reserve for WOLF
Human Quinn built Nature Reserve for WOLF
Human Luna built Nature Reserve for WOLF
Human Ivy built Nature Reserve for WOLF
Human Eve built Nature Reserve for WOLF
Human Jack built Nature Reserve for WOLF
Human Charlie built Nature Reserve for WOLF
Human Ivy built Nature Reserve for WOLF
Human Victor built Nature Reserve for WOLF
Human Diana built Nature Reserve for WOLF
Human Ruby built Nature Reserve for WOLF
Human Alice built Nature Reserve for WOLF
Human Hank built Nature Reserve for WOLF
Human Jack built Nature Reserve for WOLF
Human Uma built Nature Reserve for WOLF
Human Nina built Nature Reserve for WOLF
Human Victor built Nature Reserve for WOLF
Human Diana built Nature Reserve for WOLF
Human Diana built Nature Reserve for WOLF
Human Hank built Nature Reserve for WOLF
Human Wendy built Nature Reserve for WOLF
Human Luna built Nature Reserve for WOLF
Human Pip built Nature Reserve for WOLF
Human Hank built Nature Reserve for WOLF
Human Oscar built Nature Reserve for WOLF
Human Xander built Nature Reserve for WOLF
Human Pip built Nature Reserve for WOLF
Human Alice built Nature Reserve for WOLF
Human Bob built Nature Reserve for WOLF
Human Hank built Nature Reserve for WOLF
Human Sam built Nature Reserve for WOLF
Human Hank built Nature Reserve for WOLF
Human Yara built Nature Reserve for WOLF
Human Hank built Nature Reserve for WOLF
Human Jack built Nature Reserve for WOLF
Human Tina built Nature Reserve for WOLF
Human Pip built Nature Reserve for WOLF
Human Hank built Nature Reserve for WOLF
Human Diana built Nature Reserve for WOLF
Human Bob built Nature Reserve for WOLF
Human Hank built Nature Reserve for WOLF
Human Diana built Nature Reserve for WOLF
Human Pip built Nature Reserve for WOLF
Human Alice built Nature Reserve for WOLF
Human Alice built Nature Reserve for WOLF
Human Nina built Nature Reserve for WOLF
Human Bob built Nature Reserve for WOLF
Human Quinn built Nature Reserve for WOLF
New Faction ORANGE_74 registered with traits: {
  moveSpeed: [33m0.9876614824210586[39m,
  hungerRate: [33m0.9779770852062334[39m,
  visionRadius: [33m0.9026272789253253[39m,
  aggression: [33m1.0303169435228736[39m,
  heatTolerance: [33m1.047400500741346[39m,
  coldTolerance: [33m0.9486611399956799[39m
}
Societal Split! BLUE -> ORANGE_74 (Threshold: 6)
Human Xander built Nature Reserve for COW
Cow Endangered Reproduction!
New Faction ORANGE_170 registered with traits: {
  moveSpeed: [33m1.0706772216915668[39m,
  hungerRate: [33m0.9928568250887855[39m,
  visionRadius: [33m1.085251599708762[39m,
  aggression: [33m1.0009563232762935[39m,
  heatTolerance: [33m0.9315829579061017[39m,
  coldTolerance: [33m1.0177727520392499[39m
}
Societal Split! BLUE -> ORANGE_170 (Threshold: 6)
Cow Endangered Reproduction!
Cow Endangered Reproduction!
Cow Endangered Reproduction!
Cow Endangered Reproduction!
Cow Endangered Reproduction!
Cow Endangered Reproduction!
Cow Endangered Reproduction!
Cow Endangered Reproduction!
Cow Endangered Reproduction!
Cow Endangered Reproduction!
Cow Endangered Reproduction!
Cow Endangered Reproduction!
Cow Endangered Reproduction!
Cow Endangered Reproduction!
Cow Endangered Reproduction!
New Faction PURPLE_134 registered with traits: {
  moveSpeed: [33m1.0301036494196676[39m,
  hungerRate: [33m0.9125155587642954[39m,
  visionRadius: [33m0.9389900333616854[39m,
  aggression: [33m1.074772047842278[39m,
  heatTolerance: [33m0.9136221408097414[39m,
  coldTolerance: [33m1.0300963498998978[39m
}
Societal Split! BLUE -> PURPLE_134 (Threshold: 6)
Cow Endangered Reproduction!
Cow Endangered Reproduction!
Cow Endangered Reproduction!
Cow Endangered Reproduction!
Cow Endangered Reproduction!
Cow Endangered Reproduction!
Human Ruby built Nature Reserve for COW
Cow Endangered Reproduction!
Cow Endangered Reproduction!
Cow Endangered Reproduction!
Cow Endangered Reproduction!
Cow Endangered Reproduction!
New Faction TEAL_840 registered with traits: {
  moveSpeed: [33m1.0197524490204186[39m,
  hungerRate: [33m1.0673453234355734[39m,
  visionRadius: [33m0.9700974962449991[39m,
  aggression: [33m1.0784676413962104[39m,
  heatTolerance: [33m1.0404099477862874[39m,
  coldTolerance: [33m0.9309362754519837[39m
}
Societal Split! BLUE -> TEAL_840 (Threshold: 6)
New Faction PURPLE_531 registered with traits: {
  moveSpeed: [33m1.0713200643806229[39m,
  hungerRate: [33m0.9161016769836257[39m,
  visionRadius: [33m1.0214253027671836[39m,
  aggression: [33m1.0619723857045036[39m,
  heatTolerance: [33m0.9149410790881896[39m,
  coldTolerance: [33m1.0541331552925102[39m
}
Societal Split! BLUE -> PURPLE_531 (Threshold: 6)
New Faction ORANGE_498 registered with traits: {
  moveSpeed: [33m1.10063789389636[39m,
  hungerRate: [33m0.9232866422549073[39m,
  visionRadius: [33m0.9327499544623052[39m,
  aggression: [33m0.9912423195105597[39m,
  heatTolerance: [33m0.985903443796848[39m,
  coldTolerance: [33m1.0827181344165402[39m
}
Societal Split! PURPLE_531 -> ORANGE_498 (Threshold: 6)
Human Frank built Nature Reserve for WOLF
Human Wendy built Nature Reserve for WOLF
Human Ruby built Nature Reserve for WOLF
Human Alice built Nature Reserve for WOLF
Human Jack built Nature Reserve for WOLF
Human Bob built Nature Reserve for WOLF
Human Uma built Nature Reserve for WOLF
Human Ivy built Nature Reserve for WOLF
Human Pip built Nature Reserve for WOLF
Human Sam built Nature Reserve for WOLF
Human Pip built Nature Reserve for WOLF
Human Uma built Nature Reserve for WOLF
Human Tina built Nature Reserve for WOLF
Human Eve built Nature Reserve for WOLF
Human Alice built Nature Reserve for WOLF
Human Diana built Nature Reserve for WOLF
Human Luna built Nature Reserve for WOLF
Human Bob built Nature Reserve for WOLF
Human Zane built Nature Reserve for WOLF
Human Uma built Nature Reserve for WOLF
Human Eve built Nature Reserve for WOLF
Human Eve built Nature Reserve for WOLF
Human Ruby built Nature Reserve for WOLF
Human Uma built Nature Reserve for WOLF
Human Diana built Nature Reserve for WOLF
Human Wendy built Nature Reserve for WOLF
Human Grace built Nature Reserve for WOLF
Human Bob built Nature Reserve for WOLF
Human Eve built Nature Reserve for WOLF
Human Quinn built Nature Reserve for WOLF
Human Milo built Nature Reserve for WOLF
Human Hank built Nature Reserve for WOLF
Human Uma built Nature Reserve for WOLF
Human Hank built Nature Reserve for WOLF
Human Sam built Nature Reserve for WOLF
Human Jack built Nature Reserve for WOLF
Human Luna built Nature Reserve for WOLF
Human Alice built Nature Reserve for WOLF
Human Frank built Nature Reserve for WOLF
Human Bob built Nature Reserve for WOLF
Human Pip built Nature Reserve for WOLF
Human Uma built Nature Reserve for WOLF
Human Tina built Nature Reserve for WOLF
Human Ivy built Nature Reserve for WOLF
Human Ivy built Nature Reserve for WOLF
Human Uma built Nature Reserve for WOLF
Human Victor built Nature Reserve for WOLF
Human Uma built Nature Reserve for WOLF
Human Sam built Nature Reserve for WOLF
Human Sam built Nature Reserve for WOLF
Human Grace built Nature Reserve for WOLF
Human Uma built Nature Reserve for WOLF
Human Eve built Nature Reserve for WOLF
Human Milo built Nature Reserve for WOLF
Human Pip built Nature Reserve for WOLF
Human Diana built Nature Reserve for WOLF
Human Yara built Nature Reserve for WOLF
Human Bob built Nature Reserve for WOLF
Human Nina built Nature Reserve for WOLF
Human Alice built Nature Reserve for WOLF
Human Wendy built Nature Reserve for WOLF
Human Oscar built Nature Reserve for WOLF
Human Ruby built Nature Reserve for WOLF
Human Pip built Nature Reserve for WOLF
Human Alice built Nature Reserve for WOLF
Human Alice built Nature Reserve for WOLF
Human Pip built Nature Reserve for WOLF
Human Eve built Nature Reserve for WOLF
Human Frank built Nature Reserve for WOLF
Human Milo built Nature Reserve for WOLF
Human Pip built Nature Reserve for WOLF
Human Diana built Nature Reserve for WOLF
Human Jack built Nature Reserve for WOLF
Human Pip built Nature Reserve for WOLF
Human Pip built Nature Reserve for WOLF
Human Quinn built Nature Reserve for WOLF
Human Pip built Nature Reserve for WOLF
Human Frank built Nature Reserve for WOLF
Human Ivy built Nature Reserve for WOLF
Human Alice built Nature Reserve for WOLF
Human Pip built Nature Reserve for WOLF
Human Uma built Nature Reserve for WOLF
Human Alice built Nature Reserve for WOLF
Human Sam built Nature Reserve for WOLF
Human Frank built Nature Reserve for WOLF
Human Alice built Nature Reserve for WOLF
Human Pip built Nature Reserve for WOLF
Human Ivy built Nature Reserve for WOLF
Human Sam built Nature Reserve for WOLF
Human Diana built Nature Reserve for WOLF
Human Victor built Nature Reserve for WOLF
Human Yara built Nature Reserve for WOLF
Human Luna built Nature Reserve for WOLF
Human Yara built Nature Reserve for WOLF
Human Grace built Nature Reserve for WOLF
Human Ivy built Nature Reserve for WOLF
Human Eve built Nature Reserve for WOLF
Human Yara built Nature Reserve for WOLF
Human Pip built Nature Reserve for WOLF
Human Yara built Nature Reserve for WOLF
Human Sam built Nature Reserve for WOLF
Human Luna built Nature Reserve for WOLF
Human Pip built Nature Reserve for WOLF
Human Pip built Nature Reserve for WOLF
Human Sam built Nature Reserve for WOLF
Human Jack built Nature Reserve for WOLF
Human Luna built Nature Reserve for WOLF
Human Yara built Nature Reserve for WOLF
Human Hank built Nature Reserve for WOLF
Human Diana built Nature Reserve for WOLF
Human Quinn built Nature Reserve for WOLF
Human Sam built Nature Reserve for WOLF
Human Sam built Nature Reserve for WOLF
Human Hank built Nature Reserve for WOLF
Human Milo built Nature Reserve for WOLF
Human Hank built Nature Reserve for WOLF
Human Grace built Nature Reserve for WOLF
Human Pip built Nature Reserve for WOLF
Human Uma built Nature Reserve for WOLF
Human Yara built Nature Reserve for WOLF
Human Pip built Nature Reserve for WOLF
Human Uma built Nature Reserve for WOLF
Human Ivy built Nature Reserve for WOLF
Human Sam built Nature Reserve for WOLF
Human Sam built Nature Reserve for WOLF
Human Oscar built Nature Reserve for WOLF
Human Charlie built Nature Reserve for WOLF
Human Victor built Nature Reserve for WOLF
Human Tina built Nature Reserve for WOLF
Human Pip built Nature Reserve for WOLF
Human Frank built Nature Reserve for WOLF
Human Ruby built Nature Reserve for WOLF
Human Pip built Nature Reserve for WOLF
Human Grace built Nature Reserve for WOLF
Final population: 848

 [32m✓[39m src/engine/LongRun.test.js [2m([22m[2m1 test[22m[2m)[22m[33m 6860[2mms[22m[39m
     [33m[2m✓[22m[39m should run for 1000 ticks without crashing or exploding [33m 6855[2mms[22m[39m

[2m Test Files [22m [1m[32m2 passed[39m[22m[90m (2)[39m
[2m      Tests [22m [1m[32m4 passed[39m[22m[90m (4)[39m
[2m   Start at [22m 22:05:08
[2m   Duration [22m 7.11s

[1m[42m PASS [49m[22m [32mWaiting for file changes...[39m
       [2mpress [22m[1mh[22m[2m to show help[22m[2m, [22m[2mpress [22m[1mq[22m[2m to quit[22m
c[3J[1m[44m RERUN [49m[22m [34m[2msrc/engine/Config.js [22m[39m
       [2m Filename pattern: [22m[34msrc/engine/StatsDrift.test.js, run[39m

 [32m✓[39m src/engine/StatsDrift.test.js [2m([22m[2m3 tests[22m[2m)[22m[32m 11[2mms[22m[39m
[90mstdout[2m | src/engine/LongRun.test.js[2m > [22m[2mLong Run Stability[2m > [22m[2mshould run for 1000 ticks without crashing or exploding
[22m[39mCow Endangered Reproduction!
Cow Endangered Reproduction!
Cow Endangered Reproduction!
Cow Endangered Reproduction!
Cow Endangered Reproduction!
Cow Endangered Reproduction!
Cow Endangered Reproduction!
Cow Endangered Reproduction!
Cow Endangered Reproduction!
Cow Endangered Reproduction!
Cow Endangered Reproduction!
Cow Endangered Reproduction!
Cow Endangered Reproduction!
Cow Endangered Reproduction!
Cow Endangered Reproduction!
Cow Endangered Reproduction!
Cow Endangered Reproduction!
Cow Endangered Reproduction!
Cow Endangered Reproduction!
Cow Endangered Reproduction!
Cow Endangered Reproduction!
Cow Endangered Reproduction!
Cow Endangered Reproduction!
Cow Endangered Reproduction!
Cow Endangered Reproduction!
Cow Endangered Reproduction!
Cow Endangered Reproduction!
Cow Endangered Reproduction!
Cow Endangered Reproduction!
Cow Endangered Reproduction!
Human Luna built Nature Reserve for WOLF
Human Xander built Nature Reserve for WOLF
Human Charlie built Nature Reserve for WOLF
Human Zane built Nature Reserve for WOLF
Human Hank built Nature Reserve for WOLF
Human Luna built Nature Reserve for WOLF
Human Frank built Nature Reserve for WOLF
Human Xander built Nature Reserve for WOLF
Human Charlie built Nature Reserve for WOLF
Human Tina built Nature Reserve for WOLF
Human Luna built Nature Reserve for WOLF
Human Sam built Nature Reserve for WOLF
Human Xander built Nature Reserve for WOLF
Human Nina built Nature Reserve for WOLF
Human Jack built Nature Reserve for WOLF
Human Xander built Nature Reserve for WOLF
Human Xander built Nature Reserve for WOLF
Human Nina built Nature Reserve for WOLF
Human Jack built Nature Reserve for WOLF
Human Tina built Nature Reserve for WOLF
Human Luna built Nature Reserve for WOLF
Human Xander built Nature Reserve for WOLF
Human Charlie built Nature Reserve for WOLF
Human Charlie built Nature Reserve for WOLF
Human Charlie built Nature Reserve for WOLF
Human Sam built Nature Reserve for WOLF
Human Charlie built Nature Reserve for WOLF
Human Diana built Nature Reserve for WOLF
Human Eve built Nature Reserve for WOLF
Human Eve built Nature Reserve for WOLF
Human Zane built Nature Reserve for WOLF
Human Quinn built Nature Reserve for WOLF
Human Bob built Nature Reserve for WOLF
Human Zane built Nature Reserve for WOLF
Human Frank built Nature Reserve for WOLF
Human Zane built Nature Reserve for WOLF
Human Bob built Nature Reserve for WOLF
Human Pip built Nature Reserve for WOLF
Human Charlie built Nature Reserve for WOLF
Human Xander built Nature Reserve for WOLF
Human Luna built Nature Reserve for WOLF
Human Eve built Nature Reserve for WOLF
Human Victor built Nature Reserve for WOLF
Human Jack built Nature Reserve for WOLF
Human Xander built Nature Reserve for WOLF
Human Yara built Nature Reserve for WOLF
Human Tina built Nature Reserve for WOLF
Human Luna built Nature Reserve for WOLF
Human Quinn built Nature Reserve for WOLF
Human Charlie built Nature Reserve for WOLF
Human Xander built Nature Reserve for WOLF
Human Yara built Nature Reserve for WOLF
Human Charlie built Nature Reserve for WOLF
Human Grace built Nature Reserve for WOLF
Human Yara built Nature Reserve for WOLF
Human Victor built Nature Reserve for WOLF
Human Pip built Nature Reserve for WOLF
Human Jack built Nature Reserve for WOLF
Human Xander built Nature Reserve for WOLF
Human Nina built Nature Reserve for WOLF
Human Bob built Nature Reserve for WOLF
Human Pip built Nature Reserve for WOLF
Human Luna built Nature Reserve for WOLF
Human Luna built Nature Reserve for WOLF
Human Eve built Nature Reserve for WOLF
Human Zane built Nature Reserve for WOLF
Human Yara built Nature Reserve for WOLF
Human Alice built Nature Reserve for WOLF
Human Frank built Nature Reserve for WOLF
Human Sam built Nature Reserve for WOLF
Human Hank built Nature Reserve for WOLF
Human Charlie built Nature Reserve for WOLF
Human Oscar built Nature Reserve for WOLF
Human Diana built Nature Reserve for WOLF
Human Yara built Nature Reserve for WOLF
Human Grace built Nature Reserve for WOLF
Human Yara built Nature Reserve for WOLF
Human Xander built Nature Reserve for WOLF
Human Xander built Nature Reserve for WOLF
Human Sam built Nature Reserve for WOLF
Human Charlie built Nature Reserve for WOLF
Human Victor built Nature Reserve for WOLF
Human Eve built Nature Reserve for WOLF
Human Xander built Nature Reserve for WOLF
Human Eve built Nature Reserve for WOLF
Human Pip built Nature Reserve for WOLF
Human Sam built Nature Reserve for WOLF
Human Luna built Nature Reserve for WOLF
Human Zane built Nature Reserve for WOLF
Human Yara built Nature Reserve for WOLF
Human Bob built Nature Reserve for COW
Human Bob built Nature Reserve for COW
Cow Endangered Reproduction!
Cow Endangered Reproduction!
Human Ruby built Nature Reserve for COW
Human Wendy built Nature Reserve for COW
Human Milo built Nature Reserve for COW
Human Diana built Nature Reserve for COW
Human Frank built Nature Reserve for COW
Human Ruby built Nature Reserve for COW
Human Diana built Nature Reserve for COW
Human Nina built Nature Reserve for COW
Human Pip built Nature Reserve for COW
Human Luna built Nature Reserve for COW
Human Uma built Nature Reserve for COW
Human Bob built Nature Reserve for COW
Human Victor built Nature Reserve for COW
Human Frank built Nature Reserve for COW
Human Alice built Nature Reserve for COW
Human Victor built Nature Reserve for COW
Cow Endangered Reproduction!
New Faction LIME_165 registered with traits: {
  moveSpeed: [33m0.9040374730832414[39m,
  hungerRate: [33m1.0387832789641787[39m,
  visionRadius: [33m0.9270448109193917[39m,
  aggression: [33m1.0914091205436127[39m,
  heatTolerance: [33m1.0794504927634172[39m,
  coldTolerance: [33m1.0117199331241151[39m
}
Societal Split! BLUE -> LIME_165 (Threshold: 6)
New Faction INDIGO_703 registered with traits: {
  moveSpeed: [33m1.0424473516850252[39m,
  hungerRate: [33m1.0968729013263436[39m,
  visionRadius: [33m0.9996572064373602[39m,
  aggression: [33m0.9040889621986916[39m,
  heatTolerance: [33m0.9481297082440203[39m,
  coldTolerance: [33m1.0772503340855173[39m
}
Societal Split! RED -> INDIGO_703 (Threshold: 6)
New Faction INDIGO_922 registered with traits: {
  moveSpeed: [33m0.9335636664164062[39m,
  hungerRate: [33m0.9787984045264472[39m,
  visionRadius: [33m1.0482076871784043[39m,
  aggression: [33m0.9075596765401593[39m,
  heatTolerance: [33m1.054516445274292[39m,
  coldTolerance: [33m0.9216497622301217[39m
}
Societal Split! RED -> INDIGO_922 (Threshold: 6)
Cow Endangered Reproduction!
Cow Endangered Reproduction!
Cow Endangered Reproduction!
Human Victor built Nature Reserve for COW
Cow Endangered Reproduction!
Human Oscar built Nature Reserve for COW
Cow Endangered Reproduction!
Cow Endangered Reproduction!
Cow Endangered Reproduction!
Cow Endangered Reproduction!
Human Tina built Nature Reserve for WOLF
Cow Endangered Reproduction!
Human Eve built Nature Reserve for WOLF
Human Oscar built Nature Reserve for WOLF
Cow Endangered Reproduction!
Cow Endangered Reproduction!
Cow Endangered Reproduction!
Human Bob built Nature Reserve for WOLF
Human Yara built Nature Reserve for WOLF
Human Quinn built Nature Reserve for WOLF
Cow Endangered Reproduction!
Human Bob built Nature Reserve for WOLF
Human Charlie built Nature Reserve for WOLF
Cow Endangered Reproduction!
Cow Endangered Reproduction!
Cow Endangered Reproduction!
Human Bob built Nature Reserve for WOLF
Human Jack built Nature Reserve for WOLF
Human Bob built Nature Reserve for WOLF
Human Victor built Nature Reserve for WOLF
Human Nina built Nature Reserve for WOLF
Human Alice built Nature Reserve for WOLF
Human Luna built Nature Reserve for WOLF
Human Pip built Nature Reserve for WOLF
Human Charlie built Nature Reserve for WOLF
Human Pip built Nature Reserve for WOLF
Human Pip built Nature Reserve for WOLF
Human Nina built Nature Reserve for WOLF
Human Victor built Nature Reserve for WOLF
Human Bob built Nature Reserve for WOLF
Human Alice built Nature Reserve for WOLF
Human Alice built Nature Reserve for WOLF
Human Wendy built Nature Reserve for WOLF
Human Pip built Nature Reserve for WOLF
Human Luna built Nature Reserve for WOLF
Human Milo built Nature Reserve for WOLF
Human Quinn built Nature Reserve for WOLF
Human Wendy built Nature Reserve for WOLF
Human Yara built Nature Reserve for WOLF
Human Jack built Nature Reserve for WOLF
Human Ivy built Nature Reserve for WOLF
Human Wendy built Nature Reserve for WOLF
Human Milo built Nature Reserve for WOLF
Human Frank built Nature Reserve for WOLF
Human Milo built Nature Reserve for WOLF
Human Oscar built Nature Reserve for WOLF
Human Tina built Nature Reserve for WOLF
Human Victor built Nature Reserve for WOLF
Human Oscar built Nature Reserve for WOLF
Human Tina built Nature Reserve for WOLF
Human Oscar built Nature Reserve for WOLF
Human Milo built Nature Reserve for WOLF
Human Yara built Nature Reserve for WOLF
Human Hank built Nature Reserve for WOLF
Human Quinn built Nature Reserve for WOLF
Human Quinn built Nature Reserve for WOLF
Human Pip built Nature Reserve for WOLF
Human Oscar built Nature Reserve for WOLF
Human Victor built Nature Reserve for WOLF
Human Milo built Nature Reserve for WOLF
Human Ivy built Nature Reserve for WOLF
Human Zane built Nature Reserve for WOLF
Human Yara built Nature Reserve for WOLF
Human Oscar built Nature Reserve for WOLF
Human Zane built Nature Reserve for WOLF
Human Charlie built Nature Reserve for WOLF
Human Eve built Nature Reserve for WOLF
Human Ruby built Nature Reserve for WOLF
Human Pip built Nature Reserve for WOLF
Human Charlie built Nature Reserve for WOLF
Human Bob built Nature Reserve for WOLF
Human Zane built Nature Reserve for WOLF
Human Frank built Nature Reserve for WOLF
Human Victor built Nature Reserve for WOLF
Human Grace built Nature Reserve for WOLF
Human Nina built Nature Reserve for WOLF
Human Alice built Nature Reserve for WOLF
Human Hank built Nature Reserve for WOLF
Human Tina built Nature Reserve for WOLF
Human Oscar built Nature Reserve for WOLF
Human Xander built Nature Reserve for WOLF
Human Wendy built Nature Reserve for WOLF
Human Victor built Nature Reserve for WOLF
Human Victor built Nature Reserve for WOLF
Human Tina built Nature Reserve for WOLF
Human Jack built Nature Reserve for WOLF
Human Nina built Nature Reserve for WOLF
Human Yara built Nature Reserve for WOLF
Human Tina built Nature Reserve for WOLF
Human Charlie built Nature Reserve for WOLF
Human Alice built Nature Reserve for WOLF
Human Wendy built Nature Reserve for WOLF
Human Eve built Nature Reserve for WOLF
Human Xander built Nature Reserve for WOLF
Human Oscar built Nature Reserve for WOLF
Human Tina built Nature Reserve for WOLF
Human Frank built Nature Reserve for WOLF
Human Alice built Nature Reserve for WOLF
Human Zane built Nature Reserve for WOLF
Human Zane built Nature Reserve for WOLF
Human Ivy built Nature Reserve for WOLF
Human Yara built Nature Reserve for WOLF
Human Eve built Nature Reserve for WOLF
Human Tina built Nature Reserve for WOLF
Human Charlie built Nature Reserve for WOLF
Human Charlie built Nature Reserve for WOLF
Human Milo built Nature Reserve for WOLF
Human Nina built Nature Reserve for WOLF
Human Alice built Nature Reserve for WOLF
Human Charlie built Nature Reserve for WOLF
Human Milo built Nature Reserve for WOLF
Human Pip built Nature Reserve for WOLF
Human Ivy built Nature Reserve for WOLF
Human Tina built Nature Reserve for WOLF
Human Luna built Nature Reserve for WOLF
Human Ruby built Nature Reserve for WOLF
Human Ivy built Nature Reserve for WOLF
Human Yara built Nature Reserve for WOLF
Human Ruby built Nature Reserve for WOLF
Human Yara built Nature Reserve for WOLF
Human Uma built Nature Reserve for WOLF
Human Jack built Nature Reserve for WOLF
Human Victor built Nature Reserve for WOLF
Human Nina built Nature Reserve for WOLF
Human Pip built Nature Reserve for WOLF
Human Yara built Nature Reserve for WOLF
Human Victor built Nature Reserve for WOLF
Human Grace built Nature Reserve for WOLF
Human Milo built Nature Reserve for WOLF
Human Grace built Nature Reserve for WOLF
Human Jack built Nature Reserve for WOLF
Human Alice built Nature Reserve for WOLF
Human Wendy built Nature Reserve for WOLF
Human Victor built Nature Reserve for WOLF
Human Nina built Nature Reserve for WOLF
Human Yara built Nature Reserve for WOLF
Human Quinn built Nature Reserve for WOLF
Human Zane built Nature Reserve for WOLF
Human Quinn built Nature Reserve for WOLF
Human Charlie built Nature Reserve for WOLF
Human Pip built Nature Reserve for WOLF
Human Grace built Nature Reserve for WOLF
Human Bob built Nature Reserve for WOLF
Human Nina built Nature Reserve for WOLF
Human Charlie built Nature Reserve for WOLF
Human Nina built Nature Reserve for WOLF
Human Sam built Nature Reserve for WOLF
Human Oscar built Nature Reserve for WOLF
Human Uma built Nature Reserve for WOLF
Human Milo built Nature Reserve for WOLF
Human Nina built Nature Reserve for WOLF
Human Xander built Nature Reserve for WOLF
Human Diana built Nature Reserve for WOLF
Human Jack built Nature Reserve for WOLF
Human Frank built Nature Reserve for WOLF
Human Hank built Nature Reserve for WOLF
Human Tina built Nature Reserve for WOLF
Human Milo built Nature Reserve for WOLF
Human Milo built Nature Reserve for WOLF
Human Bob built Nature Reserve for WOLF
Human Charlie built Nature Reserve for WOLF
Human Luna built Nature Reserve for WOLF
Human Alice built Nature Reserve for WOLF
Human Xander built Nature Reserve for WOLF
Human Jack built Nature Reserve for WOLF
Human Milo built Nature Reserve for WOLF
Human Bob built Nature Reserve for WOLF
Human Uma built Nature Reserve for WOLF
Human Tina built Nature Reserve for WOLF
Human Xander built Nature Reserve for WOLF
Human Eve built Nature Reserve for WOLF
Human Pip built Nature Reserve for WOLF
Human Pip built Nature Reserve for WOLF
Human Tina built Nature Reserve for WOLF
Human Ruby built Nature Reserve for WOLF
Human Eve built Nature Reserve for WOLF
Human Milo built Nature Reserve for WOLF
Human Diana built Nature Reserve for WOLF
Human Jack built Nature Reserve for WOLF
Human Alice built Nature Reserve for WOLF
Human Eve built Nature Reserve for WOLF
Human Eve built Nature Reserve for WOLF
New Faction INDIGO_275 registered with traits: {
  moveSpeed: [33m0.9561776143727119[39m,
  hungerRate: [33m0.9950922124834091[39m,
  visionRadius: [33m0.948127341621816[39m,
  aggression: [33m0.951463032322779[39m,
  heatTolerance: [33m0.9599890754136827[39m,
  coldTolerance: [33m1.0898894546643292[39m
}
Societal Split! BLUE -> INDIGO_275 (Threshold: 6)
New Faction PINK_574 registered with traits: {
  moveSpeed: [33m1.0743407755302306[39m,
  hungerRate: [33m0.9139470186125945[39m,
  visionRadius: [33m0.9947464637208079[39m,
  aggression: [33m1.0381889068045498[39m,
  heatTolerance: [33m0.9655698919940463[39m,
  coldTolerance: [33m0.9467554055929023[39m
}
Societal Split! BLUE -> PINK_574 (Threshold: 6)
Cow Endangered Reproduction!
New Faction LIME_63 registered with traits: {
  moveSpeed: [33m1.0294488430359343[39m,
  hungerRate: [33m1.0564813015828964[39m,
  visionRadius: [33m1.0611165199198147[39m,
  aggression: [33m1.0419418025672775[39m,
  heatTolerance: [33m1.0748185344324983[39m,
  coldTolerance: [33m1.006199882693298[39m
}
Societal Split! BLUE -> LIME_63 (Threshold: 6)
Cow Endangered Reproduction!
Cow Endangered Reproduction!
Cow Endangered Reproduction!
Cow Endangered Reproduction!
Cow Endangered Reproduction!
Cow Endangered Reproduction!
New Faction PINK_223 registered with traits: {
  moveSpeed: [33m0.9767605327658822[39m,
  hungerRate: [33m0.9732074743846217[39m,
  visionRadius: [33m1.0217180643437254[39m,
  aggression: [33m1.0506084210003086[39m,
  heatTolerance: [33m1.0497450087829083[39m,
  coldTolerance: [33m0.9402300667096011[39m
}
Societal Split! RED -> PINK_223 (Threshold: 6)
Cow Endangered Reproduction!
Cow Endangered Reproduction!
Cow Endangered Reproduction!
Cow Endangered Reproduction!
Cow Endangered Reproduction!
Cow Endangered Reproduction!
Cow Endangered Reproduction!
Cow Endangered Reproduction!
Human Charlie built Nature Reserve for COW
Cow Endangered Reproduction!
Cow Endangered Reproduction!
Cow Endangered Reproduction!
Cow Endangered Reproduction!
New Faction INDIGO_692 registered with traits: {
  moveSpeed: [33m1.0497414105505318[39m,
  hungerRate: [33m0.9727254945380917[39m,
  visionRadius: [33m1.0993516949551378[39m,
  aggression: [33m1.0226631700291218[39m,
  heatTolerance: [33m1.038364692330178[39m,
  coldTolerance: [33m0.9439158220016279[39m
}
Societal Split! BLUE -> INDIGO_692 (Threshold: 6)
New Faction LIME_903 registered with traits: {
  moveSpeed: [33m1.0921409531577182[39m,
  hungerRate: [33m0.9585511766546005[39m,
  visionRadius: [33m0.9098468470941741[39m,
  aggression: [33m0.9846318284270107[39m,
  heatTolerance: [33m0.9927535077993488[39m,
  coldTolerance: [33m1.0069551603906066[39m
}
Societal Split! BLUE -> LIME_903 (Threshold: 6)
New Faction PURPLE_434 registered with traits: {
  moveSpeed: [33m1.056536686984063[39m,
  hungerRate: [33m0.9967229571806736[39m,
  visionRadius: [33m1.045190597539311[39m,
  aggression: [33m0.9160887917975673[39m,
  heatTolerance: [33m1.0997639733355893[39m,
  coldTolerance: [33m1.0615674292593424[39m
}
Societal Split! BLUE -> PURPLE_434 (Threshold: 6)
Human Milo built Nature Reserve for WOLF
Human Wendy built Nature Reserve for WOLF
Human Zane built Nature Reserve for WOLF
Human Tina built Nature Reserve for WOLF
Human Frank built Nature Reserve for WOLF
Human Luna built Nature Reserve for WOLF
Human Ivy built Nature Reserve for WOLF
Human Luna built Nature Reserve for WOLF
Human Wendy built Nature Reserve for WOLF
Human Zane built Nature Reserve for WOLF
Human Sam built Nature Reserve for WOLF
Human Milo built Nature Reserve for WOLF
Human Quinn built Nature Reserve for WOLF
Human Victor built Nature Reserve for WOLF
Human Uma built Nature Reserve for WOLF
Human Charlie built Nature Reserve for WOLF
Human Grace built Nature Reserve for WOLF
Human Zane built Nature Reserve for WOLF
Human Charlie built Nature Reserve for WOLF
Human Milo built Nature Reserve for WOLF
Human Quinn built Nature Reserve for WOLF
Human Frank built Nature Reserve for WOLF
Human Charlie built Nature Reserve for WOLF
Human Victor built Nature Reserve for WOLF
Human Zane built Nature Reserve for WOLF
Human Grace built Nature Reserve for WOLF
Human Hank built Nature Reserve for WOLF
Human Quinn built Nature Reserve for WOLF
Human Alice built Nature Reserve for WOLF
Human Tina built Nature Reserve for WOLF
Human Tina built Nature Reserve for WOLF
Human Zane built Nature Reserve for WOLF
Human Eve built Nature Reserve for WOLF
Human Pip built Nature Reserve for WOLF
Human Charlie built Nature Reserve for WOLF
Human Zane built Nature Reserve for WOLF
Human Alice built Nature Reserve for WOLF
Human Jack built Nature Reserve for WOLF
Human Charlie built Nature Reserve for WOLF
Human Diana built Nature Reserve for WOLF
Human Xander built Nature Reserve for WOLF
Human Alice built Nature Reserve for WOLF
Human Eve built Nature Reserve for WOLF
Human Nina built Nature Reserve for WOLF
Human Wendy built Nature Reserve for WOLF
Human Wendy built Nature Reserve for WOLF
Human Charlie built Nature Reserve for WOLF
Human Tina built Nature Reserve for WOLF
Human Charlie built Nature Reserve for WOLF
Human Tina built Nature Reserve for WOLF
Human Pip built Nature Reserve for WOLF
Human Charlie built Nature Reserve for WOLF
Human Hank built Nature Reserve for WOLF
Human Nina built Nature Reserve for WOLF
Human Charlie built Nature Reserve for WOLF
Human Frank built Nature Reserve for WOLF
Human Eve built Nature Reserve for WOLF
Human Alice built Nature Reserve for WOLF
Human Nina built Nature Reserve for WOLF
Human Eve built Nature Reserve for WOLF
Human Sam built Nature Reserve for WOLF
Human Ivy built Nature Reserve for WOLF
Human Charlie built Nature Reserve for WOLF
Human Tina built Nature Reserve for WOLF
Human Sam built Nature Reserve for WOLF
Human Pip built Nature Reserve for WOLF
Human Frank built Nature Reserve for WOLF
Human Diana built Nature Reserve for WOLF
Human Grace built Nature Reserve for WOLF
Human Jack built Nature Reserve for WOLF
Human Zane built Nature Reserve for WOLF
Human Frank built Nature Reserve for WOLF
Human Xander built Nature Reserve for WOLF
Human Wendy built Nature Reserve for WOLF
Human Yara built Nature Reserve for WOLF
Human Ivy built Nature Reserve for WOLF
Human Diana built Nature Reserve for WOLF
Human Charlie built Nature Reserve for WOLF
Human Uma built Nature Reserve for WOLF
Human Jack built Nature Reserve for WOLF
Human Sam built Nature Reserve for WOLF
Human Alice built Nature Reserve for WOLF
Human Charlie built Nature Reserve for WOLF
Human Alice built Nature Reserve for WOLF
Human Charlie built Nature Reserve for WOLF
Human Pip built Nature Reserve for WOLF
Human Zane built Nature Reserve for WOLF
Human Hank built Nature Reserve for WOLF
Human Milo built Nature Reserve for WOLF
Human Xander built Nature Reserve for WOLF
Human Charlie built Nature Reserve for WOLF
Human Diana built Nature Reserve for WOLF
Human Charlie built Nature Reserve for WOLF
Human Xander built Nature Reserve for WOLF
Human Hank built Nature Reserve for WOLF
Human Quinn built Nature Reserve for WOLF
Human Victor built Nature Reserve for WOLF
Human Uma built Nature Reserve for WOLF
Human Pip built Nature Reserve for WOLF
Human Zane built Nature Reserve for WOLF
Human Diana built Nature Reserve for WOLF
Human Nina built Nature Reserve for WOLF
Human Bob built Nature Reserve for WOLF
Human Xander built Nature Reserve for WOLF
Human Hank built Nature Reserve for WOLF
Human Xander built Nature Reserve for WOLF
Human Milo built Nature Reserve for WOLF
Human Zane built Nature Reserve for WOLF
Human Uma built Nature Reserve for WOLF
Human Uma built Nature Reserve for WOLF
Final population: 804

 [32m✓[39m src/engine/LongRun.test.js [2m([22m[2m1 test[22m[2m)[22m[33m 8114[2mms[22m[39m
     [33m[2m✓[22m[39m should run for 1000 ticks without crashing or exploding [33m 8111[2mms[22m[39m

[2m Test Files [22m [1m[32m2 passed[39m[22m[90m (2)[39m
[2m      Tests [22m [1m[32m4 passed[39m[22m[90m (4)[39m
[2m   Start at [22m 22:07:55
[2m   Duration [22m 10.04s

[1m[42m PASS [49m[22m [32mWaiting for file changes...[39m
       [2mpress [22m[1mh[22m[2m to show help[22m[2m, [22m[2mpress [22m[1mq[22m[2m to quit[22m
c[3J[1m[44m RERUN [49m[22m [34m[2msrc/entities/Human.js [22m[39m
       [2m Filename pattern: [22m[34msrc/engine/StatsDrift.test.js, run[39m

[90mstdout[2m | src/engine/StatsDrift.test.js[2m > [22m[2mStats Drift[2m > [22m[2mHuman count should decrease when House containing Human is destroyed
[22m[39mHuman Alice built Nature Reserve for WOLF

 [32m✓[39m src/engine/StatsDrift.test.js [2m([22m[2m3 tests[22m[2m)[22m[32m 57[2mms[22m[39m
[90mstdout[2m | src/engine/LongRun.test.js[2m > [22m[2mLong Run Stability[2m > [22m[2mshould run for 1000 ticks without crashing or exploding
[22m[39mCow Endangered Reproduction!
Cow Endangered Reproduction!
Cow Endangered Reproduction!
Cow Endangered Reproduction!
Cow Endangered Reproduction!
Cow Endangered Reproduction!
Cow Endangered Reproduction!
Cow Endangered Reproduction!
Cow Endangered Reproduction!
Cow Endangered Reproduction!
Cow Endangered Reproduction!
Cow Endangered Reproduction!
Cow Endangered Reproduction!
Cow Endangered Reproduction!
Cow Endangered Reproduction!
Cow Endangered Reproduction!
Cow Endangered Reproduction!
Cow Endangered Reproduction!
Cow Endangered Reproduction!
Cow Endangered Reproduction!
Cow Endangered Reproduction!
Cow Endangered Reproduction!
Cow Endangered Reproduction!
Cow Endangered Reproduction!
Cow Endangered Reproduction!
Cow Endangered Reproduction!
Cow Endangered Reproduction!
Cow Endangered Reproduction!
Cow Endangered Reproduction!
Cow Endangered Reproduction!
Human Yara built Nature Reserve for WOLF
Human Diana built Nature Reserve for WOLF
Human Oscar built Nature Reserve for WOLF
Human Oscar built Nature Reserve for WOLF
Human Oscar built Nature Reserve for WOLF
Human Ivy built Nature Reserve for WOLF
Human Pip built Nature Reserve for WOLF
Human Milo built Nature Reserve for WOLF
Human Sam built Nature Reserve for WOLF
Human Luna built Nature Reserve for WOLF
Human Xander built Nature Reserve for WOLF
Human Tina built Nature Reserve for WOLF
Human Diana built Nature Reserve for WOLF
Human Milo built Nature Reserve for WOLF
Human Wendy built Nature Reserve for WOLF
Human Zane built Nature Reserve for WOLF
Human Jack built Nature Reserve for WOLF
Human Frank built Nature Reserve for WOLF
Human Victor built Nature Reserve for WOLF
Human Zane built Nature Reserve for WOLF
Human Diana built Nature Reserve for WOLF
Human Frank built Nature Reserve for WOLF
Human Xander built Nature Reserve for WOLF
Human Nina built Nature Reserve for WOLF
Human Tina built Nature Reserve for WOLF
Human Tina built Nature Reserve for WOLF
Human Nina built Nature Reserve for WOLF
Human Uma built Nature Reserve for WOLF
Human Alice built Nature Reserve for WOLF
Human Zane built Nature Reserve for WOLF
Human Nina built Nature Reserve for WOLF
Human Zane built Nature Reserve for WOLF
Human Jack built Nature Reserve for WOLF
Human Nina built Nature Reserve for WOLF
Human Tina built Nature Reserve for WOLF
Human Pip built Nature Reserve for WOLF
Human Charlie built Nature Reserve for WOLF
Human Zane built Nature Reserve for WOLF
Human Frank built Nature Reserve for WOLF
Human Quinn built Nature Reserve for WOLF
Human Quinn built Nature Reserve for WOLF
Human Luna built Nature Reserve for WOLF
Human Milo built Nature Reserve for WOLF
Human Xander built Nature Reserve for WOLF
Human Sam built Nature Reserve for WOLF
Human Quinn built Nature Reserve for WOLF
Human Bob built Nature Reserve for WOLF
Human Wendy built Nature Reserve for WOLF
Human Milo built Nature Reserve for WOLF
Human Nina built Nature Reserve for WOLF
Human Zane built Nature Reserve for WOLF
Human Oscar built Nature Reserve for WOLF
Human Milo built Nature Reserve for WOLF
Human Frank built Nature Reserve for WOLF
Human Milo built Nature Reserve for WOLF
Human Eve built Nature Reserve for WOLF
Human Victor built Nature Reserve for WOLF
Human Nina built Nature Reserve for WOLF
Human Milo built Nature Reserve for WOLF
Human Frank built Nature Reserve for WOLF
Human Xander built Nature Reserve for WOLF
Human Alice built Nature Reserve for WOLF
Human Grace built Nature Reserve for WOLF
Human Zane built Nature Reserve for WOLF
Human Yara built Nature Reserve for WOLF
Human Milo built Nature Reserve for WOLF
Human Quinn built Nature Reserve for WOLF
Human Tina built Nature Reserve for WOLF
Human Charlie built Nature Reserve for WOLF
Human Milo built Nature Reserve for WOLF
Human Tina built Nature Reserve for WOLF
Human Milo built Nature Reserve for WOLF
Human Diana built Nature Reserve for WOLF
Human Nina built Nature Reserve for WOLF
Human Bob built Nature Reserve for WOLF
Human Xander built Nature Reserve for WOLF
Human Alice built Nature Reserve for WOLF
Human Jack built Nature Reserve for WOLF
Human Victor built Nature Reserve for WOLF
Human Zane built Nature Reserve for WOLF
Human Grace built Nature Reserve for WOLF
Human Zane built Nature Reserve for WOLF
Human Uma built Nature Reserve for WOLF
Human Luna built Nature Reserve for WOLF
Human Zane built Nature Reserve for WOLF
Human Yara built Nature Reserve for WOLF
Human Quinn built Nature Reserve for WOLF
Human Hank built Nature Reserve for WOLF
Human Alice built Nature Reserve for WOLF
Human Nina built Nature Reserve for WOLF
Human Quinn built Nature Reserve for WOLF
Human Oscar built Nature Reserve for WOLF
Human Ruby built Nature Reserve for WOLF
Human Eve built Nature Reserve for WOLF
Human Zane built Nature Reserve for WOLF
Human Milo built Nature Reserve for WOLF
Human Quinn built Nature Reserve for WOLF
Human Frank built Nature Reserve for WOLF
Human Tina built Nature Reserve for WOLF
Human Diana built Nature Reserve for WOLF
Human Grace built Nature Reserve for WOLF
Human Wendy built Nature Reserve for WOLF
Human Tina built Nature Reserve for WOLF
Human Hank built Nature Reserve for WOLF
Human Ivy built Nature Reserve for WOLF
Human Oscar built Nature Reserve for WOLF
Human Victor built Nature Reserve for WOLF
Human Nina built Nature Reserve for WOLF
Human Charlie built Nature Reserve for WOLF
Human Bob built Nature Reserve for WOLF
Human Eve built Nature Reserve for WOLF
Human Quinn built Nature Reserve for WOLF
Human Xander built Nature Reserve for WOLF
Human Jack built Nature Reserve for WOLF
Human Tina built Nature Reserve for WOLF
Human Xander built Nature Reserve for WOLF
Human Milo built Nature Reserve for WOLF
Human Yara built Nature Reserve for WOLF
Human Xander built Nature Reserve for WOLF
Human Tina built Nature Reserve for WOLF

 [31m❯[39m src/engine/LongRun.test.js [2m([22m[2m1 test[22m[2m | [22m[31m1 failed[39m[2m)[22m[33m 745[2mms[22m[39m
[31m     [31m×[31m should run for 1000 ticks without crashing or exploding[39m[33m 742[2mms[22m[39m

[31m⎯⎯⎯⎯⎯⎯⎯[39m[1m[41m Failed Tests 1 [49m[22m[31m⎯⎯⎯⎯⎯⎯⎯[39m

[41m[1m FAIL [22m[49m src/engine/LongRun.test.js[2m > [22mLong Run Stability[2m > [22mshould run for 1000 ticks without crashing or exploding
[31m[1mTypeError[22m: Cannot read properties of undefined (reading 'COST')[39m
[90m [2m❯[22m Human.tryWork src/entities/Human.js:[2m535:48[22m[39m
[90m [2m❯[22m Human.tick src/entities/Human.js:[2m157:18[22m[39m
[36m [2m❯[22m World.tick src/engine/World.js:[2m150:20[22m[39m
    [90m148| [39m            [35mconst[39m entity [33m=[39m [35mthis[39m[33m.[39mentities[i][33m;[39m
    [90m149| [39m            [35mif[39m (entity[33m.[39mmarkedForDeletion) [35mcontinue[39m[33m;[39m
    [90m150| [39m            entity[33m.[39m[34mtick[39m([35mthis[39m)[33m;[39m
    [90m   | [39m                   [31m^[39m
    [90m151| [39m        }
    [90m152| [39m
[90m [2m❯[22m src/engine/LongRun.test.js:[2m23:19[22m[39m

[31m[2m⎯⎯⎯⎯⎯⎯⎯⎯⎯⎯⎯⎯⎯⎯⎯⎯⎯⎯⎯⎯⎯⎯⎯⎯[1/1]⎯[22m[39m


[2m Test Files [22m [1m[31m1 failed[39m[22m[2m | [22m[1m[32m1 passed[39m[22m[90m (2)[39m
[2m      Tests [22m [1m[31m1 failed[39m[22m[2m | [22m[1m[32m3 passed[39m[22m[90m (4)[39m
[2m   Start at [22m 22:08:25
[2m   Duration [22m 2.09s

[1m[41m FAIL [49m[22m [31mTests failed. Watching for file changes...[39m
       [2mpress [22m[1mh[22m[2m to show help[22m[2m, [22m[2mpress [22m[1mq[22m[2m to quit[22m
c[3J[1m[44m RERUN [49m[22m [34m[2msrc/entities/Human.js [22m[39m
       [2m Filename pattern: [22m[34msrc/engine/StatsDrift.test.js, run[39m

[90mstdout[2m | src/engine/LongRun.test.js[2m > [22m[2mLong Run Stability[2m > [22m[2mshould run for 1000 ticks without crashing or exploding
[22m[39mCow Endangered Reproduction!
Cow Endangered Reproduction!
Cow Endangered Reproduction!
Cow Endangered Reproduction!
Cow Endangered Reproduction!
Cow Endangered Reproduction!
Cow Endangered Reproduction!
Cow Endangered Reproduction!
Cow Endangered Reproduction!
Cow Endangered Reproduction!

 [31m❯[39m src/engine/LongRun.test.js [2m([22m[2m1 test[22m[2m | [22m[31m1 failed[39m[2m)[22m[33m 358[2mms[22m[39m
[31m     [31m×[31m should run for 1000 ticks without crashing or exploding[39m[33m 354[2mms[22m[39m
 [31m❯[39m src/engine/StatsDrift.test.js [2m([22m[2m3 tests[22m[2m | [22m[31m1 failed[39m[2m)[22m[33m 431[2mms[22m[39m
[31m     [31m×[31m Human count should decrease when House containing Human is destroyed[39m[33m 423[2mms[22m[39m
     [32m✓[39m Human count should decrease if House is destroyed and occupant cannot be ejected[32m 3[2mms[22m[39m
     [32m✓[39m Recalculate stats should correct any drift[32m 2[2mms[22m[39m

[31m⎯⎯⎯⎯⎯⎯⎯[39m[1m[41m Failed Tests 2 [49m[22m[31m⎯⎯⎯⎯⎯⎯⎯[39m

[41m[1m FAIL [22m[49m src/engine/StatsDrift.test.js[2m > [22mStats Drift[2m > [22mHuman count should decrease when House containing Human is destroyed
[31m[1mTypeError[22m: Cannot read properties of undefined (reading 'RADIUS')[39m
[36m [2m❯[22m Human.tick src/entities/Human.js:[2m58:94[22m[39m
    [90m 56| [39m
    [90m 57| [39m        [90m// Totem Effects[39m
    [90m 58| [39m        const nearbyTotem = world.findNearest(this.x, this.y, 'totem',…
    [90m   | [39m                                                                                             [31m^[39m
    [90m 59| [39m        [35mif[39m (nearbyTotem) {
    [90m 60| [39m            [35mif[39m (nearbyTotem[33m.[39mfaction [33m===[39m [35mthis[39m[33m.[39mfaction) {
[90m [2m❯[22m World.tick src/engine/World.js:[2m150:20[22m[39m
[90m [2m❯[22m src/engine/StatsDrift.test.js:[2m37:15[22m[39m

[31m[2m⎯⎯⎯⎯⎯⎯⎯⎯⎯⎯⎯⎯⎯⎯⎯⎯⎯⎯⎯⎯⎯⎯⎯⎯[1/2]⎯[22m[39m

[41m[1m FAIL [22m[49m src/engine/LongRun.test.js[2m > [22mLong Run Stability[2m > [22mshould run for 1000 ticks without crashing or exploding
[31m[1mTypeError[22m: Cannot read properties of undefined (reading 'RADIUS')[39m
[36m [2m❯[22m Human.tick src/entities/Human.js:[2m58:94[22m[39m
    [90m 56| [39m
    [90m 57| [39m        [90m// Totem Effects[39m
    [90m 58| [39m        const nearbyTotem = world.findNearest(this.x, this.y, 'totem',…
    [90m   | [39m                                                                                             [31m^[39m
    [90m 59| [39m        [35mif[39m (nearbyTotem) {
    [90m 60| [39m            [35mif[39m (nearbyTotem[33m.[39mfaction [33m===[39m [35mthis[39m[33m.[39mfaction) {
[90m [2m❯[22m World.tick src/engine/World.js:[2m150:20[22m[39m
[90m [2m❯[22m src/engine/LongRun.test.js:[2m23:19[22m[39m

[31m[2m⎯⎯⎯⎯⎯⎯⎯⎯⎯⎯⎯⎯⎯⎯⎯⎯⎯⎯⎯⎯⎯⎯⎯⎯[2/2]⎯[22m[39m


[2m Test Files [22m [1m[31m2 failed[39m[22m[90m (2)[39m
[2m      Tests [22m [1m[31m2 failed[39m[22m[2m | [22m[1m[32m2 passed[39m[22m[90m (4)[39m
[2m   Start at [22m 22:08:28
[2m   Duration [22m 13.31s

[1m[41m FAIL [49m[22m [31mTests failed. Watching for file changes...[39m
       [2mpress [22m[1mh[22m[2m to show help[22m[2m, [22m[2mpress [22m[1mq[22m[2m to quit[22m
c[3J[1m[44m RERUN [49m[22m [34m[2msrc/entities/Human.js [22m[39m
       [2m Filename pattern: [22m[34msrc/engine/StatsDrift.test.js, run[39m

[90mstdout[2m | src/engine/LongRun.test.js[2m > [22m[2mLong Run Stability[2m > [22m[2mshould run for 1000 ticks without crashing or exploding
[22m[39mCow Endangered Reproduction!
Cow Endangered Reproduction!
Cow Endangered Reproduction!
Cow Endangered Reproduction!
Cow Endangered Reproduction!
Cow Endangered Reproduction!
Cow Endangered Reproduction!
Cow Endangered Reproduction!
Cow Endangered Reproduction!
Cow Endangered Reproduction!
Cow Endangered Reproduction!

 [31m❯[39m src/engine/StatsDrift.test.js [2m([22m[2m3 tests[22m[2m | [22m[31m1 failed[39m[2m)[22m[32m 182[2mms[22m[39m
[31m     [31m×[31m Human count should decrease when House containing Human is destroyed[39m[32m 162[2mms[22m[39m
     [32m✓[39m Human count should decrease if House is destroyed and occupant cannot be ejected[32m 1[2mms[22m[39m
     [32m✓[39m Recalculate stats should correct any drift[32m 0[2mms[22m[39m
 [31m❯[39m src/engine/LongRun.test.js [2m([22m[2m1 test[22m[2m | [22m[31m1 failed[39m[2m)[22m[33m 358[2mms[22m[39m
[31m     [31m×[31m should run for 1000 ticks without crashing or exploding[39m[33m 350[2mms[22m[39m

[31m⎯⎯⎯⎯⎯⎯⎯[39m[1m[41m Failed Tests 2 [49m[22m[31m⎯⎯⎯⎯⎯⎯⎯[39m

[41m[1m FAIL [22m[49m src/engine/StatsDrift.test.js[2m > [22mStats Drift[2m > [22mHuman count should decrease when House containing Human is destroyed
[31m[1mTypeError[22m: Cannot read properties of undefined (reading 'RADIUS')[39m
[36m [2m❯[22m Human.tick src/entities/Human.js:[2m58:94[22m[39m
    [90m 56| [39m
    [90m 57| [39m        [90m// Totem Effects[39m
    [90m 58| [39m        const nearbyTotem = world.findNearest(this.x, this.y, 'totem',…
    [90m   | [39m                                                                                             [31m^[39m
    [90m 59| [39m        [35mif[39m (nearbyTotem) {
    [90m 60| [39m            [35mif[39m (nearbyTotem[33m.[39mfaction [33m===[39m [35mthis[39m[33m.[39mfaction) {
[90m [2m❯[22m World.tick src/engine/World.js:[2m150:20[22m[39m
[90m [2m❯[22m src/engine/StatsDrift.test.js:[2m37:15[22m[39m

[31m[2m⎯⎯⎯⎯⎯⎯⎯⎯⎯⎯⎯⎯⎯⎯⎯⎯⎯⎯⎯⎯⎯⎯⎯⎯[1/2]⎯[22m[39m

[41m[1m FAIL [22m[49m src/engine/LongRun.test.js[2m > [22mLong Run Stability[2m > [22mshould run for 1000 ticks without crashing or exploding
[31m[1mTypeError[22m: Cannot read properties of undefined (reading 'RADIUS')[39m
[36m [2m❯[22m Human.tick src/entities/Human.js:[2m58:94[22m[39m
    [90m 56| [39m
    [90m 57| [39m        [90m// Totem Effects[39m
    [90m 58| [39m        const nearbyTotem = world.findNearest(this.x, this.y, 'totem',…
    [90m   | [39m                                                                                             [31m^[39m
    [90m 59| [39m        [35mif[39m (nearbyTotem) {
    [90m 60| [39m            [35mif[39m (nearbyTotem[33m.[39mfaction [33m===[39m [35mthis[39m[33m.[39mfaction) {
[90m [2m❯[22m World.tick src/engine/World.js:[2m150:20[22m[39m
[90m [2m❯[22m src/engine/LongRun.test.js:[2m23:19[22m[39m

[31m[2m⎯⎯⎯⎯⎯⎯⎯⎯⎯⎯⎯⎯⎯⎯⎯⎯⎯⎯⎯⎯⎯⎯⎯⎯[2/2]⎯[22m[39m


[2m Test Files [22m [1m[31m2 failed[39m[22m[90m (2)[39m
[2m      Tests [22m [1m[31m2 failed[39m[22m[2m | [22m[1m[32m2 passed[39m[22m[90m (4)[39m
[2m   Start at [22m 22:08:53
[2m   Duration [22m 4.16s

[1m[41m FAIL [49m[22m [31mTests failed. Watching for file changes...[39m
       [2mpress [22m[1mh[22m[2m to show help[22m[2m, [22m[2mpress [22m[1mq[22m[2m to quit[22m
c[3J[1m[44m RERUN [49m[22m [34m[2msrc/entities/Totem.js [22m[39m
       [2m Filename pattern: [22m[34msrc/engine/StatsDrift.test.js, run[39m

[90mstdout[2m | src/engine/LongRun.test.js[2m > [22m[2mLong Run Stability[2m > [22m[2mshould run for 1000 ticks without crashing or exploding
[22m[39mCow Endangered Reproduction!
Cow Endangered Reproduction!
Cow Endangered Reproduction!
Cow Endangered Reproduction!
Cow Endangered Reproduction!
Cow Endangered Reproduction!
Cow Endangered Reproduction!
Cow Endangered Reproduction!
Cow Endangered Reproduction!

 [31m❯[39m src/engine/LongRun.test.js [2m([22m[2m1 test[22m[2m | [22m[31m1 failed[39m[2m)[22m[32m 89[2mms[22m[39m
[31m     [31m×[31m should run for 1000 ticks without crashing or exploding[39m[32m 81[2mms[22m[39m
 [31m❯[39m src/engine/StatsDrift.test.js [2m([22m[2m3 tests[22m[2m | [22m[31m1 failed[39m[2m)[22m[32m 122[2mms[22m[39m
[31m     [31m×[31m Human count should decrease when House containing Human is destroyed[39m[32m 117[2mms[22m[39m
     [32m✓[39m Human count should decrease if House is destroyed and occupant cannot be ejected[32m 1[2mms[22m[39m
     [32m✓[39m Recalculate stats should correct any drift[32m 1[2mms[22m[39m

[31m⎯⎯⎯⎯⎯⎯⎯[39m[1m[41m Failed Tests 2 [49m[22m[31m⎯⎯⎯⎯⎯⎯⎯[39m

[41m[1m FAIL [22m[49m src/engine/StatsDrift.test.js[2m > [22mStats Drift[2m > [22mHuman count should decrease when House containing Human is destroyed
[31m[1mTypeError[22m: Cannot read properties of undefined (reading 'RADIUS')[39m
[36m [2m❯[22m Human.tick src/entities/Human.js:[2m58:94[22m[39m
    [90m 56| [39m
    [90m 57| [39m        [90m// Totem Effects[39m
    [90m 58| [39m        const nearbyTotem = world.findNearest(this.x, this.y, 'totem',…
    [90m   | [39m                                                                                             [31m^[39m
    [90m 59| [39m        [35mif[39m (nearbyTotem) {
    [90m 60| [39m            [35mif[39m (nearbyTotem[33m.[39mfaction [33m===[39m [35mthis[39m[33m.[39mfaction) {
[90m [2m❯[22m World.tick src/engine/World.js:[2m150:20[22m[39m
[90m [2m❯[22m src/engine/StatsDrift.test.js:[2m37:15[22m[39m

[31m[2m⎯⎯⎯⎯⎯⎯⎯⎯⎯⎯⎯⎯⎯⎯⎯⎯⎯⎯⎯⎯⎯⎯⎯⎯[1/2]⎯[22m[39m

[41m[1m FAIL [22m[49m src/engine/LongRun.test.js[2m > [22mLong Run Stability[2m > [22mshould run for 1000 ticks without crashing or exploding
[31m[1mTypeError[22m: Cannot read properties of undefined (reading 'RADIUS')[39m
[36m [2m❯[22m Human.tick src/entities/Human.js:[2m58:94[22m[39m
    [90m 56| [39m
    [90m 57| [39m        [90m// Totem Effects[39m
    [90m 58| [39m        const nearbyTotem = world.findNearest(this.x, this.y, 'totem',…
    [90m   | [39m                                                                                             [31m^[39m
    [90m 59| [39m        [35mif[39m (nearbyTotem) {
    [90m 60| [39m            [35mif[39m (nearbyTotem[33m.[39mfaction [33m===[39m [35mthis[39m[33m.[39mfaction) {
[90m [2m❯[22m World.tick src/engine/World.js:[2m150:20[22m[39m
[90m [2m❯[22m src/engine/LongRun.test.js:[2m23:19[22m[39m

[31m[2m⎯⎯⎯⎯⎯⎯⎯⎯⎯⎯⎯⎯⎯⎯⎯⎯⎯⎯⎯⎯⎯⎯⎯⎯[2/2]⎯[22m[39m


[2m Test Files [22m [1m[31m2 failed[39m[22m[90m (2)[39m
[2m      Tests [22m [1m[31m2 failed[39m[22m[2m | [22m[1m[32m2 passed[39m[22m[90m (4)[39m
[2m   Start at [22m 22:09:02
[2m   Duration [22m 1.51s

[1m[41m FAIL [49m[22m [31mTests failed. Watching for file changes...[39m
       [2mpress [22m[1mh[22m[2m to show help[22m[2m, [22m[2mpress [22m[1mq[22m[2m to quit[22m
c[3J[1m[44m RERUN [49m[22m [34m[2msrc/entities/Human.js [22m[39m
       [2m Filename pattern: [22m[34msrc/engine/StatsDrift.test.js, run[39m

[90mstdout[2m | src/engine/LongRun.test.js[2m > [22m[2mLong Run Stability[2m > [22m[2mshould run for 1000 ticks without crashing or exploding
[22m[39mCow Endangered Reproduction!
Cow Endangered Reproduction!
Cow Endangered Reproduction!
Cow Endangered Reproduction!
Cow Endangered Reproduction!
Cow Endangered Reproduction!
Cow Endangered Reproduction!
Cow Endangered Reproduction!
Cow Endangered Reproduction!
Cow Endangered Reproduction!

 [31m❯[39m src/engine/LongRun.test.js [2m([22m[2m1 test[22m[2m | [22m[31m1 failed[39m[2m)[22m[32m 52[2mms[22m[39m
[31m     [31m×[31m should run for 1000 ticks without crashing or exploding[39m[32m 50[2mms[22m[39m
 [31m❯[39m src/engine/StatsDrift.test.js [2m([22m[2m3 tests[22m[2m | [22m[31m1 failed[39m[2m)[22m[32m 53[2mms[22m[39m
[31m     [31m×[31m Human count should decrease when House containing Human is destroyed[39m[32m 50[2mms[22m[39m
     [32m✓[39m Human count should decrease if House is destroyed and occupant cannot be ejected[32m 1[2mms[22m[39m
     [32m✓[39m Recalculate stats should correct any drift[32m 1[2mms[22m[39m

[31m⎯⎯⎯⎯⎯⎯⎯[39m[1m[41m Failed Tests 2 [49m[22m[31m⎯⎯⎯⎯⎯⎯⎯[39m

[41m[1m FAIL [22m[49m src/engine/StatsDrift.test.js[2m > [22mStats Drift[2m > [22mHuman count should decrease when House containing Human is destroyed
[31m[1mTypeError[22m: Cannot read properties of undefined (reading 'RADIUS')[39m
[36m [2m❯[22m Human.tick src/entities/Human.js:[2m58:94[22m[39m
    [90m 56| [39m
    [90m 57| [39m        [90m// Totem Effects[39m
    [90m 58| [39m        const nearbyTotem = world.findNearest(this.x, this.y, 'totem',…
    [90m   | [39m                                                                                             [31m^[39m
    [90m 59| [39m        [35mif[39m (nearbyTotem) {
    [90m 60| [39m            [35mif[39m (nearbyTotem[33m.[39mfaction [33m===[39m [35mthis[39m[33m.[39mfaction) {
[90m [2m❯[22m World.tick src/engine/World.js:[2m150:20[22m[39m
[90m [2m❯[22m src/engine/StatsDrift.test.js:[2m37:15[22m[39m

[31m[2m⎯⎯⎯⎯⎯⎯⎯⎯⎯⎯⎯⎯⎯⎯⎯⎯⎯⎯⎯⎯⎯⎯⎯⎯[1/2]⎯[22m[39m

[41m[1m FAIL [22m[49m src/engine/LongRun.test.js[2m > [22mLong Run Stability[2m > [22mshould run for 1000 ticks without crashing or exploding
[31m[1mTypeError[22m: Cannot read properties of undefined (reading 'RADIUS')[39m
[36m [2m❯[22m Human.tick src/entities/Human.js:[2m58:94[22m[39m
    [90m 56| [39m
    [90m 57| [39m        [90m// Totem Effects[39m
    [90m 58| [39m        const nearbyTotem = world.findNearest(this.x, this.y, 'totem',…
    [90m   | [39m                                                                                             [31m^[39m
    [90m 59| [39m        [35mif[39m (nearbyTotem) {
    [90m 60| [39m            [35mif[39m (nearbyTotem[33m.[39mfaction [33m===[39m [35mthis[39m[33m.[39mfaction) {
[90m [2m❯[22m World.tick src/engine/World.js:[2m150:20[22m[39m
[90m [2m❯[22m src/engine/LongRun.test.js:[2m23:19[22m[39m

[31m[2m⎯⎯⎯⎯⎯⎯⎯⎯⎯⎯⎯⎯⎯⎯⎯⎯⎯⎯⎯⎯⎯⎯⎯⎯[2/2]⎯[22m[39m


[2m Test Files [22m [1m[31m2 failed[39m[22m[90m (2)[39m
[2m      Tests [22m [1m[31m2 failed[39m[22m[2m | [22m[1m[32m2 passed[39m[22m[90m (4)[39m
[2m   Start at [22m 22:09:05
[2m   Duration [22m 4.69s

[1m[41m FAIL [49m[22m [31mTests failed. Watching for file changes...[39m
       [2mpress [22m[1mh[22m[2m to show help[22m[2m, [22m[2mpress [22m[1mq[22m[2m to quit[22m
c[3J[1m[44m RERUN [49m[22m [34m[2msrc/engine/Config.js [22m[39m
       [2m Filename pattern: [22m[34msrc/engine/StatsDrift.test.js, run[39m

 [32m✓[39m src/engine/StatsDrift.test.js [2m([22m[2m3 tests[22m[2m)[22m[32m 10[2mms[22m[39m
[90mstdout[2m | src/engine/LongRun.test.js[2m > [22m[2mLong Run Stability[2m > [22m[2mshould run for 1000 ticks without crashing or exploding
[22m[39mCow Endangered Reproduction!
Cow Endangered Reproduction!
Cow Endangered Reproduction!
Cow Endangered Reproduction!
Cow Endangered Reproduction!
Cow Endangered Reproduction!
Cow Endangered Reproduction!
Cow Endangered Reproduction!
Cow Endangered Reproduction!
Cow Endangered Reproduction!
Cow Endangered Reproduction!
Cow Endangered Reproduction!
Cow Endangered Reproduction!
Cow Endangered Reproduction!
Cow Endangered Reproduction!
Cow Endangered Reproduction!
Cow Endangered Reproduction!
Cow Endangered Reproduction!
Cow Endangered Reproduction!
Cow Endangered Reproduction!
Cow Endangered Reproduction!
Cow Endangered Reproduction!
Cow Endangered Reproduction!
Cow Endangered Reproduction!
Cow Endangered Reproduction!
Cow Endangered Reproduction!
Cow Endangered Reproduction!
Cow Endangered Reproduction!
Cow Endangered Reproduction!
Cow Endangered Reproduction!
Human Xander built Nature Reserve for WOLF
Human Uma built Nature Reserve for WOLF
Human Pip built Nature Reserve for WOLF
Human Victor built Nature Reserve for WOLF
Human Frank built Nature Reserve for WOLF
Human Xander built Nature Reserve for WOLF
Human Alice built Nature Reserve for WOLF
Human Ruby built Nature Reserve for WOLF
Human Eve built Nature Reserve for WOLF
Human Alice built Nature Reserve for WOLF
Human Bob built Nature Reserve for WOLF
Human Jack built Nature Reserve for WOLF
Human Diana built Nature Reserve for WOLF
Human Wendy built Nature Reserve for WOLF
Human Pip built Nature Reserve for WOLF
Human Frank built Nature Reserve for WOLF
Human Tina built Nature Reserve for WOLF
Human Bob built Nature Reserve for WOLF
Human Ruby built Nature Reserve for WOLF
Human Jack built Nature Reserve for WOLF
Human Quinn built Nature Reserve for WOLF
Human Luna built Nature Reserve for WOLF
Human Xander built Nature Reserve for WOLF
Human Uma built Nature Reserve for WOLF
Human Yara built Nature Reserve for WOLF
Human Sam built Nature Reserve for WOLF
Human Yara built Nature Reserve for WOLF
Human Tina built Nature Reserve for WOLF
Human Oscar built Nature Reserve for WOLF
Human Alice built Nature Reserve for WOLF
Human Luna built Nature Reserve for WOLF
Human Eve built Nature Reserve for WOLF
Human Diana built Nature Reserve for WOLF
Human Alice built Nature Reserve for WOLF
Human Ruby built Nature Reserve for WOLF
Human Jack built Nature Reserve for WOLF
Human Bob built Nature Reserve for WOLF
Human Frank built Nature Reserve for WOLF
Human Eve built Nature Reserve for WOLF
Human Sam built Nature Reserve for WOLF
Human Sam built Nature Reserve for WOLF
Human Uma built Nature Reserve for WOLF
Human Alice built Nature Reserve for WOLF
Human Bob built Nature Reserve for WOLF
Human Tina built Nature Reserve for WOLF
Human Ivy built Nature Reserve for WOLF
Human Quinn built Nature Reserve for WOLF
Human Pip built Nature Reserve for WOLF
Human Jack built Nature Reserve for WOLF
Human Bob built Nature Reserve for WOLF
Human Luna built Nature Reserve for WOLF
Human Victor built Nature Reserve for WOLF
Human Bob built Nature Reserve for WOLF
Human Bob built Nature Reserve for WOLF
Human Pip built Nature Reserve for WOLF
Human Quinn built Nature Reserve for WOLF
Human Uma built Nature Reserve for WOLF
Human Jack built Nature Reserve for WOLF
Human Oscar built Nature Reserve for WOLF
Human Sam built Nature Reserve for WOLF
Human Alice built Nature Reserve for WOLF
Human Frank built Nature Reserve for WOLF
Human Ivy built Nature Reserve for WOLF
Human Frank built Nature Reserve for WOLF
Human Sam built Nature Reserve for WOLF
Human Eve built Nature Reserve for WOLF
Human Uma built Nature Reserve for WOLF
Human Ruby built Nature Reserve for WOLF
Human Quinn built Nature Reserve for WOLF
Human Eve built Nature Reserve for WOLF
Human Oscar built Nature Reserve for WOLF
Human Uma built Nature Reserve for WOLF
Human Eve built Nature Reserve for WOLF
Human Sam built Nature Reserve for WOLF
Human Yara built Nature Reserve for WOLF
Human Luna built Nature Reserve for WOLF
Human Alice built Nature Reserve for WOLF
Human Jack built Nature Reserve for WOLF
Human Ivy built Nature Reserve for WOLF
Human Uma built Nature Reserve for WOLF
Human Jack built Nature Reserve for WOLF
Human Zane built Nature Reserve for WOLF
Human Tina built Nature Reserve for WOLF
Human Xander built Nature Reserve for WOLF
Human Sam built Nature Reserve for WOLF
Cow Endangered Reproduction!
Cow Endangered Reproduction!
Cow Endangered Reproduction!
Cow Endangered Reproduction!
Cow Endangered Reproduction!
Cow Endangered Reproduction!
Cow Endangered Reproduction!
Cow Endangered Reproduction!
Cow Endangered Reproduction!
Cow Endangered Reproduction!
Cow Endangered Reproduction!
Cow Endangered Reproduction!
Cow Endangered Reproduction!
Human Pip built Nature Reserve for WOLF
Human Wendy built Nature Reserve for WOLF
Human Sam built Nature Reserve for WOLF
Human Frank built Nature Reserve for COW
Human Wendy built Nature Reserve for COW
Cow Endangered Reproduction!
Human Diana built Nature Reserve for WOLF
Human Oscar built Nature Reserve for WOLF
Human Victor built Nature Reserve for WOLF
Human Eve built Nature Reserve for WOLF
Human Milo built Nature Reserve for WOLF
Human Oscar built Nature Reserve for WOLF
Human Hank built Nature Reserve for WOLF
Human Diana built Nature Reserve for WOLF
Human Wendy built Nature Reserve for WOLF
Human Bob built Nature Reserve for WOLF
Human Oscar built Nature Reserve for WOLF
Human Frank built Nature Reserve for WOLF
Human Nina built Nature Reserve for WOLF
Human Eve built Nature Reserve for WOLF
Human Tina built Nature Reserve for WOLF
Human Sam built Nature Reserve for WOLF
Human Quinn built Nature Reserve for WOLF
Cow Endangered Reproduction!
Human Charlie built Nature Reserve for WOLF
Human Diana built Nature Reserve for WOLF
Human Hank built Nature Reserve for WOLF
Human Quinn built Nature Reserve for WOLF
Human Quinn built Nature Reserve for WOLF
Human Jack built Nature Reserve for WOLF
Human Alice built Nature Reserve for WOLF
Human Sam built Nature Reserve for WOLF
Human Diana built Nature Reserve for WOLF
Human Victor built Nature Reserve for WOLF
Human Alice built Nature Reserve for WOLF
Cow Endangered Reproduction!
Human Ruby built Nature Reserve for WOLF
Human Wendy built Nature Reserve for WOLF
Human Sam built Nature Reserve for WOLF
Human Tina built Nature Reserve for WOLF
Human Zane built Nature Reserve for WOLF
Human Bob built Nature Reserve for WOLF
Human Quinn built Nature Reserve for WOLF
Human Frank built Nature Reserve for WOLF
Human Wendy built Nature Reserve for WOLF
Human Oscar built Nature Reserve for WOLF
Human Uma built Nature Reserve for WOLF
Human Alice built Nature Reserve for WOLF
Human Pip built Nature Reserve for WOLF
Human Oscar built Nature Reserve for WOLF
Human Victor built Nature Reserve for WOLF
Human Milo built Nature Reserve for WOLF
Human Diana built Nature Reserve for WOLF
Human Diana built Nature Reserve for WOLF
Human Eve built Nature Reserve for WOLF
Human Jack built Nature Reserve for WOLF
Human Quinn built Nature Reserve for WOLF
Human Alice built Nature Reserve for WOLF
Human Uma built Nature Reserve for WOLF
Human Ivy built Nature Reserve for WOLF
Human Pip built Nature Reserve for WOLF
Human Diana built Nature Reserve for WOLF
Human Ruby built Nature Reserve for WOLF
Human Bob built Nature Reserve for WOLF
Human Diana built Nature Reserve for WOLF
Human Diana built Nature Reserve for WOLF
Human Yara built Nature Reserve for WOLF
Human Sam built Nature Reserve for WOLF
Human Charlie built Nature Reserve for WOLF
Human Eve built Nature Reserve for WOLF
Human Yara built Nature Reserve for WOLF
Human Diana built Nature Reserve for WOLF
Human Wendy built Nature Reserve for WOLF
Human Frank built Nature Reserve for WOLF
Human Luna built Nature Reserve for WOLF
Human Diana built Nature Reserve for WOLF
Human Luna built Nature Reserve for WOLF
Human Yara built Nature Reserve for WOLF
Human Diana built Nature Reserve for WOLF
Human Uma built Nature Reserve for WOLF
Human Alice built Nature Reserve for WOLF
Human Wendy built Nature Reserve for WOLF
Human Ivy built Nature Reserve for WOLF
Human Bob built Nature Reserve for WOLF
Human Quinn built Nature Reserve for WOLF
Human Uma built Nature Reserve for WOLF
Human Uma built Nature Reserve for WOLF
Human Ivy built Nature Reserve for WOLF
Human Wendy built Nature Reserve for WOLF
Human Sam built Nature Reserve for WOLF
Human Victor built Nature Reserve for WOLF
Human Alice built Nature Reserve for WOLF
Human Ivy built Nature Reserve for WOLF
Human Quinn built Nature Reserve for WOLF
Human Sam built Nature Reserve for WOLF
Human Wendy built Nature Reserve for WOLF
Human Yara built Nature Reserve for WOLF
Human Ruby built Nature Reserve for WOLF
Human Wendy built Nature Reserve for WOLF
Human Frank built Nature Reserve for WOLF
Human Eve built Nature Reserve for WOLF
Human Uma built Nature Reserve for WOLF
Human Tina built Nature Reserve for WOLF
Human Wendy built Nature Reserve for WOLF
Human Oscar built Nature Reserve for WOLF
Human Wendy built Nature Reserve for WOLF
Human Xander built Nature Reserve for WOLF
Human Charlie built Nature Reserve for WOLF
Human Charlie built Nature Reserve for WOLF
Human Yara built Nature Reserve for WOLF
Human Pip built Nature Reserve for WOLF
Human Pip built Nature Reserve for WOLF
Human Wendy built Nature Reserve for WOLF
Human Victor built Nature Reserve for WOLF
Human Xander built Nature Reserve for WOLF
Human Alice built Nature Reserve for WOLF
Human Yara built Nature Reserve for WOLF
Human Milo built Nature Reserve for WOLF
Cow Endangered Reproduction!
Cow Endangered Reproduction!
Human Diana built Nature Reserve for WOLF
Human Milo built Nature Reserve for WOLF
Human Luna built Nature Reserve for WOLF
Human Hank built Nature Reserve for WOLF
Human Alice built Nature Reserve for WOLF
Human Wendy built Nature Reserve for WOLF
Human Alice built Nature Reserve for WOLF
Human Ivy built Nature Reserve for WOLF
Human Diana built Nature Reserve for WOLF
Human Milo built Nature Reserve for WOLF
Human Grace built Nature Reserve for WOLF
Human Uma built Nature Reserve for WOLF
Human Alice built Nature Reserve for WOLF
Human Quinn built Nature Reserve for WOLF
Human Yara built Nature Reserve for WOLF
Human Pip built Nature Reserve for WOLF
Human Xander built Nature Reserve for WOLF
Human Tina built Nature Reserve for WOLF
Human Grace built Nature Reserve for WOLF
Human Ruby built Nature Reserve for WOLF
Human Ivy built Nature Reserve for WOLF
Human Ivy built Nature Reserve for WOLF
Human Bob built Nature Reserve for WOLF
Human Xander built Nature Reserve for WOLF
Human Alice built Nature Reserve for WOLF
Human Victor built Nature Reserve for WOLF
Human Hank built Nature Reserve for WOLF
Human Yara built Nature Reserve for WOLF
Human Diana built Nature Reserve for WOLF
Human Ivy built Nature Reserve for WOLF
Human Milo built Nature Reserve for WOLF
Human Uma built Nature Reserve for WOLF
Human Wendy built Nature Reserve for WOLF
Human Alice built Nature Reserve for WOLF
Human Ruby built Nature Reserve for WOLF
Human Quinn built Nature Reserve for WOLF
Human Jack built Nature Reserve for WOLF
Human Sam built Nature Reserve for WOLF
Human Sam built Nature Reserve for WOLF
Human Tina built Nature Reserve for WOLF
Human Pip built Nature Reserve for WOLF
Human Luna built Nature Reserve for WOLF
Human Hank built Nature Reserve for WOLF
Human Ivy built Nature Reserve for WOLF
Human Zane built Nature Reserve for WOLF
Human Ivy built Nature Reserve for WOLF
Human Charlie built Nature Reserve for WOLF
Human Charlie built Nature Reserve for WOLF
Human Alice built Nature Reserve for WOLF
Human Jack built Nature Reserve for WOLF
Human Luna built Nature Reserve for WOLF
Human Bob built Nature Reserve for WOLF
Human Eve built Nature Reserve for WOLF
Human Ivy built Nature Reserve for WOLF
Human Oscar built Nature Reserve for WOLF
Human Bob built Nature Reserve for WOLF
Human Xander built Nature Reserve for WOLF
Human Pip built Nature Reserve for WOLF
Human Pip built Nature Reserve for WOLF
Human Frank built Nature Reserve for WOLF
Human Ivy built Nature Reserve for WOLF
Human Bob built Nature Reserve for WOLF
Human Alice built Nature Reserve for WOLF
Human Zane built Nature Reserve for WOLF
Human Victor built Nature Reserve for WOLF
Human Pip built Nature Reserve for WOLF
Human Ivy built Nature Reserve for WOLF
Human Pip built Nature Reserve for WOLF
Human Diana built Nature Reserve for WOLF
Human Yara built Nature Reserve for WOLF
Human Tina built Nature Reserve for WOLF
Human Zane built Nature Reserve for WOLF
Human Sam built Nature Reserve for WOLF
Human Bob built Nature Reserve for WOLF
Human Diana built Nature Reserve for WOLF
Human Luna built Nature Reserve for WOLF
Human Yara built Nature Reserve for WOLF
Human Zane built Nature Reserve for WOLF
Human Alice built Nature Reserve for WOLF
Human Grace built Nature Reserve for WOLF
Human Sam built Nature Reserve for WOLF
Human Xander built Nature Reserve for WOLF
Human Luna built Nature Reserve for WOLF
Human Pip built Nature Reserve for WOLF
Human Eve built Nature Reserve for WOLF
Human Tina built Nature Reserve for WOLF
Human Zane built Nature Reserve for WOLF
Human Alice built Nature Reserve for WOLF
Human Bob built Nature Reserve for WOLF
Human Sam built Nature Reserve for WOLF
Human Pip built Nature Reserve for WOLF
Human Eve built Nature Reserve for WOLF
Human Ivy built Nature Reserve for WOLF
Human Frank built Nature Reserve for WOLF
Human Diana built Nature Reserve for WOLF
Human Alice built Nature Reserve for WOLF
Human Victor built Nature Reserve for WOLF
Human Yara built Nature Reserve for WOLF
Human Bob built Nature Reserve for WOLF
Human Alice built Nature Reserve for WOLF
Human Ruby built Nature Reserve for WOLF
Human Diana built Nature Reserve for WOLF
Human Hank built Nature Reserve for WOLF
Human Nina built Nature Reserve for WOLF
Human Victor built Nature Reserve for WOLF
Human Pip built Nature Reserve for WOLF
Human Yara built Nature Reserve for WOLF
Human Zane built Nature Reserve for WOLF
Human Milo built Nature Reserve for WOLF
Human Milo built Nature Reserve for WOLF
Human Frank built Nature Reserve for WOLF
Human Diana built Nature Reserve for WOLF
Human Luna built Nature Reserve for WOLF
Human Milo built Nature Reserve for WOLF
Human Milo built Nature Reserve for WOLF
Human Yara built Nature Reserve for WOLF
Human Victor built Nature Reserve for WOLF
Human Sam built Nature Reserve for WOLF
Human Frank built Nature Reserve for WOLF
Human Pip built Nature Reserve for WOLF
Human Ruby built Nature Reserve for WOLF
Human Pip built Nature Reserve for WOLF
Human Sam built Nature Reserve for WOLF
Human Eve built Nature Reserve for WOLF
Human Yara built Nature Reserve for WOLF
Human Sam built Nature Reserve for WOLF
Human Yara built Nature Reserve for WOLF
Human Nina built Nature Reserve for WOLF
Human Bob built Nature Reserve for WOLF
Human Zane built Nature Reserve for WOLF
Human Frank built Nature Reserve for WOLF
Human Victor built Nature Reserve for WOLF
Human Xander built Nature Reserve for WOLF
Human Hank built Nature Reserve for WOLF
Human Bob built Nature Reserve for WOLF
Human Pip built Nature Reserve for WOLF
Human Sam built Nature Reserve for WOLF
Human Ruby built Nature Reserve for WOLF
Human Yara built Nature Reserve for WOLF
Human Pip built Nature Reserve for WOLF
Human Victor built Nature Reserve for WOLF
Human Sam built Nature Reserve for WOLF
Human Frank built Nature Reserve for WOLF
Human Bob built Nature Reserve for WOLF
Human Pip built Nature Reserve for WOLF
Human Milo built Nature Reserve for WOLF
Human Victor built Nature Reserve for WOLF
Human Milo built Nature Reserve for WOLF
Human Frank built Nature Reserve for WOLF
Human Yara built Nature Reserve for WOLF
Human Alice built Nature Reserve for WOLF
Human Ivy built Nature Reserve for WOLF
Human Hank built Nature Reserve for WOLF
Human Frank built Nature Reserve for WOLF
Human Tina built Nature Reserve for WOLF
Human Luna built Nature Reserve for WOLF
Human Victor built Nature Reserve for WOLF
Human Eve built Nature Reserve for WOLF
Human Victor built Nature Reserve for WOLF
Human Ruby built Nature Reserve for WOLF
Human Nina built Nature Reserve for WOLF
Human Victor built Nature Reserve for WOLF
Human Victor built Nature Reserve for WOLF
Human Eve built Nature Reserve for WOLF
Human Eve built Nature Reserve for WOLF
Human Milo built Nature Reserve for WOLF
Human Milo built Nature Reserve for WOLF
Human Sam built Nature Reserve for WOLF
Human Wendy built Nature Reserve for WOLF
Human Yara built Nature Reserve for WOLF
New Faction PINK_353 registered with traits: {
  moveSpeed: [33m0.9429379780668639[39m,
  hungerRate: [33m1.0605196387603841[39m,
  visionRadius: [33m0.9094840280366923[39m,
  aggression: [33m1.0274509044800066[39m,
  heatTolerance: [33m1.070625626053664[39m,
  coldTolerance: [33m1.014626238866554[39m
}
Societal Split! RED -> PINK_353 (Threshold: 6)
New Faction TEAL_975 registered with traits: {
  moveSpeed: [33m1.0195531829266011[39m,
  hungerRate: [33m1.0798781520272716[39m,
  visionRadius: [33m1.0856436389174124[39m,
  aggression: [33m1.0504449795174968[39m,
  heatTolerance: [33m0.9647539019515121[39m,
  coldTolerance: [33m1.0189923772808076[39m
}
Societal Split! RED -> TEAL_975 (Threshold: 6)
New Faction INDIGO_736 registered with traits: {
  moveSpeed: [33m0.99013026112888[39m,
  hungerRate: [33m0.9311955668156128[39m,
  visionRadius: [33m0.9276573054337393[39m,
  aggression: [33m1.0571123553039896[39m,
  heatTolerance: [33m0.9165689229299765[39m,
  coldTolerance: [33m0.9837191513763729[39m
}
Societal Split! RED -> INDIGO_736 (Threshold: 6)
New Faction TEAL_701 registered with traits: {
  moveSpeed: [33m0.9125572929856125[39m,
  hungerRate: [33m1.0177254726227996[39m,
  visionRadius: [33m1.0226076150614478[39m,
  aggression: [33m1.065920063678986[39m,
  heatTolerance: [33m0.9146937931299466[39m,
  coldTolerance: [33m1.0210209932433725[39m
}
Societal Split! RED -> TEAL_701 (Threshold: 6)
Cow Endangered Reproduction!
Cow Endangered Reproduction!
Cow Endangered Reproduction!
Cow Endangered Reproduction!
Cow Endangered Reproduction!
Cow Endangered Reproduction!
Cow Endangered Reproduction!
Cow Endangered Reproduction!
Cow Endangered Reproduction!
New Faction INDIGO_468 registered with traits: {
  moveSpeed: [33m0.959056874444811[39m,
  hungerRate: [33m1.0996815156237016[39m,
  visionRadius: [33m1.01025548513307[39m,
  aggression: [33m0.9960576303547732[39m,
  heatTolerance: [33m0.9350066865889518[39m,
  coldTolerance: [33m1.0216906024119214[39m
}
Societal Split! BLUE -> INDIGO_468 (Threshold: 6)
New Faction PINK_722 registered with traits: {
  moveSpeed: [33m0.9357265673810755[39m,
  hungerRate: [33m0.9262210537512425[39m,
  visionRadius: [33m0.9126665379955412[39m,
  aggression: [33m1.0460903059081041[39m,
  heatTolerance: [33m1.0694877015636428[39m,
  coldTolerance: [33m1.0619406861514755[39m
}
Societal Split! BLUE -> PINK_722 (Threshold: 6)
Cow Endangered Reproduction!
Human Hank built Nature Reserve for COW
Human Uma built Nature Reserve for COW
Cow Endangered Reproduction!
Cow Endangered Reproduction!
Cow Endangered Reproduction!
Cow Endangered Reproduction!
Cow Endangered Reproduction!
Cow Endangered Reproduction!
Cow Endangered Reproduction!
Human Diana built Nature Reserve for WOLF
Human Tina built Nature Reserve for WOLF
Human Grace built Nature Reserve for WOLF
Human Yara built Nature Reserve for WOLF
Human Bob built Nature Reserve for WOLF
Human Hank built Nature Reserve for WOLF
Human Xander built Nature Reserve for WOLF
Human Zane built Nature Reserve for WOLF
Human Nina built Nature Reserve for WOLF
Human Luna built Nature Reserve for WOLF
Human Bob built Nature Reserve for WOLF
Human Zane built Nature Reserve for WOLF
Human Grace built Nature Reserve for WOLF
Human Nina built Nature Reserve for WOLF
Human Uma built Nature Reserve for WOLF
Human Nina built Nature Reserve for WOLF
Human Uma built Nature Reserve for WOLF
Human Grace built Nature Reserve for WOLF
Human Bob built Nature Reserve for WOLF
Human Wendy built Nature Reserve for WOLF
Human Tina built Nature Reserve for WOLF
Human Wendy built Nature Reserve for WOLF
Human Uma built Nature Reserve for WOLF
Human Zane built Nature Reserve for WOLF
Human Uma built Nature Reserve for WOLF
Human Zane built Nature Reserve for WOLF
Human Nina built Nature Reserve for WOLF
Human Bob built Nature Reserve for WOLF
Human Tina built Nature Reserve for WOLF
Human Grace built Nature Reserve for WOLF
Human Wendy built Nature Reserve for WOLF
Human Bob built Nature Reserve for WOLF
Human Nina built Nature Reserve for WOLF
Human Wendy built Nature Reserve for WOLF
Human Xander built Nature Reserve for WOLF
Human Ivy built Nature Reserve for WOLF
Human Zane built Nature Reserve for WOLF
Final population: 749

 [32m✓[39m src/engine/LongRun.test.js [2m([22m[2m1 test[22m[2m)[22m[33m 11069[2mms[22m[39m
     [33m[2m✓[22m[39m should run for 1000 ticks without crashing or exploding [33m 11054[2mms[22m[39m

[2m Test Files [22m [1m[32m2 passed[39m[22m[90m (2)[39m
[2m      Tests [22m [1m[32m4 passed[39m[22m[90m (4)[39m
[2m   Start at [22m 22:10:20
[2m   Duration [22m 13.67s

[1m[42m PASS [49m[22m [32mWaiting for file changes...[39m
       [2mpress [22m[1mh[22m[2m to show help[22m[2m, [22m[2mpress [22m[1mq[22m[2m to quit[22m
c[3J[1m[44m RERUN [49m[22m [34m[2msrc/engine/Config.js [22m[39m
       [2m Filename pattern: [22m[34msrc/engine/StatsDrift.test.js, run[39m

 [32m✓[39m src/engine/StatsDrift.test.js [2m([22m[2m3 tests[22m[2m)[22m[32m 35[2mms[22m[39m
[90mstdout[2m | src/engine/LongRun.test.js[2m > [22m[2mLong Run Stability[2m > [22m[2mshould run for 1000 ticks without crashing or exploding
[22m[39mCow Endangered Reproduction!
Cow Endangered Reproduction!
Cow Endangered Reproduction!
Cow Endangered Reproduction!
Cow Endangered Reproduction!
Cow Endangered Reproduction!
Cow Endangered Reproduction!
Cow Endangered Reproduction!
Cow Endangered Reproduction!
Cow Endangered Reproduction!
Cow Endangered Reproduction!
Cow Endangered Reproduction!
Cow Endangered Reproduction!
Cow Endangered Reproduction!
Cow Endangered Reproduction!
Cow Endangered Reproduction!
Cow Endangered Reproduction!
Cow Endangered Reproduction!
Cow Endangered Reproduction!
Cow Endangered Reproduction!
Cow Endangered Reproduction!
Cow Endangered Reproduction!
Cow Endangered Reproduction!
Cow Endangered Reproduction!
Cow Endangered Reproduction!
Cow Endangered Reproduction!
Cow Endangered Reproduction!
Cow Endangered Reproduction!
Cow Endangered Reproduction!
Cow Endangered Reproduction!
Human Diana built Nature Reserve for WOLF
Human Charlie built Nature Reserve for WOLF
Human Victor built Nature Reserve for WOLF
Human Eve built Nature Reserve for WOLF
Human Victor built Nature Reserve for WOLF
Human Xander built Nature Reserve for WOLF
Human Ivy built Nature Reserve for WOLF
Human Jack built Nature Reserve for WOLF
Human Zane built Nature Reserve for WOLF
Human Bob built Nature Reserve for WOLF
Human Jack built Nature Reserve for WOLF
Human Diana built Nature Reserve for WOLF
Human Oscar built Nature Reserve for WOLF
Human Milo built Nature Reserve for WOLF
Human Ivy built Nature Reserve for WOLF
Human Oscar built Nature Reserve for WOLF
Human Zane built Nature Reserve for WOLF
Human Milo built Nature Reserve for WOLF
Human Milo built Nature Reserve for WOLF
Human Grace built Nature Reserve for WOLF
Human Milo built Nature Reserve for WOLF
Human Luna built Nature Reserve for WOLF
Human Frank built Nature Reserve for WOLF
Human Oscar built Nature Reserve for WOLF
Human Ivy built Nature Reserve for WOLF
Human Diana built Nature Reserve for WOLF
Human Bob built Nature Reserve for WOLF
Human Uma built Nature Reserve for WOLF
Human Charlie built Nature Reserve for WOLF
Human Charlie built Nature Reserve for WOLF
Human Milo built Nature Reserve for WOLF
Human Sam built Nature Reserve for WOLF
Human Charlie built Nature Reserve for WOLF
Human Ivy built Nature Reserve for WOLF
Human Eve built Nature Reserve for WOLF
Human Victor built Nature Reserve for WOLF
Human Jack built Nature Reserve for WOLF
Human Victor built Nature Reserve for WOLF
Human Zane built Nature Reserve for WOLF
Human Victor built Nature Reserve for WOLF
Human Ivy built Nature Reserve for WOLF
Human Milo built Nature Reserve for WOLF
Human Milo built Nature Reserve for WOLF
Human Jack built Nature Reserve for WOLF
Human Luna built Nature Reserve for WOLF
Human Jack built Nature Reserve for WOLF
Human Milo built Nature Reserve for WOLF
Human Ivy built Nature Reserve for WOLF
Human Alice built Nature Reserve for WOLF
Human Victor built Nature Reserve for WOLF
Human Frank built Nature Reserve for WOLF
Human Sam built Nature Reserve for WOLF
Human Victor built Nature Reserve for WOLF
Human Jack built Nature Reserve for WOLF
Human Milo built Nature Reserve for WOLF
Human Ivy built Nature Reserve for WOLF
Human Charlie built Nature Reserve for WOLF
Human Uma built Nature Reserve for WOLF
Human Zane built Nature Reserve for WOLF
Human Charlie built Nature Reserve for WOLF
Human Ivy built Nature Reserve for WOLF
Human Zane built Nature Reserve for WOLF
Human Uma built Nature Reserve for WOLF
Cow Endangered Reproduction!
Cow Endangered Reproduction!
Cow Endangered Reproduction!
Cow Endangered Reproduction!
Cow Endangered Reproduction!
Cow Endangered Reproduction!
Human Diana built Nature Reserve for COW
Cow Endangered Reproduction!
Human Jack built Nature Reserve for COW
Cow Endangered Reproduction!
Cow Endangered Reproduction!
Cow Endangered Reproduction!
Cow Endangered Reproduction!
Cow Endangered Reproduction!
Cow Endangered Reproduction!
Human Ruby built Nature Reserve for COW
Cow Endangered Reproduction!
Cow Endangered Reproduction!
Cow Endangered Reproduction!
Cow Endangered Reproduction!
Human Diana built Nature Reserve for COW
Cow Endangered Reproduction!
Human Jack built Nature Reserve for COW
Cow Endangered Reproduction!
Cow Endangered Reproduction!
Human Grace built Nature Reserve for COW
Human Uma built Nature Reserve for COW
Human Diana built Nature Reserve for COW
Human Tina built Nature Reserve for COW
Cow Endangered Reproduction!
Cow Endangered Reproduction!
Cow Endangered Reproduction!
Cow Endangered Reproduction!
Human Nina built Nature Reserve for COW
Human Xander built Nature Reserve for COW
Human Pip built Nature Reserve for COW
Human Diana built Nature Reserve for COW
Human Alice built Nature Reserve for COW
Human Victor built Nature Reserve for COW
Human Nina built Nature Reserve for COW
Cow Endangered Reproduction!
Cow Endangered Reproduction!
Human Wendy built Nature Reserve for COW
Human Ruby built Nature Reserve for COW
Human Alice built Nature Reserve for COW
Human Milo built Nature Reserve for COW
Human Zane built Nature Reserve for COW
Human Oscar built Nature Reserve for COW
Human Ruby built Nature Reserve for COW
Human Eve built Nature Reserve for COW
Human Xander built Nature Reserve for COW
Human Quinn built Nature Reserve for COW
Human Victor built Nature Reserve for COW
Human Ruby built Nature Reserve for COW
Human Alice built Nature Reserve for COW
Human Jack built Nature Reserve for COW
Cow Endangered Reproduction!
Cow Endangered Reproduction!
Cow Endangered Reproduction!
Human Oscar built Nature Reserve for COW
Human Sam built Nature Reserve for COW
Human Grace built Nature Reserve for COW
Cow Endangered Reproduction!
Cow Endangered Reproduction!
Cow Endangered Reproduction!
Cow Endangered Reproduction!
New Faction ORANGE_838 registered with traits: {
  moveSpeed: [33m1.0190747791644694[39m,
  hungerRate: [33m0.9396476384596647[39m,
  visionRadius: [33m1.011371854353572[39m,
  aggression: [33m0.961315654431518[39m,
  heatTolerance: [33m0.9898815084225172[39m,
  coldTolerance: [33m1.038685501828103[39m
}
Societal Split! RED -> ORANGE_838 (Threshold: 6)
New Faction TEAL_555 registered with traits: {
  moveSpeed: [33m1.0543610793612388[39m,
  hungerRate: [33m0.938563763626062[39m,
  visionRadius: [33m0.9659075171299065[39m,
  aggression: [33m1.0419402793685755[39m,
  heatTolerance: [33m1.0757680893910875[39m,
  coldTolerance: [33m1.0364555116731407[39m
}
Societal Split! RED -> TEAL_555 (Threshold: 6)
New Faction ORANGE_21 registered with traits: {
  moveSpeed: [33m1.0897809887696064[39m,
  hungerRate: [33m1.0357941473528298[39m,
  visionRadius: [33m0.9878014370189709[39m,
  aggression: [33m0.9382380229662828[39m,
  heatTolerance: [33m0.9008621515275781[39m,
  coldTolerance: [33m0.9204414170007822[39m
}
Societal Split! RED -> ORANGE_21 (Threshold: 6)
New Faction TEAL_390 registered with traits: {
  moveSpeed: [33m0.9624997263368491[39m,
  hungerRate: [33m0.9945986588674575[39m,
  visionRadius: [33m1.0774027785267029[39m,
  aggression: [33m0.9361936260330841[39m,
  heatTolerance: [33m0.9268872483788836[39m,
  coldTolerance: [33m1.0797987440709924[39m
}
Societal Split! RED -> TEAL_390 (Threshold: 6)
New Faction PINK_819 registered with traits: {
  moveSpeed: [33m0.9483670653742713[39m,
  hungerRate: [33m0.969402783040731[39m,
  visionRadius: [33m1.0570233983687376[39m,
  aggression: [33m1.065158921788504[39m,
  heatTolerance: [33m0.9366891910716593[39m,
  coldTolerance: [33m0.9839541814200672[39m
}
Societal Split! RED -> PINK_819 (Threshold: 6)
Human Bob built Nature Reserve for WOLF
Human Pip built Nature Reserve for WOLF
Human Uma built Nature Reserve for WOLF
Human Tina built Nature Reserve for WOLF
Human Charlie built Nature Reserve for WOLF
Human Eve built Nature Reserve for WOLF
Human Charlie built Nature Reserve for WOLF
Human Yara built Nature Reserve for WOLF
Human Nina built Nature Reserve for WOLF
Human Milo built Nature Reserve for WOLF
Human Uma built Nature Reserve for WOLF
Human Pip built Nature Reserve for WOLF
Human Ivy built Nature Reserve for WOLF
Human Alice built Nature Reserve for WOLF
Human Jack built Nature Reserve for WOLF
Human Sam built Nature Reserve for WOLF
Human Bob built Nature Reserve for WOLF
Human Oscar built Nature Reserve for WOLF
Human Pip built Nature Reserve for WOLF
Human Xander built Nature Reserve for WOLF
Human Alice built Nature Reserve for WOLF
Human Bob built Nature Reserve for WOLF
Human Bob built Nature Reserve for WOLF
Human Eve built Nature Reserve for WOLF
Human Milo built Nature Reserve for WOLF
Human Luna built Nature Reserve for WOLF
Human Eve built Nature Reserve for WOLF
Human Ruby built Nature Reserve for WOLF
Human Sam built Nature Reserve for WOLF
Human Frank built Nature Reserve for WOLF
Human Zane built Nature Reserve for WOLF
Human Uma built Nature Reserve for WOLF
Human Bob built Nature Reserve for WOLF
Human Xander built Nature Reserve for WOLF
Human Yara built Nature Reserve for WOLF
Human Eve built Nature Reserve for WOLF
Human Eve built Nature Reserve for WOLF
Human Zane built Nature Reserve for WOLF
Human Milo built Nature Reserve for WOLF
Human Bob built Nature Reserve for WOLF
Human Luna built Nature Reserve for WOLF
Human Zane built Nature Reserve for WOLF
Human Pip built Nature Reserve for WOLF
Human Frank built Nature Reserve for WOLF
Human Alice built Nature Reserve for WOLF
Human Zane built Nature Reserve for WOLF
Human Zane built Nature Reserve for WOLF
Human Nina built Nature Reserve for WOLF
Human Zane built Nature Reserve for WOLF
Human Bob built Nature Reserve for WOLF
Human Alice built Nature Reserve for WOLF
Human Ivy built Nature Reserve for WOLF
Human Luna built Nature Reserve for WOLF
Human Xander built Nature Reserve for WOLF
Human Zane built Nature Reserve for WOLF
Human Uma built Nature Reserve for WOLF
Human Eve built Nature Reserve for WOLF
Human Ruby built Nature Reserve for WOLF
Human Diana built Nature Reserve for WOLF
Human Zane built Nature Reserve for WOLF
Human Nina built Nature Reserve for WOLF
Human Eve built Nature Reserve for WOLF
Human Victor built Nature Reserve for WOLF
Human Bob built Nature Reserve for WOLF
Human Yara built Nature Reserve for WOLF
Human Uma built Nature Reserve for WOLF
Human Alice built Nature Reserve for WOLF
Human Charlie built Nature Reserve for WOLF
Human Eve built Nature Reserve for WOLF
Human Diana built Nature Reserve for WOLF
Human Eve built Nature Reserve for WOLF
Human Tina built Nature Reserve for WOLF
Human Eve built Nature Reserve for WOLF
Human Uma built Nature Reserve for WOLF
Human Frank built Nature Reserve for WOLF
Human Victor built Nature Reserve for WOLF
Human Bob built Nature Reserve for WOLF
Human Victor built Nature Reserve for WOLF
Human Ivy built Nature Reserve for WOLF
Human Milo built Nature Reserve for WOLF
Human Uma built Nature Reserve for WOLF
Human Alice built Nature Reserve for WOLF
Human Bob built Nature Reserve for WOLF
Human Quinn built Nature Reserve for WOLF
Human Ruby built Nature Reserve for WOLF
Human Wendy built Nature Reserve for WOLF
Human Pip built Nature Reserve for WOLF
Human Uma built Nature Reserve for WOLF
Human Frank built Nature Reserve for WOLF
Human Wendy built Nature Reserve for WOLF
Human Ivy built Nature Reserve for WOLF
Human Milo built Nature Reserve for WOLF
Human Diana built Nature Reserve for WOLF
Human Victor built Nature Reserve for WOLF
Human Jack built Nature Reserve for WOLF
Human Zane built Nature Reserve for WOLF
Human Nina built Nature Reserve for WOLF
Human Victor built Nature Reserve for WOLF
Human Nina built Nature Reserve for WOLF
Human Frank built Nature Reserve for WOLF
Human Eve built Nature Reserve for WOLF
Human Luna built Nature Reserve for WOLF
Human Ruby built Nature Reserve for WOLF
Human Ruby built Nature Reserve for WOLF
Human Alice built Nature Reserve for WOLF
Human Charlie built Nature Reserve for WOLF
Human Xander built Nature Reserve for WOLF
Human Alice built Nature Reserve for WOLF
Human Diana built Nature Reserve for WOLF
Human Victor built Nature Reserve for WOLF
Human Charlie built Nature Reserve for WOLF
Human Jack built Nature Reserve for WOLF
Human Jack built Nature Reserve for WOLF
Human Luna built Nature Reserve for WOLF
Human Yara built Nature Reserve for WOLF
Human Tina built Nature Reserve for WOLF
Human Milo built Nature Reserve for WOLF
Human Oscar built Nature Reserve for WOLF
Human Jack built Nature Reserve for WOLF
Human Jack built Nature Reserve for WOLF
Human Nina built Nature Reserve for WOLF
Human Alice built Nature Reserve for WOLF
Human Bob built Nature Reserve for WOLF
Human Hank built Nature Reserve for WOLF
Human Oscar built Nature Reserve for WOLF
Human Eve built Nature Reserve for WOLF
Human Luna built Nature Reserve for WOLF
Human Xander built Nature Reserve for WOLF
Human Milo built Nature Reserve for WOLF
Human Victor built Nature Reserve for WOLF
Human Victor built Nature Reserve for WOLF
Human Pip built Nature Reserve for WOLF
Human Alice built Nature Reserve for WOLF
Human Wendy built Nature Reserve for WOLF
Human Xander built Nature Reserve for WOLF
Human Hank built Nature Reserve for WOLF
Human Bob built Nature Reserve for WOLF
Human Charlie built Nature Reserve for WOLF
Human Hank built Nature Reserve for WOLF
Human Wendy built Nature Reserve for WOLF
Human Diana built Nature Reserve for WOLF
Human Quinn built Nature Reserve for WOLF
Human Diana built Nature Reserve for WOLF
Human Nina built Nature Reserve for WOLF
Human Xander built Nature Reserve for WOLF
Human Alice built Nature Reserve for WOLF
Human Xander built Nature Reserve for WOLF
Human Uma built Nature Reserve for WOLF
Human Jack built Nature Reserve for WOLF
Human Quinn built Nature Reserve for WOLF
Human Xander built Nature Reserve for WOLF
Human Xander built Nature Reserve for WOLF
Human Alice built Nature Reserve for WOLF
Human Grace built Nature Reserve for WOLF
Human Victor built Nature Reserve for WOLF
Human Bob built Nature Reserve for WOLF
Human Victor built Nature Reserve for WOLF
Human Sam built Nature Reserve for WOLF
Human Jack built Nature Reserve for WOLF
Human Frank built Nature Reserve for WOLF
Human Luna built Nature Reserve for WOLF
Human Ivy built Nature Reserve for WOLF
Human Xander built Nature Reserve for WOLF
Human Ivy built Nature Reserve for WOLF
Human Tina built Nature Reserve for WOLF
Human Charlie built Nature Reserve for WOLF
Human Bob built Nature Reserve for WOLF
Human Alice built Nature Reserve for WOLF
Human Xander built Nature Reserve for WOLF
Human Oscar built Nature Reserve for WOLF
Human Victor built Nature Reserve for WOLF
Human Alice built Nature Reserve for WOLF
Human Hank built Nature Reserve for WOLF
Human Pip built Nature Reserve for WOLF
Human Xander built Nature Reserve for WOLF
Human Luna built Nature Reserve for WOLF
Human Victor built Nature Reserve for WOLF
Human Frank built Nature Reserve for WOLF
Human Alice built Nature Reserve for WOLF
Human Bob built Nature Reserve for WOLF
Human Quinn built Nature Reserve for WOLF
Human Xander built Nature Reserve for WOLF
Human Alice built Nature Reserve for WOLF
Human Quinn built Nature Reserve for WOLF
Human Xander built Nature Reserve for WOLF
Human Jack built Nature Reserve for WOLF
Human Jack built Nature Reserve for WOLF
Human Ivy built Nature Reserve for WOLF
Human Tina built Nature Reserve for WOLF
Human Victor built Nature Reserve for WOLF
Human Nina built Nature Reserve for WOLF
Human Xander built Nature Reserve for WOLF
Human Jack built Nature Reserve for WOLF
Human Nina built Nature Reserve for WOLF
Human Xander built Nature Reserve for WOLF
Human Ivy built Nature Reserve for WOLF
Human Luna built Nature Reserve for WOLF
Human Bob built Nature Reserve for WOLF
Human Charlie built Nature Reserve for WOLF
Human Nina built Nature Reserve for WOLF
Human Victor built Nature Reserve for WOLF
Human Oscar built Nature Reserve for WOLF
Human Victor built Nature Reserve for WOLF
Human Eve built Nature Reserve for WOLF
Human Ivy built Nature Reserve for WOLF
Human Jack built Nature Reserve for WOLF
Human Eve built Nature Reserve for WOLF
Human Jack built Nature Reserve for WOLF
Human Luna built Nature Reserve for WOLF
Human Bob built Nature Reserve for WOLF
Human Sam built Nature Reserve for WOLF
Human Nina built Nature Reserve for WOLF
Human Charlie built Nature Reserve for WOLF
Human Pip built Nature Reserve for WOLF
Human Bob built Nature Reserve for WOLF
Human Bob built Nature Reserve for WOLF
Human Xander built Nature Reserve for WOLF
Human Eve built Nature Reserve for WOLF
Human Luna built Nature Reserve for WOLF
Human Tina built Nature Reserve for WOLF
Human Xander built Nature Reserve for WOLF
Human Ivy built Nature Reserve for WOLF
Human Ivy built Nature Reserve for WOLF
Human Pip built Nature Reserve for WOLF
Human Charlie built Nature Reserve for WOLF
Human Bob built Nature Reserve for WOLF
Human Pip built Nature Reserve for WOLF
Human Eve built Nature Reserve for WOLF
Human Jack built Nature Reserve for WOLF
Human Ivy built Nature Reserve for WOLF
Human Xander built Nature Reserve for WOLF
Human Wendy built Nature Reserve for WOLF
Human Jack built Nature Reserve for WOLF
Human Jack built Nature Reserve for WOLF
Human Pip built Nature Reserve for WOLF
Human Grace built Nature Reserve for WOLF
Human Victor built Nature Reserve for WOLF
Human Frank built Nature Reserve for WOLF
Human Zane built Nature Reserve for WOLF
Human Alice built Nature Reserve for WOLF
Human Xander built Nature Reserve for WOLF
Human Tina built Nature Reserve for WOLF
Human Oscar built Nature Reserve for WOLF
Human Jack built Nature Reserve for WOLF
Human Victor built Nature Reserve for WOLF
Human Milo built Nature Reserve for WOLF
Human Jack built Nature Reserve for WOLF
Human Tina built Nature Reserve for WOLF
Human Tina built Nature Reserve for WOLF
Human Xander built Nature Reserve for WOLF
Human Ivy built Nature Reserve for WOLF
Human Uma built Nature Reserve for WOLF
Human Diana built Nature Reserve for WOLF
Human Zane built Nature Reserve for WOLF
Human Alice built Nature Reserve for WOLF
Human Alice built Nature Reserve for WOLF
Human Wendy built Nature Reserve for WOLF
Human Ivy built Nature Reserve for WOLF
Human Bob built Nature Reserve for WOLF
Human Bob built Nature Reserve for WOLF
Human Bob built Nature Reserve for WOLF
Human Luna built Nature Reserve for WOLF
Human Bob built Nature Reserve for WOLF
Human Diana built Nature Reserve for WOLF
Human Ivy built Nature Reserve for WOLF
Human Eve built Nature Reserve for WOLF
Human Luna built Nature Reserve for WOLF
Human Wendy built Nature Reserve for WOLF
Human Eve built Nature Reserve for WOLF
Human Sam built Nature Reserve for WOLF
Human Nina built Nature Reserve for WOLF
Human Ruby built Nature Reserve for WOLF
Human Diana built Nature Reserve for WOLF
Human Sam built Nature Reserve for WOLF
Human Frank built Nature Reserve for WOLF
Human Jack built Nature Reserve for WOLF
Human Pip built Nature Reserve for WOLF
Human Wendy built Nature Reserve for WOLF
Human Pip built Nature Reserve for WOLF
Human Eve built Nature Reserve for WOLF
Human Luna built Nature Reserve for WOLF
Human Hank built Nature Reserve for WOLF
Human Charlie built Nature Reserve for WOLF
Human Zane built Nature Reserve for WOLF
Human Victor built Nature Reserve for WOLF
Human Frank built Nature Reserve for WOLF
Human Milo built Nature Reserve for WOLF
Human Alice built Nature Reserve for WOLF
Human Jack built Nature Reserve for WOLF
New Faction TEAL_321 registered with traits: {
  moveSpeed: [33m0.9867484485277881[39m,
  hungerRate: [33m1.0407340177621043[39m,
  visionRadius: [33m1.0714266777298573[39m,
  aggression: [33m1.0218400229445697[39m,
  heatTolerance: [33m0.9264927954822628[39m,
  coldTolerance: [33m1.018327574190483[39m
}
Societal Split! RED -> TEAL_321 (Threshold: 6)
Human Xander built Nature Reserve for WOLF
Human Uma built Nature Reserve for WOLF
Human Grace built Nature Reserve for WOLF
Human Alice built Nature Reserve for WOLF
Human Uma built Nature Reserve for WOLF
Human Uma built Nature Reserve for WOLF
Human Luna built Nature Reserve for WOLF
Human Pip built Nature Reserve for WOLF
Human Wendy built Nature Reserve for WOLF
Human Xander built Nature Reserve for WOLF
Human Ruby built Nature Reserve for WOLF
Human Alice built Nature Reserve for WOLF
Human Luna built Nature Reserve for WOLF
Human Hank built Nature Reserve for WOLF
Human Nina built Nature Reserve for WOLF
Human Sam built Nature Reserve for WOLF
Human Pip built Nature Reserve for WOLF
Human Tina built Nature Reserve for WOLF
Human Alice built Nature Reserve for WOLF
Human Sam built Nature Reserve for WOLF
Human Jack built Nature Reserve for WOLF
Human Victor built Nature Reserve for WOLF
Human Xander built Nature Reserve for WOLF
Human Charlie built Nature Reserve for WOLF
Human Yara built Nature Reserve for WOLF
Human Pip built Nature Reserve for WOLF
Human Charlie built Nature Reserve for WOLF
Human Nina built Nature Reserve for WOLF
Human Alice built Nature Reserve for WOLF
Human Jack built Nature Reserve for WOLF
Human Uma built Nature Reserve for WOLF
Human Yara built Nature Reserve for WOLF
Human Frank built Nature Reserve for WOLF
Human Yara built Nature Reserve for WOLF
Human Diana built Nature Reserve for WOLF
Human Pip built Nature Reserve for WOLF
Human Xander built Nature Reserve for WOLF
Human Ruby built Nature Reserve for WOLF
Human Uma built Nature Reserve for WOLF
Human Eve built Nature Reserve for WOLF
Human Sam built Nature Reserve for WOLF
Human Xander built Nature Reserve for WOLF
Human Bob built Nature Reserve for WOLF
Human Oscar built Nature Reserve for WOLF
Human Xander built Nature Reserve for WOLF
Human Luna built Nature Reserve for WOLF
Human Charlie built Nature Reserve for WOLF
Human Pip built Nature Reserve for WOLF
Human Quinn built Nature Reserve for WOLF
Human Charlie built Nature Reserve for WOLF
Human Eve built Nature Reserve for WOLF
Human Uma built Nature Reserve for WOLF
Human Zane built Nature Reserve for WOLF
Human Ruby built Nature Reserve for WOLF
New Faction PINK_455 registered with traits: {
  moveSpeed: [33m1.0036550673383646[39m,
  hungerRate: [33m1.0843598630109041[39m,
  visionRadius: [33m1.0509519739431166[39m,
  aggression: [33m1.0675745245717732[39m,
  heatTolerance: [33m0.9459792894847245[39m,
  coldTolerance: [33m0.987958565000228[39m
}
Societal Split! RED -> PINK_455 (Threshold: 6)
New Faction TEAL_796 registered with traits: {
  moveSpeed: [33m0.9097567662109167[39m,
  hungerRate: [33m0.9192276685564087[39m,
  visionRadius: [33m0.9680610958486192[39m,
  aggression: [33m0.9514922393871912[39m,
  heatTolerance: [33m1.0984699227833234[39m,
  coldTolerance: [33m0.973031232002867[39m
}
Societal Split! RED -> TEAL_796 (Threshold: 6)
New Faction TEAL_189 registered with traits: {
  moveSpeed: [33m0.9773411000117516[39m,
  hungerRate: [33m1.029758503938773[39m,
  visionRadius: [33m0.9883486896888206[39m,
  aggression: [33m1.004620822045786[39m,
  heatTolerance: [33m0.9070905206663813[39m,
  coldTolerance: [33m1.044404034706297[39m
}
Societal Split! RED -> TEAL_189 (Threshold: 6)
New Faction PURPLE_333 registered with traits: {
  moveSpeed: [33m0.9012361631413461[39m,
  hungerRate: [33m0.9222279616223075[39m,
  visionRadius: [33m0.9161347874679373[39m,
  aggression: [33m0.9232161303414028[39m,
  heatTolerance: [33m1.0958292234431373[39m,
  coldTolerance: [33m1.0085070712483863[39m
}
Societal Split! RED -> PURPLE_333 (Threshold: 6)
Human Frank built Nature Reserve for WOLF
Human Wendy built Nature Reserve for WOLF
Human Quinn built Nature Reserve for WOLF
Human Frank built Nature Reserve for WOLF
Human Hank built Nature Reserve for WOLF
Human Grace built Nature Reserve for WOLF
Human Zane built Nature Reserve for WOLF
Human Sam built Nature Reserve for WOLF
Human Quinn built Nature Reserve for WOLF
Human Tina built Nature Reserve for WOLF
Human Ivy built Nature Reserve for WOLF
Human Luna built Nature Reserve for WOLF
Human Bob built Nature Reserve for WOLF
Human Eve built Nature Reserve for WOLF
Human Wendy built Nature Reserve for WOLF
Human Jack built Nature Reserve for WOLF
Human Sam built Nature Reserve for WOLF
Human Eve built Nature Reserve for WOLF
Human Zane built Nature Reserve for WOLF
Human Eve built Nature Reserve for WOLF
Human Eve built Nature Reserve for WOLF
Human Hank built Nature Reserve for WOLF
Human Ivy built Nature Reserve for WOLF
Human Quinn built Nature Reserve for WOLF
Human Sam built Nature Reserve for WOLF
Human Ivy built Nature Reserve for WOLF
Human Quinn built Nature Reserve for WOLF
Human Yara built Nature Reserve for WOLF
Human Sam built Nature Reserve for WOLF
Human Xander built Nature Reserve for WOLF
Human Quinn built Nature Reserve for WOLF
Human Sam built Nature Reserve for WOLF
Human Ivy built Nature Reserve for WOLF
Human Grace built Nature Reserve for WOLF
Human Jack built Nature Reserve for WOLF
Human Quinn built Nature Reserve for WOLF
Human Sam built Nature Reserve for WOLF
Human Charlie built Nature Reserve for WOLF
Human Alice built Nature Reserve for WOLF
Human Xander built Nature Reserve for WOLF
Human Quinn built Nature Reserve for WOLF
Human Alice built Nature Reserve for WOLF
Human Bob built Nature Reserve for WOLF
Human Sam built Nature Reserve for WOLF
Human Wendy built Nature Reserve for WOLF
Human Sam built Nature Reserve for WOLF
Human Frank built Nature Reserve for WOLF
Human Quinn built Nature Reserve for WOLF
Human Sam built Nature Reserve for WOLF
Human Jack built Nature Reserve for WOLF
Human Quinn built Nature Reserve for WOLF
Human Quinn built Nature Reserve for WOLF
Human Wendy built Nature Reserve for WOLF
Human Jack built Nature Reserve for WOLF
Human Ivy built Nature Reserve for WOLF
Human Xander built Nature Reserve for WOLF
Human Zane built Nature Reserve for WOLF
Human Grace built Nature Reserve for WOLF
Human Sam built Nature Reserve for WOLF
Human Jack built Nature Reserve for WOLF
Human Zane built Nature Reserve for WOLF
Human Alice built Nature Reserve for WOLF
Human Wendy built Nature Reserve for WOLF
Human Sam built Nature Reserve for WOLF
Human Ivy built Nature Reserve for WOLF
Human Frank built Nature Reserve for WOLF
Human Luna built Nature Reserve for WOLF
Human Alice built Nature Reserve for WOLF
Human Jack built Nature Reserve for WOLF
Human Nina built Nature Reserve for WOLF
Human Ivy built Nature Reserve for WOLF
Human Sam built Nature Reserve for WOLF
Human Victor built Nature Reserve for WOLF
Human Charlie built Nature Reserve for WOLF
Human Nina built Nature Reserve for WOLF
Human Frank built Nature Reserve for WOLF
Human Ivy built Nature Reserve for WOLF
Human Quinn built Nature Reserve for WOLF
Human Yara built Nature Reserve for WOLF
Human Charlie built Nature Reserve for WOLF
Human Luna built Nature Reserve for WOLF
Human Wendy built Nature Reserve for WOLF
Human Alice built Nature Reserve for WOLF
Human Xander built Nature Reserve for WOLF
Human Ivy built Nature Reserve for WOLF
Human Wendy built Nature Reserve for WOLF
Human Quinn built Nature Reserve for WOLF
Human Nina built Nature Reserve for WOLF
Human Sam built Nature Reserve for WOLF
Human Jack built Nature Reserve for WOLF
Human Frank built Nature Reserve for WOLF
Human Nina built Nature Reserve for WOLF
Human Jack built Nature Reserve for WOLF
Human Ivy built Nature Reserve for WOLF
Human Eve built Nature Reserve for WOLF
Human Eve built Nature Reserve for WOLF
Human Zane built Nature Reserve for WOLF
Human Quinn built Nature Reserve for WOLF
Human Xander built Nature Reserve for WOLF
Human Jack built Nature Reserve for WOLF
Human Ivy built Nature Reserve for WOLF
Human Nina built Nature Reserve for WOLF
Human Sam built Nature Reserve for WOLF
Human Charlie built Nature Reserve for WOLF
Human Luna built Nature Reserve for WOLF
Human Alice built Nature Reserve for WOLF
Human Quinn built Nature Reserve for WOLF
Human Diana built Nature Reserve for WOLF
Human Ivy built Nature Reserve for WOLF
Human Ruby built Nature Reserve for WOLF
Human Luna built Nature Reserve for WOLF
Human Nina built Nature Reserve for WOLF
Human Sam built Nature Reserve for WOLF
Human Sam built Nature Reserve for WOLF
Human Ivy built Nature Reserve for WOLF
Human Milo built Nature Reserve for WOLF
Human Ivy built Nature Reserve for WOLF
Human Alice built Nature Reserve for WOLF
Human Sam built Nature Reserve for WOLF
Human Sam built Nature Reserve for WOLF
Human Jack built Nature Reserve for WOLF
Human Tina built Nature Reserve for WOLF
Human Nina built Nature Reserve for WOLF
Human Frank built Nature Reserve for WOLF
Human Luna built Nature Reserve for WOLF
New Faction ORANGE_854 registered with traits: {
  moveSpeed: [33m1.033546807516619[39m,
  hungerRate: [33m1.0599266772087703[39m,
  visionRadius: [33m1.0040131126773846[39m,
  aggression: [33m0.9809113068531174[39m,
  heatTolerance: [33m1.0344528271510878[39m,
  coldTolerance: [33m0.912222403677118[39m
}
Societal Split! RED -> ORANGE_854 (Threshold: 6)
New Faction TEAL_883 registered with traits: {
  moveSpeed: [33m0.9097572668924898[39m,
  hungerRate: [33m1.0761008991860834[39m,
  visionRadius: [33m1.054650119775866[39m,
  aggression: [33m1.0597155549523392[39m,
  heatTolerance: [33m1.0067911029957435[39m,
  coldTolerance: [33m1.0820352954672354[39m
}
Societal Split! RED -> TEAL_883 (Threshold: 6)
New Faction PURPLE_282 registered with traits: {
  moveSpeed: [33m0.975275970942506[39m,
  hungerRate: [33m1.0108449123934224[39m,
  visionRadius: [33m0.9636630680599989[39m,
  aggression: [33m1.0142973734823226[39m,
  heatTolerance: [33m1.0129038650272786[39m,
  coldTolerance: [33m1.0453400307108098[39m
}
Societal Split! RED -> PURPLE_282 (Threshold: 6)
New Faction INDIGO_553 registered with traits: {
  moveSpeed: [33m0.9753315470667222[39m,
  hungerRate: [33m0.9726944372808551[39m,
  visionRadius: [33m0.9739045713072146[39m,
  aggression: [33m1.0437128235027089[39m,
  heatTolerance: [33m1.0062712283267927[39m,
  coldTolerance: [33m0.9818679175569753[39m
}
Societal Split! RED -> INDIGO_553 (Threshold: 6)
Final population: 829

 [32m✓[39m src/engine/LongRun.test.js [2m([22m[2m1 test[22m[2m)[22m[33m 12605[2mms[22m[39m
     [33m[2m✓[22m[39m should run for 1000 ticks without crashing or exploding [33m 12600[2mms[22m[39m

[2m Test Files [22m [1m[32m2 passed[39m[22m[90m (2)[39m
[2m      Tests [22m [1m[32m4 passed[39m[22m[90m (4)[39m
[2m   Start at [22m 22:10:41
[2m   Duration [22m 13.04s

[1m[42m PASS [49m[22m [32mWaiting for file changes...[39m
       [2mpress [22m[1mh[22m[2m to show help[22m[2m, [22m[2mpress [22m[1mq[22m[2m to quit[22m
c[3J[1m[44m RERUN [49m[22m [34m[2msrc/engine/Config.js [22m[39m
       [2m Filename pattern: [22m[34msrc/engine/StatsDrift.test.js, run[39m


[31m⎯⎯⎯⎯⎯⎯[39m[1m[41m Failed Suites 2 [49m[22m[31m⎯⎯⎯⎯⎯⎯⎯[39m

[41m[1m FAIL [22m[49m src/engine/StatsDrift.test.js[2m [ src/engine/StatsDrift.test.js ][22m
[41m[1m FAIL [22m[49m src/engine/LongRun.test.js[2m [ src/engine/LongRun.test.js ][22m
[31m[1mRollupError[22m: Parse failure: Expected ',', got 'TOTEM'
At file: /src/engine/Config.js:84:8[39m
  File: [36m/src/engine/Config.js[39m:84:8
[33m  82 |              LIFESPAN: 2000,
  83 |          }
  84 |          TOTEM: {
     |          ^
  85 |              COST: 10,
  86 |              RADIUS: 15,[39m
[90m [2m❯[22m getRollupError node_modules/rollup/dist/es/shared/parseAst.js:[2m401:41[22m[39m
[90m [2m❯[22m convertProgram node_modules/rollup/dist/es/shared/parseAst.js:[2m1098:26[22m[39m
[90m [2m❯[22m parseAstAsync node_modules/rollup/dist/es/shared/parseAst.js:[2m2084:106[22m[39m
[90m [2m❯[22m ssrTransformScript node_modules/vite/dist/node/chunks/config.js:[2m16010:9[22m[39m
[90m [2m❯[22m loadAndTransform node_modules/vite/dist/node/chunks/config.js:[2m23318:64[22m[39m

[31m[2m⎯⎯⎯⎯⎯⎯⎯⎯⎯⎯⎯⎯⎯⎯⎯⎯⎯⎯⎯⎯⎯⎯⎯⎯[1/2]⎯[22m[39m


[2m Test Files [22m [1m[31m2 failed[39m[22m[90m (2)[39m
[2m      Tests [22m [2mno tests[22m
[2m   Start at [22m 22:13:15
[2m   Duration [22m 0ms

[1m[41m FAIL [49m[22m [31mTests failed. Watching for file changes...[39m
       [2mpress [22m[1mh[22m[2m to show help[22m[2m, [22m[2mpress [22m[1mq[22m[2m to quit[22m
c[3J[1m[44m RERUN [49m[22m [34m[2msrc/engine/Config.js [22m[39m
       [2m Filename pattern: [22m[34msrc/engine/StatsDrift.test.js, run[39m


[31m⎯⎯⎯⎯⎯⎯[39m[1m[41m Failed Suites 2 [49m[22m[31m⎯⎯⎯⎯⎯⎯⎯[39m

[41m[1m FAIL [22m[49m src/engine/StatsDrift.test.js[2m [ src/engine/StatsDrift.test.js ][22m
[41m[1m FAIL [22m[49m src/engine/LongRun.test.js[2m [ src/engine/LongRun.test.js ][22m
[31m[1mError[22m: Failed to parse source for import analysis because the content contains invalid JS syntax. If you are using JSX, make sure to name the file with the .jsx or .tsx extension.[39m
  Plugin: [35mvite:import-analysis[39m
  File: [36m/home/ewrdad/portfolio/life-simulator/src/engine/Config.js[39m:1:0
[33m  1  |  export const CONFIG = {
     |  ^
  2  |      WORLD: {
  3  |          WIDTH_SCALE: 15, // Cell size in pixels[39m
[90m [2m❯[22m TransformPluginContext._formatLog node_modules/vite/dist/node/chunks/config.js:[2m29618:43[22m[39m
[90m [2m❯[22m TransformPluginContext.error node_modules/vite/dist/node/chunks/config.js:[2m29615:14[22m[39m
[90m [2m❯[22m TransformPluginContext.transform node_modules/vite/dist/node/chunks/config.js:[2m27701:10[22m[39m
[90m [2m❯[22m EnvironmentPluginContainer.transform node_modules/vite/dist/node/chunks/config.js:[2m29416:14[22m[39m
[90m [2m❯[22m loadAndTransform node_modules/vite/dist/node/chunks/config.js:[2m23287:26[22m[39m

[31m[2m⎯⎯⎯⎯⎯⎯⎯⎯⎯⎯⎯⎯⎯⎯⎯⎯⎯⎯⎯⎯⎯⎯⎯⎯[1/2]⎯[22m[39m


[2m Test Files [22m [1m[31m2 failed[39m[22m[90m (2)[39m
[2m      Tests [22m [2mno tests[22m
[2m   Start at [22m 22:13:47
[2m   Duration [22m 0ms

[1m[41m FAIL [49m[22m [31mTests failed. Watching for file changes...[39m
       [2mpress [22m[1mh[22m[2m to show help[22m[2m, [22m[2mpress [22m[1mq[22m[2m to quit[22m
c[3J[1m[44m RERUN [49m[22m [34m[2msrc/engine/Config.js [22m[39m
       [2m Filename pattern: [22m[34msrc/engine/StatsDrift.test.js, run[39m


[31m⎯⎯⎯⎯⎯⎯[39m[1m[41m Failed Suites 2 [49m[22m[31m⎯⎯⎯⎯⎯⎯⎯[39m

[41m[1m FAIL [22m[49m src/engine/StatsDrift.test.js[2m [ src/engine/StatsDrift.test.js ][22m
[41m[1m FAIL [22m[49m src/engine/LongRun.test.js[2m [ src/engine/LongRun.test.js ][22m
[31m[1mError[22m: Failed to parse source for import analysis because the content contains invalid JS syntax. If you are using JSX, make sure to name the file with the .jsx or .tsx extension.[39m
  Plugin: [35mvite:import-analysis[39m
  File: [36m/home/ewrdad/portfolio/life-simulator/src/engine/Config.js[39m:1:0
[33m  1  |  export const CONFIG = {
     |  ^
  2  |      WORLD: {
  3  |          WIDTH_SCALE: 15, // Cell size in pixels[39m
[90m [2m❯[22m TransformPluginContext._formatLog node_modules/vite/dist/node/chunks/config.js:[2m29618:43[22m[39m
[90m [2m❯[22m TransformPluginContext.error node_modules/vite/dist/node/chunks/config.js:[2m29615:14[22m[39m
[90m [2m❯[22m TransformPluginContext.transform node_modules/vite/dist/node/chunks/config.js:[2m27701:10[22m[39m
[90m [2m❯[22m EnvironmentPluginContainer.transform node_modules/vite/dist/node/chunks/config.js:[2m29416:14[22m[39m
[90m [2m❯[22m loadAndTransform node_modules/vite/dist/node/chunks/config.js:[2m23287:26[22m[39m

[31m[2m⎯⎯⎯⎯⎯⎯⎯⎯⎯⎯⎯⎯⎯⎯⎯⎯⎯⎯⎯⎯⎯⎯⎯⎯[1/2]⎯[22m[39m


[2m Test Files [22m [1m[31m2 failed[39m[22m[90m (2)[39m
[2m      Tests [22m [2mno tests[22m
[2m   Start at [22m 22:14:18
[2m   Duration [22m 0ms

[1m[41m FAIL [49m[22m [31mTests failed. Watching for file changes...[39m
       [2mpress [22m[1mh[22m[2m to show help[22m[2m, [22m[2mpress [22m[1mq[22m[2m to quit[22m
c[3J[1m[44m RERUN [49m[22m [34m[2msrc/engine/Config.js [22m[39m
       [2m Filename pattern: [22m[34msrc/engine/StatsDrift.test.js, run[39m


[31m⎯⎯⎯⎯⎯⎯[39m[1m[41m Failed Suites 2 [49m[22m[31m⎯⎯⎯⎯⎯⎯⎯[39m

[41m[1m FAIL [22m[49m src/engine/StatsDrift.test.js[2m [ src/engine/StatsDrift.test.js ][22m
[41m[1m FAIL [22m[49m src/engine/LongRun.test.js[2m [ src/engine/LongRun.test.js ][22m
[31m[1mError[22m: Failed to parse source for import analysis because the content contains invalid JS syntax. If you are using JSX, make sure to name the file with the .jsx or .tsx extension.[39m
  Plugin: [35mvite:import-analysis[39m
  File: [36m/home/ewrdad/portfolio/life-simulator/src/engine/Config.js[39m:1:0
[33m  1  |  export const CONFIG = {
     |  ^
  2  |      WORLD: {
  3  |          WIDTH_SCALE: 15, // Cell size in pixels[39m
[90m [2m❯[22m TransformPluginContext._formatLog node_modules/vite/dist/node/chunks/config.js:[2m29618:43[22m[39m
[90m [2m❯[22m TransformPluginContext.error node_modules/vite/dist/node/chunks/config.js:[2m29615:14[22m[39m
[90m [2m❯[22m TransformPluginContext.transform node_modules/vite/dist/node/chunks/config.js:[2m27701:10[22m[39m
[90m [2m❯[22m EnvironmentPluginContainer.transform node_modules/vite/dist/node/chunks/config.js:[2m29416:14[22m[39m
[90m [2m❯[22m loadAndTransform node_modules/vite/dist/node/chunks/config.js:[2m23287:26[22m[39m

[31m[2m⎯⎯⎯⎯⎯⎯⎯⎯⎯⎯⎯⎯⎯⎯⎯⎯⎯⎯⎯⎯⎯⎯⎯⎯[1/2]⎯[22m[39m


[2m Test Files [22m [1m[31m2 failed[39m[22m[90m (2)[39m
[2m      Tests [22m [2mno tests[22m
[2m   Start at [22m 22:14:43
[2m   Duration [22m 0ms

[1m[41m FAIL [49m[22m [31mTests failed. Watching for file changes...[39m
       [2mpress [22m[1mh[22m[2m to show help[22m[2m, [22m[2mpress [22m[1mq[22m[2m to quit[22m
c[3J[1m[44m RERUN [49m[22m [34m[2msrc/engine/Config.js [22m[39m
       [2m Filename pattern: [22m[34msrc/engine/StatsDrift.test.js, run[39m

 [32m✓[39m src/engine/StatsDrift.test.js [2m([22m[2m3 tests[22m[2m)[22m[32m 60[2mms[22m[39m
[90mstdout[2m | src/engine/LongRun.test.js[2m > [22m[2mLong Run Stability[2m > [22m[2mshould run for 1000 ticks without crashing or exploding
[22m[39mCow Endangered Reproduction!
Cow Endangered Reproduction!
Cow Endangered Reproduction!
Cow Endangered Reproduction!
Cow Endangered Reproduction!
Cow Endangered Reproduction!
Cow Endangered Reproduction!
Cow Endangered Reproduction!
Cow Endangered Reproduction!
Cow Endangered Reproduction!
Cow Endangered Reproduction!
Cow Endangered Reproduction!
Cow Endangered Reproduction!
Cow Endangered Reproduction!
Cow Endangered Reproduction!
Cow Endangered Reproduction!
Cow Endangered Reproduction!
Cow Endangered Reproduction!
Cow Endangered Reproduction!
Cow Endangered Reproduction!
Cow Endangered Reproduction!
Cow Endangered Reproduction!
Cow Endangered Reproduction!
Cow Endangered Reproduction!
Cow Endangered Reproduction!
Cow Endangered Reproduction!
Cow Endangered Reproduction!
Cow Endangered Reproduction!
Cow Endangered Reproduction!
Cow Endangered Reproduction!
Human Nina built Nature Reserve for WOLF
Human Pip built Nature Reserve for WOLF
Human Sam built Nature Reserve for WOLF
Human Charlie built Nature Reserve for WOLF
Human Hank built Nature Reserve for WOLF
Human Ruby built Nature Reserve for WOLF
Human Sam built Nature Reserve for WOLF
Human Ivy built Nature Reserve for WOLF
Human Alice built Nature Reserve for WOLF
Human Uma built Nature Reserve for WOLF
Human Victor built Nature Reserve for WOLF
Human Luna built Nature Reserve for WOLF
Human Quinn built Nature Reserve for WOLF
Human Bob built Nature Reserve for WOLF
Human Victor built Nature Reserve for WOLF
Human Zane built Nature Reserve for WOLF
Human Sam built Nature Reserve for WOLF
Human Hank built Nature Reserve for WOLF
Human Grace built Nature Reserve for WOLF
Human Luna built Nature Reserve for WOLF
Human Uma built Nature Reserve for WOLF
Human Luna built Nature Reserve for WOLF
Human Alice built Nature Reserve for WOLF
Human Bob built Nature Reserve for WOLF
Human Ruby built Nature Reserve for WOLF
Human Milo built Nature Reserve for WOLF
Human Nina built Nature Reserve for WOLF
Human Alice built Nature Reserve for WOLF
Human Sam built Nature Reserve for WOLF
Human Grace built Nature Reserve for WOLF
Human Zane built Nature Reserve for WOLF
Human Charlie built Nature Reserve for WOLF
Human Victor built Nature Reserve for WOLF
Human Diana built Nature Reserve for WOLF
Human Quinn built Nature Reserve for WOLF
Human Bob built Nature Reserve for WOLF
Human Charlie built Nature Reserve for WOLF
Human Tina built Nature Reserve for WOLF
Human Uma built Nature Reserve for WOLF
Human Zane built Nature Reserve for WOLF
Human Victor built Nature Reserve for WOLF
Human Charlie built Nature Reserve for WOLF
Human Milo built Nature Reserve for WOLF
Human Zane built Nature Reserve for WOLF
Human Bob built Nature Reserve for WOLF
Human Uma built Nature Reserve for WOLF
Human Bob built Nature Reserve for WOLF
Human Frank built Nature Reserve for WOLF
Human Tina built Nature Reserve for WOLF
Human Victor built Nature Reserve for WOLF
Human Nina built Nature Reserve for WOLF
Human Luna built Nature Reserve for WOLF
Human Oscar built Nature Reserve for WOLF
Human Victor built Nature Reserve for WOLF
Human Pip built Nature Reserve for WOLF
Human Luna built Nature Reserve for WOLF
Human Nina built Nature Reserve for WOLF
Human Jack built Nature Reserve for WOLF
Human Ivy built Nature Reserve for WOLF
Human Jack built Nature Reserve for WOLF
Human Quinn built Nature Reserve for WOLF
Human Bob built Nature Reserve for WOLF
Human Ruby built Nature Reserve for WOLF
Human Ruby built Nature Reserve for WOLF
Human Milo built Nature Reserve for WOLF
Human Victor built Nature Reserve for WOLF
Human Sam built Nature Reserve for WOLF
Human Pip built Nature Reserve for WOLF
Human Nina built Nature Reserve for WOLF
Human Quinn built Nature Reserve for WOLF
Human Victor built Nature Reserve for WOLF
Human Jack built Nature Reserve for WOLF
Human Quinn built Nature Reserve for WOLF
Human Quinn built Nature Reserve for WOLF
Human Sam built Nature Reserve for WOLF
Human Alice built Nature Reserve for WOLF
Human Bob built Nature Reserve for WOLF
Human Frank built Nature Reserve for WOLF
Human Alice built Nature Reserve for WOLF
Human Bob built Nature Reserve for WOLF
Human Luna built Nature Reserve for WOLF
Human Nina built Nature Reserve for WOLF
Human Milo built Nature Reserve for WOLF
Human Zane built Nature Reserve for WOLF
Human Ivy built Nature Reserve for WOLF
Human Victor built Nature Reserve for WOLF
Human Uma built Nature Reserve for WOLF
Cow Endangered Reproduction!
Human Victor built Nature Reserve for COW
Cow Endangered Reproduction!
Human Victor built Nature Reserve for COW
Human Jack built Nature Reserve for COW
Human Victor built Nature Reserve for COW
Human Milo built Nature Reserve for COW
Human Frank built Nature Reserve for COW
Cow Endangered Reproduction!
Cow Endangered Reproduction!
Cow Endangered Reproduction!
Cow Endangered Reproduction!
Cow Endangered Reproduction!
Human Oscar built Nature Reserve for COW
Cow Endangered Reproduction!
Human Hank built Nature Reserve for COW
Human Quinn built Nature Reserve for COW
Cow Endangered Reproduction!
Human Alice built Nature Reserve for COW
Human Xander built Nature Reserve for COW
Human Tina built Nature Reserve for COW
Cow Endangered Reproduction!
Cow Endangered Reproduction!
Human Nina built Nature Reserve for COW
Cow Endangered Reproduction!
Human Tina built Nature Reserve for COW
Human Ivy built Nature Reserve for COW
Human Xander built Nature Reserve for COW
Human Hank built Nature Reserve for COW
Cow Endangered Reproduction!
New Faction PURPLE_864 registered with traits: {
  moveSpeed: [33m0.9718678854130245[39m,
  hungerRate: [33m1.019352605782228[39m,
  visionRadius: [33m1.0739640740285503[39m,
  aggression: [33m0.9474432821225263[39m,
  heatTolerance: [33m1.0009998414030334[39m,
  coldTolerance: [33m0.9123871253944508[39m
}
Societal Split! BLUE -> PURPLE_864 (Threshold: 6)
New Faction ORANGE_598 registered with traits: {
  moveSpeed: [33m0.9392788612186371[39m,
  hungerRate: [33m1.0711063250976154[39m,
  visionRadius: [33m1.0158526537038017[39m,
  aggression: [33m0.9220782834149719[39m,
  heatTolerance: [33m1.0092939142069304[39m,
  coldTolerance: [33m0.9875551677969875[39m
}
Societal Split! BLUE -> ORANGE_598 (Threshold: 6)
New Faction LIME_791 registered with traits: {
  moveSpeed: [33m0.9667792640947461[39m,
  hungerRate: [33m0.972195476627898[39m,
  visionRadius: [33m1.0801522716455885[39m,
  aggression: [33m1.0887220214475684[39m,
  heatTolerance: [33m0.9614923799170303[39m,
  coldTolerance: [33m0.9471213224770801[39m
}
Societal Split! BLUE -> LIME_791 (Threshold: 6)
New Faction PINK_328 registered with traits: {
  moveSpeed: [33m0.9950176263172105[39m,
  hungerRate: [33m1.0355159641016245[39m,
  visionRadius: [33m1.05846381469154[39m,
  aggression: [33m0.9195583938302265[39m,
  heatTolerance: [33m1.001846821746147[39m,
  coldTolerance: [33m1.0124854583928935[39m
}
Societal Split! BLUE -> PINK_328 (Threshold: 6)
Cow Endangered Reproduction!
Cow Endangered Reproduction!
Cow Endangered Reproduction!
Cow Endangered Reproduction!
Cow Endangered Reproduction!
New Faction PURPLE_787 registered with traits: {
  moveSpeed: [33m1.0127419306688599[39m,
  hungerRate: [33m1.0818046258325396[39m,
  visionRadius: [33m1.0157160502767772[39m,
  aggression: [33m0.992529560145432[39m,
  heatTolerance: [33m0.9570277611329995[39m,
  coldTolerance: [33m1.0117222474480392[39m
}
Societal Split! BLUE -> PURPLE_787 (Threshold: 6)
Cow Endangered Reproduction!
Cow Endangered Reproduction!
Cow Endangered Reproduction!
Cow Endangered Reproduction!
Cow Endangered Reproduction!
Cow Endangered Reproduction!
Cow Endangered Reproduction!
Cow Endangered Reproduction!
Cow Endangered Reproduction!
Cow Endangered Reproduction!
Human Wendy built Nature Reserve for COW
Cow Endangered Reproduction!
Human Diana built Nature Reserve for WOLF
Human Ivy built Nature Reserve for WOLF
Human Bob built Nature Reserve for WOLF
Human Eve built Nature Reserve for WOLF
Human Charlie built Nature Reserve for WOLF
Human Sam built Nature Reserve for WOLF
Human Pip built Nature Reserve for WOLF
Human Jack built Nature Reserve for WOLF
Human Wendy built Nature Reserve for WOLF
Human Grace built Nature Reserve for WOLF
Human Jack built Nature Reserve for WOLF
Human Pip built Nature Reserve for WOLF
Human Luna built Nature Reserve for WOLF
Human Luna built Nature Reserve for WOLF
Human Xander built Nature Reserve for WOLF
Human Nina built Nature Reserve for WOLF
Human Quinn built Nature Reserve for WOLF
Human Hank built Nature Reserve for WOLF
Human Yara built Nature Reserve for WOLF
Human Ivy built Nature Reserve for WOLF
Human Diana built Nature Reserve for WOLF
Human Pip built Nature Reserve for WOLF
Human Tina built Nature Reserve for WOLF
Human Hank built Nature Reserve for WOLF
Human Ivy built Nature Reserve for WOLF
Human Nina built Nature Reserve for WOLF
Human Victor built Nature Reserve for WOLF
Human Ivy built Nature Reserve for WOLF
Human Eve built Nature Reserve for WOLF
Human Diana built Nature Reserve for WOLF
Human Ivy built Nature Reserve for WOLF
Human Sam built Nature Reserve for WOLF
Human Frank built Nature Reserve for WOLF
Human Luna built Nature Reserve for WOLF
Human Uma built Nature Reserve for WOLF
Human Luna built Nature Reserve for WOLF
Human Hank built Nature Reserve for WOLF
Human Oscar built Nature Reserve for WOLF
Human Tina built Nature Reserve for WOLF
Human Wendy built Nature Reserve for WOLF
Human Diana built Nature Reserve for WOLF
Human Tina built Nature Reserve for WOLF
Human Charlie built Nature Reserve for WOLF
Human Diana built Nature Reserve for WOLF
Human Jack built Nature Reserve for WOLF
Human Nina built Nature Reserve for WOLF
Human Nina built Nature Reserve for WOLF
Human Jack built Nature Reserve for WOLF
Human Hank built Nature Reserve for WOLF
Human Bob built Nature Reserve for WOLF
Human Frank built Nature Reserve for WOLF
Human Wendy built Nature Reserve for WOLF
Human Alice built Nature Reserve for WOLF
Human Sam built Nature Reserve for WOLF
Human Wendy built Nature Reserve for WOLF
Human Ruby built Nature Reserve for WOLF
Human Grace built Nature Reserve for WOLF
Human Zane built Nature Reserve for WOLF
Human Yara built Nature Reserve for WOLF
Human Nina built Nature Reserve for WOLF
Human Charlie built Nature Reserve for WOLF
Human Tina built Nature Reserve for WOLF
Human Ruby built Nature Reserve for WOLF
Human Ruby built Nature Reserve for WOLF
Human Luna built Nature Reserve for WOLF
Human Bob built Nature Reserve for WOLF
Human Tina built Nature Reserve for WOLF
Human Nina built Nature Reserve for WOLF
Human Grace built Nature Reserve for WOLF
Human Quinn built Nature Reserve for WOLF
Human Uma built Nature Reserve for WOLF
Human Oscar built Nature Reserve for WOLF
Human Xander built Nature Reserve for WOLF
Human Hank built Nature Reserve for WOLF
Human Victor built Nature Reserve for WOLF
Human Ivy built Nature Reserve for WOLF
Human Ruby built Nature Reserve for WOLF
Human Wendy built Nature Reserve for WOLF
Human Hank built Nature Reserve for WOLF
Human Yara built Nature Reserve for WOLF
Human Hank built Nature Reserve for WOLF
Human Xander built Nature Reserve for WOLF
Human Zane built Nature Reserve for WOLF
Human Jack built Nature Reserve for WOLF
Human Pip built Nature Reserve for WOLF
Human Charlie built Nature Reserve for WOLF
Human Victor built Nature Reserve for WOLF
Human Grace built Nature Reserve for WOLF
Human Oscar built Nature Reserve for WOLF
Human Ivy built Nature Reserve for WOLF
Human Yara built Nature Reserve for WOLF
Human Jack built Nature Reserve for WOLF
Human Xander built Nature Reserve for WOLF
Human Frank built Nature Reserve for WOLF
Human Bob built Nature Reserve for WOLF
Human Ivy built Nature Reserve for WOLF
Human Yara built Nature Reserve for WOLF
Human Nina built Nature Reserve for WOLF
Human Ruby built Nature Reserve for WOLF
Human Charlie built Nature Reserve for WOLF
Human Tina built Nature Reserve for WOLF
Human Nina built Nature Reserve for WOLF
Human Oscar built Nature Reserve for WOLF
Human Nina built Nature Reserve for WOLF
Human Tina built Nature Reserve for WOLF
Human Victor built Nature Reserve for WOLF
Human Zane built Nature Reserve for WOLF
Human Victor built Nature Reserve for WOLF
Human Ivy built Nature Reserve for WOLF
Human Eve built Nature Reserve for WOLF
Human Hank built Nature Reserve for WOLF
Human Oscar built Nature Reserve for WOLF
Human Alice built Nature Reserve for WOLF
Human Hank built Nature Reserve for WOLF
New Faction TEAL_444 registered with traits: {
  moveSpeed: [33m0.996886766842721[39m,
  hungerRate: [33m0.9577067915435755[39m,
  visionRadius: [33m1.0737322788445605[39m,
  aggression: [33m0.9869055025747702[39m,
  heatTolerance: [33m0.9917710248535415[39m,
  coldTolerance: [33m1.0553431001129538[39m
}
Societal Split! BLUE -> TEAL_444 (Threshold: 6)
New Faction LIME_724 registered with traits: {
  moveSpeed: [33m1.0457456760690318[39m,
  hungerRate: [33m1.0960502380463413[39m,
  visionRadius: [33m1.0954890186220778[39m,
  aggression: [33m1.0536289159606742[39m,
  heatTolerance: [33m0.9406787166885999[39m,
  coldTolerance: [33m1.0018654453421634[39m
}
Societal Split! BLUE -> LIME_724 (Threshold: 6)
New Faction TEAL_342 registered with traits: {
  moveSpeed: [33m1.063390258596683[39m,
  hungerRate: [33m0.9085687290954552[39m,
  visionRadius: [33m1.0424109084172135[39m,
  aggression: [33m1.0661355115567621[39m,
  heatTolerance: [33m1.0816076884611794[39m,
  coldTolerance: [33m1.097881215960598[39m
}
Societal Split! BLUE -> TEAL_342 (Threshold: 6)
New Faction INDIGO_223 registered with traits: {
  moveSpeed: [33m1.0340280400119044[39m,
  hungerRate: [33m0.9637081089495292[39m,
  visionRadius: [33m1.0332040861735505[39m,
  aggression: [33m0.9044516562226895[39m,
  heatTolerance: [33m1.08146341512597[39m,
  coldTolerance: [33m0.9004566890546051[39m
}
Societal Split! BLUE -> INDIGO_223 (Threshold: 6)
New Faction TEAL_646 registered with traits: {
  moveSpeed: [33m0.9869503811308116[39m,
  hungerRate: [33m0.9453006017769016[39m,
  visionRadius: [33m1.0667931202599235[39m,
  aggression: [33m1.0832745080893098[39m,
  heatTolerance: [33m0.9774543371799189[39m,
  coldTolerance: [33m1.0161011961460051[39m
}
Societal Split! BLUE -> TEAL_646 (Threshold: 6)
Cow Endangered Reproduction!
Cow Endangered Reproduction!
Human Zane built Nature Reserve for COW
Cow Endangered Reproduction!
Cow Endangered Reproduction!
Cow Endangered Reproduction!
Cow Endangered Reproduction!
Cow Endangered Reproduction!
New Faction PURPLE_221 registered with traits: {
  moveSpeed: [33m1.0481177002093247[39m,
  hungerRate: [33m1.0665774897147362[39m,
  visionRadius: [33m1.060343590897717[39m,
  aggression: [33m0.9943250507789757[39m,
  heatTolerance: [33m1.0495831976609158[39m,
  coldTolerance: [33m0.9958486256556347[39m
}
Societal Split! BLUE -> PURPLE_221 (Threshold: 6)
New Faction TEAL_672 registered with traits: {
  moveSpeed: [33m1.0391894011497906[39m,
  hungerRate: [33m1.0412669579261193[39m,
  visionRadius: [33m1.052391452151796[39m,
  aggression: [33m0.9414569678532182[39m,
  heatTolerance: [33m0.9137013412629639[39m,
  coldTolerance: [33m1.0391209027300763[39m
}
Societal Split! BLUE -> TEAL_672 (Threshold: 6)
Human Uma built Nature Reserve for COW
Human Ruby built Nature Reserve for COW
Human Eve built Nature Reserve for COW
Human Yara built Nature Reserve for COW
Cow Endangered Reproduction!
Cow Endangered Reproduction!
Cow Endangered Reproduction!
New Faction TEAL_817 registered with traits: {
  moveSpeed: [33m1.0091817853716534[39m,
  hungerRate: [33m1.0042147844632494[39m,
  visionRadius: [33m0.9903561708525924[39m,
  aggression: [33m0.979766549249844[39m,
  heatTolerance: [33m0.9293748185182487[39m,
  coldTolerance: [33m1.003727693042744[39m
}
Societal Split! BLUE -> TEAL_817 (Threshold: 6)
Human Victor built Nature Reserve for COW
Cow Endangered Reproduction!
Cow Endangered Reproduction!
Cow Endangered Reproduction!
Human Nina built Nature Reserve for COW
Human Ivy built Nature Reserve for COW
Cow Endangered Reproduction!
Human Luna built Nature Reserve for COW
Cow Endangered Reproduction!
Cow Endangered Reproduction!
Human Pip built Nature Reserve for COW
Cow Endangered Reproduction!
Cow Endangered Reproduction!
Cow Endangered Reproduction!
Cow Endangered Reproduction!
Cow Endangered Reproduction!
Cow Endangered Reproduction!
Cow Endangered Reproduction!
Cow Endangered Reproduction!
Cow Endangered Reproduction!
Cow Endangered Reproduction!
Cow Endangered Reproduction!
Human Diana built Nature Reserve for COW
Cow Endangered Reproduction!
Cow Endangered Reproduction!
Human Eve built Nature Reserve for COW
Human Zane built Nature Reserve for COW
Human Grace built Nature Reserve for COW
Human Oscar built Nature Reserve for COW
Human Zane built Nature Reserve for COW
Human Xander built Nature Reserve for COW
Human Ivy built Nature Reserve for COW
Human Frank built Nature Reserve for COW
Human Ruby built Nature Reserve for COW
New Faction INDIGO_845 registered with traits: {
  moveSpeed: [33m0.937176611081186[39m,
  hungerRate: [33m0.9524592329682361[39m,
  visionRadius: [33m1.0769738568186342[39m,
  aggression: [33m1.0315624961415473[39m,
  heatTolerance: [33m1.0957217380777609[39m,
  coldTolerance: [33m1.0488826971914817[39m
}
Societal Split! BLUE -> INDIGO_845 (Threshold: 6)
Human Frank built Nature Reserve for COW
Cow Endangered Reproduction!
Cow Endangered Reproduction!
Cow Endangered Reproduction!
Cow Endangered Reproduction!
Cow Endangered Reproduction!
Cow Endangered Reproduction!
Human Grace built Nature Reserve for COW
Human Jack built Nature Reserve for COW
Human Bob built Nature Reserve for COW
Cow Endangered Reproduction!
Cow Endangered Reproduction!
New Faction TEAL_57 registered with traits: {
  moveSpeed: [33m1.088662230173192[39m,
  hungerRate: [33m0.9167822928413311[39m,
  visionRadius: [33m0.9070446769585426[39m,
  aggression: [33m1.0915461995939204[39m,
  heatTolerance: [33m0.9308823074848079[39m,
  coldTolerance: [33m1.0793396524285375[39m
}
Societal Split! BLUE -> TEAL_57 (Threshold: 6)
New Faction LIME_448 registered with traits: {
  moveSpeed: [33m0.9620291458390554[39m,
  hungerRate: [33m1.0627629501659321[39m,
  visionRadius: [33m0.938668767949697[39m,
  aggression: [33m0.915257953357326[39m,
  heatTolerance: [33m1.0908215484324335[39m,
  coldTolerance: [33m0.9502149022656438[39m
}
Societal Split! BLUE -> LIME_448 (Threshold: 6)
New Faction INDIGO_36 registered with traits: {
  moveSpeed: [33m1.090357470731575[39m,
  hungerRate: [33m0.957416932634035[39m,
  visionRadius: [33m1.0621284117283138[39m,
  aggression: [33m1.0901210656050355[39m,
  heatTolerance: [33m1.099031514126673[39m,
  coldTolerance: [33m1.0955325119024257[39m
}
Societal Split! BLUE -> INDIGO_36 (Threshold: 6)
New Faction ORANGE_209 registered with traits: {
  moveSpeed: [33m1.0260693057009411[39m,
  hungerRate: [33m1.0111982370479484[39m,
  visionRadius: [33m0.9150647457934358[39m,
  aggression: [33m0.9298462088370196[39m,
  heatTolerance: [33m0.9133167777646434[39m,
  coldTolerance: [33m1.0289898293226962[39m
}
Societal Split! BLUE -> ORANGE_209 (Threshold: 6)
New Faction TEAL_979 registered with traits: {
  moveSpeed: [33m0.9746827643532876[39m,
  hungerRate: [33m0.9007258569561306[39m,
  visionRadius: [33m0.974822950427197[39m,
  aggression: [33m0.9479688020708181[39m,
  heatTolerance: [33m0.9495946256300345[39m,
  coldTolerance: [33m0.9579272099046078[39m
}
Societal Split! BLUE -> TEAL_979 (Threshold: 6)
Human Ivy built Nature Reserve for WOLF
Human Oscar built Nature Reserve for WOLF
Human Charlie built Nature Reserve for WOLF
Human Diana built Nature Reserve for WOLF
Human Uma built Nature Reserve for WOLF
Human Alice built Nature Reserve for WOLF
Human Eve built Nature Reserve for WOLF
Human Ivy built Nature Reserve for WOLF
Human Sam built Nature Reserve for WOLF
Human Xander built Nature Reserve for WOLF
Human Yara built Nature Reserve for WOLF
Human Oscar built Nature Reserve for WOLF
Human Wendy built Nature Reserve for WOLF
Human Charlie built Nature Reserve for WOLF
Human Charlie built Nature Reserve for WOLF
Human Bob built Nature Reserve for WOLF
Human Sam built Nature Reserve for WOLF
Human Quinn built Nature Reserve for WOLF
Human Eve built Nature Reserve for WOLF
Human Wendy built Nature Reserve for WOLF
Human Frank built Nature Reserve for WOLF
Human Uma built Nature Reserve for WOLF
Human Quinn built Nature Reserve for WOLF
Human Zane built Nature Reserve for WOLF
Human Milo built Nature Reserve for WOLF
Human Bob built Nature Reserve for WOLF
Human Frank built Nature Reserve for WOLF
Human Eve built Nature Reserve for WOLF
Human Jack built Nature Reserve for WOLF
Human Quinn built Nature Reserve for WOLF
Human Milo built Nature Reserve for WOLF
Human Zane built Nature Reserve for WOLF
Human Jack built Nature Reserve for WOLF
Human Victor built Nature Reserve for WOLF
Human Grace built Nature Reserve for WOLF
Human Grace built Nature Reserve for WOLF
Human Oscar built Nature Reserve for WOLF
Human Uma built Nature Reserve for WOLF
Human Wendy built Nature Reserve for WOLF
Human Xander built Nature Reserve for WOLF
Human Diana built Nature Reserve for WOLF
Human Victor built Nature Reserve for WOLF
Human Eve built Nature Reserve for WOLF
Human Oscar built Nature Reserve for WOLF
Human Quinn built Nature Reserve for WOLF
Human Xander built Nature Reserve for WOLF
Human Oscar built Nature Reserve for WOLF
Human Wendy built Nature Reserve for WOLF
Human Ivy built Nature Reserve for WOLF
Human Jack built Nature Reserve for WOLF
Human Zane built Nature Reserve for WOLF
Human Pip built Nature Reserve for WOLF
Human Yara built Nature Reserve for WOLF
Human Alice built Nature Reserve for WOLF
Human Tina built Nature Reserve for WOLF
Human Uma built Nature Reserve for WOLF
Human Pip built Nature Reserve for WOLF
Human Frank built Nature Reserve for WOLF
Human Wendy built Nature Reserve for WOLF
Human Ivy built Nature Reserve for WOLF
Human Victor built Nature Reserve for WOLF
Human Diana built Nature Reserve for WOLF
Human Charlie built Nature Reserve for WOLF
Human Ivy built Nature Reserve for WOLF
Human Tina built Nature Reserve for WOLF
Human Zane built Nature Reserve for WOLF
Human Uma built Nature Reserve for WOLF
Human Sam built Nature Reserve for WOLF
Human Ivy built Nature Reserve for WOLF
Human Luna built Nature Reserve for WOLF
Human Ivy built Nature Reserve for WOLF
Human Zane built Nature Reserve for WOLF
Human Wendy built Nature Reserve for WOLF
Human Ruby built Nature Reserve for WOLF
Human Uma built Nature Reserve for WOLF
Human Oscar built Nature Reserve for WOLF
Human Victor built Nature Reserve for WOLF
Human Sam built Nature Reserve for WOLF
Human Luna built Nature Reserve for WOLF
Human Wendy built Nature Reserve for WOLF
Human Hank built Nature Reserve for WOLF
Human Quinn built Nature Reserve for WOLF
Human Pip built Nature Reserve for WOLF
Human Milo built Nature Reserve for WOLF
Human Bob built Nature Reserve for WOLF
Human Quinn built Nature Reserve for WOLF
Human Victor built Nature Reserve for WOLF
Human Zane built Nature Reserve for WOLF
Human Quinn built Nature Reserve for WOLF
Human Charlie built Nature Reserve for WOLF
Human Victor built Nature Reserve for WOLF
Human Milo built Nature Reserve for WOLF
Human Alice built Nature Reserve for WOLF
Human Sam built Nature Reserve for WOLF
Human Wendy built Nature Reserve for WOLF
Human Victor built Nature Reserve for WOLF
Human Ruby built Nature Reserve for WOLF
Human Quinn built Nature Reserve for WOLF
Human Alice built Nature Reserve for WOLF
Human Ivy built Nature Reserve for WOLF
Human Zane built Nature Reserve for WOLF
Human Quinn built Nature Reserve for WOLF
Human Diana built Nature Reserve for WOLF
Human Ruby built Nature Reserve for WOLF
Human Ivy built Nature Reserve for WOLF
Human Quinn built Nature Reserve for WOLF
Human Yara built Nature Reserve for WOLF
Human Uma built Nature Reserve for WOLF
Human Jack built Nature Reserve for WOLF
Human Diana built Nature Reserve for WOLF
Human Wendy built Nature Reserve for WOLF
Human Uma built Nature Reserve for WOLF
Human Ruby built Nature Reserve for WOLF
Human Ivy built Nature Reserve for WOLF
Human Milo built Nature Reserve for WOLF
Human Oscar built Nature Reserve for WOLF
Human Ruby built Nature Reserve for WOLF
Human Hank built Nature Reserve for WOLF
Final population: 808

 [32m✓[39m src/engine/LongRun.test.js [2m([22m[2m1 test[22m[2m)[22m[33m 10608[2mms[22m[39m
     [33m[2m✓[22m[39m should run for 1000 ticks without crashing or exploding [33m 10604[2mms[22m[39m

[2m Test Files [22m [1m[32m2 passed[39m[22m[90m (2)[39m
[2m      Tests [22m [1m[32m4 passed[39m[22m[90m (4)[39m
[2m   Start at [22m 22:19:22
[2m   Duration [22m 12.05s

[1m[42m PASS [49m[22m [32mWaiting for file changes...[39m
       [2mpress [22m[1mh[22m[2m to show help[22m[2m, [22m[2mpress [22m[1mq[22m[2m to quit[22m
